原子重排序算法（inertia_hungarian）验证工具
============================================================
找到 1 个测试数据集文件：
  - t1x_dataset.pkl

================================================================================
开始批量验证
================================================================================

验证数据集：t1x_dataset.pkl
成功加载数据集：t1x_dataset.pkl
======================================================================
开始验证重排序函数 | 测试样本数：10073
======================================================================
[test_sample_00000] [T1x_rxn2091] ❌ 错误 | 原子数：7
  - 正确映射：[0 1 3 5 4 2 6]
  - 预测映射：[0 1 5 3 4 2 6]
[test_sample_00001] [T1x_rxn2092] ✅ 严格正确 | 原子数：7
[test_sample_00002] [T1x_rxn2093] ✅ 严格正确 | 原子数：7
[test_sample_00003] [T1x_rxn2545] ❌ 错误 | 原子数：7
  - 正确映射：[3 2 1 6 4 0 5]
  - 预测映射：[3 4 6 1 2 5 0]
[test_sample_00004] [T1x_rxn2546] ✅ 严格正确 | 原子数：7
[test_sample_00005] [T1x_rxn2547] ❌ 错误 | 原子数：7
  - 正确映射：[5 1 0 3 2 4 6]
  - 预测映射：[5 2 3 0 1 6 4]
[test_sample_00006] [T1x_rxn3121] ✅ 严格正确 | 原子数：7
[test_sample_00007] [T1x_rxn3122] ✅ 严格正确 | 原子数：7
[test_sample_00008] [T1x_rxn3123] ✅ 严格正确 | 原子数：7
[test_sample_00009] [T1x_rxn3124] ✅ 严格正确 | 原子数：7
[test_sample_00010] [T1x_rxn3125] ✅ 严格正确 | 原子数：7
[test_sample_00011] [T1x_rxn3126] ✅ 严格正确 | 原子数：7
[test_sample_00012] [T1x_rxn3127] ✅ 严格正确 | 原子数：7
[test_sample_00013] [T1x_rxn9455] ✅ 严格正确 | 原子数：7
[test_sample_00014] [T1x_rxn3534] ✅ 严格正确 | 原子数：8
[test_sample_00015] [T1x_rxn3535] ✅ 严格正确 | 原子数：8
[test_sample_00016] [T1x_rxn3536] ✅ 严格正确 | 原子数：8
[test_sample_00017] [T1x_rxn3537] ✅ 严格正确 | 原子数：8
[test_sample_00018] [T1x_rxn3878] ✅ 严格正确 | 原子数：8
[test_sample_00019] [T1x_rxn3879] ✅ 严格正确 | 原子数：8
[test_sample_00020] [T1x_rxn9393] ✅ 严格正确 | 原子数：8
[test_sample_00021] [T1x_rxn0127] ❌ 错误 | 原子数：8
  - 正确映射：[3 2 4 5 7 1 0 6]
  - 预测映射：[5 7 1 3 2 4 6 0]
[test_sample_00022] [T1x_rxn0827] ✅ 严格正确 | 原子数：8
[test_sample_00023] [T1x_rxn0828] ❌ 错误 | 原子数：8
  - 正确映射：[5 3 2 0 1 6 7 4]
  - 预测映射：[5 2 3 6 1 0 7 4]
[test_sample_00024] [T1x_rxn0829] ❌ 错误 | 原子数：8
  - 正确映射：[0 3 4 5 7 1 2 6]
  - 预测映射：[7 5 4 3 0 1 6 2]
[test_sample_00025] [T1x_rxn0830] ❌ 错误 | 原子数：8
  - 正确映射：[0 4 5 7 3 6 2 1]
  - 预测映射：[3 7 6 5 0 4 1 2]
[test_sample_00026] [T1x_rxn0831] ❌ 错误 | 原子数：8
  - 正确映射：[3 0 6 2 5 1 4 7]
  - 预测映射：[5 2 6 0 3 1 7 4]
[test_sample_00027] [T1x_rxn0832] ✅ 严格正确 | 原子数：8
[test_sample_00028] [T1x_rxn0833] ✅ 严格正确 | 原子数：8
[test_sample_00029] [T1x_rxn0834] ✅ 严格正确 | 原子数：8
[test_sample_00030] [T1x_rxn0835] ✅ 严格正确 | 原子数：8
[test_sample_00031] [T1x_rxn2603] ❌ 错误 | 原子数：8
  - 正确映射：[4 2 6 1 3 0 7 5]
  - 预测映射：[4 6 1 2 3 0 7 5]
[test_sample_00032] [T1x_rxn2604] ✅ 严格正确 | 原子数：8
[test_sample_00033] [T1x_rxn9029] ❌ 错误 | 原子数：8
  - 正确映射：[7 4 1 5 0 2 3 6]
  - 预测映射：[0 2 5 1 7 4 6 3]
[test_sample_00034] [T1x_rxn3279] ✅ 严格正确 | 原子数：6
[test_sample_00035] [T1x_rxn2857] ❌ 错误 | 原子数：6
  - 正确映射：[1 2 0 3 5 4]
  - 预测映射：[1 2 0 5 4 3]
[test_sample_00036] [T1x_rxn2858] ❌ 错误 | 原子数：6
  - 正确映射：[4 3 2 0 1 5]
  - 预测映射：[4 3 2 5 0 1]
[test_sample_00037] [T1x_rxn0295] ✅ 严格正确 | 原子数：8
[test_sample_00038] [T1x_rxn0296] ❌ 错误 | 原子数：8
  - 正确映射：[0 1 4 5 6 2 3 7]
  - 预测映射：[0 1 4 5 6 2 7 3]
[test_sample_00039] [T1x_rxn0297] ✅ 严格正确 | 原子数：8
[test_sample_00040] [T1x_rxn0298] ❌ 错误 | 原子数：8
  - 正确映射：[1 3 6 7 2 4 0 5]
  - 预测映射：[2 3 6 7 1 4 0 5]
[test_sample_00041] [T1x_rxn0299] ❌ 错误 | 原子数：8
  - 正确映射：[6 1 7 2 3 4 5 0]
  - 预测映射：[2 1 7 6 3 0 5 4]
[test_sample_00042] [T1x_rxn0300] ✅ 严格正确 | 原子数：8
[test_sample_00043] [T1x_rxn0301] ❌ 错误 | 原子数：8
  - 正确映射：[6 2 7 3 4 5 1 0]
  - 预测映射：[3 7 2 6 4 0 1 5]
[test_sample_00044] [T1x_rxn0989] ❌ 错误 | 原子数：8
  - 正确映射：[6 1 0 3 7 4 2 5]
  - 预测映射：[6 7 3 0 1 4 5 2]
[test_sample_00045] [T1x_rxn0990] ✅ 严格正确 | 原子数：8
[test_sample_00046] [T1x_rxn0991] ✅ 严格正确 | 原子数：8
[test_sample_00047] [T1x_rxn0992] ✅ 严格正确 | 原子数：8
[test_sample_00048] [T1x_rxn0993] ❌ 错误 | 原子数：8
  - 正确映射：[2 0 5 7 3 6 1 4]
  - 预测映射：[7 0 5 2 3 4 1 6]
[test_sample_00049] [T1x_rxn0994] ❌ 错误 | 原子数：8
  - 正确映射：[2 3 7 1 0 4 6 5]
  - 预测映射：[2 0 1 7 3 4 5 6]
[test_sample_00050] [T1x_rxn2803] ✅ 严格正确 | 原子数：8
[test_sample_00051] [T1x_rxn2804] ❌ 错误 | 原子数：8
  - 正确映射：[4 2 1 6 5 7 3 0]
  - 预测映射：[4 2 1 6 5 3 7 0]
[test_sample_00052] [T1x_rxn2805] ❌ 错误 | 原子数：8
  - 正确映射：[5 1 6 7 2 0 3 4]
  - 预测映射：[6 7 2 1 5 3 4 0]
[test_sample_00053] [T1x_rxn2806] ✅ 严格正确 | 原子数：8
[test_sample_00054] [T1x_rxn2807] ✅ 严格正确 | 原子数：8
[test_sample_00055] [T1x_rxn2808] ✅ 严格正确 | 原子数：8
[test_sample_00056] [T1x_rxn2809] ❌ 错误 | 原子数：8
  - 正确映射：[1 3 7 4 5 2 0 6]
  - 预测映射：[7 4 5 3 1 0 6 2]
[test_sample_00057] [T1x_rxn2810] ❌ 错误 | 原子数：8
  - 正确映射：[4 7 1 6 2 3 0 5]
  - 预测映射：[4 6 1 7 2 3 5 0]
[test_sample_00058] [T1x_rxn2811] ✅ 严格正确 | 原子数：8
[test_sample_00059] [T1x_rxn3262] ❌ 错误 | 原子数：8
  - 正确映射：[0 5 1 6 3 2 4 7]
  - 预测映射：[0 3 6 1 5 2 7 4]
[test_sample_00060] [T1x_rxn3263] ❌ 错误 | 原子数：8
  - 正确映射：[7 1 5 6 2 4 3 0]
  - 预测映射：[7 2 6 5 1 4 0 3]
[test_sample_00061] [T1x_rxn3264] ✅ 严格正确 | 原子数：8
[test_sample_00062] [T1x_rxn3265] ❌ 错误 | 原子数：8
  - 正确映射：[0 6 3 4 2 7 5 1]
  - 预测映射：[0 2 4 3 6 7 1 5]
[test_sample_00063] [T1x_rxn0000] ❌ 错误 | 原子数：9
  - 正确映射：[8 5 1 2 4 7 6 0 3]
  - 预测映射：[8 5 1 2 4 7 0 3 6]
[test_sample_00064] [T1x_rxn0001] ❌ 错误 | 原子数：9
  - 正确映射：[1 7 4 3 6 0 5 8 2]
  - 预测映射：[1 7 4 3 6 0 2 8 5]
[test_sample_00065] [T1x_rxn0012] ✅ 严格正确 | 原子数：9
[test_sample_00066] [T1x_rxn0013] ✅ 严格正确 | 原子数：9
[test_sample_00067] [T1x_rxn0014] ✅ 严格正确 | 原子数：9
[test_sample_00068] [T1x_rxn0015] ✅ 严格正确 | 原子数：9
[test_sample_00069] [T1x_rxn0016] ❌ 错误 | 原子数：9
  - 正确映射：[1 3 2 4 8 0 5 6 7]
  - 预测映射：[1 3 0 4 8 2 5 7 6]
[test_sample_00070] [T1x_rxn0017] ❌ 错误 | 原子数：9
  - 正确映射：[6 4 5 7 8 0 3 1 2]
  - 预测映射：[6 4 8 7 5 0 3 1 2]
[test_sample_00071] [T1x_rxn0018] ✅ 严格正确 | 原子数：9
[test_sample_00072] [T1x_rxn0019] ❌ 错误 | 原子数：9
  - 正确映射：[2 1 6 8 4 0 7 3 5]
  - 预测映射：[2 1 0 8 4 6 5 3 7]
[test_sample_00073] [T1x_rxn0331] ✅ 严格正确 | 原子数：9
[test_sample_00074] [T1x_rxn0332] ✅ 严格正确 | 原子数：9
[test_sample_00075] [T1x_rxn0333] ✅ 严格正确 | 原子数：9
[test_sample_00076] [T1x_rxn0334] ❌ 错误 | 原子数：9
  - 正确映射：[8 3 2 6 1 5 4 7 0]
  - 预测映射：[8 3 2 5 1 6 4 0 7]
[test_sample_00077] [T1x_rxn0335] ✅ 严格正确 | 原子数：9
[test_sample_00078] [T1x_rxn0336] ✅ 严格正确 | 原子数：9
[test_sample_00079] [T1x_rxn0337] ✅ 严格正确 | 原子数：9
[test_sample_00080] [T1x_rxn0338] ❌ 错误 | 原子数：9
  - 正确映射：[5 1 2 3 7 0 8 4 6]
  - 预测映射：[5 1 2 3 7 0 8 6 4]
[test_sample_00081] [T1x_rxn1693] ✅ 严格正确 | 原子数：9
[test_sample_00082] [T1x_rxn1694] ✅ 严格正确 | 原子数：9
[test_sample_00083] [T1x_rxn1695] ❌ 错误 | 原子数：9
  - 正确映射：[2 1 8 6 4 5 3 7 0]
  - 预测映射：[4 6 8 1 2 5 0 7 3]
[test_sample_00084] [T1x_rxn1696] ❌ 错误 | 原子数：9
  - 正确映射：[3 5 6 4 2 1 8 7 0]
  - 预测映射：[3 5 6 4 2 1 7 8 0]
[test_sample_00085] [T1x_rxn2164] ✅ 严格正确 | 原子数：9
[test_sample_00086] [T1x_rxn2165] ✅ 严格正确 | 原子数：9
[test_sample_00087] [T1x_rxn2166] ❌ 错误 | 原子数：9
  - 正确映射：[7 3 2 0 1 4 6 8 5]
  - 预测映射：[7 3 2 0 1 4 8 6 5]
[test_sample_00088] [T1x_rxn3194] ✅ 严格正确 | 原子数：9
[test_sample_00089] [T1x_rxn3195] ✅ 严格正确 | 原子数：9
[test_sample_00090] [T1x_rxn3440] ❌ 错误 | 原子数：9
  - 正确映射：[0 8 7 1 3 4 2 5 6]
  - 预测映射：[0 7 8 1 3 4 2 5 6]
[test_sample_00091] [T1x_rxn3441] ✅ 严格正确 | 原子数：9
[test_sample_00092] [T1x_rxn3442] ✅ 严格正确 | 原子数：9
[test_sample_00093] [T1x_rxn3443] ✅ 严格正确 | 原子数：9
[test_sample_00094] [T1x_rxn3444] ✅ 严格正确 | 原子数：9
[test_sample_00095] [T1x_rxn3445] ✅ 严格正确 | 原子数：9
[test_sample_00096] [T1x_rxn3456] ❌ 错误 | 原子数：9
  - 正确映射：[3 8 5 1 0 7 2 6 4]
  - 预测映射：[3 8 5 1 0 7 4 2 6]
[test_sample_00097] [T1x_rxn3457] ✅ 严格正确 | 原子数：9
[test_sample_00098] [T1x_rxn3458] ✅ 严格正确 | 原子数：9
[test_sample_00099] [T1x_rxn3459] ✅ 严格正确 | 原子数：9
[test_sample_00100] [T1x_rxn3460] ❌ 错误 | 原子数：9
  - 正确映射：[2 3 4 6 5 8 1 0 7]
  - 预测映射：[2 3 8 6 5 4 7 0 1]
[test_sample_00101] [T1x_rxn3461] ✅ 严格正确 | 原子数：9
[test_sample_00102] [T1x_rxn3843] ✅ 严格正确 | 原子数：9
[test_sample_00103] [T1x_rxn3844] ✅ 严格正确 | 原子数：9
[test_sample_00104] [T1x_rxn3845] ✅ 严格正确 | 原子数：9
[test_sample_00105] [T1x_rxn3846] ✅ 严格正确 | 原子数：9
[test_sample_00106] [T1x_rxn3847] ✅ 严格正确 | 原子数：9
[test_sample_00107] [T1x_rxn3848] ✅ 严格正确 | 原子数：9
[test_sample_00108] [T1x_rxn3849] ❌ 错误 | 原子数：9
  - 正确映射：[4 5 7 6 8 0 1 3 2]
  - 预测映射：[4 0 8 6 7 5 2 3 1]
[test_sample_00109] [T1x_rxn3850] ❌ 错误 | 原子数：9
  - 正确映射：[0 1 7 3 4 6 5 2 8]
  - 预测映射：[0 1 4 7 3 6 5 2 8]
[test_sample_00110] [T1x_rxn3851] ✅ 严格正确 | 原子数：9
[test_sample_00111] [T1x_rxn4176] ✅ 严格正确 | 原子数：9
[test_sample_00112] [T1x_rxn4177] ❌ 错误 | 原子数：9
  - 正确映射：[1 2 3 4 5 8 0 6 7]
  - 预测映射：[3 2 1 4 5 8 0 6 7]
[test_sample_00113] [T1x_rxn4331] ❌ 错误 | 原子数：9
  - 正确映射：[5 7 3 1 8 0 6 2 4]
  - 预测映射：[0 8 3 1 7 5 6 4 2]
[test_sample_00114] [T1x_rxn4332] ✅ 严格正确 | 原子数：9
[test_sample_00115] [T1x_rxn4333] ✅ 严格正确 | 原子数：9
[test_sample_00116] [T1x_rxn4334] ✅ 严格正确 | 原子数：9
[test_sample_00117] [T1x_rxn4335] ✅ 严格正确 | 原子数：9
[test_sample_00118] [T1x_rxn8938] ❌ 错误 | 原子数：9
  - 正确映射：[6 5 7 4 2 1 3 0 8]
  - 预测映射：[6 5 7 4 2 1 8 0 3]
[test_sample_00119] [T1x_rxn8965] ❌ 错误 | 原子数：9
  - 正确映射：[1 3 0 8 6 5 2 7 4]
  - 预测映射：[1 3 5 0 6 8 2 4 7]
[test_sample_00120] [T1x_rxn9318] ❌ 错误 | 原子数：9
  - 正确映射：[0 7 8 4 1 2 5 3 6]
  - 预测映射：[0 7 8 4 1 2 6 5 3]
[test_sample_00121] [T1x_rxn9391] ❌ 错误 | 原子数：9
  - 正确映射：[2 8 6 4 5 1 7 3 0]
  - 预测映射：[2 8 6 5 4 1 7 3 0]
[test_sample_00122] [T1x_rxn10005] ✅ 严格正确 | 原子数：10
[test_sample_00123] [T1x_rxn8548] ❌ 错误 | 原子数：10
  - 正确映射：[9 4 8 2 7 0 1 3 6 5]
  - 预测映射：[9 4 8 2 7 0 1 5 6 3]
[test_sample_00124] [T1x_rxn8549] ✅ 严格正确 | 原子数：10
[test_sample_00125] [T1x_rxn8550] ❌ 错误 | 原子数：10
  - 正确映射：[6 9 0 7 1 8 4 5 3 2]
  - 预测映射：[0 9 6 7 1 8 4 5 3 2]
[test_sample_00126] [T1x_rxn8551] ✅ 严格正确 | 原子数：10
[test_sample_00127] [T1x_rxn8198] ✅ 严格正确 | 原子数：10
[test_sample_00128] [T1x_rxn8199] ❌ 错误 | 原子数：10
  - 正确映射：[3 1 5 2 8 4 0 9 7 6]
  - 预测映射：[3 1 5 2 8 4 0 7 9 6]
[test_sample_00129] [T1x_rxn8200] ✅ 严格正确 | 原子数：10
[test_sample_00130] [T1x_rxn8201] ✅ 严格正确 | 原子数：10
[test_sample_00131] [T1x_rxn8202] ❌ 错误 | 原子数：10
  - 正确映射：[8 5 6 7 1 9 4 2 0 3]
  - 预测映射：[8 5 1 7 9 4 6 0 2 3]
[test_sample_00132] [T1x_rxn8203] ✅ 严格正确 | 原子数：10
[test_sample_00133] [T1x_rxn8204] ❌ 错误 | 原子数：10
  - 正确映射：[3 4 1 6 9 5 7 0 2 8]
  - 预测映射：[3 4 1 6 9 7 5 0 2 8]
[test_sample_00134] [T1x_rxn8205] ✅ 严格正确 | 原子数：10
[test_sample_00135] [T1x_rxn3839] ✅ 严格正确 | 原子数：7
[test_sample_00136] [T1x_rxn3840] ✅ 严格正确 | 原子数：7
[test_sample_00137] [T1x_rxn3841] ❌ 错误 | 原子数：7
  - 正确映射：[3 6 4 5 2 1 0]
  - 预测映射：[3 6 4 5 2 0 1]
[test_sample_00138] [T1x_rxn3842] ❌ 错误 | 原子数：7
  - 正确映射：[0 6 2 5 1 3 4]
  - 预测映射：[0 2 6 5 1 3 4]
[test_sample_00139] [T1x_rxn0934] ❌ 错误 | 原子数：8
  - 正确映射：[0 6 3 2 1 7 5 4]
  - 预测映射：[0 6 3 2 1 5 7 4]
[test_sample_00140] [T1x_rxn0935] ✅ 严格正确 | 原子数：8
[test_sample_00141] [T1x_rxn0936] ✅ 严格正确 | 原子数：8
[test_sample_00142] [T1x_rxn0937] ✅ 严格正确 | 原子数：8
[test_sample_00143] [T1x_rxn0938] ✅ 严格正确 | 原子数：8
[test_sample_00144] [T1x_rxn1509] ❌ 错误 | 原子数：8
  - 正确映射：[2 4 3 5 6 7 0 1]
  - 预测映射：[2 4 3 5 6 0 7 1]
[test_sample_00145] [T1x_rxn1510] ✅ 严格正确 | 原子数：8
[test_sample_00146] [T1x_rxn3785] ✅ 严格正确 | 原子数：8
[test_sample_00147] [T1x_rxn3786] ❌ 错误 | 原子数：8
  - 正确映射：[6 1 0 4 3 5 2 7]
  - 预测映射：[3 4 0 1 6 7 2 5]
[test_sample_00148] [T1x_rxn3787] ❌ 错误 | 原子数：8
  - 正确映射：[4 0 3 5 6 1 7 2]
  - 预测映射：[6 5 3 0 4 2 1 7]
[test_sample_00149] [T1x_rxn3788] ❌ 错误 | 原子数：8
  - 正确映射：[2 7 1 6 5 0 3 4]
  - 预测映射：[2 7 1 6 5 3 0 4]
[test_sample_00150] [T1x_rxn3797] ✅ 严格正确 | 原子数：8
[test_sample_00151] [T1x_rxn3798] ❌ 错误 | 原子数：8
  - 正确映射：[3 5 1 2 4 0 7 6]
  - 预测映射：[3 5 1 2 7 0 4 6]
[test_sample_00152] [T1x_rxn3799] ✅ 严格正确 | 原子数：8
[test_sample_00153] [T1x_rxn4224] ✅ 严格正确 | 原子数：9
[test_sample_00154] [T1x_rxn4225] ❌ 错误 | 原子数：9
  - 正确映射：[4 2 6 3 7 0 5 1 8]
  - 预测映射：[4 2 6 3 7 0 5 8 1]
[test_sample_00155] [T1x_rxn4226] ✅ 严格正确 | 原子数：9
[test_sample_00156] [T1x_rxn4227] ❌ 错误 | 原子数：9
  - 正确映射：[3 7 6 0 2 1 4 8 5]
  - 预测映射：[6 7 3 0 2 8 4 5 1]
[test_sample_00157] [T1x_rxn4228] ❌ 错误 | 原子数：9
  - 正确映射：[6 3 4 5 8 0 7 1 2]
  - 预测映射：[6 3 4 5 8 7 0 1 2]
[test_sample_00158] [T1x_rxn4229] ❌ 错误 | 原子数：9
  - 正确映射：[8 4 6 1 7 2 3 5 0]
  - 预测映射：[8 4 6 1 7 2 3 0 5]
[test_sample_00159] [T1x_rxn9422] ❌ 错误 | 原子数：9
  - 正确映射：[8 7 1 2 4 3 0 5 6]
  - 预测映射：[1 7 8 2 4 0 6 3 5]
[test_sample_00160] [T1x_rxn9423] ✅ 严格正确 | 原子数：9
[test_sample_00161] [T1x_rxn0871] ✅ 严格正确 | 原子数：10
[test_sample_00162] [T1x_rxn0872] ❌ 错误 | 原子数：10
  - 正确映射：[1 9 5 3 4 8 2 6 7 0]
  - 预测映射：[1 9 5 3 4 8 2 6 0 7]
[test_sample_00163] [T1x_rxn0873] ❌ 错误 | 原子数：10
  - 正确映射：[6 0 9 2 8 5 7 3 4 1]
  - 预测映射：[6 0 9 2 8 5 3 7 4 1]
[test_sample_00164] [T1x_rxn0874] ❌ 错误 | 原子数：10
  - 正确映射：[7 0 8 3 6 9 2 1 5 4]
  - 预测映射：[3 6 9 7 0 8 5 1 2 4]
[test_sample_00165] [T1x_rxn0875] ✅ 严格正确 | 原子数：10
[test_sample_00166] [T1x_rxn0876] ❌ 错误 | 原子数：10
  - 正确映射：[6 3 4 5 8 7 9 1 2 0]
  - 预测映射：[6 3 4 5 8 7 1 2 0 9]
[test_sample_00167] [T1x_rxn0877] ✅ 严格正确 | 原子数：10
[test_sample_00168] [T1x_rxn0878] ❌ 错误 | 原子数：10
  - 正确映射：[2 5 3 1 6 8 7 9 0 4]
  - 预测映射：[1 6 8 2 5 3 4 0 7 9]
[test_sample_00169] [T1x_rxn1325] ✅ 严格正确 | 原子数：10
[test_sample_00170] [T1x_rxn1326] ✅ 严格正确 | 原子数：10
[test_sample_00171] [T1x_rxn4101] ❌ 错误 | 原子数：10
  - 正确映射：[8 7 4 6 9 0 2 5 1 3]
  - 预测映射：[0 6 9 7 4 8 3 1 2 5]
[test_sample_00172] [T1x_rxn4102] ✅ 严格正确 | 原子数：10
[test_sample_00173] [T1x_rxn0302] ✅ 严格正确 | 原子数：10
[test_sample_00174] [T1x_rxn0303] ❌ 错误 | 原子数：10
  - 正确映射：[9 2 8 5 1 6 3 7 4 0]
  - 预测映射：[9 2 8 5 1 6 7 3 4 0]
[test_sample_00175] [T1x_rxn0304] ❌ 错误 | 原子数：10
  - 正确映射：[6 3 9 1 0 7 8 5 2 4]
  - 预测映射：[7 3 0 1 9 6 5 4 2 8]
[test_sample_00176] [T1x_rxn0305] ✅ 严格正确 | 原子数：10
[test_sample_00177] [T1x_rxn0306] ✅ 严格正确 | 原子数：10
[test_sample_00178] [T1x_rxn0307] ❌ 错误 | 原子数：10
  - 正确映射：[7 1 6 9 8 0 4 5 2 3]
  - 预测映射：[7 1 0 9 8 6 4 3 2 5]
[test_sample_00179] [T1x_rxn0308] ✅ 严格正确 | 原子数：10
[test_sample_00180] [T1x_rxn0309] ✅ 严格正确 | 原子数：10
[test_sample_00181] [T1x_rxn0310] ✅ 严格正确 | 原子数：10
[test_sample_00182] [T1x_rxn0311] ❌ 错误 | 原子数：10
  - 正确映射：[1 0 3 6 8 7 2 9 4 5]
  - 预测映射：[1 0 3 6 8 7 9 2 4 5]
[test_sample_00183] [T1x_rxn0312] ✅ 严格正确 | 原子数：10
[test_sample_00184] [T1x_rxn0339] ✅ 严格正确 | 原子数：10
[test_sample_00185] [T1x_rxn0340] ❌ 错误 | 原子数：10
  - 正确映射：[9 1 6 5 4 2 0 3 7 8]
  - 预测映射：[9 1 6 5 2 4 3 0 7 8]
[test_sample_00186] [T1x_rxn0341] ❌ 错误 | 原子数：10
  - 正确映射：[8 6 0 7 5 9 1 3 4 2]
  - 预测映射：[8 6 0 9 5 7 3 1 4 2]
[test_sample_00187] [T1x_rxn0342] ❌ 错误 | 原子数：10
  - 正确映射：[7 5 4 8 0 3 1 6 2 9]
  - 预测映射：[7 5 4 8 0 3 9 2 6 1]
[test_sample_00188] [T1x_rxn0343] ❌ 错误 | 原子数：10
  - 正确映射：[9 4 5 6 1 0 3 2 7 8]
  - 预测映射：[9 0 5 4 6 1 3 2 7 8]
[test_sample_00189] [T1x_rxn0488] ✅ 严格正确 | 原子数：10
[test_sample_00190] [T1x_rxn0489] ✅ 严格正确 | 原子数：10
[test_sample_00191] [T1x_rxn0490] ✅ 严格正确 | 原子数：10
[test_sample_00192] [T1x_rxn0491] ❌ 错误 | 原子数：10
  - 正确映射：[3 7 2 5 8 4 0 6 9 1]
  - 预测映射：[3 2 7 4 8 5 0 9 6 1]
[test_sample_00193] [T1x_rxn0492] ❌ 错误 | 原子数：10
  - 正确映射：[3 8 1 0 6 7 5 4 9 2]
  - 预测映射：[0 1 8 3 6 7 9 2 5 4]
[test_sample_00194] [T1x_rxn1367] ❌ 错误 | 原子数：10
  - 正确映射：[1 9 8 0 3 5 7 2 4 6]
  - 预测映射：[1 9 8 0 3 5 4 2 7 6]
[test_sample_00195] [T1x_rxn1368] ❌ 错误 | 原子数：10
  - 正确映射：[7 6 9 8 2 0 5 4 1 3]
  - 预测映射：[7 6 9 8 0 2 4 1 5 3]
[test_sample_00196] [T1x_rxn1369] ❌ 错误 | 原子数：10
  - 正确映射：[3 6 1 9 5 8 0 2 7 4]
  - 预测映射：[3 1 5 9 8 6 0 2 7 4]
[test_sample_00197] [T1x_rxn1370] ❌ 错误 | 原子数：10
  - 正确映射：[2 6 3 4 1 7 5 0 9 8]
  - 预测映射：[2 6 7 4 1 3 5 9 0 8]
[test_sample_00198] [T1x_rxn1371] ❌ 错误 | 原子数：10
  - 正确映射：[1 4 7 6 9 5 2 8 0 3]
  - 预测映射：[1 5 9 6 7 4 8 0 2 3]
[test_sample_00199] [T1x_rxn1819] ✅ 严格正确 | 原子数：10
[test_sample_00200] [T1x_rxn1820] ✅ 严格正确 | 原子数：10
[test_sample_00201] [T1x_rxn1821] ❌ 错误 | 原子数：10
  - 正确映射：[2 5 8 0 4 1 3 9 6 7]
  - 预测映射：[2 1 4 0 8 5 3 7 6 9]
[test_sample_00202] [T1x_rxn1822] ✅ 严格正确 | 原子数：10
[test_sample_00203] [T1x_rxn1823] ✅ 严格正确 | 原子数：10
[test_sample_00204] [T1x_rxn1824] ❌ 错误 | 原子数：10
  - 正确映射：[5 6 3 0 9 2 7 4 1 8]
  - 预测映射：[5 6 3 0 9 2 4 7 1 8]
[test_sample_00205] [T1x_rxn3446] ✅ 严格正确 | 原子数：10
[test_sample_00206] [T1x_rxn3447] ❌ 错误 | 原子数：10
  - 正确映射：[6 3 1 4 5 8 9 7 2 0]
  - 预测映射：[6 3 1 4 5 8 7 2 9 0]
[test_sample_00207] [T1x_rxn3448] ✅ 严格正确 | 原子数：10
[test_sample_00208] [T1x_rxn3449] ❌ 错误 | 原子数：10
  - 正确映射：[9 6 5 4 0 7 2 8 1 3]
  - 预测映射：[9 6 5 4 0 7 8 2 1 3]
[test_sample_00209] [T1x_rxn3450] ❌ 错误 | 原子数：10
  - 正确映射：[1 8 2 7 0 5 3 4 6 9]
  - 预测映射：[1 8 2 7 0 5 9 4 6 3]
[test_sample_00210] [T1x_rxn3451] ❌ 错误 | 原子数：10
  - 正确映射：[1 4 2 3 0 8 9 6 7 5]
  - 预测映射：[1 4 2 3 0 8 6 9 7 5]
[test_sample_00211] [T1x_rxn3452] ✅ 严格正确 | 原子数：10
[test_sample_00212] [T1x_rxn3453] ✅ 严格正确 | 原子数：10
[test_sample_00213] [T1x_rxn3899] ❌ 错误 | 原子数：10
  - 正确映射：[6 4 3 9 1 7 8 5 2 0]
  - 预测映射：[3 4 6 9 1 7 8 5 2 0]
[test_sample_00214] [T1x_rxn3900] ❌ 错误 | 原子数：10
  - 正确映射：[9 7 2 3 4 0 1 8 5 6]
  - 预测映射：[0 4 3 2 7 9 8 6 5 1]
[test_sample_00215] [T1x_rxn3901] ✅ 严格正确 | 原子数：10
[test_sample_00216] [T1x_rxn3902] ✅ 严格正确 | 原子数：10
[test_sample_00217] [T1x_rxn3903] ❌ 错误 | 原子数：10
  - 正确映射：[3 4 0 8 6 5 2 1 9 7]
  - 预测映射：[3 4 0 8 6 5 1 2 9 7]
[test_sample_00218] [T1x_rxn3904] ✅ 严格正确 | 原子数：10
[test_sample_00219] [T1x_rxn3905] ✅ 严格正确 | 原子数：10
[test_sample_00220] [T1x_rxn3906] ✅ 严格正确 | 原子数：10
[test_sample_00221] [T1x_rxn8961] ✅ 严格正确 | 原子数：10
[test_sample_00222] [T1x_rxn8962] ❌ 错误 | 原子数：10
  - 正确映射：[0 6 2 9 5 7 3 4 8 1]
  - 预测映射：[0 6 7 9 5 2 4 3 8 1]
[test_sample_00223] [T1x_rxn8966] ❌ 错误 | 原子数：10
  - 正确映射：[3 2 5 7 6 9 0 4 8 1]
  - 预测映射：[3 9 5 6 7 2 8 4 0 1]
[test_sample_00224] [T1x_rxn9090] ❌ 错误 | 原子数：10
  - 正确映射：[5 3 9 0 6 2 4 8 7 1]
  - 预测映射：[5 3 2 0 6 9 7 1 4 8]
[test_sample_00225] [T1x_rxn9146] ❌ 错误 | 原子数：10
  - 正确映射：[1 5 4 6 8 2 0 3 7 9]
  - 预测映射：[4 5 6 8 1 2 3 7 9 0]
[test_sample_00226] [T1x_rxn9347] ✅ 严格正确 | 原子数：10
[test_sample_00227] [T1x_rxn9348] ❌ 错误 | 原子数：10
  - 正确映射：[7 1 3 0 6 8 5 2 9 4]
  - 预测映射：[7 1 3 6 8 0 5 2 9 4]
[test_sample_00228] [T1x_rxn10011] ✅ 严格正确 | 原子数：11
[test_sample_00229] [T1x_rxn10012] ❌ 错误 | 原子数：11
  - 正确映射：[ 8  9  0  4  1  6  3  2  5 10  7]
  - 预测映射：[ 8  9  0  3  1  6  4  2  5  7 10]
[test_sample_00230] [T1x_rxn7600] ❌ 错误 | 原子数：11
  - 正确映射：[ 4  0 10  8  6  1  7  2  3  5  9]
  - 预测映射：[ 1  6  8 10  0  4  7  5  9  2  3]
[test_sample_00231] [T1x_rxn7601] ✅ 严格正确 | 原子数：11
[test_sample_00232] [T1x_rxn8582] ✅ 严格正确 | 原子数：11
[test_sample_00233] [T1x_rxn8583] ✅ 严格正确 | 原子数：11
[test_sample_00234] [T1x_rxn8584] ❌ 错误 | 原子数：11
  - 正确映射：[ 3  8 10  9  1  5  4  2  6  7  0]
  - 预测映射：[ 3  8  4  9  1  5 10  2  6  7  0]
[test_sample_00235] [T1x_rxn8585] ✅ 严格正确 | 原子数：11
[test_sample_00236] [T1x_rxn8586] ✅ 严格正确 | 原子数：11
[test_sample_00237] [T1x_rxn8587] ✅ 严格正确 | 原子数：11
[test_sample_00238] [T1x_rxn8588] ❌ 错误 | 原子数：11
  - 正确映射：[ 7  4  1  2  8 10  5  0  6  9  3]
  - 预测映射：[ 7  4  5  2  8 10  1  0  6  3  9]
[test_sample_00239] [T1x_rxn8589] ✅ 严格正确 | 原子数：11
[test_sample_00240] [T1x_rxn0721] ❌ 错误 | 原子数：7
  - 正确映射：[5 6 4 2 1 0 3]
  - 预测映射：[5 6 4 2 1 3 0]
[test_sample_00241] [T1x_rxn0722] ❌ 错误 | 原子数：7
  - 正确映射：[0 2 3 1 5 6 4]
  - 预测映射：[2 0 3 6 5 1 4]
[test_sample_00242] [T1x_rxn0723] ❌ 错误 | 原子数：7
  - 正确映射：[4 5 0 3 6 1 2]
  - 预测映射：[5 4 0 2 1 6 3]
[test_sample_00243] [T1x_rxn0724] ❌ 错误 | 原子数：7
  - 正确映射：[4 6 3 1 5 0 2]
  - 预测映射：[6 4 3 2 0 5 1]
[test_sample_00244] [T1x_rxn2506] ❌ 错误 | 原子数：7
  - 正确映射：[3 2 1 0 4 6 5]
  - 预测映射：[2 3 1 4 5 6 0]
[test_sample_00245] [T1x_rxn2507] ❌ 错误 | 原子数：7
  - 正确映射：[1 0 4 6 3 2 5]
  - 预测映射：[1 0 4 2 5 6 3]
[test_sample_00246] [T1x_rxn1312] ✅ 严格正确 | 原子数：8
[test_sample_00247] [T1x_rxn1313] ✅ 严格正确 | 原子数：8
[test_sample_00248] [T1x_rxn1314] ❌ 错误 | 原子数：8
  - 正确映射：[5 1 0 2 7 6 3 4]
  - 预测映射：[2 0 1 5 7 6 4 3]
[test_sample_00249] [T1x_rxn1315] ❌ 错误 | 原子数：8
  - 正确映射：[1 6 4 3 2 5 0 7]
  - 预测映射：[3 4 6 1 2 5 7 0]
[test_sample_00250] [T1x_rxn1316] ❌ 错误 | 原子数：8
  - 正确映射：[4 3 5 2 7 1 6 0]
  - 预测映射：[2 3 5 4 0 6 1 7]
[test_sample_00251] [T1x_rxn4125] ❌ 错误 | 原子数：8
  - 正确映射：[2 0 3 4 5 6 7 1]
  - 预测映射：[2 0 3 4 6 5 7 1]
[test_sample_00252] [T1x_rxn3552] ❌ 错误 | 原子数：11
  - 正确映射：[ 6  7  5  3  2  9  8  4  1  0 10]
  - 预测映射：[ 6  7  5  3  2  9  8  4  1 10  0]
[test_sample_00253] [T1x_rxn3553] ✅ 严格正确 | 原子数：11
[test_sample_00254] [T1x_rxn3554] ❌ 错误 | 原子数：11
  - 正确映射：[ 5  7  3  9 10  0  2  1  4  6  8]
  - 预测映射：[ 5  7  3  9 10  0  2  1  6  4  8]
[test_sample_00255] [T1x_rxn3555] ❌ 错误 | 原子数：11
  - 正确映射：[ 9  2  0  1  7  4 10  5  8  6  3]
  - 预测映射：[ 9  2  0  1  7  4  8  5 10  6  3]
[test_sample_00256] [T1x_rxn3556] ❌ 错误 | 原子数：11
  - 正确映射：[10  5  4  7  2  8  3  0  1  6  9]
  - 预测映射：[10  5  4  7  2  8  0  3  1  6  9]
[test_sample_00257] [T1x_rxn3557] ✅ 严格正确 | 原子数：11
[test_sample_00258] [T1x_rxn3558] ❌ 错误 | 原子数：11
  - 正确映射：[ 0 10  7  4  3  8  2  6  1  5  9]
  - 预测映射：[ 0 10  7  4  3  8  2  6  1  9  5]
[test_sample_00259] [T1x_rxn2892] ❌ 错误 | 原子数：9
  - 正确映射：[7 3 5 4 6 8 2 0 1]
  - 预测映射：[7 3 5 4 2 8 6 0 1]
[test_sample_00260] [T1x_rxn2893] ❌ 错误 | 原子数：9
  - 正确映射：[4 3 1 8 7 5 6 0 2]
  - 预测映射：[4 3 1 8 5 7 6 0 2]
[test_sample_00261] [T1x_rxn2894] ❌ 错误 | 原子数：9
  - 正确映射：[1 7 8 2 6 5 4 3 0]
  - 预测映射：[1 7 8 2 5 0 6 3 4]
[test_sample_00262] [T1x_rxn2895] ❌ 错误 | 原子数：9
  - 正确映射：[6 8 7 5 4 1 0 3 2]
  - 预测映射：[6 8 7 5 1 0 4 2 3]
[test_sample_00263] [T1x_rxn2896] ❌ 错误 | 原子数：9
  - 正确映射：[1 2 3 7 5 4 0 8 6]
  - 预测映射：[2 1 3 7 8 4 6 5 0]
[test_sample_00264] [T1x_rxn4248] ❌ 错误 | 原子数：9
  - 正确映射：[8 7 0 2 1 4 5 6 3]
  - 预测映射：[8 7 0 2 1 6 4 5 3]
[test_sample_00265] [T1x_rxn4249] ❌ 错误 | 原子数：9
  - 正确映射：[0 7 4 5 6 8 2 3 1]
  - 预测映射：[0 7 4 5 6 2 8 3 1]
[test_sample_00266] [T1x_rxn4250] ❌ 错误 | 原子数：9
  - 正确映射：[5 3 7 0 2 6 4 8 1]
  - 预测映射：[5 3 7 0 2 4 6 8 1]
[test_sample_00267] [T1x_rxn4251] ❌ 错误 | 原子数：9
  - 正确映射：[0 8 1 3 6 4 2 7 5]
  - 预测映射：[0 8 1 3 2 6 4 7 5]
[test_sample_00268] [T1x_rxn4252] ✅ 严格正确 | 原子数：9
[test_sample_00269] [T1x_rxn9281] ❌ 错误 | 原子数：9
  - 正确映射：[7 4 0 3 8 6 2 5 1]
  - 预测映射：[7 4 0 3 8 5 6 2 1]
[test_sample_00270] [T1x_rxn1961] ❌ 错误 | 原子数：10
  - 正确映射：[9 5 6 7 8 0 2 4 1 3]
  - 预测映射：[9 5 6 7 8 4 2 0 1 3]
[test_sample_00271] [T1x_rxn1962] ❌ 错误 | 原子数：10
  - 正确映射：[4 6 2 1 3 0 5 8 9 7]
  - 预测映射：[4 6 2 1 3 8 5 9 0 7]
[test_sample_00272] [T1x_rxn3682] ❌ 错误 | 原子数：10
  - 正确映射：[5 0 6 8 3 2 7 4 9 1]
  - 预测映射：[5 8 3 0 6 1 7 9 4 2]
[test_sample_00273] [T1x_rxn3683] ❌ 错误 | 原子数：10
  - 正确映射：[0 7 6 8 2 4 5 1 3 9]
  - 预测映射：[0 7 6 8 2 5 1 4 3 9]
[test_sample_00274] [T1x_rxn3684] ❌ 错误 | 原子数：10
  - 正确映射：[8 1 2 3 6 4 0 9 7 5]
  - 预测映射：[8 1 2 3 6 4 0 5 9 7]
[test_sample_00275] [T1x_rxn3685] ✅ 严格正确 | 原子数：10
[test_sample_00276] [T1x_rxn2504] ❌ 错误 | 原子数：11
  - 正确映射：[ 9  7  8 10  1  5  0  2  3  4  6]
  - 预测映射：[ 9  7  8 10  1  5  2  0  6  3  4]
[test_sample_00277] [T1x_rxn2505] ✅ 严格正确 | 原子数：11
[test_sample_00278] [T1x_rxn2392] ❌ 错误 | 原子数：9
  - 正确映射：[3 4 8 2 6 5 1 0 7]
  - 预测映射：[3 4 8 2 6 5 0 1 7]
[test_sample_00279] [T1x_rxn2393] ❌ 错误 | 原子数：9
  - 正确映射：[4 5 7 0 8 3 2 1 6]
  - 预测映射：[4 5 7 2 0 8 1 3 6]
[test_sample_00280] [T1x_rxn2394] ❌ 错误 | 原子数：9
  - 正确映射：[8 7 1 0 2 6 3 4 5]
  - 预测映射：[7 8 1 3 4 5 0 2 6]
[test_sample_00281] [T1x_rxn4702] ❌ 错误 | 原子数：9
  - 正确映射：[6 1 2 3 5 4 7 0 8]
  - 预测映射：[6 1 2 3 4 5 0 7 8]
[test_sample_00282] [T1x_rxn1073] ❌ 错误 | 原子数：10
  - 正确映射：[5 0 1 6 8 4 2 3 7 9]
  - 预测映射：[5 0 1 6 3 4 2 8 9 7]
[test_sample_00283] [T1x_rxn1074] ❌ 错误 | 原子数：10
  - 正确映射：[0 3 1 7 6 8 5 9 2 4]
  - 预测映射：[7 3 1 0 9 2 8 6 5 4]
[test_sample_00284] [T1x_rxn1075] ❌ 错误 | 原子数：10
  - 正确映射：[8 2 7 5 3 0 1 4 6 9]
  - 预测映射：[5 7 2 8 6 4 9 0 3 1]
[test_sample_00285] [T1x_rxn9054] ❌ 错误 | 原子数：10
  - 正确映射：[3 8 0 9 7 2 5 6 4 1]
  - 预测映射：[9 0 8 3 6 4 1 5 2 7]
[test_sample_00286] [T1x_rxn9055] ❌ 错误 | 原子数：10
  - 正确映射：[1 4 8 7 9 6 5 0 3 2]
  - 预测映射：[7 8 4 1 3 0 6 2 9 5]
[test_sample_00287] [T1x_rxn4439] ✅ 严格正确 | 原子数：5
[test_sample_00288] [T1x_rxn4440] ✅ 严格正确 | 原子数：5
[test_sample_00289] [T1x_rxn4441] ✅ 严格正确 | 原子数：5
[test_sample_00290] [T1x_rxn4442] ✅ 严格正确 | 原子数：5
[test_sample_00291] [T1x_rxn1883] ✅ 严格正确 | 原子数：7
[test_sample_00292] [T1x_rxn3923] ✅ 严格正确 | 原子数：4
[test_sample_00293] [T1x_rxn1185] ❌ 错误 | 原子数：7
  - 正确映射：[2 4 1 0 5 3 6]
  - 预测映射：[5 0 1 4 2 3 6]
[test_sample_00294] [T1x_rxn0281] ✅ 严格正确 | 原子数：8
[test_sample_00295] [T1x_rxn0282] ❌ 错误 | 原子数：8
  - 正确映射：[4 5 6 3 7 2 0 1]
  - 预测映射：[4 5 7 2 6 3 0 1]
[test_sample_00296] [T1x_rxn0283] ❌ 错误 | 原子数：8
  - 正确映射：[6 4 1 0 2 5 3 7]
  - 预测映射：[6 4 2 5 1 0 3 7]
[test_sample_00297] [T1x_rxn0284] ❌ 错误 | 原子数：8
  - 正确映射：[5 4 1 0 3 2 7 6]
  - 预测映射：[5 4 3 2 1 0 7 6]
[test_sample_00298] [T1x_rxn5104] ✅ 严格正确 | 原子数：9
[test_sample_00299] [T1x_rxn5105] ✅ 严格正确 | 原子数：9
[test_sample_00300] [T1x_rxn5106] ✅ 严格正确 | 原子数：9
[test_sample_00301] [T1x_rxn5107] ✅ 严格正确 | 原子数：9
[test_sample_00302] [T1x_rxn5108] ❌ 错误 | 原子数：9
  - 正确映射：[7 6 4 0 2 8 3 1 5]
  - 预测映射：[7 6 4 8 2 0 3 1 5]
[test_sample_00303] [T1x_rxn5109] ✅ 严格正确 | 原子数：9
[test_sample_00304] [T1x_rxn5110] ✅ 严格正确 | 原子数：9
[test_sample_00305] [T1x_rxn5111] ❌ 错误 | 原子数：9
  - 正确映射：[7 8 5 1 6 3 0 2 4]
  - 预测映射：[7 8 6 1 5 3 0 2 4]
[test_sample_00306] [T1x_rxn5112] ✅ 严格正确 | 原子数：9
[test_sample_00307] [T1x_rxn6954] ✅ 严格正确 | 原子数：9
[test_sample_00308] [T1x_rxn6955] ✅ 严格正确 | 原子数：9
[test_sample_00309] [T1x_rxn6956] ✅ 严格正确 | 原子数：9
[test_sample_00310] [T1x_rxn6957] ✅ 严格正确 | 原子数：9
[test_sample_00311] [T1x_rxn6958] ❌ 错误 | 原子数：9
  - 正确映射：[3 6 0 8 4 7 5 1 2]
  - 预测映射：[5 6 0 8 4 7 3 1 2]
[test_sample_00312] [T1x_rxn6959] ✅ 严格正确 | 原子数：9
[test_sample_00313] [T1x_rxn9510] ✅ 严格正确 | 原子数：9
[test_sample_00314] [T1x_rxn9775] ✅ 严格正确 | 原子数：9
[test_sample_00315] [T1x_rxn9776] ✅ 严格正确 | 原子数：9
[test_sample_00316] [T1x_rxn6784] ❌ 错误 | 原子数：9
  - 正确映射：[5 0 2 3 4 6 7 8 1]
  - 预测映射：[5 0 2 3 6 7 4 8 1]
[test_sample_00317] [T1x_rxn6785] ❌ 错误 | 原子数：9
  - 正确映射：[3 1 2 6 8 0 7 4 5]
  - 预测映射：[3 1 2 6 8 0 7 5 4]
[test_sample_00318] [T1x_rxn6786] ❌ 错误 | 原子数：9
  - 正确映射：[8 1 5 4 6 7 0 2 3]
  - 预测映射：[7 1 5 4 6 8 0 3 2]
[test_sample_00319] [T1x_rxn6787] ✅ 严格正确 | 原子数：9
[test_sample_00320] [T1x_rxn6788] ✅ 严格正确 | 原子数：9
[test_sample_00321] [T1x_rxn6789] ✅ 严格正确 | 原子数：9
[test_sample_00322] [T1x_rxn6790] ✅ 严格正确 | 原子数：9
[test_sample_00323] [T1x_rxn1388] ✅ 严格正确 | 原子数：6
[test_sample_00324] [T1x_rxn1389] ❌ 错误 | 原子数：6
  - 正确映射：[1 5 4 3 2 0]
  - 预测映射：[1 5 3 4 2 0]
[test_sample_00325] [T1x_rxn1390] ✅ 严格正确 | 原子数：6
[test_sample_00326] [T1x_rxn1391] ✅ 严格正确 | 原子数：6
[test_sample_00327] [T1x_rxn0094] ❌ 错误 | 原子数：8
  - 正确映射：[2 0 4 1 3 5 6 7]
  - 预测映射：[2 0 5 3 1 4 7 6]
[test_sample_00328] [T1x_rxn0095] ❌ 错误 | 原子数：8
  - 正确映射：[7 6 2 5 0 3 1 4]
  - 预测映射：[7 6 3 0 5 2 4 1]
[test_sample_00329] [T1x_rxn0096] ✅ 严格正确 | 原子数：8
[test_sample_00330] [T1x_rxn0097] ✅ 严格正确 | 原子数：8
[test_sample_00331] [T1x_rxn3915] ❌ 错误 | 原子数：8
  - 正确映射：[0 6 5 2 3 1 7 4]
  - 预测映射：[0 6 3 1 5 2 7 4]
[test_sample_00332] [T1x_rxn3916] ❌ 错误 | 原子数：8
  - 正确映射：[5 0 4 1 6 2 3 7]
  - 预测映射：[2 6 4 1 0 5 7 3]
[test_sample_00333] [T1x_rxn3917] ❌ 错误 | 原子数：8
  - 正确映射：[6 2 5 7 4 1 3 0]
  - 预测映射：[6 4 2 1 5 7 0 3]
[test_sample_00334] [T1x_rxn3918] ❌ 错误 | 原子数：8
  - 正确映射：[0 5 2 3 7 4 1 6]
  - 预测映射：[4 7 2 3 5 0 6 1]
[test_sample_00335] [T1x_rxn3919] ✅ 严格正确 | 原子数：8
[test_sample_00336] [T1x_rxn3920] ❌ 错误 | 原子数：8
  - 正确映射：[5 2 3 1 7 6 0 4]
  - 预测映射：[5 2 7 6 3 1 0 4]
[test_sample_00337] [T1x_rxn3921] ❌ 错误 | 原子数：8
  - 正确映射：[7 0 5 6 3 4 2 1]
  - 预测映射：[6 5 0 7 3 4 2 1]
[test_sample_00338] [T1x_rxn3922] ❌ 错误 | 原子数：8
  - 正确映射：[1 0 7 4 3 2 5 6]
  - 预测映射：[4 7 3 2 0 1 6 5]
[test_sample_00339] [T1x_rxn9398] ❌ 错误 | 原子数：8
  - 正确映射：[1 7 3 6 2 4 5 0]
  - 预测映射：[4 2 3 6 7 1 0 5]
[test_sample_00340] [T1x_rxn0687] ❌ 错误 | 原子数：9
  - 正确映射：[5 3 4 7 8 6 1 0 2]
  - 预测映射：[5 3 4 7 8 6 2 0 1]
[test_sample_00341] [T1x_rxn0688] ❌ 错误 | 原子数：9
  - 正确映射：[1 5 2 7 4 6 0 8 3]
  - 预测映射：[6 5 7 2 4 1 3 8 0]
[test_sample_00342] [T1x_rxn0689] ❌ 错误 | 原子数：9
  - 正确映射：[3 4 2 6 5 7 8 1 0]
  - 预测映射：[7 4 2 6 5 3 0 1 8]
[test_sample_00343] [T1x_rxn0690] ❌ 错误 | 原子数：9
  - 正确映射：[5 6 3 4 1 8 7 0 2]
  - 预测映射：[5 8 1 4 3 6 7 2 0]
[test_sample_00344] [T1x_rxn0691] ❌ 错误 | 原子数：9
  - 正确映射：[4 7 3 2 1 0 8 6 5]
  - 预测映射：[4 7 2 3 1 0 8 6 5]
[test_sample_00345] [T1x_rxn0692] ❌ 错误 | 原子数：9
  - 正确映射：[0 2 6 7 5 3 4 1 8]
  - 预测映射：[3 2 7 6 5 0 4 1 8]
[test_sample_00346] [T1x_rxn0693] ❌ 错误 | 原子数：9
  - 正确映射：[4 5 8 3 2 1 7 6 0]
  - 预测映射：[4 1 2 3 8 5 7 0 6]
[test_sample_00347] [T1x_rxn1572] ✅ 严格正确 | 原子数：9
[test_sample_00348] [T1x_rxn1573] ✅ 严格正确 | 原子数：9
[test_sample_00349] [T1x_rxn1574] ❌ 错误 | 原子数：9
  - 正确映射：[4 2 8 6 7 1 5 0 3]
  - 预测映射：[4 2 7 1 8 6 3 5 0]
[test_sample_00350] [T1x_rxn3239] ❌ 错误 | 原子数：9
  - 正确映射：[0 3 2 8 6 1 5 4 7]
  - 预测映射：[2 3 0 1 6 8 4 5 7]
[test_sample_00351] [T1x_rxn3240] ❌ 错误 | 原子数：9
  - 正确映射：[7 0 4 1 5 6 3 8 2]
  - 预测映射：[7 6 5 1 4 0 8 2 3]
[test_sample_00352] [T1x_rxn3241] ❌ 错误 | 原子数：9
  - 正确映射：[4 5 2 8 6 1 7 3 0]
  - 预测映射：[2 8 6 1 4 5 3 0 7]
[test_sample_00353] [T1x_rxn9122] ✅ 严格正确 | 原子数：9
[test_sample_00354] [T1x_rxn9123] ✅ 严格正确 | 原子数：9
[test_sample_00355] [T1x_rxn4979] ✅ 严格正确 | 原子数：10
[test_sample_00356] [T1x_rxn4980] ✅ 严格正确 | 原子数：10
[test_sample_00357] [T1x_rxn4981] ❌ 错误 | 原子数：10
  - 正确映射：[3 4 0 6 2 7 8 9 1 5]
  - 预测映射：[3 4 6 8 7 2 0 9 5 1]
[test_sample_00358] [T1x_rxn4982] ✅ 严格正确 | 原子数：10
[test_sample_00359] [T1x_rxn4983] ✅ 严格正确 | 原子数：10
[test_sample_00360] [T1x_rxn4984] ✅ 严格正确 | 原子数：10
[test_sample_00361] [T1x_rxn5874] ❌ 错误 | 原子数：10
  - 正确映射：[6 3 9 2 7 4 0 8 5 1]
  - 预测映射：[6 3 0 2 9 4 7 1 5 8]
[test_sample_00362] [T1x_rxn5875] ❌ 错误 | 原子数：10
  - 正确映射：[0 6 2 3 7 5 8 9 4 1]
  - 预测映射：[0 6 2 5 7 3 8 9 1 4]
[test_sample_00363] [T1x_rxn5876] ✅ 严格正确 | 原子数：10
[test_sample_00364] [T1x_rxn5877] ✅ 严格正确 | 原子数：10
[test_sample_00365] [T1x_rxn5878] ✅ 严格正确 | 原子数：10
[test_sample_00366] [T1x_rxn5879] ✅ 严格正确 | 原子数：10
[test_sample_00367] [T1x_rxn5880] ✅ 严格正确 | 原子数：10
[test_sample_00368] [T1x_rxn5881] ❌ 错误 | 原子数：10
  - 正确映射：[7 5 9 1 6 8 3 4 2 0]
  - 预测映射：[7 5 9 1 3 8 6 4 2 0]
[test_sample_00369] [T1x_rxn6004] ✅ 严格正确 | 原子数：10
[test_sample_00370] [T1x_rxn6005] ✅ 严格正确 | 原子数：10
[test_sample_00371] [T1x_rxn6006] ✅ 严格正确 | 原子数：10
[test_sample_00372] [T1x_rxn6007] ❌ 错误 | 原子数：10
  - 正确映射：[0 8 3 2 9 5 6 4 7 1]
  - 预测映射：[0 8 5 6 9 3 2 7 1 4]
[test_sample_00373] [T1x_rxn6008] ✅ 严格正确 | 原子数：10
[test_sample_00374] [T1x_rxn6009] ✅ 严格正确 | 原子数：10
[test_sample_00375] [T1x_rxn6010] ✅ 严格正确 | 原子数：10
[test_sample_00376] [T1x_rxn6011] ✅ 严格正确 | 原子数：10
[test_sample_00377] [T1x_rxn6012] ✅ 严格正确 | 原子数：10
[test_sample_00378] [T1x_rxn6013] ✅ 严格正确 | 原子数：10
[test_sample_00379] [T1x_rxn6014] ✅ 严格正确 | 原子数：10
[test_sample_00380] [T1x_rxn6015] ❌ 错误 | 原子数：10
  - 正确映射：[7 3 4 1 6 5 0 9 8 2]
  - 预测映射：[7 3 5 6 1 4 0 9 2 8]
[test_sample_00381] [T1x_rxn7723] ❌ 错误 | 原子数：10
  - 正确映射：[8 0 7 1 2 5 4 3 9 6]
  - 预测映射：[8 0 7 1 2 4 5 3 6 9]
[test_sample_00382] [T1x_rxn7724] ❌ 错误 | 原子数：10
  - 正确映射：[8 1 5 2 7 4 6 9 0 3]
  - 预测映射：[2 6 5 8 7 1 4 9 0 3]
[test_sample_00383] [T1x_rxn7725] ❌ 错误 | 原子数：10
  - 正确映射：[8 1 9 5 7 4 0 3 2 6]
  - 预测映射：[5 0 9 8 7 1 4 2 3 6]
[test_sample_00384] [T1x_rxn7726] ❌ 错误 | 原子数：10
  - 正确映射：[2 3 5 9 6 1 0 7 4 8]
  - 预测映射：[2 3 5 9 6 0 1 7 4 8]
[test_sample_00385] [T1x_rxn7727] ❌ 错误 | 原子数：10
  - 正确映射：[8 1 9 3 0 7 5 4 2 6]
  - 预测映射：[8 5 9 3 0 7 1 6 2 4]
[test_sample_00386] [T1x_rxn7728] ❌ 错误 | 原子数：10
  - 正确映射：[6 8 9 0 7 1 2 5 4 3]
  - 预测映射：[6 2 0 9 7 1 8 3 4 5]
[test_sample_00387] [T1x_rxn7729] ❌ 错误 | 原子数：10
  - 正确映射：[5 9 3 7 4 0 8 2 6 1]
  - 预测映射：[7 9 3 5 4 8 0 2 1 6]
[test_sample_00388] [T1x_rxn7730] ✅ 严格正确 | 原子数：10
[test_sample_00389] [T1x_rxn7731] ❌ 错误 | 原子数：10
  - 正确映射：[4 3 7 1 0 9 2 8 6 5]
  - 预测映射：[4 2 1 7 0 9 3 6 8 5]
[test_sample_00390] [T1x_rxn7732] ❌ 错误 | 原子数：10
  - 正确映射：[8 2 1 7 6 3 9 5 4 0]
  - 预测映射：[8 2 1 7 6 3 9 0 4 5]
[test_sample_00391] [T1x_rxn7733] ❌ 错误 | 原子数：10
  - 正确映射：[7 6 0 2 5 3 8 1 4 9]
  - 预测映射：[7 6 0 2 5 3 8 9 4 1]
[test_sample_00392] [T1x_rxn9497] ❌ 错误 | 原子数：10
  - 正确映射：[7 9 8 2 3 6 5 1 0 4]
  - 预测映射：[7 3 8 5 9 6 2 1 4 0]
[test_sample_00393] [T1x_rxn9886] ✅ 严格正确 | 原子数：10
[test_sample_00394] [T1x_rxn9887] ❌ 错误 | 原子数：10
  - 正确映射：[4 8 1 5 6 2 0 7 9 3]
  - 预测映射：[4 0 1 5 6 2 8 3 9 7]
[test_sample_00395] [T1x_rxn0809] ✅ 严格正确 | 原子数：8
[test_sample_00396] [T1x_rxn0810] ❌ 错误 | 原子数：8
  - 正确映射：[1 3 2 5 7 6 4 0]
  - 预测映射：[1 3 2 5 7 6 0 4]
[test_sample_00397] [T1x_rxn0811] ❌ 错误 | 原子数：8
  - 正确映射：[0 5 3 2 7 1 4 6]
  - 预测映射：[0 5 2 3 7 1 4 6]
[test_sample_00398] [T1x_rxn0812] ✅ 严格正确 | 原子数：8
[test_sample_00399] [T1x_rxn0813] ✅ 严格正确 | 原子数：8
[test_sample_00400] [T1x_rxn0814] ❌ 错误 | 原子数：8
  - 正确映射：[1 3 7 2 6 5 4 0]
  - 预测映射：[1 3 7 2 6 4 0 5]
[test_sample_00401] [T1x_rxn0815] ✅ 严格正确 | 原子数：8
[test_sample_00402] [T1x_rxn2386] ✅ 严格正确 | 原子数：8
[test_sample_00403] [T1x_rxn2387] ❌ 错误 | 原子数：8
  - 正确映射：[6 5 4 7 1 0 3 2]
  - 预测映射：[6 7 4 5 1 3 0 2]
[test_sample_00404] [T1x_rxn2481] ❌ 错误 | 原子数：8
  - 正确映射：[4 0 6 5 1 3 2 7]
  - 预测映射：[4 0 6 5 1 3 7 2]
[test_sample_00405] [T1x_rxn2482] ❌ 错误 | 原子数：8
  - 正确映射：[5 7 2 1 6 4 0 3]
  - 预测映射：[5 1 2 7 6 4 0 3]
[test_sample_00406] [T1x_rxn2483] ❌ 错误 | 原子数：8
  - 正确映射：[4 5 1 0 7 3 2 6]
  - 预测映射：[4 5 1 0 7 3 6 2]
[test_sample_00407] [T1x_rxn2484] ❌ 错误 | 原子数：8
  - 正确映射：[3 4 1 7 6 5 2 0]
  - 预测映射：[3 1 4 7 6 5 2 0]
[test_sample_00408] [T1x_rxn2485] ✅ 严格正确 | 原子数：8
[test_sample_00409] [T1x_rxn2486] ❌ 错误 | 原子数：8
  - 正确映射：[3 2 1 0 4 6 5 7]
  - 预测映射：[3 2 0 1 4 6 5 7]
[test_sample_00410] [T1x_rxn2487] ❌ 错误 | 原子数：8
  - 正确映射：[6 1 7 5 4 2 3 0]
  - 预测映射：[6 1 7 5 4 3 2 0]
[test_sample_00411] [T1x_rxn2488] ❌ 错误 | 原子数：8
  - 正确映射：[5 1 7 2 3 4 0 6]
  - 预测映射：[5 1 7 2 3 4 6 0]
[test_sample_00412] [T1x_rxn2489] ❌ 错误 | 原子数：8
  - 正确映射：[4 5 6 7 1 2 0 3]
  - 预测映射：[4 5 6 7 1 2 3 0]
[test_sample_00413] [T1x_rxn2913] ✅ 严格正确 | 原子数：8
[test_sample_00414] [T1x_rxn2914] ✅ 严格正确 | 原子数：8
[test_sample_00415] [T1x_rxn2915] ✅ 严格正确 | 原子数：8
[test_sample_00416] [T1x_rxn2916] ❌ 错误 | 原子数：8
  - 正确映射：[6 3 4 0 2 7 1 5]
  - 预测映射：[6 3 4 0 2 7 5 1]
[test_sample_00417] [T1x_rxn2917] ✅ 严格正确 | 原子数：8
[test_sample_00418] [T1x_rxn2918] ❌ 错误 | 原子数：8
  - 正确映射：[2 4 7 6 0 3 1 5]
  - 预测映射：[2 6 7 4 0 3 1 5]
[test_sample_00419] [T1x_rxn3468] ❌ 错误 | 原子数：8
  - 正确映射：[3 7 0 4 1 2 5 6]
  - 预测映射：[3 7 0 4 1 5 6 2]
[test_sample_00420] [T1x_rxn3469] ❌ 错误 | 原子数：8
  - 正确映射：[7 1 3 6 5 2 0 4]
  - 预测映射：[1 7 3 6 5 2 0 4]
[test_sample_00421] [T1x_rxn3470] ✅ 严格正确 | 原子数：8
[test_sample_00422] [T1x_rxn3471] ❌ 错误 | 原子数：8
  - 正确映射：[1 4 5 7 0 2 3 6]
  - 预测映射：[1 4 5 7 0 3 6 2]
[test_sample_00423] [T1x_rxn3472] ❌ 错误 | 原子数：8
  - 正确映射：[0 6 1 5 2 3 7 4]
  - 预测映射：[0 6 1 5 2 7 4 3]
[test_sample_00424] [T1x_rxn4368] ❌ 错误 | 原子数：8
  - 正确映射：[4 6 7 1 5 3 2 0]
  - 预测映射：[4 5 7 1 6 0 2 3]
[test_sample_00425] [T1x_rxn4369] ❌ 错误 | 原子数：8
  - 正确映射：[2 1 6 3 5 7 4 0]
  - 预测映射：[2 6 5 3 1 7 4 0]
[test_sample_00426] [T1x_rxn4370] ❌ 错误 | 原子数：8
  - 正确映射：[1 5 0 4 6 7 2 3]
  - 预测映射：[1 5 0 4 6 2 7 3]
[test_sample_00427] [T1x_rxn4371] ✅ 严格正确 | 原子数：8
[test_sample_00428] [T1x_rxn4372] ✅ 严格正确 | 原子数：8
[test_sample_00429] [T1x_rxn4373] ❌ 错误 | 原子数：8
  - 正确映射：[4 5 6 2 0 7 1 3]
  - 预测映射：[4 0 6 2 5 3 1 7]
[test_sample_00430] [T1x_rxn4374] ❌ 错误 | 原子数：8
  - 正确映射：[2 3 6 5 7 4 0 1]
  - 预测映射：[2 7 6 5 3 1 0 4]
[test_sample_00431] [T1x_rxn4375] ✅ 严格正确 | 原子数：8
[test_sample_00432] [T1x_rxn4376] ✅ 严格正确 | 原子数：8
[test_sample_00433] [T1x_rxn4377] ✅ 严格正确 | 原子数：8
[test_sample_00434] [T1x_rxn4378] ❌ 错误 | 原子数：8
  - 正确映射：[2 1 0 3 4 5 6 7]
  - 预测映射：[2 1 4 3 0 5 6 7]
[test_sample_00435] [T1x_rxn9236] ❌ 错误 | 原子数：8
  - 正确映射：[2 4 7 1 6 3 5 0]
  - 预测映射：[2 4 7 1 6 3 0 5]
[test_sample_00436] [T1x_rxn9437] ❌ 错误 | 原子数：8
  - 正确映射：[5 2 7 1 0 4 6 3]
  - 预测映射：[5 2 0 1 7 4 3 6]
[test_sample_00437] [T1x_rxn0179] ✅ 严格正确 | 原子数：9
[test_sample_00438] [T1x_rxn0180] ✅ 严格正确 | 原子数：9
[test_sample_00439] [T1x_rxn0181] ❌ 错误 | 原子数：9
  - 正确映射：[3 8 5 6 1 4 7 0 2]
  - 预测映射：[6 8 5 3 1 4 0 2 7]
[test_sample_00440] [T1x_rxn0182] ❌ 错误 | 原子数：9
  - 正确映射：[7 5 2 3 1 6 0 4 8]
  - 预测映射：[7 5 2 3 1 6 0 8 4]
[test_sample_00441] [T1x_rxn0262] ❌ 错误 | 原子数：9
  - 正确映射：[7 5 4 6 8 2 1 0 3]
  - 预测映射：[6 8 4 7 5 2 0 1 3]
[test_sample_00442] [T1x_rxn0263] ✅ 严格正确 | 原子数：9
[test_sample_00443] [T1x_rxn0264] ❌ 错误 | 原子数：9
  - 正确映射：[8 5 3 2 1 0 6 4 7]
  - 预测映射：[8 5 3 2 1 0 6 7 4]
[test_sample_00444] [T1x_rxn0265] ❌ 错误 | 原子数：9
  - 正确映射：[6 4 5 1 8 0 3 2 7]
  - 预测映射：[6 4 5 1 8 0 3 7 2]
[test_sample_00445] [T1x_rxn0266] ✅ 严格正确 | 原子数：9
[test_sample_00446] [T1x_rxn0267] ✅ 严格正确 | 原子数：9
[test_sample_00447] [T1x_rxn0268] ✅ 严格正确 | 原子数：9
[test_sample_00448] [T1x_rxn1269] ❌ 错误 | 原子数：9
  - 正确映射：[6 4 7 8 0 1 5 3 2]
  - 预测映射：[7 4 6 8 0 1 5 2 3]
[test_sample_00449] [T1x_rxn1270] ❌ 错误 | 原子数：9
  - 正确映射：[6 1 8 2 7 3 0 5 4]
  - 预测映射：[8 1 6 2 7 3 0 4 5]
[test_sample_00450] [T1x_rxn1271] ❌ 错误 | 原子数：9
  - 正确映射：[2 4 8 3 7 5 0 6 1]
  - 预测映射：[8 4 2 7 3 5 0 6 1]
[test_sample_00451] [T1x_rxn1272] ❌ 错误 | 原子数：9
  - 正确映射：[0 4 8 2 5 3 1 6 7]
  - 预测映射：[8 4 0 5 2 3 1 6 7]
[test_sample_00452] [T1x_rxn1273] ✅ 严格正确 | 原子数：9
[test_sample_00453] [T1x_rxn2053] ❌ 错误 | 原子数：9
  - 正确映射：[2 3 6 1 8 4 7 5 0]
  - 预测映射：[2 3 8 1 6 4 5 0 7]
[test_sample_00454] [T1x_rxn2054] ❌ 错误 | 原子数：9
  - 正确映射：[0 6 4 2 7 3 1 8 5]
  - 预测映射：[0 6 7 2 4 3 8 5 1]
[test_sample_00455] [T1x_rxn2100] ❌ 错误 | 原子数：9
  - 正确映射：[6 4 8 1 0 5 7 3 2]
  - 预测映射：[6 4 8 1 0 5 3 7 2]
[test_sample_00456] [T1x_rxn2101] ❌ 错误 | 原子数：9
  - 正确映射：[8 0 3 4 7 6 5 2 1]
  - 预测映射：[8 0 3 4 7 6 2 5 1]
[test_sample_00457] [T1x_rxn2102] ❌ 错误 | 原子数：9
  - 正确映射：[1 6 0 2 5 4 3 8 7]
  - 预测映射：[4 5 0 2 6 1 3 7 8]
[test_sample_00458] [T1x_rxn2103] ❌ 错误 | 原子数：9
  - 正确映射：[4 7 1 3 0 5 2 8 6]
  - 预测映射：[4 7 1 3 0 5 8 2 6]
[test_sample_00459] [T1x_rxn2104] ✅ 严格正确 | 原子数：9
[test_sample_00460] [T1x_rxn2105] ✅ 严格正确 | 原子数：9
[test_sample_00461] [T1x_rxn2379] ✅ 严格正确 | 原子数：9
[test_sample_00462] [T1x_rxn2380] ✅ 严格正确 | 原子数：9
[test_sample_00463] [T1x_rxn2381] ✅ 严格正确 | 原子数：9
[test_sample_00464] [T1x_rxn2382] ❌ 错误 | 原子数：9
  - 正确映射：[0 5 3 2 8 1 7 4 6]
  - 预测映射：[2 3 5 0 8 1 4 7 6]
[test_sample_00465] [T1x_rxn2383] ❌ 错误 | 原子数：9
  - 正确映射：[8 3 5 2 7 1 4 0 6]
  - 预测映射：[8 3 7 2 5 1 4 6 0]
[test_sample_00466] [T1x_rxn2384] ✅ 严格正确 | 原子数：9
[test_sample_00467] [T1x_rxn2385] ✅ 严格正确 | 原子数：9
[test_sample_00468] [T1x_rxn3151] ✅ 严格正确 | 原子数：9
[test_sample_00469] [T1x_rxn3152] ✅ 严格正确 | 原子数：9
[test_sample_00470] [T1x_rxn3153] ❌ 错误 | 原子数：9
  - 正确映射：[4 7 6 8 3 1 2 5 0]
  - 预测映射：[8 6 7 4 3 1 2 0 5]
[test_sample_00471] [T1x_rxn3154] ❌ 错误 | 原子数：9
  - 正确映射：[3 0 1 5 8 6 7 2 4]
  - 预测映射：[5 8 0 3 1 6 7 4 2]
[test_sample_00472] [T1x_rxn3155] ✅ 严格正确 | 原子数：9
[test_sample_00473] [T1x_rxn3156] ✅ 严格正确 | 原子数：9
[test_sample_00474] [T1x_rxn3157] ✅ 严格正确 | 原子数：9
[test_sample_00475] [T1x_rxn3158] ❌ 错误 | 原子数：9
  - 正确映射：[3 8 7 4 0 1 2 5 6]
  - 预测映射：[4 8 7 3 0 1 2 6 5]
[test_sample_00476] [T1x_rxn3159] ✅ 严格正确 | 原子数：9
[test_sample_00477] [T1x_rxn4817] ❌ 错误 | 原子数：9
  - 正确映射：[1 7 4 3 5 6 2 0 8]
  - 预测映射：[1 7 4 3 5 6 0 2 8]
[test_sample_00478] [T1x_rxn4818] ✅ 严格正确 | 原子数：9
[test_sample_00479] [T1x_rxn4819] ✅ 严格正确 | 原子数：9
[test_sample_00480] [T1x_rxn4820] ✅ 严格正确 | 原子数：9
[test_sample_00481] [T1x_rxn4821] ❌ 错误 | 原子数：9
  - 正确映射：[7 6 5 3 4 2 1 8 0]
  - 预测映射：[7 6 5 4 3 2 0 8 1]
[test_sample_00482] [T1x_rxn4822] ✅ 严格正确 | 原子数：9
[test_sample_00483] [T1x_rxn4823] ✅ 严格正确 | 原子数：9
[test_sample_00484] [T1x_rxn4824] ✅ 严格正确 | 原子数：9
[test_sample_00485] [T1x_rxn4825] ❌ 错误 | 原子数：9
  - 正确映射：[3 5 7 0 8 4 6 2 1]
  - 预测映射：[3 5 7 0 8 4 6 1 2]
[test_sample_00486] [T1x_rxn4826] ✅ 严格正确 | 原子数：9
[test_sample_00487] [T1x_rxn4827] ✅ 严格正确 | 原子数：9
[test_sample_00488] [T1x_rxn8955] ❌ 错误 | 原子数：9
  - 正确映射：[6 8 0 4 5 3 7 2 1]
  - 预测映射：[6 8 0 4 5 3 7 1 2]
[test_sample_00489] [T1x_rxn8956] ✅ 严格正确 | 原子数：9
[test_sample_00490] [T1x_rxn9179] ❌ 错误 | 原子数：9
  - 正确映射：[4 5 6 7 2 3 8 0 1]
  - 预测映射：[4 5 2 7 6 3 1 0 8]
[test_sample_00491] [T1x_rxn9218] ❌ 错误 | 原子数：9
  - 正确映射：[2 5 6 1 8 0 4 3 7]
  - 预测映射：[1 5 6 2 8 0 3 4 7]
[test_sample_00492] [T1x_rxn9219] ✅ 严格正确 | 原子数：9
[test_sample_00493] [T1x_rxn9309] ✅ 严格正确 | 原子数：9
[test_sample_00494] [T1x_rxn9310] ❌ 错误 | 原子数：9
  - 正确映射：[1 2 7 6 5 8 3 4 0]
  - 预测映射：[1 2 7 6 5 8 0 3 4]
[test_sample_00495] [T1x_rxn5472] ✅ 严格正确 | 原子数：10
[test_sample_00496] [T1x_rxn5473] ❌ 错误 | 原子数：10
  - 正确映射：[5 4 7 0 2 8 1 9 3 6]
  - 预测映射：[5 8 1 0 2 4 7 6 3 9]
[test_sample_00497] [T1x_rxn5474] ✅ 严格正确 | 原子数：10
[test_sample_00498] [T1x_rxn5475] ❌ 错误 | 原子数：10
  - 正确映射：[5 0 6 9 1 7 8 3 2 4]
  - 预测映射：[5 0 6 7 8 9 1 3 4 2]
[test_sample_00499] [T1x_rxn5476] ✅ 严格正确 | 原子数：10
[test_sample_00500] [T1x_rxn5477] ❌ 错误 | 原子数：10
  - 正确映射：[8 4 1 3 6 2 5 9 0 7]
  - 预测映射：[8 4 1 3 5 2 6 9 0 7]
[test_sample_00501] [T1x_rxn5478] ❌ 错误 | 原子数：10
  - 正确映射：[3 7 0 2 6 4 1 8 5 9]
  - 预测映射：[3 7 0 4 1 2 6 8 9 5]
[test_sample_00502] [T1x_rxn5479] ✅ 严格正确 | 原子数：10
[test_sample_00503] [T1x_rxn5480] ❌ 错误 | 原子数：10
  - 正确映射：[2 6 5 4 3 9 8 7 1 0]
  - 预测映射：[2 6 8 4 3 9 5 0 1 7]
[test_sample_00504] [T1x_rxn5481] ❌ 错误 | 原子数：10
  - 正确映射：[4 9 2 8 6 3 7 5 1 0]
  - 预测映射：[4 9 6 8 7 3 2 5 1 0]
[test_sample_00505] [T1x_rxn5482] ✅ 严格正确 | 原子数：10
[test_sample_00506] [T1x_rxn6966] ❌ 错误 | 原子数：10
  - 正确映射：[1 4 2 0 6 9 8 3 7 5]
  - 预测映射：[1 4 2 0 6 9 8 5 7 3]
[test_sample_00507] [T1x_rxn6967] ❌ 错误 | 原子数：10
  - 正确映射：[1 0 5 3 7 6 2 8 9 4]
  - 预测映射：[1 0 5 3 7 6 2 8 4 9]
[test_sample_00508] [T1x_rxn2391] ❌ 错误 | 原子数：7
  - 正确映射：[4 3 5 0 1 6 2]
  - 预测映射：[5 3 4 1 2 0 6]
[test_sample_00509] [T1x_rxn2674] ❌ 错误 | 原子数：9
  - 正确映射：[6 3 8 4 0 7 2 1 5]
  - 预测映射：[6 3 8 4 0 7 1 2 5]
[test_sample_00510] [T1x_rxn2675] ✅ 严格正确 | 原子数：9
[test_sample_00511] [T1x_rxn2676] ❌ 错误 | 原子数：9
  - 正确映射：[1 0 6 2 5 8 4 7 3]
  - 预测映射：[1 0 6 2 5 7 4 3 8]
[test_sample_00512] [T1x_rxn2677] ✅ 严格正确 | 原子数：9
[test_sample_00513] [T1x_rxn2678] ✅ 严格正确 | 原子数：9
[test_sample_00514] [T1x_rxn2679] ✅ 严格正确 | 原子数：9
[test_sample_00515] [T1x_rxn2680] ❌ 错误 | 原子数：9
  - 正确映射：[3 4 8 5 0 1 6 2 7]
  - 预测映射：[3 4 8 5 0 2 1 6 7]
[test_sample_00516] [T1x_rxn2681] ✅ 严格正确 | 原子数：9
[test_sample_00517] [T1x_rxn3072] ❌ 错误 | 原子数：9
  - 正确映射：[4 5 2 8 1 6 0 3 7]
  - 预测映射：[4 1 2 8 5 6 7 3 0]
[test_sample_00518] [T1x_rxn3073] ❌ 错误 | 原子数：9
  - 正确映射：[4 3 8 0 5 7 6 1 2]
  - 预测映射：[4 3 5 0 8 7 6 2 1]
[test_sample_00519] [T1x_rxn3074] ✅ 严格正确 | 原子数：9
[test_sample_00520] [T1x_rxn3075] ❌ 错误 | 原子数：9
  - 正确映射：[7 5 8 3 2 4 6 0 1]
  - 预测映射：[3 8 5 7 2 1 0 6 4]
[test_sample_00521] [T1x_rxn3076] ❌ 错误 | 原子数：9
  - 正确映射：[3 8 7 6 2 0 5 4 1]
  - 预测映射：[3 2 7 6 8 0 1 4 5]
[test_sample_00522] [T1x_rxn3077] ✅ 严格正确 | 原子数：9
[test_sample_00523] [T1x_rxn3078] ❌ 错误 | 原子数：9
  - 正确映射：[7 2 4 6 8 5 3 1 0]
  - 预测映射：[6 4 2 7 8 5 1 3 0]
[test_sample_00524] [T1x_rxn3079] ✅ 严格正确 | 原子数：9
[test_sample_00525] [T1x_rxn3080] ❌ 错误 | 原子数：9
  - 正确映射：[3 4 1 7 8 0 6 2 5]
  - 预测映射：[7 4 8 3 1 2 6 0 5]
[test_sample_00526] [T1x_rxn3081] ❌ 错误 | 原子数：9
  - 正确映射：[3 7 1 4 2 0 8 5 6]
  - 预测映射：[3 7 1 4 2 0 5 8 6]
[test_sample_00527] [T1x_rxn3082] ❌ 错误 | 原子数：9
  - 正确映射：[1 4 8 5 6 0 3 7 2]
  - 预测映射：[1 4 8 5 6 0 7 3 2]
[test_sample_00528] [T1x_rxn3967] ✅ 严格正确 | 原子数：9
[test_sample_00529] [T1x_rxn3968] ❌ 错误 | 原子数：9
  - 正确映射：[4 8 5 0 1 2 6 3 7]
  - 预测映射：[1 0 5 8 4 2 7 3 6]
[test_sample_00530] [T1x_rxn3969] ❌ 错误 | 原子数：9
  - 正确映射：[8 6 2 3 5 1 0 7 4]
  - 预测映射：[8 6 2 3 5 0 1 7 4]
[test_sample_00531] [T1x_rxn3970] ❌ 错误 | 原子数：9
  - 正确映射：[8 6 3 4 0 2 7 1 5]
  - 预测映射：[8 3 4 6 0 2 7 1 5]
[test_sample_00532] [T1x_rxn3971] ✅ 严格正确 | 原子数：9
[test_sample_00533] [T1x_rxn3972] ❌ 错误 | 原子数：9
  - 正确映射：[4 2 7 0 6 5 3 1 8]
  - 预测映射：[6 0 7 2 4 5 8 1 3]
[test_sample_00534] [T1x_rxn3973] ❌ 错误 | 原子数：9
  - 正确映射：[2 3 4 8 6 0 7 5 1]
  - 预测映射：[2 3 4 8 6 0 7 1 5]
[test_sample_00535] [T1x_rxn3974] ✅ 严格正确 | 原子数：9
[test_sample_00536] [T1x_rxn3975] ✅ 严格正确 | 原子数：9
[test_sample_00537] [T1x_rxn3976] ❌ 错误 | 原子数：9
  - 正确映射：[8 2 7 5 1 0 4 3 6]
  - 预测映射：[1 2 7 5 8 0 4 3 6]
[test_sample_00538] [T1x_rxn3977] ✅ 严格正确 | 原子数：9
[test_sample_00539] [T1x_rxn9403] ✅ 严格正确 | 原子数：9
[test_sample_00540] [T1x_rxn9404] ❌ 错误 | 原子数：9
  - 正确映射：[0 5 1 3 7 4 8 6 2]
  - 预测映射：[0 3 5 1 7 2 4 8 6]
[test_sample_00541] [T1x_rxn0313] ❌ 错误 | 原子数：10
  - 正确映射：[6 8 2 3 0 4 5 1 7 9]
  - 预测映射：[4 3 2 0 8 6 7 9 5 1]
[test_sample_00542] [T1x_rxn0314] ❌ 错误 | 原子数：10
  - 正确映射：[1 9 6 8 0 4 2 7 5 3]
  - 预测映射：[4 8 6 0 9 1 3 5 2 7]
[test_sample_00543] [T1x_rxn0315] ❌ 错误 | 原子数：10
  - 正确映射：[9 7 1 5 0 2 8 3 4 6]
  - 预测映射：[9 7 1 5 0 2 8 3 6 4]
[test_sample_00544] [T1x_rxn0316] ❌ 错误 | 原子数：10
  - 正确映射：[4 9 0 6 7 5 2 1 3 8]
  - 预测映射：[4 9 0 6 7 5 2 1 8 3]
[test_sample_00545] [T1x_rxn0317] ❌ 错误 | 原子数：10
  - 正确映射：[8 4 9 3 5 2 7 1 0 6]
  - 预测映射：[8 3 9 4 5 2 1 0 6 7]
[test_sample_00546] [T1x_rxn0318] ❌ 错误 | 原子数：10
  - 正确映射：[6 0 8 4 7 1 3 9 5 2]
  - 预测映射：[1 4 8 7 0 6 5 2 9 3]
[test_sample_00547] [T1x_rxn0319] ❌ 错误 | 原子数：10
  - 正确映射：[9 2 6 1 5 0 7 8 4 3]
  - 预测映射：[0 5 6 1 2 9 3 4 8 7]
[test_sample_00548] [T1x_rxn0357] ❌ 错误 | 原子数：10
  - 正确映射：[8 4 2 7 1 6 5 9 0 3]
  - 预测映射：[8 2 4 7 1 6 5 9 3 0]
[test_sample_00549] [T1x_rxn0358] ✅ 严格正确 | 原子数：10
[test_sample_00550] [T1x_rxn0359] ❌ 错误 | 原子数：10
  - 正确映射：[0 2 7 4 1 6 9 5 3 8]
  - 预测映射：[0 6 2 1 4 7 9 8 5 3]
[test_sample_00551] [T1x_rxn0360] ✅ 严格正确 | 原子数：10
[test_sample_00552] [T1x_rxn0361] ✅ 严格正确 | 原子数：10
[test_sample_00553] [T1x_rxn0362] ❌ 错误 | 原子数：10
  - 正确映射：[0 1 2 8 4 6 7 5 3 9]
  - 预测映射：[0 6 2 8 4 1 9 5 3 7]
[test_sample_00554] [T1x_rxn0363] ✅ 严格正确 | 原子数：10
[test_sample_00555] [T1x_rxn0364] ✅ 严格正确 | 原子数：10
[test_sample_00556] [T1x_rxn0365] ✅ 严格正确 | 原子数：10
[test_sample_00557] [T1x_rxn0366] ✅ 严格正确 | 原子数：10
[test_sample_00558] [T1x_rxn0367] ❌ 错误 | 原子数：10
  - 正确映射：[0 3 6 8 9 1 4 7 2 5]
  - 预测映射：[0 3 1 9 8 6 4 5 2 7]
[test_sample_00559] [T1x_rxn0368] ❌ 错误 | 原子数：10
  - 正确映射：[6 3 0 2 5 4 8 1 7 9]
  - 预测映射：[6 0 3 2 5 4 8 1 7 9]
[test_sample_00560] [T1x_rxn0369] ✅ 严格正确 | 原子数：10
[test_sample_00561] [T1x_rxn0637] ✅ 严格正确 | 原子数：10
[test_sample_00562] [T1x_rxn0638] ❌ 错误 | 原子数：10
  - 正确映射：[0 6 4 1 2 5 3 8 9 7]
  - 预测映射：[0 6 4 1 2 5 3 8 7 9]
[test_sample_00563] [T1x_rxn0639] ❌ 错误 | 原子数：10
  - 正确映射：[7 6 4 9 8 0 1 3 5 2]
  - 预测映射：[7 8 6 0 4 9 1 2 3 5]
[test_sample_00564] [T1x_rxn0640] ✅ 严格正确 | 原子数：10
[test_sample_00565] [T1x_rxn0641] ✅ 严格正确 | 原子数：10
[test_sample_00566] [T1x_rxn0642] ✅ 严格正确 | 原子数：10
[test_sample_00567] [T1x_rxn0643] ✅ 严格正确 | 原子数：10
[test_sample_00568] [T1x_rxn0644] ✅ 严格正确 | 原子数：10
[test_sample_00569] [T1x_rxn0645] ✅ 严格正确 | 原子数：10
[test_sample_00570] [T1x_rxn0646] ❌ 错误 | 原子数：10
  - 正确映射：[1 6 8 0 3 9 4 7 2 5]
  - 预测映射：[1 6 8 9 3 0 4 7 5 2]
[test_sample_00571] [T1x_rxn0647] ✅ 严格正确 | 原子数：10
[test_sample_00572] [T1x_rxn0664] ❌ 错误 | 原子数：10
  - 正确映射：[6 7 5 2 4 9 3 8 0 1]
  - 预测映射：[6 7 5 2 4 9 8 3 0 1]
[test_sample_00573] [T1x_rxn0665] ✅ 严格正确 | 原子数：10
[test_sample_00574] [T1x_rxn0666] ❌ 错误 | 原子数：10
  - 正确映射：[0 5 1 8 3 7 4 2 6 9]
  - 预测映射：[0 5 1 8 3 7 2 4 6 9]
[test_sample_00575] [T1x_rxn0667] ❌ 错误 | 原子数：10
  - 正确映射：[7 9 8 1 0 5 6 2 4 3]
  - 预测映射：[7 9 8 1 0 5 2 6 4 3]
[test_sample_00576] [T1x_rxn0668] ✅ 严格正确 | 原子数：10
[test_sample_00577] [T1x_rxn0669] ❌ 错误 | 原子数：10
  - 正确映射：[4 5 7 3 0 8 9 1 6 2]
  - 预测映射：[4 5 7 8 0 3 9 1 2 6]
[test_sample_00578] [T1x_rxn0670] ✅ 严格正确 | 原子数：10
[test_sample_00579] [T1x_rxn0671] ❌ 错误 | 原子数：10
  - 正确映射：[1 4 5 9 0 3 8 7 6 2]
  - 预测映射：[1 5 4 3 0 9 2 8 6 7]
[test_sample_00580] [T1x_rxn0672] ✅ 严格正确 | 原子数：10
[test_sample_00581] [T1x_rxn0673] ❌ 错误 | 原子数：10
  - 正确映射：[5 8 3 2 4 6 9 7 0 1]
  - 预测映射：[5 8 3 2 4 6 7 9 0 1]
[test_sample_00582] [T1x_rxn0980] ❌ 错误 | 原子数：10
  - 正确映射：[1 3 4 2 7 0 5 6 8 9]
  - 预测映射：[1 3 4 2 7 0 6 5 8 9]
[test_sample_00583] [T1x_rxn0981] ❌ 错误 | 原子数：10
  - 正确映射：[6 8 3 9 0 2 7 5 4 1]
  - 预测映射：[6 0 3 9 8 2 1 4 5 7]
[test_sample_00584] [T1x_rxn0982] ✅ 严格正确 | 原子数：10
[test_sample_00585] [T1x_rxn0983] ✅ 严格正确 | 原子数：10
[test_sample_00586] [T1x_rxn0984] ✅ 严格正确 | 原子数：10
[test_sample_00587] [T1x_rxn0985] ✅ 严格正确 | 原子数：10
[test_sample_00588] [T1x_rxn0986] ❌ 错误 | 原子数：10
  - 正确映射：[6 1 2 4 8 7 0 5 9 3]
  - 预测映射：[2 1 6 4 8 7 0 5 3 9]
[test_sample_00589] [T1x_rxn0987] ❌ 错误 | 原子数：10
  - 正确映射：[5 7 4 1 8 6 3 0 2 9]
  - 预测映射：[5 7 4 1 8 6 9 0 2 3]
[test_sample_00590] [T1x_rxn0988] ✅ 严格正确 | 原子数：10
[test_sample_00591] [T1x_rxn1392] ✅ 严格正确 | 原子数：10
[test_sample_00592] [T1x_rxn1393] ✅ 严格正确 | 原子数：10
[test_sample_00593] [T1x_rxn1394] ✅ 严格正确 | 原子数：10
[test_sample_00594] [T1x_rxn1395] ✅ 严格正确 | 原子数：10
[test_sample_00595] [T1x_rxn1396] ✅ 严格正确 | 原子数：10
[test_sample_00596] [T1x_rxn1397] ❌ 错误 | 原子数：10
  - 正确映射：[5 4 3 1 9 2 6 8 7 0]
  - 预测映射：[5 4 3 1 2 9 6 8 7 0]
[test_sample_00597] [T1x_rxn1398] ✅ 严格正确 | 原子数：10
[test_sample_00598] [T1x_rxn1399] ❌ 错误 | 原子数：10
  - 正确映射：[5 9 2 8 3 0 7 1 6 4]
  - 预测映射：[5 9 2 8 3 0 1 6 4 7]
[test_sample_00599] [T1x_rxn1400] ✅ 严格正确 | 原子数：10
[test_sample_00600] [T1x_rxn1401] ✅ 严格正确 | 原子数：10
[test_sample_00601] [T1x_rxn1402] ✅ 严格正确 | 原子数：10
[test_sample_00602] [T1x_rxn1403] ✅ 严格正确 | 原子数：10
[test_sample_00603] [T1x_rxn1404] ✅ 严格正确 | 原子数：10
[test_sample_00604] [T1x_rxn1891] ✅ 严格正确 | 原子数：10
[test_sample_00605] [T1x_rxn1892] ✅ 严格正确 | 原子数：10
[test_sample_00606] [T1x_rxn1893] ✅ 严格正确 | 原子数：10
[test_sample_00607] [T1x_rxn1894] ✅ 严格正确 | 原子数：10
[test_sample_00608] [T1x_rxn1895] ❌ 错误 | 原子数：10
  - 正确映射：[2 9 7 6 8 0 3 1 4 5]
  - 预测映射：[2 8 9 6 7 0 5 3 1 4]
[test_sample_00609] [T1x_rxn1896] ✅ 严格正确 | 原子数：10
[test_sample_00610] [T1x_rxn1897] ✅ 严格正确 | 原子数：10
[test_sample_00611] [T1x_rxn1898] ❌ 错误 | 原子数：10
  - 正确映射：[3 5 9 7 0 4 8 1 2 6]
  - 预测映射：[3 5 0 7 9 4 8 6 2 1]
[test_sample_00612] [T1x_rxn2306] ✅ 严格正确 | 原子数：10
[test_sample_00613] [T1x_rxn2307] ❌ 错误 | 原子数：10
  - 正确映射：[0 7 2 1 4 3 5 9 6 8]
  - 预测映射：[0 7 2 1 4 3 5 9 8 6]
[test_sample_00614] [T1x_rxn2308] ❌ 错误 | 原子数：10
  - 正确映射：[8 3 4 5 2 9 7 6 1 0]
  - 预测映射：[8 3 4 2 5 9 6 7 0 1]
[test_sample_00615] [T1x_rxn2309] ❌ 错误 | 原子数：10
  - 正确映射：[5 3 9 6 0 1 4 7 2 8]
  - 预测映射：[5 3 9 6 0 1 7 4 2 8]
[test_sample_00616] [T1x_rxn2310] ✅ 严格正确 | 原子数：10
[test_sample_00617] [T1x_rxn2311] ✅ 严格正确 | 原子数：10
[test_sample_00618] [T1x_rxn2312] ❌ 错误 | 原子数：10
  - 正确映射：[2 4 7 3 5 9 6 1 8 0]
  - 预测映射：[9 4 5 3 7 2 6 1 0 8]
[test_sample_00619] [T1x_rxn2313] ✅ 严格正确 | 原子数：10
[test_sample_00620] [T1x_rxn2314] ❌ 错误 | 原子数：10
  - 正确映射：[7 2 6 0 8 1 9 3 4 5]
  - 预测映射：[7 2 6 0 8 1 4 9 3 5]
[test_sample_00621] [T1x_rxn2315] ✅ 严格正确 | 原子数：10
[test_sample_00622] [T1x_rxn2316] ✅ 严格正确 | 原子数：10
[test_sample_00623] [T1x_rxn2317] ✅ 严格正确 | 原子数：10
[test_sample_00624] [T1x_rxn2318] ✅ 严格正确 | 原子数：10
[test_sample_00625] [T1x_rxn2517] ❌ 错误 | 原子数：10
  - 正确映射：[4 0 5 6 8 9 1 7 2 3]
  - 预测映射：[4 5 0 6 9 8 1 7 2 3]
[test_sample_00626] [T1x_rxn2518] ❌ 错误 | 原子数：10
  - 正确映射：[5 0 7 9 2 6 4 1 3 8]
  - 预测映射：[5 0 7 9 2 6 1 4 3 8]
[test_sample_00627] [T1x_rxn2519] ✅ 严格正确 | 原子数：10
[test_sample_00628] [T1x_rxn2727] ❌ 错误 | 原子数：10
  - 正确映射：[6 5 9 0 4 3 8 7 2 1]
  - 预测映射：[6 5 9 0 4 3 1 7 2 8]
[test_sample_00629] [T1x_rxn2728] ❌ 错误 | 原子数：10
  - 正确映射：[6 8 5 9 2 0 4 7 1 3]
  - 预测映射：[6 5 8 9 2 0 7 1 4 3]
[test_sample_00630] [T1x_rxn2729] ❌ 错误 | 原子数：10
  - 正确映射：[7 8 2 3 5 6 1 9 4 0]
  - 预测映射：[7 8 2 3 5 6 1 4 9 0]
[test_sample_00631] [T1x_rxn2924] ✅ 严格正确 | 原子数：10
[test_sample_00632] [T1x_rxn2925] ❌ 错误 | 原子数：10
  - 正确映射：[3 9 1 7 6 0 8 5 4 2]
  - 预测映射：[3 9 1 7 6 0 8 4 5 2]
[test_sample_00633] [T1x_rxn2926] ✅ 严格正确 | 原子数：10
[test_sample_00634] [T1x_rxn2927] ❌ 错误 | 原子数：10
  - 正确映射：[7 0 4 1 9 3 2 6 5 8]
  - 预测映射：[7 0 4 9 1 3 6 8 2 5]
[test_sample_00635] [T1x_rxn2928] ✅ 严格正确 | 原子数：10
[test_sample_00636] [T1x_rxn2929] ❌ 错误 | 原子数：10
  - 正确映射：[7 9 8 4 1 0 6 5 2 3]
  - 预测映射：[7 4 8 9 1 0 3 2 6 5]
[test_sample_00637] [T1x_rxn2930] ❌ 错误 | 原子数：10
  - 正确映射：[1 5 8 0 4 9 7 3 6 2]
  - 预测映射：[1 5 8 0 4 9 7 3 2 6]
[test_sample_00638] [T1x_rxn3012] ❌ 错误 | 原子数：10
  - 正确映射：[8 9 4 1 0 2 6 7 3 5]
  - 预测映射：[1 4 9 8 0 2 3 7 6 5]
[test_sample_00639] [T1x_rxn3013] ❌ 错误 | 原子数：10
  - 正确映射：[3 8 1 6 2 9 7 0 5 4]
  - 预测映射：[3 8 1 6 2 9 7 5 0 4]
[test_sample_00640] [T1x_rxn3014] ✅ 严格正确 | 原子数：10
[test_sample_00641] [T1x_rxn3015] ✅ 严格正确 | 原子数：10
[test_sample_00642] [T1x_rxn3016] ❌ 错误 | 原子数：10
  - 正确映射：[2 7 3 0 8 4 1 5 6 9]
  - 预测映射：[2 7 3 0 8 4 6 5 1 9]
[test_sample_00643] [T1x_rxn3017] ✅ 严格正确 | 原子数：10
[test_sample_00644] [T1x_rxn3018] ✅ 严格正确 | 原子数：10
[test_sample_00645] [T1x_rxn3019] ❌ 错误 | 原子数：10
  - 正确映射：[7 6 1 3 9 8 0 4 5 2]
  - 预测映射：[3 9 1 7 6 8 2 0 5 4]
[test_sample_00646] [T1x_rxn3036] ❌ 错误 | 原子数：10
  - 正确映射：[5 9 4 8 1 2 6 3 0 7]
  - 预测映射：[5 9 4 8 1 2 6 0 3 7]
[test_sample_00647] [T1x_rxn3037] ❌ 错误 | 原子数：10
  - 正确映射：[5 4 8 2 1 7 0 6 9 3]
  - 预测映射：[5 4 8 2 1 7 6 0 9 3]
[test_sample_00648] [T1x_rxn3038] ❌ 错误 | 原子数：10
  - 正确映射：[1 5 3 2 0 9 8 4 6 7]
  - 预测映射：[1 5 3 2 0 9 4 8 6 7]
[test_sample_00649] [T1x_rxn3196] ❌ 错误 | 原子数：10
  - 正确映射：[1 5 6 2 3 4 8 0 9 7]
  - 预测映射：[1 5 4 3 2 6 7 9 0 8]
[test_sample_00650] [T1x_rxn3197] ✅ 严格正确 | 原子数：10
[test_sample_00651] [T1x_rxn3198] ❌ 错误 | 原子数：10
  - 正确映射：[8 6 9 3 5 7 4 2 1 0]
  - 预测映射：[8 6 7 5 3 9 0 1 2 4]
[test_sample_00652] [T1x_rxn3199] ❌ 错误 | 原子数：10
  - 正确映射：[9 3 0 7 6 2 1 8 4 5]
  - 预测映射：[9 3 0 7 6 2 1 8 5 4]
[test_sample_00653] [T1x_rxn3200] ❌ 错误 | 原子数：10
  - 正确映射：[6 2 9 1 0 7 3 8 5 4]
  - 预测映射：[6 0 9 1 2 7 3 8 5 4]
[test_sample_00654] [T1x_rxn3201] ✅ 严格正确 | 原子数：10
[test_sample_00655] [T1x_rxn3202] ✅ 严格正确 | 原子数：10
[test_sample_00656] [T1x_rxn3203] ✅ 严格正确 | 原子数：10
[test_sample_00657] [T1x_rxn3204] ✅ 严格正确 | 原子数：10
[test_sample_00658] [T1x_rxn3205] ❌ 错误 | 原子数：10
  - 正确映射：[0 6 4 3 2 5 7 9 1 8]
  - 预测映射：[0 6 4 3 2 5 7 1 9 8]
[test_sample_00659] [T1x_rxn3206] ✅ 严格正确 | 原子数：10
[test_sample_00660] [T1x_rxn3207] ✅ 严格正确 | 原子数：10
[test_sample_00661] [T1x_rxn3208] ✅ 严格正确 | 原子数：10
[test_sample_00662] [T1x_rxn3349] ✅ 严格正确 | 原子数：10
[test_sample_00663] [T1x_rxn3350] ✅ 严格正确 | 原子数：10
[test_sample_00664] [T1x_rxn3351] ✅ 严格正确 | 原子数：10
[test_sample_00665] [T1x_rxn3352] ✅ 严格正确 | 原子数：10
[test_sample_00666] [T1x_rxn3353] ✅ 严格正确 | 原子数：10
[test_sample_00667] [T1x_rxn3354] ✅ 严格正确 | 原子数：10
[test_sample_00668] [T1x_rxn3355] ❌ 错误 | 原子数：10
  - 正确映射：[0 8 2 5 1 3 9 7 6 4]
  - 预测映射：[0 8 2 5 1 3 9 4 6 7]
[test_sample_00669] [T1x_rxn3595] ✅ 严格正确 | 原子数：10
[test_sample_00670] [T1x_rxn3596] ✅ 严格正确 | 原子数：10
[test_sample_00671] [T1x_rxn3597] ✅ 严格正确 | 原子数：10
[test_sample_00672] [T1x_rxn3598] ❌ 错误 | 原子数：10
  - 正确映射：[8 3 2 6 5 0 7 4 1 9]
  - 预测映射：[8 3 0 5 6 2 9 1 4 7]
[test_sample_00673] [T1x_rxn3599] ❌ 错误 | 原子数：10
  - 正确映射：[8 5 2 3 7 4 9 0 1 6]
  - 预测映射：[8 5 2 3 7 4 0 1 6 9]
[test_sample_00674] [T1x_rxn3600] ❌ 错误 | 原子数：10
  - 正确映射：[7 2 0 8 3 5 9 6 4 1]
  - 预测映射：[7 2 5 3 8 0 1 6 4 9]
[test_sample_00675] [T1x_rxn3794] ✅ 严格正确 | 原子数：10
[test_sample_00676] [T1x_rxn3795] ✅ 严格正确 | 原子数：10
[test_sample_00677] [T1x_rxn3796] ✅ 严格正确 | 原子数：10
[test_sample_00678] [T1x_rxn4133] ✅ 严格正确 | 原子数：10
[test_sample_00679] [T1x_rxn4134] ❌ 错误 | 原子数：10
  - 正确映射：[7 8 6 2 4 5 0 1 3 9]
  - 预测映射：[7 8 6 2 4 5 0 3 1 9]
[test_sample_00680] [T1x_rxn4135] ✅ 严格正确 | 原子数：10
[test_sample_00681] [T1x_rxn4136] ❌ 错误 | 原子数：10
  - 正确映射：[3 9 5 4 7 0 1 8 2 6]
  - 预测映射：[3 9 5 4 7 0 8 1 2 6]
[test_sample_00682] [T1x_rxn4137] ❌ 错误 | 原子数：10
  - 正确映射：[8 7 2 5 4 0 9 6 3 1]
  - 预测映射：[8 7 2 5 4 0 9 3 6 1]
[test_sample_00683] [T1x_rxn4138] ❌ 错误 | 原子数：10
  - 正确映射：[1 2 5 8 0 3 7 4 6 9]
  - 预测映射：[1 2 5 8 0 3 7 6 4 9]
[test_sample_00684] [T1x_rxn4187] ❌ 错误 | 原子数：10
  - 正确映射：[8 2 1 5 6 4 9 3 7 0]
  - 预测映射：[8 4 1 5 6 2 9 3 7 0]
[test_sample_00685] [T1x_rxn4188] ✅ 严格正确 | 原子数：10
[test_sample_00686] [T1x_rxn4189] ✅ 严格正确 | 原子数：10
[test_sample_00687] [T1x_rxn4190] ✅ 严格正确 | 原子数：10
[test_sample_00688] [T1x_rxn4191] ✅ 严格正确 | 原子数：10
[test_sample_00689] [T1x_rxn4192] ❌ 错误 | 原子数：10
  - 正确映射：[3 0 7 5 1 8 2 6 4 9]
  - 预测映射：[3 0 7 5 1 8 2 6 9 4]
[test_sample_00690] [T1x_rxn4193] ✅ 严格正确 | 原子数：10
[test_sample_00691] [T1x_rxn4194] ❌ 错误 | 原子数：10
  - 正确映射：[4 5 6 7 9 8 3 2 1 0]
  - 预测映射：[4 5 7 6 9 8 2 0 1 3]
[test_sample_00692] [T1x_rxn4195] ✅ 严格正确 | 原子数：10
[test_sample_00693] [T1x_rxn4196] ✅ 严格正确 | 原子数：10
[test_sample_00694] [T1x_rxn4197] ❌ 错误 | 原子数：10
  - 正确映射：[3 9 2 6 4 8 5 1 0 7]
  - 预测映射：[3 9 2 6 4 8 5 0 1 7]
[test_sample_00695] [T1x_rxn4198] ✅ 严格正确 | 原子数：10
[test_sample_00696] [T1x_rxn4230] ❌ 错误 | 原子数：10
  - 正确映射：[0 1 5 2 4 3 6 9 7 8]
  - 预测映射：[0 1 5 2 4 3 7 9 6 8]
[test_sample_00697] [T1x_rxn4231] ❌ 错误 | 原子数：10
  - 正确映射：[2 9 5 1 0 3 4 7 8 6]
  - 预测映射：[9 2 5 1 0 3 4 8 7 6]
[test_sample_00698] [T1x_rxn4232] ✅ 严格正确 | 原子数：10
[test_sample_00699] [T1x_rxn4679] ✅ 严格正确 | 原子数：10
[test_sample_00700] [T1x_rxn4680] ❌ 错误 | 原子数：10
  - 正确映射：[4 0 7 3 9 5 2 8 1 6]
  - 预测映射：[9 3 7 0 4 5 2 6 1 8]
[test_sample_00701] [T1x_rxn4681] ✅ 严格正确 | 原子数：10
[test_sample_00702] [T1x_rxn4682] ✅ 严格正确 | 原子数：10
[test_sample_00703] [T1x_rxn8963] ❌ 错误 | 原子数：10
  - 正确映射：[6 8 7 4 1 2 3 9 5 0]
  - 预测映射：[6 8 7 4 1 2 9 0 5 3]
[test_sample_00704] [T1x_rxn8964] ❌ 错误 | 原子数：10
  - 正确映射：[8 2 4 5 0 9 3 1 6 7]
  - 预测映射：[9 5 4 0 2 8 6 7 1 3]
[test_sample_00705] [T1x_rxn8970] ✅ 严格正确 | 原子数：10
[test_sample_00706] [T1x_rxn8971] ❌ 错误 | 原子数：10
  - 正确映射：[6 9 2 0 1 5 7 3 4 8]
  - 预测映射：[6 2 9 0 1 5 3 7 8 4]
[test_sample_00707] [T1x_rxn9008] ✅ 严格正确 | 原子数：10
[test_sample_00708] [T1x_rxn9009] ❌ 错误 | 原子数：10
  - 正确映射：[3 4 6 5 9 1 0 2 8 7]
  - 预测映射：[3 4 6 1 9 5 0 7 8 2]
[test_sample_00709] [T1x_rxn9041] ❌ 错误 | 原子数：10
  - 正确映射：[7 5 8 3 2 0 9 6 4 1]
  - 预测映射：[8 5 7 3 2 0 9 1 4 6]
[test_sample_00710] [T1x_rxn9093] ❌ 错误 | 原子数：10
  - 正确映射：[3 5 6 1 7 2 8 9 0 4]
  - 预测映射：[3 6 5 1 7 2 8 9 4 0]
[test_sample_00711] [T1x_rxn9094] ❌ 错误 | 原子数：10
  - 正确映射：[4 9 8 6 2 3 5 0 1 7]
  - 预测映射：[4 9 8 6 2 3 5 0 7 1]
[test_sample_00712] [T1x_rxn9095] ✅ 严格正确 | 原子数：10
[test_sample_00713] [T1x_rxn9096] ✅ 严格正确 | 原子数：10
[test_sample_00714] [T1x_rxn9152] ✅ 严格正确 | 原子数：10
[test_sample_00715] [T1x_rxn9153] ❌ 错误 | 原子数：10
  - 正确映射：[2 6 9 4 3 7 8 0 5 1]
  - 预测映射：[2 6 9 4 3 7 0 8 5 1]
[test_sample_00716] [T1x_rxn9264] ❌ 错误 | 原子数：10
  - 正确映射：[6 8 2 7 1 9 0 3 4 5]
  - 预测映射：[6 8 9 7 1 2 3 0 5 4]
[test_sample_00717] [T1x_rxn9335] ✅ 严格正确 | 原子数：10
[test_sample_00718] [T1x_rxn9361] ❌ 错误 | 原子数：10
  - 正确映射：[1 4 7 5 2 8 0 6 3 9]
  - 预测映射：[1 4 8 2 5 7 9 3 6 0]
[test_sample_00719] [T1x_rxn9420] ❌ 错误 | 原子数：10
  - 正确映射：[3 6 1 0 8 5 9 4 7 2]
  - 预测映射：[3 6 1 0 8 5 2 4 7 9]
[test_sample_00720] [T1x_rxn9462] ✅ 严格正确 | 原子数：10
[test_sample_00721] [T1x_rxn9463] ✅ 严格正确 | 原子数：10
[test_sample_00722] [T1x_rxn5565] ❌ 错误 | 原子数：11
  - 正确映射：[ 2  1 10  5  9  8  0  4  6  7  3]
  - 预测映射：[ 2  1 10  5  9  8  0  6  4  7  3]
[test_sample_00723] [T1x_rxn5566] ✅ 严格正确 | 原子数：11
[test_sample_00724] [T1x_rxn5567] ❌ 错误 | 原子数：11
  - 正确映射：[ 8 10  4  7  3  2  1  6  9  5  0]
  - 预测映射：[ 8 10  4  7  3  2  1  9  0  5  6]
[test_sample_00725] [T1x_rxn5568] ✅ 严格正确 | 原子数：11
[test_sample_00726] [T1x_rxn5569] ✅ 严格正确 | 原子数：11
[test_sample_00727] [T1x_rxn5570] ❌ 错误 | 原子数：11
  - 正确映射：[ 5  8  3  9  2  7  1  6  4 10  0]
  - 预测映射：[ 5  8  3  9  2  7  1 10  6  4  0]
[test_sample_00728] [T1x_rxn5571] ✅ 严格正确 | 原子数：11
[test_sample_00729] [T1x_rxn5572] ✅ 严格正确 | 原子数：11
[test_sample_00730] [T1x_rxn5573] ✅ 严格正确 | 原子数：11
[test_sample_00731] [T1x_rxn5574] ❌ 错误 | 原子数：11
  - 正确映射：[ 3  0  5  8  2  4  7  9  6 10  1]
  - 预测映射：[ 3  0  5  8  2  4  7 10  9  6  1]
[test_sample_00732] [T1x_rxn5575] ❌ 错误 | 原子数：11
  - 正确映射：[ 8  3  0  1  2  7  6  5 10  4  9]
  - 预测映射：[ 8  3  0  1  2  7  6  9 10  4  5]
[test_sample_00733] [T1x_rxn5576] ✅ 严格正确 | 原子数：11
[test_sample_00734] [T1x_rxn5577] ❌ 错误 | 原子数：11
  - 正确映射：[ 0  2  7  6  4  1  8  9  5 10  3]
  - 预测映射：[ 0  2  7  6  4  1  8  5  9  3 10]
[test_sample_00735] [T1x_rxn5578] ✅ 严格正确 | 原子数：11
[test_sample_00736] [T1x_rxn6523] ❌ 错误 | 原子数：11
  - 正确映射：[ 7  0  5  2  8 10  6  1  4  9  3]
  - 预测映射：[ 7  0  5  2  6 10  8  1  4  9  3]
[test_sample_00737] [T1x_rxn6524] ✅ 严格正确 | 原子数：11
[test_sample_00738] [T1x_rxn6525] ✅ 严格正确 | 原子数：11
[test_sample_00739] [T1x_rxn6526] ❌ 错误 | 原子数：11
  - 正确映射：[ 3  5  6  1 10  0  9  2  8  7  4]
  - 预测映射：[ 3  6  5  0  9  1 10  8  2  4  7]
[test_sample_00740] [T1x_rxn7116] ✅ 严格正确 | 原子数：11
[test_sample_00741] [T1x_rxn7117] ✅ 严格正确 | 原子数：11
[test_sample_00742] [T1x_rxn7118] ✅ 严格正确 | 原子数：11
[test_sample_00743] [T1x_rxn7119] ✅ 严格正确 | 原子数：11
[test_sample_00744] [T1x_rxn7120] ✅ 严格正确 | 原子数：11
[test_sample_00745] [T1x_rxn7121] ✅ 严格正确 | 原子数：11
[test_sample_00746] [T1x_rxn7122] ✅ 严格正确 | 原子数：11
[test_sample_00747] [T1x_rxn7123] ✅ 严格正确 | 原子数：11
[test_sample_00748] [T1x_rxn7124] ✅ 严格正确 | 原子数：11
[test_sample_00749] [T1x_rxn7125] ✅ 严格正确 | 原子数：11
[test_sample_00750] [T1x_rxn7126] ✅ 严格正确 | 原子数：11
[test_sample_00751] [T1x_rxn9714] ❌ 错误 | 原子数：11
  - 正确映射：[ 6  5 10  8  9  2  4  1  3  7  0]
  - 预测映射：[ 6  5 10  8  9  2  4  7  1  3  0]
[test_sample_00752] [T1x_rxn9715] ❌ 错误 | 原子数：11
  - 正确映射：[ 7  1  4 10  5  0  8  6  2  9  3]
  - 预测映射：[ 7  1  4  0  8 10  5  9  6  3  2]
[test_sample_00753] [T1x_rxn9799] ❌ 错误 | 原子数：11
  - 正确映射：[ 4  1  6  3 10  7  9  8  2  5  0]
  - 预测映射：[ 4  1  9  7 10  3  6  0  2  5  8]
[test_sample_00754] [T1x_rxn5307] ❌ 错误 | 原子数：11
  - 正确映射：[ 1  3  8  6  2  5 10  0  4  7  9]
  - 预测映射：[ 1  3  8  6  2  5 10  4  0  7  9]
[test_sample_00755] [T1x_rxn5308] ❌ 错误 | 原子数：11
  - 正确映射：[ 6 10  2  5  8  4  1  9  0  7  3]
  - 预测映射：[ 6 10  2  5  8  1  4  9  0  7  3]
[test_sample_00756] [T1x_rxn5309] ✅ 严格正确 | 原子数：11
[test_sample_00757] [T1x_rxn5310] ✅ 严格正确 | 原子数：11
[test_sample_00758] [T1x_rxn5311] ✅ 严格正确 | 原子数：11
[test_sample_00759] [T1x_rxn5312] ✅ 严格正确 | 原子数：11
[test_sample_00760] [T1x_rxn5313] ✅ 严格正确 | 原子数：11
[test_sample_00761] [T1x_rxn5314] ❌ 错误 | 原子数：11
  - 正确映射：[ 2  9 10  4  7  0  8  3  1  5  6]
  - 预测映射：[ 2  9 10  0  7  4  8  1  3  5  6]
[test_sample_00762] [T1x_rxn5315] ✅ 严格正确 | 原子数：11
[test_sample_00763] [T1x_rxn5316] ✅ 严格正确 | 原子数：11
[test_sample_00764] [T1x_rxn5317] ✅ 严格正确 | 原子数：11
[test_sample_00765] [T1x_rxn5318] ❌ 错误 | 原子数：11
  - 正确映射：[ 8  7  6 10  5  1  3  0  4  2  9]
  - 预测映射：[ 8  7  6 10  5  1  3  2  4  0  9]
[test_sample_00766] [T1x_rxn5319] ✅ 严格正确 | 原子数：11
[test_sample_00767] [T1x_rxn5320] ❌ 错误 | 原子数：11
  - 正确映射：[ 8  9  6  7  0  4  3 10  2  5  1]
  - 预测映射：[ 7  0  6  8  9  3  4  2  1  5 10]
[test_sample_00768] [T1x_rxn5321] ❌ 错误 | 原子数：11
  - 正确映射：[ 3  6  7  1 10  8  2  0  9  4  5]
  - 预测映射：[ 3  6  7  8 10  2  1  0  9  4  5]
[test_sample_00769] [T1x_rxn9538] ❌ 错误 | 原子数：11
  - 正确映射：[ 5  2  4  1  0  7 10  6  8  3  9]
  - 预测映射：[ 5  2  0  7  4  1 10  6  8  3  9]
[test_sample_00770] [T1x_rxn9539] ✅ 严格正确 | 原子数：11
[test_sample_00771] [T1x_rxn0616] ✅ 严格正确 | 原子数：8
[test_sample_00772] [T1x_rxn0617] ❌ 错误 | 原子数：8
  - 正确映射：[2 1 4 5 0 7 6 3]
  - 预测映射：[2 1 5 4 0 7 6 3]
[test_sample_00773] [T1x_rxn9005] ✅ 严格正确 | 原子数：8
[test_sample_00774] [T1x_rxn0171] ✅ 严格正确 | 原子数：9
[test_sample_00775] [T1x_rxn0172] ✅ 严格正确 | 原子数：9
[test_sample_00776] [T1x_rxn0173] ✅ 严格正确 | 原子数：9
[test_sample_00777] [T1x_rxn0174] ❌ 错误 | 原子数：9
  - 正确映射：[4 8 1 0 7 2 3 5 6]
  - 预测映射：[4 8 1 0 7 2 3 6 5]
[test_sample_00778] [T1x_rxn0175] ❌ 错误 | 原子数：9
  - 正确映射：[1 8 2 7 3 4 5 0 6]
  - 预测映射：[3 7 2 8 1 6 5 0 4]
[test_sample_00779] [T1x_rxn0176] ❌ 错误 | 原子数：9
  - 正确映射：[7 3 0 8 6 2 4 5 1]
  - 预测映射：[7 3 0 8 6 4 2 1 5]
[test_sample_00780] [T1x_rxn0177] ✅ 严格正确 | 原子数：9
[test_sample_00781] [T1x_rxn0178] ❌ 错误 | 原子数：9
  - 正确映射：[4 7 6 2 1 5 3 0 8]
  - 预测映射：[4 7 6 2 1 5 8 0 3]
[test_sample_00782] [T1x_rxn1525] ❌ 错误 | 原子数：9
  - 正确映射：[1 8 3 6 5 7 4 0 2]
  - 预测映射：[1 8 5 6 3 0 2 4 7]
[test_sample_00783] [T1x_rxn1526] ❌ 错误 | 原子数：9
  - 正确映射：[6 4 5 8 1 2 7 3 0]
  - 预测映射：[8 1 4 6 5 0 3 7 2]
[test_sample_00784] [T1x_rxn1527] ❌ 错误 | 原子数：9
  - 正确映射：[2 8 6 5 3 7 0 4 1]
  - 预测映射：[2 8 6 5 3 0 7 1 4]
[test_sample_00785] [T1x_rxn1528] ❌ 错误 | 原子数：9
  - 正确映射：[1 2 3 4 0 7 8 5 6]
  - 预测映射：[1 2 0 4 3 6 5 8 7]
[test_sample_00786] [T1x_rxn1529] ❌ 错误 | 原子数：9
  - 正确映射：[7 8 3 6 5 4 2 1 0]
  - 预测映射：[7 8 5 6 3 0 1 2 4]
[test_sample_00787] [T1x_rxn1530] ❌ 错误 | 原子数：9
  - 正确映射：[6 3 8 1 0 4 2 7 5]
  - 预测映射：[6 3 0 1 8 5 7 4 2]
[test_sample_00788] [T1x_rxn1531] ❌ 错误 | 原子数：9
  - 正确映射：[1 5 0 8 7 3 4 2 6]
  - 预测映射：[1 5 7 8 0 4 6 2 3]
[test_sample_00789] [T1x_rxn1532] ❌ 错误 | 原子数：9
  - 正确映射：[4 7 2 8 3 1 0 6 5]
  - 预测映射：[4 7 2 8 3 0 1 5 6]
[test_sample_00790] [T1x_rxn2081] ❌ 错误 | 原子数：9
  - 正确映射：[2 6 0 7 8 1 3 5 4]
  - 预测映射：[2 6 0 7 8 3 4 5 1]
[test_sample_00791] [T1x_rxn2082] ✅ 严格正确 | 原子数：9
[test_sample_00792] [T1x_rxn2083] ❌ 错误 | 原子数：9
  - 正确映射：[8 1 2 5 0 6 7 3 4]
  - 预测映射：[8 1 2 5 0 6 3 7 4]
[test_sample_00793] [T1x_rxn2084] ❌ 错误 | 原子数：9
  - 正确映射：[8 6 0 7 1 3 5 4 2]
  - 预测映射：[7 8 1 6 0 2 4 3 5]
[test_sample_00794] [T1x_rxn3407] ❌ 错误 | 原子数：9
  - 正确映射：[2 3 7 4 1 0 6 8 5]
  - 预测映射：[2 3 7 4 1 6 0 5 8]
[test_sample_00795] [T1x_rxn3408] ✅ 严格正确 | 原子数：9
[test_sample_00796] [T1x_rxn3409] ❌ 错误 | 原子数：9
  - 正确映射：[2 3 6 5 1 4 8 0 7]
  - 预测映射：[2 3 6 5 1 4 8 7 0]
[test_sample_00797] [T1x_rxn3410] ❌ 错误 | 原子数：9
  - 正确映射：[1 6 8 4 7 0 5 2 3]
  - 预测映射：[1 6 8 4 7 5 2 0 3]
[test_sample_00798] [T1x_rxn3411] ❌ 错误 | 原子数：9
  - 正确映射：[5 8 6 2 7 3 0 1 4]
  - 预测映射：[5 8 6 2 7 0 3 4 1]
[test_sample_00799] [T1x_rxn3412] ✅ 严格正确 | 原子数：9
[test_sample_00800] [T1x_rxn3413] ❌ 错误 | 原子数：9
  - 正确映射：[1 2 3 7 8 5 4 0 6]
  - 预测映射：[1 2 3 7 8 4 5 6 0]
[test_sample_00801] [T1x_rxn1793] ❌ 错误 | 原子数：10
  - 正确映射：[2 0 5 9 4 7 1 6 3 8]
  - 预测映射：[9 5 0 2 4 7 3 6 8 1]
[test_sample_00802] [T1x_rxn1794] ❌ 错误 | 原子数：10
  - 正确映射：[7 1 5 2 8 9 6 4 3 0]
  - 预测映射：[7 1 5 2 8 9 4 6 3 0]
[test_sample_00803] [T1x_rxn1795] ❌ 错误 | 原子数：10
  - 正确映射：[3 5 8 2 0 1 7 4 6 9]
  - 预测映射：[3 5 8 2 0 1 7 6 4 9]
[test_sample_00804] [T1x_rxn1796] ✅ 严格正确 | 原子数：10
[test_sample_00805] [T1x_rxn1797] ❌ 错误 | 原子数：10
  - 正确映射：[8 9 1 6 0 3 4 7 5 2]
  - 预测映射：[6 0 1 8 9 3 2 4 7 5]
[test_sample_00806] [T1x_rxn1798] ❌ 错误 | 原子数：10
  - 正确映射：[9 7 3 5 0 6 4 1 2 8]
  - 预测映射：[9 7 3 6 0 5 4 1 2 8]
[test_sample_00807] [T1x_rxn1799] ❌ 错误 | 原子数：10
  - 正确映射：[0 6 2 8 1 7 4 5 3 9]
  - 预测映射：[8 1 2 0 6 7 9 4 3 5]
[test_sample_00808] [T1x_rxn1800] ✅ 严格正确 | 原子数：10
[test_sample_00809] [T1x_rxn1801] ✅ 严格正确 | 原子数：10
[test_sample_00810] [T1x_rxn1802] ❌ 错误 | 原子数：10
  - 正确映射：[3 7 9 8 1 6 2 4 0 5]
  - 预测映射：[8 9 7 3 1 6 4 0 5 2]
[test_sample_00811] [T1x_rxn1803] ✅ 严格正确 | 原子数：10
[test_sample_00812] [T1x_rxn1804] ❌ 错误 | 原子数：10
  - 正确映射：[2 3 6 4 7 0 8 5 9 1]
  - 预测映射：[2 3 6 4 7 0 5 8 9 1]
[test_sample_00813] [T1x_rxn2395] ✅ 严格正确 | 原子数：10
[test_sample_00814] [T1x_rxn2396] ❌ 错误 | 原子数：10
  - 正确映射：[4 6 9 7 3 2 1 5 8 0]
  - 预测映射：[2 3 9 7 6 4 1 0 8 5]
[test_sample_00815] [T1x_rxn2397] ❌ 错误 | 原子数：10
  - 正确映射：[6 8 5 4 7 2 9 3 0 1]
  - 预测映射：[2 7 5 4 8 6 9 1 0 3]
[test_sample_00816] [T1x_rxn2398] ✅ 严格正确 | 原子数：10
[test_sample_00817] [T1x_rxn2399] ✅ 严格正确 | 原子数：10
[test_sample_00818] [T1x_rxn2400] ❌ 错误 | 原子数：10
  - 正确映射：[0 9 5 8 7 6 1 3 2 4]
  - 预测映射：[0 9 7 6 5 8 2 3 1 4]
[test_sample_00819] [T1x_rxn3333] ❌ 错误 | 原子数：10
  - 正确映射：[8 9 0 1 3 6 5 4 7 2]
  - 预测映射：[8 9 0 1 3 6 5 7 4 2]
[test_sample_00820] [T1x_rxn3334] ❌ 错误 | 原子数：10
  - 正确映射：[7 6 2 4 1 9 0 5 3 8]
  - 预测映射：[7 6 1 9 2 4 5 0 3 8]
[test_sample_00821] [T1x_rxn3335] ✅ 严格正确 | 原子数：10
[test_sample_00822] [T1x_rxn3336] ✅ 严格正确 | 原子数：10
[test_sample_00823] [T1x_rxn3337] ✅ 严格正确 | 原子数：10
[test_sample_00824] [T1x_rxn3338] ✅ 严格正确 | 原子数：10
[test_sample_00825] [T1x_rxn3339] ❌ 错误 | 原子数：10
  - 正确映射：[4 0 6 7 1 2 5 3 9 8]
  - 预测映射：[4 6 1 2 0 7 5 3 9 8]
[test_sample_00826] [T1x_rxn3565] ✅ 严格正确 | 原子数：10
[test_sample_00827] [T1x_rxn3566] ❌ 错误 | 原子数：10
  - 正确映射：[9 3 2 4 6 7 0 8 1 5]
  - 预测映射：[4 2 3 7 6 9 8 1 0 5]
[test_sample_00828] [T1x_rxn3567] ❌ 错误 | 原子数：10
  - 正确映射：[9 2 7 8 3 0 5 4 6 1]
  - 预测映射：[9 2 7 0 3 8 4 6 5 1]
[test_sample_00829] [T1x_rxn3568] ❌ 错误 | 原子数：10
  - 正确映射：[0 2 6 7 4 3 9 1 8 5]
  - 预测映射：[7 6 4 3 2 0 1 8 5 9]
[test_sample_00830] [T1x_rxn3569] ✅ 严格正确 | 原子数：10
[test_sample_00831] [T1x_rxn3570] ✅ 严格正确 | 原子数：10
[test_sample_00832] [T1x_rxn3571] ✅ 严格正确 | 原子数：10
[test_sample_00833] [T1x_rxn3572] ✅ 严格正确 | 原子数：10
[test_sample_00834] [T1x_rxn3573] ❌ 错误 | 原子数：10
  - 正确映射：[4 7 9 6 2 8 1 5 3 0]
  - 预测映射：[6 9 7 4 2 8 5 1 3 0]
[test_sample_00835] [T1x_rxn3574] ❌ 错误 | 原子数：10
  - 正确映射：[9 4 2 5 7 6 1 0 3 8]
  - 预测映射：[9 4 2 6 7 5 0 1 3 8]
[test_sample_00836] [T1x_rxn4321] ✅ 严格正确 | 原子数：10
[test_sample_00837] [T1x_rxn4322] ❌ 错误 | 原子数：10
  - 正确映射：[7 0 2 8 4 9 6 3 5 1]
  - 预测映射：[7 8 2 0 4 9 6 3 5 1]
[test_sample_00838] [T1x_rxn4323] ❌ 错误 | 原子数：10
  - 正确映射：[9 2 6 5 0 1 4 3 7 8]
  - 预测映射：[9 2 6 5 0 1 4 7 3 8]
[test_sample_00839] [T1x_rxn4501] ❌ 错误 | 原子数：10
  - 正确映射：[9 5 4 1 6 2 0 8 7 3]
  - 预测映射：[9 5 4 1 6 2 0 7 8 3]
[test_sample_00840] [T1x_rxn4502] ❌ 错误 | 原子数：10
  - 正确映射：[8 6 2 1 7 4 3 0 9 5]
  - 预测映射：[8 2 6 1 7 4 3 0 9 5]
[test_sample_00841] [T1x_rxn4503] ❌ 错误 | 原子数：10
  - 正确映射：[6 8 0 2 4 3 5 7 9 1]
  - 预测映射：[6 8 0 2 4 3 7 5 1 9]
[test_sample_00842] [T1x_rxn4504] ✅ 严格正确 | 原子数：10
[test_sample_00843] [T1x_rxn4505] ❌ 错误 | 原子数：10
  - 正确映射：[3 4 2 8 9 0 6 7 5 1]
  - 预测映射：[3 4 2 8 9 0 6 7 1 5]
[test_sample_00844] [T1x_rxn4506] ❌ 错误 | 原子数：10
  - 正确映射：[8 9 0 2 1 7 3 5 6 4]
  - 预测映射：[8 9 0 2 1 7 5 3 4 6]
[test_sample_00845] [T1x_rxn4507] ❌ 错误 | 原子数：10
  - 正确映射：[5 4 7 9 8 3 6 1 2 0]
  - 预测映射：[5 4 7 9 8 3 1 6 2 0]
[test_sample_00846] [T1x_rxn4598] ❌ 错误 | 原子数：10
  - 正确映射：[1 5 0 8 4 3 9 7 2 6]
  - 预测映射：[1 8 3 5 4 0 2 7 9 6]
[test_sample_00847] [T1x_rxn4599] ❌ 错误 | 原子数：10
  - 正确映射：[6 7 1 2 4 3 0 5 8 9]
  - 预测映射：[3 7 1 4 2 6 9 8 5 0]
[test_sample_00848] [T1x_rxn4600] ❌ 错误 | 原子数：10
  - 正确映射：[5 6 9 8 4 3 7 0 2 1]
  - 预测映射：[5 6 3 4 8 9 7 2 0 1]
[test_sample_00849] [T1x_rxn4601] ✅ 严格正确 | 原子数：10
[test_sample_00850] [T1x_rxn4602] ❌ 错误 | 原子数：10
  - 正确映射：[4 3 2 7 6 8 5 0 1 9]
  - 预测映射：[4 3 2 7 6 8 0 5 1 9]
[test_sample_00851] [T1x_rxn9221] ❌ 错误 | 原子数：10
  - 正确映射：[2 3 9 1 7 0 6 4 8 5]
  - 预测映射：[1 9 7 0 3 2 6 8 5 4]
[test_sample_00852] [T1x_rxn9222] ❌ 错误 | 原子数：10
  - 正确映射：[4 0 9 7 6 2 8 5 3 1]
  - 预测映射：[7 0 6 2 9 4 8 3 1 5]
[test_sample_00853] [T1x_rxn9434] ✅ 严格正确 | 原子数：10
[test_sample_00854] [T1x_rxn9456] ❌ 错误 | 原子数：10
  - 正确映射：[4 1 0 6 9 7 3 5 8 2]
  - 预测映射：[0 6 4 1 9 7 5 3 8 2]
[test_sample_00855] [T1x_rxn1486] ❌ 错误 | 原子数：9
  - 正确映射：[7 6 2 8 3 5 0 4 1]
  - 预测映射：[7 6 2 8 3 0 5 1 4]
[test_sample_00856] [T1x_rxn1487] ✅ 严格正确 | 原子数：9
[test_sample_00857] [T1x_rxn0062] ❌ 错误 | 原子数：11
  - 正确映射：[10  2  7  4  8  0  6  5  1  3  9]
  - 预测映射：[10  2  7  4  8  0  6  5  3  1  9]
[test_sample_00858] [T1x_rxn0063] ✅ 严格正确 | 原子数：11
[test_sample_00859] [T1x_rxn0064] ❌ 错误 | 原子数：11
  - 正确映射：[ 6  4  2  5  7  9  8  3  0 10  1]
  - 预测映射：[ 5  2  4  6  7  9 10  0  3  8  1]
[test_sample_00860] [T1x_rxn0065] ❌ 错误 | 原子数：11
  - 正确映射：[ 2  9 10  6  5  0  7  8  1  3  4]
  - 预测映射：[ 0  5  9  2 10  6  4  8  7  1  3]
[test_sample_00861] [T1x_rxn0066] ✅ 严格正确 | 原子数：11
[test_sample_00862] [T1x_rxn0067] ❌ 错误 | 原子数：11
  - 正确映射：[ 2  4  1  3  8 10  7  0  6  5  9]
  - 预测映射：[ 2  4  1  3  8 10  0  7  6  5  9]
[test_sample_00863] [T1x_rxn0068] ✅ 严格正确 | 原子数：11
[test_sample_00864] [T1x_rxn0069] ✅ 严格正确 | 原子数：11
[test_sample_00865] [T1x_rxn0070] ✅ 严格正确 | 原子数：11
[test_sample_00866] [T1x_rxn0071] ✅ 严格正确 | 原子数：11
[test_sample_00867] [T1x_rxn0072] ✅ 严格正确 | 原子数：11
[test_sample_00868] [T1x_rxn0073] ❌ 错误 | 原子数：11
  - 正确映射：[ 7  3 10  0  1  6  5  2  4  8  9]
  - 预测映射：[ 0 10  3  7  1  6  8  4  2  5  9]
[test_sample_00869] [T1x_rxn0608] ❌ 错误 | 原子数：11
  - 正确映射：[ 6  7 10  4  5  3  0  8  9  2  1]
  - 预测映射：[ 6  7  5  4 10  3  0  8  9  2  1]
[test_sample_00870] [T1x_rxn0609] ✅ 严格正确 | 原子数：11
[test_sample_00871] [T1x_rxn0610] ❌ 错误 | 原子数：11
  - 正确映射：[ 8  2  6  5  9  3 10  0  1  7  4]
  - 预测映射：[ 8  2  6  5  9  3  0 10  1  7  4]
[test_sample_00872] [T1x_rxn0611] ✅ 严格正确 | 原子数：11
[test_sample_00873] [T1x_rxn0612] ❌ 错误 | 原子数：11
  - 正确映射：[ 9  8  4  5  1  3  6  7  2  0 10]
  - 预测映射：[ 9  8  4  5  1  3  7  6  2  0 10]
[test_sample_00874] [T1x_rxn0613] ✅ 严格正确 | 原子数：11
[test_sample_00875] [T1x_rxn0614] ✅ 严格正确 | 原子数：11
[test_sample_00876] [T1x_rxn0615] ❌ 错误 | 原子数：11
  - 正确映射：[ 3  1  5  9  7  2  0  6  4 10  8]
  - 预测映射：[ 3  1  5  9  7  2  4  0  6 10  8]
[test_sample_00877] [T1x_rxn0725] ✅ 严格正确 | 原子数：11
[test_sample_00878] [T1x_rxn0726] ❌ 错误 | 原子数：11
  - 正确映射：[ 4  7  3  8 10  1  5  2  6  9  0]
  - 预测映射：[ 4  7  3  8 10  1  5  2  6  0  9]
[test_sample_00879] [T1x_rxn0727] ✅ 严格正确 | 原子数：11
[test_sample_00880] [T1x_rxn0728] ❌ 错误 | 原子数：11
  - 正确映射：[ 5  0  6  1  4  7  3  2  9  8 10]
  - 预测映射：[ 5  7  6  1  4  0  2  3  9  8 10]
[test_sample_00881] [T1x_rxn0729] ✅ 严格正确 | 原子数：11
[test_sample_00882] [T1x_rxn0730] ❌ 错误 | 原子数：11
  - 正确映射：[ 4  2  5  6  8 10  1  3  7  9  0]
  - 预测映射：[ 5  2  6  4  8 10  3  7  0  9  1]
[test_sample_00883] [T1x_rxn0731] ✅ 严格正确 | 原子数：11
[test_sample_00884] [T1x_rxn0732] ✅ 严格正确 | 原子数：11
[test_sample_00885] [T1x_rxn0733] ❌ 错误 | 原子数：11
  - 正确映射：[ 5 10  7  9  6  8  0  1  3  4  2]
  - 预测映射：[ 5 10  7  9  6  8  1  0  4  3  2]
[test_sample_00886] [T1x_rxn0734] ✅ 严格正确 | 原子数：11
[test_sample_00887] [T1x_rxn0735] ✅ 严格正确 | 原子数：11
[test_sample_00888] [T1x_rxn0736] ✅ 严格正确 | 原子数：11
[test_sample_00889] [T1x_rxn0737] ❌ 错误 | 原子数：11
  - 正确映射：[ 5  8 10  1  6  3  0  4  7  2  9]
  - 预测映射：[ 5  8 10  1  6  3  0  4  7  9  2]
[test_sample_00890] [T1x_rxn0738] ❌ 错误 | 原子数：11
  - 正确映射：[ 9  5  1  8  7  4  3  6 10  2  0]
  - 预测映射：[ 9  5  1  8  7  4  6  3 10  2  0]
[test_sample_00891] [T1x_rxn1244] ❌ 错误 | 原子数：11
  - 正确映射：[ 5  2  6  4  1  9  3 10  7  8  0]
  - 预测映射：[ 5  2  6  4  1  9  8  3 10  7  0]
[test_sample_00892] [T1x_rxn1245] ❌ 错误 | 原子数：11
  - 正确映射：[10  7  5  1  0  3  9  8  6  2  4]
  - 预测映射：[10  7  5  1  0  3  8  9  6  2  4]
[test_sample_00893] [T1x_rxn1246] ❌ 错误 | 原子数：11
  - 正确映射：[ 5  3  1 10  2  8  9  6  4  7  0]
  - 预测映射：[ 5  3  1  8  2 10  4  9  6  7  0]
[test_sample_00894] [T1x_rxn1247] ❌ 错误 | 原子数：11
  - 正确映射：[ 8  2 10  5  3  1  6  7  4  0  9]
  - 预测映射：[ 8  2 10  5  3  1  9  7  6  0  4]
[test_sample_00895] [T1x_rxn1248] ❌ 错误 | 原子数：11
  - 正确映射：[ 8  7  0  2 10  4  3  5  9  1  6]
  - 预测映射：[ 8  7  0  2 10  4  5  3  9  1  6]
[test_sample_00896] [T1x_rxn1249] ❌ 错误 | 原子数：11
  - 正确映射：[ 0  4  8  2  5  1  7  6  3 10  9]
  - 预测映射：[ 0  4  8  2  5  1  6  7  3 10  9]
[test_sample_00897] [T1x_rxn1250] ✅ 严格正确 | 原子数：11
[test_sample_00898] [T1x_rxn1251] ❌ 错误 | 原子数：11
  - 正确映射：[ 8 10  0  2  1  7  3  4  5  9  6]
  - 预测映射：[ 8 10  0  2  1  7  4  3  5  9  6]
[test_sample_00899] [T1x_rxn1372] ❌ 错误 | 原子数：11
  - 正确映射：[ 9  2  8  1  6  3  4  0 10  5  7]
  - 预测映射：[ 9  2  3  6  1  8  0  4  7  5 10]
[test_sample_00900] [T1x_rxn1373] ✅ 严格正确 | 原子数：11
[test_sample_00901] [T1x_rxn1374] ❌ 错误 | 原子数：11
  - 正确映射：[ 0  7 10  1  2  5  9  4  8  3  6]
  - 预测映射：[ 0  7  5  1  2 10  9  6  8  3  4]
[test_sample_00902] [T1x_rxn1375] ✅ 严格正确 | 原子数：11
[test_sample_00903] [T1x_rxn1376] ✅ 严格正确 | 原子数：11
[test_sample_00904] [T1x_rxn1377] ✅ 严格正确 | 原子数：11
[test_sample_00905] [T1x_rxn1378] ✅ 严格正确 | 原子数：11
[test_sample_00906] [T1x_rxn1379] ❌ 错误 | 原子数：11
  - 正确映射：[ 9  3  8  0  5  7  2  4  1 10  6]
  - 预测映射：[ 9  3  7  5  0  8  4  2  6 10  1]
[test_sample_00907] [T1x_rxn1380] ❌ 错误 | 原子数：11
  - 正确映射：[ 6  5  8  1  3 10  9  4  0  7  2]
  - 预测映射：[ 1  5 10  3  6  8  4  7  2  9  0]
[test_sample_00908] [T1x_rxn1381] ✅ 严格正确 | 原子数：11
[test_sample_00909] [T1x_rxn1382] ✅ 严格正确 | 原子数：11
[test_sample_00910] [T1x_rxn1759] ❌ 错误 | 原子数：11
  - 正确映射：[ 3  4  2  7  5  8  1  9  0  6 10]
  - 预测映射：[ 3  4  2  7  5  8  0  9  6  1 10]
[test_sample_00911] [T1x_rxn1760] ❌ 错误 | 原子数：11
  - 正确映射：[10  4  6  8  3  7  9  5  2  1  0]
  - 预测映射：[10  4  6  8  3  7  2  5  9  1  0]
[test_sample_00912] [T1x_rxn1761] ✅ 严格正确 | 原子数：11
[test_sample_00913] [T1x_rxn1762] ✅ 严格正确 | 原子数：11
[test_sample_00914] [T1x_rxn1916] ❌ 错误 | 原子数：11
  - 正确映射：[ 5  8  2  4  7  0  9  1  3 10  6]
  - 预测映射：[ 5  8  2  4  7  0  9  1 10  3  6]
[test_sample_00915] [T1x_rxn1917] ❌ 错误 | 原子数：11
  - 正确映射：[ 6  3  7  5  0  9 10  8  2  1  4]
  - 预测映射：[ 6  3  7  5  0  9 10  8  2  4  1]
[test_sample_00916] [T1x_rxn1918] ❌ 错误 | 原子数：11
  - 正确映射：[ 7  5  9  3  0  1 10  6  8  2  4]
  - 预测映射：[ 7  5  9  3  0  1  6  8 10  2  4]
[test_sample_00917] [T1x_rxn1919] ❌ 错误 | 原子数：11
  - 正确映射：[ 5  2  4  0  3  8  7 10  1  9  6]
  - 预测映射：[ 5  2  4  0  3  8  7  1 10  9  6]
[test_sample_00918] [T1x_rxn1920] ❌ 错误 | 原子数：11
  - 正确映射：[ 8  3  6  2  7  0 10  5  1  4  9]
  - 预测映射：[ 8  3  6  2  7  0 10  1  5  4  9]
[test_sample_00919] [T1x_rxn2000] ❌ 错误 | 原子数：11
  - 正确映射：[ 0  9  4  5  6  7  2 10  8  3  1]
  - 预测映射：[ 7  6  4  5  9  0  8  1  2  3 10]
[test_sample_00920] [T1x_rxn2001] ❌ 错误 | 原子数：11
  - 正确映射：[ 0  8  1  6  5  3  7  9  4  2 10]
  - 预测映射：[ 0  5  1  8  6  3  7  4  9  2 10]
[test_sample_00921] [T1x_rxn2002] ❌ 错误 | 原子数：11
  - 正确映射：[ 3  6  2  8  1  4  0  7  9 10  5]
  - 预测映射：[ 3  6  4  1  8  2  7  9  0  5 10]
[test_sample_00922] [T1x_rxn2003] ❌ 错误 | 原子数：11
  - 正确映射：[ 6  3  4  5  2  7  8  1 10  9  0]
  - 预测映射：[ 6  3  7  2  5  4  1  8 10  0  9]
[test_sample_00923] [T1x_rxn2004] ❌ 错误 | 原子数：11
  - 正确映射：[ 5  8  2  0  1 10  6  7  9  4  3]
  - 预测映射：[ 5  8 10  1  0  2  9  6  7  3  4]
[test_sample_00924] [T1x_rxn2005] ❌ 错误 | 原子数：11
  - 正确映射：[ 3  8 10  0  2  6  9  4  7  1  5]
  - 预测映射：[ 3  8  6  2  0 10  9  7  1  5  4]
[test_sample_00925] [T1x_rxn2259] ❌ 错误 | 原子数：11
  - 正确映射：[ 4  9 10  2  3  8  6  5  0  7  1]
  - 预测映射：[ 4  9 10  2  3  8  7  0  5  6  1]
[test_sample_00926] [T1x_rxn2260] ❌ 错误 | 原子数：11
  - 正确映射：[ 7  2  9  1  3  4  6 10  0  8  5]
  - 预测映射：[ 7  9  2  1  3  4 10  6  0  8  5]
[test_sample_00927] [T1x_rxn2261] ✅ 严格正确 | 原子数：11
[test_sample_00928] [T1x_rxn2262] ✅ 严格正确 | 原子数：11
[test_sample_00929] [T1x_rxn2263] ❌ 错误 | 原子数：11
  - 正确映射：[10  4  3  5  0  1  9  8  6  2  7]
  - 预测映射：[10  4  3  5  0  1  6  9  8  2  7]
[test_sample_00930] [T1x_rxn2264] ❌ 错误 | 原子数：11
  - 正确映射：[ 5  2  4  9  7  1  0  8  6  3 10]
  - 预测映射：[ 5  2  4  9  7  1  6  0  8  3 10]
[test_sample_00931] [T1x_rxn2265] ❌ 错误 | 原子数：11
  - 正确映射：[ 8  3  1  6  4  0  5  2 10  9  7]
  - 预测映射：[ 8  3  1  6  4  0  2 10  5  9  7]
[test_sample_00932] [T1x_rxn2266] ❌ 错误 | 原子数：11
  - 正确映射：[ 8  5  7  9  4  2  1  0 10  6  3]
  - 预测映射：[ 8  5  7  9  4  2  0 10  1  6  3]
[test_sample_00933] [T1x_rxn2958] ✅ 严格正确 | 原子数：11
[test_sample_00934] [T1x_rxn2959] ❌ 错误 | 原子数：11
  - 正确映射：[10  8  0  9  7  5  6  1  4  2  3]
  - 预测映射：[ 5  7  8 10  0  9  3  2  6  1  4]
[test_sample_00935] [T1x_rxn2960] ✅ 严格正确 | 原子数：11
[test_sample_00936] [T1x_rxn2961] ❌ 错误 | 原子数：11
  - 正确映射：[10  5  7  0  9  1  6  4  3  8  2]
  - 预测映射：[10  5  7  0  9  1  6  3  4  8  2]
[test_sample_00937] [T1x_rxn2962] ✅ 严格正确 | 原子数：11
[test_sample_00938] [T1x_rxn2963] ✅ 严格正确 | 原子数：11
[test_sample_00939] [T1x_rxn2964] ❌ 错误 | 原子数：11
  - 正确映射：[ 1  9  7  5  0  4  8  3  6  2 10]
  - 预测映射：[ 1  9  7  5  0  4  8  6  3  2 10]
[test_sample_00940] [T1x_rxn2965] ✅ 严格正确 | 原子数：11
[test_sample_00941] [T1x_rxn2966] ❌ 错误 | 原子数：11
  - 正确映射：[ 6 10  9  2  0  3  8  4  1  7  5]
  - 预测映射：[ 6 10  9  2  0  3  8  1  4  7  5]
[test_sample_00942] [T1x_rxn2967] ✅ 严格正确 | 原子数：11
[test_sample_00943] [T1x_rxn2968] ❌ 错误 | 原子数：11
  - 正确映射：[ 2  5  0  8  4  3 10  7  6  1  9]
  - 预测映射：[ 2  5  0  8  4  3 10  6  7  1  9]
[test_sample_00944] [T1x_rxn3044] ❌ 错误 | 原子数：11
  - 正确映射：[ 0  4 10  5  2  6  3  9  7  1  8]
  - 预测映射：[ 0  4 10  2  6  5  3  7  9  1  8]
[test_sample_00945] [T1x_rxn3045] ✅ 严格正确 | 原子数：11
[test_sample_00946] [T1x_rxn3046] ✅ 严格正确 | 原子数：11
[test_sample_00947] [T1x_rxn3047] ✅ 严格正确 | 原子数：11
[test_sample_00948] [T1x_rxn3048] ✅ 严格正确 | 原子数：11
[test_sample_00949] [T1x_rxn3049] ❌ 错误 | 原子数：11
  - 正确映射：[10  5  1  3  2  6  7  8  4  0  9]
  - 预测映射：[10  5  1  3  2  6  7  4  8  0  9]
[test_sample_00950] [T1x_rxn3050] ❌ 错误 | 原子数：11
  - 正确映射：[ 5  4  7  6  9  3  1  8 10  0  2]
  - 预测映射：[ 5  4  7  6  9  3 10  2  8  0  1]
[test_sample_00951] [T1x_rxn3523] ❌ 错误 | 原子数：11
  - 正确映射：[10  4  7  9  3  0  5  6  1  8  2]
  - 预测映射：[10  4  0  3  9  7  6  1  5  2  8]
[test_sample_00952] [T1x_rxn3524] ❌ 错误 | 原子数：11
  - 正确映射：[ 3  8  1  4  2  6  5  9  0  7 10]
  - 预测映射：[ 2  6  1  4  3  8  9  5 10  7  0]
[test_sample_00953] [T1x_rxn3525] ❌ 错误 | 原子数：11
  - 正确映射：[ 5  6  0  7  4  9  8  3  1 10  2]
  - 预测映射：[ 7  6  0  5  4  9  3  2 10  1  8]
[test_sample_00954] [T1x_rxn3526] ✅ 严格正确 | 原子数：11
[test_sample_00955] [T1x_rxn4064] ❌ 错误 | 原子数：11
  - 正确映射：[ 2  6  4  0 10  8  9  3  5  7  1]
  - 预测映射：[ 2  6  4  0 10  8  3  9  5  7  1]
[test_sample_00956] [T1x_rxn4065] ✅ 严格正确 | 原子数：11
[test_sample_00957] [T1x_rxn4066] ✅ 严格正确 | 原子数：11
[test_sample_00958] [T1x_rxn4067] ❌ 错误 | 原子数：11
  - 正确映射：[ 7  4  0 10  5  3  1  9  2  8  6]
  - 预测映射：[ 7  4  0 10  5  3  9  1  2  8  6]
[test_sample_00959] [T1x_rxn4068] ✅ 严格正确 | 原子数：11
[test_sample_00960] [T1x_rxn4069] ✅ 严格正确 | 原子数：11
[test_sample_00961] [T1x_rxn4070] ✅ 严格正确 | 原子数：11
[test_sample_00962] [T1x_rxn4071] ✅ 严格正确 | 原子数：11
[test_sample_00963] [T1x_rxn4072] ❌ 错误 | 原子数：11
  - 正确映射：[ 6  7  3 10  5  1  0  2  4  8  9]
  - 预测映射：[ 6  7  3 10  5  1  4  0  2  8  9]
[test_sample_00964] [T1x_rxn4073] ❌ 错误 | 原子数：11
  - 正确映射：[ 4 10  8  9  1  0  3  5  7  6  2]
  - 预测映射：[ 4 10  8  9  1  0  5  3  7  6  2]
[test_sample_00965] [T1x_rxn4074] ✅ 严格正确 | 原子数：11
[test_sample_00966] [T1x_rxn4075] ❌ 错误 | 原子数：11
  - 正确映射：[ 4  8  2  7  5  3  0  6 10  9  1]
  - 预测映射：[ 5  7  2  8  4  3  9  6 10  0  1]
[test_sample_00967] [T1x_rxn4470] ❌ 错误 | 原子数：11
  - 正确映射：[ 4  5  6  2  3  8  0 10  9  1  7]
  - 预测映射：[ 4  5  6  2  3  8 10  0  9  1  7]
[test_sample_00968] [T1x_rxn4471] ❌ 错误 | 原子数：11
  - 正确映射：[ 3  1  8  5 10  7  6  0  9  4  2]
  - 预测映射：[ 3  1  5  8 10  7  0  6  9  4  2]
[test_sample_00969] [T1x_rxn4472] ❌ 错误 | 原子数：11
  - 正确映射：[ 2  5  0  6 10  4  3  7  1  8  9]
  - 预测映射：[ 2  4  0  6 10  5  7  3  1  8  9]
[test_sample_00970] [T1x_rxn4473] ❌ 错误 | 原子数：11
  - 正确映射：[ 0  9  6  8  4  5  3  2  7  1 10]
  - 预测映射：[ 0  9  6  8  5  4  3  7  2  1 10]
[test_sample_00971] [T1x_rxn4474] ✅ 严格正确 | 原子数：11
[test_sample_00972] [T1x_rxn4475] ❌ 错误 | 原子数：11
  - 正确映射：[ 1  5  4  2  0 10  7  9  6  3  8]
  - 预测映射：[ 1  0  2  4 10  5  7  9  6  8  3]
[test_sample_00973] [T1x_rxn4476] ❌ 错误 | 原子数：11
  - 正确映射：[ 1  2  4  8  3  9  0 10  7  6  5]
  - 预测映射：[ 1  9  8  4  2  3  0  7 10  5  6]
[test_sample_00974] [T1x_rxn4477] ❌ 错误 | 原子数：11
  - 正确映射：[ 8  9  2  4 10  0  3  7  1  6  5]
  - 预测映射：[ 8  9  2  4 10  0  3  1  7  5  6]
[test_sample_00975] [T1x_rxn8944] ❌ 错误 | 原子数：11
  - 正确映射：[ 1  2  5  0  4  3  8 10  7  9  6]
  - 预测映射：[ 1  2  5  0  4  3  8 10  6  9  7]
[test_sample_00976] [T1x_rxn9004] ❌ 错误 | 原子数：11
  - 正确映射：[ 3  0  4  2  5  8  6  7  1 10  9]
  - 预测映射：[ 0  3  4  2  5  8  1  7  6 10  9]
[test_sample_00977] [T1x_rxn9016] ✅ 严格正确 | 原子数：11
[test_sample_00978] [T1x_rxn9017] ❌ 错误 | 原子数：11
  - 正确映射：[ 6  3  4  0  7  8  1 10  5  9  2]
  - 预测映射：[ 0  7  4  6  3  8  5  9 10  1  2]
[test_sample_00979] [T1x_rxn9077] ❌ 错误 | 原子数：11
  - 正确映射：[ 6 10  0  3  2  5  4  1  7  8  9]
  - 预测映射：[ 0 10  6  5  2  3  7  8  4  1  9]
[test_sample_00980] [T1x_rxn9091] ✅ 严格正确 | 原子数：11
[test_sample_00981] [T1x_rxn9092] ❌ 错误 | 原子数：11
  - 正确映射：[ 5  0  6  9  2  7  4 10  1  3  8]
  - 预测映射：[ 9  6  0  5  2  7  3  1  4 10  8]
[test_sample_00982] [T1x_rxn9157] ❌ 错误 | 原子数：11
  - 正确映射：[ 5 10  2  3  1  8  0  6  4  7  9]
  - 预测映射：[ 5 10  2  3  1  8  4  0  6  7  9]
[test_sample_00983] [T1x_rxn9177] ❌ 错误 | 原子数：11
  - 正确映射：[ 0  5 10  6  1  8  3  2  9  7  4]
  - 预测映射：[ 0  5 10  6  1  8  3  9  2  7  4]
[test_sample_00984] [T1x_rxn9410] ❌ 错误 | 原子数：11
  - 正确映射：[ 1  9  4 10  8  5  6  7  3  0  2]
  - 预测映射：[ 8 10  4  9  1  5  0  2  3  6  7]
[test_sample_00985] [T1x_rxn9411] ✅ 严格正确 | 原子数：11
[test_sample_00986] [T1x_rxn9412] ✅ 严格正确 | 原子数：11
[test_sample_00987] [T1x_rxn4947] ❌ 错误 | 原子数：12
  - 正确映射：[10  4  7  9  1  0  3  5  8  6 11  2]
  - 预测映射：[10  4  7  9  1  0  3  6  8  5 11  2]
[test_sample_00988] [T1x_rxn4948] ❌ 错误 | 原子数：12
  - 正确映射：[ 6 10  2  1  3  0  5  9  7 11  8  4]
  - 预测映射：[ 6 10  2  1  3  0  5 11  9  7  4  8]
[test_sample_00989] [T1x_rxn5550] ❌ 错误 | 原子数：12
  - 正确映射：[ 9  5  6  4  2 11  7  8 10  3  0  1]
  - 预测映射：[ 9  5  6  4  2 11  7 10  8  3  0  1]
[test_sample_00990] [T1x_rxn5551] ✅ 严格正确 | 原子数：12
[test_sample_00991] [T1x_rxn5552] ❌ 错误 | 原子数：12
  - 正确映射：[ 2  7  9  8  5  3  6 10  4  0 11  1]
  - 预测映射：[ 2  7  9  6  5  3  8 10  4  0  1 11]
[test_sample_00992] [T1x_rxn5553] ❌ 错误 | 原子数：12
  - 正确映射：[ 3  5  8  6  2  9 11 10  1  0  4  7]
  - 预测映射：[ 3  5  8  6  2  9 11 10  1  0  7  4]
[test_sample_00993] [T1x_rxn5554] ❌ 错误 | 原子数：12
  - 正确映射：[11  4  2 10  9  0  6  7  3  5  1  8]
  - 预测映射：[11  4  2 10  9  0  6  3  5  7  1  8]
[test_sample_00994] [T1x_rxn5555] ❌ 错误 | 原子数：12
  - 正确映射：[10  7  2 11  9  4  1  5  8  6  0  3]
  - 预测映射：[10  7  2 11  9  4  1  6  8  5  0  3]
[test_sample_00995] [T1x_rxn5556] ✅ 严格正确 | 原子数：12
[test_sample_00996] [T1x_rxn5557] ✅ 严格正确 | 原子数：12
[test_sample_00997] [T1x_rxn5558] ❌ 错误 | 原子数：12
  - 正确映射：[10  4  1  3  0  2  9  8  5  6  7 11]
  - 预测映射：[10  4  1  3  0  2  9  8  6  5  7 11]
[test_sample_00998] [T1x_rxn5559] ❌ 错误 | 原子数：12
  - 正确映射：[11 10  0  3  5  1  9  2  6  8  7  4]
  - 预测映射：[11 10  0  9  5  1  3  6  8  2  4  7]
[test_sample_00999] [T1x_rxn5560] ❌ 错误 | 原子数：12
  - 正确映射：[ 1 10  3  4  9  7  0  5  2 11  6  8]
  - 预测映射：[ 1 10  3  4  0  7  9 11  2  6  5  8]
[test_sample_01000] [T1x_rxn5561] ✅ 严格正确 | 原子数：12
[test_sample_01001] [T1x_rxn5562] ✅ 严格正确 | 原子数：12
[test_sample_01002] [T1x_rxn5563] ❌ 错误 | 原子数：12
  - 正确映射：[ 3  6  8  1  0  5 11 10  4  7  9  2]
  - 预测映射：[ 3  6  8  1  0  5 11 10  7  4  9  2]
[test_sample_01003] [T1x_rxn5564] ❌ 错误 | 原子数：12
  - 正确映射：[10  9  0  8  6  3  1  4  5 11  7  2]
  - 预测映射：[10  9  0  8  1  3  6  4  5 11  2  7]
[test_sample_01004] [T1x_rxn5666] ✅ 严格正确 | 原子数：12
[test_sample_01005] [T1x_rxn5667] ✅ 严格正确 | 原子数：12
[test_sample_01006] [T1x_rxn5668] ✅ 严格正确 | 原子数：12
[test_sample_01007] [T1x_rxn5669] ✅ 严格正确 | 原子数：12
[test_sample_01008] [T1x_rxn5670] ✅ 严格正确 | 原子数：12
[test_sample_01009] [T1x_rxn5671] ✅ 严格正确 | 原子数：12
[test_sample_01010] [T1x_rxn5672] ❌ 错误 | 原子数：12
  - 正确映射：[ 2  7  5  8  6  3  4  0 11  1 10  9]
  - 预测映射：[ 2  7  5  8  6  3  4  1  0 11 10  9]
[test_sample_01011] [T1x_rxn5673] ❌ 错误 | 原子数：12
  - 正确映射：[ 2  1  8  7  4  6 10 11  0  3  9  5]
  - 预测映射：[ 2  1  8  7  4  6 10  5 11  0  3  9]
[test_sample_01012] [T1x_rxn5674] ✅ 严格正确 | 原子数：12
[test_sample_01013] [T1x_rxn5675] ❌ 错误 | 原子数：12
  - 正确映射：[ 1  0  9  6  2  3  7  4  8  5 11 10]
  - 预测映射：[ 1  0  9  6  2  3  7  8  5 11 10  4]
[test_sample_01014] [T1x_rxn5676] ❌ 错误 | 原子数：12
  - 正确映射：[10  6  3  9  1  2  0 11  8  4  5  7]
  - 预测映射：[10  1  6  0  3  2  9  8 11  7  4  5]
[test_sample_01015] [T1x_rxn5677] ✅ 严格正确 | 原子数：12
[test_sample_01016] [T1x_rxn5882] ✅ 严格正确 | 原子数：12
[test_sample_01017] [T1x_rxn5883] ✅ 严格正确 | 原子数：12
[test_sample_01018] [T1x_rxn5884] ❌ 错误 | 原子数：12
  - 正确映射：[10  1  5  2 11  0  9  6  8  3  4  7]
  - 预测映射：[10  1  5  2 11  0  9  8  3  6  4  7]
[test_sample_01019] [T1x_rxn5885] ✅ 严格正确 | 原子数：12
[test_sample_01020] [T1x_rxn5886] ✅ 严格正确 | 原子数：12
[test_sample_01021] [T1x_rxn5887] ✅ 严格正确 | 原子数：12
[test_sample_01022] [T1x_rxn5888] ❌ 错误 | 原子数：12
  - 正确映射：[ 2  7 11  5  0  9  4  1 10  3  6  8]
  - 预测映射：[ 2  7 11  5  0  9  4 10  6  3  1  8]
[test_sample_01023] [T1x_rxn8066] ❌ 错误 | 原子数：12
  - 正确映射：[ 5  3 11  0  7  4  1  9 10  6  8  2]
  - 预测映射：[ 1  3  4  0  7 11  5 10  8  2  9  6]
[test_sample_01024] [T1x_rxn8067] ❌ 错误 | 原子数：12
  - 正确映射：[ 3  0  1  9  2  7  4 11  6 10  8  5]
  - 预测映射：[ 2  7  1  9  3  0  4  8  5 10 11  6]
[test_sample_01025] [T1x_rxn8068] ❌ 错误 | 原子数：12
  - 正确映射：[ 4  2  1  0  5  8  6 10  9 11  7  3]
  - 预测映射：[ 4  2  1  0  5  8  6 11  9 10  7  3]
[test_sample_01026] [T1x_rxn8069] ✅ 严格正确 | 原子数：12
[test_sample_01027] [T1x_rxn8070] ✅ 严格正确 | 原子数：12
[test_sample_01028] [T1x_rxn8071] ❌ 错误 | 原子数：12
  - 正确映射：[ 5 10  8  9  6 11  2  4  3  1  0  7]
  - 预测映射：[ 5 10  8  9  6 11  2  3  1  4  0  7]
[test_sample_01029] [T1x_rxn8382] ✅ 严格正确 | 原子数：12
[test_sample_01030] [T1x_rxn8383] ✅ 严格正确 | 原子数：12
[test_sample_01031] [T1x_rxn8384] ✅ 严格正确 | 原子数：12
[test_sample_01032] [T1x_rxn8385] ✅ 严格正确 | 原子数：12
[test_sample_01033] [T1x_rxn8386] ✅ 严格正确 | 原子数：12
[test_sample_01034] [T1x_rxn8387] ✅ 严格正确 | 原子数：12
[test_sample_01035] [T1x_rxn8388] ✅ 严格正确 | 原子数：12
[test_sample_01036] [T1x_rxn8389] ✅ 严格正确 | 原子数：12
[test_sample_01037] [T1x_rxn8390] ❌ 错误 | 原子数：12
  - 正确映射：[ 3  8  0 11  4  2 10  6  5  9  1  7]
  - 预测映射：[ 0  8 10 11  4  2  3  9  6  1  7  5]
[test_sample_01038] [T1x_rxn8391] ✅ 严格正确 | 原子数：12
[test_sample_01039] [T1x_rxn8392] ✅ 严格正确 | 原子数：12
[test_sample_01040] [T1x_rxn8393] ✅ 严格正确 | 原子数：12
[test_sample_01041] [T1x_rxn8394] ❌ 错误 | 原子数：12
  - 正确映射：[ 1  2  4  9 10  0  5 11  7  8  3  6]
  - 预测映射：[ 1  2  4  9 10  0  5 11  7  8  6  3]
[test_sample_01042] [T1x_rxn8917] ✅ 严格正确 | 原子数：12
[test_sample_01043] [T1x_rxn8918] ❌ 错误 | 原子数：12
  - 正确映射：[ 8  7  4  0 10  6 11  3  2  5  9  1]
  - 预测映射：[ 8  7  4  0 10  6 11  3  2  1  5  9]
[test_sample_01044] [T1x_rxn8919] ✅ 严格正确 | 原子数：12
[test_sample_01045] [T1x_rxn8920] ✅ 严格正确 | 原子数：12
[test_sample_01046] [T1x_rxn8921] ✅ 严格正确 | 原子数：12
[test_sample_01047] [T1x_rxn8922] ❌ 错误 | 原子数：12
  - 正确映射：[ 2  0  5 11  3 10  9  8  4  6  7  1]
  - 预测映射：[ 2  0  5 11  3 10  9  4  8  6  7  1]
[test_sample_01048] [T1x_rxn8923] ✅ 严格正确 | 原子数：12
[test_sample_01049] [T1x_rxn8924] ✅ 严格正确 | 原子数：12
[test_sample_01050] [T1x_rxn8925] ❌ 错误 | 原子数：12
  - 正确映射：[ 4  9  0  2  1  7  3  8 11 10  5  6]
  - 预测映射：[ 4  9  0  2  1  7  3  8 11  5 10  6]
[test_sample_01051] [T1x_rxn8926] ❌ 错误 | 原子数：12
  - 正确映射：[ 4  8  0  3  5  7 11 10  6  1  9  2]
  - 预测映射：[ 3  0  8  4  5  7 11  1  9  6 10  2]
[test_sample_01052] [T1x_rxn8927] ✅ 严格正确 | 原子数：12
[test_sample_01053] [T1x_rxn8928] ✅ 严格正确 | 原子数：12
[test_sample_01054] [T1x_rxn8929] ✅ 严格正确 | 原子数：12
[test_sample_01055] [T1x_rxn8930] ❌ 错误 | 原子数：12
  - 正确映射：[ 1  9  6  8  0  3  5  7  2 11  4 10]
  - 预测映射：[ 1  9  6  8  0  3  5  2  7 11  4 10]
[test_sample_01056] [T1x_rxn9575] ✅ 严格正确 | 原子数：12
[test_sample_01057] [T1x_rxn9576] ❌ 错误 | 原子数：12
  - 正确映射：[ 5  2  6  1  7 10  3  4  8  0  9 11]
  - 预测映射：[ 5  2  6  3  7 10  1  0  8  4 11  9]
[test_sample_01058] [T1x_rxn0269] ❌ 错误 | 原子数：10
  - 正确映射：[8 0 1 7 5 4 9 3 6 2]
  - 预测映射：[8 0 1 7 5 4 6 3 9 2]
[test_sample_01059] [T1x_rxn0270] ❌ 错误 | 原子数：10
  - 正确映射：[7 2 5 8 0 4 6 9 1 3]
  - 预测映射：[7 2 5 0 8 4 1 3 6 9]
[test_sample_01060] [T1x_rxn0271] ❌ 错误 | 原子数：10
  - 正确映射：[3 9 4 6 1 7 5 8 2 0]
  - 预测映射：[3 1 4 6 9 2 8 5 0 7]
[test_sample_01061] [T1x_rxn0272] ❌ 错误 | 原子数：10
  - 正确映射：[3 5 2 6 4 9 0 8 7 1]
  - 预测映射：[3 5 2 4 6 9 0 1 7 8]
[test_sample_01062] [T1x_rxn0273] ❌ 错误 | 原子数：10
  - 正确映射：[2 9 7 4 3 0 5 6 8 1]
  - 预测映射：[2 9 7 4 3 0 6 1 8 5]
[test_sample_01063] [T1x_rxn0274] ❌ 错误 | 原子数：10
  - 正确映射：[9 7 2 1 3 0 4 8 6 5]
  - 预测映射：[9 7 2 1 3 0 8 4 5 6]
[test_sample_01064] [T1x_rxn0275] ❌ 错误 | 原子数：10
  - 正确映射：[7 2 6 5 3 0 9 8 4 1]
  - 预测映射：[7 2 6 5 3 0 8 9 1 4]
[test_sample_01065] [T1x_rxn0276] ❌ 错误 | 原子数：10
  - 正确映射：[9 3 7 0 4 2 8 1 5 6]
  - 预测映射：[9 3 7 0 4 2 1 8 5 6]
[test_sample_01066] [T1x_rxn0767] ✅ 严格正确 | 原子数：10
[test_sample_01067] [T1x_rxn0768] ❌ 错误 | 原子数：10
  - 正确映射：[6 3 0 4 2 7 9 5 8 1]
  - 预测映射：[6 3 2 4 0 1 8 5 9 7]
[test_sample_01068] [T1x_rxn0769] ✅ 严格正确 | 原子数：10
[test_sample_01069] [T1x_rxn0770] ✅ 严格正确 | 原子数：10
[test_sample_01070] [T1x_rxn0771] ❌ 错误 | 原子数：10
  - 正确映射：[3 5 2 6 9 4 8 0 1 7]
  - 预测映射：[3 5 2 6 9 8 4 0 7 1]
[test_sample_01071] [T1x_rxn1877] ❌ 错误 | 原子数：10
  - 正确映射：[4 6 5 2 7 9 3 0 1 8]
  - 预测映射：[4 6 5 2 7 3 9 1 0 8]
[test_sample_01072] [T1x_rxn1878] ❌ 错误 | 原子数：10
  - 正确映射：[1 4 3 6 5 0 2 8 7 9]
  - 预测映射：[1 4 3 6 5 2 0 7 8 9]
[test_sample_01073] [T1x_rxn1879] ✅ 严格正确 | 原子数：10
[test_sample_01074] [T1x_rxn1880] ❌ 错误 | 原子数：10
  - 正确映射：[8 0 4 2 9 5 1 7 3 6]
  - 预测映射：[8 0 4 2 9 1 5 3 7 6]
[test_sample_01075] [T1x_rxn1881] ❌ 错误 | 原子数：10
  - 正确映射：[7 5 1 9 0 6 4 2 8 3]
  - 预测映射：[7 5 1 9 0 4 6 2 3 8]
[test_sample_01076] [T1x_rxn1882] ❌ 错误 | 原子数：10
  - 正确映射：[4 0 6 8 2 9 1 5 3 7]
  - 预测映射：[4 0 6 8 2 3 1 7 5 9]
[test_sample_01077] [T1x_rxn1978] ✅ 严格正确 | 原子数：10
[test_sample_01078] [T1x_rxn1979] ❌ 错误 | 原子数：10
  - 正确映射：[4 0 2 9 8 3 7 5 6 1]
  - 预测映射：[4 0 2 9 8 3 1 5 6 7]
[test_sample_01079] [T1x_rxn1980] ❌ 错误 | 原子数：10
  - 正确映射：[0 7 5 6 1 8 9 4 3 2]
  - 预测映射：[0 7 6 5 1 8 9 4 3 2]
[test_sample_01080] [T1x_rxn1981] ❌ 错误 | 原子数：10
  - 正确映射：[4 5 1 6 3 9 2 7 8 0]
  - 预测映射：[4 5 1 6 3 9 8 2 0 7]
[test_sample_01081] [T1x_rxn3259] ❌ 错误 | 原子数：10
  - 正确映射：[8 1 4 0 6 3 2 7 9 5]
  - 预测映射：[8 1 4 0 6 3 7 2 5 9]
[test_sample_01082] [T1x_rxn3260] ✅ 严格正确 | 原子数：10
[test_sample_01083] [T1x_rxn3322] ❌ 错误 | 原子数：10
  - 正确映射：[7 0 4 6 5 1 9 8 2 3]
  - 预测映射：[7 0 4 6 5 1 8 9 2 3]
[test_sample_01084] [T1x_rxn3323] ❌ 错误 | 原子数：10
  - 正确映射：[9 8 6 7 5 2 0 1 3 4]
  - 预测映射：[9 8 6 7 5 1 3 0 4 2]
[test_sample_01085] [T1x_rxn3324] ✅ 严格正确 | 原子数：10
[test_sample_01086] [T1x_rxn3325] ❌ 错误 | 原子数：10
  - 正确映射：[4 8 1 3 7 5 2 0 9 6]
  - 预测映射：[4 8 1 3 7 9 0 5 2 6]
[test_sample_01087] [T1x_rxn3326] ✅ 严格正确 | 原子数：10
[test_sample_01088] [T1x_rxn3327] ✅ 严格正确 | 原子数：10
[test_sample_01089] [T1x_rxn3328] ✅ 严格正确 | 原子数：10
[test_sample_01090] [T1x_rxn4139] ❌ 错误 | 原子数：10
  - 正确映射：[0 9 1 2 6 5 7 4 3 8]
  - 预测映射：[0 9 1 2 6 5 4 3 8 7]
[test_sample_01091] [T1x_rxn4140] ❌ 错误 | 原子数：10
  - 正确映射：[7 5 8 9 4 2 3 6 0 1]
  - 预测映射：[7 5 9 8 4 2 1 3 6 0]
[test_sample_01092] [T1x_rxn4141] ❌ 错误 | 原子数：10
  - 正确映射：[9 0 7 2 8 1 6 5 3 4]
  - 预测映射：[9 0 7 2 8 1 3 5 6 4]
[test_sample_01093] [T1x_rxn4142] ❌ 错误 | 原子数：10
  - 正确映射：[3 6 5 2 0 7 1 9 4 8]
  - 预测映射：[3 6 2 5 0 7 4 9 1 8]
[test_sample_01094] [T1x_rxn4143] ❌ 错误 | 原子数：10
  - 正确映射：[0 1 2 5 4 6 9 8 7 3]
  - 预测映射：[0 1 2 5 4 6 9 7 3 8]
[test_sample_01095] [T1x_rxn4144] ✅ 严格正确 | 原子数：10
[test_sample_01096] [T1x_rxn4145] ✅ 严格正确 | 原子数：10
[test_sample_01097] [T1x_rxn4146] ❌ 错误 | 原子数：10
  - 正确映射：[4 7 8 2 5 1 6 0 9 3]
  - 预测映射：[4 7 8 2 5 1 6 3 9 0]
[test_sample_01098] [T1x_rxn4147] ❌ 错误 | 原子数：10
  - 正确映射：[8 7 6 1 9 5 4 2 3 0]
  - 预测映射：[8 7 6 1 9 5 4 3 2 0]
[test_sample_01099] [T1x_rxn4148] ✅ 严格正确 | 原子数：10
[test_sample_01100] [T1x_rxn4149] ✅ 严格正确 | 原子数：10
[test_sample_01101] [T1x_rxn4150] ✅ 严格正确 | 原子数：10
[test_sample_01102] [T1x_rxn4578] ❌ 错误 | 原子数：10
  - 正确映射：[7 8 9 6 3 5 0 1 2 4]
  - 预测映射：[7 8 9 6 3 0 1 5 2 4]
[test_sample_01103] [T1x_rxn4579] ❌ 错误 | 原子数：10
  - 正确映射：[4 0 6 1 8 7 5 3 9 2]
  - 预测映射：[4 0 6 1 8 7 3 5 9 2]
[test_sample_01104] [T1x_rxn4580] ✅ 严格正确 | 原子数：10
[test_sample_01105] [T1x_rxn4581] ❌ 错误 | 原子数：10
  - 正确映射：[0 6 4 9 7 2 8 1 5 3]
  - 预测映射：[0 6 9 4 7 2 8 1 5 3]
[test_sample_01106] [T1x_rxn4582] ❌ 错误 | 原子数：10
  - 正确映射：[6 3 4 0 2 5 1 8 7 9]
  - 预测映射：[6 3 4 0 2 1 8 5 9 7]
[test_sample_01107] [T1x_rxn4583] ✅ 严格正确 | 原子数：10
[test_sample_01108] [T1x_rxn4584] ❌ 错误 | 原子数：10
  - 正确映射：[6 1 5 2 4 7 8 3 9 0]
  - 预测映射：[6 1 5 2 4 8 3 7 9 0]
[test_sample_01109] [T1x_rxn4648] ❌ 错误 | 原子数：10
  - 正确映射：[7 4 9 2 1 8 6 0 5 3]
  - 预测映射：[7 4 9 2 1 6 8 5 0 3]
[test_sample_01110] [T1x_rxn4649] ❌ 错误 | 原子数：10
  - 正确映射：[4 5 2 3 7 6 9 1 8 0]
  - 预测映射：[4 5 2 3 7 9 6 8 1 0]
[test_sample_01111] [T1x_rxn4650] ❌ 错误 | 原子数：10
  - 正确映射：[2 3 7 5 4 0 1 6 9 8]
  - 预测映射：[5 2 7 3 4 8 1 0 6 9]
[test_sample_01112] [T1x_rxn4651] ❌ 错误 | 原子数：10
  - 正确映射：[2 9 6 1 5 8 7 4 0 3]
  - 预测映射：[2 9 6 1 5 7 8 0 4 3]
[test_sample_01113] [T1x_rxn4652] ❌ 错误 | 原子数：10
  - 正确映射：[9 5 8 4 3 6 1 2 0 7]
  - 预测映射：[9 5 8 4 3 0 6 1 2 7]
[test_sample_01114] [T1x_rxn4653] ✅ 严格正确 | 原子数：10
[test_sample_01115] [T1x_rxn4654] ❌ 错误 | 原子数：10
  - 正确映射：[0 5 4 7 3 8 9 2 1 6]
  - 预测映射：[5 7 4 0 3 9 1 6 2 8]
[test_sample_01116] [T1x_rxn4655] ❌ 错误 | 原子数：10
  - 正确映射：[1 7 2 9 0 8 4 3 6 5]
  - 预测映射：[1 9 2 7 0 3 6 8 4 5]
[test_sample_01117] [T1x_rxn4656] ❌ 错误 | 原子数：10
  - 正确映射：[7 0 4 5 9 3 6 2 8 1]
  - 预测映射：[7 0 4 5 9 6 3 8 2 1]
[test_sample_01118] [T1x_rxn4657] ❌ 错误 | 原子数：10
  - 正确映射：[3 1 5 7 8 9 2 0 6 4]
  - 预测映射：[3 1 5 7 8 2 9 6 0 4]
[test_sample_01119] [T1x_rxn4658] ❌ 错误 | 原子数：10
  - 正确映射：[9 2 0 6 7 8 4 5 3 1]
  - 预测映射：[9 2 0 6 7 4 8 3 5 1]
[test_sample_01120] [T1x_rxn4659] ❌ 错误 | 原子数：10
  - 正确映射：[3 5 9 2 8 4 7 0 6 1]
  - 预测映射：[2 3 9 5 8 6 1 7 4 0]
[test_sample_01121] [T1x_rxn4660] ❌ 错误 | 原子数：10
  - 正确映射：[4 3 7 9 5 6 1 2 0 8]
  - 预测映射：[4 3 7 9 5 1 6 0 2 8]
[test_sample_01122] [T1x_rxn4661] ✅ 严格正确 | 原子数：10
[test_sample_01123] [T1x_rxn4662] ✅ 严格正确 | 原子数：10
[test_sample_01124] [T1x_rxn4663] ✅ 严格正确 | 原子数：10
[test_sample_01125] [T1x_rxn9151] ❌ 错误 | 原子数：10
  - 正确映射：[0 3 6 8 9 2 5 1 7 4]
  - 预测映射：[0 3 6 8 9 2 5 7 1 4]
[test_sample_01126] [T1x_rxn9171] ❌ 错误 | 原子数：10
  - 正确映射：[3 9 0 8 5 6 4 1 2 7]
  - 预测映射：[3 9 0 8 5 1 6 4 2 7]
[test_sample_01127] [T1x_rxn9416] ❌ 错误 | 原子数：10
  - 正确映射：[0 3 7 9 1 6 5 2 4 8]
  - 预测映射：[0 3 7 9 1 6 4 2 5 8]
[test_sample_01128] [T1x_rxn0098] ❌ 错误 | 原子数：11
  - 正确映射：[ 8  7  2  0  3  4 10  5  1  9  6]
  - 预测映射：[ 8  2  7  4  3  0  5  1 10  6  9]
[test_sample_01129] [T1x_rxn0099] ❌ 错误 | 原子数：11
  - 正确映射：[ 0  6  9  7  8  2  1  4  3 10  5]
  - 预测映射：[ 0  6  9  7  8  2  4  3  1 10  5]
[test_sample_01130] [T1x_rxn0100] ✅ 严格正确 | 原子数：11
[test_sample_01131] [T1x_rxn0101] ❌ 错误 | 原子数：11
  - 正确映射：[ 3  9  4  8  1 10  2  6  7  5  0]
  - 预测映射：[ 3  1  9 10  4  8  0  2  5  7  6]
[test_sample_01132] [T1x_rxn0102] ✅ 严格正确 | 原子数：11
[test_sample_01133] [T1x_rxn0103] ❌ 错误 | 原子数：11
  - 正确映射：[ 5  1  0  3 10  4  7  2  9  6  8]
  - 预测映射：[ 5  0  1  4 10  3  2  7  9  6  8]
[test_sample_01134] [T1x_rxn0104] ✅ 严格正确 | 原子数：11
[test_sample_01135] [T1x_rxn0105] ✅ 严格正确 | 原子数：11
[test_sample_01136] [T1x_rxn0106] ✅ 严格正确 | 原子数：11
[test_sample_01137] [T1x_rxn0107] ❌ 错误 | 原子数：11
  - 正确映射：[10  3  7  9  0  8  6  2  5  4  1]
  - 预测映射：[10  3  7  9  0  8  6  5  2  1  4]
[test_sample_01138] [T1x_rxn0249] ✅ 严格正确 | 原子数：11
[test_sample_01139] [T1x_rxn0250] ❌ 错误 | 原子数：11
  - 正确映射：[10  7  0  1  4  2  6  8  9  5  3]
  - 预测映射：[10  7  0  1  4  2  8  6  9  5  3]
[test_sample_01140] [T1x_rxn0251] ❌ 错误 | 原子数：11
  - 正确映射：[ 8  0  2  4  3 10  9  1  5  7  6]
  - 预测映射：[ 8  4  3  0  2 10  5  1  9  6  7]
[test_sample_01141] [T1x_rxn0252] ✅ 严格正确 | 原子数：11
[test_sample_01142] [T1x_rxn0253] ❌ 错误 | 原子数：11
  - 正确映射：[ 6  5 10  1  3  2  0  7  8  9  4]
  - 预测映射：[ 6  5 10  1  3  2  0  8  7  4  9]
[test_sample_01143] [T1x_rxn0344] ❌ 错误 | 原子数：11
  - 正确映射：[ 6  4  8  5  9 10  7  3  1  2  0]
  - 预测映射：[ 6  4  8  5  9 10  7  1  3  0  2]
[test_sample_01144] [T1x_rxn0345] ✅ 严格正确 | 原子数：11
[test_sample_01145] [T1x_rxn0346] ✅ 严格正确 | 原子数：11
[test_sample_01146] [T1x_rxn0347] ❌ 错误 | 原子数：11
  - 正确映射：[ 6  4  0  7 10  3  1  8  5  9  2]
  - 预测映射：[ 6  4  0  7 10  3  1  5  8  2  9]
[test_sample_01147] [T1x_rxn0892] ❌ 错误 | 原子数：11
  - 正确映射：[ 2  1 10  7  5  4  3  6  0  8  9]
  - 预测映射：[ 2  1 10  7  5  4  0  6  3  8  9]
[test_sample_01148] [T1x_rxn0893] ❌ 错误 | 原子数：11
  - 正确映射：[ 8  2  4  5 10  1  6  0  9  3  7]
  - 预测映射：[ 2  8  4  5 10  1  9  3  6  0  7]
[test_sample_01149] [T1x_rxn0894] ❌ 错误 | 原子数：11
  - 正确映射：[ 4  8  6  3 10  0  9  2  1  7  5]
  - 预测映射：[ 4  8  6  3 10  0  1  7  9  2  5]
[test_sample_01150] [T1x_rxn0895] ✅ 严格正确 | 原子数：11
[test_sample_01151] [T1x_rxn0896] ❌ 错误 | 原子数：11
  - 正确映射：[ 6  0  8  7  4 10  2  5  1  3  9]
  - 预测映射：[ 6  0  8  7  4 10  1  3  2  5  9]
[test_sample_01152] [T1x_rxn1061] ❌ 错误 | 原子数：11
  - 正确映射：[ 1  8  7  4  2  5  3  6 10  0  9]
  - 预测映射：[ 1  8  7  4  2  5  3  6 10  9  0]
[test_sample_01153] [T1x_rxn1062] ❌ 错误 | 原子数：11
  - 正确映射：[ 8  1 10  6  7  2  5  4  3  9  0]
  - 预测映射：[ 8  1 10  6  7  2  3  5  4  0  9]
[test_sample_01154] [T1x_rxn1063] ❌ 错误 | 原子数：11
  - 正确映射：[ 3  0  5 10  4  7  2  6  8  1  9]
  - 预测映射：[ 3  0  5 10  4  7  6  2  8  1  9]
[test_sample_01155] [T1x_rxn1064] ❌ 错误 | 原子数：11
  - 正确映射：[ 7  2 10  0  1  4  6  5  3  9  8]
  - 预测映射：[ 7  2 10  0  1  4  6  5  3  8  9]
[test_sample_01156] [T1x_rxn1065] ❌ 错误 | 原子数：11
  - 正确映射：[ 7  5  8  0  3 10  9  4  1  2  6]
  - 预测映射：[ 7  5  8  0  3 10  1  4  9  2  6]
[test_sample_01157] [T1x_rxn1066] ❌ 错误 | 原子数：11
  - 正确映射：[ 6  4  3  9  1  0 10  2  5  8  7]
  - 预测映射：[ 6  4  3  9  1  0  2 10  5  7  8]
[test_sample_01158] [T1x_rxn1083] ❌ 错误 | 原子数：11
  - 正确映射：[ 7  3  6 10  1  5  2  8  4  9  0]
  - 预测映射：[ 7  3  6 10  1  5  0  8  9  4  2]
[test_sample_01159] [T1x_rxn1084] ✅ 严格正确 | 原子数：11
[test_sample_01160] [T1x_rxn1085] ❌ 错误 | 原子数：11
  - 正确映射：[ 8  1  9  6  4  0  2  7  5 10  3]
  - 预测映射：[ 8  4  9  6  1  0  2  3  5 10  7]
[test_sample_01161] [T1x_rxn1086] ❌ 错误 | 原子数：11
  - 正确映射：[ 5  1  2  8  3  9  7  4 10  6  0]
  - 预测映射：[ 5  1  2  8  3  9  4  0  6 10  7]
[test_sample_01162] [T1x_rxn1087] ✅ 严格正确 | 原子数：11
[test_sample_01163] [T1x_rxn1088] ❌ 错误 | 原子数：11
  - 正确映射：[ 3  4  7  8  0  1 10  9  5  6  2]
  - 预测映射：[ 3  4  7  8  0  1  9 10  5  6  2]
[test_sample_01164] [T1x_rxn1089] ✅ 严格正确 | 原子数：11
[test_sample_01165] [T1x_rxn1090] ❌ 错误 | 原子数：11
  - 正确映射：[ 2  8  6  9  7  3  1 10  5  0  4]
  - 预测映射：[ 2  7  3  9  8  6  1  4  5  0 10]
[test_sample_01166] [T1x_rxn1091] ✅ 严格正确 | 原子数：11
[test_sample_01167] [T1x_rxn1092] ❌ 错误 | 原子数：11
  - 正确映射：[ 8  2 10  5  7  6  4  1  0  3  9]
  - 预测映射：[ 8  2 10  7  5  6  4  1  9  3  0]
[test_sample_01168] [T1x_rxn1093] ❌ 错误 | 原子数：11
  - 正确映射：[ 2  6  4  7  5  1 10  9  8  0  3]
  - 预测映射：[ 2  6  4  7  5  1 10  9  8  3  0]
[test_sample_01169] [T1x_rxn1094] ❌ 错误 | 原子数：11
  - 正确映射：[ 1  2  6  4  3  0  8  7  5 10  9]
  - 预测映射：[ 1  2  0  3  4  6  8  7 10  9  5]
[test_sample_01170] [T1x_rxn1095] ❌ 错误 | 原子数：11
  - 正确映射：[ 7  4  8  0  3  6  9  1 10  5  2]
  - 预测映射：[ 7  4  8  0  3  6  1  9  5 10  2]
[test_sample_01171] [T1x_rxn1143] ❌ 错误 | 原子数：11
  - 正确映射：[10  0  3  4  8  9  1  6  5  2  7]
  - 预测映射：[10  8  0  4  3  9  7  1  6  2  5]
[test_sample_01172] [T1x_rxn1144] ❌ 错误 | 原子数：11
  - 正确映射：[ 6  5 10  3  1  9  2  4  0  8  7]
  - 预测映射：[ 6  5 10  3  1  9  2  4  8  0  7]
[test_sample_01173] [T1x_rxn1145] ❌ 错误 | 原子数：11
  - 正确映射：[ 6  4  0  5  2  1 10  8  7  3  9]
  - 预测映射：[ 1  0  4  5  2  6  7  3  8  9 10]
[test_sample_01174] [T1x_rxn1146] ❌ 错误 | 原子数：11
  - 正确映射：[10  9  1  7  5  4  3  0  8  6  2]
  - 预测映射：[10  1  9  7  5  4  3  6  8  0  2]
[test_sample_01175] [T1x_rxn1147] ❌ 错误 | 原子数：11
  - 正确映射：[ 8  2  3  0  5  4  6  7 10  9  1]
  - 预测映射：[ 4  5  3  0  2  8  1  6 10  9  7]
[test_sample_01176] [T1x_rxn1148] ❌ 错误 | 原子数：11
  - 正确映射：[ 5  0  1  8  2  4 10  6  7  3  9]
  - 预测映射：[ 5  0  1  8  2  4  6 10  3  7  9]
[test_sample_01177] [T1x_rxn1149] ❌ 错误 | 原子数：11
  - 正确映射：[ 2  7 10  1  3  8  4  6  5  0  9]
  - 预测映射：[ 8  3 10  1  7  2  9  0  5  6  4]
[test_sample_01178] [T1x_rxn1150] ❌ 错误 | 原子数：11
  - 正确映射：[ 1  8  5 10  6  4  2  9  0  3  7]
  - 预测映射：[ 1  8  5 10  6  4  2  3  7  0  9]
[test_sample_01179] [T1x_rxn1151] ❌ 错误 | 原子数：11
  - 正确映射：[ 7  0  3  9  1 10  2  5  8  4  6]
  - 预测映射：[10  1  3  9  0  7  2  6  8  4  5]
[test_sample_01180] [T1x_rxn1152] ❌ 错误 | 原子数：11
  - 正确映射：[ 8  2  3  5  4  7  1 10  6  0  9]
  - 预测映射：[ 7  4  3  5  2  8  9  1  0  6 10]
[test_sample_01181] [T1x_rxn1153] ❌ 错误 | 原子数：11
  - 正确映射：[ 4  6  3  1  8  2  5  9  7  0 10]
  - 预测映射：[ 4  6  3  1  8  2 10  9  7  5  0]
[test_sample_01182] [T1x_rxn1154] ❌ 错误 | 原子数：11
  - 正确映射：[10  0  9  5  8  3  2  6  1  4  7]
  - 预测映射：[10  0  9  5  8  3  2  4  1  6  7]
[test_sample_01183] [T1x_rxn1155] ✅ 严格正确 | 原子数：11
[test_sample_01184] [T1x_rxn1156] ❌ 错误 | 原子数：11
  - 正确映射：[ 5 10  0  1  8  7  4  2  9  6  3]
  - 预测映射：[ 7  8  0  1 10  5  3  2  6  9  4]
[test_sample_01185] [T1x_rxn1157] ❌ 错误 | 原子数：11
  - 正确映射：[ 1  5  4  9 10  0  2  8  6  7  3]
  - 预测映射：[ 1  5  4  9 10  0  8  2  7  6  3]
[test_sample_01186] [T1x_rxn1158] ✅ 严格正确 | 原子数：11
[test_sample_01187] [T1x_rxn1274] ✅ 严格正确 | 原子数：11
[test_sample_01188] [T1x_rxn1275] ✅ 严格正确 | 原子数：11
[test_sample_01189] [T1x_rxn1276] ❌ 错误 | 原子数：11
  - 正确映射：[ 0  3  4  1  7  9  2  6 10  8  5]
  - 预测映射：[ 0  3  4  1  7  9 10  2  8  5  6]
[test_sample_01190] [T1x_rxn1277] ✅ 严格正确 | 原子数：11
[test_sample_01191] [T1x_rxn1278] ❌ 错误 | 原子数：11
  - 正确映射：[10  1  5  3  2  9  7  6  8  0  4]
  - 预测映射：[10  1  5  2  3  9  7  6  4  0  8]
[test_sample_01192] [T1x_rxn1279] ✅ 严格正确 | 原子数：11
[test_sample_01193] [T1x_rxn1280] ✅ 严格正确 | 原子数：11
[test_sample_01194] [T1x_rxn1281] ❌ 错误 | 原子数：11
  - 正确映射：[ 1  9  2 10  5  3  4  7  8  6  0]
  - 预测映射：[ 1  9  2 10  5  3  7  4  8  6  0]
[test_sample_01195] [T1x_rxn1282] ❌ 错误 | 原子数：11
  - 正确映射：[ 5  6  7  0  8  1  4 10  3  9  2]
  - 预测映射：[ 5  6  7  0  8  1 10  4  2  9  3]
[test_sample_01196] [T1x_rxn1283] ❌ 错误 | 原子数：11
  - 正确映射：[ 6  2  9  8 10  3  4  1  5  7  0]
  - 预测映射：[ 6  2  3  8 10  9  4  1  5  7  0]
[test_sample_01197] [T1x_rxn1284] ❌ 错误 | 原子数：11
  - 正确映射：[ 9  4  3 10  8  1  5  6  0  2  7]
  - 预测映射：[ 9  4  3 10  8  1  5  6  0  7  2]
[test_sample_01198] [T1x_rxn1285] ❌ 错误 | 原子数：11
  - 正确映射：[10  4  3  8  1  7  2  9  6  5  0]
  - 预测映射：[10  4  3  8  1  7  6  2  9  0  5]
[test_sample_01199] [T1x_rxn1286] ✅ 严格正确 | 原子数：11
[test_sample_01200] [T1x_rxn1287] ✅ 严格正确 | 原子数：11
[test_sample_01201] [T1x_rxn1317] ❌ 错误 | 原子数：11
  - 正确映射：[ 1  4  7 10  2  6  3  8  5  0  9]
  - 预测映射：[10  7  4  1  2  6  9  8  5  0  3]
[test_sample_01202] [T1x_rxn1318] ❌ 错误 | 原子数：11
  - 正确映射：[10  2  9  7  1  3  5  8  0  6  4]
  - 预测映射：[ 7  1  9 10  2  3  4  0  8  6  5]
[test_sample_01203] [T1x_rxn1319] ✅ 严格正确 | 原子数：11
[test_sample_01204] [T1x_rxn1320] ❌ 错误 | 原子数：11
  - 正确映射：[ 6  4 10  7  5  0  8  3  2  9  1]
  - 预测映射：[ 6  4 10  7  5  0  3  2  9  8  1]
[test_sample_01205] [T1x_rxn1321] ❌ 错误 | 原子数：11
  - 正确映射：[ 2  9 10  4  0  6  1  7  5  8  3]
  - 预测映射：[ 4 10  9  2  0  6  3  8  7  5  1]
[test_sample_01206] [T1x_rxn1322] ❌ 错误 | 原子数：11
  - 正确映射：[ 9  5  7  6  0  8  3  1  4  2 10]
  - 预测映射：[ 6  7  5  9  0  8 10  4  1  2  3]
[test_sample_01207] [T1x_rxn1784] ✅ 严格正确 | 原子数：11
[test_sample_01208] [T1x_rxn1785] ✅ 严格正确 | 原子数：11
[test_sample_01209] [T1x_rxn1786] ❌ 错误 | 原子数：11
  - 正确映射：[ 8  4  1  7 10  3  6  9  5  0  2]
  - 预测映射：[ 3  1 10  7  4  8  0  9  2  5  6]
[test_sample_01210] [T1x_rxn1787] ✅ 严格正确 | 原子数：11
[test_sample_01211] [T1x_rxn1788] ❌ 错误 | 原子数：11
  - 正确映射：[ 8  4  5  9  7  1 10  0  6  2  3]
  - 预测映射：[ 8  4  5  9  7  1 10  0  6  3  2]
[test_sample_01212] [T1x_rxn1789] ❌ 错误 | 原子数：11
  - 正确映射：[10  5  9  6  0  4  7  1  8  3  2]
  - 预测映射：[ 4  0  9  6  5 10  3  8  1  2  7]
[test_sample_01213] [T1x_rxn1790] ❌ 错误 | 原子数：11
  - 正确映射：[ 3  9  7  6  4 10  1  8  2  0  5]
  - 预测映射：[ 3  9  7  6  4 10  1  2  8  0  5]
[test_sample_01214] [T1x_rxn1791] ❌ 错误 | 原子数：11
  - 正确映射：[ 5 10  1  6  2  9  3  0  8  7  4]
  - 预测映射：[ 9  1  2  6 10  5  0  7  4  8  3]
[test_sample_01215] [T1x_rxn1792] ✅ 严格正确 | 原子数：11
[test_sample_01216] [T1x_rxn1825] ✅ 严格正确 | 原子数：11
[test_sample_01217] [T1x_rxn1826] ❌ 错误 | 原子数：11
  - 正确映射：[ 3  1  4  6  2  7  5  9  8  0 10]
  - 预测映射：[ 3  1  4  6  2  7  8  0  5 10  9]
[test_sample_01218] [T1x_rxn1827] ✅ 严格正确 | 原子数：11
[test_sample_01219] [T1x_rxn1828] ❌ 错误 | 原子数：11
  - 正确映射：[ 1  2  7  6  4  5  8  3  0  9 10]
  - 预测映射：[ 1  2  7  6  4  5  3  8  0  9 10]
[test_sample_01220] [T1x_rxn1829] ✅ 严格正确 | 原子数：11
[test_sample_01221] [T1x_rxn1830] ❌ 错误 | 原子数：11
  - 正确映射：[10  0  2  3  5  9  6  7  8  4  1]
  - 预测映射：[10  0  5  3  2  9  8  6  7  1  4]
[test_sample_01222] [T1x_rxn2548] ❌ 错误 | 原子数：11
  - 正确映射：[ 8  7  9  5  2  4  3  1  6  0 10]
  - 预测映射：[ 2  8  4  5  7  9  3 10  0  6  1]
[test_sample_01223] [T1x_rxn2549] ✅ 严格正确 | 原子数：11
[test_sample_01224] [T1x_rxn2550] ❌ 错误 | 原子数：11
  - 正确映射：[ 1  3  5  2  4 10  7  8  9  0  6]
  - 预测映射：[ 1  3  5  2  4 10  6  8  9  0  7]
[test_sample_01225] [T1x_rxn2551] ❌ 错误 | 原子数：11
  - 正确映射：[ 3  1  7  4  8  0  2 10  6  9  5]
  - 预测映射：[ 3  1  7  4  8  0  6 10  2  9  5]
[test_sample_01226] [T1x_rxn2552] ✅ 严格正确 | 原子数：11
[test_sample_01227] [T1x_rxn2553] ❌ 错误 | 原子数：11
  - 正确映射：[ 2 10  5  1  0  9  6  3  8  4  7]
  - 预测映射：[ 2 10  5  1  0  9  3  6  8  4  7]
[test_sample_01228] [T1x_rxn2554] ❌ 错误 | 原子数：11
  - 正确映射：[ 0  7  9  8  1  5  4 10  6  3  2]
  - 预测映射：[ 0  7  9  8  1  5  4  6 10  2  3]
[test_sample_01229] [T1x_rxn2555] ❌ 错误 | 原子数：11
  - 正确映射：[ 1  3  6  9  8  7  4  5 10  2  0]
  - 预测映射：[ 1  3  6  9  8  7 10  4  5  0  2]
[test_sample_01230] [T1x_rxn2556] ❌ 错误 | 原子数：11
  - 正确映射：[ 4  8  0 10  9  7  3  6  1  5  2]
  - 预测映射：[ 4  8  0 10  9  7  1  6  3  5  2]
[test_sample_01231] [T1x_rxn2557] ❌ 错误 | 原子数：11
  - 正确映射：[ 5  3  9  2  7  1  8  0  6 10  4]
  - 预测映射：[ 5  7  1  2  3  9  8  4  6  0 10]
[test_sample_01232] [T1x_rxn3101] ✅ 严格正确 | 原子数：11
[test_sample_01233] [T1x_rxn3102] ❌ 错误 | 原子数：11
  - 正确映射：[ 5  1  8  0 10  3  6  2  4  7  9]
  - 预测映射：[ 5  8  1  0 10  3  6  7  4  9  2]
[test_sample_01234] [T1x_rxn3103] ❌ 错误 | 原子数：11
  - 正确映射：[ 7  8  1  3  4 10  0  6  2  9  5]
  - 预测映射：[ 3  8  1  7  4 10  5  0  9  2  6]
[test_sample_01235] [T1x_rxn3104] ✅ 严格正确 | 原子数：11
[test_sample_01236] [T1x_rxn3105] ✅ 严格正确 | 原子数：11
[test_sample_01237] [T1x_rxn3106] ❌ 错误 | 原子数：11
  - 正确映射：[ 7  3  0  1  4  2  8 10  6  5  9]
  - 预测映射：[ 1  0  3  7  4  2  9  5  8  6 10]
[test_sample_01238] [T1x_rxn3107] ❌ 错误 | 原子数：11
  - 正确映射：[ 6  8  9 10  1  7  2  4  0  3  5]
  - 预测映射：[ 6  8  9 10  1  7  0  4  3  5  2]
[test_sample_01239] [T1x_rxn3108] ❌ 错误 | 原子数：11
  - 正确映射：[ 9  8  0  5  2  4  3 10  7  6  1]
  - 预测映射：[ 9  8  0  5  2  4  3  7 10  6  1]
[test_sample_01240] [T1x_rxn3109] ❌ 错误 | 原子数：11
  - 正确映射：[ 8  0  7  6  2  4  1  5  3 10  9]
  - 预测映射：[ 8  7  0  6  2  4  1  9 10  5  3]
[test_sample_01241] [T1x_rxn4103] ❌ 错误 | 原子数：11
  - 正确映射：[ 6  5  0  7  1  3  9  2 10  8  4]
  - 预测映射：[ 6  5  0  7  1  3  9 10  2  8  4]
[test_sample_01242] [T1x_rxn4104] ❌ 错误 | 原子数：11
  - 正确映射：[ 8  7  2  0  3  4 10  1  6  9  5]
  - 预测映射：[ 8  7  2  0  3  4  1  9  6 10  5]
[test_sample_01243] [T1x_rxn4105] ❌ 错误 | 原子数：11
  - 正确映射：[ 2  8  5  7  0  3  4  1  6  9 10]
  - 预测映射：[ 2  8  0  3  5  7  9  1  6  4 10]
[test_sample_01244] [T1x_rxn4106] ❌ 错误 | 原子数：11
  - 正确映射：[ 7  2  1  4 10  3  6  9  0  8  5]
  - 预测映射：[ 7  2  1  4 10  3  6  0  9  8  5]
[test_sample_01245] [T1x_rxn4107] ❌ 错误 | 原子数：11
  - 正确映射：[ 8  9  6  3  2  0  4  7  1  5 10]
  - 预测映射：[ 8  9  6  3  2  0 10  4  7  1  5]
[test_sample_01246] [T1x_rxn4108] ✅ 严格正确 | 原子数：11
[test_sample_01247] [T1x_rxn4109] ❌ 错误 | 原子数：11
  - 正确映射：[ 0 10  7  8  2  4  5  1  6  3  9]
  - 预测映射：[ 0 10  7  8  2  4  5  6  1  9  3]
[test_sample_01248] [T1x_rxn4110] ❌ 错误 | 原子数：11
  - 正确映射：[ 7 10  5  3  9  8  0  6  2  1  4]
  - 预测映射：[ 7 10  5  3  9  8  0  2  4  1  6]
[test_sample_01249] [T1x_rxn4111] ✅ 严格正确 | 原子数：11
[test_sample_01250] [T1x_rxn4112] ✅ 严格正确 | 原子数：11
[test_sample_01251] [T1x_rxn4113] ❌ 错误 | 原子数：11
  - 正确映射：[ 8 10  5  0  9  7  4  6  3  2  1]
  - 预测映射：[ 8 10  5  0  9  7  4  3  6  1  2]
[test_sample_01252] [T1x_rxn4114] ✅ 严格正确 | 原子数：11
[test_sample_01253] [T1x_rxn4115] ❌ 错误 | 原子数：11
  - 正确映射：[ 3  4  8  9  1  2 10  0  6  7  5]
  - 预测映射：[ 3  4  8  9  1  2 10  6  7  5  0]
[test_sample_01254] [T1x_rxn4116] ❌ 错误 | 原子数：11
  - 正确映射：[ 7  0 10  4  6  5  1  2  3  8  9]
  - 预测映射：[ 7  0 10  4  6  5  1  3  2  9  8]
[test_sample_01255] [T1x_rxn4117] ❌ 错误 | 原子数：11
  - 正确映射：[ 2  6  7  1  0  4  8  9  5  3 10]
  - 预测映射：[ 2  6  7  1  0  4  3  8  5 10  9]
[test_sample_01256] [T1x_rxn4118] ❌ 错误 | 原子数：11
  - 正确映射：[ 8  6 10  1  9  7  4  5  2  0  3]
  - 预测映射：[ 8  6 10  1  9  7  2  5  3  0  4]
[test_sample_01257] [T1x_rxn4119] ❌ 错误 | 原子数：11
  - 正确映射：[ 3  7  6  2  8  4 10  5  0  9  1]
  - 预测映射：[ 3  7  6  2  8  4 10  0  9  5  1]
[test_sample_01258] [T1x_rxn4120] ❌ 错误 | 原子数：11
  - 正确映射：[ 5  9  7  6  4  1  3  0  2  8 10]
  - 预测映射：[ 5  9  7  6  4  1  2  0  3  8 10]
[test_sample_01259] [T1x_rxn4121] ❌ 错误 | 原子数：11
  - 正确映射：[ 3  9  2  1 10  0  4  6  7  8  5]
  - 预测映射：[ 3  9  2  1 10  0  4  5  6  7  8]
[test_sample_01260] [T1x_rxn4122] ❌ 错误 | 原子数：11
  - 正确映射：[ 7 10  5  2  8  1  6  0  3  4  9]
  - 预测映射：[ 7  8  5 10  2  1  4  0  6  3  9]
[test_sample_01261] [T1x_rxn4123] ❌ 错误 | 原子数：11
  - 正确映射：[ 0  4 10  8  9  3  7  5  1  6  2]
  - 预测映射：[ 0  4 10  8  9  3  7  1  5  2  6]
[test_sample_01262] [T1x_rxn4124] ❌ 错误 | 原子数：11
  - 正确映射：[ 9  1  4  3  8  5  0 10  6  2  7]
  - 预测映射：[ 9  1  4  3  8  5  0  6 10  7  2]
[test_sample_01263] [T1x_rxn4497] ❌ 错误 | 原子数：11
  - 正确映射：[ 5  6  8 10  2  4  1  7  0  3  9]
  - 预测映射：[ 5 10  4  6  2  8  7  1  3  0  9]
[test_sample_01264] [T1x_rxn4498] ✅ 严格正确 | 原子数：11
[test_sample_01265] [T1x_rxn4499] ✅ 严格正确 | 原子数：11
[test_sample_01266] [T1x_rxn4500] ❌ 错误 | 原子数：11
  - 正确映射：[ 4  0  6  7  9 10  8  5  1  3  2]
  - 预测映射：[ 4  7  6  0  9 10  1  5  8  3  2]
[test_sample_01267] [T1x_rxn4511] ❌ 错误 | 原子数：11
  - 正确映射：[10  2  8  1  6  3  9  4  0  5  7]
  - 预测映射：[10  2  6  3  8  1  9  0  4  7  5]
[test_sample_01268] [T1x_rxn4512] ❌ 错误 | 原子数：11
  - 正确映射：[ 9  3  6  2 10  8  7  0  4  5  1]
  - 预测映射：[ 6  3  9  2 10  8  0  5  4  7  1]
[test_sample_01269] [T1x_rxn4513] ✅ 严格正确 | 原子数：11
[test_sample_01270] [T1x_rxn4514] ❌ 错误 | 原子数：11
  - 正确映射：[ 6  7 10  9  2  8  3  4  0  1  5]
  - 预测映射：[ 6  2  7  9 10  8  4  3  5  1  0]
[test_sample_01271] [T1x_rxn4515] ❌ 错误 | 原子数：11
  - 正确映射：[10  6  7  9  4  1  3  0  2  5  8]
  - 预测映射：[10  4  6  9  7  1  3  0  5  2  8]
[test_sample_01272] [T1x_rxn4516] ✅ 严格正确 | 原子数：11
[test_sample_01273] [T1x_rxn4517] ❌ 错误 | 原子数：11
  - 正确映射：[ 6  4  3  7  2  1 10  0  5  8  9]
  - 预测映射：[ 6  4  3  7  2  1  0  9  5  8 10]
[test_sample_01274] [T1x_rxn4518] ❌ 错误 | 原子数：11
  - 正确映射：[ 2  1  0  8  4  3 10  5  9  7  6]
  - 预测映射：[ 2  4  1  3  0  8 10  5  7  9  6]
[test_sample_01275] [T1x_rxn4519] ❌ 错误 | 原子数：11
  - 正确映射：[ 7  6  3  4 10  0  8  2  1  5  9]
  - 预测映射：[ 7  6  3  4 10  0  2  8  1  5  9]
[test_sample_01276] [T1x_rxn4520] ❌ 错误 | 原子数：11
  - 正确映射：[ 5  9  2  3  6  4  7 10  0  8  1]
  - 预测映射：[ 5  9  2  3  6  4  0 10  1  8  7]
[test_sample_01277] [T1x_rxn4521] ✅ 严格正确 | 原子数：11
[test_sample_01278] [T1x_rxn4522] ❌ 错误 | 原子数：11
  - 正确映射：[ 1  3  6  7  4  5  2  9 10  8  0]
  - 预测映射：[ 1  3  6  7  4  5  9  2 10  0  8]
[test_sample_01279] [T1x_rxn4523] ❌ 错误 | 原子数：11
  - 正确映射：[ 0  9 10  7  1  6  3  5  8  4  2]
  - 预测映射：[ 0  9 10  7  1  6  3  2  8  4  5]
[test_sample_01280] [T1x_rxn8967] ✅ 严格正确 | 原子数：11
[test_sample_01281] [T1x_rxn9058] ✅ 严格正确 | 原子数：11
[test_sample_01282] [T1x_rxn9059] ❌ 错误 | 原子数：11
  - 正确映射：[ 6  7 10  1  8  2  5  0  4  3  9]
  - 预测映射：[ 6  1 10  7  8  2  4  3  0  5  9]
[test_sample_01283] [T1x_rxn9060] ❌ 错误 | 原子数：11
  - 正确映射：[ 2  0  9  5  8  6  4  1  3 10  7]
  - 预测映射：[ 2  0  6  8  5  9  1  4 10  7  3]
[test_sample_01284] [T1x_rxn9079] ✅ 严格正确 | 原子数：11
[test_sample_01285] [T1x_rxn9080] ❌ 错误 | 原子数：11
  - 正确映射：[10  4  3  6  8  5  0  9  2  7  1]
  - 预测映射：[10  4  3  6  8  5  9  0  1  7  2]
[test_sample_01286] [T1x_rxn9082] ❌ 错误 | 原子数：11
  - 正确映射：[ 4  0  7  6  3  5  1  2 10  9  8]
  - 预测映射：[ 6  7  0  4  3  5  2  9  1 10  8]
[test_sample_01287] [T1x_rxn9083] ❌ 错误 | 原子数：11
  - 正确映射：[10  1  6  7  0  8  2  5  9  3  4]
  - 预测映射：[ 7  0  1 10  6  8  4  3  2  5  9]
[test_sample_01288] [T1x_rxn9246] ❌ 错误 | 原子数：11
  - 正确映射：[ 8 10  1  2  4  9  3  7  0  5  6]
  - 预测映射：[ 8 10  1  2  4  9  7  5  0  3  6]
[test_sample_01289] [T1x_rxn9303] ❌ 错误 | 原子数：11
  - 正确映射：[ 0  1  3  6  7  9  4  5 10  2  8]
  - 预测映射：[ 0  1  3  6  7  9  4  2 10  5  8]
[test_sample_01290] [T1x_rxn7582] ❌ 错误 | 原子数：12
  - 正确映射：[ 2 10  1  6  8  4  7  0 11  9  3  5]
  - 预测映射：[ 2 10  1  6  7  4  8  3  9  5 11  0]
[test_sample_01291] [T1x_rxn7583] ❌ 错误 | 原子数：12
  - 正确映射：[ 6  9  0  5  7  4  3  8  2 11  1 10]
  - 预测映射：[ 6  9  0  5  7  4  3  8  2  1 11 10]
[test_sample_01292] [T1x_rxn7584] ❌ 错误 | 原子数：12
  - 正确映射：[ 6  3  8 11  5  2 10  4  9  0  7  1]
  - 预测映射：[ 6  3 10 11  8  2  5  7  4  0  9  1]
[test_sample_01293] [T1x_rxn7585] ❌ 错误 | 原子数：12
  - 正确映射：[ 1  8 11  5  2  0  9  6 10  3  4  7]
  - 预测映射：[ 1  8 11  5  9  0  2  4  3 10  6  7]
[test_sample_01294] [T1x_rxn7586] ✅ 严格正确 | 原子数：12
[test_sample_01295] [T1x_rxn7587] ❌ 错误 | 原子数：12
  - 正确映射：[ 3  2  7  1  4  0  5 11 10  8  6  9]
  - 预测映射：[ 3  2  7  1  4  0  5 11 10  6  8  9]
[test_sample_01296] [T1x_rxn7588] ❌ 错误 | 原子数：12
  - 正确映射：[11  1 10  2  9  8  3  4  6  0  5  7]
  - 预测映射：[11  1 10  2  9  8  3  4  6  5  0  7]
[test_sample_01297] [T1x_rxn7589] ❌ 错误 | 原子数：12
  - 正确映射：[ 9  6  7  4  0  2  3  8  5 11  1 10]
  - 预测映射：[ 9  4  7  6  3  2  0  8  5 11  1 10]
[test_sample_01298] [T1x_rxn9860] ✅ 严格正确 | 原子数：12
[test_sample_01299] [T1x_rxn2144] ❌ 错误 | 原子数：11
  - 正确映射：[ 3  0  7  8  6  5  9  1  2  4 10]
  - 预测映射：[ 3  0  7  8  6  2  9  1  5 10  4]
[test_sample_01300] [T1x_rxn2145] ✅ 严格正确 | 原子数：11
[test_sample_01301] [T1x_rxn2146] ❌ 错误 | 原子数：11
  - 正确映射：[ 3  5  2  4  9  8  7 10  0  6  1]
  - 预测映射：[ 3  5  2  4  9  7 10  8  1  6  0]
[test_sample_01302] [T1x_rxn2147] ❌ 错误 | 原子数：11
  - 正确映射：[ 4 10  5  9  8  3  1  0  6  2  7]
  - 预测映射：[ 4 10  9  5  8  0  1  3  6  7  2]
[test_sample_01303] [T1x_rxn2148] ❌ 错误 | 原子数：11
  - 正确映射：[ 7  6 10  0  3  8  9  2  1  4  5]
  - 预测映射：[ 7  6  0 10  3  2  9  8  1  4  5]
[test_sample_01304] [T1x_rxn2149] ✅ 严格正确 | 原子数：11
[test_sample_01305] [T1x_rxn2150] ✅ 严格正确 | 原子数：11
[test_sample_01306] [T1x_rxn2151] ✅ 严格正确 | 原子数：11
[test_sample_01307] [T1x_rxn2773] ❌ 错误 | 原子数：11
  - 正确映射：[ 0  9 10  5  8  4  6  1  3  2  7]
  - 预测映射：[ 0  5  8  9 10  4  1  6  3  2  7]
[test_sample_01308] [T1x_rxn2774] ❌ 错误 | 原子数：11
  - 正确映射：[ 5  2  1 10  9  6  3  7  8  0  4]
  - 预测映射：[ 2 10  1  5  9  8  3  0  7  6  4]
[test_sample_01309] [T1x_rxn2775] ❌ 错误 | 原子数：11
  - 正确映射：[ 7  6  4 10  9  8  5  1  2  3  0]
  - 预测映射：[ 7  6  4 10  9  8  5  1  2  0  3]
[test_sample_01310] [T1x_rxn2776] ✅ 严格正确 | 原子数：11
[test_sample_01311] [T1x_rxn2777] ❌ 错误 | 原子数：11
  - 正确映射：[ 4  8 10  6  3  9  0  5  7  2  1]
  - 预测映射：[ 4  8 10  6  3  7  5  9  2  1  0]
[test_sample_01312] [T1x_rxn2778] ❌ 错误 | 原子数：11
  - 正确映射：[ 5  4  9  0 10  3  6  8  7  2  1]
  - 预测映射：[ 5  4  9  0 10  7  3  8  6  2  1]
[test_sample_01313] [T1x_rxn2779] ❌ 错误 | 原子数：11
  - 正确映射：[ 5  4  3  9  6  2  1  7 10  8  0]
  - 预测映射：[ 5  4  6  9  3  0  7  2  1  8 10]
[test_sample_01314] [T1x_rxn0033] ✅ 严格正确 | 原子数：12
[test_sample_01315] [T1x_rxn0034] ❌ 错误 | 原子数：12
  - 正确映射：[ 1  3  4 11  7  2 10  9  5  8  6  0]
  - 预测映射：[ 1  3  4 11  7  2  9  5  8 10  0  6]
[test_sample_01316] [T1x_rxn0035] ❌ 错误 | 原子数：12
  - 正确映射：[ 3  6  0  1  5 10 11  2  8  9  4  7]
  - 预测映射：[ 3  6  0  1  5 10  8  2 11  9  7  4]
[test_sample_01317] [T1x_rxn0036] ❌ 错误 | 原子数：12
  - 正确映射：[10  1  9  7 11  3  0  4  5  2  8  6]
  - 预测映射：[10  7 11  1  9  3  4  6  5  0  8  2]
[test_sample_01318] [T1x_rxn0037] ❌ 错误 | 原子数：12
  - 正确映射：[ 3 10  9  7  1  6  8  4  2  0 11  5]
  - 预测映射：[ 3 10  9  7  1  6  4  8  2  0  5 11]
[test_sample_01319] [T1x_rxn0038] ❌ 错误 | 原子数：12
  - 正确映射：[ 8 10  3  5  1  2  4  9  6 11  0  7]
  - 预测映射：[ 8 10  3  5  1  2  9  4  6 11  0  7]
[test_sample_01320] [T1x_rxn0039] ❌ 错误 | 原子数：12
  - 正确映射：[ 2  6 10  0  7  3  4 11  9  8  5  1]
  - 预测映射：[ 2  6 10  0  7  3  9 11  4  8  5  1]
[test_sample_01321] [T1x_rxn0040] ✅ 严格正确 | 原子数：12
[test_sample_01322] [T1x_rxn0041] ❌ 错误 | 原子数：12
  - 正确映射：[ 3  8  1  0  4 11  7  2  5 10  6  9]
  - 预测映射：[ 3  8  1  0  4 11  2 10  5  6  7  9]
[test_sample_01323] [T1x_rxn0131] ❌ 错误 | 原子数：12
  - 正确映射：[ 7  2 11 10  8  1  4  6  0  9  3  5]
  - 预测映射：[ 7  2 11 10  8  1  3  4  6  9  0  5]
[test_sample_01324] [T1x_rxn0132] ❌ 错误 | 原子数：12
  - 正确映射：[ 8  5  6  9  1 10  7  3  2 11  0  4]
  - 预测映射：[ 8  9  6  5  1 10  7  2  3  0 11  4]
[test_sample_01325] [T1x_rxn0133] ❌ 错误 | 原子数：12
  - 正确映射：[ 7  4  3  6  8  2  9  5 10  0 11  1]
  - 预测映射：[ 7  4  8  6  3  2 10  0  5  1  9 11]
[test_sample_01326] [T1x_rxn0134] ❌ 错误 | 原子数：12
  - 正确映射：[ 2  4  3  5  0  8  6  1 11  7  9 10]
  - 预测映射：[ 2  4  0  5  3  8  6 11  1 10  7  9]
[test_sample_01327] [T1x_rxn0627] ✅ 严格正确 | 原子数：12
[test_sample_01328] [T1x_rxn0628] ❌ 错误 | 原子数：12
  - 正确映射：[ 7  0 10 11  4  5  9  2  1  6  8  3]
  - 预测映射：[ 7  0 10 11  4  5  9  2  1  3  8  6]
[test_sample_01329] [T1x_rxn0629] ❌ 错误 | 原子数：12
  - 正确映射：[ 0 11  3  2 10  8  9  4  7  6  5  1]
  - 预测映射：[ 8 11  3  2 10  0  1  9  7  6  5  4]
[test_sample_01330] [T1x_rxn0630] ❌ 错误 | 原子数：12
  - 正确映射：[ 1  5  8  4 11  9  2  7 10  0  6  3]
  - 预测映射：[ 1  5  8 11  4  9  2  7 10  3  6  0]
[test_sample_01331] [T1x_rxn0631] ✅ 严格正确 | 原子数：12
[test_sample_01332] [T1x_rxn0632] ❌ 错误 | 原子数：12
  - 正确映射：[ 9  5  8  4 10 11  7  0  3  6  2  1]
  - 预测映射：[ 9  5  8  4 10 11  7  0  2  1  3  6]
[test_sample_01333] [T1x_rxn0633] ❌ 错误 | 原子数：12
  - 正确映射：[10  2  0 11  6  9  7  1  4  3  8  5]
  - 预测映射：[10  2  0 11  6  9  7  1  4  5  3  8]
[test_sample_01334] [T1x_rxn0634] ❌ 错误 | 原子数：12
  - 正确映射：[ 6  1 11  5  7  2 10  0  8  3  9  4]
  - 预测映射：[ 6  1 11  5  7  2 10  0  4  3  9  8]
[test_sample_01335] [T1x_rxn0635] ❌ 错误 | 原子数：12
  - 正确映射：[ 5  0  8  3  1  4 11  2 10  7  6  9]
  - 预测映射：[ 5  0  8  3  1  4 11  2 10  9  6  7]
[test_sample_01336] [T1x_rxn0636] ✅ 严格正确 | 原子数：12
[test_sample_01337] [T1x_rxn1298] ✅ 严格正确 | 原子数：12
[test_sample_01338] [T1x_rxn1299] ✅ 严格正确 | 原子数：12
[test_sample_01339] [T1x_rxn1300] ❌ 错误 | 原子数：12
  - 正确映射：[ 6  0  7  8  2 10 11  4  3  1  9  5]
  - 预测映射：[ 6  0  7 10  2  8 11  9  5  3  4  1]
[test_sample_01340] [T1x_rxn1301] ✅ 严格正确 | 原子数：12
[test_sample_01341] [T1x_rxn1302] ❌ 错误 | 原子数：12
  - 正确映射：[ 9 11  6  8  7  5  4  2  0 10  3  1]
  - 预测映射：[ 9 11  6  5  7  8  4  3  1 10  2  0]
[test_sample_01342] [T1x_rxn1303] ✅ 严格正确 | 原子数：12
[test_sample_01343] [T1x_rxn1304] ❌ 错误 | 原子数：12
  - 正确映射：[11  2  7 10  6  9  0  3  8  1  5  4]
  - 预测映射：[11  2  7 10  6  9  0  8  3  1  4  5]
[test_sample_01344] [T1x_rxn1305] ❌ 错误 | 原子数：12
  - 正确映射：[ 0  9  7 10  6  3  2  5  8 11  4  1]
  - 预测映射：[ 0  9  7 10  6  3  2  5  8  1 11  4]
[test_sample_01345] [T1x_rxn1614] ❌ 错误 | 原子数：12
  - 正确映射：[ 5  0 10  4  6  8  9  1  3 11  2  7]
  - 预测映射：[ 5  0  8  6  4 10  7 11  2  1  3  9]
[test_sample_01346] [T1x_rxn1615] ❌ 错误 | 原子数：12
  - 正确映射：[10  1  0  3  4  6  2  9  5  8 11  7]
  - 预测映射：[10  1  6  4  3  0  7  8 11  9  5  2]
[test_sample_01347] [T1x_rxn1616] ❌ 错误 | 原子数：12
  - 正确映射：[ 2  5 11  3  0  1  8  7 10  9  6  4]
  - 预测映射：[ 2  5 11  3  0  1  8 10  7  6  9  4]
[test_sample_01348] [T1x_rxn1617] ❌ 错误 | 原子数：12
  - 正确映射：[11  8  1  6  0  5  9 10  2  4  3  7]
  - 预测映射：[11  8  5  0  6  1  7  3 10  9  2  4]
[test_sample_01349] [T1x_rxn1618] ❌ 错误 | 原子数：12
  - 正确映射：[ 6  4  5  8  7  1  9 10  0 11  3  2]
  - 预测映射：[ 6  4  1  7  8  5  2 11  3 10  0  9]
[test_sample_01350] [T1x_rxn1619] ❌ 错误 | 原子数：12
  - 正确映射：[11  4 10  9  5  2  7  0  6  8  3  1]
  - 预测映射：[11  4  2  5  9 10  1  8  3  0  6  7]
[test_sample_01351] [T1x_rxn1620] ❌ 错误 | 原子数：12
  - 正确映射：[ 5  8  6 11  7  3  0  1  4 10  2  9]
  - 预测映射：[ 5  8  3  7 11  6  9  1  2 10  4  0]
[test_sample_01352] [T1x_rxn1621] ❌ 错误 | 原子数：12
  - 正确映射：[11  5  4  3  8  1  6  7  0 10  2  9]
  - 预测映射：[11  5  1  8  3  4  0  9 10  2  7  6]
[test_sample_01353] [T1x_rxn1622] ❌ 错误 | 原子数：12
  - 正确映射：[ 8  2  0  1  9  5  3 11 10  4  6  7]
  - 预测映射：[ 8  2  0  1  9  5  3 10  4  6 11  7]
[test_sample_01354] [T1x_rxn1623] ✅ 严格正确 | 原子数：12
[test_sample_01355] [T1x_rxn1914] ✅ 严格正确 | 原子数：12
[test_sample_01356] [T1x_rxn1915] ❌ 错误 | 原子数：12
  - 正确映射：[ 2  6  7  3  1  9  5  4  0 10 11  8]
  - 预测映射：[ 2  6  3  7  1  9  0 11  5  4 10  8]
[test_sample_01357] [T1x_rxn2006] ❌ 错误 | 原子数：12
  - 正确映射：[ 8  9  3  6  0  5  1 11  4  7  2 10]
  - 预测映射：[ 3  6  8  9  0  5 10  7  2 11  1  4]
[test_sample_01358] [T1x_rxn2007] ✅ 严格正确 | 原子数：12
[test_sample_01359] [T1x_rxn2008] ✅ 严格正确 | 原子数：12
[test_sample_01360] [T1x_rxn2009] ❌ 错误 | 原子数：12
  - 正确映射：[ 1  6  0  3  8  4  7 10  2 11  5  9]
  - 预测映射：[ 1  6  0  3  8  4  2 10  7 11  5  9]
[test_sample_01361] [T1x_rxn2010] ❌ 错误 | 原子数：12
  - 正确映射：[ 5  8 10  3 11  2  6  0  7  9  4  1]
  - 预测映射：[ 5  8 10  3 11  2  7  0  6  9  4  1]
[test_sample_01362] [T1x_rxn2011] ❌ 错误 | 原子数：12
  - 正确映射：[ 0  3  7  9  4 11  6  8 10  1  5  2]
  - 预测映射：[ 0  3  7  9  4 11 10  8  6  5  1  2]
[test_sample_01363] [T1x_rxn2573] ❌ 错误 | 原子数：12
  - 正确映射：[10  7  3  1  8  2  9 11  5  0  6  4]
  - 预测映射：[ 1  7  3 10  8  2  6  4  9 11  0  5]
[test_sample_01364] [T1x_rxn2574] ❌ 错误 | 原子数：12
  - 正确映射：[ 1 10  2  6  5  0  4  8  3 11  9  7]
  - 预测映射：[ 1 10  2  6  0  5  8  4  7  9 11  3]
[test_sample_01365] [T1x_rxn2575] ❌ 错误 | 原子数：12
  - 正确映射：[ 0  5 10  2  9  3  1  7  4  8 11  6]
  - 预测映射：[ 0  5 10  2  9  3  1  7  8  6  4 11]
[test_sample_01366] [T1x_rxn2576] ❌ 错误 | 原子数：12
  - 正确映射：[ 8  5  4  9  1 11  7  6 10  3  0  2]
  - 预测映射：[ 8  5  4  9  1 11  7  6  3 10  0  2]
[test_sample_01367] [T1x_rxn2577] ❌ 错误 | 原子数：12
  - 正确映射：[ 6  0 11  2  7  8  1  4 10  3  9  5]
  - 预测映射：[ 6  0 11  2  7  8  1  4  3 10  5  9]
[test_sample_01368] [T1x_rxn2578] ❌ 错误 | 原子数：12
  - 正确映射：[ 5  6 10 11  1  8  4  0  7  2  9  3]
  - 预测映射：[ 5  1  6 11 10  8  3  4  0  9  7  2]
[test_sample_01369] [T1x_rxn2579] ❌ 错误 | 原子数：12
  - 正确映射：[ 6 10  0 11  5  8  3  7  9  1  2  4]
  - 预测映射：[ 6 10  0 11  5  8  3  7  2  1  9  4]
[test_sample_01370] [T1x_rxn2580] ❌ 错误 | 原子数：12
  - 正确映射：[ 8  0  9  5  1 10 11  2  7  4  3  6]
  - 预测映射：[10  0  1  5  9  8 11  2  7  6  3  4]
[test_sample_01371] [T1x_rxn2581] ❌ 错误 | 原子数：12
  - 正确映射：[ 5  8  0 10  7  4  2  1 11  6  3  9]
  - 预测映射：[ 5  7  8 10  0  4  9  2  1  3 11  6]
[test_sample_01372] [T1x_rxn2582] ❌ 错误 | 原子数：12
  - 正确映射：[ 7  4 11  3 10  9  2  5  8  0  6  1]
  - 预测映射：[ 7  4 11  3 10  9  8  5  2  0  6  1]
[test_sample_01373] [T1x_rxn2583] ✅ 严格正确 | 原子数：12
[test_sample_01374] [T1x_rxn2584] ❌ 错误 | 原子数：12
  - 正确映射：[ 7  4  5  3  0 11  8  9  2 10  6  1]
  - 预测映射：[11  5  0  3  4  7 10  6  2  1  9  8]
[test_sample_01375] [T1x_rxn2585] ❌ 错误 | 原子数：12
  - 正确映射：[ 3  7 10  4 11  9  5  8  0  6  2  1]
  - 预测映射：[ 3  7 10  4 11  9  8  0  5  2  6  1]
[test_sample_01376] [T1x_rxn2746] ❌ 错误 | 原子数：12
  - 正确映射：[ 0  7  1  2  4  8  9 10  5  3  6 11]
  - 预测映射：[ 0  7  1  2  4  8 10  9  5  6  3 11]
[test_sample_01377] [T1x_rxn2747] ❌ 错误 | 原子数：12
  - 正确映射：[ 9  4  5  3  6 11  8  0  1  2 10  7]
  - 预测映射：[ 4  9  5  3  6 11  2  1  0  8 10  7]
[test_sample_01378] [T1x_rxn2748] ❌ 错误 | 原子数：12
  - 正确映射：[ 8  9  2  4 10  5  1 11  6  0  3  7]
  - 预测映射：[ 8  9  2  4 10  5 11  6  1  0  3  7]
[test_sample_01379] [T1x_rxn2749] ❌ 错误 | 原子数：12
  - 正确映射：[ 2  0 10  5  4 11  6  9  1  3  7  8]
  - 预测映射：[ 2  0 10  5  4 11  6  1  9  3  7  8]
[test_sample_01380] [T1x_rxn2750] ❌ 错误 | 原子数：12
  - 正确映射：[ 6 10  1  3  7  0  8  4 11  2  9  5]
  - 预测映射：[ 6 10  1  3  7  0 11  4  8  2  9  5]
[test_sample_01381] [T1x_rxn2751] ❌ 错误 | 原子数：12
  - 正确映射：[ 8  3 11  7  5  9  6  1  4 10  2  0]
  - 预测映射：[ 8  3 11  7  5  9  4  6  1 10  2  0]
[test_sample_01382] [T1x_rxn3642] ❌ 错误 | 原子数：12
  - 正确映射：[ 9  6  1  8  0  3  4  7  5 11 10  2]
  - 预测映射：[ 9  6  1  8  0  3  4  7  5 10 11  2]
[test_sample_01383] [T1x_rxn3643] ❌ 错误 | 原子数：12
  - 正确映射：[ 4  5 11  1  6 10  8  2  3  0  7  9]
  - 预测映射：[ 4  5 11  1  6 10  8  3  2  9  7  0]
[test_sample_01384] [T1x_rxn3644] ❌ 错误 | 原子数：12
  - 正确映射：[ 0  1  7  2  6  8 11  4  3 10  5  9]
  - 预测映射：[ 7  2  0  1  6  8  5 10  4 11  3  9]
[test_sample_01385] [T1x_rxn3645] ❌ 错误 | 原子数：12
  - 正确映射：[ 6  8 10  2  1  9  4  3 11  5  7  0]
  - 预测映射：[ 6  8 10  2  1  9  4 11  3  5  7  0]
[test_sample_01386] [T1x_rxn4429] ❌ 错误 | 原子数：12
  - 正确映射：[ 6  9 10  0 11  3  7  4  5  8  2  1]
  - 预测映射：[ 6  9 10  0 11  3  7  4  2  1  8  5]
[test_sample_01387] [T1x_rxn4430] ❌ 错误 | 原子数：12
  - 正确映射：[ 9  8 11  3  4  1  5  0 10  7  6  2]
  - 预测映射：[ 1  4 11  3  8  9  5 10  0  6  7  2]
[test_sample_01388] [T1x_rxn4431] ❌ 错误 | 原子数：12
  - 正确映射：[ 2 10  0  3 11  4  5  6  1  8  7  9]
  - 预测映射：[ 4 11  0  3 10  2  5  6  1  7  8  9]
[test_sample_01389] [T1x_rxn4432] ✅ 严格正确 | 原子数：12
[test_sample_01390] [T1x_rxn4433] ✅ 严格正确 | 原子数：12
[test_sample_01391] [T1x_rxn4434] ❌ 错误 | 原子数：12
  - 正确映射：[ 3  9  7  5  6 11  8 10  2  4  0  1]
  - 预测映射：[ 3  9  7  5  6 11  2  4  8  1 10  0]
[test_sample_01392] [T1x_rxn4435] ✅ 严格正确 | 原子数：12
[test_sample_01393] [T1x_rxn4436] ❌ 错误 | 原子数：12
  - 正确映射：[ 1  4  2 10  8  0 11  5  7  6  3  9]
  - 预测映射：[ 0  8  2 10  4  1  6  5 11  9  7  3]
[test_sample_01394] [T1x_rxn4437] ❌ 错误 | 原子数：12
  - 正确映射：[10  5  8  9 11  1  3  2  7  6  0  4]
  - 预测映射：[10  8  5  9 11  1  6  3  0  4  7  2]
[test_sample_01395] [T1x_rxn4438] ✅ 严格正确 | 原子数：12
[test_sample_01396] [T1x_rxn4524] ❌ 错误 | 原子数：12
  - 正确映射：[ 9  2 10  1  8  0  3  5  6 11  4  7]
  - 预测映射：[ 9  2 10  1  8  0  5  3  7  6 11  4]
[test_sample_01397] [T1x_rxn4525] ❌ 错误 | 原子数：12
  - 正确映射：[ 3  9  2 11  4  1  6  5  0  7  8 10]
  - 预测映射：[ 3  9  4 11  2  1  5  7 10  0  8  6]
[test_sample_01398] [T1x_rxn4526] ❌ 错误 | 原子数：12
  - 正确映射：[ 3  8  5  9  2  7  6 11 10  4  1  0]
  - 预测映射：[ 3  8  5  9  2  7 10  4  1  0  6 11]
[test_sample_01399] [T1x_rxn4527] ❌ 错误 | 原子数：12
  - 正确映射：[ 8 10  0  7  6  3  9  4  2 11  5  1]
  - 预测映射：[ 8 10  0  7  6  3  4 11  2  5  9  1]
[test_sample_01400] [T1x_rxn4528] ✅ 严格正确 | 原子数：12
[test_sample_01401] [T1x_rxn8947] ❌ 错误 | 原子数：12
  - 正确映射：[ 1  6 11  4  8  2  3  7  5 10  9  0]
  - 预测映射：[ 1  6  8  4 11  2  5  7 10  3  9  0]
[test_sample_01402] [T1x_rxn8948] ✅ 严格正确 | 原子数：12
[test_sample_01403] [T1x_rxn9007] ❌ 错误 | 原子数：12
  - 正确映射：[10  7  6  2 11  5  3  8  4  1  0  9]
  - 预测映射：[10  7  6  2 11  5  3  8  9  1  0  4]
[test_sample_01404] [T1x_rxn9081] ✅ 严格正确 | 原子数：12
[test_sample_01405] [T1x_rxn9127] ❌ 错误 | 原子数：12
  - 正确映射：[ 9  6  1 10  7  3 11  2  5  8  4  0]
  - 预测映射：[ 9  6  1 10  7  3 11  8  5  4  2  0]
[test_sample_01406] [T1x_rxn9128] ❌ 错误 | 原子数：12
  - 正确映射：[ 6  2 11  0  8  1  5  9  3 10  4  7]
  - 预测映射：[ 6  2 11  0  8  1  7  4  5 10  9  3]
[test_sample_01407] [T1x_rxn9155] ❌ 错误 | 原子数：12
  - 正确映射：[ 8  7  4 11 10  5  6  1  3  0  9  2]
  - 预测映射：[ 8  7 11  4 10  5  0  6  3  9  2  1]
[test_sample_01408] [T1x_rxn9156] ❌ 错误 | 原子数：12
  - 正确映射：[ 0  2 10 11  6  3  1  7  8  4  9  5]
  - 预测映射：[ 0  2 10 11  6  3  1  8  4  7  5  9]
[test_sample_01409] [T1x_rxn9447] ❌ 错误 | 原子数：12
  - 正确映射：[ 5  9  4  2  3  6 10  8  0 11  1  7]
  - 预测映射：[ 5  9  3  2  4  6  0 10  7 11  1  8]
[test_sample_01410] [T1x_rxn5951] ❌ 错误 | 原子数：13
  - 正确映射：[ 1  9 10 12 11  2  0  7  3  6  4  8  5]
  - 预测映射：[ 1  9 11 12 10  2  0  3  7  4  6  8  5]
[test_sample_01411] [T1x_rxn5952] ❌ 错误 | 原子数：13
  - 正确映射：[ 6  5  1  8  9  3 11 10  4  0  2 12  7]
  - 预测映射：[ 6  5  1  8  9  3 11 10  0  2  4 12  7]
[test_sample_01412] [T1x_rxn5953] ❌ 错误 | 原子数：13
  - 正确映射：[ 1  3  9 12 11  6  4 10  8  7  5  2  0]
  - 预测映射：[ 1  3  9 12 11  6  4 10  0  7  5  8  2]
[test_sample_01413] [T1x_rxn5954] ❌ 错误 | 原子数：13
  - 正确映射：[ 3  4  1 12  2  8  0  6  9  7 10  5 11]
  - 预测映射：[ 0  8  2  4  1 12  3  5  7 10 11  6  9]
[test_sample_01414] [T1x_rxn5955] ❌ 错误 | 原子数：13
  - 正确映射：[10  9  5 11  0  3  8  2 12  7  1  6  4]
  - 预测映射：[10  9  5 11  0  3  8  2 12  4  7  1  6]
[test_sample_01415] [T1x_rxn5956] ❌ 错误 | 原子数：13
  - 正确映射：[ 3  4  5 10  9  7 12 11  1  0  6  2  8]
  - 预测映射：[12  7  9  4  5 10  3  2  0  6 11  8  1]
[test_sample_01416] [T1x_rxn5957] ❌ 错误 | 原子数：13
  - 正确映射：[ 2 12 10  3  1  5  8  9  6  0  4 11  7]
  - 预测映射：[ 2 12 10  3  1  5  8  4  6  9  0  7 11]
[test_sample_01417] [T1x_rxn5958] ❌ 错误 | 原子数：13
  - 正确映射：[12  5  3  2  0  8  4  1 11  9 10  7  6]
  - 预测映射：[ 4  8  0  2  3  5 12  7  6  9 10 11  1]
[test_sample_01418] [T1x_rxn5959] ❌ 错误 | 原子数：13
  - 正确映射：[10  3 11  9  4  2  8  7  0  6  1  5 12]
  - 预测映射：[10  3 11  9  4  2  8  7  0  6  1 12  5]
[test_sample_01419] [T1x_rxn5960] ❌ 错误 | 原子数：13
  - 正确映射：[12  9  1  2  0  8  6 11  5  4  7 10  3]
  - 预测映射：[ 6  8  0  2  1  9 12  3 10  7  4  5 11]
[test_sample_01420] [T1x_rxn5982] ❌ 错误 | 原子数：13
  - 正确映射：[ 8 11  0 12  1 10  9  7  2  6  4  3  5]
  - 预测映射：[ 8 11  0  1 12 10  9  6  2  7  5  4  3]
[test_sample_01421] [T1x_rxn5983] ✅ 严格正确 | 原子数：13
[test_sample_01422] [T1x_rxn5984] ❌ 错误 | 原子数：13
  - 正确映射：[ 3  7  2  8 10  1  6 11  0  5  9  4 12]
  - 预测映射：[ 3  7  2  8 10  1  6  4  0 11  5  9 12]
[test_sample_01423] [T1x_rxn5985] ❌ 错误 | 原子数：13
  - 正确映射：[ 7  3 11 10  1  0 12  4  8  5  9  2  6]
  - 预测映射：[ 7  3 11 10  1  0 12  5  8  4  9  2  6]
[test_sample_01424] [T1x_rxn5986] ❌ 错误 | 原子数：13
  - 正确映射：[ 4  3 12  5  2 11  1 10  7  9  6  8  0]
  - 预测映射：[ 4  3 12  5  2 11  1  9  7 10  6  8  0]
[test_sample_01425] [T1x_rxn5987] ❌ 错误 | 原子数：13
  - 正确映射：[11  5  7 12  2  4  8  9  6 10  3  0  1]
  - 预测映射：[ 4  8 11  2 12  7  5  6  9  1 10  0  3]
[test_sample_01426] [T1x_rxn5988] ✅ 严格正确 | 原子数：13
[test_sample_01427] [T1x_rxn5989] ✅ 严格正确 | 原子数：13
[test_sample_01428] [T1x_rxn9629] ❌ 错误 | 原子数：13
  - 正确映射：[11  9  4  3  5 10 12  8  0  2  6  1  7]
  - 预测映射：[12 10  5  9  4  3 11  7  8  6  1  2  0]
[test_sample_01429] [T1x_rxn9630] ❌ 错误 | 原子数：13
  - 正确映射：[ 8  0  7  4 12  9  2 11  1  3  5 10  6]
  - 预测映射：[ 2  9 12  4  7  0  8 10  6  3  5 11  1]
[test_sample_01430] [T1x_rxn1224] ✅ 严格正确 | 原子数：10
[test_sample_01431] [T1x_rxn1225] ❌ 错误 | 原子数：10
  - 正确映射：[9 5 2 3 4 1 7 0 6 8]
  - 预测映射：[5 9 2 3 0 6 8 1 7 4]
[test_sample_01432] [T1x_rxn1226] ✅ 严格正确 | 原子数：10
[test_sample_01433] [T1x_rxn1227] ✅ 严格正确 | 原子数：10
[test_sample_01434] [T1x_rxn1228] ❌ 错误 | 原子数：10
  - 正确映射：[0 3 5 4 9 7 2 6 1 8]
  - 预测映射：[3 5 0 4 6 1 7 8 9 2]
[test_sample_01435] [T1x_rxn1629] ❌ 错误 | 原子数：10
  - 正确映射：[4 7 0 3 6 8 2 5 9 1]
  - 预测映射：[4 0 7 3 5 2 9 8 1 6]
[test_sample_01436] [T1x_rxn1630] ✅ 严格正确 | 原子数：10
[test_sample_01437] [T1x_rxn1631] ❌ 错误 | 原子数：10
  - 正确映射：[9 2 3 6 4 8 1 5 0 7]
  - 预测映射：[9 2 3 6 4 7 5 1 0 8]
[test_sample_01438] [T1x_rxn1632] ❌ 错误 | 原子数：10
  - 正确映射：[9 4 5 2 8 7 0 6 1 3]
  - 预测映射：[9 4 2 5 6 8 1 3 7 0]
[test_sample_01439] [T1x_rxn1633] ❌ 错误 | 原子数：10
  - 正确映射：[1 7 6 2 8 0 4 9 5 3]
  - 预测映射：[1 7 2 6 8 5 4 3 0 9]
[test_sample_01440] [T1x_rxn2780] ❌ 错误 | 原子数：10
  - 正确映射：[8 7 1 3 0 9 2 6 4 5]
  - 预测映射：[8 3 1 7 0 9 4 5 6 2]
[test_sample_01441] [T1x_rxn2781] ❌ 错误 | 原子数：10
  - 正确映射：[2 6 8 0 9 1 7 5 4 3]
  - 预测映射：[0 2 8 6 3 4 1 9 5 7]
[test_sample_01442] [T1x_rxn2782] ✅ 严格正确 | 原子数：10
[test_sample_01443] [T1x_rxn3912] ❌ 错误 | 原子数：10
  - 正确映射：[8 6 4 9 1 3 2 0 7 5]
  - 预测映射：[9 6 4 8 7 5 0 2 1 3]
[test_sample_01444] [T1x_rxn3913] ❌ 错误 | 原子数：10
  - 正确映射：[2 5 3 9 0 7 6 4 8 1]
  - 预测映射：[9 2 3 5 1 8 4 0 7 6]
[test_sample_01445] [T1x_rxn3914] ❌ 错误 | 原子数：10
  - 正确映射：[4 8 9 7 3 5 1 2 6 0]
  - 预测映射：[7 8 9 4 6 0 2 1 3 5]
[test_sample_01446] [T1x_rxn4635] ❌ 错误 | 原子数：10
  - 正确映射：[2 8 3 5 1 6 0 9 7 4]
  - 预测映射：[2 8 3 5 9 6 1 4 7 0]
[test_sample_01447] [T1x_rxn4636] ❌ 错误 | 原子数：10
  - 正确映射：[9 1 2 0 5 4 3 8 7 6]
  - 预测映射：[9 1 2 0 5 3 4 7 6 8]
[test_sample_01448] [T1x_rxn4637] ✅ 严格正确 | 原子数：10
[test_sample_01449] [T1x_rxn4638] ✅ 严格正确 | 原子数：10
[test_sample_01450] [T1x_rxn4639] ❌ 错误 | 原子数：10
  - 正确映射：[4 5 6 3 0 7 8 9 1 2]
  - 预测映射：[4 5 6 3 8 0 7 1 2 9]
[test_sample_01451] [T1x_rxn4640] ❌ 错误 | 原子数：10
  - 正确映射：[3 4 6 9 5 1 8 7 0 2]
  - 预测映射：[3 4 6 9 8 5 1 0 7 2]
[test_sample_01452] [T1x_rxn4641] ❌ 错误 | 原子数：10
  - 正确映射：[6 2 5 3 7 1 9 8 4 0]
  - 预测映射：[6 2 5 3 1 7 9 0 4 8]
[test_sample_01453] [T1x_rxn0045] ✅ 严格正确 | 原子数：11
[test_sample_01454] [T1x_rxn0046] ❌ 错误 | 原子数：11
  - 正确映射：[ 0  4  8  5  6  2  7  9  1  3 10]
  - 预测映射：[ 0  4  8  5  6  7  2  9  3  1 10]
[test_sample_01455] [T1x_rxn0047] ✅ 严格正确 | 原子数：11
[test_sample_01456] [T1x_rxn0048] ❌ 错误 | 原子数：11
  - 正确映射：[10  8  0  4  5  9  1  2  3  6  7]
  - 预测映射：[10  8  0  4  5  9  1  2  6  3  7]
[test_sample_01457] [T1x_rxn0049] ❌ 错误 | 原子数：11
  - 正确映射：[ 6 10  3  0  2  9  4  5  8  1  7]
  - 预测映射：[ 6 10  3  0  2  9  5  4  8  1  7]
[test_sample_01458] [T1x_rxn0504] ❌ 错误 | 原子数：11
  - 正确映射：[ 5  9  8 10  0  4  1  2  3  7  6]
  - 预测映射：[ 0  8 10  9  5  6  3  7  2  4  1]
[test_sample_01459] [T1x_rxn0505] ✅ 严格正确 | 原子数：11
[test_sample_01460] [T1x_rxn0506] ❌ 错误 | 原子数：11
  - 正确映射：[ 1  8 10  3  7  5  2  4  6  0  9]
  - 预测映射：[ 1  8 10  3  7  2  6  4  9  0  5]
[test_sample_01461] [T1x_rxn0507] ❌ 错误 | 原子数：11
  - 正确映射：[ 1  7  3  0  2  5  8  4 10  9  6]
  - 预测映射：[ 1  7  3  0  2  5  4  8 10  9  6]
[test_sample_01462] [T1x_rxn0508] ❌ 错误 | 原子数：11
  - 正确映射：[ 9  8  1  6  4 10  5  2  0  3  7]
  - 预测映射：[ 4  1  6  8  9  3  0  5  7  2 10]
[test_sample_01463] [T1x_rxn1241] ✅ 严格正确 | 原子数：11
[test_sample_01464] [T1x_rxn1242] ❌ 错误 | 原子数：11
  - 正确映射：[10  3  1  7  0  5  4  2  9  8  6]
  - 预测映射：[10  3  1  7  0  2  4  8  5  9  6]
[test_sample_01465] [T1x_rxn2274] ✅ 严格正确 | 原子数：11
[test_sample_01466] [T1x_rxn2275] ❌ 错误 | 原子数：11
  - 正确映射：[ 0  5  9  2  4 10  8  1  7  3  6]
  - 预测映射：[ 0  5  4  2  9  8 10  7  3  6  1]
[test_sample_01467] [T1x_rxn2276] ✅ 严格正确 | 原子数：11
[test_sample_01468] [T1x_rxn2277] ✅ 严格正确 | 原子数：11
[test_sample_01469] [T1x_rxn2278] ❌ 错误 | 原子数：11
  - 正确映射：[ 4  1  7  8  0  3  2 10  6  5  9]
  - 预测映射：[ 4  1  7  8  0  3  2 10  6  9  5]
[test_sample_01470] [T1x_rxn2620] ❌ 错误 | 原子数：11
  - 正确映射：[ 5 10  4  7  0  8  1  3  2  6  9]
  - 预测映射：[ 0  7  4 10  5  6  1  3  2  8  9]
[test_sample_01471] [T1x_rxn2621] ❌ 错误 | 原子数：11
  - 正确映射：[10  8  7  4  5  3  1  2  0  9  6]
  - 预测映射：[10  7  8  4  5  3  2  1  0  9  6]
[test_sample_01472] [T1x_rxn2622] ❌ 错误 | 原子数：11
  - 正确映射：[ 3  8  1  0  5  4  7 10  9  2  6]
  - 预测映射：[ 3  8  1  0  5  4 10  7  9  2  6]
[test_sample_01473] [T1x_rxn2623] ❌ 错误 | 原子数：11
  - 正确映射：[ 1  3  0  6  5  2  8 10  9  7  4]
  - 预测映射：[ 5  6  0  3  1  4  8 10  7  9  2]
[test_sample_01474] [T1x_rxn2624] ✅ 严格正确 | 原子数：11
[test_sample_01475] [T1x_rxn2625] ❌ 错误 | 原子数：11
  - 正确映射：[ 1  5  4  7  6  3 10  9  2  0  8]
  - 预测映射：[ 6  5  7  4  1  8  9 10  0  2  3]
[test_sample_01476] [T1x_rxn3527] ✅ 严格正确 | 原子数：11
[test_sample_01477] [T1x_rxn3528] ❌ 错误 | 原子数：11
  - 正确映射：[ 5  4  2  9  0  1 10  6  8  3  7]
  - 预测映射：[ 5  4  2  9  0  6 10  1  3  8  7]
[test_sample_01478] [T1x_rxn3529] ❌ 错误 | 原子数：11
  - 正确映射：[ 4 10  6  5  7  0  9  1  8  2  3]
  - 预测映射：[ 4 10  6  5  7  1  9  0  2  8  3]
[test_sample_01479] [T1x_rxn3530] ❌ 错误 | 原子数：11
  - 正确映射：[ 7  1  8  0  9  5  4  3 10  6  2]
  - 预测映射：[ 0  1  9  7  8  6  4 10  5  3  2]
[test_sample_01480] [T1x_rxn3531] ❌ 错误 | 原子数：11
  - 正确映射：[ 5  1  6  3  7  8  2  0  4  9 10]
  - 预测映射：[ 5  1  6  3  7  8  9  2  0  4 10]
[test_sample_01481] [T1x_rxn3532] ✅ 严格正确 | 原子数：11
[test_sample_01482] [T1x_rxn3533] ❌ 错误 | 原子数：11
  - 正确映射：[ 0  2  7  8  9  4  3  1  5  6 10]
  - 预测映射：[ 0  2  7  8  9  1  3  4  6  5 10]
[test_sample_01483] [T1x_rxn3662] ❌ 错误 | 原子数：11
  - 正确映射：[ 0  3  5  1  8  2  4 10  7  9  6]
  - 预测映射：[ 0  3  8  1  5  4  9  2  6 10  7]
[test_sample_01484] [T1x_rxn3663] ❌ 错误 | 原子数：11
  - 正确映射：[ 1  3  0  8  6  5  4 10  7  9  2]
  - 预测映射：[ 1  3  6  8  0  7  4  2  9  5 10]
[test_sample_01485] [T1x_rxn3664] ✅ 严格正确 | 原子数：11
[test_sample_01486] [T1x_rxn3665] ❌ 错误 | 原子数：11
  - 正确映射：[ 4  9  7  5  8  2  3 10  0  1  6]
  - 预测映射：[ 4  9  8  5  7  2  3  1  6 10  0]
[test_sample_01487] [T1x_rxn3666] ❌ 错误 | 原子数：11
  - 正确映射：[ 7  9  1  3 10  5  6  4  2  0  8]
  - 预测映射：[ 3  1 10  7  9  2  5  8  0  4  6]
[test_sample_01488] [T1x_rxn3667] ❌ 错误 | 原子数：11
  - 正确映射：[ 2  3  7  9  1  0  5 10  6  8  4]
  - 预测映射：[ 2  3  7  9  1  4  0 10  6  8  5]
[test_sample_01489] [T1x_rxn3668] ❌ 错误 | 原子数：11
  - 正确映射：[ 3  9  2  0  8  6 10  7  1  5  4]
  - 预测映射：[ 0  2  9  3  8  1  4 10  7  5  6]
[test_sample_01490] [T1x_rxn3706] ❌ 错误 | 原子数：11
  - 正确映射：[10  4  0  3  5  1  7  8  6  2  9]
  - 预测映射：[ 5  3  0  4 10  7  9  2  6  1  8]
[test_sample_01491] [T1x_rxn3707] ❌ 错误 | 原子数：11
  - 正确映射：[ 4  7  1  5  8 10  6  0  3  9  2]
  - 预测映射：[ 4  7  1  5  8 10  6  0  3  2  9]
[test_sample_01492] [T1x_rxn3708] ✅ 严格正确 | 原子数：11
[test_sample_01493] [T1x_rxn3709] ✅ 严格正确 | 原子数：11
[test_sample_01494] [T1x_rxn3710] ❌ 错误 | 原子数：11
  - 正确映射：[ 2  0  3  6  8  5  7  1 10  4  9]
  - 预测映射：[ 2  0  3  6  8  1  7  5  9 10  4]
[test_sample_01495] [T1x_rxn3711] ✅ 严格正确 | 原子数：11
[test_sample_01496] [T1x_rxn3712] ✅ 严格正确 | 原子数：11
[test_sample_01497] [T1x_rxn3713] ❌ 错误 | 原子数：11
  - 正确映射：[ 3  1  5  2  0  8  7 10  4  9  6]
  - 预测映射：[ 3  2  5  1  0 10  9  6  4  7  8]
[test_sample_01498] [T1x_rxn3714] ❌ 错误 | 原子数：11
  - 正确映射：[ 1  5 10  6  7  4  9  3  8  2  0]
  - 预测映射：[ 1  5 10  6  7  4  9  3  8  0  2]
[test_sample_01499] [T1x_rxn3852] ✅ 严格正确 | 原子数：11
[test_sample_01500] [T1x_rxn3853] ❌ 错误 | 原子数：11
  - 正确映射：[ 1  5  7  3  0  6  4 10  8  9  2]
  - 预测映射：[ 3  5  7  1  0  8  2 10  9  4  6]
[test_sample_01501] [T1x_rxn3854] ✅ 严格正确 | 原子数：11
[test_sample_01502] [T1x_rxn3855] ❌ 错误 | 原子数：11
  - 正确映射：[ 8  3  0  4  7  5  6  1 10  2  9]
  - 预测映射：[ 3  8  7  4  0 10  1  6  5  9  2]
[test_sample_01503] [T1x_rxn8990] ✅ 严格正确 | 原子数：11
[test_sample_01504] [T1x_rxn8991] ❌ 错误 | 原子数：11
  - 正确映射：[ 8  6 10  5  2  9  3  0  7  1  4]
  - 预测映射：[ 8  6 10  5  2  7  0  9  3  1  4]
[test_sample_01505] [T1x_rxn9203] ✅ 严格正确 | 原子数：11
[test_sample_01506] [T1x_rxn9376] ❌ 错误 | 原子数：11
  - 正确映射：[ 6  9  7  1 10  3  0  2  8  5  4]
  - 预测映射：[ 6  1  7  9 10  8  3  4  5  0  2]
[test_sample_01507] [T1x_rxn9377] ❌ 错误 | 原子数：11
  - 正确映射：[ 1  6 10  7  8  3  2  5  0  4  9]
  - 预测映射：[ 1  6 10  7  8  2  3  9  0  5  4]
[test_sample_01508] [T1x_rxn0135] ❌ 错误 | 原子数：12
  - 正确映射：[ 0  3  2  5  9  8  1  7  4 10 11  6]
  - 预测映射：[ 0  3  2  5  9  8  4  7 11 10  6  1]
[test_sample_01509] [T1x_rxn0136] ✅ 严格正确 | 原子数：12
[test_sample_01510] [T1x_rxn0137] ❌ 错误 | 原子数：12
  - 正确映射：[ 4  3  9  7 11  0 10  2  6  5  1  8]
  - 预测映射：[ 4  3  9  7 11  0 10  2  6  8  1  5]
[test_sample_01511] [T1x_rxn0138] ❌ 错误 | 原子数：12
  - 正确映射：[ 0  7  9  4  2  5 10  3  1  8 11  6]
  - 预测映射：[ 0  7  9  4  2  5  3 10  1  8 11  6]
[test_sample_01512] [T1x_rxn1457] ❌ 错误 | 原子数：12
  - 正确映射：[ 2  4 10  0 11  5  9  7  1  3  8  6]
  - 预测映射：[ 5 11 10  0  4  2  8  3  6  7  1  9]
[test_sample_01513] [T1x_rxn1458] ✅ 严格正确 | 原子数：12
[test_sample_01514] [T1x_rxn1459] ❌ 错误 | 原子数：12
  - 正确映射：[ 6 10  8  4  3  5  7  0  1  9  2 11]
  - 预测映射：[ 5  3  8  4 10  6 11  2  9  0  1  7]
[test_sample_01515] [T1x_rxn1460] ❌ 错误 | 原子数：12
  - 正确映射：[ 2  9  6 10  0  8 11  5  7  4  1  3]
  - 预测映射：[ 8  0  6 10  9  2  3  1  4  7  5 11]
[test_sample_01516] [T1x_rxn1490] ❌ 错误 | 原子数：12
  - 正确映射：[ 6  8  2  7  4 11  9  3 10  0  1  5]
  - 预测映射：[ 6  8  2  7  4 11  9  3 10  1  0  5]
[test_sample_01517] [T1x_rxn1491] ❌ 错误 | 原子数：12
  - 正确映射：[ 7  6  3  1 11  2  8  4  5 10  0  9]
  - 预测映射：[ 7  6 11  2  3  1  0  8  4  9  5 10]
[test_sample_01518] [T1x_rxn1492] ❌ 错误 | 原子数：12
  - 正确映射：[11  2  7  4  1  0  3  8  6  9 10  5]
  - 预测映射：[ 4  7  2 11  1  0  9 10  6  8  5  3]
[test_sample_01519] [T1x_rxn1493] ✅ 严格正确 | 原子数：12
[test_sample_01520] [T1x_rxn1494] ✅ 严格正确 | 原子数：12
[test_sample_01521] [T1x_rxn1495] ✅ 严格正确 | 原子数：12
[test_sample_01522] [T1x_rxn2152] ❌ 错误 | 原子数：12
  - 正确映射：[10 11  1  6  4  2  9  8  3  5  7  0]
  - 预测映射：[ 2  1  4  6 11 10  5  0  7  3  8  9]
[test_sample_01523] [T1x_rxn2153] ❌ 错误 | 原子数：12
  - 正确映射：[ 2  6  1 11  4 10  0  7  3  9  8  5]
  - 预测映射：[10  4  6  2  1 11  5  8  7  0  3  9]
[test_sample_01524] [T1x_rxn3167] ❌ 错误 | 原子数：12
  - 正确映射：[ 7  3  4  1 11  8  5  9 10  2  0  6]
  - 预测映射：[ 1  3  4  8 11  7  2 10  9  0  6  5]
[test_sample_01525] [T1x_rxn3168] ❌ 错误 | 原子数：12
  - 正确映射：[ 1  7  4 10  5  3  2  8  0  9  6 11]
  - 预测映射：[10  4  5  3  7  1  8  6  9 11  2  0]
[test_sample_01526] [T1x_rxn3169] ✅ 严格正确 | 原子数：12
[test_sample_01527] [T1x_rxn3170] ✅ 严格正确 | 原子数：12
[test_sample_01528] [T1x_rxn3171] ❌ 错误 | 原子数：12
  - 正确映射：[ 7  2 10  1  5  3  8  4  0  6 11  9]
  - 预测映射：[ 1  2 10  7  5  3  4  0  6 11  8  9]
[test_sample_01529] [T1x_rxn3172] ✅ 严格正确 | 原子数：12
[test_sample_01530] [T1x_rxn3173] ❌ 错误 | 原子数：12
  - 正确映射：[ 7 11  2  0  1  6  5  8  4  3  9 10]
  - 预测映射：[ 7 11  2  0  1  6  4  8  5  3  9 10]
[test_sample_01531] [T1x_rxn3174] ❌ 错误 | 原子数：12
  - 正确映射：[10  3 11  0  9  7  4  1  2  5  6  8]
  - 预测映射：[ 7  9 11  0  3 10  8  6  5  2  4  1]
[test_sample_01532] [T1x_rxn3175] ❌ 错误 | 原子数：12
  - 正确映射：[ 4  8 11  5  0  1  3 10  9  2  7  6]
  - 预测映射：[ 4  8 11  5  0  1 10  9  3  2  7  6]
[test_sample_01533] [T1x_rxn3176] ❌ 错误 | 原子数：12
  - 正确映射：[11  4  3 10  2  9  6  0  8  1  7  5]
  - 预测映射：[10  3  2  9  4 11  6  7  1  8  5  0]
[test_sample_01534] [T1x_rxn9109] ❌ 错误 | 原子数：12
  - 正确映射：[ 1  7  4  2  6  0  9 11  3  8 10  5]
  - 预测映射：[ 1  4  7  2  6  0  5 10  8  3 11  9]
[test_sample_01535] [T1x_rxn0128] ❌ 错误 | 原子数：11
  - 正确映射：[ 9  1  6  7  3  2  5  0  4 10  8]
  - 预测映射：[ 9  1  7  6  3  5  2 10  8  0  4]
[test_sample_01536] [T1x_rxn0129] ❌ 错误 | 原子数：11
  - 正确映射：[ 6  1  5 10  8  7  3  9  0  2  4]
  - 预测映射：[ 6  1 10  5  8  7  3  4  2  0  9]
[test_sample_01537] [T1x_rxn0130] ❌ 错误 | 原子数：11
  - 正确映射：[ 5  1  2  9  3  8  7  0  4 10  6]
  - 预测映射：[ 5  1  9  2  3  7  8 10  6  4  0]
[test_sample_01538] [T1x_rxn1522] ❌ 错误 | 原子数：13
  - 正确映射：[12  8  1  6  9  4  5  3 11 10  0  7  2]
  - 预测映射：[12  8  9  4  1  6  3  5  7 10  0 11  2]
[test_sample_01539] [T1x_rxn1523] ❌ 错误 | 原子数：13
  - 正确映射：[11  9  5  4 12  8  1  0  2 10  7  3  6]
  - 预测映射：[11  9  5  4 12  8  2  1 10  7  6  0  3]
[test_sample_01540] [T1x_rxn1524] ❌ 错误 | 原子数：13
  - 正确映射：[12  0  3 10  6  9  7  4  2  1  5  8 11]
  - 预测映射：[12  0  3 10  6  9  4  7  1  2 11  8  5]
[test_sample_01541] [T1x_rxn9113] ✅ 严格正确 | 原子数：13
[test_sample_01542] [T1x_rxn6570] ❌ 错误 | 原子数：14
  - 正确映射：[ 1  3 13  5  8  7  6 12  9  0 10  4  2 11]
  - 预测映射：[ 1  3 13  5  8  7  6 12  9  0 10  4 11  2]
[test_sample_01543] [T1x_rxn6571] ❌ 错误 | 原子数：14
  - 正确映射：[ 9 11 13  4  5  7  6  8  1 12  3  0 10  2]
  - 预测映射：[ 9 11 13  4  5  7  6  8  1 12  3  0  2 10]
[test_sample_01544] [T1x_rxn6572] ❌ 错误 | 原子数：14
  - 正确映射：[ 7  5 11  8 12  9 10  3  6  1  2 13  4  0]
  - 预测映射：[ 7  5 11  8 12  9 10  6  3  1  2 13  4  0]
[test_sample_01545] [T1x_rxn6573] ❌ 错误 | 原子数：14
  - 正确映射：[ 4 10  7  8  0  3  1  2 12 13  5 11  9  6]
  - 预测映射：[ 4 10  7  1  0  3  8 13 12  2  9  6  5 11]
[test_sample_01546] [T1x_rxn6574] ❌ 错误 | 原子数：14
  - 正确映射：[ 0  7  9  4 10 11  2  1 12  5 13  3  6  8]
  - 预测映射：[ 0  7  9  4 10 11  2  1  3  5 13 12  6  8]
[test_sample_01547] [T1x_rxn6575] ❌ 错误 | 原子数：14
  - 正确映射：[ 9 10 12 13  8  6  3  2  1  4  7  5  0 11]
  - 预测映射：[ 9 10 12 13  8  6  3  1  4  2  7  5  0 11]
[test_sample_01548] [T1x_rxn6576] ✅ 严格正确 | 原子数：14
[test_sample_01549] [T1x_rxn6577] ✅ 严格正确 | 原子数：14
[test_sample_01550] [T1x_rxn6578] ❌ 错误 | 原子数：14
  - 正确映射：[12  2  6 10  9 13  4  3  8  7  5  0  1 11]
  - 预测映射：[12  2  6 10  9 13  4  8  3  7  5  0  1 11]
[test_sample_01551] [T1x_rxn6776] ❌ 错误 | 原子数：14
  - 正确映射：[ 7  0  1  4  8  9  3 11 13 12  6 10  5  2]
  - 预测映射：[ 7  0  1  4  8  9  3 11 13 12  6  2 10  5]
[test_sample_01552] [T1x_rxn6777] ❌ 错误 | 原子数：14
  - 正确映射：[10 12  7  6 13  0  2  3  8 11  1  5  9  4]
  - 预测映射：[10 12  7  6 13  0  2  3  8 11  1  5  4  9]
[test_sample_01553] [T1x_rxn6778] ❌ 错误 | 原子数：14
  - 正确映射：[ 0  6  9  2  5 10 11  7  8 12 13  3  4  1]
  - 预测映射：[ 0  6 10  2 11  9  5  4  7  8 12 13  1  3]
[test_sample_01554] [T1x_rxn6779] ❌ 错误 | 原子数：14
  - 正确映射：[ 4 12  8 10  2  3 11 13  7  5  1  9  0  6]
  - 预测映射：[ 4 12  8 10  2  3 11  1 13  5  7  9  0  6]
[test_sample_01555] [T1x_rxn6780] ✅ 严格正确 | 原子数：14
[test_sample_01556] [T1x_rxn6781] ❌ 错误 | 原子数：14
  - 正确映射：[11 12  9  0 13  5  4  2 10  7  1  8  6  3]
  - 预测映射：[11 12  9  0 13  5  4 10  2  7  8  1  6  3]
[test_sample_01557] [T1x_rxn6782] ❌ 错误 | 原子数：14
  - 正确映射：[13 11  8  3  5  1 12  6  7  0 10  2  4  9]
  - 预测映射：[13 11  1  3 12  8  5  7  0 10  9  4  6  2]
[test_sample_01558] [T1x_rxn6783] ❌ 错误 | 原子数：14
  - 正确映射：[ 4  0  5  9 13 10  6 12  1  3  8  2 11  7]
  - 预测映射：[ 4  0  5  9 13 10  6  2  8  3 12  1 11  7]
[test_sample_01559] [T1x_rxn9752] ❌ 错误 | 原子数：14
  - 正确映射：[ 9  1  5 12  6  7 11  3 10  2  0  4 13  8]
  - 预测映射：[ 9  1  5 12  6  7 11  2  0  3 10  4 13  8]
[test_sample_01560] [T1x_rxn0674] ❌ 错误 | 原子数：12
  - 正确映射：[11  7 10  2  9  5  8  0  4  3  1  6]
  - 预测映射：[11  7 10  2  9  5  0  8  4  6  1  3]
[test_sample_01561] [T1x_rxn0675] ❌ 错误 | 原子数：12
  - 正确映射：[ 2  1  6  0  3  8  9  4 10 11  7  5]
  - 预测映射：[ 2  1  6  0  3  4  8  9 10 11  7  5]
[test_sample_01562] [T1x_rxn0676] ❌ 错误 | 原子数：12
  - 正确映射：[10  1  8  6  7  5  4  0 11  9  3  2]
  - 预测映射：[ 7  1  8  6 10  9  3  2 11  0  5  4]
[test_sample_01563] [T1x_rxn0914] ❌ 错误 | 原子数：12
  - 正确映射：[ 9 10  3  5  0  4  1  8  2  6 11  7]
  - 预测映射：[ 9 10  3  5  0  4  1  8  7  2 11  6]
[test_sample_01564] [T1x_rxn0915] ✅ 严格正确 | 原子数：12
[test_sample_01565] [T1x_rxn0916] ❌ 错误 | 原子数：12
  - 正确映射：[ 5  3  6  2 11  8  9  0  7  4 10  1]
  - 预测映射：[ 5  3  6  2 11  8  0  9  7  1 10  4]
[test_sample_01566] [T1x_rxn0917] ❌ 错误 | 原子数：12
  - 正确映射：[ 0  7  5 10  3 11  8  2  9  1  4  6]
  - 预测映射：[ 0  7  5 10  3 11  8  2  6  9  1  4]
[test_sample_01567] [T1x_rxn1466] ❌ 错误 | 原子数：12
  - 正确映射：[ 3  0  5 10  6 11  9  7  4  1  2  8]
  - 预测映射：[ 3  0  5 10  6  7  1 11  8  4  2  9]
[test_sample_01568] [T1x_rxn1467] ❌ 错误 | 原子数：12
  - 正确映射：[ 5  7 11  6  0  9  8 10  1  4  3  2]
  - 预测映射：[ 5  7 11  6  0 10  8  9  3  2  1  4]
[test_sample_01569] [T1x_rxn1468] ❌ 错误 | 原子数：12
  - 正确映射：[ 4 10  9  1 11  3  6  8  7  2  0  5]
  - 预测映射：[ 4 10  9  1 11  3  2  6  8  7  0  5]
[test_sample_01570] [T1x_rxn1469] ❌ 错误 | 原子数：12
  - 正确映射：[ 6  7  0  9 11  4 10  3  5  2  1  8]
  - 预测映射：[ 6  7  0  9 11  3  5  4 10  2  1  8]
[test_sample_01571] [T1x_rxn1470] ❌ 错误 | 原子数：12
  - 正确映射：[ 8 10  2  6  0  7  5  4  1  3 11  9]
  - 预测映射：[ 8  2 10  6  0  5  7  4 11  9  3  1]
[test_sample_01572] [T1x_rxn1471] ✅ 严格正确 | 原子数：12
[test_sample_01573] [T1x_rxn1472] ❌ 错误 | 原子数：12
  - 正确映射：[ 5  1 11  7  2  9  4  0  6 10  8  3]
  - 预测映射：[ 5  1 11  7  2  9  4  0 10  3  6  8]
[test_sample_01574] [T1x_rxn1782] ❌ 错误 | 原子数：12
  - 正确映射：[11  9  2 10  7  4  0  1  8  6  5  3]
  - 预测映射：[11  9  2 10  7  4  1  0  5  6  8  3]
[test_sample_01575] [T1x_rxn1783] ❌ 错误 | 原子数：12
  - 正确映射：[11  7  9  5  8  6  4  3  2  1 10  0]
  - 预测映射：[11  7  9  5  8  4  6  3  2  1 10  0]
[test_sample_01576] [T1x_rxn2670] ❌ 错误 | 原子数：12
  - 正确映射：[ 3 10  8  2  9  7 11  5  1  4  6  0]
  - 预测映射：[ 2 10  8  3  9  4  0  5  1 11  6  7]
[test_sample_01577] [T1x_rxn2897] ✅ 严格正确 | 原子数：12
[test_sample_01578] [T1x_rxn2898] ❌ 错误 | 原子数：12
  - 正确映射：[ 4  0 10  7  2  9 11  3  1  6  8  5]
  - 预测映射：[ 0  4 10  7  2  3  9  6 11  5  1  8]
[test_sample_01579] [T1x_rxn2899] ❌ 错误 | 原子数：12
  - 正确映射：[ 5  2  4 10  1  6 11  7  8  9  3  0]
  - 预测映射：[ 2  5  4 10  1  8  9  3 11  0  6  7]
[test_sample_01580] [T1x_rxn2900] ❌ 错误 | 原子数：12
  - 正确映射：[ 2  0  3  6  8  4  7 11 10  5  1  9]
  - 预测映射：[ 6  0  3  2  8  1 10  9  5 11  4  7]
[test_sample_01581] [T1x_rxn2901] ❌ 错误 | 原子数：12
  - 正确映射：[ 6 11  3  1  9  5  2  4  8 10  7  0]
  - 预测映射：[ 6  1  3 11  9  4  5 10  2  0  7  8]
[test_sample_01582] [T1x_rxn2902] ❌ 错误 | 原子数：12
  - 正确映射：[ 1  7  3  8  6  5  0 11  9  4 10  2]
  - 预测映射：[ 1  7  3  8  6  4  5  0  9 11 10  2]
[test_sample_01583] [T1x_rxn3578] ❌ 错误 | 原子数：12
  - 正确映射：[ 2  6  8  5  0 10  4 11  9  3  1  7]
  - 预测映射：[ 2  6  8  5  0 10 11  9  4  3  1  7]
[test_sample_01584] [T1x_rxn3579] ❌ 错误 | 原子数：12
  - 正确映射：[ 3  0  7  5  9  8  1 10  4  2  6 11]
  - 预测映射：[ 3  0  7  5  9  8  1 10  4  6  2 11]
[test_sample_01585] [T1x_rxn3580] ❌ 错误 | 原子数：12
  - 正确映射：[ 7  4  3 11  6  2  9  0  5  1  8 10]
  - 预测映射：[ 6  4  3 11  7  8  1 10  2  0  9  5]
[test_sample_01586] [T1x_rxn3581] ❌ 错误 | 原子数：12
  - 正确映射：[11 10  0  8  1  5  3  6  7  9  2  4]
  - 预测映射：[ 1 10  0  8 11  9  4  2  7  3  5  6]
[test_sample_01587] [T1x_rxn3582] ❌ 错误 | 原子数：12
  - 正确映射：[ 3  0  5 10  1 11  6  4  9  2  8  7]
  - 预测映射：[ 1  0  3 10  5  6  7  9  8 11  4  2]
[test_sample_01588] [T1x_rxn3583] ❌ 错误 | 原子数：12
  - 正确映射：[ 8  0 10  5  3  2  4  6  7 11  1  9]
  - 预测映射：[ 8  0 10  5  3  6  4  7  9  1  2 11]
[test_sample_01589] [T1x_rxn4828] ❌ 错误 | 原子数：12
  - 正确映射：[ 6  0 10  3  4  8  9 11  1  2  7  5]
  - 预测映射：[ 6  0 10  3  4  8  9 11  1  7  2  5]
[test_sample_01590] [T1x_rxn4829] ✅ 严格正确 | 原子数：12
[test_sample_01591] [T1x_rxn4830] ❌ 错误 | 原子数：12
  - 正确映射：[11  0  9 10  5  4  6  1  2  8  3  7]
  - 预测映射：[ 9  0 11 10  5  2  8  1  6  4  7  3]
[test_sample_01592] [T1x_rxn4831] ✅ 严格正确 | 原子数：12
[test_sample_01593] [T1x_rxn9035] ❌ 错误 | 原子数：12
  - 正确映射：[ 9  0  7  1 11  3  6  5 10  4  2  8]
  - 预测映射：[ 9  0  1  7 11  5  3  6  4 10  8  2]
[test_sample_01594] [T1x_rxn9144] ❌ 错误 | 原子数：12
  - 正确映射：[ 5 10  8  9  4  6 11  2  3  1  0  7]
  - 预测映射：[ 9 10  8  5  4  3  1  0  2 11  6  7]
[test_sample_01595] [T1x_rxn9282] ❌ 错误 | 原子数：12
  - 正确映射：[10  2  1  3  6  9  4  5 11  0  8  7]
  - 预测映射：[10  2  1  3  6  5  4  7  9  0 11  8]
[test_sample_01596] [T1x_rxn9359] ❌ 错误 | 原子数：12
  - 正确映射：[ 1  7  2 11 10  5  0  9  4  8  6  3]
  - 预测映射：[10  7  2 11  1  4  6  8  3  5  9  0]
[test_sample_01597] [T1x_rxn9471] ❌ 错误 | 原子数：12
  - 正确映射：[ 5 11  6  9  1  2  0  7  4  8 10  3]
  - 预测映射：[ 5 11  6  9  1  0  2  7 10  4  3  8]
[test_sample_01598] [T1x_rxn0648] ❌ 错误 | 原子数：13
  - 正确映射：[ 9  2 11  7 10  4  8  6  5  0  3  1 12]
  - 预测映射：[ 2  9 11  7 10  4 12  0  3  5  8  6  1]
[test_sample_01599] [T1x_rxn0649] ❌ 错误 | 原子数：13
  - 正确映射：[12  2  9  1  8 11  5  4  0  6  3 10  7]
  - 预测映射：[ 2 12  9  1  8 11  3  5  6  0  4 10  7]
[test_sample_01600] [T1x_rxn0650] ❌ 错误 | 原子数：13
  - 正确映射：[ 8 10  6  2 11 12  3  1  9  0  5  4  7]
  - 预测映射：[ 8 10 11  2  6 12  9  1  3  5  0  7  4]
[test_sample_01601] [T1x_rxn0803] ❌ 错误 | 原子数：13
  - 正确映射：[ 2  0  9  6  1 12 10  3  5 11  7  8  4]
  - 预测映射：[ 2  0  9  6  1 12  7 10  5  3 11  8  4]
[test_sample_01602] [T1x_rxn0804] ❌ 错误 | 原子数：13
  - 正确映射：[11  4  2  1  0  7  3  5 12  9  6 10  8]
  - 预测映射：[11  4  2  1  0  7 12  5  6  9  3 10  8]
[test_sample_01603] [T1x_rxn0805] ❌ 错误 | 原子数：13
  - 正确映射：[ 1  3 12  5  9 10  2  6  8  0 11  4  7]
  - 预测映射：[ 1  3 12  5  9 10 11  0  8  4  6  7  2]
[test_sample_01604] [T1x_rxn0806] ❌ 错误 | 原子数：13
  - 正确映射：[ 7 10 12 11  3  9  8  4  5  0  6  1  2]
  - 预测映射：[11 12 10  7  3  9  0  1  4  5  6  8  2]
[test_sample_01605] [T1x_rxn0807] ❌ 错误 | 原子数：13
  - 正确映射：[11  6  1  8  5  9 10  7  0  4  2  3 12]
  - 预测映射：[11  6  1  8  5  9 10  7  0  2  4  3 12]
[test_sample_01606] [T1x_rxn0808] ❌ 错误 | 原子数：13
  - 正确映射：[ 7  5  1  0  2  3 11 10 12  4  8  6  9]
  - 预测映射：[ 7  5  1  0  2  3 11 12 10  4  8  6  9]
[test_sample_01607] [T1x_rxn0844] ❌ 错误 | 原子数：13
  - 正确映射：[ 3  8 10  9  5  0  4 11  7  6  1  2 12]
  - 预测映射：[ 3  9  5  8 10  0  2  7 12 11  4  6  1]
[test_sample_01608] [T1x_rxn0845] ❌ 错误 | 原子数：13
  - 正确映射：[ 3  4  7 11  6  1  5  2 10  9  0  8 12]
  - 预测映射：[ 3  4  7 11  6  1  2  0  5 10  9 12  8]
[test_sample_01609] [T1x_rxn0846] ✅ 严格正确 | 原子数：13
[test_sample_01610] [T1x_rxn0847] ❌ 错误 | 原子数：13
  - 正确映射：[ 3  2  9  0  6 11 10 12  5  7  8  4  1]
  - 预测映射：[ 3  2  9  0  6 11 10 12  5  7  8  1  4]
[test_sample_01611] [T1x_rxn0848] ✅ 严格正确 | 原子数：13
[test_sample_01612] [T1x_rxn0849] ❌ 错误 | 原子数：13
  - 正确映射：[ 6  0  2  5  9 12  3 11  1  8  4 10  7]
  - 预测映射：[ 6  0  2  5  9 12  3 11  8  1  4 10  7]
[test_sample_01613] [T1x_rxn1025] ✅ 严格正确 | 原子数：13
[test_sample_01614] [T1x_rxn1026] ❌ 错误 | 原子数：13
  - 正确映射：[ 1  5  8 11 12  2 10  7  0  9  4  3  6]
  - 预测映射：[ 1  5  8 11 12  2  7  0 10  9  4  3  6]
[test_sample_01615] [T1x_rxn1027] ❌ 错误 | 原子数：13
  - 正确映射：[10  5  6  4  8 11  1  7 12  0  9  2  3]
  - 预测映射：[10  5  6  4  8 11  7  1 12  0  9  2  3]
[test_sample_01616] [T1x_rxn1028] ❌ 错误 | 原子数：13
  - 正确映射：[ 6 10  3  9  5  2  8  4  0 11 12  7  1]
  - 预测映射：[ 6 10  3  9  5  2  8  4 12 11  0  7  1]
[test_sample_01617] [T1x_rxn1029] ❌ 错误 | 原子数：13
  - 正确映射：[ 6 10  7  1  5  2  3  4  8  0 12  9 11]
  - 预测映射：[ 6 10  7  1  5  2  8  3  4  0 12  9 11]
[test_sample_01618] [T1x_rxn1030] ❌ 错误 | 原子数：13
  - 正确映射：[ 2  4  9  5  0 12  1  7  8 10 11  3  6]
  - 预测映射：[ 2  4  9  5  0 12  8  1  7  6 10 11  3]
[test_sample_01619] [T1x_rxn1031] ❌ 错误 | 原子数：13
  - 正确映射：[ 1 11  8 10  7  5  0  6  3  2  9  4 12]
  - 预测映射：[ 1 11  8 10  7  5  3  0  2  4  6 12  9]
[test_sample_01620] [T1x_rxn1032] ❌ 错误 | 原子数：13
  - 正确映射：[ 0  8 12 11  4  1 10  6  2  9  5  3  7]
  - 预测映射：[ 0  4  1  8 11 12 10  6  7  5  3  9  2]
[test_sample_01621] [T1x_rxn1033] ✅ 严格正确 | 原子数：13
[test_sample_01622] [T1x_rxn1672] ✅ 严格正确 | 原子数：13
[test_sample_01623] [T1x_rxn1673] ❌ 错误 | 原子数：13
  - 正确映射：[ 3  6  7  0  1 10  5  8  2  4  9 11 12]
  - 预测映射：[ 3  6  7  0  1 10  8 12  5  2  9  4 11]
[test_sample_01624] [T1x_rxn1674] ❌ 错误 | 原子数：13
  - 正确映射：[ 7  2 10  1  4  3  8  5  9  6 12 11  0]
  - 预测映射：[ 7  2 10  1  4  3  5  8  9 11 12  6  0]
[test_sample_01625] [T1x_rxn1675] ✅ 严格正确 | 原子数：13
[test_sample_01626] [T1x_rxn1676] ❌ 错误 | 原子数：13
  - 正确映射：[ 2  3  7  5  4 12 10  9 11  8  6  0  1]
  - 预测映射：[ 2  3  7  5  4 12  8  9 10 11  6  0  1]
[test_sample_01627] [T1x_rxn1677] ✅ 严格正确 | 原子数：13
[test_sample_01628] [T1x_rxn2520] ❌ 错误 | 原子数：13
  - 正确映射：[11  9  1  3  8  6  4 10  2 12  5  7  0]
  - 预测映射：[11  3  1  9  8  6 10  2  4  5 12  7  0]
[test_sample_01629] [T1x_rxn2521] ❌ 错误 | 原子数：13
  - 正确映射：[ 9  8  0  3  2 11  1 10 12  7  6  5  4]
  - 预测映射：[ 9  8  0  3  2 11  1 10 12  5  7  4  6]
[test_sample_01630] [T1x_rxn2522] ✅ 严格正确 | 原子数：13
[test_sample_01631] [T1x_rxn2523] ❌ 错误 | 原子数：13
  - 正确映射：[ 3  5 11  8  2 12  9  7  1  6  0 10  4]
  - 预测映射：[ 3  5 11  8  2 12  9  1  7  6  0 10  4]
[test_sample_01632] [T1x_rxn2616] ✅ 严格正确 | 原子数：13
[test_sample_01633] [T1x_rxn2617] ✅ 严格正确 | 原子数：13
[test_sample_01634] [T1x_rxn2618] ✅ 严格正确 | 原子数：13
[test_sample_01635] [T1x_rxn2619] ❌ 错误 | 原子数：13
  - 正确映射：[ 7 11  0  4  2 12  1  5  3  9  8  6 10]
  - 预测映射：[ 7 11  0  4  2 12  1  5  3  6  9 10  8]
[test_sample_01636] [T1x_rxn2752] ✅ 严格正确 | 原子数：13
[test_sample_01637] [T1x_rxn2753] ✅ 严格正确 | 原子数：13
[test_sample_01638] [T1x_rxn2754] ❌ 错误 | 原子数：13
  - 正确映射：[ 3 12  7  0  8  2  5  4  1 10 11  6  9]
  - 预测映射：[12  8  7  0  3  2 10  4  9  6  1  5 11]
[test_sample_01639] [T1x_rxn2755] ❌ 错误 | 原子数：13
  - 正确映射：[ 2  7 12 11  8  4  1  3  5 10  6  9  0]
  - 预测映射：[ 8  7 12 11  2  4  6  0  9 10  3  5  1]
[test_sample_01640] [T1x_rxn2756] ❌ 错误 | 原子数：13
  - 正确映射：[ 1  9 11 10  6  3  4  7 12  2  8  0  5]
  - 预测映射：[ 6  9 11 10  1  3  8  0  7  5 12  4  2]
[test_sample_01641] [T1x_rxn2757] ❌ 错误 | 原子数：13
  - 正确映射：[ 4 10  3  8  1  2  7 11  6  5  0  9 12]
  - 预测映射：[ 1 10  3  2  4  8  0  6  9 12 11  7  5]
[test_sample_01642] [T1x_rxn2758] ❌ 错误 | 原子数：13
  - 正确映射：[11  3  1  4  0  9 10  7  2  6 12  5  8]
  - 预测映射：[11  3  1  4  0  9  6 10  2 12  5  7  8]
[test_sample_01643] [T1x_rxn2759] ❌ 错误 | 原子数：13
  - 正确映射：[ 3 10 12  5  1  0  4  6  7  9  8 11  2]
  - 预测映射：[ 3 10 12  5  1  0  4  7  8  9  2 11  6]
[test_sample_01644] [T1x_rxn2883] ✅ 严格正确 | 原子数：13
[test_sample_01645] [T1x_rxn2884] ❌ 错误 | 原子数：13
  - 正确映射：[ 3 11  2  1  9  0  5 10  4 12  8  7  6]
  - 预测映射：[ 3 11  2  1  9  0  5  4 10  7  8  6 12]
[test_sample_01646] [T1x_rxn2885] ❌ 错误 | 原子数：13
  - 正确映射：[ 3  9  1 12 11  6  8  5  7  0  2  4 10]
  - 预测映射：[ 3  9  1 12 11  6  7  8  5  0  2  4 10]
[test_sample_01647] [T1x_rxn2886] ❌ 错误 | 原子数：13
  - 正确映射：[10  8  0  1  9  7  3  2  6  4  5 12 11]
  - 预测映射：[ 7  9  0  1  8 10  3 11  6  4 12  5  2]
[test_sample_01648] [T1x_rxn2887] ❌ 错误 | 原子数：13
  - 正确映射：[ 7  6 12 11  3  9 10  4  5  1  2  0  8]
  - 预测映射：[ 7  6 12 11  3  9  4  2  1  5  0  8 10]
[test_sample_01649] [T1x_rxn2888] ❌ 错误 | 原子数：13
  - 正确映射：[ 4  5 10  6  8  1  0 11  7  2 12  9  3]
  - 预测映射：[ 4 10  5  6  8  1  0  2 12  7 11  9  3]
[test_sample_01650] [T1x_rxn2889] ❌ 错误 | 原子数：13
  - 正确映射：[12  9  5  7  8  6 10  0  2  3  4  1 11]
  - 预测映射：[12  5  9  7  8  6  3  4  2  0 11 10  1]
[test_sample_01651] [T1x_rxn2890] ❌ 错误 | 原子数：13
  - 正确映射：[12  1  6  8  7 11  5  4  2  3  0 10  9]
  - 预测映射：[12  1  6  8  7 11  5  4  3  2  0 10  9]
[test_sample_01652] [T1x_rxn2891] ❌ 错误 | 原子数：13
  - 正确映射：[12  5  9  3  8  1  7  4 10  2  0  6 11]
  - 预测映射：[12  5  8  3  9  1  4  7 10  2 11  6  0]
[test_sample_01653] [T1x_rxn3856] ❌ 错误 | 原子数：13
  - 正确映射：[ 4  3 12  2  6  8 11  5  1  9  7  0 10]
  - 预测映射：[ 4  3 12  2  6  8  9  1  5 11 10  0  7]
[test_sample_01654] [T1x_rxn3857] ❌ 错误 | 原子数：13
  - 正确映射：[ 6  4  7  9  2  1 12  0  3 10 11  8  5]
  - 预测映射：[ 6  4  7  9  2  1 12  0 10  3  5  8 11]
[test_sample_01655] [T1x_rxn3858] ✅ 严格正确 | 原子数：13
[test_sample_01656] [T1x_rxn9010] ❌ 错误 | 原子数：13
  - 正确映射：[ 0  5 12  8  7  4 10  2  1  6 11  9  3]
  - 预测映射：[ 0  5  7  8 12  4  2  6  1 11 10  3  9]
[test_sample_01657] [T1x_rxn9025] ❌ 错误 | 原子数：13
  - 正确映射：[ 9  0  5  7  1  2 10  4  8 12  6 11  3]
  - 预测映射：[ 9  0  5  7  1  2 10  4  8 12  6  3 11]
[test_sample_01658] [T1x_rxn9026] ❌ 错误 | 原子数：13
  - 正确映射：[ 2  1  0  6  3 12  5 11  9  8  4 10  7]
  - 预测映射：[ 2  1  0  6  3 12 11  9  5  8  4 10  7]
[test_sample_01659] [T1x_rxn9030] ❌ 错误 | 原子数：13
  - 正确映射：[ 6  0  3 10 12  8  5  4  1  2 11  9  7]
  - 预测映射：[ 6  0  3 10 12  8  1  5  4  9  2 11  7]
[test_sample_01660] [T1x_rxn9031] ❌ 错误 | 原子数：13
  - 正确映射：[ 7  5 12  1 11  8  6  9  0  4 10  3  2]
  - 预测映射：[ 7  1 11  5 12  8  4  0  9  6  2  3 10]
[test_sample_01661] [T1x_rxn9049] ❌ 错误 | 原子数：13
  - 正确映射：[ 8  2  9  7  5  1 12  6  3  0 10  4 11]
  - 预测映射：[ 8  2  9  5  7  1 11 12 10  6  3  0  4]
[test_sample_01662] [T1x_rxn9050] ❌ 错误 | 原子数：13
  - 正确映射：[ 9  4  5  7  3 10  8  1  2  0 12 11  6]
  - 预测映射：[ 9  4  5  3  7 10  6  8 12  1  2  0 11]
[test_sample_01663] [T1x_rxn9051] ❌ 错误 | 原子数：13
  - 正确映射：[ 7  6  3 10  1 12  9  4  8  2  5 11  0]
  - 预测映射：[ 7  6  3 10  1 12  4  9  8  2  5 11  0]
[test_sample_01664] [T1x_rxn9132] ❌ 错误 | 原子数：13
  - 正确映射：[ 7  6  4  2  1  9  5  3  8 11 12  0 10]
  - 预测映射：[ 7  6  4  2  1  9  8  3  5 11 12 10  0]
[test_sample_01665] [T1x_rxn9254] ❌ 错误 | 原子数：13
  - 正确映射：[ 9 12  6  3  8  2  0  4  7 11  5 10  1]
  - 预测映射：[ 9 12  6  3  8  2  0  7  4  5 11 10  1]
[test_sample_01666] [T1x_rxn9266] ❌ 错误 | 原子数：13
  - 正确映射：[ 1  9  2 10  0  6 11 12  3  7  8  4  5]
  - 预测映射：[ 1  9  2 10  0  6 11  3 12  7  8  4  5]
[test_sample_01667] [T1x_rxn9267] ✅ 严格正确 | 原子数：13
[test_sample_01668] [T1x_rxn9280] ❌ 错误 | 原子数：13
  - 正确映射：[ 1  9  3  2  7  6  5  4  8 11  0 12 10]
  - 预测映射：[ 1  9  3  2  7  6  5  8  4 11  0 12 10]
[test_sample_01669] [T1x_rxn0436] ❌ 错误 | 原子数：11
  - 正确映射：[ 6  1  4  3  5  2  0  9 10  7  8]
  - 预测映射：[ 4  1  6  8  2 10  7  9  5  0  3]
[test_sample_01670] [T1x_rxn0437] ❌ 错误 | 原子数：11
  - 正确映射：[ 3  8  6  5  0  7  2 10  1  4  9]
  - 预测映射：[ 3  8  6 10  5  0  7  2  9  4  1]
[test_sample_01671] [T1x_rxn4002] ❌ 错误 | 原子数：14
  - 正确映射：[ 3 11 10 12  6  0  7  1  5  4  9 13  8  2]
  - 预测映射：[ 3 11 10 12  6  0  5  4  7  1  9  8 13  2]
[test_sample_01672] [T1x_rxn4003] ❌ 错误 | 原子数：14
  - 正确映射：[ 0  3  5 10  7 11  8  1  2  9 12 13  6  4]
  - 预测映射：[ 0  3  5 10  7 11  8  1  2  9  6 13  4 12]
[test_sample_01673] [T1x_rxn4004] ❌ 错误 | 原子数：14
  - 正确映射：[ 1 10  0  6  8 11 13  2 12  5  7  3  4  9]
  - 预测映射：[11  8  0  6 10  1  4  9  7  3 12  2  5 13]
[test_sample_01674] [T1x_rxn4005] ❌ 错误 | 原子数：14
  - 正确映射：[ 2  4 11  0  9  3 13 12 10  7  8  6  5  1]
  - 预测映射：[ 3  9 11  0  4  2  6  1  5  8  7 12 13 10]
[test_sample_01675] [T1x_rxn4060] ✅ 严格正确 | 原子数：14
[test_sample_01676] [T1x_rxn4061] ❌ 错误 | 原子数：14
  - 正确映射：[ 2 13  9  1  7  3 12  8  4  0  5 11 10  6]
  - 预测映射：[ 9 13  2  1  7  3  0 11  5 12  4  8 10  6]
[test_sample_01677] [T1x_rxn4062] ❌ 错误 | 原子数：14
  - 正确映射：[ 7  5  6 11  0 10 12 13  3  1  9  2  8  4]
  - 预测映射：[ 6 10  7 11  0  5  8  9  1 12  4  2  3 13]
[test_sample_01678] [T1x_rxn4063] ✅ 严格正确 | 原子数：14
[test_sample_01679] [T1x_rxn6587] ❌ 错误 | 原子数：15
  - 正确映射：[ 0  2  9 10  5 13  3 14 12  6  8  7  4  1 11]
  - 预测映射：[ 0  2  9 10  5 13  3 14 12  6  7  8  4  1 11]
[test_sample_01680] [T1x_rxn6588] ❌ 错误 | 原子数：15
  - 正确映射：[ 4 10 12  1 13  6  5  0 14  9  8  7  2  3 11]
  - 预测映射：[ 4 10 12  1 13  6  5  0 14  7  8  9  2  3 11]
[test_sample_01681] [T1x_rxn6589] ✅ 严格正确 | 原子数：15
[test_sample_01682] [T1x_rxn6590] ✅ 严格正确 | 原子数：15
[test_sample_01683] [T1x_rxn9727] ❌ 错误 | 原子数：15
  - 正确映射：[11 14  3  5  9 10 13  6  4 12  0  2  1  8  7]
  - 预测映射：[11 14  3  5  9 10 13  6  4  7 12  2  1  0  8]
[test_sample_01684] [T1x_rxn9728] ❌ 错误 | 原子数：15
  - 正确映射：[ 4  0  1  9  8 12 13  7 14  2  5  3 11 10  6]
  - 预测映射：[ 4  0  1  9  8 12 13  7  6 14  3  2  5 11 10]
[test_sample_01685] [T1x_rxn0926] ❌ 错误 | 原子数：12
  - 正确映射：[ 1  8  5  7  9 10 11  0  4  2  3  6]
  - 预测映射：[ 1  8  5  7 11 10  9  4  0  3  2  6]
[test_sample_01686] [T1x_rxn0927] ❌ 错误 | 原子数：12
  - 正确映射：[ 2  5 10  1  7  0  3  8  9  4 11  6]
  - 预测映射：[ 2  5 10  1  7  3  0 11  9  4  8  6]
[test_sample_01687] [T1x_rxn0928] ❌ 错误 | 原子数：12
  - 正确映射：[ 0  4  1 10  2  9 11  3  5  8  6  7]
  - 预测映射：[ 4  1  0 10  5  6 11  3  8  9  2  7]
[test_sample_01688] [T1x_rxn1481] ❌ 错误 | 原子数：12
  - 正确映射：[ 2  6  9  1  0  4  5  7 10  3  8 11]
  - 预测映射：[ 6  2  9  1 11 10  7  4  8  5  3  0]
[test_sample_01689] [T1x_rxn1482] ❌ 错误 | 原子数：12
  - 正确映射：[10  0  6  9 11  5  1  4  7  3  8  2]
  - 预测映射：[ 0  6 10  9  2  3  8  1  5 11  7  4]
[test_sample_01690] [T1x_rxn1483] ✅ 严格正确 | 原子数：12
[test_sample_01691] [T1x_rxn1484] ❌ 错误 | 原子数：12
  - 正确映射：[ 3  6  0  7  4 11  5 10  9  8  2  1]
  - 预测映射：[ 3  0  6  7  8  4  1  5 11  2 10  9]
[test_sample_01692] [T1x_rxn1485] ❌ 错误 | 原子数：12
  - 正确映射：[ 4  9  6  2  3  0 11  1  8  5  7 10]
  - 预测映射：[ 4  9  6  2 10  3  1  0 11  8  7  5]
[test_sample_01693] [T1x_rxn3242] ❌ 错误 | 原子数：12
  - 正确映射：[ 4 11  0 10  6  5  9  1  7  3  2  8]
  - 预测映射：[ 4 11  0 10  6  5  9  1  7  8  3  2]
[test_sample_01694] [T1x_rxn3243] ❌ 错误 | 原子数：12
  - 正确映射：[ 7 10  2  0  5  6  9 11  3  8  4  1]
  - 预测映射：[ 7  0  2 10 11  5  6  8  9  4  1  3]
[test_sample_01695] [T1x_rxn9036] ❌ 错误 | 原子数：12
  - 正确映射：[ 3  6  4  9 11  0  5 10  1  7  8  2]
  - 预测映射：[ 3  6  4  9  0 11  5  7  8 10  1  2]
[test_sample_01696] [T1x_rxn9319] ❌ 错误 | 原子数：12
  - 正确映射：[ 0 10  2  5  3 11  6  7  1  9  8  4]
  - 预测映射：[10  0  2  5  1  3  7 11  6  9  8  4]
[test_sample_01697] [T1x_rxn0002] ❌ 错误 | 原子数：13
  - 正确映射：[ 2  1 10  7  0  3 11  5  6 12  8  4  9]
  - 预测映射：[ 2  0  7 10  1  5  9  3  4  8 12  6 11]
[test_sample_01698] [T1x_rxn0003] ❌ 错误 | 原子数：13
  - 正确映射：[10  8  3 11  0  9  4  2 12  7  1  5  6]
  - 预测映射：[10  8  3 11  0  2  4  9  6  5  1  7 12]
[test_sample_01699] [T1x_rxn0004] ❌ 错误 | 原子数：13
  - 正确映射：[ 6 11 10  0  5  8  7  2  1  9  3 12  4]
  - 预测映射：[ 0  5 10  6 11 12  3  9  4  1  8  7  2]
[test_sample_01700] [T1x_rxn0005] ✅ 严格正确 | 原子数：13
[test_sample_01701] [T1x_rxn0006] ❌ 错误 | 原子数：13
  - 正确映射：[ 1  9  5  2  8 12  0  4  3 10  7  6 11]
  - 预测映射：[ 2  9  5  1  8  6 10  7  4  0 12 11  3]
[test_sample_01702] [T1x_rxn0575] ❌ 错误 | 原子数：13
  - 正确映射：[12  6  4 11  2  3  1 10  9  7  5  8  0]
  - 预测映射：[12 11  6  4  2  3  5  0 10  8  9  7  1]
[test_sample_01703] [T1x_rxn0576] ✅ 严格正确 | 原子数：13
[test_sample_01704] [T1x_rxn0577] ❌ 错误 | 原子数：13
  - 正确映射：[ 7  9 11  5  3 10  4  6  2 12  8  0  1]
  - 预测映射：[ 3  5 11  9  7  8  0 10  2 12  6  4  1]
[test_sample_01705] [T1x_rxn0578] ❌ 错误 | 原子数：13
  - 正确映射：[ 7 11  9 12  0  3  4  2 10  6  1  8  5]
  - 预测映射：[ 0  9 11 12  7  1  6 10  2  4  5  3  8]
[test_sample_01706] [T1x_rxn0579] ❌ 错误 | 原子数：13
  - 正确映射：[11 10  4  7  1  0  5  9  3  8 12  2  6]
  - 预测映射：[11  4  7 10  1  9  2  8 12  3  5  6  0]
[test_sample_01707] [T1x_rxn0580] ❌ 错误 | 原子数：13
  - 正确映射：[ 8  6  9  4 12  0  5 10  1  3 11  2  7]
  - 预测映射：[ 8  6  9  4 12  5  3 10  1  2 11  7  0]
[test_sample_01708] [T1x_rxn1546] ❌ 错误 | 原子数：13
  - 正确映射：[12  9  8  1  2  5  7  0  6  3  4 11 10]
  - 预测映射：[12  9  8  1  2  7 11  5  0  3  6  4 10]
[test_sample_01709] [T1x_rxn1547] ❌ 错误 | 原子数：13
  - 正确映射：[ 6 12  5  4  9  2  1  0 10  7 11  3  8]
  - 预测映射：[ 6 12  5  4  9  1  2  0 11  7 10  3  8]
[test_sample_01710] [T1x_rxn1548] ❌ 错误 | 原子数：13
  - 正确映射：[ 9 11  1 10  7  8 12  5  4  2  6  3  0]
  - 预测映射：[ 9 10  1 11  7  5  8 12  3  4  0  6  2]
[test_sample_01711] [T1x_rxn1549] ❌ 错误 | 原子数：13
  - 正确映射：[ 9  8 10  1  3 12  2  7  5  4 11  6  0]
  - 预测映射：[ 9  8 10  1  3  2 12  7  4  0  5 11  6]
[test_sample_01712] [T1x_rxn1550] ❌ 错误 | 原子数：13
  - 正确映射：[ 5 10  7  0 12  9  3 11  6  1  2  8  4]
  - 预测映射：[ 5 10  7  0 12 11  3  9  8  2  1  6  4]
[test_sample_01713] [T1x_rxn1551] ❌ 错误 | 原子数：13
  - 正确映射：[10  4 12  0  3  9  8  2  1  7 11  5  6]
  - 预测映射：[10  4 12  0  3  9  2  7  1 11  8  5  6]
[test_sample_01714] [T1x_rxn9120] ❌ 错误 | 原子数：13
  - 正确映射：[ 3  5  6 12  2  1  0 11 10  7  8  9  4]
  - 预测映射：[ 3  5  6 12  2  0  4  1 11 10  8  7  9]
[test_sample_01715] [T1x_rxn4532] ❌ 错误 | 原子数：14
  - 正确映射：[11  3 13  5  6  1  9  0 10  2  4  8 12  7]
  - 预测映射：[ 1  6  3  5 13 11  7 12  8  0 10  9  2  4]
[test_sample_01716] [T1x_rxn4533] ❌ 错误 | 原子数：14
  - 正确映射：[11  8  4 13  0  6  7  1  3 12  2 10  5  9]
  - 预测映射：[11  8  0  6  4 13  3  7  2  5  1 10 12  9]
[test_sample_01717] [T1x_rxn4534] ❌ 错误 | 原子数：14
  - 正确映射：[ 1  8  3  5  6 10 13 11  2  0  4 12  9  7]
  - 预测映射：[ 1  8  3  5  6 10 11  2 13  0  4 12  9  7]
[test_sample_01718] [T1x_rxn2586] ❌ 错误 | 原子数：5
  - 正确映射：[2 3 4 1 0]
  - 预测映射：[2 4 3 1 0]
[test_sample_01719] [T1x_rxn2587] ✅ 严格正确 | 原子数：5
[test_sample_01720] [T1x_rxn9249] ❌ 错误 | 原子数：5
  - 正确映射：[0 4 3 2 1]
  - 预测映射：[4 0 3 2 1]
[test_sample_01721] [T1x_rxn6218] ✅ 严格正确 | 原子数：8
[test_sample_01722] [T1x_rxn6219] ✅ 严格正确 | 原子数：8
[test_sample_01723] [T1x_rxn0108] ✅ 严格正确 | 原子数：7
[test_sample_01724] [T1x_rxn0109] ✅ 严格正确 | 原子数：7
[test_sample_01725] [T1x_rxn0110] ✅ 严格正确 | 原子数：7
[test_sample_01726] [T1x_rxn8946] ✅ 严格正确 | 原子数：7
[test_sample_01727] [T1x_rxn2922] ❌ 错误 | 原子数：6
  - 正确映射：[2 5 4 0 3 1]
  - 预测映射：[2 5 3 1 4 0]
[test_sample_01728] [T1x_rxn2923] ✅ 严格正确 | 原子数：6
[test_sample_01729] [T1x_rxn9285] ❌ 错误 | 原子数：6
  - 正确映射：[3 4 2 1 0 5]
  - 预测映射：[3 2 4 1 0 5]
[test_sample_01730] [T1x_rxn2978] ❌ 错误 | 原子数：14
  - 正确映射：[ 8 12  1  0  6  3 10 11  4 13  7  2  5  9]
  - 预测映射：[ 0 12  8  1  9  5  2 11 10  3  6  4 13  7]
[test_sample_01731] [T1x_rxn2979] ❌ 错误 | 原子数：14
  - 正确映射：[ 9  4  3 13 12  7 11  0  6  2  8  5 10  1]
  - 预测映射：[13  4  3  9 10  1  5  0  2  6  8 12  7 11]
[test_sample_01732] [T1x_rxn2980] ✅ 严格正确 | 原子数：14
[test_sample_01733] [T1x_rxn8295] ✅ 严格正确 | 原子数：17
[test_sample_01734] [T1x_rxn8296] ✅ 严格正确 | 原子数：17
[test_sample_01735] [T1x_rxn8297] ❌ 错误 | 原子数：17
  - 正确映射：[12  5  2  7 13 14 11  1  9 15 16  6  4 10  0  3  8]
  - 预测映射：[12  5  2  7 13 14 11 15  1  9 16  6  4 10  0  3  8]
[test_sample_01736] [T1x_rxn8298] ❌ 错误 | 原子数：17
  - 正确映射：[ 8  6  9  4  7 11 10  0 14 13  3  5 16  1 15 12  2]
  - 预测映射：[ 9  6 10  4  7 11  8 12 16  3 15  2  1  5 14  0 13]
[test_sample_01737] [T1x_rxn9963] ❌ 错误 | 原子数：17
  - 正确映射：[10 14 15  7 12 13  3  0 16  1  8  5  2  4  6  9 11]
  - 预测映射：[10 14 15  7 12 13  3 16  1  0  8  5  2  4  6  9 11]
[test_sample_01738] [T1x_rxn1243] ❌ 错误 | 原子数：15
  - 正确映射：[11  0 10  8  9  3  4 12 13  5  7  2  6  1 14]
  - 预测映射：[11  0  8 10  9  6  4 14  1  3  2  7 13  5 12]
[test_sample_01739] [T1x_rxn1709] ❌ 错误 | 原子数：15
  - 正确映射：[ 4 13 10  1 14  2 11  8  7  0  6  9  5 12  3]
  - 预测映射：[ 4 13 10  1 14  0  2 11  7  8 12  9  5  6  3]
[test_sample_01740] [T1x_rxn1710] ❌ 错误 | 原子数：15
  - 正确映射：[ 9  5  2  8 14  1  6 13 12 11  0  7  3  4 10]
  - 预测映射：[ 9  5  2  8 14  7  6 13 11  1  4  0  3 12 10]
[test_sample_01741] [T1x_rxn1711] ❌ 错误 | 原子数：15
  - 正确映射：[14  9 12  0 10  2  1  7  5 11 13  4  3  8  6]
  - 预测映射：[ 9 12 14  0 10  7  1 11  5  4  6  2  3  8 13]
[test_sample_01742] [T1x_rxn2592] ❌ 错误 | 原子数：15
  - 正确映射：[ 0  1  8 10  4  2  7  3  6 13  5  9 11 12 14]
  - 预测映射：[ 0  1  8 10  4  2  6  7 12  5  9 13  3 11 14]
[test_sample_01743] [T1x_rxn2593] ❌ 错误 | 原子数：15
  - 正确映射：[ 8  6  7 14  9  4 10 12  2 13  5  3  1 11  0]
  - 预测映射：[ 7  6  8 14  9 13  3  1  4 11 12 10  2  5  0]
[test_sample_01744] [T1x_rxn3631] ❌ 错误 | 原子数：15
  - 正确映射：[ 5  4  1  3  6  0 14  2  7 13  9 10  8 12 11]
  - 预测映射：[ 5  4  1  3  6  7 14  2  0 13  9  8 10 12 11]
[test_sample_01745] [T1x_rxn3632] ✅ 严格正确 | 原子数：15
[test_sample_01746] [T1x_rxn3633] ❌ 错误 | 原子数：15
  - 正确映射：[ 1  3  0 12  4  6  2 11  9 13  7  5 14  8 10]
  - 预测映射：[12  0  1  3  4  8  5 14  7 13 10  9 11  2  6]
[test_sample_01747] [T1x_rxn3634] ✅ 严格正确 | 原子数：15
[test_sample_01748] [T1x_rxn3669] ❌ 错误 | 原子数：15
  - 正确映射：[14  8  5  6  3  9  4 13 11  2 10  0  7  1 12]
  - 预测映射：[14  8  5  6  3 13 10  9  2  0  4 11  7  1 12]
[test_sample_01749] [T1x_rxn3670] ❌ 错误 | 原子数：15
  - 正确映射：[ 7  4  1 13  6 10 14  3  0  5  2  8 11  9 12]
  - 预测映射：[ 7  4  1 13  6 10 14  3  0  5  2  8 12 11  9]
[test_sample_01750] [T1x_rxn3800] ❌ 错误 | 原子数：15
  - 正确映射：[ 5 11  2  8  4 14 13  7  6 12  1 10  9  3  0]
  - 预测映射：[ 4 11  2  8  5  9  3  0  6 10 12  1 14 13  7]
[test_sample_01751] [T1x_rxn3801] ❌ 错误 | 原子数：15
  - 正确映射：[ 2  3 14  4  6 13  7  9 10  8 11  5  1  0 12]
  - 预测映射：[ 6  3 14  2  4 12  1  0 10 13  7  9 11  5  8]
[test_sample_01752] [T1x_rxn3802] ❌ 错误 | 原子数：15
  - 正确映射：[ 5 10 14  1  7 13  4  9  6 11 12  3  0  8  2]
  - 预测映射：[ 5 10 14  1  7  9 13  4  6 11 12  3  0  8  2]
[test_sample_01753] [T1x_rxn4206] ❌ 错误 | 原子数：15
  - 正确映射：[ 3  7  2  0 10  9 12  4  6 13  5 11  8  1 14]
  - 预测映射：[10  0  2  7  3  8  1  5 11  6 14  4 13 12  9]
[test_sample_01754] [T1x_rxn4207] ❌ 错误 | 原子数：15
  - 正确映射：[12  0  4  7 10  3  8 11  5 13  2  1  6  9 14]
  - 预测映射：[12  0  4  7 10  5  8 11 13  3  2  1  6  9 14]
[test_sample_01755] [T1x_rxn9076] ❌ 错误 | 原子数：15
  - 正确映射：[13  5  1  3  4  9  7  0 14  2 12 10 11  8  6]
  - 预测映射：[13  5  3  1  4  7  9  0 12 11  8 14 10  2  6]
[test_sample_01756] [T1x_rxn9366] ❌ 错误 | 原子数：15
  - 正确映射：[ 8  3  2  1 13 11  5  4  6 10  7  9 12  0 14]
  - 预测映射：[ 8  3  2  1 13  4  5  6  9 10 11  0 12  7 14]
[test_sample_01757] [T1x_rxn9367] ❌ 错误 | 原子数：15
  - 正确映射：[ 9 11  3  1  6  0  4  8  5  7 13  2 14 12 10]
  - 预测映射：[ 1  9  3 11  6 12 14  2  4 13  5  8  0  7 10]
[test_sample_01758] [T1x_rxn9368] ❌ 错误 | 原子数：15
  - 正确映射：[ 9 10  6  5  4  2 13 12  0  3  1 11 14  7  8]
  - 预测映射：[ 9 10  6  5  4 12  2 13 11  0  1  7 14  8  3]
[test_sample_01759] [T1x_rxn9369] ❌ 错误 | 原子数：15
  - 正确映射：[ 5  6 11  9 14  1  4  0 10  7 12 13  2  3  8]
  - 预测映射：[ 5 11  9  6 14  8  1  4  0 12  3  7 10  2 13]
[test_sample_01760] [T1x_rxn9373] ❌ 错误 | 原子数：15
  - 正确映射：[13  0  1 12  8  9  6 14  7  5  4 11  3 10  2]
  - 预测映射：[ 0 13  1 12  8  6 14  5  9  4  7  3 11 10  2]
[test_sample_01761] [T1x_rxn9386] ❌ 错误 | 原子数：15
  - 正确映射：[ 8  7 13  5 14 10  6 12  3  4  1  9 11  0  2]
  - 预测映射：[14  7 13  8  5  0  2  3 11 12  6 10  1  4  9]
[test_sample_01762] [T1x_rxn0933] ❌ 错误 | 原子数：16
  - 正确映射：[ 6  0  9 13  1 15 10  8  3  2 14 12  4 11  5  7]
  - 预测映射：[15  1 13  6  0  9 11  7  5  4 14  3 12 10  8  2]
[test_sample_01763] [T1x_rxn1020] ❌ 错误 | 原子数：16
  - 正确映射：[12 15  9  6  4  5  8 13  1  0 10  3  7  2 11 14]
  - 预测映射：[12 15  9  6  4  5  8 13  1  0 10  3  7 11  2 14]
[test_sample_01764] [T1x_rxn1021] ❌ 错误 | 原子数：16
  - 正确映射：[ 5  7  3 13 15 14 11 10  8  1  4  6  2 12  0  9]
  - 预测映射：[ 3  7 15 14  5 13  4  9 12  6  1  0  2  8 10 11]
[test_sample_01765] [T1x_rxn1022] ❌ 错误 | 原子数：16
  - 正确映射：[10 15  6 11 12  2 13  1  4  9  8  3  5 14  0  7]
  - 预测映射：[10 15  6 11 12  2  4 13  1  8  3  5  9 14  0  7]
[test_sample_01766] [T1x_rxn1023] ❌ 错误 | 原子数：16
  - 正确映射：[11 10  3  4  2  7 14 15  5  8  9  0  1  6 13 12]
  - 预测映射：[11 10  3  4  2  7 14  5  9 15  8  0  1  6 13 12]
[test_sample_01767] [T1x_rxn1024] ✅ 严格正确 | 原子数：16
[test_sample_01768] [T1x_rxn2919] ❌ 错误 | 原子数：16
  - 正确映射：[12  3 11  0 13 14 15  2  7  6  9  5  1  8 10  4]
  - 预测映射：[13  0 14  3 12 11 10  8  1  2  5  6  7 15  9  4]
[test_sample_01769] [T1x_rxn2920] ❌ 错误 | 原子数：16
  - 正确映射：[ 7  1  2  5  3 10  6 14 15 11  8  9  4 13 12  0]
  - 预测映射：[ 3  5  2  1  7 10 12  9  4 11 13  0 14 15  6  8]
[test_sample_01770] [T1x_rxn2921] ❌ 错误 | 原子数：16
  - 正确映射：[11  8  1 12  3  5 13 14  6  2  7 15  4  0 10  9]
  - 预测映射：[ 3  8  1 12 11  5  9 10  4  2  0 15  6 13 14  7]
[test_sample_01771] [T1x_rxn3051] ❌ 错误 | 原子数：16
  - 正确映射：[10 15  4 11  2  7 13 14  5  8  0 12  9  3  1  6]
  - 预测映射：[10  7  4  2 11 15  5 13  6  8 14  3  1 12  9  0]
[test_sample_01772] [T1x_rxn3052] ❌ 错误 | 原子数：16
  - 正确映射：[14 15  3 10  2  9 13  7  1 12  6  8  4  0 11  5]
  - 预测映射：[14 15  3 10  2  9  1  7 13  5  6  4  8 11  0 12]
[test_sample_01773] [T1x_rxn3053] ❌ 错误 | 原子数：16
  - 正确映射：[13 12 14  3 10  2  1  0 15  7  6 11  4  9  8  5]
  - 预测映射：[13 12 14  3 10  2  4  0  1  7  6 11 15  9  8  5]
[test_sample_01774] [T1x_rxn3054] ❌ 错误 | 原子数：16
  - 正确映射：[10  3 11  5  2 15 14  8 12  6  7  4  0  9 13  1]
  - 预测映射：[10  3 11  5  2 15 12  8 14  6  7  4  0 13  1  9]
[test_sample_01775] [T1x_rxn3055] ❌ 错误 | 原子数：16
  - 正确映射：[ 1  7  3  8  9  5 11  0  6 10  2 14  4 13 12 15]
  - 预测映射：[ 9  5  3  8  1  7 10 12 13 15 14  4  2  6 11  0]
[test_sample_01776] [T1x_rxn3056] ❌ 错误 | 原子数：16
  - 正确映射：[ 5  6 14  1 10 13  8  3 11  4  9  0  2 12  7 15]
  - 预测映射：[ 5  6 14  1 10 13 11  3 15  4  8  0  9 12  2  7]
[test_sample_01777] [T1x_rxn3057] ❌ 错误 | 原子数：16
  - 正确映射：[ 6  1 11  4  0  7  2  8 12 10 13 14 15  3  5  9]
  - 预测映射：[ 6  1 11  4  0  7 10  2  8 13 14 15  3  5  9 12]
[test_sample_01778] [T1x_rxn3058] ❌ 错误 | 原子数：16
  - 正确映射：[15 12  7 13  2  1 14  4  5  8 10  0 11  9  6  3]
  - 预测映射：[ 7 12  2 13 15  1 10 11  8 14  0  6  9  3  5  4]
[test_sample_01779] [T1x_rxn3059] ❌ 错误 | 原子数：16
  - 正确映射：[10  4  1  7  6  3  9  8 14  0  5 13 12 15  2 11]
  - 预测映射：[ 6  3  1  7 10  4 11  2 15  5 12 13  0  9  8 14]
[test_sample_01780] [T1x_rxn3060] ❌ 错误 | 原子数：16
  - 正确映射：[ 0 11  6  2 12 15  7 10  9  5  4  3 14 13  1  8]
  - 预测映射：[ 0 11  2 12  6 15 14  7  9  4  3 13  1  5  8 10]
[test_sample_01781] [T1x_rxn3257] ✅ 严格正确 | 原子数：16
[test_sample_01782] [T1x_rxn3258] ❌ 错误 | 原子数：16
  - 正确映射：[11  8  2 13 12  1  9  4 15  3  6 10  7  5 14  0]
  - 预测映射：[11  8  2 13 12  1  9  4 15  3  6  0 10  5 14  7]
[test_sample_01783] [T1x_rxn3505] ✅ 严格正确 | 原子数：16
[test_sample_01784] [T1x_rxn3506] ❌ 错误 | 原子数：16
  - 正确映射：[ 2  5  0 14  9  1  7  4 11  6 12 15  3  8 13 10]
  - 预测映射：[ 0  5  2 14  9  1 12 15  6 11 13  7  8  3  4 10]
[test_sample_01785] [T1x_rxn3507] ❌ 错误 | 原子数：16
  - 正确映射：[13  4  3  7 15  8 10  5  1 11 12  9  2 14  0  6]
  - 预测映射：[ 3  4 13  7 15  8  9 12 11  1  5 10 14  2  0  6]
[test_sample_01786] [T1x_rxn3508] ❌ 错误 | 原子数：16
  - 正确映射：[ 4  5  2  6 14  7 13 10 15  0  1  3  8  9 12 11]
  - 预测映射：[ 5  2  4  7 14  6  9 12 13 15  0  1  3 11 10  8]
[test_sample_01787] [T1x_rxn3509] ❌ 错误 | 原子数：16
  - 正确映射：[ 2 12 13  8  9 14 15  6  5 10  0 11  1  4  3  7]
  - 预测映射：[ 2 12  9 14 13  8  6  5  0 10  3  7  4 15 11  1]
[test_sample_01788] [T1x_rxn3546] ❌ 错误 | 原子数：16
  - 正确映射：[ 5  8 13  9  7  6 15  4  1 10  2 11  3 14 12  0]
  - 预测映射：[ 5  8 13  9  7  6 15  4  1 10  0 11  3 14 12  2]
[test_sample_01789] [T1x_rxn3547] ✅ 严格正确 | 原子数：16
[test_sample_01790] [T1x_rxn3548] ✅ 严格正确 | 原子数：16
[test_sample_01791] [T1x_rxn3549] ✅ 严格正确 | 原子数：16
[test_sample_01792] [T1x_rxn3550] ❌ 错误 | 原子数：16
  - 正确映射：[ 3 11 12 13  2 14  7 10  0  1  9  4  8 15  6  5]
  - 预测映射：[ 2 13 14 11  3 12  6  4 15  5  9  8  1  0 10  7]
[test_sample_01793] [T1x_rxn3551] ❌ 错误 | 原子数：16
  - 正确映射：[13  6 10 11 14  8  1  7 15  3  5  9  2  4 12  0]
  - 预测映射：[13  6 10 11 14  8  1  7 15  3  5  9  2  0 12  4]
[test_sample_01794] [T1x_rxn3773] ❌ 错误 | 原子数：16
  - 正确映射：[ 4  5 15  9 13 12  6 11  1  0  2 10  8  3 14  7]
  - 预测映射：[ 4  5 15 13  9 12  1  6 11  0 14  3  7 10  2  8]
[test_sample_01795] [T1x_rxn3774] ❌ 错误 | 原子数：16
  - 正确映射：[ 0 10  3 14 11 12  9 15  4  1  7  6  8  5 13  2]
  - 预测映射：[ 0 10  3 14 11 12  9 15  4  7  1  8 13  5  6  2]
[test_sample_01796] [T1x_rxn3775] ❌ 错误 | 原子数：16
  - 正确映射：[14  0  6 13  8  1  4  2  7 12 15  9 11  5 10  3]
  - 预测映射：[14  1  8 13  6  0  4 11  7  5 10  9  3 12 15  2]
[test_sample_01797] [T1x_rxn3776] ❌ 错误 | 原子数：16
  - 正确映射：[ 7 15  0  9 11  6  4  8  1 12 14 10  3 13  2  5]
  - 预测映射：[ 7 15  0  9 11  6  8  4  1 10 14 12  3  2 13  5]
[test_sample_01798] [T1x_rxn3777] ❌ 错误 | 原子数：16
  - 正确映射：[10  6  7 12  2  9  1 13  4  5 14  8  0 15  3 11]
  - 预测映射：[10  6  7 12  2  9  4 13  1  8 14  5  0  3 15 11]
[test_sample_01799] [T1x_rxn3778] ❌ 错误 | 原子数：16
  - 正确映射：[ 0  7 15 12  1  8  6 14  3 13  5 10  2  4 11  9]
  - 预测映射：[ 1  8 12 15  0  7  2 11  4 10  5 13 14  6  3  9]
[test_sample_01800] [T1x_rxn3779] ❌ 错误 | 原子数：16
  - 正确映射：[ 9  2  4  3  8 10  6  0  7 14 12  5 11  1 13 15]
  - 预测映射：[ 8 10  4  3  9  2 11  1 13 15 14 12  7  6  0  5]
[test_sample_01801] [T1x_rxn3780] ❌ 错误 | 原子数：16
  - 正确映射：[15  2  8 10  9 11  7  1  3 14 13  5  6  4  0 12]
  - 预测映射：[ 9  2  8 10 15 11  4  0  6 13  5 12  3  7  1 14]
[test_sample_01802] [T1x_rxn3781] ❌ 错误 | 原子数：16
  - 正确映射：[ 8 13  5  1  6  3 15  7 10 14  9  4 11  2 12  0]
  - 预测映射：[ 8 13  1  5  6  3 15 10  0  7 14  9 11  2 12  4]
[test_sample_01803] [T1x_rxn3894] ❌ 错误 | 原子数：16
  - 正确映射：[ 9 12  8  1 13  5 15  4 10  0 11  2  7  6 14  3]
  - 预测映射：[ 9 12  8  1 13  5 11  4 15  7  2  6 14  3  0 10]
[test_sample_01804] [T1x_rxn3895] ✅ 严格正确 | 原子数：16
[test_sample_01805] [T1x_rxn3896] ❌ 错误 | 原子数：16
  - 正确映射：[13 10  3  1 15  5  2  9 12  6 14 11  7  8  0  4]
  - 预测映射：[13 10  3  1 15  5  2  9 12  6 14  4 11  8  7  0]
[test_sample_01806] [T1x_rxn3897] ❌ 错误 | 原子数：16
  - 正确映射：[ 2  6  3  8  9 11  1  5 10 12 14 15  4 13  0  7]
  - 预测映射：[ 2  6  3  8  9 11 14  1 10 12  4 15 13  7  0  5]
[test_sample_01807] [T1x_rxn3898] ❌ 错误 | 原子数：16
  - 正确映射：[12  2 15  6  0 10  4  3 11 14  7  8  1  9 13  5]
  - 预测映射：[12  2 15  0  6 10  3  4 11 14  1  5 13  9  8  7]
[test_sample_01808] [T1x_rxn4096] ✅ 严格正确 | 原子数：16
[test_sample_01809] [T1x_rxn4097] ❌ 错误 | 原子数：16
  - 正确映射：[12  3 15  1 14 11  0  6  2 13  8 10  7  4  9  5]
  - 预测映射：[15  3 12  1 14 11  8 10  7  0  6  4  2  5  9 13]
[test_sample_01810] [T1x_rxn4098] ❌ 错误 | 原子数：16
  - 正确映射：[ 9  4 10 13 15  6  7  2  1  0 14  3 12 11  8  5]
  - 预测映射：[ 9 15  4 13 10  6  1  7  2 11  0 14 12  8  3  5]
[test_sample_01811] [T1x_rxn4099] ✅ 严格正确 | 原子数：16
[test_sample_01812] [T1x_rxn4100] ❌ 错误 | 原子数：16
  - 正确映射：[ 3  2  5  8 11  1 10  9  6 14 12  0  7  4 13 15]
  - 预测映射：[ 3  2  5  8 11  1 10  6  9  0 12 14  7 13  4 15]
[test_sample_01813] [T1x_rxn4126] ❌ 错误 | 原子数：16
  - 正确映射：[14  7  1  5  0 12 15  4 11  9 10 13  2  6  8  3]
  - 预测映射：[14  7  5  0  1 12  9  4 11 10 13  8  2  6  3 15]
[test_sample_01814] [T1x_rxn4127] ✅ 严格正确 | 原子数：16
[test_sample_01815] [T1x_rxn4128] ❌ 错误 | 原子数：16
  - 正确映射：[ 9 15  5  6  1  7 14 13  2  4 11  8  0 12  3 10]
  - 预测映射：[ 9  5 15  6  1  7 10  4 14 13  2  0 11  3  8 12]
[test_sample_01816] [T1x_rxn4129] ❌ 错误 | 原子数：16
  - 正确映射：[13  1 14  2  9  7 11 10  6  0  5  4 15 12  8  3]
  - 预测映射：[ 7  1  9  2 14 13 10 11  3 15  8  4 12  5  0  6]
[test_sample_01817] [T1x_rxn9037] ❌ 错误 | 原子数：16
  - 正确映射：[ 2  7  0 12 11  5  6  1 13  8  9  3 14  4 10 15]
  - 预测映射：[ 2  7  0 12 11  5  6 13  1  9  8 15 14  4 10  3]
[test_sample_01818] [T1x_rxn9045] ❌ 错误 | 原子数：16
  - 正确映射：[14  0 11  1  7  5 15 12  8  4  3 13  9  6 10  2]
  - 预测映射：[14  0 11  1  7  5 15  3  8  4 12  9 13  2 10  6]
[test_sample_01819] [T1x_rxn9046] ❌ 错误 | 原子数：16
  - 正确映射：[ 9  3  5 14 12  0  4 15 13  1  2 10  6  8 11  7]
  - 预测映射：[ 9  3  5 14 12  0  1  4 13 15  2 10  6  8 11  7]
[test_sample_01820] [T1x_rxn9047] ❌ 错误 | 原子数：16
  - 正确映射：[ 7  1 14 13  2 11  8  3  6 15  0  9  4  5 12 10]
  - 预测映射：[ 7  1 14 13  2 11  8  6  3  0 15 12  4  5  9 10]
[test_sample_01821] [T1x_rxn9048] ❌ 错误 | 原子数：16
  - 正确映射：[11  7  5  3 12  2  8 15  1  9 14 10  6  0  4 13]
  - 预测映射：[11  7  5  3 12  2  8 14  1  9 15 10  6  4  0 13]
[test_sample_01822] [T1x_rxn9284] ❌ 错误 | 原子数：16
  - 正确映射：[ 6  0  1 12 13 11 14 10  4  9  8  5 15  3  2  7]
  - 预测映射：[ 0  6  1 12 13 11  7  8  4 14 10  5 15  3  2  9]
[test_sample_01823] [T1x_rxn9298] ❌ 错误 | 原子数：16
  - 正确映射：[15 14  8  6 12  7  4  2 10  1  3  9  0  5 13 11]
  - 预测映射：[15 14  8  6 12  7 10  4  2  1  3  9  0  5 13 11]
[test_sample_01824] [T1x_rxn9325] ❌ 错误 | 原子数：16
  - 正确映射：[ 6 11  8  1  4  7 13 14  9 10  5 15 12  2  0  3]
  - 预测映射：[ 6 11  8  1  4  7 14  5 13 12 10  0 15  3  2  9]
[test_sample_01825] [T1x_rxn9352] ✅ 严格正确 | 原子数：16
[test_sample_01826] [T1x_rxn9353] ❌ 错误 | 原子数：16
  - 正确映射：[15  4  2  1  9  8  0  7 11  3 12  5 13 14  6 10]
  - 预测映射：[15  4  9  1  2  8 11  7  0  6 14 13 12  3 10  5]
[test_sample_01827] [T1x_rxn9357] ❌ 错误 | 原子数：16
  - 正确映射：[ 4 14  0 10  3 15  2  6 13  7  1 11  9  5 12  8]
  - 预测映射：[10  3 15 14  4  0 12  9 11 13  5  6  7  8  2  1]
[test_sample_01828] [T1x_rxn9383] ❌ 错误 | 原子数：16
  - 正确映射：[14 15 11  4  9  8  6  1  2  7 12  5 13 10  0  3]
  - 预测映射：[14 15 11  4  9  8  6  2  1  7  3  5  0 10 13 12]
[test_sample_01829] [T1x_rxn9384] ❌ 错误 | 原子数：16
  - 正确映射：[ 1  5 15 10  9  3 14 12  4  8  2  7  0  6 11 13]
  - 预测映射：[ 1  5  9 15 10  3  4 12 14 11  6  2 13  7  0  8]
[test_sample_01830] [T1x_rxn6731] ❌ 错误 | 原子数：17
  - 正确映射：[12  3  7  6 14 16  1  5  4 11 10  0 13  8 15  9  2]
  - 预测映射：[12  3  7  6 14 16  1 11  4  5 10  8 13  0 15  2  9]
[test_sample_01831] [T1x_rxn6732] ❌ 错误 | 原子数：17
  - 正确映射：[12  5 13  3  4  6 11  1 16  8  7  0 15 14  9 10  2]
  - 预测映射：[13  5 12  3  4  6 11  0  7  8 10 16  1 15 14  2  9]
[test_sample_01832] [T1x_rxn6733] ❌ 错误 | 原子数：17
  - 正确映射：[15  8  0  9 13  5 12  4 10  3 11 14  7  1 16  6  2]
  - 预测映射：[15  8  0  9 13  5 12  4  3 10 16 11 14  7  1  6  2]
[test_sample_01833] [T1x_rxn6734] ❌ 错误 | 原子数：17
  - 正确映射：[11  5 16  0  3  1 13 15  6 12 10  4  9 14  2  8  7]
  - 预测映射：[16  5 11  0  3  1 13  4 15 12  6 10  9 14  2  8  7]
[test_sample_01834] [T1x_rxn9743] ❌ 错误 | 原子数：17
  - 正确映射：[ 9  7  4 10  3  5 11  2 12  1  6  0 15  8 14 13 16]
  - 预测映射：[ 9  7  4 10  3  5 11  2 12  1  8  0 15 14 13  6 16]
[test_sample_01835] [T1x_rxn9744] ❌ 错误 | 原子数：17
  - 正确映射：[ 0  3  8 15 13  7  5  6 10  1 12  4 11 14  2 16  9]
  - 预测映射：[ 0  3  8 15 13  7  5  6  1 10 11  4 12 14  9 16  2]
[test_sample_01836] [T1x_rxn9388] ✅ 严格正确 | 原子数：6
[test_sample_01837] [T1x_rxn9389] ❌ 错误 | 原子数：6
  - 正确映射：[3 5 2 4 0 1]
  - 预测映射：[5 3 4 2 0 1]
[test_sample_01838] [T1x_rxn5990] ✅ 严格正确 | 原子数：9
[test_sample_01839] [T1x_rxn5991] ✅ 严格正确 | 原子数：9
[test_sample_01840] [T1x_rxn9638] ✅ 严格正确 | 原子数：9
[test_sample_01841] [T1x_rxn9639] ✅ 严格正确 | 原子数：9
[test_sample_01842] [T1x_rxn3473] ❌ 错误 | 原子数：8
  - 正确映射：[5 3 4 6 7 1 0 2]
  - 预测映射：[5 3 7 6 4 1 0 2]
[test_sample_01843] [T1x_rxn3474] ✅ 严格正确 | 原子数：8
[test_sample_01844] [T1x_rxn3475] ❌ 错误 | 原子数：8
  - 正确映射：[2 3 0 4 1 5 7 6]
  - 预测映射：[4 0 1 2 3 5 7 6]
[test_sample_01845] [T1x_rxn3476] ❌ 错误 | 原子数：8
  - 正确映射：[3 5 7 4 2 0 6 1]
  - 预测映射：[4 7 5 3 2 0 6 1]
[test_sample_01846] [T1x_rxn3477] ✅ 严格正确 | 原子数：8
[test_sample_01847] [T1x_rxn3478] ✅ 严格正确 | 原子数：8
[test_sample_01848] [T1x_rxn3479] ❌ 错误 | 原子数：8
  - 正确映射：[0 2 5 4 6 7 3 1]
  - 预测映射：[4 5 2 0 6 7 3 1]
[test_sample_01849] [T1x_rxn3480] ✅ 严格正确 | 原子数：8
[test_sample_01850] [T1x_rxn3859] ❌ 错误 | 原子数：8
  - 正确映射：[2 3 5 4 6 1 7 0]
  - 预测映射：[1 6 4 5 3 2 7 0]
[test_sample_01851] [T1x_rxn3860] ❌ 错误 | 原子数：8
  - 正确映射：[2 1 3 6 0 4 5 7]
  - 预测映射：[4 0 6 3 1 2 7 5]
[test_sample_01852] [T1x_rxn3861] ❌ 错误 | 原子数：8
  - 正确映射：[3 2 4 0 7 1 6 5]
  - 预测映射：[1 7 0 4 2 3 5 6]
[test_sample_01853] [T1x_rxn3862] ❌ 错误 | 原子数：8
  - 正确映射：[1 4 3 7 0 2 6 5]
  - 预测映射：[2 0 7 3 4 1 5 6]
[test_sample_01854] [T1x_rxn3863] ❌ 错误 | 原子数：8
  - 正确映射：[4 5 0 1 2 3 7 6]
  - 预测映射：[3 2 1 0 5 4 6 7]
[test_sample_01855] [T1x_rxn3864] ✅ 严格正确 | 原子数：8
[test_sample_01856] [T1x_rxn9392] ❌ 错误 | 原子数：8
  - 正确映射：[1 2 5 0 3 7 4 6]
  - 预测映射：[1 2 0 3 5 7 4 6]
[test_sample_01857] [T1x_rxn1963] ✅ 严格正确 | 原子数：8
[test_sample_01858] [T1x_rxn1964] ❌ 错误 | 原子数：8
  - 正确映射：[1 0 4 3 6 5 2 7]
  - 预测映射：[4 0 1 3 6 7 5 2]
[test_sample_01859] [T1x_rxn1965] ✅ 严格正确 | 原子数：8
[test_sample_01860] [T1x_rxn1966] ❌ 错误 | 原子数：8
  - 正确映射：[2 6 4 0 1 5 7 3]
  - 预测映射：[6 2 4 0 1 5 3 7]
[test_sample_01861] [T1x_rxn1967] ❌ 错误 | 原子数：8
  - 正确映射：[6 3 5 4 2 7 1 0]
  - 预测映射：[6 3 5 4 2 7 0 1]
[test_sample_01862] [T1x_rxn1968] ❌ 错误 | 原子数：8
  - 正确映射：[5 7 6 0 4 2 3 1]
  - 预测映射：[5 7 6 0 4 2 1 3]
[test_sample_01863] [T1x_rxn1969] ❌ 错误 | 原子数：8
  - 正确映射：[3 5 0 1 4 2 6 7]
  - 预测映射：[3 5 0 1 4 2 7 6]
[test_sample_01864] [T1x_rxn4700] ❌ 错误 | 原子数：8
  - 正确映射：[4 0 5 6 2 7 3 1]
  - 预测映射：[4 0 5 6 2 7 1 3]
[test_sample_01865] [T1x_rxn4701] ❌ 错误 | 原子数：8
  - 正确映射：[4 7 1 6 0 2 5 3]
  - 预测映射：[4 1 7 6 0 3 2 5]
[test_sample_01866] [T1x_rxn9167] ❌ 错误 | 原子数：8
  - 正确映射：[4 3 1 6 2 0 7 5]
  - 预测映射：[4 3 1 6 2 7 5 0]
[test_sample_01867] [T1x_rxn5517] ✅ 严格正确 | 原子数：10
[test_sample_01868] [T1x_rxn5518] ✅ 严格正确 | 原子数：10
[test_sample_01869] [T1x_rxn5519] ✅ 严格正确 | 原子数：10
[test_sample_01870] [T1x_rxn5520] ✅ 严格正确 | 原子数：10
[test_sample_01871] [T1x_rxn5521] ❌ 错误 | 原子数：10
  - 正确映射：[0 6 1 4 8 3 7 9 5 2]
  - 预测映射：[0 6 3 4 8 1 7 9 5 2]
[test_sample_01872] [T1x_rxn5522] ✅ 严格正确 | 原子数：10
[test_sample_01873] [T1x_rxn5523] ✅ 严格正确 | 原子数：10
[test_sample_01874] [T1x_rxn5524] ✅ 严格正确 | 原子数：10
[test_sample_01875] [T1x_rxn5525] ✅ 严格正确 | 原子数：10
[test_sample_01876] [T1x_rxn5526] ❌ 错误 | 原子数：10
  - 正确映射：[4 9 3 8 6 0 2 5 1 7]
  - 预测映射：[4 9 3 8 6 0 2 5 7 1]
[test_sample_01877] [T1x_rxn5527] ✅ 严格正确 | 原子数：10
[test_sample_01878] [T1x_rxn5528] ✅ 严格正确 | 原子数：10
[test_sample_01879] [T1x_rxn7535] ✅ 严格正确 | 原子数：10
[test_sample_01880] [T1x_rxn7536] ✅ 严格正确 | 原子数：10
[test_sample_01881] [T1x_rxn7537] ❌ 错误 | 原子数：10
  - 正确映射：[0 9 6 8 4 7 2 1 5 3]
  - 预测映射：[9 0 6 8 4 7 2 1 5 3]
[test_sample_01882] [T1x_rxn7538] ✅ 严格正确 | 原子数：10
[test_sample_01883] [T1x_rxn7539] ✅ 严格正确 | 原子数：10
[test_sample_01884] [T1x_rxn7540] ✅ 严格正确 | 原子数：10
[test_sample_01885] [T1x_rxn7541] ✅ 严格正确 | 原子数：10
[test_sample_01886] [T1x_rxn9569] ❌ 错误 | 原子数：10
  - 正确映射：[2 1 6 4 0 9 7 3 5 8]
  - 预测映射：[4 6 0 7 9 1 2 8 5 3]
[test_sample_01887] [T1x_rxn1337] ❌ 错误 | 原子数：9
  - 正确映射：[1 7 2 8 3 0 4 5 6]
  - 预测映射：[1 7 8 2 3 0 4 5 6]
[test_sample_01888] [T1x_rxn1338] ✅ 严格正确 | 原子数：9
[test_sample_01889] [T1x_rxn4308] ❌ 错误 | 原子数：9
  - 正确映射：[0 1 7 2 3 8 4 5 6]
  - 预测映射：[0 1 7 2 3 8 5 4 6]
[test_sample_01890] [T1x_rxn4309] ✅ 严格正确 | 原子数：9
[test_sample_01891] [T1x_rxn4310] ❌ 错误 | 原子数：9
  - 正确映射：[5 8 0 6 4 2 3 1 7]
  - 预测映射：[5 8 6 0 4 2 3 1 7]
[test_sample_01892] [T1x_rxn4311] ✅ 严格正确 | 原子数：9
[test_sample_01893] [T1x_rxn4312] ❌ 错误 | 原子数：9
  - 正确映射：[7 8 1 2 0 4 6 5 3]
  - 预测映射：[7 2 1 8 0 4 6 3 5]
[test_sample_01894] [T1x_rxn9431] ✅ 严格正确 | 原子数：9
[test_sample_01895] [T1x_rxn9432] ✅ 严格正确 | 原子数：9
[test_sample_01896] [T1x_rxn6514] ✅ 严格正确 | 原子数：10
[test_sample_01897] [T1x_rxn6515] ✅ 严格正确 | 原子数：10
[test_sample_01898] [T1x_rxn6516] ✅ 严格正确 | 原子数：10
[test_sample_01899] [T1x_rxn6517] ❌ 错误 | 原子数：10
  - 正确映射：[1 5 6 0 7 2 9 4 8 3]
  - 预测映射：[1 7 6 0 5 2 9 4 8 3]
[test_sample_01900] [T1x_rxn6518] ✅ 严格正确 | 原子数：10
[test_sample_01901] [T1x_rxn6519] ✅ 严格正确 | 原子数：10
[test_sample_01902] [T1x_rxn6520] ✅ 严格正确 | 原子数：10
[test_sample_01903] [T1x_rxn6521] ✅ 严格正确 | 原子数：10
[test_sample_01904] [T1x_rxn6522] ✅ 严格正确 | 原子数：10
[test_sample_01905] [T1x_rxn6591] ✅ 严格正确 | 原子数：10
[test_sample_01906] [T1x_rxn6592] ✅ 严格正确 | 原子数：10
[test_sample_01907] [T1x_rxn6593] ✅ 严格正确 | 原子数：10
[test_sample_01908] [T1x_rxn6594] ✅ 严格正确 | 原子数：10
[test_sample_01909] [T1x_rxn6595] ✅ 严格正确 | 原子数：10
[test_sample_01910] [T1x_rxn6596] ✅ 严格正确 | 原子数：10
[test_sample_01911] [T1x_rxn8455] ❌ 错误 | 原子数：10
  - 正确映射：[9 6 3 1 7 2 8 4 5 0]
  - 预测映射：[9 6 3 1 7 2 8 0 5 4]
[test_sample_01912] [T1x_rxn8456] ✅ 严格正确 | 原子数：10
[test_sample_01913] [T1x_rxn8457] ✅ 严格正确 | 原子数：10
[test_sample_01914] [T1x_rxn8458] ✅ 严格正确 | 原子数：10
[test_sample_01915] [T1x_rxn8459] ✅ 严格正确 | 原子数：10
[test_sample_01916] [T1x_rxn8460] ❌ 错误 | 原子数：10
  - 正确映射：[6 5 9 1 3 8 4 0 2 7]
  - 预测映射：[4 9 8 1 3 5 6 7 2 0]
[test_sample_01917] [T1x_rxn8461] ✅ 严格正确 | 原子数：10
[test_sample_01918] [T1x_rxn8462] ✅ 严格正确 | 原子数：10
[test_sample_01919] [T1x_rxn8463] ❌ 错误 | 原子数：10
  - 正确映射：[1 0 5 3 2 9 4 6 7 8]
  - 预测映射：[1 0 5 3 2 9 4 6 8 7]
[test_sample_01920] [T1x_rxn8464] ✅ 严格正确 | 原子数：10
[test_sample_01921] [T1x_rxn8465] ✅ 严格正确 | 原子数：10
[test_sample_01922] [T1x_rxn8466] ❌ 错误 | 原子数：10
  - 正确映射：[7 4 0 2 8 6 3 5 9 1]
  - 预测映射：[7 4 8 2 0 6 3 5 9 1]
[test_sample_01923] [T1x_rxn8467] ✅ 严格正确 | 原子数：10
[test_sample_01924] [T1x_rxn9729] ❌ 错误 | 原子数：10
  - 正确映射：[2 0 7 6 9 4 1 8 5 3]
  - 预测映射：[2 0 1 6 9 7 4 8 3 5]
[test_sample_01925] [T1x_rxn9993] ❌ 错误 | 原子数：10
  - 正确映射：[7 0 6 8 5 9 2 4 3 1]
  - 预测映射：[7 0 9 8 6 5 2 4 3 1]
[test_sample_01926] [T1x_rxn0199] ❌ 错误 | 原子数：10
  - 正确映射：[7 5 3 0 8 9 2 4 6 1]
  - 预测映射：[5 7 9 8 0 3 4 2 1 6]
[test_sample_01927] [T1x_rxn0200] ❌ 错误 | 原子数：10
  - 正确映射：[6 9 1 8 7 5 2 0 3 4]
  - 预测映射：[7 8 1 9 6 5 4 3 0 2]
[test_sample_01928] [T1x_rxn0201] ✅ 严格正确 | 原子数：10
[test_sample_01929] [T1x_rxn0202] ✅ 严格正确 | 原子数：10
[test_sample_01930] [T1x_rxn0203] ✅ 严格正确 | 原子数：10
[test_sample_01931] [T1x_rxn0204] ❌ 错误 | 原子数：10
  - 正确映射：[2 7 1 5 6 0 8 4 3 9]
  - 预测映射：[2 6 1 5 7 0 8 9 3 4]
[test_sample_01932] [T1x_rxn0399] ✅ 严格正确 | 原子数：10
[test_sample_01933] [T1x_rxn0400] ✅ 严格正确 | 原子数：10
[test_sample_01934] [T1x_rxn0401] ❌ 错误 | 原子数：10
  - 正确映射：[6 0 8 2 5 7 3 1 4 9]
  - 预测映射：[6 0 5 7 8 2 1 4 3 9]
[test_sample_01935] [T1x_rxn0402] ✅ 严格正确 | 原子数：10
[test_sample_01936] [T1x_rxn1899] ❌ 错误 | 原子数：10
  - 正确映射：[8 2 5 4 1 7 0 3 9 6]
  - 预测映射：[7 1 4 5 2 8 6 9 3 0]
[test_sample_01937] [T1x_rxn2373] ✅ 严格正确 | 原子数：10
[test_sample_01938] [T1x_rxn2374] ✅ 严格正确 | 原子数：10
[test_sample_01939] [T1x_rxn2375] ❌ 错误 | 原子数：10
  - 正确映射：[2 0 9 6 1 5 4 8 3 7]
  - 预测映射：[2 0 9 6 1 5 3 8 4 7]
[test_sample_01940] [T1x_rxn2730] ❌ 错误 | 原子数：10
  - 正确映射：[8 4 2 0 7 9 5 6 3 1]
  - 预测映射：[8 9 7 0 2 4 5 1 3 6]
[test_sample_01941] [T1x_rxn2731] ❌ 错误 | 原子数：10
  - 正确映射：[6 5 4 1 0 2 8 9 7 3]
  - 预测映射：[6 2 0 1 4 5 8 3 7 9]
[test_sample_01942] [T1x_rxn2732] ❌ 错误 | 原子数：10
  - 正确映射：[6 3 5 9 2 4 7 1 8 0]
  - 预测映射：[4 9 5 3 2 6 0 8 7 1]
[test_sample_01943] [T1x_rxn2733] ❌ 错误 | 原子数：10
  - 正确映射：[6 0 2 1 3 9 7 5 4 8]
  - 预测映射：[0 1 3 9 2 6 8 4 7 5]
[test_sample_01944] [T1x_rxn2734] ✅ 严格正确 | 原子数：10
[test_sample_01945] [T1x_rxn2735] ❌ 错误 | 原子数：10
  - 正确映射：[5 4 7 9 6 0 8 1 2 3]
  - 预测映射：[0 9 6 4 7 5 3 2 1 8]
[test_sample_01946] [T1x_rxn2736] ❌ 错误 | 原子数：10
  - 正确映射：[6 7 0 3 4 8 2 1 9 5]
  - 预测映射：[3 7 0 6 4 8 1 9 2 5]
[test_sample_01947] [T1x_rxn2737] ✅ 严格正确 | 原子数：10
[test_sample_01948] [T1x_rxn2738] ❌ 错误 | 原子数：10
  - 正确映射：[0 2 7 3 9 5 6 4 8 1]
  - 预测映射：[0 3 9 5 7 2 4 8 1 6]
[test_sample_01949] [T1x_rxn2739] ❌ 错误 | 原子数：10
  - 正确映射：[9 1 5 8 6 7 2 3 4 0]
  - 预测映射：[1 8 6 7 5 9 3 4 0 2]
[test_sample_01950] [T1x_rxn2740] ❌ 错误 | 原子数：10
  - 正确映射：[2 7 3 6 0 5 1 9 8 4]
  - 预测映射：[2 6 0 5 3 7 1 8 4 9]
[test_sample_01951] [T1x_rxn3978] ❌ 错误 | 原子数：10
  - 正确映射：[4 9 1 5 0 6 3 2 7 8]
  - 预测映射：[0 9 1 5 4 6 7 2 3 8]
[test_sample_01952] [T1x_rxn3979] ✅ 严格正确 | 原子数：10
[test_sample_01953] [T1x_rxn3980] ❌ 错误 | 原子数：10
  - 正确映射：[3 5 8 6 9 0 7 2 1 4]
  - 预测映射：[0 9 6 8 5 3 7 4 1 2]
[test_sample_01954] [T1x_rxn3981] ✅ 严格正确 | 原子数：10
[test_sample_01955] [T1x_rxn3982] ❌ 错误 | 原子数：10
  - 正确映射：[8 4 5 2 1 0 6 3 7 9]
  - 预测映射：[8 0 2 5 1 4 9 7 3 6]
[test_sample_01956] [T1x_rxn3983] ❌ 错误 | 原子数：10
  - 正确映射：[6 8 2 0 4 1 3 5 9 7]
  - 预测映射：[1 8 2 0 4 6 7 5 9 3]
[test_sample_01957] [T1x_rxn3984] ✅ 严格正确 | 原子数：10
[test_sample_01958] [T1x_rxn3985] ❌ 错误 | 原子数：10
  - 正确映射：[3 0 1 5 4 6 9 2 8 7]
  - 预测映射：[3 0 1 5 6 4 9 2 7 8]
[test_sample_01959] [T1x_rxn3986] ✅ 严格正确 | 原子数：10
[test_sample_01960] [T1x_rxn3987] ❌ 错误 | 原子数：10
  - 正确映射：[7 9 8 1 5 2 3 4 0 6]
  - 预测映射：[2 7 1 8 9 5 0 3 4 6]
[test_sample_01961] [T1x_rxn3988] ✅ 严格正确 | 原子数：10
[test_sample_01962] [T1x_rxn9215] ✅ 严格正确 | 原子数：10
[test_sample_01963] [T1x_rxn9216] ✅ 严格正确 | 原子数：10
[test_sample_01964] [T1x_rxn10017] ❌ 错误 | 原子数：11
  - 正确映射：[ 7  4  6  1 10  3  9  5  8  2  0]
  - 预测映射：[ 7  6  4  1  3 10  9  8  5  0  2]
[test_sample_01965] [T1x_rxn6553] ✅ 严格正确 | 原子数：11
[test_sample_01966] [T1x_rxn6554] ✅ 严格正确 | 原子数：11
[test_sample_01967] [T1x_rxn6555] ✅ 严格正确 | 原子数：11
[test_sample_01968] [T1x_rxn6556] ❌ 错误 | 原子数：11
  - 正确映射：[10  8  0  6  2  3  7  5  4  1  9]
  - 预测映射：[10  8  0  6  2  3  7  4  5  1  9]
[test_sample_01969] [T1x_rxn6557] ❌ 错误 | 原子数：11
  - 正确映射：[ 2  7  4  8  0  5  3  9 10  6  1]
  - 预测映射：[ 2  7  4  5  3  8  0  1  9  6 10]
[test_sample_01970] [T1x_rxn6558] ✅ 严格正确 | 原子数：11
[test_sample_01971] [T1x_rxn6559] ✅ 严格正确 | 原子数：11
[test_sample_01972] [T1x_rxn6560] ✅ 严格正确 | 原子数：11
[test_sample_01973] [T1x_rxn6561] ✅ 严格正确 | 原子数：11
[test_sample_01974] [T1x_rxn6562] ✅ 严格正确 | 原子数：11
[test_sample_01975] [T1x_rxn6563] ✅ 严格正确 | 原子数：11
[test_sample_01976] [T1x_rxn6564] ✅ 严格正确 | 原子数：11
[test_sample_01977] [T1x_rxn6565] ✅ 严格正确 | 原子数：11
[test_sample_01978] [T1x_rxn6566] ✅ 严格正确 | 原子数：11
[test_sample_01979] [T1x_rxn6567] ❌ 错误 | 原子数：11
  - 正确映射：[ 8  3  1  4 10  9  6  2  0  7  5]
  - 预测映射：[ 8  3  1  4  6  9 10  2  5  7  0]
[test_sample_01980] [T1x_rxn6915] ✅ 严格正确 | 原子数：11
[test_sample_01981] [T1x_rxn6916] ❌ 错误 | 原子数：11
  - 正确映射：[ 3  6  1  4  5  2  8 10  0  9  7]
  - 预测映射：[ 3  1  4  2  5  6  8  0  9  7 10]
[test_sample_01982] [T1x_rxn6917] ❌ 错误 | 原子数：11
  - 正确映射：[ 9  5  2  7  6  4  0  1 10  8  3]
  - 预测映射：[ 9  5  4  7  6  2  0  3  8 10  1]
[test_sample_01983] [T1x_rxn6918] ✅ 严格正确 | 原子数：11
[test_sample_01984] [T1x_rxn6919] ❌ 错误 | 原子数：11
  - 正确映射：[ 3 10  0  1  4  7  9  6  8  5  2]
  - 预测映射：[ 3 10  0  1  4  7  9  6  8  2  5]
[test_sample_01985] [T1x_rxn6920] ❌ 错误 | 原子数：11
  - 正确映射：[ 6  2  0  9  4  1  5  3  8 10  7]
  - 预测映射：[ 6  1  0  2  4  9  5  7  3  8 10]
[test_sample_01986] [T1x_rxn6921] ✅ 严格正确 | 原子数：11
[test_sample_01987] [T1x_rxn6922] ❌ 错误 | 原子数：11
  - 正确映射：[ 6  3  9  8  7  1 10  2  4  0  5]
  - 预测映射：[ 6  3  9  8  7  1 10  4  2  0  5]
[test_sample_01988] [T1x_rxn6923] ❌ 错误 | 原子数：11
  - 正确映射：[ 1  7  3  9  0 10  5  4  2  8  6]
  - 预测映射：[ 1  9  3  7  5 10  0  4  2  6  8]
[test_sample_01989] [T1x_rxn6924] ✅ 严格正确 | 原子数：11
[test_sample_01990] [T1x_rxn6925] ✅ 严格正确 | 原子数：11
[test_sample_01991] [T1x_rxn6926] ✅ 严格正确 | 原子数：11
[test_sample_01992] [T1x_rxn6927] ❌ 错误 | 原子数：11
  - 正确映射：[ 3  0  1  6  2 10  7  9  4  5  8]
  - 预测映射：[ 3  0  1  6  2 10  7  4  9  5  8]
[test_sample_01993] [T1x_rxn6928] ✅ 严格正确 | 原子数：11
[test_sample_01994] [T1x_rxn6929] ❌ 错误 | 原子数：11
  - 正确映射：[ 7  0  9  6  1  3  5  2 10  4  8]
  - 预测映射：[ 7  9  6  3  1  0  5 10  4  8  2]
[test_sample_01995] [T1x_rxn6930] ❌ 错误 | 原子数：11
  - 正确映射：[ 0  2  3 10  7  6  9  5  4  1  8]
  - 预测映射：[ 0  2  3 10  7  6  9  4  1  8  5]
[test_sample_01996] [T1x_rxn6931] ✅ 严格正确 | 原子数：11
[test_sample_01997] [T1x_rxn6932] ✅ 严格正确 | 原子数：11
[test_sample_01998] [T1x_rxn7110] ❌ 错误 | 原子数：11
  - 正确映射：[ 1  0  5  6  2  4  8  3  7 10  9]
  - 预测映射：[ 8  4  2  6  5  0  1  9 10  3  7]
[test_sample_01999] [T1x_rxn7111] ✅ 严格正确 | 原子数：11
[test_sample_02000] [T1x_rxn7112] ❌ 错误 | 原子数：11
  - 正确映射：[ 8  4  0 10  9  6  3  2  5  1  7]
  - 预测映射：[ 8  4  0 10  9  6  3  2  7  1  5]
[test_sample_02001] [T1x_rxn7113] ❌ 错误 | 原子数：11
  - 正确映射：[ 4  7 10  5  6  1  2  0  9  8  3]
  - 预测映射：[ 4  7 10  5  6  1  2  9  8  3  0]
[test_sample_02002] [T1x_rxn7114] ❌ 错误 | 原子数：11
  - 正确映射：[ 2  7  9  1 10  0  4  3  6  5  8]
  - 预测映射：[ 4  0 10  1  9  7  2  8  5  3  6]
[test_sample_02003] [T1x_rxn7115] ❌ 错误 | 原子数：11
  - 正确映射：[ 4  0  8  3  6  2  1 10  5  9  7]
  - 预测映射：[ 1  6  8  3  0  2  4 10  7  5  9]
[test_sample_02004] [T1x_rxn8483] ❌ 错误 | 原子数：11
  - 正确映射：[ 8  0  6  7 10  3  4  5  9  2  1]
  - 预测映射：[ 3  0 10  7  6  8  4  5  1  2  9]
[test_sample_02005] [T1x_rxn8484] ❌ 错误 | 原子数：11
  - 正确映射：[ 2  4  0 10  5  6  7  3  1  8  9]
  - 预测映射：[ 6  4  5 10  0  2  7  3  9  8  1]
[test_sample_02006] [T1x_rxn8485] ❌ 错误 | 原子数：11
  - 正确映射：[ 4  7  6  5  1 10  3  9  0  2  8]
  - 预测映射：[10  1  5  6  7  4  3  0  8  2  9]
[test_sample_02007] [T1x_rxn8486] ❌ 错误 | 原子数：11
  - 正确映射：[ 1  5  8  9 10  7  4  0  2  6  3]
  - 预测映射：[ 7 10  9  8  5  1  4  3  2  6  0]
[test_sample_02008] [T1x_rxn8487] ❌ 错误 | 原子数：11
  - 正确映射：[ 6 10  9  8  1  7  5  3  4  2  0]
  - 预测映射：[ 7  1  8  9 10  6  5  3  0  2  4]
[test_sample_02009] [T1x_rxn8488] ✅ 严格正确 | 原子数：11
[test_sample_02010] [T1x_rxn8489] ✅ 严格正确 | 原子数：11
[test_sample_02011] [T1x_rxn8619] ✅ 严格正确 | 原子数：11
[test_sample_02012] [T1x_rxn8620] ✅ 严格正确 | 原子数：11
[test_sample_02013] [T1x_rxn8621] ✅ 严格正确 | 原子数：11
[test_sample_02014] [T1x_rxn8622] ✅ 严格正确 | 原子数：11
[test_sample_02015] [T1x_rxn8623] ✅ 严格正确 | 原子数：11
[test_sample_02016] [T1x_rxn8624] ✅ 严格正确 | 原子数：11
[test_sample_02017] [T1x_rxn8625] ✅ 严格正确 | 原子数：11
[test_sample_02018] [T1x_rxn8626] ✅ 严格正确 | 原子数：11
[test_sample_02019] [T1x_rxn8627] ❌ 错误 | 原子数：11
  - 正确映射：[ 0  9  1  5  2  6  8  7  4 10  3]
  - 预测映射：[ 5  2  1  0  9  6  8 10  4  7  3]
[test_sample_02020] [T1x_rxn8628] ✅ 严格正确 | 原子数：11
[test_sample_02021] [T1x_rxn0593] ❌ 错误 | 原子数：9
  - 正确映射：[7 3 6 2 4 0 5 8 1]
  - 预测映射：[7 3 6 4 2 0 5 8 1]
[test_sample_02022] [T1x_rxn0594] ❌ 错误 | 原子数：9
  - 正确映射：[0 2 6 5 7 8 3 1 4]
  - 预测映射：[0 2 7 5 6 1 4 8 3]
[test_sample_02023] [T1x_rxn0595] ❌ 错误 | 原子数：9
  - 正确映射：[3 0 5 7 6 2 1 8 4]
  - 预测映射：[3 6 0 5 7 4 1 2 8]
[test_sample_02024] [T1x_rxn0963] ✅ 严格正确 | 原子数：9
[test_sample_02025] [T1x_rxn0964] ❌ 错误 | 原子数：9
  - 正确映射：[4 7 2 3 5 0 8 1 6]
  - 预测映射：[4 7 2 3 5 0 1 8 6]
[test_sample_02026] [T1x_rxn0965] ❌ 错误 | 原子数：9
  - 正确映射：[8 1 2 3 6 0 7 5 4]
  - 预测映射：[8 1 2 3 6 5 7 0 4]
[test_sample_02027] [T1x_rxn0966] ❌ 错误 | 原子数：9
  - 正确映射：[2 5 4 1 8 7 0 3 6]
  - 预测映射：[4 2 5 1 8 3 0 7 6]
[test_sample_02028] [T1x_rxn0967] ✅ 严格正确 | 原子数：9
[test_sample_02029] [T1x_rxn1288] ❌ 错误 | 原子数：9
  - 正确映射：[7 8 1 4 6 2 3 5 0]
  - 预测映射：[8 1 7 4 6 3 2 0 5]
[test_sample_02030] [T1x_rxn1289] ❌ 错误 | 原子数：9
  - 正确映射：[7 8 6 5 0 1 4 3 2]
  - 预测映射：[7 8 6 5 0 1 2 4 3]
[test_sample_02031] [T1x_rxn1290] ❌ 错误 | 原子数：9
  - 正确映射：[7 4 2 6 0 1 8 3 5]
  - 预测映射：[7 4 2 6 0 1 3 8 5]
[test_sample_02032] [T1x_rxn1291] ✅ 严格正确 | 原子数：9
[test_sample_02033] [T1x_rxn1292] ❌ 错误 | 原子数：9
  - 正确映射：[3 0 4 8 7 5 2 6 1]
  - 预测映射：[3 0 4 8 7 5 2 1 6]
[test_sample_02034] [T1x_rxn1293] ✅ 严格正确 | 原子数：9
[test_sample_02035] [T1x_rxn1294] ✅ 严格正确 | 原子数：9
[test_sample_02036] [T1x_rxn1295] ❌ 错误 | 原子数：9
  - 正确映射：[2 3 4 7 8 0 6 5 1]
  - 预测映射：[2 3 4 7 8 0 1 5 6]
[test_sample_02037] [T1x_rxn1296] ❌ 错误 | 原子数：9
  - 正确映射：[4 8 5 1 2 7 6 0 3]
  - 预测映射：[8 4 5 1 2 7 6 0 3]
[test_sample_02038] [T1x_rxn1297] ✅ 严格正确 | 原子数：9
[test_sample_02039] [T1x_rxn1575] ❌ 错误 | 原子数：9
  - 正确映射：[6 1 2 3 0 5 4 7 8]
  - 预测映射：[6 1 2 0 3 5 4 8 7]
[test_sample_02040] [T1x_rxn1576] ❌ 错误 | 原子数：9
  - 正确映射：[5 4 8 3 7 1 6 2 0]
  - 预测映射：[5 7 3 8 4 0 2 6 1]
[test_sample_02041] [T1x_rxn1577] ❌ 错误 | 原子数：9
  - 正确映射：[7 8 6 0 5 3 1 2 4]
  - 预测映射：[7 5 0 6 8 4 2 1 3]
[test_sample_02042] [T1x_rxn1578] ❌ 错误 | 原子数：9
  - 正确映射：[5 4 0 2 3 6 7 8 1]
  - 预测映射：[5 3 4 0 2 1 7 6 8]
[test_sample_02043] [T1x_rxn2167] ❌ 错误 | 原子数：9
  - 正确映射：[3 2 0 4 8 6 5 7 1]
  - 预测映射：[3 2 0 4 8 5 7 6 1]
[test_sample_02044] [T1x_rxn2168] ❌ 错误 | 原子数：9
  - 正确映射：[6 5 1 8 4 0 3 2 7]
  - 预测映射：[5 6 1 8 4 0 3 2 7]
[test_sample_02045] [T1x_rxn2169] ❌ 错误 | 原子数：9
  - 正确映射：[1 3 8 4 5 0 2 7 6]
  - 预测映射：[1 5 8 4 3 7 0 2 6]
[test_sample_02046] [T1x_rxn2170] ❌ 错误 | 原子数：9
  - 正确映射：[4 6 8 0 3 5 1 7 2]
  - 预测映射：[4 6 8 0 3 1 7 5 2]
[test_sample_02047] [T1x_rxn9040] ❌ 错误 | 原子数：9
  - 正确映射：[3 5 0 8 4 1 2 7 6]
  - 预测映射：[3 5 0 8 4 1 7 2 6]
[test_sample_02048] [T1x_rxn9190] ❌ 错误 | 原子数：9
  - 正确映射：[8 2 5 0 3 7 1 4 6]
  - 预测映射：[8 2 5 0 3 6 4 1 7]
[test_sample_02049] [T1x_rxn0111] ❌ 错误 | 原子数：10
  - 正确映射：[1 9 6 3 5 0 2 8 4 7]
  - 预测映射：[1 9 6 3 5 0 4 2 7 8]
[test_sample_02050] [T1x_rxn0112] ✅ 严格正确 | 原子数：10
[test_sample_02051] [T1x_rxn0113] ✅ 严格正确 | 原子数：10
[test_sample_02052] [T1x_rxn0114] ❌ 错误 | 原子数：10
  - 正确映射：[1 6 0 3 7 9 4 5 2 8]
  - 预测映射：[7 3 0 6 1 9 2 4 5 8]
[test_sample_02053] [T1x_rxn0115] ❌ 错误 | 原子数：10
  - 正确映射：[5 3 6 1 9 7 2 8 4 0]
  - 预测映射：[5 3 7 6 9 1 0 8 2 4]
[test_sample_02054] [T1x_rxn0116] ❌ 错误 | 原子数：10
  - 正确映射：[0 1 9 8 7 5 3 6 4 2]
  - 预测映射：[0 1 9 8 7 5 6 3 4 2]
[test_sample_02055] [T1x_rxn0117] ✅ 严格正确 | 原子数：10
[test_sample_02056] [T1x_rxn0118] ✅ 严格正确 | 原子数：10
[test_sample_02057] [T1x_rxn0119] ✅ 严格正确 | 原子数：10
[test_sample_02058] [T1x_rxn0120] ✅ 严格正确 | 原子数：10
[test_sample_02059] [T1x_rxn0121] ❌ 错误 | 原子数：10
  - 正确映射：[5 8 0 2 7 3 4 9 6 1]
  - 预测映射：[5 8 0 2 7 3 4 6 9 1]
[test_sample_02060] [T1x_rxn0122] ✅ 严格正确 | 原子数：10
[test_sample_02061] [T1x_rxn0123] ❌ 错误 | 原子数：10
  - 正确映射：[4 2 3 0 7 1 8 6 9 5]
  - 预测映射：[7 0 3 2 4 1 6 9 8 5]
[test_sample_02062] [T1x_rxn0124] ❌ 错误 | 原子数：10
  - 正确映射：[8 1 5 2 3 6 9 0 4 7]
  - 预测映射：[8 1 5 2 3 6 4 9 7 0]
[test_sample_02063] [T1x_rxn0125] ❌ 错误 | 原子数：10
  - 正确映射：[7 2 1 6 5 9 4 8 3 0]
  - 预测映射：[7 2 1 6 5 9 4 8 0 3]
[test_sample_02064] [T1x_rxn0126] ❌ 错误 | 原子数：10
  - 正确映射：[0 6 1 2 8 9 7 4 5 3]
  - 预测映射：[0 6 1 2 8 9 4 7 5 3]
[test_sample_02065] [T1x_rxn1059] ❌ 错误 | 原子数：10
  - 正确映射：[0 6 3 9 1 7 8 2 4 5]
  - 预测映射：[0 9 3 6 1 7 8 4 2 5]
[test_sample_02066] [T1x_rxn1060] ❌ 错误 | 原子数：10
  - 正确映射：[8 6 9 1 0 3 2 4 7 5]
  - 预测映射：[8 6 9 1 0 3 2 7 4 5]
[test_sample_02067] [T1x_rxn1264] ❌ 错误 | 原子数：10
  - 正确映射：[8 1 5 4 0 6 3 7 2 9]
  - 预测映射：[8 1 4 5 0 6 2 3 7 9]
[test_sample_02068] [T1x_rxn1265] ✅ 严格正确 | 原子数：10
[test_sample_02069] [T1x_rxn1266] ❌ 错误 | 原子数：10
  - 正确映射：[0 9 2 5 6 4 7 8 3 1]
  - 预测映射：[0 9 2 5 6 4 7 3 8 1]
[test_sample_02070] [T1x_rxn1267] ❌ 错误 | 原子数：10
  - 正确映射：[0 7 1 4 2 6 8 5 3 9]
  - 预测映射：[0 7 1 4 2 6 8 3 5 9]
[test_sample_02071] [T1x_rxn1268] ✅ 严格正确 | 原子数：10
[test_sample_02072] [T1x_rxn1511] ✅ 严格正确 | 原子数：10
[test_sample_02073] [T1x_rxn1512] ❌ 错误 | 原子数：10
  - 正确映射：[9 6 5 7 2 8 1 3 4 0]
  - 预测映射：[9 8 5 7 2 6 0 1 4 3]
[test_sample_02074] [T1x_rxn1513] ❌ 错误 | 原子数：10
  - 正确映射：[4 5 2 0 8 7 9 6 1 3]
  - 预测映射：[0 5 2 4 8 7 9 1 6 3]
[test_sample_02075] [T1x_rxn1514] ❌ 错误 | 原子数：10
  - 正确映射：[5 0 1 6 2 9 4 3 7 8]
  - 预测映射：[6 0 1 5 2 9 4 3 7 8]
[test_sample_02076] [T1x_rxn1515] ❌ 错误 | 原子数：10
  - 正确映射：[1 3 8 4 7 9 5 6 2 0]
  - 预测映射：[1 7 9 4 3 8 5 6 0 2]
[test_sample_02077] [T1x_rxn1516] ✅ 严格正确 | 原子数：10
[test_sample_02078] [T1x_rxn1517] ❌ 错误 | 原子数：10
  - 正确映射：[1 5 2 6 7 9 0 3 4 8]
  - 预测映射：[1 5 2 6 7 9 0 4 3 8]
[test_sample_02079] [T1x_rxn1715] ✅ 严格正确 | 原子数：10
[test_sample_02080] [T1x_rxn1716] ✅ 严格正确 | 原子数：10
[test_sample_02081] [T1x_rxn1717] ✅ 严格正确 | 原子数：10
[test_sample_02082] [T1x_rxn1718] ✅ 严格正确 | 原子数：10
[test_sample_02083] [T1x_rxn1719] ✅ 严格正确 | 原子数：10
[test_sample_02084] [T1x_rxn2106] ✅ 严格正确 | 原子数：10
[test_sample_02085] [T1x_rxn2107] ❌ 错误 | 原子数：10
  - 正确映射：[6 9 3 8 2 1 0 4 5 7]
  - 预测映射：[2 1 8 3 6 9 7 5 0 4]
[test_sample_02086] [T1x_rxn3601] ✅ 严格正确 | 原子数：10
[test_sample_02087] [T1x_rxn3602] ✅ 严格正确 | 原子数：10
[test_sample_02088] [T1x_rxn3603] ❌ 错误 | 原子数：10
  - 正确映射：[0 5 8 1 9 6 7 2 3 4]
  - 预测映射：[0 5 8 1 9 6 7 3 2 4]
[test_sample_02089] [T1x_rxn3604] ✅ 严格正确 | 原子数：10
[test_sample_02090] [T1x_rxn3605] ❌ 错误 | 原子数：10
  - 正确映射：[9 8 5 2 0 1 6 4 3 7]
  - 预测映射：[9 8 5 2 0 1 7 4 6 3]
[test_sample_02091] [T1x_rxn3606] ❌ 错误 | 原子数：10
  - 正确映射：[6 9 1 8 7 4 2 0 3 5]
  - 预测映射：[6 9 1 8 7 4 2 0 5 3]
[test_sample_02092] [T1x_rxn3607] ✅ 严格正确 | 原子数：10
[test_sample_02093] [T1x_rxn3608] ❌ 错误 | 原子数：10
  - 正确映射：[4 7 6 8 9 1 3 5 0 2]
  - 预测映射：[4 7 6 8 9 1 0 3 5 2]
[test_sample_02094] [T1x_rxn3609] ❌ 错误 | 原子数：10
  - 正确映射：[6 7 5 4 8 2 1 3 9 0]
  - 预测映射：[6 7 5 4 8 2 3 9 0 1]
[test_sample_02095] [T1x_rxn3610] ✅ 严格正确 | 原子数：10
[test_sample_02096] [T1x_rxn3611] ✅ 严格正确 | 原子数：10
[test_sample_02097] [T1x_rxn4324] ❌ 错误 | 原子数：10
  - 正确映射：[0 7 6 9 2 5 8 3 4 1]
  - 预测映射：[0 9 6 7 2 5 4 3 8 1]
[test_sample_02098] [T1x_rxn4325] ✅ 严格正确 | 原子数：10
[test_sample_02099] [T1x_rxn4326] ✅ 严格正确 | 原子数：10
[test_sample_02100] [T1x_rxn4327] ❌ 错误 | 原子数：10
  - 正确映射：[0 5 9 8 6 1 4 7 2 3]
  - 预测映射：[0 5 9 1 6 8 2 4 3 7]
[test_sample_02101] [T1x_rxn4328] ❌ 错误 | 原子数：10
  - 正确映射：[3 4 5 0 9 1 7 6 2 8]
  - 预测映射：[3 9 5 0 1 4 8 6 2 7]
[test_sample_02102] [T1x_rxn4329] ❌ 错误 | 原子数：10
  - 正确映射：[7 2 8 0 3 9 5 6 4 1]
  - 预测映射：[7 2 8 0 3 9 5 4 6 1]
[test_sample_02103] [T1x_rxn4330] ❌ 错误 | 原子数：10
  - 正确映射：[4 6 2 7 9 5 0 3 1 8]
  - 预测映射：[4 6 2 7 5 9 0 3 1 8]
[test_sample_02104] [T1x_rxn9111] ✅ 严格正确 | 原子数：10
[test_sample_02105] [T1x_rxn9134] ❌ 错误 | 原子数：10
  - 正确映射：[7 4 9 8 5 0 3 2 1 6]
  - 预测映射：[7 0 4 8 9 5 1 3 2 6]
[test_sample_02106] [T1x_rxn9135] ❌ 错误 | 原子数：10
  - 正确映射：[3 0 7 8 1 6 5 9 4 2]
  - 预测映射：[8 7 0 3 1 6 5 2 9 4]
[test_sample_02107] [T1x_rxn7494] ✅ 严格正确 | 原子数：11
[test_sample_02108] [T1x_rxn7495] ✅ 严格正确 | 原子数：11
[test_sample_02109] [T1x_rxn7496] ❌ 错误 | 原子数：11
  - 正确映射：[ 0  6  9 10  2  5  7  3  4  8  1]
  - 预测映射：[ 0  5  7  6  9 10  2  4  1  8  3]
[test_sample_02110] [T1x_rxn7497] ❌ 错误 | 原子数：11
  - 正确映射：[ 4  8  7  9  2 10  1  5  3  0  6]
  - 预测映射：[ 4  8  7 10  1  9  2  3  5  0  6]
[test_sample_02111] [T1x_rxn7498] ❌ 错误 | 原子数：11
  - 正确映射：[ 4  9  3  0  7  2  1  8 10  5  6]
  - 预测映射：[ 4  9  3  2  1  0  7 10  8  5  6]
[test_sample_02112] [T1x_rxn7499] ❌ 错误 | 原子数：11
  - 正确映射：[10  7  9  5  4  3  6  0  2  8  1]
  - 预测映射：[10  7  9  5  4  3  6  8  2  0  1]
[test_sample_02113] [T1x_rxn7500] ❌ 错误 | 原子数：11
  - 正确映射：[ 8  5  6  9  1  2  3  0  7 10  4]
  - 预测映射：[ 8  5  6  9  1  2  3 10  7  0  4]
[test_sample_02114] [T1x_rxn7501] ❌ 错误 | 原子数：11
  - 正确映射：[ 4  8 10  1  2  3  5  7  6  0  9]
  - 预测映射：[ 4  1  2  3  5  8 10  0  7  6  9]
[test_sample_02115] [T1x_rxn7502] ✅ 严格正确 | 原子数：11
[test_sample_02116] [T1x_rxn7503] ✅ 严格正确 | 原子数：11
[test_sample_02117] [T1x_rxn7504] ❌ 错误 | 原子数：11
  - 正确映射：[ 4  6  3  1  0  8  2 10  9  7  5]
  - 预测映射：[ 4  6  3  1  2  8  0 10  9  7  5]
[test_sample_02118] [T1x_rxn7505] ❌ 错误 | 原子数：11
  - 正确映射：[ 6  7  2  8  0  4 10  5  9  1  3]
  - 预测映射：[ 6  7  2  4 10  8  0  5  9  1  3]
[test_sample_02119] [T1x_rxn7506] ✅ 严格正确 | 原子数：11
[test_sample_02120] [T1x_rxn8085] ❌ 错误 | 原子数：11
  - 正确映射：[ 0  5  7  1  3  4  8  9 10  2  6]
  - 预测映射：[ 0  5  7  4  8  1  3  9 10  6  2]
[test_sample_02121] [T1x_rxn8086] ❌ 错误 | 原子数：11
  - 正确映射：[ 6 10  8  4  2  1  5  7  0  3  9]
  - 预测映射：[ 2 10  8  4  6  1  5  7  0  3  9]
[test_sample_02122] [T1x_rxn8087] ❌ 错误 | 原子数：11
  - 正确映射：[ 8  2  9  4 10  1  0  3  7  6  5]
  - 预测映射：[ 8  2  1  4 10  9  0  3  7  6  5]
[test_sample_02123] [T1x_rxn8088] ✅ 严格正确 | 原子数：11
[test_sample_02124] [T1x_rxn8089] ❌ 错误 | 原子数：11
  - 正确映射：[ 1  6 10  9  5  4  3  7  2  0  8]
  - 预测映射：[ 1  6 10  9  5  4  3  7  0  2  8]
[test_sample_02125] [T1x_rxn8090] ✅ 严格正确 | 原子数：11
[test_sample_02126] [T1x_rxn8091] ✅ 严格正确 | 原子数：11
[test_sample_02127] [T1x_rxn8092] ❌ 错误 | 原子数：11
  - 正确映射：[ 2 10  8  6  5  1  0  9  4  3  7]
  - 预测映射：[ 0  1  8  6  5 10  2  7  3  4  9]
[test_sample_02128] [T1x_rxn8093] ❌ 错误 | 原子数：11
  - 正确映射：[ 1  4  3  9  5  8  6  2  7 10  0]
  - 预测映射：[ 1  4  3  9  5  8  6  2 10  7  0]
[test_sample_02129] [T1x_rxn8724] ✅ 严格正确 | 原子数：11
[test_sample_02130] [T1x_rxn8725] ❌ 错误 | 原子数：11
  - 正确映射：[ 8  4  3  6  1  9  0 10  5  2  7]
  - 预测映射：[ 8  4  3  6  9  1  0 10  5  2  7]
[test_sample_02131] [T1x_rxn8726] ❌ 错误 | 原子数：11
  - 正确映射：[ 3 10  7  5  6  4  9  0  2  1  8]
  - 预测映射：[ 7 10  3  5  6  4  9  2  0  1  8]
[test_sample_02132] [T1x_rxn8727] ❌ 错误 | 原子数：11
  - 正确映射：[ 9  3  7  5  1  4  8  2 10  6  0]
  - 预测映射：[ 9  1  8  4  3  5  7  0  6  2 10]
[test_sample_02133] [T1x_rxn8728] ✅ 严格正确 | 原子数：11
[test_sample_02134] [T1x_rxn8729] ✅ 严格正确 | 原子数：11
[test_sample_02135] [T1x_rxn8730] ❌ 错误 | 原子数：11
  - 正确映射：[ 8  3  1  4  2  7  5  9 10  6  0]
  - 预测映射：[ 8  3  5  7  2  4  1  0  6 10  9]
[test_sample_02136] [T1x_rxn8731] ❌ 错误 | 原子数：11
  - 正确映射：[10  5  4  3  0  9  2  7  8  1  6]
  - 预测映射：[10  5  2  9  0  3  4  1  6  8  7]
[test_sample_02137] [T1x_rxn8732] ❌ 错误 | 原子数：11
  - 正确映射：[ 9  7  6  5  2  1  3  8  4  0 10]
  - 预测映射：[ 9  7  6  5  2  1  3  8  4 10  0]
[test_sample_02138] [T1x_rxn9845] ✅ 严格正确 | 原子数：11
[test_sample_02139] [T1x_rxn9846] ❌ 错误 | 原子数：11
  - 正确映射：[ 1  0  6  8  3  4  5 10  7  9  2]
  - 预测映射：[ 1  0  6  4  5  8  3  7  9 10  2]
[test_sample_02140] [T1x_rxn9936] ✅ 严格正确 | 原子数：11
[test_sample_02141] [T1x_rxn9937] ❌ 错误 | 原子数：11
  - 正确映射：[ 5  2  1  8  4  0 10  6  7  9  3]
  - 预测映射：[10  0  1  2  5  8  4  7  6  3  9]
[test_sample_02142] [T1x_rxn9938] ❌ 错误 | 原子数：11
  - 正确映射：[ 7  1  2 10  0  6  5  4  8  3  9]
  - 预测映射：[ 5  6  2 10  0  1  7  9  4  8  3]
[test_sample_02143] [T1x_rxn1002] ❌ 错误 | 原子数：10
  - 正确映射：[2 5 9 8 3 0 6 1 4 7]
  - 预测映射：[2 3 8 9 5 0 7 4 6 1]
[test_sample_02144] [T1x_rxn1003] ❌ 错误 | 原子数：10
  - 正确映射：[8 1 3 5 0 9 2 7 4 6]
  - 预测映射：[8 0 5 3 1 9 6 4 2 7]
[test_sample_02145] [T1x_rxn1004] ❌ 错误 | 原子数：10
  - 正确映射：[6 7 5 1 9 4 8 2 0 3]
  - 预测映射：[6 1 5 7 9 3 0 2 8 4]
[test_sample_02146] [T1x_rxn1005] ❌ 错误 | 原子数：10
  - 正确映射：[4 9 6 2 0 7 3 1 5 8]
  - 预测映射：[4 0 9 6 2 8 7 3 1 5]
[test_sample_02147] [T1x_rxn1006] ❌ 错误 | 原子数：10
  - 正确映射：[9 4 2 0 5 7 1 8 6 3]
  - 预测映射：[9 4 2 0 5 3 7 1 6 8]
[test_sample_02148] [T1x_rxn1007] ❌ 错误 | 原子数：10
  - 正确映射：[7 8 5 6 3 9 0 1 2 4]
  - 预测映射：[7 3 6 5 8 9 4 2 1 0]
[test_sample_02149] [T1x_rxn1697] ❌ 错误 | 原子数：10
  - 正确映射：[5 9 7 6 1 8 2 0 3 4]
  - 预测映射：[9 5 7 6 1 8 2 0 3 4]
[test_sample_02150] [T1x_rxn1698] ❌ 错误 | 原子数：10
  - 正确映射：[9 0 7 1 8 6 3 4 2 5]
  - 预测映射：[9 0 7 1 8 6 5 2 4 3]
[test_sample_02151] [T1x_rxn1699] ✅ 严格正确 | 原子数：10
[test_sample_02152] [T1x_rxn1700] ❌ 错误 | 原子数：10
  - 正确映射：[7 2 9 5 8 1 6 3 4 0]
  - 预测映射：[7 2 9 5 8 1 6 4 3 0]
[test_sample_02153] [T1x_rxn1701] ❌ 错误 | 原子数：10
  - 正确映射：[3 4 7 5 8 6 1 0 2 9]
  - 预测映射：[3 4 7 5 8 6 0 9 2 1]
[test_sample_02154] [T1x_rxn1702] ❌ 错误 | 原子数：10
  - 正确映射：[6 0 2 5 3 9 4 8 7 1]
  - 预测映射：[6 0 2 5 3 9 8 7 4 1]
[test_sample_02155] [T1x_rxn1703] ❌ 错误 | 原子数：10
  - 正确映射：[6 1 2 0 9 4 5 8 7 3]
  - 预测映射：[6 1 2 0 9 4 5 3 7 8]
[test_sample_02156] [T1x_rxn1704] ✅ 严格正确 | 原子数：10
[test_sample_02157] [T1x_rxn1705] ❌ 错误 | 原子数：10
  - 正确映射：[6 8 4 5 0 7 2 3 9 1]
  - 预测映射：[6 8 5 4 0 7 3 2 1 9]
[test_sample_02158] [T1x_rxn3309] ❌ 错误 | 原子数：10
  - 正确映射：[7 4 0 1 3 9 8 5 6 2]
  - 预测映射：[7 3 4 1 0 5 8 2 9 6]
[test_sample_02159] [T1x_rxn3310] ❌ 错误 | 原子数：10
  - 正确映射：[1 8 3 7 4 0 5 2 6 9]
  - 预测映射：[1 8 3 7 4 5 2 0 6 9]
[test_sample_02160] [T1x_rxn3311] ✅ 严格正确 | 原子数：10
[test_sample_02161] [T1x_rxn3312] ❌ 错误 | 原子数：10
  - 正确映射：[9 5 1 7 8 6 4 2 3 0]
  - 预测映射：[9 5 1 7 8 2 4 6 0 3]
[test_sample_02162] [T1x_rxn9044] ❌ 错误 | 原子数：10
  - 正确映射：[1 6 3 4 0 8 5 9 7 2]
  - 预测映射：[1 6 0 4 3 5 8 2 7 9]
[test_sample_02163] [T1x_rxn10059] ❌ 错误 | 原子数：12
  - 正确映射：[ 1  8  3  4  9 11  5  2  0  6 10  7]
  - 预测映射：[ 1  8  3 11  5  4  9  7  0  2  6 10]
[test_sample_02164] [T1x_rxn10060] ❌ 错误 | 原子数：12
  - 正确映射：[11  8  2  4  3 10  6  9  0  7  1  5]
  - 预测映射：[11  8  2  4  3 10  6  0  9  7  1  5]
[test_sample_02165] [T1x_rxn10061] ❌ 错误 | 原子数：12
  - 正确映射：[ 5  6  9 11  2  7  3 10  0  8  1  4]
  - 预测映射：[ 5  6 11  7  3  9  2 10  8  0  1  4]
[test_sample_02166] [T1x_rxn6036] ✅ 严格正确 | 原子数：12
[test_sample_02167] [T1x_rxn6037] ❌ 错误 | 原子数：12
  - 正确映射：[ 5  4  7 11  9  2 10  3  0  1  6  8]
  - 预测映射：[ 5  4 10  2  9 11  7  0  3  6  8  1]
[test_sample_02168] [T1x_rxn6038] ✅ 严格正确 | 原子数：12
[test_sample_02169] [T1x_rxn6039] ❌ 错误 | 原子数：12
  - 正确映射：[11  7  4  3  1  9  6  2 10  8  0  5]
  - 预测映射：[11  7  6  9  1  3  4 10  2  5  0  8]
[test_sample_02170] [T1x_rxn6040] ❌ 错误 | 原子数：12
  - 正确映射：[ 5  4  9  8 11 10  3  1  2  0  7  6]
  - 预测映射：[ 5 11  9  8  4 10  3  1  2  0  7  6]
[test_sample_02171] [T1x_rxn6041] ❌ 错误 | 原子数：12
  - 正确映射：[ 9  1  4 11 10  6  3  8  7  5  2  0]
  - 预测映射：[ 9  1  4 11 10  6  3  8  7  5  0  2]
[test_sample_02172] [T1x_rxn6042] ❌ 错误 | 原子数：12
  - 正确映射：[ 6  5  2  0 10  8  9  7  4  1 11  3]
  - 预测映射：[ 6  5  9  8 10  0  2  4  7  3 11  1]
[test_sample_02173] [T1x_rxn6043] ❌ 错误 | 原子数：12
  - 正确映射：[ 2  8  1 11  4  0 10  6  5  9  3  7]
  - 预测映射：[ 2  8 10  0  4 11  1  5  6  7  3  9]
[test_sample_02174] [T1x_rxn6044] ❌ 错误 | 原子数：12
  - 正确映射：[ 4  7  3  0 11  8  6 10  1  5  2  9]
  - 预测映射：[ 4  7  3  8 11  0  6 10  1  5  2  9]
[test_sample_02175] [T1x_rxn6045] ❌ 错误 | 原子数：12
  - 正确映射：[ 7  5  1  8  9  4  3  0 11 10  6  2]
  - 预测映射：[ 7  5  3  4  9  8  1  0 11  2  6 10]
[test_sample_02176] [T1x_rxn6046] ✅ 严格正确 | 原子数：12
[test_sample_02177] [T1x_rxn6090] ✅ 严格正确 | 原子数：12
[test_sample_02178] [T1x_rxn6091] ❌ 错误 | 原子数：12
  - 正确映射：[ 1  4  5  3 11 10  7  9  2  8  0  6]
  - 预测映射：[11  3  4  5  7 10  1  9  6  2  0  8]
[test_sample_02179] [T1x_rxn6092] ❌ 错误 | 原子数：12
  - 正确映射：[11  7  3  2 10  4  8  5  1  0  9  6]
  - 预测映射：[11  7  3  4  8  2 10  5  6  0  9  1]
[test_sample_02180] [T1x_rxn6093] ❌ 错误 | 原子数：12
  - 正确映射：[ 7 11  1  0  4  2  8  6  5  9  3 10]
  - 预测映射：[ 7 11  1  0  4  2  8  6  9  5  3 10]
[test_sample_02181] [T1x_rxn6094] ✅ 严格正确 | 原子数：12
[test_sample_02182] [T1x_rxn6095] ❌ 错误 | 原子数：12
  - 正确映射：[ 7  2  3  9  8  4 11  5  1  6  0 10]
  - 预测映射：[ 7  2  9  3 11  4  8  1  5 10  0  6]
[test_sample_02183] [T1x_rxn6096] ✅ 严格正确 | 原子数：12
[test_sample_02184] [T1x_rxn6097] ❌ 错误 | 原子数：12
  - 正确映射：[ 6 11  0  9  2  5  7  8  4  1  3 10]
  - 预测映射：[ 6 11  0  9  2  5  7  8  3  4  1 10]
[test_sample_02185] [T1x_rxn6098] ✅ 严格正确 | 原子数：12
[test_sample_02186] [T1x_rxn6099] ❌ 错误 | 原子数：12
  - 正确映射：[ 4  6 10 11  5  3  9  2  1  7  8  0]
  - 预测映射：[ 4  6 10  3  5 11  9  0  1  8  7  2]
[test_sample_02187] [T1x_rxn6100] ❌ 错误 | 原子数：12
  - 正确映射：[ 4  5  1  3  7 11  2  9  0  6  8 10]
  - 预测映射：[ 4  5  1  3  7 11  2  0  9  6  8 10]
[test_sample_02188] [T1x_rxn6101] ✅ 严格正确 | 原子数：12
[test_sample_02189] [T1x_rxn6102] ❌ 错误 | 原子数：12
  - 正确映射：[ 4  1 11  8  9 10  0  3  6  7  2  5]
  - 预测映射：[ 4  1 11 10  9  8  0  5  2  7  6  3]
[test_sample_02190] [T1x_rxn6103] ❌ 错误 | 原子数：12
  - 正确映射：[ 6  9  3 11  8  4  0  1 10  2  7  5]
  - 预测映射：[ 6  9  3 11  8  4  0  1  2 10  7  5]
[test_sample_02191] [T1x_rxn6104] ❌ 错误 | 原子数：12
  - 正确映射：[ 7 11  0  3  8  2 10  4  6  5  9  1]
  - 预测映射：[10  0 11  2  8  3  7  4  9  1  6  5]
[test_sample_02192] [T1x_rxn6761] ✅ 严格正确 | 原子数：12
[test_sample_02193] [T1x_rxn6762] ✅ 严格正确 | 原子数：12
[test_sample_02194] [T1x_rxn6763] ❌ 错误 | 原子数：12
  - 正确映射：[ 0  9  1  7  5  6  4  8  3  2 10 11]
  - 预测映射：[ 0  9  4  6  5  7  1  3  8 11 10  2]
[test_sample_02195] [T1x_rxn6764] ❌ 错误 | 原子数：12
  - 正确映射：[10  6  8  0  2  5  4 11  3  9  7  1]
  - 预测映射：[ 5  4  2  0  8 10  6  1  3  7  9 11]
[test_sample_02196] [T1x_rxn6765] ❌ 错误 | 原子数：12
  - 正确映射：[ 6  7  8  5  9  4  2 10 11  3  0  1]
  - 预测映射：[ 6  7  2  4  9  5  8 11 10  1  0  3]
[test_sample_02197] [T1x_rxn6766] ✅ 严格正确 | 原子数：12
[test_sample_02198] [T1x_rxn6767] ❌ 错误 | 原子数：12
  - 正确映射：[ 2  5  6  3  0  1  8  4 11 10  7  9]
  - 预测映射：[ 1  8  5  2  6  3  0  9 11  4 10  7]
[test_sample_02199] [T1x_rxn6768] ❌ 错误 | 原子数：12
  - 正确映射：[ 0  5 10  1  2  6 11  3  4  9  8  7]
  - 预测映射：[ 0  5 10  1 11  6  2  4  3  9  7  8]
[test_sample_02200] [T1x_rxn6769] ❌ 错误 | 原子数：12
  - 正确映射：[ 8  3  0  6 11  4  2 10  9  5  1  7]
  - 预测映射：[ 8  3  2  4 11  6  0  5  9  7  1 10]
[test_sample_02201] [T1x_rxn6770] ❌ 错误 | 原子数：12
  - 正确映射：[ 9  8 10  3  5  1  7  0  4  6 11  2]
  - 预测映射：[ 9  8  7  1  5  3 10  4  0  2 11  6]
[test_sample_02202] [T1x_rxn6771] ✅ 严格正确 | 原子数：12
[test_sample_02203] [T1x_rxn6772] ❌ 错误 | 原子数：12
  - 正确映射：[10  4  8  6  0  5  7  2  1  9  3 11]
  - 预测映射：[ 5  0  7 10  4  6  8  1  3 11  2  9]
[test_sample_02204] [T1x_rxn6773] ❌ 错误 | 原子数：12
  - 正确映射：[ 2 11  8  4  9  0  1  7  6  5  3 10]
  - 预测映射：[ 2  8  9  4  1  0 11  5  7  3 10  6]
[test_sample_02205] [T1x_rxn6774] ❌ 错误 | 原子数：12
  - 正确映射：[ 7 10  3  4  2  1  5  0  6  9  8 11]
  - 预测映射：[ 7 10  5  1  2  4  3  6  0 11  8  9]
[test_sample_02206] [T1x_rxn6775] ❌ 错误 | 原子数：12
  - 正确映射：[ 3  6  9  0 10  4  1  7 11  5  8  2]
  - 预测映射：[ 3  6  1  4 10  0  9 11  7  2  8  5]
[test_sample_02207] [T1x_rxn8855] ❌ 错误 | 原子数：12
  - 正确映射：[ 8  4  9  3  0  6 10  5  7 11  2  1]
  - 预测映射：[ 8  4  9  6 10  3  0  5 11  2  1  7]
[test_sample_02208] [T1x_rxn8856] ❌ 错误 | 原子数：12
  - 正确映射：[ 4  1  9  7  2  8  6  5  3 10  0 11]
  - 预测映射：[ 4  1  9  8  6  7  2  5  3  0 10 11]
[test_sample_02209] [T1x_rxn8857] ❌ 错误 | 原子数：12
  - 正确映射：[ 2  6  3  5  7 11  9  1 10  8  0  4]
  - 预测映射：[ 5  6  2 11  9  3  7  8 10  0  1  4]
[test_sample_02210] [T1x_rxn8858] ❌ 错误 | 原子数：12
  - 正确映射：[ 4  5 10  1 11  3  7  0  6  2  8  9]
  - 预测映射：[ 3  5  4  1 11 10  7  0  2  6  8  9]
[test_sample_02211] [T1x_rxn9641] ❌ 错误 | 原子数：12
  - 正确映射：[ 8 11  1  9  4  6 10  0  5  3  2  7]
  - 预测映射：[ 8 11 10  6  4  9  1  5  0  7  2  3]
[test_sample_02212] [T1x_rxn9649] ❌ 错误 | 原子数：12
  - 正确映射：[ 3 10  4 11  2  0  5  1  7  9  8  6]
  - 预测映射：[ 3 10  0 11  2  4  5  8  7  9  1  6]
[test_sample_02213] [T1x_rxn9650] ✅ 严格正确 | 原子数：12
[test_sample_02214] [T1x_rxn9750] ❌ 错误 | 原子数：12
  - 正确映射：[11  7  4  8  5  9  3  2  6  0 10  1]
  - 预测映射：[11  4  3  9  5  8  7  0  6  1 10  2]
[test_sample_02215] [T1x_rxn9751] ❌ 错误 | 原子数：12
  - 正确映射：[ 7  9 10  6  8  4  5 11  0  1  3  2]
  - 预测映射：[ 7  9  8  6  5  4 10  0 11  3  2  1]
[test_sample_02216] [T1x_rxn0155] ✅ 严格正确 | 原子数：11
[test_sample_02217] [T1x_rxn0156] ❌ 错误 | 原子数：11
  - 正确映射：[ 6  9 10  8  7  5  3  2  0  1  4]
  - 预测映射：[ 6  9 10  8  7  5  0  2  3  1  4]
[test_sample_02218] [T1x_rxn0157] ❌ 错误 | 原子数：11
  - 正确映射：[ 9 10  4  1  0  6  3  5  8  7  2]
  - 预测映射：[ 9 10  4  1  0  6  8  5  3  2  7]
[test_sample_02219] [T1x_rxn0158] ❌ 错误 | 原子数：11
  - 正确映射：[ 4  9  8  6  2  5  0 10  3  1  7]
  - 预测映射：[ 4  9  8  6  2  5  3 10  0  1  7]
[test_sample_02220] [T1x_rxn0159] ✅ 严格正确 | 原子数：11
[test_sample_02221] [T1x_rxn0160] ❌ 错误 | 原子数：11
  - 正确映射：[ 5  2  7  1  3  9  4  0  6 10  8]
  - 预测映射：[ 3  1  7  2  5  9  8 10  4  0  6]
[test_sample_02222] [T1x_rxn0161] ❌ 错误 | 原子数：11
  - 正确映射：[ 1  7  3  8  2  0  9  5  4  6 10]
  - 预测映射：[ 1  7  3  8  2  0  4  5  9  6 10]
[test_sample_02223] [T1x_rxn0162] ❌ 错误 | 原子数：11
  - 正确映射：[ 5  7  9 10  0  6  1  3  2  4  8]
  - 预测映射：[ 5  7  9 10  0  6  3  2  1  4  8]
[test_sample_02224] [T1x_rxn0163] ❌ 错误 | 原子数：11
  - 正确映射：[ 4  5  2  8  7  1  0  3  6 10  9]
  - 预测映射：[ 7  8  2  5  4  1  9 10  0  3  6]
[test_sample_02225] [T1x_rxn0164] ❌ 错误 | 原子数：11
  - 正确映射：[ 9  2  4  0  5  3  8  7 10  6  1]
  - 预测映射：[ 9  5  4  2  0  3  7  8 10  1  6]
[test_sample_02226] [T1x_rxn0425] ❌ 错误 | 原子数：11
  - 正确映射：[ 7  8  9  5  3  2  1  6  0  4 10]
  - 预测映射：[ 7  8  9  5  3  2  6  1  4  0 10]
[test_sample_02227] [T1x_rxn0426] ❌ 错误 | 原子数：11
  - 正确映射：[ 7  8  0  6 10  3  4  9  2  5  1]
  - 预测映射：[ 7  8  0  6 10  3  9  4  1  5  2]
[test_sample_02228] [T1x_rxn0427] ❌ 错误 | 原子数：11
  - 正确映射：[ 1  5  2  7  6 10  8  9  3  4  0]
  - 预测映射：[ 1  5  2  7  6 10  9  8  3  4  0]
[test_sample_02229] [T1x_rxn0428] ✅ 严格正确 | 原子数：11
[test_sample_02230] [T1x_rxn0429] ❌ 错误 | 原子数：11
  - 正确映射：[10  0  4  8  5  7  6  3  2  9  1]
  - 预测映射：[10  0  4  8  5  7  6  3  9  2  1]
[test_sample_02231] [T1x_rxn0430] ✅ 严格正确 | 原子数：11
[test_sample_02232] [T1x_rxn0431] ✅ 严格正确 | 原子数：11
[test_sample_02233] [T1x_rxn0432] ✅ 严格正确 | 原子数：11
[test_sample_02234] [T1x_rxn0433] ✅ 严格正确 | 原子数：11
[test_sample_02235] [T1x_rxn0434] ✅ 严格正确 | 原子数：11
[test_sample_02236] [T1x_rxn0435] ✅ 严格正确 | 原子数：11
[test_sample_02237] [T1x_rxn0509] ❌ 错误 | 原子数：11
  - 正确映射：[ 5  2  0  3  1  6  4  8 10  7  9]
  - 预测映射：[ 5  2  0  1  6  3  4  8  9 10  7]
[test_sample_02238] [T1x_rxn0510] ❌ 错误 | 原子数：11
  - 正确映射：[ 8  5  4 10  7  6  0  9  1  2  3]
  - 预测映射：[ 8  5  4 10  7  6  9  0  2  1  3]
[test_sample_02239] [T1x_rxn0511] ❌ 错误 | 原子数：11
  - 正确映射：[ 6  4 10  0  9  5  2  8  7  3  1]
  - 预测映射：[ 6  4 10  0  5  9  2  8  7  1  3]
[test_sample_02240] [T1x_rxn0512] ❌ 错误 | 原子数：11
  - 正确映射：[10  6  8  5  4  3  1  0  7  9  2]
  - 预测映射：[10  6  8  5  4  3  1  0  9  7  2]
[test_sample_02241] [T1x_rxn0513] ❌ 错误 | 原子数：11
  - 正确映射：[ 9  6  2  0  4  1 10  8  3  5  7]
  - 预测映射：[ 9  4  2  0  1  6  7 10  3  5  8]
[test_sample_02242] [T1x_rxn0514] ❌ 错误 | 原子数：11
  - 正确映射：[ 5  7  6  2  3  8  0  4  9  1 10]
  - 预测映射：[ 5  7  6  3  2  8  0 10  4  9  1]
[test_sample_02243] [T1x_rxn0515] ❌ 错误 | 原子数：11
  - 正确映射：[10  0  6  8  2  3  5  7  4  1  9]
  - 预测映射：[10  8  6  0  2  3  1  4  7  5  9]
[test_sample_02244] [T1x_rxn0516] ❌ 错误 | 原子数：11
  - 正确映射：[ 6  4  1  8  7  5  0  2  3 10  9]
  - 预测映射：[ 6  4  1  8  7  5  2 10  3  0  9]
[test_sample_02245] [T1x_rxn0596] ❌ 错误 | 原子数：11
  - 正确映射：[ 9  6  3  5  8 10  7  2  4  0  1]
  - 预测映射：[ 9  6  3  5  8 10  7  4  2  1  0]
[test_sample_02246] [T1x_rxn0597] ❌ 错误 | 原子数：11
  - 正确映射：[ 7  8  2  5  6  9 10  3  4  0  1]
  - 预测映射：[ 7  8  2  6  5  9 10  3  4  1  0]
[test_sample_02247] [T1x_rxn0598] ❌ 错误 | 原子数：11
  - 正确映射：[ 0  2  8  4  1  6  5  9  7 10  3]
  - 预测映射：[ 0  2  8  4  1  6  9 10  3  5  7]
[test_sample_02248] [T1x_rxn0599] ✅ 严格正确 | 原子数：11
[test_sample_02249] [T1x_rxn0697] ❌ 错误 | 原子数：11
  - 正确映射：[ 0  4  5  8  1 10  7  9  2  3  6]
  - 预测映射：[ 0  4  5  8  1 10  7  9  2  6  3]
[test_sample_02250] [T1x_rxn0698] ✅ 严格正确 | 原子数：11
[test_sample_02251] [T1x_rxn0699] ❌ 错误 | 原子数：11
  - 正确映射：[10  8  4  5  7  2  0  3  6  9  1]
  - 预测映射：[10  8  4  7  5  2  0  9  1  3  6]
[test_sample_02252] [T1x_rxn0700] ✅ 严格正确 | 原子数：11
[test_sample_02253] [T1x_rxn0701] ✅ 严格正确 | 原子数：11
[test_sample_02254] [T1x_rxn0706] ❌ 错误 | 原子数：11
  - 正确映射：[ 2  8  7  0  9  6 10  5  1  4  3]
  - 预测映射：[ 2  8  7  0  9  6 10  5  1  3  4]
[test_sample_02255] [T1x_rxn0707] ✅ 严格正确 | 原子数：11
[test_sample_02256] [T1x_rxn0708] ✅ 严格正确 | 原子数：11
[test_sample_02257] [T1x_rxn0709] ❌ 错误 | 原子数：11
  - 正确映射：[10  6  8  3  4  5  0  1  2  7  9]
  - 预测映射：[10  8  3  4  6  5  0  2  9  7  1]
[test_sample_02258] [T1x_rxn0710] ❌ 错误 | 原子数：11
  - 正确映射：[ 6  5 10  8  1  3  9  0  7  2  4]
  - 预测映射：[ 6  5 10  8  1  3  9  0  7  4  2]
[test_sample_02259] [T1x_rxn0711] ❌ 错误 | 原子数：11
  - 正确映射：[ 8  6  5  2  0  3  1  4  9  7 10]
  - 预测映射：[ 8  6  5  2  0  3  1  4  9 10  7]
[test_sample_02260] [T1x_rxn0712] ❌ 错误 | 原子数：11
  - 正确映射：[ 3  2  9  8  6 10  0  4  7  1  5]
  - 预测映射：[ 3  2  9  8  6 10  0  4  7  5  1]
[test_sample_02261] [T1x_rxn0713] ❌ 错误 | 原子数：11
  - 正确映射：[ 3  2 10  7  6  9  1  5  8  0  4]
  - 预测映射：[ 3  2 10  7  6  9  1  5  8  4  0]
[test_sample_02262] [T1x_rxn0714] ❌ 错误 | 原子数：11
  - 正确映射：[ 8  7  3  1 10  9  0  5  4  2  6]
  - 预测映射：[ 8  7  3  1 10  9  0  5  6  2  4]
[test_sample_02263] [T1x_rxn0715] ❌ 错误 | 原子数：11
  - 正确映射：[ 8  3  1  7  5  0  6  2  4 10  9]
  - 预测映射：[ 8  3  1  7  5  0  6  4  2 10  9]
[test_sample_02264] [T1x_rxn0716] ❌ 错误 | 原子数：11
  - 正确映射：[ 8  7  6  9  1  4  3 10  0  5  2]
  - 预测映射：[ 8  1  7  6  9  4  2  3 10  0  5]
[test_sample_02265] [T1x_rxn0717] ❌ 错误 | 原子数：11
  - 正确映射：[ 7  5  2  9  4  1  6  8  0  3 10]
  - 预测映射：[ 7  5  2  9  4  1  6  8  0 10  3]
[test_sample_02266] [T1x_rxn0718] ✅ 严格正确 | 原子数：11
[test_sample_02267] [T1x_rxn0719] ✅ 严格正确 | 原子数：11
[test_sample_02268] [T1x_rxn0720] ❌ 错误 | 原子数：11
  - 正确映射：[ 3  1  7  6 10  9  0  2  8  4  5]
  - 预测映射：[ 3  1  7  6 10  9  0  2  8  5  4]
[test_sample_02269] [T1x_rxn0879] ❌ 错误 | 原子数：11
  - 正确映射：[ 0  6  1  8  2  7  4 10  3  9  5]
  - 预测映射：[ 0  6  1  8  2  7  3 10  4  9  5]
[test_sample_02270] [T1x_rxn0880] ❌ 错误 | 原子数：11
  - 正确映射：[ 4  0  6  3 10  2  5  9  7  1  8]
  - 预测映射：[ 4  0  6  3 10  2  7  5  9  8  1]
[test_sample_02271] [T1x_rxn0881] ✅ 严格正确 | 原子数：11
[test_sample_02272] [T1x_rxn0882] ❌ 错误 | 原子数：11
  - 正确映射：[ 0 10  9  2  7  3  4  5  8  6  1]
  - 预测映射：[ 0 10  9  2  7  3  8  5  4  6  1]
[test_sample_02273] [T1x_rxn0883] ❌ 错误 | 原子数：11
  - 正确映射：[10  3  9  6  5  4  8  1  0  2  7]
  - 预测映射：[10  3  9  6  5  4  1  8  0  2  7]
[test_sample_02274] [T1x_rxn0884] ❌ 错误 | 原子数：11
  - 正确映射：[ 9  5  8  7  6  2  3  4  1 10  0]
  - 预测映射：[ 9  5  8  7  6  2  1  4  3 10  0]
[test_sample_02275] [T1x_rxn1109] ❌ 错误 | 原子数：11
  - 正确映射：[10  1  6  2  8  9  4  0  7  5  3]
  - 预测映射：[10  1  6  2  8  9  4  5  0  3  7]
[test_sample_02276] [T1x_rxn1110] ❌ 错误 | 原子数：11
  - 正确映射：[ 6  8  2  7  1  3  9  0  4  5 10]
  - 预测映射：[ 6  8  2  7  1  3  9  5  0 10  4]
[test_sample_02277] [T1x_rxn1111] ❌ 错误 | 原子数：11
  - 正确映射：[ 2  0  4  6 10  9  8  3  5  1  7]
  - 预测映射：[ 2  6  0  4 10  9  8  3  1  5  7]
[test_sample_02278] [T1x_rxn1112] ❌ 错误 | 原子数：11
  - 正确映射：[ 8  6  5  4  3  0  2  1  9 10  7]
  - 预测映射：[ 8  6  5  4  3  0  2  9  1  7 10]
[test_sample_02279] [T1x_rxn1113] ✅ 严格正确 | 原子数：11
[test_sample_02280] [T1x_rxn1114] ❌ 错误 | 原子数：11
  - 正确映射：[ 7  4  1  9  6  2  0  3  8 10  5]
  - 预测映射：[ 7  4  1  9  6  2  3  0  8 10  5]
[test_sample_02281] [T1x_rxn1115] ❌ 错误 | 原子数：11
  - 正确映射：[ 6  5  3  8  2  4  1  7 10  0  9]
  - 预测映射：[ 6  5  8  3  2  4  0  9  1 10  7]
[test_sample_02282] [T1x_rxn1159] ❌ 错误 | 原子数：11
  - 正确映射：[ 4  2 10  6  5  9  8  0  7  1  3]
  - 预测映射：[ 4  2 10  6  5  9  0  7  8  1  3]
[test_sample_02283] [T1x_rxn1160] ✅ 严格正确 | 原子数：11
[test_sample_02284] [T1x_rxn1161] ✅ 严格正确 | 原子数：11
[test_sample_02285] [T1x_rxn1162] ✅ 严格正确 | 原子数：11
[test_sample_02286] [T1x_rxn1163] ✅ 严格正确 | 原子数：11
[test_sample_02287] [T1x_rxn1164] ✅ 严格正确 | 原子数：11
[test_sample_02288] [T1x_rxn1165] ❌ 错误 | 原子数：11
  - 正确映射：[ 0  2  6  1  4  3  9  8 10  7  5]
  - 预测映射：[ 2  1  6  4  0  3  9  7 10  5  8]
[test_sample_02289] [T1x_rxn1166] ❌ 错误 | 原子数：11
  - 正确映射：[ 0  9  1  6 10  4  3  5  7  8  2]
  - 预测映射：[ 0  9  1  6 10  4  5  7  3  8  2]
[test_sample_02290] [T1x_rxn1167] ❌ 错误 | 原子数：11
  - 正确映射：[ 0  1  3  4 10  2  7  9  5  8  6]
  - 预测映射：[ 1  0  3  4 10  2  7  5  8  9  6]
[test_sample_02291] [T1x_rxn1168] ❌ 错误 | 原子数：11
  - 正确映射：[10  0  6  9  1  8  2  7  5  3  4]
  - 预测映射：[ 0 10  6  9  1  8  7  5  3  2  4]
[test_sample_02292] [T1x_rxn1169] ❌ 错误 | 原子数：11
  - 正确映射：[ 4 10  2  1  7  0  5  6  3  9  8]
  - 预测映射：[ 4 10  2  1  7  0  6  5  3  9  8]
[test_sample_02293] [T1x_rxn1170] ❌ 错误 | 原子数：11
  - 正确映射：[ 6  2  1  0 10  3  8  4  9  7  5]
  - 预测映射：[ 6  2  1  0 10  3  4  8  7  9  5]
[test_sample_02294] [T1x_rxn1171] ❌ 错误 | 原子数：11
  - 正确映射：[ 8  4 10  0  7  9  5  2  6  3  1]
  - 预测映射：[ 8  4 10  0  7  9  6  2  5  1  3]
[test_sample_02295] [T1x_rxn1172] ❌ 错误 | 原子数：11
  - 正确映射：[ 3  8  0  6  2 10  7  4  1  5  9]
  - 预测映射：[ 3  8  0  6  2 10  7  1  4  9  5]
[test_sample_02296] [T1x_rxn1173] ❌ 错误 | 原子数：11
  - 正确映射：[ 5  0  8  1  3 10  2  6  7  4  9]
  - 预测映射：[ 5  0  8  1  3 10  6  2  7  4  9]
[test_sample_02297] [T1x_rxn1174] ❌ 错误 | 原子数：11
  - 正确映射：[ 8  1 10  9  7  0  3  5  4  6  2]
  - 预测映射：[ 8  1 10  9  7  0  4  3  5  6  2]
[test_sample_02298] [T1x_rxn1175] ❌ 错误 | 原子数：11
  - 正确映射：[ 5  7  9 10  2  3  8  1  0  4  6]
  - 预测映射：[ 5  7  9 10  2  3  1  8  0  4  6]
[test_sample_02299] [T1x_rxn1423] ✅ 严格正确 | 原子数：11
[test_sample_02300] [T1x_rxn1424] ❌ 错误 | 原子数：11
  - 正确映射：[ 3  9  2  1  8  5  0  7  4  6 10]
  - 预测映射：[ 3  9  2  1  8  5  7  0  4  6 10]
[test_sample_02301] [T1x_rxn1425] ✅ 严格正确 | 原子数：11
[test_sample_02302] [T1x_rxn1426] ❌ 错误 | 原子数：11
  - 正确映射：[ 4  7  9  3  0 10  5  2  1  8  6]
  - 预测映射：[ 4 10  0  3  9  7  8  5  6  1  2]
[test_sample_02303] [T1x_rxn1427] ❌ 错误 | 原子数：11
  - 正确映射：[10  5  4  1  6  0  2  9  7  3  8]
  - 预测映射：[10  0  6  1  4  5  8  9  3  7  2]
[test_sample_02304] [T1x_rxn1428] ❌ 错误 | 原子数：11
  - 正确映射：[ 8  6  1  4  5  7 10  2  0  9  3]
  - 预测映射：[ 8  6  1  4  5  7  0  2 10  9  3]
[test_sample_02305] [T1x_rxn1429] ❌ 错误 | 原子数：11
  - 正确映射：[ 7  4  1 10  6  0  8  9  5  3  2]
  - 预测映射：[ 7  4  1 10  6  0  5  9  8  3  2]
[test_sample_02306] [T1x_rxn1430] ✅ 严格正确 | 原子数：11
[test_sample_02307] [T1x_rxn1431] ✅ 严格正确 | 原子数：11
[test_sample_02308] [T1x_rxn1432] ❌ 错误 | 原子数：11
  - 正确映射：[ 3  9  8  1  0  6 10  4  5  7  2]
  - 预测映射：[ 3  9  6  1  0  8  4 10  2  7  5]
[test_sample_02309] [T1x_rxn1433] ✅ 严格正确 | 原子数：11
[test_sample_02310] [T1x_rxn1434] ❌ 错误 | 原子数：11
  - 正确映射：[ 8 10  0  3  4  5  1  9  2  6  7]
  - 预测映射：[ 8  0 10  3  4  5  9  2  1  6  7]
[test_sample_02311] [T1x_rxn1435] ❌ 错误 | 原子数：11
  - 正确映射：[ 8  7 10  1  3  0  5  9  2  4  6]
  - 预测映射：[ 8  7  0  1  3 10  5  2  9  4  6]
[test_sample_02312] [T1x_rxn1579] ✅ 严格正确 | 原子数：11
[test_sample_02313] [T1x_rxn1580] ❌ 错误 | 原子数：11
  - 正确映射：[10  2  4  3  8  0  6  1  5  7  9]
  - 预测映射：[10  2  8  3  4  0  5  6  1  9  7]
[test_sample_02314] [T1x_rxn1581] ❌ 错误 | 原子数：11
  - 正确映射：[ 7  6  3  0  2  4  8  1  5  9 10]
  - 预测映射：[ 7  6  3  0  2  4  1  8  5  9 10]
[test_sample_02315] [T1x_rxn1582] ❌ 错误 | 原子数：11
  - 正确映射：[ 8  3  7  9  1  5  4  2  6 10  0]
  - 预测映射：[ 8  3  7  9  1  5  2  6  4 10  0]
[test_sample_02316] [T1x_rxn1583] ❌ 错误 | 原子数：11
  - 正确映射：[ 3  0  9  8  2  5  7  6 10  1  4]
  - 预测映射：[ 3  0  9  8  2  5  6 10  7  1  4]
[test_sample_02317] [T1x_rxn1584] ❌ 错误 | 原子数：11
  - 正确映射：[ 0  1  4  2  3  5  8  9  7  6 10]
  - 预测映射：[ 0  1  4  2  3  5  7  8  9  6 10]
[test_sample_02318] [T1x_rxn1585] ✅ 严格正确 | 原子数：11
[test_sample_02319] [T1x_rxn1586] ❌ 错误 | 原子数：11
  - 正确映射：[10  3  2  5  9  1  6  0  8  7  4]
  - 预测映射：[10  3  2  5  9  1  8  7  0  6  4]
[test_sample_02320] [T1x_rxn1587] ❌ 错误 | 原子数：11
  - 正确映射：[ 1  8 10  3  9  2  4  0  5  7  6]
  - 预测映射：[ 1  8 10  3  9  2  0  4  5  7  6]
[test_sample_02321] [T1x_rxn1588] ❌ 错误 | 原子数：11
  - 正确映射：[ 9  5  8  7  1  3  2 10  4  6  0]
  - 预测映射：[ 9  5  1  7  8  3  2 10  4  0  6]
[test_sample_02322] [T1x_rxn1589] ❌ 错误 | 原子数：11
  - 正确映射：[ 1  5  2  8  0  7 10  4  6  3  9]
  - 预测映射：[ 5  1  2  8  0  7  6 10  3  9  4]
[test_sample_02323] [T1x_rxn1666] ✅ 严格正确 | 原子数：11
[test_sample_02324] [T1x_rxn1667] ❌ 错误 | 原子数：11
  - 正确映射：[ 9  7 10  5  2  8  4  3  6  1  0]
  - 预测映射：[ 9  7 10  5  2  8  4  3  0  1  6]
[test_sample_02325] [T1x_rxn1668] ❌ 错误 | 原子数：11
  - 正确映射：[ 8  3  4  7 10  0  5  6  1  9  2]
  - 预测映射：[ 8  3  4  7 10  0  6  5  1  9  2]
[test_sample_02326] [T1x_rxn1669] ❌ 错误 | 原子数：11
  - 正确映射：[ 6  2  4  1  7  8  9  5  3  0 10]
  - 预测映射：[ 6  2  4  1  7  8  9  5  3 10  0]
[test_sample_02327] [T1x_rxn1670] ❌ 错误 | 原子数：11
  - 正确映射：[ 3  5  2  7  0  9  8  4  6 10  1]
  - 预测映射：[ 3  5  2  7  0  9  8  6  4 10  1]
[test_sample_02328] [T1x_rxn1671] ✅ 严格正确 | 原子数：11
[test_sample_02329] [T1x_rxn2020] ✅ 严格正确 | 原子数：11
[test_sample_02330] [T1x_rxn2021] ❌ 错误 | 原子数：11
  - 正确映射：[ 1  5  6  0  4  9  7  2  8  3 10]
  - 预测映射：[ 1  5  6  0  4  9  8  2  7 10  3]
[test_sample_02331] [T1x_rxn2022] ❌ 错误 | 原子数：11
  - 正确映射：[10  2  9  3  4  5  6  1  0  8  7]
  - 预测映射：[10  2  4  3  9  5  6  1  0  8  7]
[test_sample_02332] [T1x_rxn2023] ❌ 错误 | 原子数：11
  - 正确映射：[ 6  4  5  0  1  9  7  8  2  3 10]
  - 预测映射：[ 4  6  5  0  1  9  7  8 10  3  2]
[test_sample_02333] [T1x_rxn2024] ❌ 错误 | 原子数：11
  - 正确映射：[ 4  9  2 10  0  3  5  6  7  8  1]
  - 预测映射：[ 2  4  9 10  0  3  1  6  8  7  5]
[test_sample_02334] [T1x_rxn2025] ❌ 错误 | 原子数：11
  - 正确映射：[10  5  8  3  6  9  1  4  7  0  2]
  - 预测映射：[10  5  8  3  6  9  2  4  0  7  1]
[test_sample_02335] [T1x_rxn2026] ❌ 错误 | 原子数：11
  - 正确映射：[ 2 10  0  1  8  5  4  6  7  9  3]
  - 预测映射：[10  0  2  1  8  5  9  6  3  4  7]
[test_sample_02336] [T1x_rxn2027] ✅ 严格正确 | 原子数：11
[test_sample_02337] [T1x_rxn2028] ❌ 错误 | 原子数：11
  - 正确映射：[ 4  0  8  7 10  3  6  2  1  5  9]
  - 预测映射：[ 0  4 10  7  8  3  1  2  5  9  6]
[test_sample_02338] [T1x_rxn2142] ❌ 错误 | 原子数：11
  - 正确映射：[10  8  6  5  7  0  4  2  9  1  3]
  - 预测映射：[10  8  6  5  7  0  9  4  2  1  3]
[test_sample_02339] [T1x_rxn2143] ✅ 严格正确 | 原子数：11
[test_sample_02340] [T1x_rxn2292] ✅ 严格正确 | 原子数：11
[test_sample_02341] [T1x_rxn2293] ✅ 严格正确 | 原子数：11
[test_sample_02342] [T1x_rxn2294] ✅ 严格正确 | 原子数：11
[test_sample_02343] [T1x_rxn2295] ❌ 错误 | 原子数：11
  - 正确映射：[ 5  6  2 10  9  4  1  8  7  3  0]
  - 预测映射：[ 5  6  2 10  9  4  1  7  0  8  3]
[test_sample_02344] [T1x_rxn2296] ✅ 严格正确 | 原子数：11
[test_sample_02345] [T1x_rxn2297] ❌ 错误 | 原子数：11
  - 正确映射：[ 4  8  9 10  0  3  6  7  5  1  2]
  - 预测映射：[ 4  9  8 10  0  3  2  5  7  6  1]
[test_sample_02346] [T1x_rxn2298] ❌ 错误 | 原子数：11
  - 正确映射：[ 7  9  6  1  8  5  0 10  4  3  2]
  - 预测映射：[ 7  9  6  1  8  5  0  3  4 10  2]
[test_sample_02347] [T1x_rxn2299] ✅ 严格正确 | 原子数：11
[test_sample_02348] [T1x_rxn2300] ❌ 错误 | 原子数：11
  - 正确映射：[10  5  4  6  7  0  9  8  1  3  2]
  - 预测映射：[10  5  4  6  7  0  9  2  8  3  1]
[test_sample_02349] [T1x_rxn2301] ❌ 错误 | 原子数：11
  - 正确映射：[ 9  6  8  5  2  0 10  3  4  1  7]
  - 预测映射：[ 9  6  8  5  0  2 10  3  4  1  7]
[test_sample_02350] [T1x_rxn2302] ✅ 严格正确 | 原子数：11
[test_sample_02351] [T1x_rxn2303] ❌ 错误 | 原子数：11
  - 正确映射：[ 4  6  9  2 10  8  0  7  5  1  3]
  - 预测映射：[ 4  6  9  2 10  8  7  1  5  0  3]
[test_sample_02352] [T1x_rxn2304] ✅ 严格正确 | 原子数：11
[test_sample_02353] [T1x_rxn2305] ❌ 错误 | 原子数：11
  - 正确映射：[ 6  9  5  2  7  1  4 10  8  3  0]
  - 预测映射：[ 6  9  5  2  7  1  8 10  4  3  0]
[test_sample_02354] [T1x_rxn2331] ❌ 错误 | 原子数：11
  - 正确映射：[ 9  1  0  4  5 10  3  7  6  2  8]
  - 预测映射：[ 9  0  1  4  5 10  6  7  3  2  8]
[test_sample_02355] [T1x_rxn2332] ❌ 错误 | 原子数：11
  - 正确映射：[ 6  0  7  8  4  1  3  9 10  2  5]
  - 预测映射：[ 6  0  7  8  4  1 10  9  3  2  5]
[test_sample_02356] [T1x_rxn2333] ❌ 错误 | 原子数：11
  - 正确映射：[ 1  7  3  2  8  9 10  6  4  5  0]
  - 预测映射：[ 1  7  3  2  8  9  4  6 10  5  0]
[test_sample_02357] [T1x_rxn2334] ❌ 错误 | 原子数：11
  - 正确映射：[ 6  4  0  1  2  3  7 10  5  9  8]
  - 预测映射：[ 6  4  0  1  2  3  7  5 10  9  8]
[test_sample_02358] [T1x_rxn2335] ❌ 错误 | 原子数：11
  - 正确映射：[ 7  8  0  1  3  4 10  5  6  9  2]
  - 预测映射：[ 7  8  0  1  3  4  5 10  6  9  2]
[test_sample_02359] [T1x_rxn2336] ❌ 错误 | 原子数：11
  - 正确映射：[ 3  0  9  7  2  4  1 10  6  8  5]
  - 预测映射：[ 3  0  9  7  2  4  6 10  1  8  5]
[test_sample_02360] [T1x_rxn2337] ✅ 严格正确 | 原子数：11
[test_sample_02361] [T1x_rxn2338] ❌ 错误 | 原子数：11
  - 正确映射：[ 8  1  7 10  6  4  9  5  2  0  3]
  - 预测映射：[ 8  1  7 10  6  4  2  5  9  0  3]
[test_sample_02362] [T1x_rxn2339] ✅ 严格正确 | 原子数：11
[test_sample_02363] [T1x_rxn2340] ✅ 严格正确 | 原子数：11
[test_sample_02364] [T1x_rxn2539] ❌ 错误 | 原子数：11
  - 正确映射：[ 3  2  1  5 10  0  6  7  8  4  9]
  - 预测映射：[ 3  2  1  5 10  0  7  6  8  4  9]
[test_sample_02365] [T1x_rxn2540] ❌ 错误 | 原子数：11
  - 正确映射：[ 1  4  3  0  8 10  2  7  9  5  6]
  - 预测映射：[ 1  4  3  0  8 10  7  9  5  2  6]
[test_sample_02366] [T1x_rxn2702] ✅ 严格正确 | 原子数：11
[test_sample_02367] [T1x_rxn2703] ✅ 严格正确 | 原子数：11
[test_sample_02368] [T1x_rxn2704] ❌ 错误 | 原子数：11
  - 正确映射：[ 7  9  2  4  1  6  5  0  3 10  8]
  - 预测映射：[ 7  9  2  4  1  6  0  5 10  3  8]
[test_sample_02369] [T1x_rxn2705] ❌ 错误 | 原子数：11
  - 正确映射：[ 1  6 10  9  3  2  0  7  5  4  8]
  - 预测映射：[ 1  6 10  9  3  2  7  0  5  8  4]
[test_sample_02370] [T1x_rxn2706] ✅ 严格正确 | 原子数：11
[test_sample_02371] [T1x_rxn2707] ✅ 严格正确 | 原子数：11
[test_sample_02372] [T1x_rxn2708] ❌ 错误 | 原子数：11
  - 正确映射：[ 5  1  6  7  9  2 10  3  8  4  0]
  - 预测映射：[ 5  1  6  7  9  2  3 10  4  8  0]
[test_sample_02373] [T1x_rxn2709] ❌ 错误 | 原子数：11
  - 正确映射：[ 8  9  0  1 10  4  2  3  7  6  5]
  - 预测映射：[ 8  9  0  1 10  4  7  3  2  6  5]
[test_sample_02374] [T1x_rxn2710] ❌ 错误 | 原子数：11
  - 正确映射：[ 2  6  4  3 10  0  9  5  7  1  8]
  - 预测映射：[ 2  6  4  3 10  0  5  9  1  7  8]
[test_sample_02375] [T1x_rxn2711] ✅ 严格正确 | 原子数：11
[test_sample_02376] [T1x_rxn2712] ✅ 严格正确 | 原子数：11
[test_sample_02377] [T1x_rxn2713] ❌ 错误 | 原子数：11
  - 正确映射：[ 8  0  6 10  2  5  9  7  1  4  3]
  - 预测映射：[ 8  0  6 10  2  5  7  9  1  3  4]
[test_sample_02378] [T1x_rxn2714] ❌ 错误 | 原子数：11
  - 正确映射：[10  7  8  4  6  1  9  3  2  5  0]
  - 预测映射：[10  7  8  4  6  1  3  9  2  5  0]
[test_sample_02379] [T1x_rxn2715] ✅ 严格正确 | 原子数：11
[test_sample_02380] [T1x_rxn2716] ✅ 严格正确 | 原子数：11
[test_sample_02381] [T1x_rxn2717] ✅ 严格正确 | 原子数：11
[test_sample_02382] [T1x_rxn2718] ❌ 错误 | 原子数：11
  - 正确映射：[ 5  3  8  1  6  9  2  4 10  0  7]
  - 预测映射：[ 5  3  8  1  6  9  4  2 10  7  0]
[test_sample_02383] [T1x_rxn2991] ✅ 严格正确 | 原子数：11
[test_sample_02384] [T1x_rxn2992] ✅ 严格正确 | 原子数：11
[test_sample_02385] [T1x_rxn2993] ✅ 严格正确 | 原子数：11
[test_sample_02386] [T1x_rxn2994] ✅ 严格正确 | 原子数：11
[test_sample_02387] [T1x_rxn2995] ❌ 错误 | 原子数：11
  - 正确映射：[ 9  7  8  4  0  1  2  3  5  6 10]
  - 预测映射：[ 9  7  8  4  0  1  2  3  5 10  6]
[test_sample_02388] [T1x_rxn2996] ✅ 严格正确 | 原子数：11
[test_sample_02389] [T1x_rxn2997] ✅ 严格正确 | 原子数：11
[test_sample_02390] [T1x_rxn2998] ✅ 严格正确 | 原子数：11
[test_sample_02391] [T1x_rxn2999] ❌ 错误 | 原子数：11
  - 正确映射：[ 4  6  2  1  7  9 10  5  3  0  8]
  - 预测映射：[ 4  9  7  1  2  6 10  8  0  3  5]
[test_sample_02392] [T1x_rxn3000] ❌ 错误 | 原子数：11
  - 正确映射：[ 0  8  3  5  1  2  4  7  9  6 10]
  - 预测映射：[ 0  8  2  5  1  3  7  4  9  6 10]
[test_sample_02393] [T1x_rxn3001] ✅ 严格正确 | 原子数：11
[test_sample_02394] [T1x_rxn3002] ❌ 错误 | 原子数：11
  - 正确映射：[ 3  0  9  4  6  8  5  1  7 10  2]
  - 预测映射：[ 3  0  8  4  6  9  1  5 10  7  2]
[test_sample_02395] [T1x_rxn3003] ❌ 错误 | 原子数：11
  - 正确映射：[ 6  7  8 10  2  1  4  0  3  5  9]
  - 预测映射：[ 6  8  2 10  1  7  4  3  5  9  0]
[test_sample_02396] [T1x_rxn3033] ❌ 错误 | 原子数：11
  - 正确映射：[ 2  9  8 10  0  3  7  4  1  6  5]
  - 预测映射：[ 2  8  9 10  0  3  5  1  4  7  6]
[test_sample_02397] [T1x_rxn3034] ✅ 严格正确 | 原子数：11
[test_sample_02398] [T1x_rxn3035] ❌ 错误 | 原子数：11
  - 正确映射：[ 1  0  8  3  9  2  6  5  4 10  7]
  - 预测映射：[ 1  0  9  3  8  2  6  5 10  4  7]
[test_sample_02399] [T1x_rxn3128] ❌ 错误 | 原子数：11
  - 正确映射：[ 8  4  3  5  6  1  0  2 10  7  9]
  - 预测映射：[ 8  4  5  3  6  1  0  2 10  7  9]
[test_sample_02400] [T1x_rxn3129] ❌ 错误 | 原子数：11
  - 正确映射：[ 6  3  8  5  7  0 10  2  9  4  1]
  - 预测映射：[ 6  3  8  5  7  0 10  2  9  1  4]
[test_sample_02401] [T1x_rxn3130] ❌ 错误 | 原子数：11
  - 正确映射：[ 9  2  0  4  5 10  8  7  6  3  1]
  - 预测映射：[ 9  2  0  4  5 10  8  7  3  6  1]
[test_sample_02402] [T1x_rxn3131] ✅ 严格正确 | 原子数：11
[test_sample_02403] [T1x_rxn3132] ✅ 严格正确 | 原子数：11
[test_sample_02404] [T1x_rxn3133] ✅ 严格正确 | 原子数：11
[test_sample_02405] [T1x_rxn3134] ❌ 错误 | 原子数：11
  - 正确映射：[10  5  1  9  6  3  8  4  0  2  7]
  - 预测映射：[10  1  9  6  5  3  8  0  2  7  4]
[test_sample_02406] [T1x_rxn3135] ❌ 错误 | 原子数：11
  - 正确映射：[10  3  5  1  0  6  8  2  4  7  9]
  - 预测映射：[10  3  1  5  0  6  8  4  2  7  9]
[test_sample_02407] [T1x_rxn3136] ❌ 错误 | 原子数：11
  - 正确映射：[ 8  1  2  6  0  9 10  3  7  4  5]
  - 预测映射：[ 8  1  2  6  0  9 10  3  4  7  5]
[test_sample_02408] [T1x_rxn3137] ✅ 严格正确 | 原子数：11
[test_sample_02409] [T1x_rxn3138] ❌ 错误 | 原子数：11
  - 正确映射：[ 0  9  7  3  1  5  8  4 10  6  2]
  - 预测映射：[ 0  9  7  3  1  5  8 10  4  6  2]
[test_sample_02410] [T1x_rxn3139] ❌ 错误 | 原子数：11
  - 正确映射：[10  5  0  7  2  8  9  4  6  1  3]
  - 预测映射：[10  5  0  7  2  8  9  4  1  6  3]
[test_sample_02411] [T1x_rxn3140] ✅ 严格正确 | 原子数：11
[test_sample_02412] [T1x_rxn3141] ❌ 错误 | 原子数：11
  - 正确映射：[ 6  5  2 10  0  4  3  8  9  7  1]
  - 预测映射：[ 6  5  2 10  0  4  8  3  9  7  1]
[test_sample_02413] [T1x_rxn3142] ✅ 严格正确 | 原子数：11
[test_sample_02414] [T1x_rxn3143] ❌ 错误 | 原子数：11
  - 正确映射：[ 1  2  6  5  3 10  0  4  9  8  7]
  - 预测映射：[ 1  2  6  5  3 10  8  4  9  0  7]
[test_sample_02415] [T1x_rxn3266] ✅ 严格正确 | 原子数：11
[test_sample_02416] [T1x_rxn3267] ❌ 错误 | 原子数：11
  - 正确映射：[ 1  9  3  6 10  7  4  5  2  8  0]
  - 预测映射：[ 1  9  3  6 10  7  4  2  5  0  8]
[test_sample_02417] [T1x_rxn3268] ✅ 严格正确 | 原子数：11
[test_sample_02418] [T1x_rxn3269] ❌ 错误 | 原子数：11
  - 正确映射：[ 6  5  3 10  4  7  2  9  0  8  1]
  - 预测映射：[ 6  5  3 10  4  7  2  0  9  8  1]
[test_sample_02419] [T1x_rxn3270] ✅ 严格正确 | 原子数：11
[test_sample_02420] [T1x_rxn3271] ❌ 错误 | 原子数：11
  - 正确映射：[10  5  9  0  7  2  6  4  1  8  3]
  - 预测映射：[10  7  9  0  5  2  8  4  1  6  3]
[test_sample_02421] [T1x_rxn3272] ❌ 错误 | 原子数：11
  - 正确映射：[ 3  1  4  5  0  2  6  9  8  7 10]
  - 预测映射：[ 3  1  4  5  0  2  6  8  9  7 10]
[test_sample_02422] [T1x_rxn3273] ✅ 严格正确 | 原子数：11
[test_sample_02423] [T1x_rxn3274] ❌ 错误 | 原子数：11
  - 正确映射：[ 1  5  4  3  8  6  7  9  0 10  2]
  - 预测映射：[ 1  6  4  8  3  5 10  9  7  0  2]
[test_sample_02424] [T1x_rxn3275] ✅ 严格正确 | 原子数：11
[test_sample_02425] [T1x_rxn3276] ❌ 错误 | 原子数：11
  - 正确映射：[10  1  6  2  8  3  0  9  7  5  4]
  - 预测映射：[10  1  6  2  8  3  0  7  9  5  4]
[test_sample_02426] [T1x_rxn3277] ❌ 错误 | 原子数：11
  - 正确映射：[ 1  2 10  6  9  4  0  8  7  5  3]
  - 预测映射：[ 1  2 10  6  9  4  0  7  8  5  3]
[test_sample_02427] [T1x_rxn3278] ❌ 错误 | 原子数：11
  - 正确映射：[ 4  7  0  8  2 10  9  6  1  3  5]
  - 预测映射：[ 4  7  0  8  2 10  9  1  6  3  5]
[test_sample_02428] [T1x_rxn3313] ❌ 错误 | 原子数：11
  - 正确映射：[ 7  5  9  2  8  1  4 10  6  0  3]
  - 预测映射：[ 7  2  9  5  8  1  4  0  6 10  3]
[test_sample_02429] [T1x_rxn3314] ✅ 严格正确 | 原子数：11
[test_sample_02430] [T1x_rxn3315] ❌ 错误 | 原子数：11
  - 正确映射：[ 2 10  8  9  7  0  6  4  3  5  1]
  - 预测映射：[ 2 10  8  9  7  0  3  6  4  5  1]
[test_sample_02431] [T1x_rxn3316] ❌ 错误 | 原子数：11
  - 正确映射：[10  4  2  0  8  9  7  5  3  6  1]
  - 预测映射：[10  4  2  0  8  9  7  5  3  1  6]
[test_sample_02432] [T1x_rxn3317] ❌ 错误 | 原子数：11
  - 正确映射：[ 3  5  9 10  6  7  0  1  4  8  2]
  - 预测映射：[ 3  5  7 10  6  9  4  0  1  8  2]
[test_sample_02433] [T1x_rxn3318] ❌ 错误 | 原子数：11
  - 正确映射：[ 5  4  3  1  9  2  7  0 10  6  8]
  - 预测映射：[ 5  1  3  4  9  2  7  6 10  0  8]
[test_sample_02434] [T1x_rxn3319] ❌ 错误 | 原子数：11
  - 正确映射：[ 5  7  6  9  2 10  0  1  8  3  4]
  - 预测映射：[ 5  6  7 10  2  9  1  0  8  4  3]
[test_sample_02435] [T1x_rxn3320] ✅ 严格正确 | 原子数：11
[test_sample_02436] [T1x_rxn3321] ❌ 错误 | 原子数：11
  - 正确映射：[ 7  3  2  6  8  9  5  0  1  4 10]
  - 预测映射：[ 7  9  3  2  8  6  5 10  0  1  4]
[test_sample_02437] [T1x_rxn3356] ✅ 严格正确 | 原子数：11
[test_sample_02438] [T1x_rxn3357] ❌ 错误 | 原子数：11
  - 正确映射：[ 8  3  5  0  9 10  6  4  2  7  1]
  - 预测映射：[ 5  8  9  0  3 10  2  7  1  4  6]
[test_sample_02439] [T1x_rxn3358] ❌ 错误 | 原子数：11
  - 正确映射：[ 8  1  5  6  4  9  7 10  3  2  0]
  - 预测映射：[ 8  1  5  6  4  9  3 10  7  2  0]
[test_sample_02440] [T1x_rxn3359] ❌ 错误 | 原子数：11
  - 正确映射：[ 0  3  4  7  2  8 10  5  6  9  1]
  - 预测映射：[ 0  3  4  7  2  8  9  6  5 10  1]
[test_sample_02441] [T1x_rxn3360] ❌ 错误 | 原子数：11
  - 正确映射：[ 6  0  1  7  5 10  4  2  3  9  8]
  - 预测映射：[ 6  5  1  7  0 10  3  2  4  9  8]
[test_sample_02442] [T1x_rxn3361] ✅ 严格正确 | 原子数：11
[test_sample_02443] [T1x_rxn3362] ✅ 严格正确 | 原子数：11
[test_sample_02444] [T1x_rxn3363] ❌ 错误 | 原子数：11
  - 正确映射：[10  0  7  6  9  4  2  1  5  3  8]
  - 预测映射：[10  0  7  6  9  4  2  3  5  1  8]
[test_sample_02445] [T1x_rxn3364] ✅ 严格正确 | 原子数：11
[test_sample_02446] [T1x_rxn3365] ❌ 错误 | 原子数：11
  - 正确映射：[ 8  6  1  4  9  7  5  3  0 10  2]
  - 预测映射：[ 8  6  1  4  9  7  3  0  5 10  2]
[test_sample_02447] [T1x_rxn3559] ❌ 错误 | 原子数：11
  - 正确映射：[ 0  6  3  1  4  5  7  8  9 10  2]
  - 预测映射：[ 0  6  3  1  4  5  8 10  9  7  2]
[test_sample_02448] [T1x_rxn3560] ❌ 错误 | 原子数：11
  - 正确映射：[ 9  5  1  0  4  7  2  6  3  8 10]
  - 预测映射：[ 9  5  1  0  4  7  6  2  8  3 10]
[test_sample_02449] [T1x_rxn3561] ❌ 错误 | 原子数：11
  - 正确映射：[ 7  6  3 10  8  1  9  0  4  2  5]
  - 预测映射：[ 7  6  3 10  1  8  9  0  2  4  5]
[test_sample_02450] [T1x_rxn3562] ✅ 严格正确 | 原子数：11
[test_sample_02451] [T1x_rxn3563] ❌ 错误 | 原子数：11
  - 正确映射：[ 6  3  5 10  7  9  4  2  0  1  8]
  - 预测映射：[ 6  3  5 10  7  9  4  2  1  0  8]
[test_sample_02452] [T1x_rxn3564] ❌ 错误 | 原子数：11
  - 正确映射：[ 3  7  5  0 10  1  4  9  8  2  6]
  - 预测映射：[ 3  7  5  0 10  1  4  9  2  8  6]
[test_sample_02453] [T1x_rxn3584] ❌ 错误 | 原子数：11
  - 正确映射：[ 1  8  0  3  6  9  7  5 10  2  4]
  - 预测映射：[ 1  8  0  3  6  9  5 10  7  2  4]
[test_sample_02454] [T1x_rxn3585] ❌ 错误 | 原子数：11
  - 正确映射：[ 9  5  3  6  1  7  0 10  2  4  8]
  - 预测映射：[ 9  5  3  6  1  7  0  2 10  4  8]
[test_sample_02455] [T1x_rxn3586] ❌ 错误 | 原子数：11
  - 正确映射：[ 4 10  5  0  3  2  6  9  8  1  7]
  - 预测映射：[ 5 10  4  0  3  2  6  8  1  9  7]
[test_sample_02456] [T1x_rxn3587] ❌ 错误 | 原子数：11
  - 正确映射：[ 9  7  0  1  4  3  8  2  5  6 10]
  - 预测映射：[ 9  0  7  1  4  3  8  2  6  5 10]
[test_sample_02457] [T1x_rxn3588] ✅ 严格正确 | 原子数：11
[test_sample_02458] [T1x_rxn3589] ❌ 错误 | 原子数：11
  - 正确映射：[ 7  5  4  9 10  0  2  6  1  3  8]
  - 预测映射：[ 7  5  4  9 10  0  6  2  8  3  1]
[test_sample_02459] [T1x_rxn3590] ❌ 错误 | 原子数：11
  - 正确映射：[ 0  9  4  6  5  1  2  8  7 10  3]
  - 预测映射：[ 0  9  4  6  5  1  7  2  8 10  3]
[test_sample_02460] [T1x_rxn3591] ❌ 错误 | 原子数：11
  - 正确映射：[ 4  9 10  6  2  7  0  1  5  8  3]
  - 预测映射：[ 4  9  7  6  2 10  1  0  5  3  8]
[test_sample_02461] [T1x_rxn3824] ❌ 错误 | 原子数：11
  - 正确映射：[ 8  6  9  4 10  0  1  7  2  3  5]
  - 预测映射：[ 8  4  9  6 10  0  1  7  2  5  3]
[test_sample_02462] [T1x_rxn3825] ❌ 错误 | 原子数：11
  - 正确映射：[ 7  6  0  5  1  9 10  4  3  8  2]
  - 预测映射：[ 7  6  0  1  5  9  4 10  2  8  3]
[test_sample_02463] [T1x_rxn3826] ✅ 严格正确 | 原子数：11
[test_sample_02464] [T1x_rxn3827] ✅ 严格正确 | 原子数：11
[test_sample_02465] [T1x_rxn3828] ✅ 严格正确 | 原子数：11
[test_sample_02466] [T1x_rxn3829] ❌ 错误 | 原子数：11
  - 正确映射：[ 1  4  8  3  2  0  6 10  7  9  5]
  - 预测映射：[ 1  4  8  3  2  0  6 10  9  7  5]
[test_sample_02467] [T1x_rxn3830] ✅ 严格正确 | 原子数：11
[test_sample_02468] [T1x_rxn3831] ❌ 错误 | 原子数：11
  - 正确映射：[ 6  3  5  8  1  7 10  9  4  2  0]
  - 预测映射：[ 6  3  1  5  8  7  0  2  9 10  4]
[test_sample_02469] [T1x_rxn3832] ✅ 严格正确 | 原子数：11
[test_sample_02470] [T1x_rxn3833] ❌ 错误 | 原子数：11
  - 正确映射：[10  1  3  2  7  6  9  5  4  8  0]
  - 预测映射：[10  1  3  2  7  6  9  5  4  0  8]
[test_sample_02471] [T1x_rxn3834] ✅ 严格正确 | 原子数：11
[test_sample_02472] [T1x_rxn3835] ❌ 错误 | 原子数：11
  - 正确映射：[ 0  1  3  9 10  5  6  4  2  8  7]
  - 预测映射：[ 0  1  3  9 10  5  4  6  2  7  8]
[test_sample_02473] [T1x_rxn3836] ❌ 错误 | 原子数：11
  - 正确映射：[ 8  5  7  6  0  3 10  2  4  9  1]
  - 预测映射：[ 8  5  7  0  6  3  2 10  1  9  4]
[test_sample_02474] [T1x_rxn3837] ❌ 错误 | 原子数：11
  - 正确映射：[10  1  8  6  3  4  7  0  2  9  5]
  - 预测映射：[10  1  8  6  3  4  0  2  5  9  7]
[test_sample_02475] [T1x_rxn3838] ❌ 错误 | 原子数：11
  - 正确映射：[ 9  3  5  2  6  7  0  4 10  1  8]
  - 预测映射：[ 9  3  6  2  5  7  1  8 10  4  0]
[test_sample_02476] [T1x_rxn3865] ✅ 严格正确 | 原子数：11
[test_sample_02477] [T1x_rxn3866] ❌ 错误 | 原子数：11
  - 正确映射：[ 2  4  9  8 10  0  3  7  6  1  5]
  - 预测映射：[ 4  8  9  0 10  2  7  6  1  5  3]
[test_sample_02478] [T1x_rxn3867] ❌ 错误 | 原子数：11
  - 正确映射：[ 5  7  4 10  9  1  2  8  0  3  6]
  - 预测映射：[ 5  7  4  1  9 10  2  8  0  6  3]
[test_sample_02479] [T1x_rxn3868] ✅ 严格正确 | 原子数：11
[test_sample_02480] [T1x_rxn3869] ❌ 错误 | 原子数：11
  - 正确映射：[ 7  3  4  0  1  6  9  5 10  2  8]
  - 预测映射：[ 6  0  4  3  1  7 10  8  2  5  9]
[test_sample_02481] [T1x_rxn3870] ❌ 错误 | 原子数：11
  - 正确映射：[ 4  9 10  6  8  7  3  1  5  2  0]
  - 预测映射：[ 7  4 10  9  8  6  3  0  1  5  2]
[test_sample_02482] [T1x_rxn3871] ✅ 严格正确 | 原子数：11
[test_sample_02483] [T1x_rxn3872] ✅ 严格正确 | 原子数：11
[test_sample_02484] [T1x_rxn3873] ✅ 严格正确 | 原子数：11
[test_sample_02485] [T1x_rxn3874] ❌ 错误 | 原子数：11
  - 正确映射：[ 2  6  5  4  1  9  0  3  8  7 10]
  - 预测映射：[ 2  6  5  4  1  9 10  3  8  7  0]
[test_sample_02486] [T1x_rxn3875] ❌ 错误 | 原子数：11
  - 正确映射：[ 1  0  9  7  3  2  8  4  5 10  6]
  - 预测映射：[ 0  1  9  7  3  2  4  5  8 10  6]
[test_sample_02487] [T1x_rxn3876] ✅ 严格正确 | 原子数：11
[test_sample_02488] [T1x_rxn3877] ❌ 错误 | 原子数：11
  - 正确映射：[ 4  5  8  7  6  1  0  2  9  3 10]
  - 预测映射：[ 1  4  8  5  6  7  2 10  0  9  3]
[test_sample_02489] [T1x_rxn4029] ✅ 严格正确 | 原子数：11
[test_sample_02490] [T1x_rxn4030] ❌ 错误 | 原子数：11
  - 正确映射：[ 3  8  5  4  0  9  2  1  6 10  7]
  - 预测映射：[ 3  8  5  4  0  9  2  6  1  7 10]
[test_sample_02491] [T1x_rxn4031] ❌ 错误 | 原子数：11
  - 正确映射：[ 5  1  0 10  8  7  4  3  9  6  2]
  - 预测映射：[ 5 10  0  1  8  7  3  9  6  4  2]
[test_sample_02492] [T1x_rxn4032] ❌ 错误 | 原子数：11
  - 正确映射：[ 1  7  0  9  6  5  2  4  3  8 10]
  - 预测映射：[ 1  7  0  9  6  5  3  2  4  8 10]
[test_sample_02493] [T1x_rxn4033] ❌ 错误 | 原子数：11
  - 正确映射：[ 1  0  7  5  3  6  4 10  9  2  8]
  - 预测映射：[ 1  0  7  5  3  6  4  9 10  8  2]
[test_sample_02494] [T1x_rxn4034] ✅ 严格正确 | 原子数：11
[test_sample_02495] [T1x_rxn4035] ❌ 错误 | 原子数：11
  - 正确映射：[ 7  2  9  0  6  4 10  1  3  5  8]
  - 预测映射：[ 7  2  9  0  6  4  1 10  3  5  8]
[test_sample_02496] [T1x_rxn4036] ❌ 错误 | 原子数：11
  - 正确映射：[ 0  2  1  4  3  8  6  9  7 10  5]
  - 预测映射：[ 0  2  1  3  4  8  6  9  7 10  5]
[test_sample_02497] [T1x_rxn4037] ❌ 错误 | 原子数：11
  - 正确映射：[ 4  9  0  2  1  6  8 10  5  3  7]
  - 预测映射：[ 4  9  0  2  1  6  8  5 10  7  3]
[test_sample_02498] [T1x_rxn4038] ❌ 错误 | 原子数：11
  - 正确映射：[ 7  8  9  4  0  2  3  6  5 10  1]
  - 预测映射：[ 7  8  9  4  0  2  3  5  6  1 10]
[test_sample_02499] [T1x_rxn4130] ✅ 严格正确 | 原子数：11
[test_sample_02500] [T1x_rxn4131] ❌ 错误 | 原子数：11
  - 正确映射：[ 7 10  2  8  9  3  6  4  5  1  0]
  - 预测映射：[ 7 10  2  8  9  3  6  1  5  4  0]
[test_sample_02501] [T1x_rxn4132] ❌ 错误 | 原子数：11
  - 正确映射：[10  8  1  4  0  9  6  3  5  7  2]
  - 预测映射：[10  8  1  4  0  9  3  6  5  7  2]
[test_sample_02502] [T1x_rxn4313] ❌ 错误 | 原子数：11
  - 正确映射：[ 6  5  4  9  0  8  2  3 10  1  7]
  - 预测映射：[ 4  0  5  9  6  8 10  7  3  2  1]
[test_sample_02503] [T1x_rxn4314] ❌ 错误 | 原子数：11
  - 正确映射：[ 6  8  4  5  7  3  2  1  0 10  9]
  - 预测映射：[ 6  8  4  5  7  3  0  2  1 10  9]
[test_sample_02504] [T1x_rxn4315] ✅ 严格正确 | 原子数：11
[test_sample_02505] [T1x_rxn4316] ✅ 严格正确 | 原子数：11
[test_sample_02506] [T1x_rxn4317] ❌ 错误 | 原子数：11
  - 正确映射：[ 4  0  5  8  2  9 10  6  3  1  7]
  - 预测映射：[ 4  0  5  8  2  9 10  7  3  6  1]
[test_sample_02507] [T1x_rxn4318] ✅ 严格正确 | 原子数：11
[test_sample_02508] [T1x_rxn4319] ✅ 严格正确 | 原子数：11
[test_sample_02509] [T1x_rxn4320] ❌ 错误 | 原子数：11
  - 正确映射：[ 5  3  1  6 10  8  2  9  4  0  7]
  - 预测映射：[ 5  3  1  6 10  8  4  9  2  7  0]
[test_sample_02510] [T1x_rxn4664] ❌ 错误 | 原子数：11
  - 正确映射：[ 9  5  3  1  4  7  2  6 10  0  8]
  - 预测映射：[ 9  5  3  7  4  1  2  0  8  6 10]
[test_sample_02511] [T1x_rxn4665] ❌ 错误 | 原子数：11
  - 正确映射：[ 5  4  9  1  6  7  8  2  3  0 10]
  - 预测映射：[ 5  4  9  7  6  1  8  0 10  2  3]
[test_sample_02512] [T1x_rxn4666] ❌ 错误 | 原子数：11
  - 正确映射：[ 7  8  5  0  4  9 10  3  1  6  2]
  - 预测映射：[ 7  8  5  9  4  0  1  6  2 10  3]
[test_sample_02513] [T1x_rxn4667] ❌ 错误 | 原子数：11
  - 正确映射：[ 8  3  0  4  5 10  2  1  9  6  7]
  - 预测映射：[ 8  3  0  4  5 10  1  7  9  2  6]
[test_sample_02514] [T1x_rxn4668] ❌ 错误 | 原子数：11
  - 正确映射：[ 4  9  7  5  3  1  2  8  6  0 10]
  - 预测映射：[ 4  9  7  1  3  5  2  0 10  8  6]
[test_sample_02515] [T1x_rxn4669] ✅ 严格正确 | 原子数：11
[test_sample_02516] [T1x_rxn4741] ❌ 错误 | 原子数：11
  - 正确映射：[ 6 10  0  4  8  1  7  5  2  9  3]
  - 预测映射：[ 6 10  0  4  8  1  7  2  9  3  5]
[test_sample_02517] [T1x_rxn4742] ✅ 严格正确 | 原子数：11
[test_sample_02518] [T1x_rxn4743] ✅ 严格正确 | 原子数：11
[test_sample_02519] [T1x_rxn4744] ❌ 错误 | 原子数：11
  - 正确映射：[ 9  8  2  1  7  4  3  0 10  6  5]
  - 预测映射：[ 9  8  7  1  2  4  6  5 10  3  0]
[test_sample_02520] [T1x_rxn4745] ✅ 严格正确 | 原子数：11
[test_sample_02521] [T1x_rxn4746] ❌ 错误 | 原子数：11
  - 正确映射：[ 1 10  3  7  4  6  2  9  0  8  5]
  - 预测映射：[ 1 10  3  7  4  6  9  2  0  8  5]
[test_sample_02522] [T1x_rxn4747] ✅ 严格正确 | 原子数：11
[test_sample_02523] [T1x_rxn4748] ❌ 错误 | 原子数：11
  - 正确映射：[ 1  4  0  2  7  3  9  8  6  5 10]
  - 预测映射：[ 1  4  0  2  7  3  6  9  5 10  8]
[test_sample_02524] [T1x_rxn4749] ❌ 错误 | 原子数：11
  - 正确映射：[ 5 10  0  2  9  3  4  8  6  1  7]
  - 预测映射：[ 5 10  0  2  9  3  8  4  6  1  7]
[test_sample_02525] [T1x_rxn4750] ❌ 错误 | 原子数：11
  - 正确映射：[ 3  5  8 10  4  9  6  2  0  1  7]
  - 预测映射：[ 3  5  8 10  4  9  2  6  0  1  7]
[test_sample_02526] [T1x_rxn4751] ❌ 错误 | 原子数：11
  - 正确映射：[ 9  4  2  7  0  3  5 10  6  8  1]
  - 预测映射：[ 9  4  2  7  0  3 10  5  1  8  6]
[test_sample_02527] [T1x_rxn4752] ✅ 严格正确 | 原子数：11
[test_sample_02528] [T1x_rxn4753] ❌ 错误 | 原子数：11
  - 正确映射：[ 1  9  5  2  6  8 10  7  4  3  0]
  - 预测映射：[ 1  9  5  2  6  8  7 10  4  3  0]
[test_sample_02529] [T1x_rxn4754] ✅ 严格正确 | 原子数：11
[test_sample_02530] [T1x_rxn8983] ❌ 错误 | 原子数：11
  - 正确映射：[ 6  3  2  7  9  1  5  4  0 10  8]
  - 预测映射：[ 6  3  2  7  1  9  4  5  8 10  0]
[test_sample_02531] [T1x_rxn9002] ✅ 严格正确 | 原子数：11
[test_sample_02532] [T1x_rxn9003] ❌ 错误 | 原子数：11
  - 正确映射：[ 4  7  6  9  2  8  3  1 10  0  5]
  - 预测映射：[ 4  6  7  2  9  8 10  5  1  0  3]
[test_sample_02533] [T1x_rxn9014] ❌ 错误 | 原子数：11
  - 正确映射：[10  0  1  2  9  3  7  6  5  4  8]
  - 预测映射：[10  0  1  2  9  3  7  5  4  6  8]
[test_sample_02534] [T1x_rxn9015] ❌ 错误 | 原子数：11
  - 正确映射：[ 6  7  8  2  9  3  5  4 10  1  0]
  - 预测映射：[ 6  7  8  2  9  3  5  4 10  0  1]
[test_sample_02535] [T1x_rxn9033] ❌ 错误 | 原子数：11
  - 正确映射：[ 2  7  3 10  0  8  1  9  4  6  5]
  - 预测映射：[ 7  3  2 10  0  8  1  9  6  4  5]
[test_sample_02536] [T1x_rxn9034] ❌ 错误 | 原子数：11
  - 正确映射：[ 7  8  4  0  5  3  1  2  6 10  9]
  - 预测映射：[ 7  8  4  0  5  3  6  2  1 10  9]
[test_sample_02537] [T1x_rxn9070] ❌ 错误 | 原子数：11
  - 正确映射：[ 2  3  1 10  4  0  5  8  7  6  9]
  - 预测映射：[ 2  1  3 10  4  0  7  8  5  6  9]
[test_sample_02538] [T1x_rxn9124] ❌ 错误 | 原子数：11
  - 正确映射：[ 2  0  1  5  4  3  8  6 10  7  9]
  - 预测映射：[ 2  0  1  5  4  3  8 10  6  7  9]
[test_sample_02539] [T1x_rxn9131] ✅ 严格正确 | 原子数：11
[test_sample_02540] [T1x_rxn9187] ❌ 错误 | 原子数：11
  - 正确映射：[ 0  1  9  5  8  3 10  4  2  6  7]
  - 预测映射：[ 0  1  9  5  8  3 10  4  2  7  6]
[test_sample_02541] [T1x_rxn9188] ❌ 错误 | 原子数：11
  - 正确映射：[ 4  3  2  9  0  7  6  5  8 10  1]
  - 预测映射：[ 4  3  2  9  0  7  6  8  5  1 10]
[test_sample_02542] [T1x_rxn9205] ❌ 错误 | 原子数：11
  - 正确映射：[ 4  3  6  2  7  9  5  8 10  1  0]
  - 预测映射：[ 4  2  3  6  7  9  0  5 10  8  1]
[test_sample_02543] [T1x_rxn9206] ✅ 严格正确 | 原子数：11
[test_sample_02544] [T1x_rxn9207] ❌ 错误 | 原子数：11
  - 正确映射：[ 9  4 10  5  8  0  2  6  3  7  1]
  - 预测映射：[ 9 10  5  4  8  0  2  7  3  6  1]
[test_sample_02545] [T1x_rxn9208] ❌ 错误 | 原子数：11
  - 正确映射：[ 7 10  8  0  1  6  3  9  4  5  2]
  - 预测映射：[ 7 10  8  0  6  1  3  9  4  5  2]
[test_sample_02546] [T1x_rxn9244] ❌ 错误 | 原子数：11
  - 正确映射：[ 7  3  0  1 10  8  6  2  4  9  5]
  - 预测映射：[ 7  3  0  1  8 10  6  2  9  4  5]
[test_sample_02547] [T1x_rxn9293] ❌ 错误 | 原子数：11
  - 正确映射：[ 6  1  9  7 10  0  4  5  2  3  8]
  - 预测映射：[ 6  0  1  7  9 10  8  4  5  2  3]
[test_sample_02548] [T1x_rxn9307] ❌ 错误 | 原子数：11
  - 正确映射：[ 5  3  9  6  4  8  2  7 10  0  1]
  - 预测映射：[ 5  3  9  6  4  8  2 10  0  1  7]
[test_sample_02549] [T1x_rxn9308] ✅ 严格正确 | 原子数：11
[test_sample_02550] [T1x_rxn9336] ❌ 错误 | 原子数：11
  - 正确映射：[ 9  6  4  1  7  5  8  0  2  3 10]
  - 预测映射：[ 9  4  6  1  7  5  8  0  2  3 10]
[test_sample_02551] [T1x_rxn9337] ❌ 错误 | 原子数：11
  - 正确映射：[ 8  1  0  6 10  5  3  4  2  7  9]
  - 预测映射：[ 1 10  0  6  8  5  2  3  7  4  9]
[test_sample_02552] [T1x_rxn9338] ❌ 错误 | 原子数：11
  - 正确映射：[10  4  3  0  1  2  8  6  7  9  5]
  - 预测映射：[ 4  3 10  0  1  2  5  9  7  6  8]
[test_sample_02553] [T1x_rxn9358] ✅ 严格正确 | 原子数：11
[test_sample_02554] [T1x_rxn9390] ❌ 错误 | 原子数：11
  - 正确映射：[ 3  6  2  5  8  0  9  7  1 10  4]
  - 预测映射：[ 3  6  8  5  2  0 10  4  1  7  9]
[test_sample_02555] [T1x_rxn9433] ❌ 错误 | 原子数：11
  - 正确映射：[ 3 10  7  4  9  5  1  2  6  8  0]
  - 预测映射：[ 3 10  7  4  9  5  1  6  8  0  2]
[test_sample_02556] [T1x_rxn10026] ❌ 错误 | 原子数：12
  - 正确映射：[ 2  7  9  5 10  6  4  1  8  3  0 11]
  - 预测映射：[ 2  9  5  6  4  7 10  0  1  3  8 11]
[test_sample_02557] [T1x_rxn5136] ❌ 错误 | 原子数：12
  - 正确映射：[ 0  8  6  4  3 10 11  5  9  7  1  2]
  - 预测映射：[ 0  8  6  4  3 11 10  5  2  1  9  7]
[test_sample_02558] [T1x_rxn5137] ❌ 错误 | 原子数：12
  - 正确映射：[ 3  0  9  4 11  1 10  7  2  5  8  6]
  - 预测映射：[ 4  9  0  3 11  1 10  8  5  7  2  6]
[test_sample_02559] [T1x_rxn5138] ❌ 错误 | 原子数：12
  - 正确映射：[ 6  2  0  3  4 10 11  7  8  1  9  5]
  - 预测映射：[ 6  2  0  3  4 10 11  7  1  9  5  8]
[test_sample_02560] [T1x_rxn5139] ❌ 错误 | 原子数：12
  - 正确映射：[ 2 10  8  0  7  5  1  3 11  4  6  9]
  - 预测映射：[ 2  1 10  0  7  8  5  3  4 11  9  6]
[test_sample_02561] [T1x_rxn5140] ✅ 严格正确 | 原子数：12
[test_sample_02562] [T1x_rxn5141] ❌ 错误 | 原子数：12
  - 正确映射：[ 3  1 11  4  2  8 10  6  7  5  9  0]
  - 预测映射：[ 4  1 11  3  2 10  8  6  9  5  7  0]
[test_sample_02563] [T1x_rxn5142] ❌ 错误 | 原子数：12
  - 正确映射：[ 4  3  0  5  8  9 10  7  1  2 11  6]
  - 预测映射：[ 5  0  3  4  8  9 10  7  1  6 11  2]
[test_sample_02564] [T1x_rxn5143] ❌ 错误 | 原子数：12
  - 正确映射：[ 3  9  4  1  7  6  5  8  0  2 11 10]
  - 预测映射：[ 3  9  4  1  7  6  5  8  2  0 10 11]
[test_sample_02565] [T1x_rxn5144] ❌ 错误 | 原子数：12
  - 正确映射：[ 1 10  9  8  2  4  7 11  0  6  3  5]
  - 预测映射：[ 1 10  9  8  2  7  4 11  3  5  0  6]
[test_sample_02566] [T1x_rxn5145] ❌ 错误 | 原子数：12
  - 正确映射：[ 8  3  7  4  2  9  6 11 10  0  5  1]
  - 预测映射：[ 8  3  7  4  2  9  6 11  1 10  0  5]
[test_sample_02567] [T1x_rxn5156] ❌ 错误 | 原子数：12
  - 正确映射：[ 0  8  1  4 11  2  7  9  5 10  6  3]
  - 预测映射：[ 0  8  1  4 11  2  7  9  5  6 10  3]
[test_sample_02568] [T1x_rxn5157] ❌ 错误 | 原子数：12
  - 正确映射：[ 9  7  4  2  6  5  8  0 11  1  3 10]
  - 预测映射：[ 9  7  5  2  6  4  8  0 10  3  1 11]
[test_sample_02569] [T1x_rxn5158] ❌ 错误 | 原子数：12
  - 正确映射：[ 5  8 11  6  3  9  7  4  1  0  2 10]
  - 预测映射：[ 5  8 11  6  3  9  7  4  0  1  2 10]
[test_sample_02570] [T1x_rxn5159] ✅ 严格正确 | 原子数：12
[test_sample_02571] [T1x_rxn5160] ✅ 严格正确 | 原子数：12
[test_sample_02572] [T1x_rxn5161] ❌ 错误 | 原子数：12
  - 正确映射：[ 9  1  7  6 11  4  8  0  2  5  3 10]
  - 预测映射：[ 8  7  6  4 11  1  9  3  5  2 10  0]
[test_sample_02573] [T1x_rxn5162] ❌ 错误 | 原子数：12
  - 正确映射：[11  3 10  8  5  7  4  9  1  2  0  6]
  - 预测映射：[ 4  7  8 10  5  3 11  6  2  0  1  9]
[test_sample_02574] [T1x_rxn5163] ✅ 严格正确 | 原子数：12
[test_sample_02575] [T1x_rxn5164] ❌ 错误 | 原子数：12
  - 正确映射：[ 7  8  2  9  1 11  6  0  4  5  3 10]
  - 预测映射：[ 7  8  9  2  1 11  6  0  5  4  3 10]
[test_sample_02576] [T1x_rxn5165] ✅ 严格正确 | 原子数：12
[test_sample_02577] [T1x_rxn5166] ✅ 严格正确 | 原子数：12
[test_sample_02578] [T1x_rxn5167] ✅ 严格正确 | 原子数：12
[test_sample_02579] [T1x_rxn5168] ❌ 错误 | 原子数：12
  - 正确映射：[11  4  1 10  3  7  6  0  5  2  9  8]
  - 预测映射：[ 6  7  1 10  3  4 11  8  5  2  9  0]
[test_sample_02580] [T1x_rxn5169] ✅ 严格正确 | 原子数：12
[test_sample_02581] [T1x_rxn5170] ❌ 错误 | 原子数：12
  - 正确映射：[ 5  8  4  0 10  9 11  2  7  6  1  3]
  - 预测映射：[11  0  4  8 10  9  5  6  1  2  7  3]
[test_sample_02582] [T1x_rxn5171] ✅ 严格正确 | 原子数：12
[test_sample_02583] [T1x_rxn5172] ❌ 错误 | 原子数：12
  - 正确映射：[ 0  7  9  8  3  6 10  2  1 11  4  5]
  - 预测映射：[ 0  7  9  8  3  6 10  2  1  4 11  5]
[test_sample_02584] [T1x_rxn5173] ❌ 错误 | 原子数：12
  - 正确映射：[ 3  7 10  9  0  1  5  4  6  8  2 11]
  - 预测映射：[ 3  7 10  9  0  1  5  4  6  2  8 11]
[test_sample_02585] [T1x_rxn5174] ❌ 错误 | 原子数：12
  - 正确映射：[ 5  2  8  9  0  7  3 10  4 11  1  6]
  - 预测映射：[ 5  8  2  9  0  7  3  4 10 11  1  6]
[test_sample_02586] [T1x_rxn5175] ❌ 错误 | 原子数：12
  - 正确映射：[ 5  8 11  0  7  2  6  4  1 10  9  3]
  - 预测映射：[ 6  0 11  2  7  8  5  1 10  9  3  4]
[test_sample_02587] [T1x_rxn5176] ❌ 错误 | 原子数：12
  - 正确映射：[ 8  3  5 11 10  7  1  0  9  6  2  4]
  - 预测映射：[ 8  3  5 11 10  7  1  9  0  4  2  6]
[test_sample_02588] [T1x_rxn5177] ✅ 严格正确 | 原子数：12
[test_sample_02589] [T1x_rxn5369] ❌ 错误 | 原子数：12
  - 正确映射：[ 2  8  6  1  4  3  9 10  7  5 11  0]
  - 预测映射：[ 2  8  6  1  4  3  9  7 10  5 11  0]
[test_sample_02590] [T1x_rxn5370] ✅ 严格正确 | 原子数：12
[test_sample_02591] [T1x_rxn5371] ✅ 严格正确 | 原子数：12
[test_sample_02592] [T1x_rxn5372] ❌ 错误 | 原子数：12
  - 正确映射：[ 5  8  1  4  2 10  3  7  9  6  0 11]
  - 预测映射：[10  2  1  4  8  5  3  9  7  6  0 11]
[test_sample_02593] [T1x_rxn5373] ✅ 严格正确 | 原子数：12
[test_sample_02594] [T1x_rxn5374] ❌ 错误 | 原子数：12
  - 正确映射：[ 5  9  7 11 10  3  1  0  6  4  8  2]
  - 预测映射：[ 3 10  7 11  9  5  1  8  4  6  0  2]
[test_sample_02595] [T1x_rxn5375] ❌ 错误 | 原子数：12
  - 正确映射：[ 4  5 11  0  8  6  9  1  2 10  7  3]
  - 预测映射：[ 4  5 11  0  8  6  9  1  2  7 10  3]
[test_sample_02596] [T1x_rxn5376] ✅ 严格正确 | 原子数：12
[test_sample_02597] [T1x_rxn5377] ❌ 错误 | 原子数：12
  - 正确映射：[ 4  3  8  5  6  1  7  0 10  9  2 11]
  - 预测映射：[ 4  3  8  5  6  1  7 10  2  9 11  0]
[test_sample_02598] [T1x_rxn5378] ✅ 严格正确 | 原子数：12
[test_sample_02599] [T1x_rxn5379] ✅ 严格正确 | 原子数：12
[test_sample_02600] [T1x_rxn5380] ✅ 严格正确 | 原子数：12
[test_sample_02601] [T1x_rxn5381] ✅ 严格正确 | 原子数：12
[test_sample_02602] [T1x_rxn5382] ✅ 严格正确 | 原子数：12
[test_sample_02603] [T1x_rxn5383] ❌ 错误 | 原子数：12
  - 正确映射：[ 9  4  2  1  7 11  5  0  3  8  6 10]
  - 预测映射：[11  5  2  7  1  9  4  3  6 10  8  0]
[test_sample_02604] [T1x_rxn5384] ✅ 严格正确 | 原子数：12
[test_sample_02605] [T1x_rxn5385] ❌ 错误 | 原子数：12
  - 正确映射：[ 6  3  5  9  2  0  1  7  8 11 10  4]
  - 预测映射：[ 6  3  5  9  2  0  1 10  7 11  8  4]
[test_sample_02606] [T1x_rxn5386] ❌ 错误 | 原子数：12
  - 正确映射：[ 4  2  6  1  8 11 10  3  9  7  5  0]
  - 预测映射：[ 4 10  6  1  8 11  2  0  7  9  5  3]
[test_sample_02607] [T1x_rxn5387] ✅ 严格正确 | 原子数：12
[test_sample_02608] [T1x_rxn5388] ✅ 严格正确 | 原子数：12
[test_sample_02609] [T1x_rxn5659] ✅ 严格正确 | 原子数：12
[test_sample_02610] [T1x_rxn5660] ❌ 错误 | 原子数：12
  - 正确映射：[ 9  8  2  6  5  1 11  3 10  4  7  0]
  - 预测映射：[ 5  1 11  6  9  2  8  7 10  0  3  4]
[test_sample_02611] [T1x_rxn5661] ❌ 错误 | 原子数：12
  - 正确映射：[ 7 11  5  8  6  3  1  4  9 10  0  2]
  - 预测映射：[ 7 11  5  8  6  3  1  4 10  9  0  2]
[test_sample_02612] [T1x_rxn5662] ✅ 严格正确 | 原子数：12
[test_sample_02613] [T1x_rxn5663] ❌ 错误 | 原子数：12
  - 正确映射：[ 8 11  2  7  4  5  0  9  3  6 10  1]
  - 预测映射：[ 8 11  2  7  4  5  0  3  9  6 10  1]
[test_sample_02614] [T1x_rxn5664] ✅ 严格正确 | 原子数：12
[test_sample_02615] [T1x_rxn5665] ❌ 错误 | 原子数：12
  - 正确映射：[10  9  5  8  4  1  6  0  7  3  2 11]
  - 预测映射：[10  9  5  8  4  6  1  0  7  3 11  2]
[test_sample_02616] [T1x_rxn6276] ❌ 错误 | 原子数：12
  - 正确映射：[ 8 10  9  3  1  4  5 11  0  6  7  2]
  - 预测映射：[ 8 10  4  5  1  9  3 11  0  6  2  7]
[test_sample_02617] [T1x_rxn6277] ❌ 错误 | 原子数：12
  - 正确映射：[ 6  9  8  4  5  0  7  2 10  3  1 11]
  - 预测映射：[ 8  9  6  7  5  0  4 10  1  3  2 11]
[test_sample_02618] [T1x_rxn6278] ✅ 严格正确 | 原子数：12
[test_sample_02619] [T1x_rxn6279] ❌ 错误 | 原子数：12
  - 正确映射：[ 4  6  5 10 11  1  0  7  9  3  8  2]
  - 预测映射：[ 4  6  5  0 11  1 10  3  8  9  7  2]
[test_sample_02620] [T1x_rxn6893] ❌ 错误 | 原子数：12
  - 正确映射：[ 8 10 11  5  2  1  0  7  6  9  4  3]
  - 预测映射：[ 8 10 11  5  2  1  0  9  6  7  3  4]
[test_sample_02621] [T1x_rxn6894] ❌ 错误 | 原子数：12
  - 正确映射：[10  7  4  6  3  0  8  1  9  2  5 11]
  - 预测映射：[10  7  4  6  3  0  8  2  1  9  5 11]
[test_sample_02622] [T1x_rxn6895] ✅ 严格正确 | 原子数：12
[test_sample_02623] [T1x_rxn6896] ❌ 错误 | 原子数：12
  - 正确映射：[ 5  4 10  0  3  9  6  7  8  2  1 11]
  - 预测映射：[ 5  4 10  0  3  9  6  8  7  2  1 11]
[test_sample_02624] [T1x_rxn6897] ✅ 严格正确 | 原子数：12
[test_sample_02625] [T1x_rxn6898] ❌ 错误 | 原子数：12
  - 正确映射：[ 8 10  4  7  3  5  2  6  0 11  9  1]
  - 预测映射：[ 8 10  4  7  3  5  2  9  6 11  0  1]
[test_sample_02626] [T1x_rxn6899] ❌ 错误 | 原子数：12
  - 正确映射：[ 3  0  8  6  7  1  4 10  2  9  5 11]
  - 预测映射：[ 3  0  8  6  7  1  4  5  2 10  9 11]
[test_sample_02627] [T1x_rxn6900] ❌ 错误 | 原子数：12
  - 正确映射：[ 4  9  3  2  5 10  8  6 11  0  7  1]
  - 预测映射：[ 4  9  3  2  5 10  8  1  0 11  7  6]
[test_sample_02628] [T1x_rxn6901] ❌ 错误 | 原子数：12
  - 正确映射：[11  9  0  8  2  3  4  7  5 10  6  1]
  - 预测映射：[11  0  9  8  2  3  4  7 10  6  1  5]
[test_sample_02629] [T1x_rxn7162] ✅ 严格正确 | 原子数：12
[test_sample_02630] [T1x_rxn7163] ❌ 错误 | 原子数：12
  - 正确映射：[ 0  4  7  1  8  6  3 10  2  5 11  9]
  - 预测映射：[ 0  4  7  1  8  6  3  2 11 10  5  9]
[test_sample_02631] [T1x_rxn7164] ❌ 错误 | 原子数：12
  - 正确映射：[ 8  1  2  4 11  9  6  3 10  0  7  5]
  - 预测映射：[ 8  1  2  4 11  9  6  3  0 10  7  5]
[test_sample_02632] [T1x_rxn7165] ✅ 严格正确 | 原子数：12
[test_sample_02633] [T1x_rxn7166] ✅ 严格正确 | 原子数：12
[test_sample_02634] [T1x_rxn7167] ✅ 严格正确 | 原子数：12
[test_sample_02635] [T1x_rxn7168] ❌ 错误 | 原子数：12
  - 正确映射：[11 10  9  4  2  8  1  5  7  0  6  3]
  - 预测映射：[11 10  9  4  2  8  1  7  5  6  0  3]
[test_sample_02636] [T1x_rxn7169] ❌ 错误 | 原子数：12
  - 正确映射：[ 4  3 11  0  7  9  6 10  2  1  5  8]
  - 预测映射：[ 4  3  7  9 11  0  6  1  2 10  8  5]
[test_sample_02637] [T1x_rxn7245] ❌ 错误 | 原子数：12
  - 正确映射：[11  8  1  6 10  7  5  4  9  2  3  0]
  - 预测映射：[11  8  1  6 10  7  5  4  2  9  3  0]
[test_sample_02638] [T1x_rxn7246] ✅ 严格正确 | 原子数：12
[test_sample_02639] [T1x_rxn7247] ❌ 错误 | 原子数：12
  - 正确映射：[ 3  4  2  9 11  7  0  5  6  8  1 10]
  - 预测映射：[ 3  4  2  9 11  7  0  5  8  6  1 10]
[test_sample_02640] [T1x_rxn7248] ❌ 错误 | 原子数：12
  - 正确映射：[ 5  4  3  0  9  1  2 10  7  8 11  6]
  - 预测映射：[ 5  4  3  0  9  1  2  7 10  8  6 11]
[test_sample_02641] [T1x_rxn7249] ❌ 错误 | 原子数：12
  - 正确映射：[ 7  0  3  4  6  1 10  5  2  9 11  8]
  - 预测映射：[ 7  0  3  4  6  1 10  2  5  9 11  8]
[test_sample_02642] [T1x_rxn7250] ❌ 错误 | 原子数：12
  - 正确映射：[ 6  5  1  3  4 10  9 11  2  0  8  7]
  - 预测映射：[ 6  5  1  3  4 10  9  2 11  0  8  7]
[test_sample_02643] [T1x_rxn7251] ✅ 严格正确 | 原子数：12
[test_sample_02644] [T1x_rxn7346] ❌ 错误 | 原子数：12
  - 正确映射：[ 6  5  0  1  8  4 10  2 11  3  9  7]
  - 预测映射：[ 6  5  0  1  8  4 10 11  2  3  9  7]
[test_sample_02645] [T1x_rxn7347] ❌ 错误 | 原子数：12
  - 正确映射：[ 0  3  5  1 11  4  8  9  6  7  2 10]
  - 预测映射：[ 0  3  5  1 11  4  8  6  7  2  9 10]
[test_sample_02646] [T1x_rxn7348] ✅ 严格正确 | 原子数：12
[test_sample_02647] [T1x_rxn7349] ❌ 错误 | 原子数：12
  - 正确映射：[ 1 11  9 10  4  8  7  6  0  2  3  5]
  - 预测映射：[ 1 11  9 10  4  8  7  6  0  3  5  2]
[test_sample_02648] [T1x_rxn7350] ❌ 错误 | 原子数：12
  - 正确映射：[ 1  0  2  5  3 11 10  9  4  8  7  6]
  - 预测映射：[ 1  0  2  5  3 11 10  8  4  9  7  6]
[test_sample_02649] [T1x_rxn7351] ❌ 错误 | 原子数：12
  - 正确映射：[ 7  8 11  5 10  4  6  0  1  3  9  2]
  - 预测映射：[ 6  4  5 11 10  8  7  9  2  3  1  0]
[test_sample_02650] [T1x_rxn7352] ✅ 严格正确 | 原子数：12
[test_sample_02651] [T1x_rxn7353] ✅ 严格正确 | 原子数：12
[test_sample_02652] [T1x_rxn7354] ❌ 错误 | 原子数：12
  - 正确映射：[ 8  4  0 10  2  3  7  1 11  9  6  5]
  - 预测映射：[ 7  3 10  0  2  4  8  9  5  1  6 11]
[test_sample_02653] [T1x_rxn7355] ✅ 严格正确 | 原子数：12
[test_sample_02654] [T1x_rxn7356] ✅ 严格正确 | 原子数：12
[test_sample_02655] [T1x_rxn7357] ❌ 错误 | 原子数：12
  - 正确映射：[ 4  1  9  3  7  2 11  6 10  8  0  5]
  - 预测映射：[ 4  1  9  3  7  2 11 10  6  0  8  5]
[test_sample_02656] [T1x_rxn7358] ✅ 严格正确 | 原子数：12
[test_sample_02657] [T1x_rxn7376] ✅ 严格正确 | 原子数：12
[test_sample_02658] [T1x_rxn7377] ❌ 错误 | 原子数：12
  - 正确映射：[ 1  8  0  9 10  2  4  5 11  7  6  3]
  - 预测映射：[ 1  8  0  2  4  9 10  5 11  7  3  6]
[test_sample_02659] [T1x_rxn7378] ✅ 严格正确 | 原子数：12
[test_sample_02660] [T1x_rxn7379] ❌ 错误 | 原子数：12
  - 正确映射：[ 0  6  3  4 11  9  7  5  8 10  1  2]
  - 预测映射：[ 0  6  3  4 11  9  7  5 10  8  1  2]
[test_sample_02661] [T1x_rxn7380] ❌ 错误 | 原子数：12
  - 正确映射：[ 1  9  0  8 11  2  5  7  6  4 10  3]
  - 预测映射：[ 1  9  0  8 11  2  5  6  7  4 10  3]
[test_sample_02662] [T1x_rxn7381] ❌ 错误 | 原子数：12
  - 正确映射：[11  1  7  4  9  5  3  2  8 10  6  0]
  - 预测映射：[11  1  5  4  9  7  3  8  2  0  6 10]
[test_sample_02663] [T1x_rxn7382] ✅ 严格正确 | 原子数：12
[test_sample_02664] [T1x_rxn7383] ✅ 严格正确 | 原子数：12
[test_sample_02665] [T1x_rxn7384] ✅ 严格正确 | 原子数：12
[test_sample_02666] [T1x_rxn7903] ✅ 严格正确 | 原子数：12
[test_sample_02667] [T1x_rxn7904] ❌ 错误 | 原子数：12
  - 正确映射：[ 0 11  4  9  7  3  6  2  1 10  5  8]
  - 预测映射：[ 6  3  4  9  7 11  0  8  1  5 10  2]
[test_sample_02668] [T1x_rxn7905] ❌ 错误 | 原子数：12
  - 正确映射：[11  0  4  3  2  8  7 10  5  9  1  6]
  - 预测映射：[11  0  4  3  2  8  7 10  9  1  5  6]
[test_sample_02669] [T1x_rxn7906] ❌ 错误 | 原子数：12
  - 正确映射：[11  9  4  8  3  5  7  1  0  6 10  2]
  - 预测映射：[11  9  4  8  3  5  7  1 10  6  0  2]
[test_sample_02670] [T1x_rxn7907] ✅ 严格正确 | 原子数：12
[test_sample_02671] [T1x_rxn7908] ❌ 错误 | 原子数：12
  - 正确映射：[10  4  2  3  1 11  5  6  9  7  8  0]
  - 预测映射：[10  4  3 11  1  2  5  8  7  0  6  9]
[test_sample_02672] [T1x_rxn7909] ❌ 错误 | 原子数：12
  - 正确映射：[ 0  6  3  5 11  4  2  9  7 10  1  8]
  - 预测映射：[ 0  6  3  5 11  4  2  7  9  1 10  8]
[test_sample_02673] [T1x_rxn7910] ❌ 错误 | 原子数：12
  - 正确映射：[11  4  8  5  1  7  2 10  6  9  3  0]
  - 预测映射：[11  8  5  4  1  7  2  6  9  3 10  0]
[test_sample_02674] [T1x_rxn7911] ❌ 错误 | 原子数：12
  - 正确映射：[ 9  8  2  0 11  5  7 10  4  3  1  6]
  - 预测映射：[ 9  8  5  0 11  2  7 10  6  3  1  4]
[test_sample_02675] [T1x_rxn7912] ❌ 错误 | 原子数：12
  - 正确映射：[ 4  1  8  9  0  6  3  5 10  7  2 11]
  - 预测映射：[ 4  1  8  9  0  6  3  5 10 11  7  2]
[test_sample_02676] [T1x_rxn7913] ✅ 严格正确 | 原子数：12
[test_sample_02677] [T1x_rxn7914] ✅ 严格正确 | 原子数：12
[test_sample_02678] [T1x_rxn7915] ✅ 严格正确 | 原子数：12
[test_sample_02679] [T1x_rxn7916] ❌ 错误 | 原子数：12
  - 正确映射：[ 7  8  4  0  6  5 11  9  3  1 10  2]
  - 预测映射：[ 7  8  4  0  6  5 11  9  3 10  1  2]
[test_sample_02680] [T1x_rxn7917] ❌ 错误 | 原子数：12
  - 正确映射：[ 7  0 11  4  2  8  6  5  1  3  9 10]
  - 预测映射：[ 7  0 11  4  2  8  6  5  1  9  3 10]
[test_sample_02681] [T1x_rxn7918] ❌ 错误 | 原子数：12
  - 正确映射：[ 1  0 11  7  4  6  9  5  8  2  3 10]
  - 预测映射：[ 1  0 11  7  4  6  9  5  8  3  2 10]
[test_sample_02682] [T1x_rxn8684] ❌ 错误 | 原子数：12
  - 正确映射：[ 8  6  3  5 11  9  1  4  2  0  7 10]
  - 预测映射：[ 8  5  3  9  1  6 11  0  4  7 10  2]
[test_sample_02683] [T1x_rxn8685] ❌ 错误 | 原子数：12
  - 正确映射：[ 8  4  1 10  9  6  2  3  5  7  0 11]
  - 预测映射：[ 8  4  1 10  9  6  2  3  5  7 11  0]
[test_sample_02684] [T1x_rxn8686] ❌ 错误 | 原子数：12
  - 正确映射：[ 1  7 10  6  2 11  8  3  5  4  0  9]
  - 预测映射：[ 1  7 11 10  8  6  2  3  4  5  9  0]
[test_sample_02685] [T1x_rxn8687] ❌ 错误 | 原子数：12
  - 正确映射：[ 3  4  2  5 10  6  1  0  7 11  8  9]
  - 预测映射：[ 3  2  5  4 10  6  1  8 11  9  7  0]
[test_sample_02686] [T1x_rxn8688] ✅ 严格正确 | 原子数：12
[test_sample_02687] [T1x_rxn8689] ✅ 严格正确 | 原子数：12
[test_sample_02688] [T1x_rxn8690] ❌ 错误 | 原子数：12
  - 正确映射：[ 8  1  6 10  3  4  9  5  2  0 11  7]
  - 预测映射：[ 8  6 10  1  3  4  9 11  2  0  7  5]
[test_sample_02689] [T1x_rxn8691] ✅ 严格正确 | 原子数：12
[test_sample_02690] [T1x_rxn8692] ❌ 错误 | 原子数：12
  - 正确映射：[ 7  9 11  5  3  1  2 10  4  0  8  6]
  - 预测映射：[ 7  9 11  5  3  1  2 10  6  0  8  4]
[test_sample_02691] [T1x_rxn8693] ❌ 错误 | 原子数：12
  - 正确映射：[ 6  7 10  0  4  1  8 11  5  2  9  3]
  - 预测映射：[ 6  1  0 10  4  7  8  5 11  3  2  9]
[test_sample_02692] [T1x_rxn8694] ❌ 错误 | 原子数：12
  - 正确映射：[ 9  2  1  3  6  8  7  4  0 11 10  5]
  - 预测映射：[ 9  2  1  3  6  8  7 11  4 10  0  5]
[test_sample_02693] [T1x_rxn8695] ❌ 错误 | 原子数：12
  - 正确映射：[ 4  5  3  1  0  6  8 10  9  7  2 11]
  - 预测映射：[ 4  5  3  1  0  6  8  9 10  7 11  2]
[test_sample_02694] [T1x_rxn9517] ❌ 错误 | 原子数：12
  - 正确映射：[ 1  7  5  0  2  3  6 10  8  9  4 11]
  - 预测映射：[ 0  3  5  1  2  7  6  9  4 10 11  8]
[test_sample_02695] [T1x_rxn9518] ✅ 严格正确 | 原子数：12
[test_sample_02696] [T1x_rxn9519] ❌ 错误 | 原子数：12
  - 正确映射：[ 3  9  8  6 11  5  7 10  0  1  4  2]
  - 预测映射：[ 3  9  8  6 11  5  7 10  0  4  2  1]
[test_sample_02697] [T1x_rxn9546] ❌ 错误 | 原子数：12
  - 正确映射：[ 6  0  4  1 11  8  3  7 10  5  2  9]
  - 预测映射：[ 6  0  4  1 11  8  3  9  5 10  2  7]
[test_sample_02698] [T1x_rxn9547] ❌ 错误 | 原子数：12
  - 正确映射：[ 3  9  8  7 11  1  4  6  0  2  5 10]
  - 预测映射：[ 3  9  8  7 11  1  4 10  6  2  5  0]
[test_sample_02699] [T1x_rxn9548] ❌ 错误 | 原子数：12
  - 正确映射：[11  0 10  8  6  4  3  7  9  2  1  5]
  - 预测映射：[11  0 10  8  6  4  3  7  1  2  9  5]
[test_sample_02700] [T1x_rxn9588] ❌ 错误 | 原子数：12
  - 正确映射：[ 6 11 10  8  9  1  0  5  7  3  2  4]
  - 预测映射：[ 6 11 10  8  9  1  0  5  7  3  4  2]
[test_sample_02701] [T1x_rxn9767] ❌ 错误 | 原子数：12
  - 正确映射：[ 0  4  9  1  2  3  5 11  7 10  8  6]
  - 预测映射：[ 0  4  9  1  2  3  5 11  6  7  8 10]
[test_sample_02702] [T1x_rxn9803] ❌ 错误 | 原子数：12
  - 正确映射：[ 8 10  0  6  4  9  1  2  7  5 11  3]
  - 预测映射：[ 8 10  0  6  4  9  1  2  5  7 11  3]
[test_sample_02703] [T1x_rxn9811] ❌ 错误 | 原子数：12
  - 正确映射：[ 6 11  3  1  9  8  2  7  5  0  4 10]
  - 预测映射：[ 6 11  3  1  9  8  2  7  5  0 10  4]
[test_sample_02704] [T1x_rxn9833] ❌ 错误 | 原子数：12
  - 正确映射：[ 5  0  3  1 11  8  6  7  9  4 10  2]
  - 预测映射：[ 5  0  3  1 11  8  6  7  9 10  4  2]
[test_sample_02705] [T1x_rxn9916] ❌ 错误 | 原子数：12
  - 正确映射：[ 0  3  1 10 11  8  4  7  2  5  9  6]
  - 预测映射：[ 0  3  1 10 11  8  4  7  2  9  5  6]
[test_sample_02706] [T1x_rxn9917] ❌ 错误 | 原子数：12
  - 正确映射：[ 2  8  1  3  6  4 11  0 10  5  7  9]
  - 预测映射：[ 2  8  1  3  6  4 11 10  0  7  5  9]
[test_sample_02707] [T1x_rxn3405] ❌ 错误 | 原子数：10
  - 正确映射：[8 7 6 3 4 0 2 9 1 5]
  - 预测映射：[8 7 6 3 4 2 0 9 5 1]
[test_sample_02708] [T1x_rxn3406] ❌ 错误 | 原子数：10
  - 正确映射：[9 0 2 8 3 7 6 5 4 1]
  - 预测映射：[8 0 2 9 4 5 1 3 6 7]
[test_sample_02709] [T1x_rxn4336] ❌ 错误 | 原子数：10
  - 正确映射：[4 7 8 1 2 3 0 9 5 6]
  - 预测映射：[4 7 8 1 0 3 2 9 5 6]
[test_sample_02710] [T1x_rxn4337] ❌ 错误 | 原子数：10
  - 正确映射：[3 1 7 2 0 4 6 5 9 8]
  - 预测映射：[3 1 7 2 6 4 0 5 8 9]
[test_sample_02711] [T1x_rxn4338] ❌ 错误 | 原子数：10
  - 正确映射：[9 8 2 0 7 4 3 1 6 5]
  - 预测映射：[9 8 2 0 1 7 3 6 5 4]
[test_sample_02712] [T1x_rxn0211] ✅ 严格正确 | 原子数：12
[test_sample_02713] [T1x_rxn0212] ✅ 严格正确 | 原子数：12
[test_sample_02714] [T1x_rxn0213] ❌ 错误 | 原子数：12
  - 正确映射：[ 2 11  8  1  9  6  3 10  0  7  5  4]
  - 预测映射：[ 2 11  8  1  9  6  3  0 10  4  7  5]
[test_sample_02715] [T1x_rxn0214] ❌ 错误 | 原子数：12
  - 正确映射：[11  7  9  0  1 10  5  4  2  3  6  8]
  - 预测映射：[ 9  7 11  0  1 10  3  8  6  4  2  5]
[test_sample_02716] [T1x_rxn0215] ✅ 严格正确 | 原子数：12
[test_sample_02717] [T1x_rxn0216] ✅ 严格正确 | 原子数：12
[test_sample_02718] [T1x_rxn0217] ❌ 错误 | 原子数：12
  - 正确映射：[ 7  9  1  3  0  5  2  4  8 10  6 11]
  - 预测映射：[ 3  9  7  1  0  5 10  6 11  2  4  8]
[test_sample_02719] [T1x_rxn0478] ❌ 错误 | 原子数：12
  - 正确映射：[ 9  3 10  8 11  7  1  4  6  2  0  5]
  - 预测映射：[ 9  3  8 11 10  7  6  2  4  1  0  5]
[test_sample_02720] [T1x_rxn0479] ✅ 严格正确 | 原子数：12
[test_sample_02721] [T1x_rxn0480] ✅ 严格正确 | 原子数：12
[test_sample_02722] [T1x_rxn0481] ❌ 错误 | 原子数：12
  - 正确映射：[ 3  4  0  7  9  6 11  5  1  2  8 10]
  - 预测映射：[ 3  4  0  7  9  6 11  5  1 10  2  8]
[test_sample_02723] [T1x_rxn0482] ✅ 严格正确 | 原子数：12
[test_sample_02724] [T1x_rxn0483] ❌ 错误 | 原子数：12
  - 正确映射：[ 8  0 10  7  3  4  1  2  6  9  5 11]
  - 预测映射：[ 8  0 10  7  3  4  1  2  6  5  9 11]
[test_sample_02725] [T1x_rxn0484] ❌ 错误 | 原子数：12
  - 正确映射：[ 3  6  5  4  8 11 10  1  2  9  0  7]
  - 预测映射：[ 3  6  5  4  8 11  1  9 10  2  0  7]
[test_sample_02726] [T1x_rxn0485] ❌ 错误 | 原子数：12
  - 正确映射：[ 1  5  2  6  8 11  7 10  9  4  0  3]
  - 预测映射：[ 1  5  2  6  8 11  7 10  9  0  4  3]
[test_sample_02727] [T1x_rxn0850] ❌ 错误 | 原子数：12
  - 正确映射：[ 0  5  6 11  2  4  7 10  9  3  8  1]
  - 预测映射：[ 0  5  6 11  2  4  7 10  9  3  1  8]
[test_sample_02728] [T1x_rxn0851] ❌ 错误 | 原子数：12
  - 正确映射：[ 0  7  3  6  9  5  2  4 10  8 11  1]
  - 预测映射：[ 0  7  3  6  9  5  4  2 10  8 11  1]
[test_sample_02729] [T1x_rxn0852] ✅ 严格正确 | 原子数：12
[test_sample_02730] [T1x_rxn0853] ✅ 严格正确 | 原子数：12
[test_sample_02731] [T1x_rxn0854] ✅ 严格正确 | 原子数：12
[test_sample_02732] [T1x_rxn0855] ✅ 严格正确 | 原子数：12
[test_sample_02733] [T1x_rxn0856] ✅ 严格正确 | 原子数：12
[test_sample_02734] [T1x_rxn0857] ❌ 错误 | 原子数：12
  - 正确映射：[ 0 10 11  2  6  1  9  3  8  7  4  5]
  - 预测映射：[ 0  6 10 11  2  1  5  9  3  8  7  4]
[test_sample_02735] [T1x_rxn0858] ❌ 错误 | 原子数：12
  - 正确映射：[ 6  9 11  2 10  4  3  8  0  5  1  7]
  - 预测映射：[ 6  9 11  2 10  4  0  3  8  5  1  7]
[test_sample_02736] [T1x_rxn0859] ✅ 严格正确 | 原子数：12
[test_sample_02737] [T1x_rxn0860] ❌ 错误 | 原子数：12
  - 正确映射：[ 8  0 10  7  6  5 11  4  3  9  2  1]
  - 预测映射：[ 8  0  7 10  6  5 11  4  3  9  2  1]
[test_sample_02738] [T1x_rxn0861] ✅ 严格正确 | 原子数：12
[test_sample_02739] [T1x_rxn0862] ❌ 错误 | 原子数：12
  - 正确映射：[11  9  2 10  7  3  4  8  6  5  0  1]
  - 预测映射：[11  2  9 10  7  3  4  8  6  5  0  1]
[test_sample_02740] [T1x_rxn0863] ✅ 严格正确 | 原子数：12
[test_sample_02741] [T1x_rxn0864] ✅ 严格正确 | 原子数：12
[test_sample_02742] [T1x_rxn0865] ✅ 严格正确 | 原子数：12
[test_sample_02743] [T1x_rxn0866] ❌ 错误 | 原子数：12
  - 正确映射：[ 2 11  8  3  4  6  9  0  5  7 10  1]
  - 预测映射：[ 2 11  8  3  4  6  0  9  5  7 10  1]
[test_sample_02744] [T1x_rxn0867] ❌ 错误 | 原子数：12
  - 正确映射：[ 1  2  7  4 10  8  0  5  6 11  9  3]
  - 预测映射：[ 1  2  7  4 10  8  5  0  6 11  9  3]
[test_sample_02745] [T1x_rxn0868] ❌ 错误 | 原子数：12
  - 正确映射：[10  6  5 11  7  4  3  8  1  0  9  2]
  - 预测映射：[10  6  5 11  7  4  8  3  1  0  9  2]
[test_sample_02746] [T1x_rxn0869] ❌ 错误 | 原子数：12
  - 正确映射：[10  3  2  1 11  8  6  0  4  7  5  9]
  - 预测映射：[ 8  1 11  3  2 10  5  9  6  0  4  7]
[test_sample_02747] [T1x_rxn0870] ✅ 严格正确 | 原子数：12
[test_sample_02748] [T1x_rxn1008] ✅ 严格正确 | 原子数：12
[test_sample_02749] [T1x_rxn1009] ❌ 错误 | 原子数：12
  - 正确映射：[11  9  2  4  3  5 10  6  0  7  1  8]
  - 预测映射：[11  9  3  5  2  4  0  6 10  8  7  1]
[test_sample_02750] [T1x_rxn1010] ❌ 错误 | 原子数：12
  - 正确映射：[ 4  8  6  0  9  7 11  5  2  1 10  3]
  - 预测映射：[ 4  8  6  0  9  7  2  5 11  1 10  3]
[test_sample_02751] [T1x_rxn1011] ❌ 错误 | 原子数：12
  - 正确映射：[ 3  5  9  6 10  0 11  7  4  8  2  1]
  - 预测映射：[ 3  5  9  6 10  0 11  4  7  8  2  1]
[test_sample_02752] [T1x_rxn1012] ✅ 严格正确 | 原子数：12
[test_sample_02753] [T1x_rxn1013] ❌ 错误 | 原子数：12
  - 正确映射：[ 1  6 10  9  3  2  5  4  7 11  8  0]
  - 预测映射：[ 1  6  3  9 10  2  4  5  7  0  8 11]
[test_sample_02754] [T1x_rxn1014] ✅ 严格正确 | 原子数：12
[test_sample_02755] [T1x_rxn1015] ❌ 错误 | 原子数：12
  - 正确映射：[ 0  1  8  3  4  5  9 11  6  7 10  2]
  - 预测映射：[ 0  1  8  3  4  5  6 11  9  7 10  2]
[test_sample_02756] [T1x_rxn1016] ❌ 错误 | 原子数：12
  - 正确映射：[ 7  9 10  3  2  8  0  5  4  1  6 11]
  - 预测映射：[ 7  9 10  3  2  8  0  5  4  6  1 11]
[test_sample_02757] [T1x_rxn1017] ❌ 错误 | 原子数：12
  - 正确映射：[ 6  4  0  5  3 11  1  7 10  8  9  2]
  - 预测映射：[ 0  4  6 11  3  5  8  9 10  1  7  2]
[test_sample_02758] [T1x_rxn1018] ❌ 错误 | 原子数：12
  - 正确映射：[ 5  8  7  6  3 10  2  9  0 11  4  1]
  - 预测映射：[ 5  8  7  6  3 10  9  0 11  2  4  1]
[test_sample_02759] [T1x_rxn1019] ❌ 错误 | 原子数：12
  - 正确映射：[ 9  3  6  0  8  7  5  2 10  4  1 11]
  - 预测映射：[ 9  3  8  0  6  7  2  5 10 11  1  4]
[test_sample_02760] [T1x_rxn1323] ✅ 严格正确 | 原子数：12
[test_sample_02761] [T1x_rxn1324] ❌ 错误 | 原子数：12
  - 正确映射：[ 8 11  0  7  5 10  1  9  3  2  6  4]
  - 预测映射：[ 7  5 10  8 11  0  2  6  4  1  9  3]
[test_sample_02762] [T1x_rxn1496] ❌ 错误 | 原子数：12
  - 正确映射：[ 8 11  1  2  4  3  9  0  5 10  6  7]
  - 预测映射：[ 8 11  1  2  4  3  9  5  0 10  6  7]
[test_sample_02763] [T1x_rxn1497] ❌ 错误 | 原子数：12
  - 正确映射：[ 4  8  3  9  6 10  2  0  1 11  5  7]
  - 预测映射：[ 4  8  3  9  6 10  0  2  1  5 11  7]
[test_sample_02764] [T1x_rxn1498] ❌ 错误 | 原子数：12
  - 正确映射：[ 0 10  2  7  5  8  1 11  6  3  9  4]
  - 预测映射：[ 0 10  2  7  5  8 11  1  6  3  9  4]
[test_sample_02765] [T1x_rxn1499] ❌ 错误 | 原子数：12
  - 正确映射：[10  1  9  6 11  7  8  5  3  0  2  4]
  - 预测映射：[10  1  9  6 11  7  5  8  3  0  2  4]
[test_sample_02766] [T1x_rxn1500] ❌ 错误 | 原子数：12
  - 正确映射：[ 7  1 10  3  5  0  4  6  8 11  9  2]
  - 预测映射：[ 7  1  0  3  5 10  8  6  4  2  9 11]
[test_sample_02767] [T1x_rxn1501] ❌ 错误 | 原子数：12
  - 正确映射：[ 6  0  8  4  5 11  2  9  1  7  3 10]
  - 预测映射：[ 6  0 11  8  5  4  2  9  1 10  7  3]
[test_sample_02768] [T1x_rxn1502] ❌ 错误 | 原子数：12
  - 正确映射：[ 6  1  7 10  9 11  5  8  4  2  0  3]
  - 预测映射：[ 6  1  7 10  9 11  8  0  4  2  5  3]
[test_sample_02769] [T1x_rxn1503] ❌ 错误 | 原子数：12
  - 正确映射：[ 0  5  1  7 10  9  4  8 11  2  6  3]
  - 预测映射：[ 0  5  7  1 10  9  4  8 11  2  6  3]
[test_sample_02770] [T1x_rxn1504] ❌ 错误 | 原子数：12
  - 正确映射：[ 5  2  3  9  1  0  7  6  4 11  8 10]
  - 预测映射：[ 5  2  3  9  1  0  4 10  6 11  8  7]
[test_sample_02771] [T1x_rxn1505] ❌ 错误 | 原子数：12
  - 正确映射：[ 9  5 11  0  1  4  7 10  8  2  3  6]
  - 预测映射：[ 9  5 11  0  1  4 10  7  8  2  3  6]
[test_sample_02772] [T1x_rxn1506] ❌ 错误 | 原子数：12
  - 正确映射：[ 7  3  4  9  0  2  5  8  1 11  6 10]
  - 预测映射：[ 7  3  2  9  0  4  8  1 11  5 10  6]
[test_sample_02773] [T1x_rxn1507] ❌ 错误 | 原子数：12
  - 正确映射：[ 4  2  9 10  5  0  6  1  3 11  7  8]
  - 预测映射：[ 4  2  0 10  5  9  3  1  6  8  7 11]
[test_sample_02774] [T1x_rxn1508] ❌ 错误 | 原子数：12
  - 正确映射：[ 8  0  9  7  6  5 10 11  4  1  2  3]
  - 预测映射：[ 8  0  9  7  6  5  4  1 11 10  2  3]
[test_sample_02775] [T1x_rxn1884] ❌ 错误 | 原子数：12
  - 正确映射：[ 7  6  4  3 10  8  0  9  2  1  5 11]
  - 预测映射：[ 7  6  3  4 10  8  9  0 11  5  1  2]
[test_sample_02776] [T1x_rxn1885] ❌ 错误 | 原子数：12
  - 正确映射：[11  4  9  6  7  1  5  2 10  0  3  8]
  - 预测映射：[11  4  6  9  7  1  2  5  8  3  0 10]
[test_sample_02777] [T1x_rxn1886] ❌ 错误 | 原子数：12
  - 正确映射：[ 8  5  0  2  3 10  7 11  4  1  9  6]
  - 预测映射：[ 8  5  0  2  3 10 11  7  1  9  6  4]
[test_sample_02778] [T1x_rxn1887] ❌ 错误 | 原子数：12
  - 正确映射：[10  9  0  2 11  1  6  4  7  5  3  8]
  - 预测映射：[ 1  9  0  2 11 10  6  4  5  7  8  3]
[test_sample_02779] [T1x_rxn1888] ❌ 错误 | 原子数：12
  - 正确映射：[ 6  8  7  0  3  4  2  1  5  9 10 11]
  - 预测映射：[ 6  8  0  7  3  4  1  2 11 10  9  5]
[test_sample_02780] [T1x_rxn1889] ❌ 错误 | 原子数：12
  - 正确映射：[ 7 11 10  1  6  8  4  9  0  5  2  3]
  - 预测映射：[ 7 11  1 10  6  8  4  3  5  2  9  0]
[test_sample_02781] [T1x_rxn1890] ❌ 错误 | 原子数：12
  - 正确映射：[ 2 10  6  0  5  3  1  9  4  7 11  8]
  - 预测映射：[ 2 10  0  6  5  3  4  1 11  9  7  8]
[test_sample_02782] [T1x_rxn1942] ❌ 错误 | 原子数：12
  - 正确映射：[ 8  1 10  6  9  4 11  2  7  5  3  0]
  - 预测映射：[ 9  6  4  1  8 10  3 11  0  7  2  5]
[test_sample_02783] [T1x_rxn1943] ✅ 严格正确 | 原子数：12
[test_sample_02784] [T1x_rxn1944] ❌ 错误 | 原子数：12
  - 正确映射：[ 3  6 11  8  2  9 10  0  7  5  4  1]
  - 预测映射：[ 3 11  8  9  2  6 10  7  4  1  5  0]
[test_sample_02785] [T1x_rxn1945] ✅ 严格正确 | 原子数：12
[test_sample_02786] [T1x_rxn1946] ❌ 错误 | 原子数：12
  - 正确映射：[ 0  2 10  5  6  1  9  3  7  4 11  8]
  - 预测映射：[ 6  5  1  2  0 10 11  4  8  3  9  7]
[test_sample_02787] [T1x_rxn1947] ❌ 错误 | 原子数：12
  - 正确映射：[ 2  9  8  6  3  7  5 11  4 10  1  0]
  - 预测映射：[ 3  7  9  8  2  6  0  1 11  4  5 10]
[test_sample_02788] [T1x_rxn1948] ❌ 错误 | 原子数：12
  - 正确映射：[ 0  9  1  4 11  3  5  6  7  8  2 10]
  - 预测映射：[ 0  1  9  3 11  4  5  7  6  2  8 10]
[test_sample_02789] [T1x_rxn2094] ✅ 严格正确 | 原子数：12
[test_sample_02790] [T1x_rxn2095] ✅ 严格正确 | 原子数：12
[test_sample_02791] [T1x_rxn2096] ❌ 错误 | 原子数：12
  - 正确映射：[ 5  8  1 11  6  3  0 10  7  2  9  4]
  - 预测映射：[ 5  8  1 11  3  6 10  0  4  9  2  7]
[test_sample_02792] [T1x_rxn2097] ❌ 错误 | 原子数：12
  - 正确映射：[ 3  0  1 11  2  8  9  6 10  7  5  4]
  - 预测映射：[ 3  1  0 11  8  2  9  6  5  4 10  7]
[test_sample_02793] [T1x_rxn2098] ❌ 错误 | 原子数：12
  - 正确映射：[ 2  6  0  9  8  3  4  7  5 11 10  1]
  - 预测映射：[ 9  8  3  2  6  0 11  5  1 10  7  4]
[test_sample_02794] [T1x_rxn2099] ❌ 错误 | 原子数：12
  - 正确映射：[11  5  1  6  2  9  8  3  4 10  0  7]
  - 预测映射：[11  5  1  6  9  2  3  8  7  0 10  4]
[test_sample_02795] [T1x_rxn2401] ✅ 严格正确 | 原子数：12
[test_sample_02796] [T1x_rxn2402] ✅ 严格正确 | 原子数：12
[test_sample_02797] [T1x_rxn2403] ✅ 严格正确 | 原子数：12
[test_sample_02798] [T1x_rxn2404] ✅ 严格正确 | 原子数：12
[test_sample_02799] [T1x_rxn2405] ❌ 错误 | 原子数：12
  - 正确映射：[ 7 10  4  8 11  0  3  5  2  9  6  1]
  - 预测映射：[ 7  4 10  8 11  0  2  5  3  9  1  6]
[test_sample_02800] [T1x_rxn2406] ✅ 严格正确 | 原子数：12
[test_sample_02801] [T1x_rxn2407] ❌ 错误 | 原子数：12
  - 正确映射：[ 3  2 10  9  7  8  4 11  5  1  0  6]
  - 预测映射：[10  2  3  9  7  8  1  5  4 11  6  0]
[test_sample_02802] [T1x_rxn2408] ✅ 严格正确 | 原子数：12
[test_sample_02803] [T1x_rxn2409] ❌ 错误 | 原子数：12
  - 正确映射：[10  4  0  5 11  8  6  2  3  1  7  9]
  - 预测映射：[10  4  0  5 11  8  6  3  2  1  7  9]
[test_sample_02804] [T1x_rxn2410] ❌ 错误 | 原子数：12
  - 正确映射：[ 5  6  7  9  4  8 11  1  2 10  0  3]
  - 预测映射：[ 5  6  7  9  4  8 11  2  1 10  0  3]
[test_sample_02805] [T1x_rxn2411] ❌ 错误 | 原子数：12
  - 正确映射：[ 8  2  1  4  9  7  0  5  6  3 11 10]
  - 预测映射：[ 8  2  1  4  9  7  0  6  5  3 11 10]
[test_sample_02806] [T1x_rxn2795] ✅ 严格正确 | 原子数：12
[test_sample_02807] [T1x_rxn2796] ✅ 严格正确 | 原子数：12
[test_sample_02808] [T1x_rxn2797] ❌ 错误 | 原子数：12
  - 正确映射：[ 4  9  6  1  3  0  2  8 11  5 10  7]
  - 预测映射：[ 4  9  6  1  3  0 11  8  2  5  7 10]
[test_sample_02809] [T1x_rxn2798] ❌ 错误 | 原子数：12
  - 正确映射：[ 1  0  8  5  3  7 10  4  2  9 11  6]
  - 预测映射：[ 8  3  1  7  0  5 11  4  9  2 10  6]
[test_sample_02810] [T1x_rxn2799] ✅ 严格正确 | 原子数：12
[test_sample_02811] [T1x_rxn2800] ❌ 错误 | 原子数：12
  - 正确映射：[ 7  2  9  1  8 10  5 11  0  4  3  6]
  - 预测映射：[ 7  2  9  1  8 10  0 11  5  6  3  4]
[test_sample_02812] [T1x_rxn2801] ✅ 严格正确 | 原子数：12
[test_sample_02813] [T1x_rxn2802] ❌ 错误 | 原子数：12
  - 正确映射：[11  0  5  4  9  6  2  8 10  7  1  3]
  - 预测映射：[11  0  5  4  9  6  2 10  3  1  8  7]
[test_sample_02814] [T1x_rxn2834] ❌ 错误 | 原子数：12
  - 正确映射：[ 7  1  0  3  4  2  6  8 11 10  9  5]
  - 预测映射：[ 7  1  0  3  4  2 10 11  6  8  9  5]
[test_sample_02815] [T1x_rxn2835] ❌ 错误 | 原子数：12
  - 正确映射：[ 0 11  4  7  5  1  3 10  9  2  8  6]
  - 预测映射：[11  0  4  7  5  1  2  9  3 10  8  6]
[test_sample_02816] [T1x_rxn2836] ❌ 错误 | 原子数：12
  - 正确映射：[ 9  5  7  4  8  6  2  1 11  3 10  0]
  - 预测映射：[ 9  5  7  4  8  6 11  1  2 10  0  3]
[test_sample_02817] [T1x_rxn2837] ✅ 严格正确 | 原子数：12
[test_sample_02818] [T1x_rxn2838] ❌ 错误 | 原子数：12
  - 正确映射：[ 1  4  3  0  8  7 10  5 11  2  6  9]
  - 预测映射：[ 1  0  3  4  8  7 10  5 11  9  6  2]
[test_sample_02819] [T1x_rxn2839] ✅ 严格正确 | 原子数：12
[test_sample_02820] [T1x_rxn2840] ❌ 错误 | 原子数：12
  - 正确映射：[ 1  8  9  7  3 11  0  4  6 10  2  5]
  - 预测映射：[ 8  1 11  3  7  9  4  0 10  6  2  5]
[test_sample_02821] [T1x_rxn2841] ❌ 错误 | 原子数：12
  - 正确映射：[11  0 10  1  8  2  6  4  7  5  3  9]
  - 预测映射：[11  8  2  1  0 10  5  6  7  4  9  3]
[test_sample_02822] [T1x_rxn2842] ❌ 错误 | 原子数：12
  - 正确映射：[ 3  5  4  7  0  9  6 11  8  1 10  2]
  - 预测映射：[ 7  5  4  3  0  9  2  1 11  6 10  8]
[test_sample_02823] [T1x_rxn2843] ✅ 严格正确 | 原子数：12
[test_sample_02824] [T1x_rxn2844] ❌ 错误 | 原子数：12
  - 正确映射：[ 5  4  7  8  1  9 10 11  3  0  2  6]
  - 预测映射：[ 5  4  7  8  1  9 10  3 11  0  6  2]
[test_sample_02825] [T1x_rxn2848] ✅ 严格正确 | 原子数：12
[test_sample_02826] [T1x_rxn2849] ❌ 错误 | 原子数：12
  - 正确映射：[ 7  1  5  4  9 10  2  3  6 11  0  8]
  - 预测映射：[ 7  9  1  4  5 10 11  0  6  2  3  8]
[test_sample_02827] [T1x_rxn2850] ✅ 严格正确 | 原子数：12
[test_sample_02828] [T1x_rxn2851] ✅ 严格正确 | 原子数：12
[test_sample_02829] [T1x_rxn2852] ✅ 严格正确 | 原子数：12
[test_sample_02830] [T1x_rxn2853] ❌ 错误 | 原子数：12
  - 正确映射：[ 8  6 11  1  0  9  4  3  7  2  5 10]
  - 预测映射：[ 8  6 11  1  0  9  2  3  4  5 10  7]
[test_sample_02831] [T1x_rxn2854] ✅ 严格正确 | 原子数：12
[test_sample_02832] [T1x_rxn2855] ❌ 错误 | 原子数：12
  - 正确映射：[ 1  5 11  3  6  4  2  8  9  7  0 10]
  - 预测映射：[ 1  5 11  3  6  4  2  8  9  0  7 10]
[test_sample_02833] [T1x_rxn2856] ✅ 严格正确 | 原子数：12
[test_sample_02834] [T1x_rxn3944] ❌ 错误 | 原子数：12
  - 正确映射：[ 1  0  7  3 10  9  2  8 11  6  4  5]
  - 预测映射：[ 1  9  7  3 10  0  8  2  5  6  4 11]
[test_sample_02835] [T1x_rxn3945] ❌ 错误 | 原子数：12
  - 正确映射：[ 9  8  6  0 10  2  5  4  1  7  3 11]
  - 预测映射：[ 6  8  9  0 10  2  3  1  7  4  5 11]
[test_sample_02836] [T1x_rxn3946] ❌ 错误 | 原子数：12
  - 正确映射：[ 9  3  6 10  7  8  0  2  1  4 11  5]
  - 预测映射：[ 9  3  6 10  7  8  0  1  4  2 11  5]
[test_sample_02837] [T1x_rxn3947] ❌ 错误 | 原子数：12
  - 正确映射：[ 9  6 11 10  8  2  1  0  7  5  3  4]
  - 预测映射：[ 9 11  6 10  8  2  5  0  1  7  3  4]
[test_sample_02838] [T1x_rxn3948] ❌ 错误 | 原子数：12
  - 正确映射：[ 9  0  3  2  5  6  1 11  8  7  4 10]
  - 预测映射：[ 9  6  0  5  2  3 11  8  1 10  7  4]
[test_sample_02839] [T1x_rxn3949] ❌ 错误 | 原子数：12
  - 正确映射：[ 4  3  9 11  2  7  8  6  0  5  1 10]
  - 预测映射：[ 4  3  7  2 11  9  6  8  0 10  1  5]
[test_sample_02840] [T1x_rxn3950] ❌ 错误 | 原子数：12
  - 正确映射：[ 9  8  7  2 11  1  0  3  5 10  6  4]
  - 预测映射：[ 7  8  9  2 11  1  6 10  3  5  0  4]
[test_sample_02841] [T1x_rxn3951] ❌ 错误 | 原子数：12
  - 正确映射：[ 3  9  5 10  4  0  7  8  6  1  2 11]
  - 预测映射：[ 3  9  5 10  4  0  6  7  8  2  1 11]
[test_sample_02842] [T1x_rxn3952] ✅ 严格正确 | 原子数：12
[test_sample_02843] [T1x_rxn3953] ❌ 错误 | 原子数：12
  - 正确映射：[ 5  9  7  1  2  4  8 10 11  6  0  3]
  - 预测映射：[ 5  9  7  1  2  4 11 10  8  6  0  3]
[test_sample_02844] [T1x_rxn3954] ❌ 错误 | 原子数：12
  - 正确映射：[11  5  2  0  8  3  7  6  4 10  1  9]
  - 预测映射：[11  5  2  0  8  3  6  7  4 10  1  9]
[test_sample_02845] [T1x_rxn3955] ❌ 错误 | 原子数：12
  - 正确映射：[ 9  0  5  6  7 10 11  2  8  1  3  4]
  - 预测映射：[ 9  0 10  7  6  5  8  2 11  4  3  1]
[test_sample_02846] [T1x_rxn4283] ✅ 严格正确 | 原子数：12
[test_sample_02847] [T1x_rxn4284] ✅ 严格正确 | 原子数：12
[test_sample_02848] [T1x_rxn4285] ❌ 错误 | 原子数：12
  - 正确映射：[ 1  6  5  0  2  9  8  4  7 11 10  3]
  - 预测映射：[ 1  6  5  0  2  9  8  4  7  3 10 11]
[test_sample_02849] [T1x_rxn4286] ✅ 严格正确 | 原子数：12
[test_sample_02850] [T1x_rxn4287] ✅ 严格正确 | 原子数：12
[test_sample_02851] [T1x_rxn4288] ❌ 错误 | 原子数：12
  - 正确映射：[ 4  9  7  6 11  0  1  2  3 10  5  8]
  - 预测映射：[ 6  7  9  4 11  0  3 10  1  2  8  5]
[test_sample_02852] [T1x_rxn4289] ✅ 严格正确 | 原子数：12
[test_sample_02853] [T1x_rxn4290] ✅ 严格正确 | 原子数：12
[test_sample_02854] [T1x_rxn4291] ✅ 严格正确 | 原子数：12
[test_sample_02855] [T1x_rxn4292] ❌ 错误 | 原子数：12
  - 正确映射：[ 8  9  7  3  1 11  5  0  6  4 10  2]
  - 预测映射：[ 3  1 11  8  9  7  4 10  0  5  6  2]
[test_sample_02856] [T1x_rxn4293] ✅ 严格正确 | 原子数：12
[test_sample_02857] [T1x_rxn4294] ❌ 错误 | 原子数：12
  - 正确映射：[ 5 10  0  9  4  6  3  8  2  7  1 11]
  - 预测映射：[ 5 10  0  9  4  6  2  8  3  7  1 11]
[test_sample_02858] [T1x_rxn4295] ✅ 严格正确 | 原子数：12
[test_sample_02859] [T1x_rxn4296] ✅ 严格正确 | 原子数：12
[test_sample_02860] [T1x_rxn4297] ✅ 严格正确 | 原子数：12
[test_sample_02861] [T1x_rxn4298] ✅ 严格正确 | 原子数：12
[test_sample_02862] [T1x_rxn4299] ✅ 严格正确 | 原子数：12
[test_sample_02863] [T1x_rxn8988] ❌ 错误 | 原子数：12
  - 正确映射：[ 2  7  1 11  0  5  3  8  4 10  9  6]
  - 预测映射：[ 2  7  1 11  0  5  4 10  8  3  9  6]
[test_sample_02864] [T1x_rxn9032] ❌ 错误 | 原子数：12
  - 正确映射：[ 6  2  8 11  0  5  9  1  7 10  4  3]
  - 预测映射：[ 5  0 11  8  2  6  3  4 10  7  9  1]
[test_sample_02865] [T1x_rxn9110] ❌ 错误 | 原子数：12
  - 正确映射：[ 5  8  7  3  1  6 10  4 11  0  9  2]
  - 预测映射：[ 5  8  7  6  1  3  4 11 10  0  2  9]
[test_sample_02866] [T1x_rxn9165] ❌ 错误 | 原子数：12
  - 正确映射：[ 1  5  2 11  7  3  9  6  0  8 10  4]
  - 预测映射：[ 7  3 11  2  1  5  4 10  9  0  8  6]
[test_sample_02867] [T1x_rxn9184] ❌ 错误 | 原子数：12
  - 正确映射：[ 0 10  5  9  2  6  8  1 11  3  4  7]
  - 预测映射：[ 0 10  5  9  2  6  1  8 11  3  4  7]
[test_sample_02868] [T1x_rxn9185] ❌ 错误 | 原子数：12
  - 正确映射：[ 2  4  5  0  9 10  3  1  7 11  6  8]
  - 预测映射：[ 2  4  5  0  9 10  1  3  7 11  8  6]
[test_sample_02869] [T1x_rxn9270] ❌ 错误 | 原子数：12
  - 正确映射：[ 9  8  3 10  7  6  2  4  5  1  0 11]
  - 预测映射：[ 9  3  8 10  7  6  5  4  0 11  2  1]
[test_sample_02870] [T1x_rxn9276] ❌ 错误 | 原子数：12
  - 正确映射：[ 1 10  2  3  0  9  5  4  6  7 11  8]
  - 预测映射：[ 1 10  2  3  0  9  4  5  6  7 11  8]
[test_sample_02871] [T1x_rxn9277] ❌ 错误 | 原子数：12
  - 正确映射：[ 1 11  2  5  0  9  7  8  3  6 10  4]
  - 预测映射：[ 1 11  2  5  0  9  8  7  3  6 10  4]
[test_sample_02872] [T1x_rxn9278] ❌ 错误 | 原子数：12
  - 正确映射：[ 9  4 10 11  3  2  8  6  5  7  1  0]
  - 预测映射：[ 9  3  4 11 10  2  7  1  5  8  6  0]
[test_sample_02873] [T1x_rxn9279] ❌ 错误 | 原子数：12
  - 正确映射：[ 6 10  1  3  0  9  8  5  7  2 11  4]
  - 预测映射：[ 6  3  1 10  0  9  7  5  8  2 11  4]
[test_sample_02874] [T1x_rxn9400] ❌ 错误 | 原子数：12
  - 正确映射：[ 6  3 10  1  2  7  0  5  9  8  4 11]
  - 预测映射：[ 6  3  7  2  1 10  0  9  5 11  4  8]
[test_sample_02875] [T1x_rxn9401] ✅ 严格正确 | 原子数：12
[test_sample_02876] [T1x_rxn9402] ❌ 错误 | 原子数：12
  - 正确映射：[10  1 11  6  8  0  7  2  3  5  4  9]
  - 预测映射：[10  1 11  6  8  0  7  2  5  3  4  9]
[test_sample_02877] [T1x_rxn10027] ❌ 错误 | 原子数：13
  - 正确映射：[ 9  2  0 12  5  1 10  7 11  8  3  4  6]
  - 预测映射：[ 1  2 10  5 12  0  9  6  4 11  3  8  7]
[test_sample_02878] [T1x_rxn10028] ❌ 错误 | 原子数：13
  - 正确映射：[ 8  6 12  4  7 10  3 11  1  0  9  5  2]
  - 预测映射：[ 8  6 12  4  7 10  3  1  0 11  9  5  2]
[test_sample_02879] [T1x_rxn10029] ❌ 错误 | 原子数：13
  - 正确映射：[ 3 10 11  2  1  0  8  5  9 12  7  6  4]
  - 预测映射：[ 3 10  0  1  2 11  8  5  6  9  7 12  4]
[test_sample_02880] [T1x_rxn5099] ❌ 错误 | 原子数：13
  - 正确映射：[12  2  5  4  0  7  9  6  8  1  3 10 11]
  - 预测映射：[12  2  5  4  0  7  9  8  6  1  3 10 11]
[test_sample_02881] [T1x_rxn5100] ✅ 严格正确 | 原子数：13
[test_sample_02882] [T1x_rxn5101] ✅ 严格正确 | 原子数：13
[test_sample_02883] [T1x_rxn5102] ❌ 错误 | 原子数：13
  - 正确映射：[ 4  2 10  0 12  5  8 11  3  9  7  6  1]
  - 预测映射：[ 4 10  2  0 12  5  8  9 11  3  7  1  6]
[test_sample_02884] [T1x_rxn5103] ❌ 错误 | 原子数：13
  - 正确映射：[10  6  5  2  7  1  0  3 11  4  9  8 12]
  - 预测映射：[10  6  5  2  7  1  0 11  3  4  9  8 12]
[test_sample_02885] [T1x_rxn5197] ✅ 严格正确 | 原子数：13
[test_sample_02886] [T1x_rxn5198] ✅ 严格正确 | 原子数：13
[test_sample_02887] [T1x_rxn5199] ❌ 错误 | 原子数：13
  - 正确映射：[ 1  0  2  8  5  4  6 10  9 12  3  7 11]
  - 预测映射：[ 1  0  2  8  5  4  6 12 10  9  3  7 11]
[test_sample_02888] [T1x_rxn5200] ✅ 严格正确 | 原子数：13
[test_sample_02889] [T1x_rxn5201] ✅ 严格正确 | 原子数：13
[test_sample_02890] [T1x_rxn5202] ❌ 错误 | 原子数：13
  - 正确映射：[ 7  6 10  3 11  8  2  0 12  1  4  9  5]
  - 预测映射：[ 7  6  2  3 11  8 10  0  1 12  5  4  9]
[test_sample_02891] [T1x_rxn5203] ❌ 错误 | 原子数：13
  - 正确映射：[10  6  4  3  2  9  7  1  5  0 12  8 11]
  - 预测映射：[ 3  2  4 10  6  9  7 12 11  0  1  5  8]
[test_sample_02892] [T1x_rxn5204] ❌ 错误 | 原子数：13
  - 正确映射：[ 6 10  8  3 12  2  5  9  4  0 11  7  1]
  - 预测映射：[ 3 12  5  6 10  2  8  0 11  1  4  9  7]
[test_sample_02893] [T1x_rxn5205] ❌ 错误 | 原子数：13
  - 正确映射：[ 7  2  6  0  5  9 11 10  8  1  4  3 12]
  - 预测映射：[ 7  2  6  0  5  9 11  8 10  1  4  3 12]
[test_sample_02894] [T1x_rxn5206] ✅ 严格正确 | 原子数：13
[test_sample_02895] [T1x_rxn5207] ❌ 错误 | 原子数：13
  - 正确映射：[ 3  9  0  2 11 12  8  7  6  4  5  1 10]
  - 预测映射：[ 3  9  0  2 11 12  8  7  6 10  5  1  4]
[test_sample_02896] [T1x_rxn5208] ✅ 严格正确 | 原子数：13
[test_sample_02897] [T1x_rxn5678] ❌ 错误 | 原子数：13
  - 正确映射：[ 7 12 11  6  8  4  2  3  9 10  5  1  0]
  - 预测映射：[ 7 12 11  6  8  4  2  3 10  9  5  1  0]
[test_sample_02898] [T1x_rxn5679] ❌ 错误 | 原子数：13
  - 正确映射：[ 4 10 11 12  7  3  0  2  6  5  9  1  8]
  - 预测映射：[ 4 10 11 12  7  3  0  8  6  2  9  1  5]
[test_sample_02899] [T1x_rxn5680] ✅ 严格正确 | 原子数：13
[test_sample_02900] [T1x_rxn5681] ❌ 错误 | 原子数：13
  - 正确映射：[12  1 10  0  2  7  8 11  9  6  3  4  5]
  - 预测映射：[12  1 10  0  2  7  8 11  6  4  3  9  5]
[test_sample_02901] [T1x_rxn5682] ❌ 错误 | 原子数：13
  - 正确映射：[11  7 10  6  3  0  2  4  1 12  8  9  5]
  - 预测映射：[11  7 10  6  3  0  2 12  1  4  8  9  5]
[test_sample_02902] [T1x_rxn5683] ❌ 错误 | 原子数：13
  - 正确映射：[ 4  7 11 10  1 12  2  8  0  9  5  3  6]
  - 预测映射：[ 4  7 11 12  2 10  1  0  8  9  6  3  5]
[test_sample_02903] [T1x_rxn5684] ✅ 严格正确 | 原子数：13
[test_sample_02904] [T1x_rxn5685] ❌ 错误 | 原子数：13
  - 正确映射：[ 6  5  2  3  0 11  7  8 12  1  9  4 10]
  - 预测映射：[ 6  5  3  2  7 11  0 12  1  8 10  4  9]
[test_sample_02905] [T1x_rxn5686] ✅ 严格正确 | 原子数：13
[test_sample_02906] [T1x_rxn6024] ❌ 错误 | 原子数：13
  - 正确映射：[ 2 10  7  4 11  0  6  5  1  8  9 12  3]
  - 预测映射：[ 2 10  7  4 11  0  6  5  8  1  9 12  3]
[test_sample_02907] [T1x_rxn6025] ❌ 错误 | 原子数：13
  - 正确映射：[ 2  7  8 12  0  4  3  1  5  9 10 11  6]
  - 预测映射：[ 2  7  8 12  0  4  3  1  9  5 10 11  6]
[test_sample_02908] [T1x_rxn6026] ❌ 错误 | 原子数：13
  - 正确映射：[ 3  2 11  1  6  4  5 12  0  8  7 10  9]
  - 预测映射：[ 3  2 11  1  6  4  5 12  8 10  9  7  0]
[test_sample_02909] [T1x_rxn6027] ❌ 错误 | 原子数：13
  - 正确映射：[ 0  8 12  1  9 10  6  3  4  5  7  2 11]
  - 预测映射：[ 6  9 12  1 10  8  0 11  5  4  7  3  2]
[test_sample_02910] [T1x_rxn6028] ❌ 错误 | 原子数：13
  - 正确映射：[10  8  4  1  2  7  9 12 11  3  5  6  0]
  - 预测映射：[10  8  4  1  7  2  9 12  3 11  5  0  6]
[test_sample_02911] [T1x_rxn6029] ❌ 错误 | 原子数：13
  - 正确映射：[ 8  3  1  6  2 12  5 10  9  4  7 11  0]
  - 预测映射：[ 8  3  1  6  2 12  5 10  4  9  0 11  7]
[test_sample_02912] [T1x_rxn6030] ❌ 错误 | 原子数：13
  - 正确映射：[ 7  0  2  3  6  4  5  8  1 12 10 11  9]
  - 预测映射：[ 7  0  2  3  6  4  5  8 12  1  9 11 10]
[test_sample_02913] [T1x_rxn6031] ❌ 错误 | 原子数：13
  - 正确映射：[ 3 11  4  0  1  9 12  6  8  7  2 10  5]
  - 预测映射：[ 3 11  4  0  1  9 12  6  8  7  2  5 10]
[test_sample_02914] [T1x_rxn6032] ❌ 错误 | 原子数：13
  - 正确映射：[ 2  3  4  7  8  6  5 11  1 10 12  9  0]
  - 预测映射：[ 2  3  4  6  7  8  5 11  0  9 10 12  1]
[test_sample_02915] [T1x_rxn6033] ❌ 错误 | 原子数：13
  - 正确映射：[12  9  2  7  5  8  1  6  3 10  0  4 11]
  - 预测映射：[12  7  2  8  5  9  1  6 10  4 11  0  3]
[test_sample_02916] [T1x_rxn6034] ✅ 严格正确 | 原子数：13
[test_sample_02917] [T1x_rxn6035] ❌ 错误 | 原子数：13
  - 正确映射：[ 3 11  9  4  6  5 10  8  1  7  0  2 12]
  - 预测映射：[ 3 11  9  4  6  5 10  8  2  1 12  7  0]
[test_sample_02918] [T1x_rxn6268] ❌ 错误 | 原子数：13
  - 正确映射：[ 9  3  6 12  5  8 10  7  4  2 11  1  0]
  - 预测映射：[ 9  3 12  6  5  8 10  2  4  7 11  1  0]
[test_sample_02919] [T1x_rxn6269] ❌ 错误 | 原子数：13
  - 正确映射：[10  9  6  2 12  0 11  8  3  4  1  5  7]
  - 预测映射：[10  9  6  2 12  0 11  8  3  4  5  1  7]
[test_sample_02920] [T1x_rxn6270] ❌ 错误 | 原子数：13
  - 正确映射：[ 6  7  3  5  2  1 11 12  0  8 10  4  9]
  - 预测映射：[ 6  7  5  3 11  1  2 12  0  8 10  9  4]
[test_sample_02921] [T1x_rxn6271] ✅ 严格正确 | 原子数：13
[test_sample_02922] [T1x_rxn6272] ❌ 错误 | 原子数：13
  - 正确映射：[ 1  0 11  6  3  9  5  2  4  7 10  8 12]
  - 预测映射：[ 1  0 11  6  3  9  5  7  2  4 10  8 12]
[test_sample_02923] [T1x_rxn6273] ❌ 错误 | 原子数：13
  - 正确映射：[ 2  4 12 11  1  0 10  5  8  9  3  6  7]
  - 预测映射：[ 2  4 12 11  1  0 10  9  8  5  3  6  7]
[test_sample_02924] [T1x_rxn6274] ❌ 错误 | 原子数：13
  - 正确映射：[10  0  1  6  3 11 12  5  4  8  2  7  9]
  - 预测映射：[10  0  1  6  3 11 12  8  4  5  2  9  7]
[test_sample_02925] [T1x_rxn6275] ✅ 严格正确 | 原子数：13
[test_sample_02926] [T1x_rxn6393] ❌ 错误 | 原子数：13
  - 正确映射：[ 3  5  7 11 10  1  6  0  4  2  8 12  9]
  - 预测映射：[ 6  5  7 11 10  1  3  4  9  0  2  8 12]
[test_sample_02927] [T1x_rxn6394] ❌ 错误 | 原子数：13
  - 正确映射：[10  3  8  9  4 11  7  0  5  1  2  6 12]
  - 预测映射：[10  3  8  9  4 11  7  0  5  1  6  2 12]
[test_sample_02928] [T1x_rxn6395] ❌ 错误 | 原子数：13
  - 正确映射：[12  3 10  4  6  2  8 11  5  7  1  9  0]
  - 预测映射：[ 8  3 10  4  6  2 12  0 11  7  1  9  5]
[test_sample_02929] [T1x_rxn6396] ✅ 严格正确 | 原子数：13
[test_sample_02930] [T1x_rxn6397] ❌ 错误 | 原子数：13
  - 正确映射：[10  6  2  8  4 12  9  0 11  7  1  5  3]
  - 预测映射：[10  6  2  8  4 12  9 11  3  7  1  5  0]
[test_sample_02931] [T1x_rxn6398] ✅ 严格正确 | 原子数：13
[test_sample_02932] [T1x_rxn6399] ❌ 错误 | 原子数：13
  - 正确映射：[ 4  8 12  9 11  3 10  5  2  0  6  7  1]
  - 预测映射：[ 4  8 12  9 11  3 10  2  5  0  6  7  1]
[test_sample_02933] [T1x_rxn6400] ❌ 错误 | 原子数：13
  - 正确映射：[ 7  8  3  6 10  0 11 12  5  1  4  9  2]
  - 预测映射：[ 7  8  3  6 10  0 11  1 12  4  9  2  5]
[test_sample_02934] [T1x_rxn6401] ❌ 错误 | 原子数：13
  - 正确映射：[ 6  9  7 10  8  2 11  5  0  1  3  4 12]
  - 预测映射：[ 6  9  7 10  8  2 11  0  5  1  3 12  4]
[test_sample_02935] [T1x_rxn6402] ❌ 错误 | 原子数：13
  - 正确映射：[ 1  4  9  0 11  6  2  7 12  8  5  3 10]
  - 预测映射：[ 1  4  9  0 11  6  2 12  7  8  5  3 10]
[test_sample_02936] [T1x_rxn6403] ✅ 严格正确 | 原子数：13
[test_sample_02937] [T1x_rxn6404] ❌ 错误 | 原子数：13
  - 正确映射：[ 0  3  8 11  9  1  2 12  5  7  4  6 10]
  - 预测映射：[ 0  3  8 11  9  1  2  7  5  4  6 12 10]
[test_sample_02938] [T1x_rxn6405] ❌ 错误 | 原子数：13
  - 正确映射：[ 1  6 10  2  3  8  4 12  5  0 11  9  7]
  - 预测映射：[ 1  6 10  2  3  8  4  0  5 12 11  9  7]
[test_sample_02939] [T1x_rxn6406] ❌ 错误 | 原子数：13
  - 正确映射：[ 2  9  4 12  1  5  6  0 10  3  7 11  8]
  - 预测映射：[ 2  9  4 12  1  5  6 10  0  3  7 11  8]
[test_sample_02940] [T1x_rxn6407] ❌ 错误 | 原子数：13
  - 正确映射：[ 3  8 11  2 10  0  5  1  4  6  7 12  9]
  - 预测映射：[ 5  0 11  2 10  8  3  7 12  6  1  4  9]
[test_sample_02941] [T1x_rxn6454] ❌ 错误 | 原子数：13
  - 正确映射：[ 8  9  4  6  5  7  0  1 11  2  3 12 10]
  - 预测映射：[ 8  9  4  6  5  7  0  2  1 11  3 12 10]
[test_sample_02942] [T1x_rxn6455] ✅ 严格正确 | 原子数：13
[test_sample_02943] [T1x_rxn6456] ❌ 错误 | 原子数：13
  - 正确映射：[ 5  0  8  3  6 10  9  4  1  7 11 12  2]
  - 预测映射：[ 5  0  8  3  6 10  9  4  7  1 11 12  2]
[test_sample_02944] [T1x_rxn6457] ✅ 严格正确 | 原子数：13
[test_sample_02945] [T1x_rxn6458] ✅ 严格正确 | 原子数：13
[test_sample_02946] [T1x_rxn6459] ❌ 错误 | 原子数：13
  - 正确映射：[ 9  7 10  6  2  8 11  1  0  4 12  5  3]
  - 预测映射：[ 9  7 10  6  2  8 11  1  0  4  3 12  5]
[test_sample_02947] [T1x_rxn6460] ❌ 错误 | 原子数：13
  - 正确映射：[ 6  7 10 11  9  2 12  4  5  1  0  8  3]
  - 预测映射：[ 6  7 10 11  9  2 12  3  1  4  8  0  5]
[test_sample_02948] [T1x_rxn6461] ❌ 错误 | 原子数：13
  - 正确映射：[ 8 10  0  6 12  2  5  1  4  3  7 11  9]
  - 预测映射：[ 8 10  0 12  6  2  5  1  4 11  9  3  7]
[test_sample_02949] [T1x_rxn6462] ❌ 错误 | 原子数：13
  - 正确映射：[12  3  2 11  0  4  1  6  5  9  8  7 10]
  - 预测映射：[12  3  2 11  0  4  1  5  7  9 10  6  8]
[test_sample_02950] [T1x_rxn6463] ✅ 严格正确 | 原子数：13
[test_sample_02951] [T1x_rxn6464] ❌ 错误 | 原子数：13
  - 正确映射：[ 8  4  7 12  3  6 11  9 10  1  0  5  2]
  - 预测映射：[11 12  7  4  3  6  8  2  0  5 10  1  9]
[test_sample_02952] [T1x_rxn6465] ❌ 错误 | 原子数：13
  - 正确映射：[ 5 10 11  1  2  9  4 12  3  7  8  6  0]
  - 预测映射：[ 4  2 11  1  9 10  5  6  0  7  8  3 12]
[test_sample_02953] [T1x_rxn6632] ✅ 严格正确 | 原子数：13
[test_sample_02954] [T1x_rxn6633] ✅ 严格正确 | 原子数：13
[test_sample_02955] [T1x_rxn6634] ❌ 错误 | 原子数：13
  - 正确映射：[ 4  1  7 11  5 10  6  0  2  9  3  8 12]
  - 预测映射：[ 4  1  7 11  5 10  6  0 12  9  3  8  2]
[test_sample_02956] [T1x_rxn6635] ❌ 错误 | 原子数：13
  - 正确映射：[ 2  9  1  3  7  6  8 10 12  5  0  4 11]
  - 预测映射：[ 7  6  1  3  2  9  8  0 10  5 12 11  4]
[test_sample_02957] [T1x_rxn6636] ❌ 错误 | 原子数：13
  - 正确映射：[ 6  0  4 12  8  2  7  9 11  1  3 10  5]
  - 预测映射：[ 6  0  4 12  8  2  7  1 11  9  3 10  5]
[test_sample_02958] [T1x_rxn6637] ❌ 错误 | 原子数：13
  - 正确映射：[ 1  9  7 11  6  8  3  4 10  5  0  2 12]
  - 预测映射：[ 1  9  7 11  6  8  3 10  4  5  0  2 12]
[test_sample_02959] [T1x_rxn6638] ❌ 错误 | 原子数：13
  - 正确映射：[ 1 10  9  4 12 11  6  0  8  5  2  3  7]
  - 预测映射：[ 1 10  9  4 12 11  6  8  3  0  2  5  7]
[test_sample_02960] [T1x_rxn6639] ❌ 错误 | 原子数：13
  - 正确映射：[ 8  1  6  5  2  7  0 10  3 12 11  4  9]
  - 预测映射：[ 8  1  6  5  2  7  0  3 10 12 11  4  9]
[test_sample_02961] [T1x_rxn6640] ❌ 错误 | 原子数：13
  - 正确映射：[12  8  1  0  3  9  5  4  7 10  6  2 11]
  - 预测映射：[12  8  1  0  3  9  5  7  4 10  6  2 11]
[test_sample_02962] [T1x_rxn6641] ❌ 错误 | 原子数：13
  - 正确映射：[ 1 12  2 11  3  6 10  0  5  8  9  7  4]
  - 预测映射：[ 1 12  2 11  3 10  6  8  5  9  4  7  0]
[test_sample_02963] [T1x_rxn6642] ❌ 错误 | 原子数：13
  - 正确映射：[ 9  3 12  2 11  8  4 10  1  0  5  7  6]
  - 预测映射：[ 9  3 12  2 11  8  4  1 10  0  5  7  6]
[test_sample_02964] [T1x_rxn6643] ❌ 错误 | 原子数：13
  - 正确映射：[ 8  4  1  3  0 11  6 10  2  5 12  9  7]
  - 预测映射：[ 0  1  4  3  8  6 11 12  9  5  2  7 10]
[test_sample_02965] [T1x_rxn6644] ❌ 错误 | 原子数：13
  - 正确映射：[ 4 10  0  1  9  2  5  7 11 12  3  8  6]
  - 预测映射：[ 9  2  0  1  4 10  5  8 12  3 11  7  6]
[test_sample_02966] [T1x_rxn6645] ❌ 错误 | 原子数：13
  - 正确映射：[12  4 11  2  0 10  1  7  8  6  9  3  5]
  - 预测映射：[12  4 11  2  0 10  1  8  7  6  9  3  5]
[test_sample_02967] [T1x_rxn6646] ❌ 错误 | 原子数：13
  - 正确映射：[ 7  2  9  6  8  5  1  0 12 10  3 11  4]
  - 预测映射：[ 7  2  9  6  8  5  1 10 12  3 11  4  0]
[test_sample_02968] [T1x_rxn6647] ❌ 错误 | 原子数：13
  - 正确映射：[ 5  9  0 12  4 11 10  7  1  2  3  6  8]
  - 预测映射：[ 5  9  0 12  4 11 10  1  7  3  2  6  8]
[test_sample_02969] [T1x_rxn6648] ✅ 严格正确 | 原子数：13
[test_sample_02970] [T1x_rxn6649] ✅ 严格正确 | 原子数：13
[test_sample_02971] [T1x_rxn6650] ❌ 错误 | 原子数：13
  - 正确映射：[ 7  0  5  2 11  1  4  6  9  8 12 10  3]
  - 预测映射：[ 0  5  7  2 11  1  4 12  6  8  9 10  3]
[test_sample_02972] [T1x_rxn6651] ❌ 错误 | 原子数：13
  - 正确映射：[12  5  9 10  8  7 11  2  4  1  6  3  0]
  - 预测映射：[12  5  9 10  8  7 11  2  1  4  6  3  0]
[test_sample_02973] [T1x_rxn6652] ❌ 错误 | 原子数：13
  - 正确映射：[ 5  2  7  9  3 12  4  0  6 10  8  1 11]
  - 预测映射：[ 5  2  9  7  3 12  4  0  6 10  8  1 11]
[test_sample_02974] [T1x_rxn6653] ✅ 严格正确 | 原子数：13
[test_sample_02975] [T1x_rxn6654] ❌ 错误 | 原子数：13
  - 正确映射：[ 7  8  0  9  4 12 10  1 11  2  3  5  6]
  - 预测映射：[ 7  8  0  9  4 12 10  2  1 11  3  5  6]
[test_sample_02976] [T1x_rxn6655] ❌ 错误 | 原子数：13
  - 正确映射：[ 8  4  0  1  3  2  7  6 11 10 12  9  5]
  - 预测映射：[ 8  4  0  1  3  2  7 11  6 10 12  9  5]
[test_sample_02977] [T1x_rxn6656] ✅ 严格正确 | 原子数：13
[test_sample_02978] [T1x_rxn6657] ❌ 错误 | 原子数：13
  - 正确映射：[ 7  8 12  4 11  5  0 10  1  3  2  6  9]
  - 预测映射：[ 7  8 12  4 11  5  0  1 10  3  2  6  9]
[test_sample_02979] [T1x_rxn7289] ❌ 错误 | 原子数：13
  - 正确映射：[ 7 10  2 11  3  0  1  6  9  5  4  8 12]
  - 预测映射：[ 7 10  2 11  3  0  1  5  6  9  4  8 12]
[test_sample_02980] [T1x_rxn7290] ❌ 错误 | 原子数：13
  - 正确映射：[ 2  4  3  6  7  5  9 11  1  0 10  8 12]
  - 预测映射：[ 2  7  9  4  6  5  3 11  1  0 12 10  8]
[test_sample_02981] [T1x_rxn7291] ❌ 错误 | 原子数：13
  - 正确映射：[ 8  5  0  4  1  7  9 11  3  6 12  2 10]
  - 预测映射：[ 8  5  0  4  1  7  9 11  6  3 12  2 10]
[test_sample_02982] [T1x_rxn7292] ❌ 错误 | 原子数：13
  - 正确映射：[ 2  5  4  9 11  1  6 12 10  3  7  0  8]
  - 预测映射：[ 2  5  4  9 11  1  6 12  3 10  7  0  8]
[test_sample_02983] [T1x_rxn7293] ✅ 严格正确 | 原子数：13
[test_sample_02984] [T1x_rxn7294] ✅ 严格正确 | 原子数：13
[test_sample_02985] [T1x_rxn7295] ❌ 错误 | 原子数：13
  - 正确映射：[ 3  1  8  4 12  6  2  5  7  0 10  9 11]
  - 预测映射：[ 3  1  2 12  4  6  8  7  0  5 11  9 10]
[test_sample_02986] [T1x_rxn7296] ✅ 严格正确 | 原子数：13
[test_sample_02987] [T1x_rxn7297] ❌ 错误 | 原子数：13
  - 正确映射：[ 9  4  7  2  1 12 10 11  3  6  0  5  8]
  - 预测映射：[ 9  4  7  2  1 12 10  6 11  3  0  5  8]
[test_sample_02988] [T1x_rxn7298] ✅ 严格正确 | 原子数：13
[test_sample_02989] [T1x_rxn7299] ❌ 错误 | 原子数：13
  - 正确映射：[ 0  6  1  2  8 10  7  4 11  9 12  5  3]
  - 预测映射：[ 0  6  1  2  8 10  7  4  9 11 12  5  3]
[test_sample_02990] [T1x_rxn7551] ❌ 错误 | 原子数：13
  - 正确映射：[11 10  5  8  1  0  3  7  4  9  6 12  2]
  - 预测映射：[11 10  5  8  1  0  3  7  2  9  6 12  4]
[test_sample_02991] [T1x_rxn7552] ✅ 严格正确 | 原子数：13
[test_sample_02992] [T1x_rxn7553] ✅ 严格正确 | 原子数：13
[test_sample_02993] [T1x_rxn7554] ✅ 严格正确 | 原子数：13
[test_sample_02994] [T1x_rxn7555] ❌ 错误 | 原子数：13
  - 正确映射：[ 2 12  3  7 10  0  5  1  9  6  8  4 11]
  - 预测映射：[ 2 12  3  7 10  0  5  9  4  1  6  8 11]
[test_sample_02995] [T1x_rxn7556] ✅ 严格正确 | 原子数：13
[test_sample_02996] [T1x_rxn7557] ❌ 错误 | 原子数：13
  - 正确映射：[ 5  1  8  9  6 12  4  2  3 11  7  0 10]
  - 预测映射：[ 5  1  8  9  6 12  4  3  2 11  7  0 10]
[test_sample_02997] [T1x_rxn7558] ❌ 错误 | 原子数：13
  - 正确映射：[ 3 11  8 12  4  2  7  6  5  9  0 10  1]
  - 预测映射：[ 3 11  8 12  4  2  7  6  5  9 10  0  1]
[test_sample_02998] [T1x_rxn7559] ✅ 严格正确 | 原子数：13
[test_sample_02999] [T1x_rxn7560] ❌ 错误 | 原子数：13
  - 正确映射：[ 5  3  4  0 12  6 10  7 11  8  9  1  2]
  - 预测映射：[ 5  3  4  0 12  6 10 11  7  8  9  1  2]
[test_sample_03000] [T1x_rxn7561] ❌ 错误 | 原子数：13
  - 正确映射：[ 8  5 11 10 12  2  4  3  9  1  6  7  0]
  - 预测映射：[ 8 11  5 12 10  2  4  6  9  3  0  7  1]
[test_sample_03001] [T1x_rxn7562] ❌ 错误 | 原子数：13
  - 正确映射：[12  7  0  2  4  9  5  8 11  6  1 10  3]
  - 预测映射：[12  7  0  2  4  9  5 11  8  6  1 10  3]
[test_sample_03002] [T1x_rxn7563] ❌ 错误 | 原子数：13
  - 正确映射：[12  4 11  2  0  8 10  3  5  1  7  6  9]
  - 预测映射：[12  4 11  2  0  8 10  3  1  9  7  6  5]
[test_sample_03003] [T1x_rxn7564] ✅ 严格正确 | 原子数：13
[test_sample_03004] [T1x_rxn7565] ❌ 错误 | 原子数：13
  - 正确映射：[ 4  7  3  1  5  6 11 12  9 10  8  0  2]
  - 预测映射：[ 4  7  3  1  5  6 11  9 12 10  8  0  2]
[test_sample_03005] [T1x_rxn7617] ✅ 严格正确 | 原子数：13
[test_sample_03006] [T1x_rxn7618] ❌ 错误 | 原子数：13
  - 正确映射：[ 6  2  0 11  5  1 12  8  3  4  9 10  7]
  - 预测映射：[ 6  2 12  1 11  5  0 10  4  7  3  8  9]
[test_sample_03007] [T1x_rxn7619] ✅ 严格正确 | 原子数：13
[test_sample_03008] [T1x_rxn7620] ✅ 严格正确 | 原子数：13
[test_sample_03009] [T1x_rxn7621] ❌ 错误 | 原子数：13
  - 正确映射：[11  5  3 10  9  8  0 12  1  2  7  6  4]
  - 预测映射：[11  8  0  9 10  5  3  4  1  7  2 12  6]
[test_sample_03010] [T1x_rxn7622] ✅ 严格正确 | 原子数：13
[test_sample_03011] [T1x_rxn7623] ❌ 错误 | 原子数：13
  - 正确映射：[ 4 11  9  5  3  1 12  0  6  8  2  7 10]
  - 预测映射：[ 4  1 12  3  5 11  9  7  6  2  8  0 10]
[test_sample_03012] [T1x_rxn7624] ✅ 严格正确 | 原子数：13
[test_sample_03013] [T1x_rxn7625] ✅ 严格正确 | 原子数：13
[test_sample_03014] [T1x_rxn7626] ✅ 严格正确 | 原子数：13
[test_sample_03015] [T1x_rxn7627] ❌ 错误 | 原子数：13
  - 正确映射：[ 0  2  7  5 11  8  9  1  3  4 12 10  6]
  - 预测映射：[ 0  2  7  5 11  8  9  6  4  3 12 10  1]
[test_sample_03016] [T1x_rxn7628] ❌ 错误 | 原子数：13
  - 正确映射：[ 0 11  5  4  2  7 10  3 12  8  9  1  6]
  - 预测映射：[ 0 11 10  7  2  4  5 12  6  1  9  3  8]
[test_sample_03017] [T1x_rxn7629] ❌ 错误 | 原子数：13
  - 正确映射：[11  2  8  6  9  7 12  0  5  4  3 10  1]
  - 预测映射：[11  2  8  6  7  9 12  4  0 10  1  3  5]
[test_sample_03018] [T1x_rxn7630] ❌ 错误 | 原子数：13
  - 正确映射：[12  7  6  9  2 10  0  1  5  8  4 11  3]
  - 预测映射：[12  7  0 10  2  9  6  4  3 11  8  5  1]
[test_sample_03019] [T1x_rxn7807] ✅ 严格正确 | 原子数：13
[test_sample_03020] [T1x_rxn7808] ❌ 错误 | 原子数：13
  - 正确映射：[ 8  1  6  2  0  5  3  9 11 10 12  4  7]
  - 预测映射：[ 8  1  6  2  0  5  3 11 10  9 12  4  7]
[test_sample_03021] [T1x_rxn7809] ❌ 错误 | 原子数：13
  - 正确映射：[ 7 12  6  4 10  9  2 11  8  0  5  3  1]
  - 预测映射：[ 7 12  6  4 10  9  2 11  0  8  5  3  1]
[test_sample_03022] [T1x_rxn7810] ❌ 错误 | 原子数：13
  - 正确映射：[11  4  1  6  2  9  3  0  7  8  5 12 10]
  - 预测映射：[11  4  1  6  2  9  3  7  5  0  8 12 10]
[test_sample_03023] [T1x_rxn7811] ❌ 错误 | 原子数：13
  - 正确映射：[11  8  4  1  7 10  0  2  3 12  6  5  9]
  - 预测映射：[11  8  4  1  7 10  0  2  3  6 12  5  9]
[test_sample_03024] [T1x_rxn7812] ❌ 错误 | 原子数：13
  - 正确映射：[ 2  8  5 11  3  9  7  4  0  1 10  6 12]
  - 预测映射：[ 2  3  8  7  5  9 11 12  4  0  1 10  6]
[test_sample_03025] [T1x_rxn7813] ✅ 严格正确 | 原子数：13
[test_sample_03026] [T1x_rxn7814] ✅ 严格正确 | 原子数：13
[test_sample_03027] [T1x_rxn7815] ❌ 错误 | 原子数：13
  - 正确映射：[11  1  2  4  5  9 12  7 10  3  0  8  6]
  - 预测映射：[11  1  2  4  5  9 12  3  7 10  0  8  6]
[test_sample_03028] [T1x_rxn7816] ✅ 严格正确 | 原子数：13
[test_sample_03029] [T1x_rxn7817] ❌ 错误 | 原子数：13
  - 正确映射：[ 8 11  1  4  2  3  7  5 12  0 10  9  6]
  - 预测映射：[ 8 11  1  4  2  3  7  5 12 10  9  0  6]
[test_sample_03030] [T1x_rxn7818] ❌ 错误 | 原子数：13
  - 正确映射：[ 7  0 10 12  3  2  1  4  8  9 11  5  6]
  - 预测映射：[ 7  0 10 12  3  2  1  8  4  9 11  5  6]
[test_sample_03031] [T1x_rxn7819] ❌ 错误 | 原子数：13
  - 正确映射：[ 6  3  2  4  7 11  0  1  8 12  9  5 10]
  - 预测映射：[ 6  3  2  4  7 11  0  8  1 12  5  9 10]
[test_sample_03032] [T1x_rxn8468] ✅ 严格正确 | 原子数：13
[test_sample_03033] [T1x_rxn8469] ❌ 错误 | 原子数：13
  - 正确映射：[ 7  1  3  2  5  0 11  6 12 10  9  4  8]
  - 预测映射：[ 7  2  3  0  5  1 11  4  6 10  8 12  9]
[test_sample_03034] [T1x_rxn8470] ❌ 错误 | 原子数：13
  - 正确映射：[ 0  4 12  5  6  2  1 10  9  8 11  7  3]
  - 预测映射：[ 0  4 12  5  6  2  1  8  9 10  7 11  3]
[test_sample_03035] [T1x_rxn8471] ❌ 错误 | 原子数：13
  - 正确映射：[ 3  4  1 11  2  6  5  7 10  8  0 12  9]
  - 预测映射：[ 4  3  1  6  5 11  2 12  0  9 10  7  8]
[test_sample_03036] [T1x_rxn8472] ❌ 错误 | 原子数：13
  - 正确映射：[11  0  8  5 12  2  1  3  9 10  4  7  6]
  - 预测映射：[11  0  8  2  1  5 12  4  9  3  7 10  6]
[test_sample_03037] [T1x_rxn8473] ❌ 错误 | 原子数：13
  - 正确映射：[11  2  6 10  9  8  1  4 12  0  3  7  5]
  - 预测映射：[11  2  6 10  9  8  1  0 12  4  7  3  5]
[test_sample_03038] [T1x_rxn8698] ❌ 错误 | 原子数：13
  - 正确映射：[10  0  9 12  7  4  3  6  1  2  8 11  5]
  - 预测映射：[10  0  9 12  7  4  3  1  2  6  8 11  5]
[test_sample_03039] [T1x_rxn8699] ❌ 错误 | 原子数：13
  - 正确映射：[ 0 11  3  9  4 12  7 10  1  8  5  6  2]
  - 预测映射：[ 0 11  3  9  4 12  7 10  1  8  5  2  6]
[test_sample_03040] [T1x_rxn8700] ✅ 严格正确 | 原子数：13
[test_sample_03041] [T1x_rxn8701] ✅ 严格正确 | 原子数：13
[test_sample_03042] [T1x_rxn8702] ❌ 错误 | 原子数：13
  - 正确映射：[11  1  6  4  8  0 12  9  3  2  5 10  7]
  - 预测映射：[11  1  6  4  8  0 12  2  3  9  5 10  7]
[test_sample_03043] [T1x_rxn8703] ❌ 错误 | 原子数：13
  - 正确映射：[ 3  6  5  7  2  8  0 10 11  4 12  1  9]
  - 预测映射：[ 3  6  5  7  2  8  0 10  4 11 12  1  9]
[test_sample_03044] [T1x_rxn8704] ✅ 严格正确 | 原子数：13
[test_sample_03045] [T1x_rxn8705] ❌ 错误 | 原子数：13
  - 正确映射：[ 7  9  8 12  4 11  5  6  0 10  3  1  2]
  - 预测映射：[ 7  9  8 12  4 11  5  6 10  0  1  3  2]
[test_sample_03046] [T1x_rxn9509] ❌ 错误 | 原子数：13
  - 正确映射：[ 5 12  1  7  0  9  6  4  8  3  2 11 10]
  - 预测映射：[ 5 12  1  7  0  9  6  4  3  8  2 11 10]
[test_sample_03047] [T1x_rxn9527] ❌ 错误 | 原子数：13
  - 正确映射：[ 9  4  6  3 10 11  5  8  2  7  1 12  0]
  - 预测映射：[ 3  6  4  9 10 11  5  7  1  8  2 12  0]
[test_sample_03048] [T1x_rxn9528] ✅ 严格正确 | 原子数：13
[test_sample_03049] [T1x_rxn9589] ❌ 错误 | 原子数：13
  - 正确映射：[ 9  3 12  7 10  5 11  6  8  1  4  2  0]
  - 预测映射：[ 9  3 12  7 10  5 11  1  8  6  4  0  2]
[test_sample_03050] [T1x_rxn9590] ❌ 错误 | 原子数：13
  - 正确映射：[ 0  7  1 10  4  8 12  9  3  2  5 11  6]
  - 预测映射：[ 0  7  1 10  4  8 12  9  2  3  5 11  6]
[test_sample_03051] [T1x_rxn9591] ❌ 错误 | 原子数：13
  - 正确映射：[ 0  5  9  3 12  1 10  4  6  2  7  8 11]
  - 预测映射：[ 0  5  9  3 12  1 10  2  6  4  7  8 11]
[test_sample_03052] [T1x_rxn9681] ❌ 错误 | 原子数：13
  - 正确映射：[10  5  0  4  8  1 11  3  7  6  2  9 12]
  - 预测映射：[10  5  0  4  8  1 11  6  3  7  2  9 12]
[test_sample_03053] [T1x_rxn9682] ❌ 错误 | 原子数：13
  - 正确映射：[11  4  5  7  2  0  8  1 12  3 10  6  9]
  - 预测映射：[11  4  5  7  2  0  8  3 12  1  6 10  9]
[test_sample_03054] [T1x_rxn9696] ❌ 错误 | 原子数：13
  - 正确映射：[ 0 12  5  1  3  7 11  9 10  2  8  4  6]
  - 预测映射：[ 0 12  5  1  3  7 11 10  8  2  4  6  9]
[test_sample_03055] [T1x_rxn9697] ✅ 严格正确 | 原子数：13
[test_sample_03056] [T1x_rxn9708] ❌ 错误 | 原子数：13
  - 正确映射：[ 9  8  4  1 10  3  6 11  5  7  0 12  2]
  - 预测映射：[ 9  8  4  1 10  3  6  2  7 11 12  0  5]
[test_sample_03057] [T1x_rxn9709] ❌ 错误 | 原子数：13
  - 正确映射：[11  1 10  2  5  6  7  4  9  8  0  3 12]
  - 预测映射：[11  1 10  2  5  6  7  4  8  9  0  3 12]
[test_sample_03058] [T1x_rxn9710] ❌ 错误 | 原子数：13
  - 正确映射：[ 4  5  2  7  8 10 11  1  6 12  9  0  3]
  - 预测映射：[ 4  7  2  8 10  5 11  9 12  0  3  1  6]
[test_sample_03059] [T1x_rxn9711] ❌ 错误 | 原子数：13
  - 正确映射：[ 0  5  8  3 11  2  9  7 12  6  4  1 10]
  - 预测映射：[ 0  5  8  3 11  2  9 12  7  6  4  1 10]
[test_sample_03060] [T1x_rxn9712] ❌ 错误 | 原子数：13
  - 正确映射：[ 8  6  5 10 12  7  9 11  1  3  0  2  4]
  - 预测映射：[ 8 10  5 12  7  6  9  3  0  4  2  1 11]
[test_sample_03061] [T1x_rxn9736] ❌ 错误 | 原子数：13
  - 正确映射：[ 9 10  8  7  3  2 11  5  4  1  6 12  0]
  - 预测映射：[ 3  2  8  7  9 10 11  1  6  5  4  0 12]
[test_sample_03062] [T1x_rxn9737] ❌ 错误 | 原子数：13
  - 正确映射：[ 5 10  2  1  4 12  6  9 11  7  0  3  8]
  - 预测映射：[ 5 10  2  1  4 12  6  9  7 11  0  3  8]
[test_sample_03063] [T1x_rxn9821] ❌ 错误 | 原子数：13
  - 正确映射：[10  9  4  0  5  6  1  7 12  2  3  8 11]
  - 预测映射：[10  9  4  0  5  6  1  7  2 12  8  3 11]
[test_sample_03064] [T1x_rxn9822] ✅ 严格正确 | 原子数：13
[test_sample_03065] [T1x_rxn9823] ✅ 严格正确 | 原子数：13
[test_sample_03066] [T1x_rxn9853] ✅ 严格正确 | 原子数：13
[test_sample_03067] [T1x_rxn9854] ❌ 错误 | 原子数：13
  - 正确映射：[ 3 12  2 10  8  7  4  5  6  9  0 11  1]
  - 预测映射：[ 3 12  2 10  8  7  4  6  5  9  0 11  1]
[test_sample_03068] [T1x_rxn9867] ❌ 错误 | 原子数：13
  - 正确映射：[ 1  7  4  6 12  5  9  3  0 11  2 10  8]
  - 预测映射：[ 1  7  4  6 12  5  9  3 11  2 10  8  0]
[test_sample_03069] [T1x_rxn9868] ❌ 错误 | 原子数：13
  - 正确映射：[ 8  6  5  4  3  1  0 12  9 10 11  7  2]
  - 预测映射：[ 8  1  0  3  4  6  5 11 10  7  9 12  2]
[test_sample_03070] [T1x_rxn9901] ❌ 错误 | 原子数：13
  - 正确映射：[ 7  2  1  3  6  5 11 10  8  4  0 12  9]
  - 预测映射：[ 7  1  2 11  6  5  3  8 10  4  0  9 12]
[test_sample_03071] [T1x_rxn0148] ❌ 错误 | 原子数：11
  - 正确映射：[ 9 10  6  3  0  8  5  2  4  1  7]
  - 预测映射：[ 9 10  0  3  6  8  2  5  7  1  4]
[test_sample_03072] [T1x_rxn0149] ❌ 错误 | 原子数：11
  - 正确映射：[ 7  6  4 10  1  5  8  2  0  9  3]
  - 预测映射：[ 4  6  7  1 10  0  2  8  5  3  9]
[test_sample_03073] [T1x_rxn0150] ❌ 错误 | 原子数：11
  - 正确映射：[ 5  4  0  7  2  6  1  9  3  8 10]
  - 预测映射：[ 2  4  5  0  7 10  6  1  9  3  8]
[test_sample_03074] [T1x_rxn0151] ❌ 错误 | 原子数：11
  - 正确映射：[ 8  0 10  3  7  6  1  4  2  5  9]
  - 预测映射：[ 3  0  8  7 10  9  5  6  1  4  2]
[test_sample_03075] [T1x_rxn0152] ❌ 错误 | 原子数：11
  - 正确映射：[ 1  7 10  3  4  6  8  0  9  5  2]
  - 预测映射：[10  7  1  4  3  0  9  5  6  2  8]
[test_sample_03076] [T1x_rxn0153] ❌ 错误 | 原子数：11
  - 正确映射：[ 3  0  9 10  2  4  6  5  7  8  1]
  - 预测映射：[ 9  0  3  2 10  5  7  4  6  1  8]
[test_sample_03077] [T1x_rxn0154] ❌ 错误 | 原子数：11
  - 正确映射：[ 4  5  3 10  9  0  8  1  6  2  7]
  - 预测映射：[ 3  5  4  9 10  1  6  7  0  8  2]
[test_sample_03078] [T1x_rxn0406] ❌ 错误 | 原子数：11
  - 正确映射：[10  3  7  2  8  1  4  6  9  0  5]
  - 预测映射：[10  3  7  2  8  5  1  4  6  0  9]
[test_sample_03079] [T1x_rxn0407] ❌ 错误 | 原子数：11
  - 正确映射：[10  8  9  3  6  0  7  5  4  2  1]
  - 预测映射：[10  8  9  3  6  1  7  5  0  2  4]
[test_sample_03080] [T1x_rxn0408] ✅ 严格正确 | 原子数：11
[test_sample_03081] [T1x_rxn0409] ❌ 错误 | 原子数：11
  - 正确映射：[ 9 10  0  3  8  7  6  4  1  2  5]
  - 预测映射：[ 9 10  8  3  0  5  2  1  4  7  6]
[test_sample_03082] [T1x_rxn0410] ❌ 错误 | 原子数：11
  - 正确映射：[ 3  1  5  6  4  8  0  7  9 10  2]
  - 预测映射：[ 3  1  4  6  5  2 10  0  7  9  8]
[test_sample_03083] [T1x_rxn0411] ❌ 错误 | 原子数：11
  - 正确映射：[ 1  2  5  4  8  0  9 10  6  7  3]
  - 预测映射：[ 1  2  5  8  4  9  0  3  6  7 10]
[test_sample_03084] [T1x_rxn1659] ✅ 严格正确 | 原子数：11
[test_sample_03085] [T1x_rxn1660] ✅ 严格正确 | 原子数：11
[test_sample_03086] [T1x_rxn1661] ❌ 错误 | 原子数：11
  - 正确映射：[ 0  7  2  6  1  9  5  4 10  8  3]
  - 预测映射：[ 0  7  2  6  1  9  4  5  8 10  3]
[test_sample_03087] [T1x_rxn1662] ✅ 严格正确 | 原子数：11
[test_sample_03088] [T1x_rxn1663] ❌ 错误 | 原子数：11
  - 正确映射：[ 5  1  8 10  7  6  2  3  0  9  4]
  - 预测映射：[ 5  7 10  8  1  3  6  4  0  9  2]
[test_sample_03089] [T1x_rxn1664] ❌ 错误 | 原子数：11
  - 正确映射：[ 5  7  6  8  0  2  9  1  4  3 10]
  - 预测映射：[ 5  6  7  8  0 10  4  3  9  1  2]
[test_sample_03090] [T1x_rxn1665] ❌ 错误 | 原子数：11
  - 正确映射：[ 8  2  5  9  4  6 10  0  1  7  3]
  - 预测映射：[ 8  2  5  4  9  6 10  0  1  7  3]
[test_sample_03091] [T1x_rxn1831] ❌ 错误 | 原子数：11
  - 正确映射：[10  2  5  7  0  1  8  4  9  3  6]
  - 预测映射：[10  2  5  7  0  8  4  1  9  3  6]
[test_sample_03092] [T1x_rxn1832] ❌ 错误 | 原子数：11
  - 正确映射：[ 7  1  6  2  5  3  0 10  4  9  8]
  - 预测映射：[ 7  1  6  2  5 10  0  8  4  9  3]
[test_sample_03093] [T1x_rxn1833] ❌ 错误 | 原子数：11
  - 正确映射：[ 6  4  3  0  2  5  8 10  9  7  1]
  - 预测映射：[ 6  4  2  0  3  8  9  5  1  7 10]
[test_sample_03094] [T1x_rxn1834] ❌ 错误 | 原子数：11
  - 正确映射：[ 1  0  6  7  8  5  2  3  4 10  9]
  - 预测映射：[ 6  0  1  7  8 10  4  3  2  5  9]
[test_sample_03095] [T1x_rxn1835] ✅ 严格正确 | 原子数：11
[test_sample_03096] [T1x_rxn1836] ❌ 错误 | 原子数：11
  - 正确映射：[ 6  7  3  0  8  9 10  5  4  2  1]
  - 预测映射：[ 6  7  3  0  8  9  5 10  2  4  1]
[test_sample_03097] [T1x_rxn1837] ❌ 错误 | 原子数：11
  - 正确映射：[ 5  0  6  1  3  7  8  4 10  2  9]
  - 预测映射：[ 5  0  3  1  6  8  7  4  9  2 10]
[test_sample_03098] [T1x_rxn1838] ✅ 严格正确 | 原子数：11
[test_sample_03099] [T1x_rxn1839] ✅ 严格正确 | 原子数：11
[test_sample_03100] [T1x_rxn1840] ✅ 严格正确 | 原子数：11
[test_sample_03101] [T1x_rxn1841] ❌ 错误 | 原子数：11
  - 正确映射：[ 5  6  9  3  4 10  1  0  8  7  2]
  - 预测映射：[ 6  5  4  3  9  1  0 10  7  2  8]
[test_sample_03102] [T1x_rxn1842] ✅ 严格正确 | 原子数：11
[test_sample_03103] [T1x_rxn1843] ❌ 错误 | 原子数：11
  - 正确映射：[10  3  7  4  6  8  9  0  5  1  2]
  - 预测映射：[10  3  7  4  6  8  0  9  1  5  2]
[test_sample_03104] [T1x_rxn1844] ❌ 错误 | 原子数：11
  - 正确映射：[ 4  3  9 10  0  8  6  7  2  1  5]
  - 预测映射：[ 4  3  9 10  0  8  5  6  2  1  7]
[test_sample_03105] [T1x_rxn1845] ❌ 错误 | 原子数：11
  - 正确映射：[ 6  3  1  4  8  5  7  9  0  2 10]
  - 预测映射：[ 8  3  1  4  6  5 10  9  2  0  7]
[test_sample_03106] [T1x_rxn2013] ✅ 严格正确 | 原子数：11
[test_sample_03107] [T1x_rxn2014] ❌ 错误 | 原子数：11
  - 正确映射：[ 9  6  3  2  4  8  7  0 10  1  5]
  - 预测映射：[ 9  6  2  3  4  8  7  0 10  1  5]
[test_sample_03108] [T1x_rxn2015] ❌ 错误 | 原子数：11
  - 正确映射：[ 7  9  4  6  0  5 10  8  3  1  2]
  - 预测映射：[ 7  9  4  6  0 10  5  8  3  1  2]
[test_sample_03109] [T1x_rxn2016] ❌ 错误 | 原子数：11
  - 正确映射：[ 0  6  9  8  3  5  2  7  4  1 10]
  - 预测映射：[ 0  6  9  3  8  5  2 10  1  4  7]
[test_sample_03110] [T1x_rxn2017] ✅ 严格正确 | 原子数：11
[test_sample_03111] [T1x_rxn2018] ❌ 错误 | 原子数：11
  - 正确映射：[ 1 10  7  9  2  8  5  6  4  0  3]
  - 预测映射：[ 1 10  2  7  9  8  3  5  6  0  4]
[test_sample_03112] [T1x_rxn2019] ❌ 错误 | 原子数：11
  - 正确映射：[ 2  6  5  0  7  8  1 10  9  4  3]
  - 预测映射：[ 2  6  5  0  7  1  3  9  8  4 10]
[test_sample_03113] [T1x_rxn2594] ❌ 错误 | 原子数：11
  - 正确映射：[ 5  6  4  2  9  0  1  3  7 10  8]
  - 预测映射：[ 5  2  4  6  9  3  1  0  7 10  8]
[test_sample_03114] [T1x_rxn2595] ❌ 错误 | 原子数：11
  - 正确映射：[ 5  8  9  3  7  1  6  2 10  0  4]
  - 预测映射：[ 3  8  5  9  7  4 10  2  1  6  0]
[test_sample_03115] [T1x_rxn2596] ✅ 严格正确 | 原子数：11
[test_sample_03116] [T1x_rxn2845] ❌ 错误 | 原子数：11
  - 正确映射：[ 1  3 10  0  5  4  7  8  2  9  6]
  - 预测映射：[ 1  3 10  0  5  8  7  2  4  9  6]
[test_sample_03117] [T1x_rxn2846] ❌ 错误 | 原子数：11
  - 正确映射：[ 1  6  9  3  4  0 10  8  7  5  2]
  - 预测映射：[ 1  6  9  3  4 10  0  8  2  5  7]
[test_sample_03118] [T1x_rxn2847] ❌ 错误 | 原子数：11
  - 正确映射：[ 5  7  6  1  2  4 10  0  8  9  3]
  - 预测映射：[ 5  7  6  1  2  9 10  4  8  3  0]
[test_sample_03119] [T1x_rxn3521] ❌ 错误 | 原子数：11
  - 正确映射：[ 1  5  8  4  0  3  7  6 10  9  2]
  - 预测映射：[ 1  5  8  0  4  3  7  6  9 10  2]
[test_sample_03120] [T1x_rxn3522] ❌ 错误 | 原子数：11
  - 正确映射：[ 2  6  5  1 10  4  9  0  7  8  3]
  - 预测映射：[ 2  6  5  1 10  0  9  4  7  8  3]
[test_sample_03121] [T1x_rxn4414] ✅ 严格正确 | 原子数：11
[test_sample_03122] [T1x_rxn4415] ❌ 错误 | 原子数：11
  - 正确映射：[ 0  6  8  7  3  2  9 10  4  5  1]
  - 预测映射：[ 6  0  8  7  3  4 10  9  2  5  1]
[test_sample_03123] [T1x_rxn4416] ❌ 错误 | 原子数：11
  - 正确映射：[ 7 10  2  1  5  8  0  4  3  9  6]
  - 预测映射：[10  7  5  1  2  3  4  0  8  6  9]
[test_sample_03124] [T1x_rxn4417] ❌ 错误 | 原子数：11
  - 正确映射：[ 4  9  0 10  2  3  6  1  8  5  7]
  - 预测映射：[ 9  4  2 10  0  1  8  3  6  7  5]
[test_sample_03125] [T1x_rxn4418] ❌ 错误 | 原子数：11
  - 正确映射：[ 5  9 10  2  6  1  8  4  7  0  3]
  - 预测映射：[ 9  5  6  2 10  4  7  1  8  0  3]
[test_sample_03126] [T1x_rxn4419] ✅ 严格正确 | 原子数：11
[test_sample_03127] [T1x_rxn4420] ❌ 错误 | 原子数：11
  - 正确映射：[ 5  9  3  0  4  6  1  2  7  8 10]
  - 预测映射：[ 3  9  5  0  4  8  2  6  7  1 10]
[test_sample_03128] [T1x_rxn9147] ❌ 错误 | 原子数：11
  - 正确映射：[ 9  8  3  1  6 10  0  2  4  7  5]
  - 预测映射：[ 8  6  3  1  9 10  2  5  4  7  0]
[test_sample_03129] [T1x_rxn9355] ❌ 错误 | 原子数：11
  - 正确映射：[ 2  6  3  8  9  7  4 10  1  0  5]
  - 预测映射：[ 2  6  9  8  3  7 10  4  5  0  1]
[test_sample_03130] [T1x_rxn0165] ❌ 错误 | 原子数：12
  - 正确映射：[ 4  9  8 11  7  5  6  2 10  3  1  0]
  - 预测映射：[11  5  7  4  8  9  1  0  3 10  6  2]
[test_sample_03131] [T1x_rxn0166] ❌ 错误 | 原子数：12
  - 正确映射：[ 7  6  8  0 10  3  5  4  2 11  1  9]
  - 预测映射：[ 7  6  8  0 10  3  2  5  4  9  1 11]
[test_sample_03132] [T1x_rxn0167] ❌ 错误 | 原子数：12
  - 正确映射：[11  9 10  4  0  7  2  1  6  5  8  3]
  - 预测映射：[11  7  9  4  0 10  6  1  2  8  5  3]
[test_sample_03133] [T1x_rxn0168] ❌ 错误 | 原子数：12
  - 正确映射：[ 2  9  1  4 11  6  0  3  5 10  8  7]
  - 预测映射：[ 2  6 11  4  1  9  0  7  5 10  8  3]
[test_sample_03134] [T1x_rxn0169] ❌ 错误 | 原子数：12
  - 正确映射：[ 5  3  8  0 11  9 10  7  6  1  4  2]
  - 预测映射：[ 0  8  3  5  9 11  4  1  2  6  7 10]
[test_sample_03135] [T1x_rxn0170] ✅ 严格正确 | 原子数：12
[test_sample_03136] [T1x_rxn0438] ✅ 严格正确 | 原子数：12
[test_sample_03137] [T1x_rxn0439] ❌ 错误 | 原子数：12
  - 正确映射：[ 2  0  6  9  4 11  8  5  1  3 10  7]
  - 预测映射：[11  0  6  9  4  2  7  3  1  5 10  8]
[test_sample_03138] [T1x_rxn0440] ❌ 错误 | 原子数：12
  - 正确映射：[ 6  7  4  5  9  8  3 10 11  1  2  0]
  - 预测映射：[ 7  8  4  5  9  6  3 10 11  1  2  0]
[test_sample_03139] [T1x_rxn0441] ❌ 错误 | 原子数：12
  - 正确映射：[ 1 10  7  5  2  3  9 11  0  6  8  4]
  - 预测映射：[ 1  3  7 10  2  5  9 11  4  6  0  8]
[test_sample_03140] [T1x_rxn0442] ❌ 错误 | 原子数：12
  - 正确映射：[10 11  4  9  1  8  7  2  5  6  3  0]
  - 预测映射：[ 8  9  4 11  1 10  6  7  3  5  0  2]
[test_sample_03141] [T1x_rxn0443] ❌ 错误 | 原子数：12
  - 正确映射：[ 8  0  1 11  5  2  7 10  3  9  4  6]
  - 预测映射：[ 8  0  1 11  5  2  6  3  7  4  9 10]
[test_sample_03142] [T1x_rxn0444] ❌ 错误 | 原子数：12
  - 正确映射：[ 6  4  1  2  5 11  9  7  3 10  8  0]
  - 预测映射：[ 4  6  5  2  1 11  3  0  9  8 10  7]
[test_sample_03143] [T1x_rxn0445] ❌ 错误 | 原子数：12
  - 正确映射：[ 2  3  8  0  6 11  4 10  5  9  1  7]
  - 预测映射：[ 3 11  6  0  8  2  4  5  1  9  7 10]
[test_sample_03144] [T1x_rxn0446] ❌ 错误 | 原子数：12
  - 正确映射：[ 1  9 11  5 10  4  2  3  6  7  8  0]
  - 预测映射：[ 1  4 10  5 11  9  2  3  0  6  8  7]
[test_sample_03145] [T1x_rxn0447] ❌ 错误 | 原子数：12
  - 正确映射：[ 5 10  9  3  7  4  1  2 11  6  8  0]
  - 预测映射：[ 5  4  7  3  9 10  1  2  0  6  8 11]
[test_sample_03146] [T1x_rxn0448] ❌ 错误 | 原子数：12
  - 正确映射：[ 4 11  6  1 10  3  9  0  7  5  2  8]
  - 预测映射：[ 4  3 10  1  6 11  9  0  8  5  2  7]
[test_sample_03147] [T1x_rxn0745] ✅ 严格正确 | 原子数：12
[test_sample_03148] [T1x_rxn0746] ❌ 错误 | 原子数：12
  - 正确映射：[ 3  9  4 10  7  1  6  2  5 11  0  8]
  - 预测映射：[ 3  9  4 10  7  1  6  8  2  5 11  0]
[test_sample_03149] [T1x_rxn0747] ❌ 错误 | 原子数：12
  - 正确映射：[ 1  9  5 11  3  4 10  8  0  7  2  6]
  - 预测映射：[ 1  9  5 11  3  4  6  8  7 10  0  2]
[test_sample_03150] [T1x_rxn0748] ✅ 严格正确 | 原子数：12
[test_sample_03151] [T1x_rxn0749] ❌ 错误 | 原子数：12
  - 正确映射：[ 4  1 10  5  3  2 11  6  8  7  0  9]
  - 预测映射：[ 4  1 10  5  3  2  6  8  0  7  9 11]
[test_sample_03152] [T1x_rxn0750] ❌ 错误 | 原子数：12
  - 正确映射：[ 8  0 10  1  7 11  4  5  3  2  6  9]
  - 预测映射：[ 8  0 10  1  7 11  4  3  6  2  9  5]
[test_sample_03153] [T1x_rxn0751] ✅ 严格正确 | 原子数：12
[test_sample_03154] [T1x_rxn0752] ❌ 错误 | 原子数：12
  - 正确映射：[ 5  7 11 10  0  6  4  3  9  2  1  8]
  - 预测映射：[ 5  7 11 10  0  6  8  3  9  4  2  1]
[test_sample_03155] [T1x_rxn0753] ❌ 错误 | 原子数：12
  - 正确映射：[ 2  3  6 10  0  9  7  1  5  8  4 11]
  - 预测映射：[ 2  3  6 10  0  9  7 11  5  1  8  4]
[test_sample_03156] [T1x_rxn0754] ✅ 严格正确 | 原子数：12
[test_sample_03157] [T1x_rxn0755] ❌ 错误 | 原子数：12
  - 正确映射：[ 6  2  3 11  0  4 10  9  1  5  8  7]
  - 预测映射：[ 6  2  3 11  0  4 10  5  9  1  8  7]
[test_sample_03158] [T1x_rxn0756] ❌ 错误 | 原子数：12
  - 正确映射：[ 3  9  1  5  6 11  2  4  8  7 10  0]
  - 预测映射：[ 3  9  1 11  6  5  2  7  8  4  0 10]
[test_sample_03159] [T1x_rxn0757] ❌ 错误 | 原子数：12
  - 正确映射：[10  4  2  7  1 11  6  3  5  9  0  8]
  - 预测映射：[ 1  7  2 11 10  4  9  0  3  5  8  6]
[test_sample_03160] [T1x_rxn0791] ❌ 错误 | 原子数：12
  - 正确映射：[ 0  6  3  4 10  1  7  8  2  5  9 11]
  - 预测映射：[ 4 10  1  0  6  3  2 11  7  9  5  8]
[test_sample_03161] [T1x_rxn0792] ❌ 错误 | 原子数：12
  - 正确映射：[ 8  4  2  9 10  6  7  5  0  1  3 11]
  - 预测映射：[ 8  4  2  9 10  6  5  7  1  0 11  3]
[test_sample_03162] [T1x_rxn0793] ❌ 错误 | 原子数：12
  - 正确映射：[10 11  1  6  5  9  4  7  8  3  0  2]
  - 预测映射：[10 11  1  9  5  6  4  7  2  0  3  8]
[test_sample_03163] [T1x_rxn0794] ✅ 严格正确 | 原子数：12
[test_sample_03164] [T1x_rxn0795] ❌ 错误 | 原子数：12
  - 正确映射：[ 4  9  1  0 10 11  5  7  2  3  6  8]
  - 预测映射：[11 10  0  1  9  4  8  5  2  3  7  6]
[test_sample_03165] [T1x_rxn0796] ❌ 错误 | 原子数：12
  - 正确映射：[ 9  4  1  8  2 11  0  5  6  7 10  3]
  - 预测映射：[ 9  4  1 11  2  8  5  0  3 10  7  6]
[test_sample_03166] [T1x_rxn0797] ✅ 严格正确 | 原子数：12
[test_sample_03167] [T1x_rxn0798] ✅ 严格正确 | 原子数：12
[test_sample_03168] [T1x_rxn0820] ❌ 错误 | 原子数：12
  - 正确映射：[ 8 10  1  7  9  4  5  3  2  0  6 11]
  - 预测映射：[ 4 10  1  9  7  8  5  3  2  0 11  6]
[test_sample_03169] [T1x_rxn0821] ❌ 错误 | 原子数：12
  - 正确映射：[ 8  1 10  2  7  9  5  6  0  3 11  4]
  - 预测映射：[ 8  1 10  2  7  9  5 11  0  3  6  4]
[test_sample_03170] [T1x_rxn0822] ❌ 错误 | 原子数：12
  - 正确映射：[ 3  5  7  2  9  1  8  6 11  4 10  0]
  - 预测映射：[ 3  5  2  7  9  1  8  4 10 11  0  6]
[test_sample_03171] [T1x_rxn0823] ❌ 错误 | 原子数：12
  - 正确映射：[ 7 11 10  4  5  8  6  1  3  0  9  2]
  - 预测映射：[ 7  5  4 10 11  8  6  0  9  1  3  2]
[test_sample_03172] [T1x_rxn0824] ❌ 错误 | 原子数：12
  - 正确映射：[ 5  3  0  6 11  9  1 10  4  7  8  2]
  - 预测映射：[ 9 11  0  6  3  5  1 10  7  8  2  4]
[test_sample_03173] [T1x_rxn0836] ❌ 错误 | 原子数：12
  - 正确映射：[ 3  4  0  6  1 11  9  2  5 10  7  8]
  - 预测映射：[ 3  4  0  6  1 11  9 10  5  2  7  8]
[test_sample_03174] [T1x_rxn0837] ✅ 严格正确 | 原子数：12
[test_sample_03175] [T1x_rxn0838] ✅ 严格正确 | 原子数：12
[test_sample_03176] [T1x_rxn0839] ✅ 严格正确 | 原子数：12
[test_sample_03177] [T1x_rxn0840] ❌ 错误 | 原子数：12
  - 正确映射：[ 4 10  6  9  7  0 11  8  3  1  2  5]
  - 预测映射：[ 4 10  6  9  7  0 11  8  3  2  1  5]
[test_sample_03178] [T1x_rxn0841] ❌ 错误 | 原子数：12
  - 正确映射：[ 0  2  9  7 11  3  1  8  6 10  4  5]
  - 预测映射：[ 0  2  9  7 11  3  8  1  6 10  4  5]
[test_sample_03179] [T1x_rxn0842] ❌ 错误 | 原子数：12
  - 正确映射：[ 3 10 11  8  1  5  2  9  7  6  4  0]
  - 预测映射：[ 3 10 11  8  1  5  2  6  7  9  0  4]
[test_sample_03180] [T1x_rxn0843] ✅ 严格正确 | 原子数：12
[test_sample_03181] [T1x_rxn0897] ✅ 严格正确 | 原子数：12
[test_sample_03182] [T1x_rxn0898] ❌ 错误 | 原子数：12
  - 正确映射：[10 11  8  7  9  4  6  2  5  3  1  0]
  - 预测映射：[10 11  8  7  9  4  6  5  3  0  1  2]
[test_sample_03183] [T1x_rxn0899] ✅ 严格正确 | 原子数：12
[test_sample_03184] [T1x_rxn0900] ✅ 严格正确 | 原子数：12
[test_sample_03185] [T1x_rxn0901] ❌ 错误 | 原子数：12
  - 正确映射：[ 0  3  7 11  9 10  1  2  8  4  5  6]
  - 预测映射：[ 0  3  7 11  9 10  1  2  8  4  6  5]
[test_sample_03186] [T1x_rxn0902] ✅ 严格正确 | 原子数：12
[test_sample_03187] [T1x_rxn0903] ❌ 错误 | 原子数：12
  - 正确映射：[11  4  9  5  2  8  1  3  0 10  7  6]
  - 预测映射：[11  4  9  5  2  8  1  3  0 10  6  7]
[test_sample_03188] [T1x_rxn0904] ❌ 错误 | 原子数：12
  - 正确映射：[ 2  0  3  6  7  5  8  4  1 10 11  9]
  - 预测映射：[ 2  0  3  6  7  5  8  1  9  4 10 11]
[test_sample_03189] [T1x_rxn0905] ❌ 错误 | 原子数：12
  - 正确映射：[10 11  3  1  0  2  9  7  4  5  6  8]
  - 预测映射：[10 11  3  1  0  2  9  7  4  5  8  6]
[test_sample_03190] [T1x_rxn0906] ✅ 严格正确 | 原子数：12
[test_sample_03191] [T1x_rxn0907] ✅ 严格正确 | 原子数：12
[test_sample_03192] [T1x_rxn0908] ❌ 错误 | 原子数：12
  - 正确映射：[11  2  1  5  6  4  9  3  0 10  8  7]
  - 预测映射：[11  2  1  5  6  4  9  0  3  7  8 10]
[test_sample_03193] [T1x_rxn0909] ❌ 错误 | 原子数：12
  - 正确映射：[ 5  2  9  8  6 10  7  0  4  3  1 11]
  - 预测映射：[ 5  2  9  8  6 10  7  0  4  3 11  1]
[test_sample_03194] [T1x_rxn0910] ✅ 严格正确 | 原子数：12
[test_sample_03195] [T1x_rxn0911] ❌ 错误 | 原子数：12
  - 正确映射：[ 9  5 11  3  6  0  2  8  7  4  1 10]
  - 预测映射：[ 9  5 11  3  6  0  2  7 10  8  4  1]
[test_sample_03196] [T1x_rxn1050] ✅ 严格正确 | 原子数：12
[test_sample_03197] [T1x_rxn1051] ❌ 错误 | 原子数：12
  - 正确映射：[ 5  7 11  0 10  4  1  9  8  6  3  2]
  - 预测映射：[ 5  7 11  0 10  4  9  2  8  6  1  3]
[test_sample_03198] [T1x_rxn1052] ❌ 错误 | 原子数：12
  - 正确映射：[ 2  6 11  7  0 10  1  8  9  3  4  5]
  - 预测映射：[ 0  6  2  7 11 10  8  4  9  3  1  5]
[test_sample_03199] [T1x_rxn1053] ❌ 错误 | 原子数：12
  - 正确映射：[ 7  2  1  8  0  3  4 11  9  6  5 10]
  - 预测映射：[ 1  2  7  8  0  3 10  6  5 11  9  4]
[test_sample_03200] [T1x_rxn1054] ❌ 错误 | 原子数：12
  - 正确映射：[ 7  8  4 10 11  0  2  3  9  5  6  1]
  - 预测映射：[ 7  8 11  0  4 10  3  9  2  6  1  5]
[test_sample_03201] [T1x_rxn1055] ❌ 错误 | 原子数：12
  - 正确映射：[11  0 10  8  3  1  7  6  4  5  9  2]
  - 预测映射：[10  0 11  8  3  1  9  2  7  5  6  4]
[test_sample_03202] [T1x_rxn1056] ✅ 严格正确 | 原子数：12
[test_sample_03203] [T1x_rxn1057] ✅ 严格正确 | 原子数：12
[test_sample_03204] [T1x_rxn1058] ❌ 错误 | 原子数：12
  - 正确映射：[ 0  3  5  2  9 11  4  1 10  7  8  6]
  - 预测映射：[ 0  9  3 11  5  2 10  4  1  8  7  6]
[test_sample_03205] [T1x_rxn1116] ❌ 错误 | 原子数：12
  - 正确映射：[ 3  2  7  9  8 10  4  5 11  6  0  1]
  - 预测映射：[ 3  2  7  9  8 10  6  5  4  0 11  1]
[test_sample_03206] [T1x_rxn1117] ❌ 错误 | 原子数：12
  - 正确映射：[11  5  7 10  1  2  3  6  9  8  4  0]
  - 预测映射：[10  1  2  5 11  7  6  4  8  9  0  3]
[test_sample_03207] [T1x_rxn1118] ❌ 错误 | 原子数：12
  - 正确映射：[11 10  5  2  9  1  4  0  8  6  3  7]
  - 预测映射：[11  9  1  2 10  5  8  0  4  6  3  7]
[test_sample_03208] [T1x_rxn1119] ❌ 错误 | 原子数：12
  - 正确映射：[ 5  0  2  7  1  6 10  9 11  8  3  4]
  - 预测映射：[ 7  1  6  0  5  2  3  8  4 11 10  9]
[test_sample_03209] [T1x_rxn1120] ❌ 错误 | 原子数：12
  - 正确映射：[ 9  6  4 10  2 11  7  0  5  3  8  1]
  - 预测映射：[ 9  6  4 10  2 11  3  0  7  8  5  1]
[test_sample_03210] [T1x_rxn1121] ❌ 错误 | 原子数：12
  - 正确映射：[11  8  5  9  4  0  1  6  3 10  7  2]
  - 预测映射：[ 9  4  5  8 11  0  7 10  2  1  3  6]
[test_sample_03211] [T1x_rxn1122] ✅ 严格正确 | 原子数：12
[test_sample_03212] [T1x_rxn1123] ❌ 错误 | 原子数：12
  - 正确映射：[ 4  2  0 10  1  9  8  7 11  5  6  3]
  - 预测映射：[ 4  2  0 10  1  9  3 11  8  7  5  6]
[test_sample_03213] [T1x_rxn1124] ❌ 错误 | 原子数：12
  - 正确映射：[ 5  8  1  7  6 10  2 11  9  0  4  3]
  - 预测映射：[ 7  6 10  5  8  1  0  4  3 11  2  9]
[test_sample_03214] [T1x_rxn1125] ❌ 错误 | 原子数：12
  - 正确映射：[11  5  3  1  8  9  7  0  2  6 10  4]
  - 预测映射：[ 1  8  9  5 11  3 10  6  4  0  7  2]
[test_sample_03215] [T1x_rxn1126] ❌ 错误 | 原子数：12
  - 正确映射：[ 6  0  4  2  7  9  1  5  3  8 10 11]
  - 预测映射：[ 6  0  4  2  7  9 10  5  3  8  1 11]
[test_sample_03216] [T1x_rxn1252] ✅ 严格正确 | 原子数：12
[test_sample_03217] [T1x_rxn1253] ❌ 错误 | 原子数：12
  - 正确映射：[11  9  3  4  6 10  7  5  2  8  0  1]
  - 预测映射：[10  4  9  6  3 11  8  0  7  5  1  2]
[test_sample_03218] [T1x_rxn1254] ❌ 错误 | 原子数：12
  - 正确映射：[10  6  7  0  9  4  3  1 11  2  8  5]
  - 预测映射：[10  6  9  0  7  4  3  1  5  2  8 11]
[test_sample_03219] [T1x_rxn1255] ❌ 错误 | 原子数：12
  - 正确映射：[ 5  2  7  8  1 11  9  3  4 10  0  6]
  - 预测映射：[ 5  2  7  8  1 11  9  3  4  0  6 10]
[test_sample_03220] [T1x_rxn1306] ❌ 错误 | 原子数：12
  - 正确映射：[ 9  1  2 10  7  3  0 11  8  5  4  6]
  - 预测映射：[ 3  7  2  9  1 10  5  6  8  0 11  4]
[test_sample_03221] [T1x_rxn1307] ❌ 错误 | 原子数：12
  - 正确映射：[ 9  6  1  8 11  2  5  7  0  4  3 10]
  - 预测映射：[ 8 11  2  9  6  1 10  3  0  5  7  4]
[test_sample_03222] [T1x_rxn1308] ❌ 错误 | 原子数：12
  - 正确映射：[10  4  0 11  6  7  1  3  9  8  2  5]
  - 预测映射：[11  6  7 10  4  0  8  2  5  1  3  9]
[test_sample_03223] [T1x_rxn1309] ❌ 错误 | 原子数：12
  - 正确映射：[ 8  2 11  5  0  4  3 10  6  9  1  7]
  - 预测映射：[ 5  0  4  8  2 11  9  1  7  3 10  6]
[test_sample_03224] [T1x_rxn1310] ❌ 错误 | 原子数：12
  - 正确映射：[ 2  5  8  7  4  1  9  6  3 10  0 11]
  - 预测映射：[ 7  4  1  2  5  8 10  0 11  9  6  3]
[test_sample_03225] [T1x_rxn1311] ❌ 错误 | 原子数：12
  - 正确映射：[ 9  1  4  6  7  0  2 11  3  5 10  8]
  - 预测映射：[ 6  7  0  4  1  9 10  2  8  3 11  5]
[test_sample_03226] [T1x_rxn1652] ❌ 错误 | 原子数：12
  - 正确映射：[ 0  1  2  8  9  4  3 11  6 10  5  7]
  - 预测映射：[ 9  8  2  1  0  4 10 11  3  6  5  7]
[test_sample_03227] [T1x_rxn1653] ✅ 严格正确 | 原子数：12
[test_sample_03228] [T1x_rxn1654] ❌ 错误 | 原子数：12
  - 正确映射：[10 11  6  5  3  2  0  4  9  8  7  1]
  - 预测映射：[10 11  6  5  3  2  4  0  9  8  7  1]
[test_sample_03229] [T1x_rxn1655] ✅ 严格正确 | 原子数：12
[test_sample_03230] [T1x_rxn1656] ✅ 严格正确 | 原子数：12
[test_sample_03231] [T1x_rxn1657] ❌ 错误 | 原子数：12
  - 正确映射：[ 4  9 11  6  5  1 10  0  8  7  3  2]
  - 预测映射：[ 4  9 11  1  5  6  3  0  8  2  7 10]
[test_sample_03232] [T1x_rxn1658] ❌ 错误 | 原子数：12
  - 正确映射：[ 0  2  6  9  8  3 10 11  7  5  1  4]
  - 预测映射：[ 0  2  6  3  8  9  7 10  4 11  5  1]
[test_sample_03233] [T1x_rxn1741] ❌ 错误 | 原子数：12
  - 正确映射：[10  2  6  9  7 11  8  5  1  0  3  4]
  - 预测映射：[10  2  6  9  7 11  0  8  1  4  3  5]
[test_sample_03234] [T1x_rxn1742] ❌ 错误 | 原子数：12
  - 正确映射：[ 7  5  9  8  0  6  4  3 10  2 11  1]
  - 预测映射：[ 7  5  9  8  0  6  4  3  1 10 11  2]
[test_sample_03235] [T1x_rxn1743] ✅ 严格正确 | 原子数：12
[test_sample_03236] [T1x_rxn1744] ✅ 严格正确 | 原子数：12
[test_sample_03237] [T1x_rxn1745] ❌ 错误 | 原子数：12
  - 正确映射：[ 5  2  6  1  9 10  0  8  7  4 11  3]
  - 预测映射：[ 5  2  6  1  9 10  8  0  7  4 11  3]
[test_sample_03238] [T1x_rxn1746] ✅ 严格正确 | 原子数：12
[test_sample_03239] [T1x_rxn1747] ❌ 错误 | 原子数：12
  - 正确映射：[ 3  1  2  9 10  6  8  4  7  5  0 11]
  - 预测映射：[ 3  1  2  9 10  6  8  4  5  7  0 11]
[test_sample_03240] [T1x_rxn1748] ❌ 错误 | 原子数：12
  - 正确映射：[ 6  7 10  0  8  9 11  2  3  4  1  5]
  - 预测映射：[ 6  7 10  0  8  9  4  2  3 11  5  1]
[test_sample_03241] [T1x_rxn1749] ✅ 严格正确 | 原子数：12
[test_sample_03242] [T1x_rxn1750] ❌ 错误 | 原子数：12
  - 正确映射：[ 0  1  6 11  8  5  4  2 10  9  3  7]
  - 预测映射：[ 5  1  8 11  6  0  4  7 10  3  9  2]
[test_sample_03243] [T1x_rxn1751] ❌ 错误 | 原子数：12
  - 正确映射：[ 1 11 10  3  8  6  4  7  0  5  2  9]
  - 预测映射：[ 1 11 10  3  8  6  5  4  0  9  2  7]
[test_sample_03244] [T1x_rxn1752] ✅ 严格正确 | 原子数：12
[test_sample_03245] [T1x_rxn1753] ❌ 错误 | 原子数：12
  - 正确映射：[10  2  0  6  4  1  9  8  3  7  5 11]
  - 预测映射：[ 1  2  4  6  0 10  8  5  7 11  3  9]
[test_sample_03246] [T1x_rxn1754] ❌ 错误 | 原子数：12
  - 正确映射：[ 9 10  0  5 11  1  7  4  2  6  8  3]
  - 预测映射：[ 9 10  0  5 11  1  3  7  2  4  6  8]
[test_sample_03247] [T1x_rxn1982] ❌ 错误 | 原子数：12
  - 正确映射：[ 2  8  9  6  7 11 10  3  5  4  0  1]
  - 预测映射：[ 8  2  9  6  7 11  3 10  4  5  1  0]
[test_sample_03248] [T1x_rxn1983] ❌ 错误 | 原子数：12
  - 正确映射：[ 3 11  1  2  4  5  6 10  7  8  9  0]
  - 预测映射：[ 3 11  1  2  4  5  6 10  7  8  0  9]
[test_sample_03249] [T1x_rxn1984] ✅ 严格正确 | 原子数：12
[test_sample_03250] [T1x_rxn1985] ❌ 错误 | 原子数：12
  - 正确映射：[ 8  1  2  9  0 10  5 11  4  6  7  3]
  - 预测映射：[ 1  8 10  0  9  2  4  6  5 11  3  7]
[test_sample_03251] [T1x_rxn1986] ❌ 错误 | 原子数：12
  - 正确映射：[ 6  0  1  2 11  8  3  4  7  9 10  5]
  - 预测映射：[ 6  0  1  2 11  8  3  7  4  9  5 10]
[test_sample_03252] [T1x_rxn1987] ❌ 错误 | 原子数：12
  - 正确映射：[ 5  7 10  2  4  9  1  6  0  3 11  8]
  - 预测映射：[ 5  7  9  4  2 10  0  3  1  6  8 11]
[test_sample_03253] [T1x_rxn1988] ❌ 错误 | 原子数：12
  - 正确映射：[ 6 11 10  5  3  2  1  7  4  8  0  9]
  - 预测映射：[ 6 11  2  5  3 10  4  8  1  7  9  0]
[test_sample_03254] [T1x_rxn1989] ❌ 错误 | 原子数：12
  - 正确映射：[11  1  5  2  9 10  0  8  4  3  6  7]
  - 预测映射：[11  1  5  2  9 10  8  4  0  3  6  7]
[test_sample_03255] [T1x_rxn1990] ❌ 错误 | 原子数：12
  - 正确映射：[ 5  1  0  9 11  4 10  8  3  6  7  2]
  - 预测映射：[ 5  1  0  9 11  4 10  6  3  8  2  7]
[test_sample_03256] [T1x_rxn1991] ✅ 严格正确 | 原子数：12
[test_sample_03257] [T1x_rxn2110] ❌ 错误 | 原子数：12
  - 正确映射：[ 4 11  7  1  3  9 10  2  6  5  8  0]
  - 预测映射：[ 4 11  7  1  3  9 10  6  2  8  5  0]
[test_sample_03258] [T1x_rxn2111] ✅ 严格正确 | 原子数：12
[test_sample_03259] [T1x_rxn2112] ❌ 错误 | 原子数：12
  - 正确映射：[ 2 11  9  4  1  5  7  0 10  3  8  6]
  - 预测映射：[ 2 11  9  4  1  5  7  0 10  3  6  8]
[test_sample_03260] [T1x_rxn2113] ❌ 错误 | 原子数：12
  - 正确映射：[ 8  0  6  9  3  2 10  5 11  4  7  1]
  - 预测映射：[ 8  0  6  9  3  2 10 11  5  4  7  1]
[test_sample_03261] [T1x_rxn2114] ❌ 错误 | 原子数：12
  - 正确映射：[ 0  5  1  4  2  3  6  8 11 10  7  9]
  - 预测映射：[ 4  2  3  5  0  1 10  7  9 11  8  6]
[test_sample_03262] [T1x_rxn2115] ❌ 错误 | 原子数：12
  - 正确映射：[ 6 10  3  5  9  2  1  4  8  7  0 11]
  - 预测映射：[ 9  5  2 10  6  3  4  0 11  7  1  8]
[test_sample_03263] [T1x_rxn2116] ✅ 严格正确 | 原子数：12
[test_sample_03264] [T1x_rxn2117] ❌ 错误 | 原子数：12
  - 正确映射：[ 9  6  4  2  0  7 10  8  3  5 11  1]
  - 预测映射：[ 9  6  4  2  0  7  8  3 10  5  1 11]
[test_sample_03265] [T1x_rxn2118] ❌ 错误 | 原子数：12
  - 正确映射：[ 2 10  9 11  7  1  8  6  0  3  5  4]
  - 预测映射：[ 2 10  1 11  7  9  0  6  8  3  5  4]
[test_sample_03266] [T1x_rxn2119] ✅ 严格正确 | 原子数：12
[test_sample_03267] [T1x_rxn2120] ❌ 错误 | 原子数：12
  - 正确映射：[11  3  4  9  1  6  2  0  8  7 10  5]
  - 预测映射：[11  1  6  9  3  4  2 10  0  7  8  5]
[test_sample_03268] [T1x_rxn2121] ✅ 严格正确 | 原子数：12
[test_sample_03269] [T1x_rxn2171] ❌ 错误 | 原子数：12
  - 正确映射：[10  1  8 11  9  0  7  2  6  5  3  4]
  - 预测映射：[10  1  8 11  9  0  7  6  2  4  5  3]
[test_sample_03270] [T1x_rxn2172] ❌ 错误 | 原子数：12
  - 正确映射：[ 9  6  8 11  4  2  1 10  7  5  0  3]
  - 预测映射：[ 2 11  4  6  8  9  0  5  3  1  7 10]
[test_sample_03271] [T1x_rxn2173] ❌ 错误 | 原子数：12
  - 正确映射：[ 3  1  8  9 11  0 10  5  4  6  7  2]
  - 预测映射：[ 0  9 11  1  8  3  6  2  7 10  4  5]
[test_sample_03272] [T1x_rxn2279] ✅ 严格正确 | 原子数：12
[test_sample_03273] [T1x_rxn2280] ❌ 错误 | 原子数：12
  - 正确映射：[ 7  6  3  9  4 11  8  0  2  5  1 10]
  - 预测映射：[11  4  9  3  6  7  5  2  1  8  0 10]
[test_sample_03274] [T1x_rxn2281] ❌ 错误 | 原子数：12
  - 正确映射：[ 1 11  2  7  9  8  6  3  5 10  4  0]
  - 预测映射：[ 8  2  7  9 11  1  5 10  4  3  0  6]
[test_sample_03275] [T1x_rxn2282] ❌ 错误 | 原子数：12
  - 正确映射：[ 6  1 10  9  2 11  3  7  5  8  4  0]
  - 预测映射：[ 6 10  1  9  2 11  4  7  5  8  3  0]
[test_sample_03276] [T1x_rxn2283] ❌ 错误 | 原子数：12
  - 正确映射：[ 8  2  3  1  6 10  5  4  7  9 11  0]
  - 预测映射：[10  6  1  3  2  8  0  9 11  4  7  5]
[test_sample_03277] [T1x_rxn2284] ❌ 错误 | 原子数：12
  - 正确映射：[ 1  4  5  6  8  2  9  0  3  7 11 10]
  - 预测映射：[ 1  4  5  8  6  2  9 10  0  3 11  7]
[test_sample_03278] [T1x_rxn2285] ❌ 错误 | 原子数：12
  - 正确映射：[ 4  5  8  2  7 10  1  6  0  3 11  9]
  - 预测映射：[ 4  5  8  2  7 10  0  6  3 11  1  9]
[test_sample_03279] [T1x_rxn2597] ❌ 错误 | 原子数：12
  - 正确映射：[ 6  4  0  3  5  8  9 11 10  1  7  2]
  - 预测映射：[ 6  8  4  3  5  0  2 10 11  9  1  7]
[test_sample_03280] [T1x_rxn2598] ✅ 严格正确 | 原子数：12
[test_sample_03281] [T1x_rxn2599] ❌ 错误 | 原子数：12
  - 正确映射：[ 0  1  2  6  3 11  4  5  9  7 10  8]
  - 预测映射：[ 0  1 11  6  3  2  5 10  8  4  7  9]
[test_sample_03282] [T1x_rxn2600] ❌ 错误 | 原子数：12
  - 正确映射：[ 7 11 10  5  2  9  4  0  1  3  8  6]
  - 预测映射：[ 2  5 10 11  7  9  0  4  1  3  8  6]
[test_sample_03283] [T1x_rxn2601] ❌ 错误 | 原子数：12
  - 正确映射：[ 0 10 11  7  4  9  1  6  5  8  3  2]
  - 预测映射：[ 0 10 11  7  4  9  1  6  5  8  2  3]
[test_sample_03284] [T1x_rxn2602] ❌ 错误 | 原子数：12
  - 正确映射：[11  9  4  6  5  7  0  8  3  1  2 10]
  - 预测映射：[11  9  7  6  5  4  0  8 10  2  1  3]
[test_sample_03285] [T1x_rxn2859] ❌ 错误 | 原子数：12
  - 正确映射：[ 8  5  1  3 11  4  9 10  7  0  6  2]
  - 预测映射：[ 8  5  3  1 11  4 10  9  7  2  6  0]
[test_sample_03286] [T1x_rxn2860] ❌ 错误 | 原子数：12
  - 正确映射：[11  6  3  7 10  9  4  1  8  5  2  0]
  - 预测映射：[ 9 10  7  3  6 11  4  5  2  0  1  8]
[test_sample_03287] [T1x_rxn2861] ❌ 错误 | 原子数：12
  - 正确映射：[ 2  8 10  1  6  3  9  5 11  0  7  4]
  - 预测映射：[ 2  6  8 10  1  3  9  0  5 11  4  7]
[test_sample_03288] [T1x_rxn2862] ❌ 错误 | 原子数：12
  - 正确映射：[ 9  0  6  2 10  4 11  5  3  1  7  8]
  - 预测映射：[ 9 10  0  6  2  4  7  8  5 11  1  3]
[test_sample_03289] [T1x_rxn2863] ❌ 错误 | 原子数：12
  - 正确映射：[ 3  8  6  2  5 10  4  0  7  1 11  9]
  - 预测映射：[ 3  8  6  2  5 10  4  1  9  7  0 11]
[test_sample_03290] [T1x_rxn2864] ❌ 错误 | 原子数：12
  - 正确映射：[ 5 11  9  0  8  3 10  4  6  1  2  7]
  - 预测映射：[ 5  8 11  9  0  3 10  2  4  1  6  7]
[test_sample_03291] [T1x_rxn2865] ✅ 严格正确 | 原子数：12
[test_sample_03292] [T1x_rxn2866] ✅ 严格正确 | 原子数：12
[test_sample_03293] [T1x_rxn2867] ✅ 严格正确 | 原子数：12
[test_sample_03294] [T1x_rxn2868] ❌ 错误 | 原子数：12
  - 正确映射：[10  3  5  9  0  8  6  2  7  4  1 11]
  - 预测映射：[10  5  3  9  0  8  6  4  7  2  1 11]
[test_sample_03295] [T1x_rxn2869] ❌ 错误 | 原子数：12
  - 正确映射：[ 0  9  7 10  3  5  2  4  1  8 11  6]
  - 预测映射：[ 0  9  7 10  3  5  4  2  8  1  6 11]
[test_sample_03296] [T1x_rxn2870] ❌ 错误 | 原子数：12
  - 正确映射：[ 7  9 11  2  5  8  3  1  6  4  0 10]
  - 预测映射：[ 8  5  2 11  9  7  1  3  0 10  6  4]
[test_sample_03297] [T1x_rxn2871] ❌ 错误 | 原子数：12
  - 正确映射：[ 2 11  9  7 10  4  0  3  1  8  5  6]
  - 预测映射：[ 4 10  7  9 11  2  3  1  6  5  0  8]
[test_sample_03298] [T1x_rxn2872] ❌ 错误 | 原子数：12
  - 正确映射：[ 5  3  1  7  2  8  9 10  6  4  0 11]
  - 预测映射：[ 5  2  3  1  7  8  9  0 10  4  6 11]
[test_sample_03299] [T1x_rxn2873] ❌ 错误 | 原子数：12
  - 正确映射：[ 4  9  0  2  8 10  5  7  1  6  3 11]
  - 预测映射：[ 4  9  0  2  8 10  5  7  6  1 11  3]
[test_sample_03300] [T1x_rxn3244] ❌ 错误 | 原子数：12
  - 正确映射：[11  6  0  8  3 10  7  1  9  5  2  4]
  - 预测映射：[11  6  0  8  3 10  7  2  5  9  1  4]
[test_sample_03301] [T1x_rxn3245] ❌ 错误 | 原子数：12
  - 正确映射：[ 1  4  7  2 11  9  6 10  5  0  3  8]
  - 预测映射：[ 1  4  2  7 11  9  6  5 10  0  3  8]
[test_sample_03302] [T1x_rxn3246] ❌ 错误 | 原子数：12
  - 正确映射：[10 11  3  5  8  0  7  1  2  6  9  4]
  - 预测映射：[10  5 11  3  8  0  2  6  7  1  9  4]
[test_sample_03303] [T1x_rxn3247] ✅ 严格正确 | 原子数：12
[test_sample_03304] [T1x_rxn3248] ❌ 错误 | 原子数：12
  - 正确映射：[ 6  9  7  2 11  0  4  8  3  5  1 10]
  - 预测映射：[ 6  9 11  7  2  0  4  3  8  5 10  1]
[test_sample_03305] [T1x_rxn3249] ✅ 严格正确 | 原子数：12
[test_sample_03306] [T1x_rxn3250] ❌ 错误 | 原子数：12
  - 正确映射：[ 3  8 11  5  7 10  2  6  0  9  4  1]
  - 预测映射：[ 3  8 11  5  7 10  2  6  9  0  1  4]
[test_sample_03307] [T1x_rxn3251] ✅ 严格正确 | 原子数：12
[test_sample_03308] [T1x_rxn3252] ✅ 严格正确 | 原子数：12
[test_sample_03309] [T1x_rxn3253] ❌ 错误 | 原子数：12
  - 正确映射：[ 2  9  5 11  0  8  7  6 10  4  3  1]
  - 预测映射：[ 2  9  0 11  5  8  7  1 10  3  6  4]
[test_sample_03310] [T1x_rxn3254] ❌ 错误 | 原子数：12
  - 正确映射：[ 8  3  9  4  7 10 11  6  2  1  5  0]
  - 预测映射：[10  7  4  9  3  8  0  5  1  6  2 11]
[test_sample_03311] [T1x_rxn3255] ❌ 错误 | 原子数：12
  - 正确映射：[ 3  2 11  6  7  4  0  1 10  8  9  5]
  - 预测映射：[ 3  2 11  6  7  4  0  9 10  8  1  5]
[test_sample_03312] [T1x_rxn3256] ✅ 严格正确 | 原子数：12
[test_sample_03313] [T1x_rxn3366] ✅ 严格正确 | 原子数：12
[test_sample_03314] [T1x_rxn3367] ❌ 错误 | 原子数：12
  - 正确映射：[ 9 10  1  6  5 11  3  4  0  7  8  2]
  - 预测映射：[ 9 10  1  6  5 11  3  0  4  7  8  2]
[test_sample_03315] [T1x_rxn3368] ❌ 错误 | 原子数：12
  - 正确映射：[ 9  6  5  4  7  3  2  0  8  1 11 10]
  - 预测映射：[ 7  4  3  6  9  5  1  8 10  0  2 11]
[test_sample_03316] [T1x_rxn3369] ❌ 错误 | 原子数：12
  - 正确映射：[10  7  1  8  3  5  4  6  0  9  2 11]
  - 预测映射：[ 3  5  1  8 10  7  4 11  0  9  2  6]
[test_sample_03317] [T1x_rxn3370] ✅ 严格正确 | 原子数：12
[test_sample_03318] [T1x_rxn3371] ❌ 错误 | 原子数：12
  - 正确映射：[11  4  2  9 10  5  8  0  6  3  7  1]
  - 预测映射：[10  9  2  4 11  5  1  7  3  0  6  8]
[test_sample_03319] [T1x_rxn3372] ✅ 严格正确 | 原子数：12
[test_sample_03320] [T1x_rxn3373] ❌ 错误 | 原子数：12
  - 正确映射：[ 9  7  2 10  3  1  5  0  8  4 11  6]
  - 预测映射：[ 9  1  7  2  3 10  5 11  0  8  6  4]
[test_sample_03321] [T1x_rxn3374] ❌ 错误 | 原子数：12
  - 正确映射：[ 9 10  0 11  5  6  4  1  3  2  8  7]
  - 预测映射：[ 5  6  0 10  9 11  7  2  3  1  4  8]
[test_sample_03322] [T1x_rxn3375] ❌ 错误 | 原子数：12
  - 正确映射：[10  8  7  1  5 11  2  3  4  9  6  0]
  - 预测映射：[10  8  7  1  5 11  6  2  4  0  9  3]
[test_sample_03323] [T1x_rxn3376] ❌ 错误 | 原子数：12
  - 正确映射：[ 2  0  5  9  3  6 11  4  8 10  7  1]
  - 预测映射：[ 2  0  5  9  3  6  8  4 11 10  7  1]
[test_sample_03324] [T1x_rxn3377] ❌ 错误 | 原子数：12
  - 正确映射：[ 8  2  4 11  9  7  6  5 10  1  3  0]
  - 预测映射：[ 8  2  4 11  9  7  6  0  5  1  3 10]
[test_sample_03325] [T1x_rxn3635] ✅ 严格正确 | 原子数：12
[test_sample_03326] [T1x_rxn3636] ❌ 错误 | 原子数：12
  - 正确映射：[ 9 11  1  4  5  6  8  0  7 10  2  3]
  - 预测映射：[ 9 11  1  4  5  6  0  8  7  2 10  3]
[test_sample_03327] [T1x_rxn3637] ❌ 错误 | 原子数：12
  - 正确映射：[ 0  3  9  8 10  1  2  6 11  5  4  7]
  - 预测映射：[ 0  3  9  8 10  1  5  6 11  2  4  7]
[test_sample_03328] [T1x_rxn3638] ❌ 错误 | 原子数：12
  - 正确映射：[ 0  1  4  7  9  5 10  2  3  8  6 11]
  - 预测映射：[ 0  1  4  7  9  5  2 10  3  6  8 11]
[test_sample_03329] [T1x_rxn3639] ❌ 错误 | 原子数：12
  - 正确映射：[ 3  9  7  1 10  8  6  4  2  5 11  0]
  - 预测映射：[10  3  9  8  7  1 11  0  6  4  2  5]
[test_sample_03330] [T1x_rxn3640] ❌ 错误 | 原子数：12
  - 正确映射：[ 2  1  4  8  9  3  6  0 10  5 11  7]
  - 预测映射：[ 2  1  4  8  9  3  0  6 10  5 11  7]
[test_sample_03331] [T1x_rxn3641] ❌ 错误 | 原子数：12
  - 正确映射：[ 2  5  3  7  0  8  6  1 10  4 11  9]
  - 预测映射：[ 5  2  0  8  3  7  1  4 10 11  6  9]
[test_sample_03332] [T1x_rxn3686] ✅ 严格正确 | 原子数：12
[test_sample_03333] [T1x_rxn3687] ✅ 严格正确 | 原子数：12
[test_sample_03334] [T1x_rxn3688] ❌ 错误 | 原子数：12
  - 正确映射：[ 3  8  7  1  9 11  0  6  4 10  2  5]
  - 预测映射：[ 3  8  7  1  9 11  0  6  4 10  5  2]
[test_sample_03335] [T1x_rxn3689] ✅ 严格正确 | 原子数：12
[test_sample_03336] [T1x_rxn3690] ✅ 严格正确 | 原子数：12
[test_sample_03337] [T1x_rxn3691] ❌ 错误 | 原子数：12
  - 正确映射：[ 5  8 10  6 11  0  7  2  9  1  3  4]
  - 预测映射：[ 5  8 10  6 11  0  1  7  2  9  3  4]
[test_sample_03338] [T1x_rxn3692] ❌ 错误 | 原子数：12
  - 正确映射：[ 1  4  6 10  9 11  8  5  0  2  3  7]
  - 预测映射：[ 1  4  6 10  9 11  3  8  2  5  7  0]
[test_sample_03339] [T1x_rxn3693] ❌ 错误 | 原子数：12
  - 正确映射：[ 9  2  7  0  8  6  4 11  3  5 10  1]
  - 预测映射：[ 9  2  7  0  8  6  3 11 10  5  1  4]
[test_sample_03340] [T1x_rxn3694] ❌ 错误 | 原子数：12
  - 正确映射：[ 1  2  3  6  0  7  8  9  5 11 10  4]
  - 预测映射：[ 1  2  3  6  0  7  9  8 11 10  4  5]
[test_sample_03341] [T1x_rxn3695] ❌ 错误 | 原子数：12
  - 正确映射：[ 6  1  4 10  9  3 11  7  5  8  0  2]
  - 预测映射：[ 6  3  4 10  9  1 11  7  5  8  0  2]
[test_sample_03342] [T1x_rxn3696] ❌ 错误 | 原子数：12
  - 正确映射：[11  7  2  1  8  4 10  0  5  9  3  6]
  - 预测映射：[11  7  2  1  8  4  6 10  5  0  3  9]
[test_sample_03343] [T1x_rxn3697] ✅ 严格正确 | 原子数：12
[test_sample_03344] [T1x_rxn3698] ✅ 严格正确 | 原子数：12
[test_sample_03345] [T1x_rxn3699] ✅ 严格正确 | 原子数：12
[test_sample_03346] [T1x_rxn3700] ❌ 错误 | 原子数：12
  - 正确映射：[ 2  1  4  5 11  8  7  6  3  9  0 10]
  - 预测映射：[ 2  1  4  5 11  8  6  7  3  9  0 10]
[test_sample_03347] [T1x_rxn3701] ❌ 错误 | 原子数：12
  - 正确映射：[ 9  0  4  5 10 11  8  6  7  3  2  1]
  - 预测映射：[ 9  0  4  5 10 11  7  6  2  3  1  8]
[test_sample_03348] [T1x_rxn3702] ❌ 错误 | 原子数：12
  - 正确映射：[ 3 11 10  7  8  0  5  1  9  2  6  4]
  - 预测映射：[ 3 11 10  7  8  0  9  5  1  2  6  4]
[test_sample_03349] [T1x_rxn3703] ✅ 严格正确 | 原子数：12
[test_sample_03350] [T1x_rxn3989] ❌ 错误 | 原子数：12
  - 正确映射：[ 7  1 11  0  2  3  6  5  8  9 10  4]
  - 预测映射：[ 7  1  3 11  2  0  4 10  8  5  9  6]
[test_sample_03351] [T1x_rxn3990] ❌ 错误 | 原子数：12
  - 正确映射：[ 8  4  5  2  9  0  3  1 11 10  6  7]
  - 预测映射：[ 8  4  5  2  9  0 11  1  6 10  7  3]
[test_sample_03352] [T1x_rxn3991] ❌ 错误 | 原子数：12
  - 正确映射：[ 6 10  5  2  0  3  4  7  9  8  1 11]
  - 预测映射：[ 0  3  2  5  6 10  1 11  8  9  7  4]
[test_sample_03353] [T1x_rxn3992] ✅ 严格正确 | 原子数：12
[test_sample_03354] [T1x_rxn3993] ❌ 错误 | 原子数：12
  - 正确映射：[ 2  5  3 11  1  8  6  9 10  7  0  4]
  - 预测映射：[ 2  5  3 11  1  8 10  7  0  9  4  6]
[test_sample_03355] [T1x_rxn3994] ❌ 错误 | 原子数：12
  - 正确映射：[10 11  0  1  5  7  4  6  8  3  9  2]
  - 预测映射：[10 11  0  1  5  7  3  8  6  4  2  9]
[test_sample_03356] [T1x_rxn3995] ❌ 错误 | 原子数：12
  - 正确映射：[ 2  8  0 10  1  5  9  4  3  6  7 11]
  - 预测映射：[ 1 10  0  8  2  5  3  4  6  9 11  7]
[test_sample_03357] [T1x_rxn3996] ❌ 错误 | 原子数：12
  - 正确映射：[11  7  4  5  2  6 10  1  9  3  8  0]
  - 预测映射：[11  7  4  5  2  6 10  9  3  1  0  8]
[test_sample_03358] [T1x_rxn3997] ✅ 严格正确 | 原子数：12
[test_sample_03359] [T1x_rxn3998] ❌ 错误 | 原子数：12
  - 正确映射：[ 3 10  8  6  1  7  0  5  9  2 11  4]
  - 预测映射：[ 1  6  8 10  3  7  9  5  0  2 11  4]
[test_sample_03360] [T1x_rxn3999] ❌ 错误 | 原子数：12
  - 正确映射：[ 6  7  3  0  5  4 11  1  9 10  8  2]
  - 预测映射：[ 5  0  3  4  6  7 10  8  9  2  1 11]
[test_sample_03361] [T1x_rxn4000] ✅ 严格正确 | 原子数：12
[test_sample_03362] [T1x_rxn4001] ✅ 严格正确 | 原子数：12
[test_sample_03363] [T1x_rxn4023] ❌ 错误 | 原子数：12
  - 正确映射：[ 5  0  7 11  6  9  8 10  1  4  3  2]
  - 预测映射：[ 5  0  7 11  6  9  8 10  1  4  2  3]
[test_sample_03364] [T1x_rxn4024] ❌ 错误 | 原子数：12
  - 正确映射：[11  9  2  3  7  0  4  6  1 10  8  5]
  - 预测映射：[11  9  2  3  7  0  4  1  6 10  8  5]
[test_sample_03365] [T1x_rxn4025] ❌ 错误 | 原子数：12
  - 正确映射：[ 4  2  3  9 10  1  7  8  6  0  5 11]
  - 预测映射：[ 4  2  3  9 10  1  7 11  8  0  5  6]
[test_sample_03366] [T1x_rxn4026] ❌ 错误 | 原子数：12
  - 正确映射：[11  4  7  2  0  3  5  8  1  6  9 10]
  - 预测映射：[11  4  7  2  3  0  8  5  1 10  9  6]
[test_sample_03367] [T1x_rxn4027] ❌ 错误 | 原子数：12
  - 正确映射：[ 4  2 10  9  1  7  5  0 11  8  6  3]
  - 预测映射：[ 4  2 10  9  1  7  0 11  5  8  6  3]
[test_sample_03368] [T1x_rxn4028] ✅ 严格正确 | 原子数：12
[test_sample_03369] [T1x_rxn4039] ❌ 错误 | 原子数：12
  - 正确映射：[ 0  2  3 10  7  8  6 11  9  1  4  5]
  - 预测映射：[ 0  3  2 10  7  8  9  1  4 11  5  6]
[test_sample_03370] [T1x_rxn4040] ❌ 错误 | 原子数：12
  - 正确映射：[10  9  4  8  6  5  2  3  0  1 11  7]
  - 预测映射：[10  9  8  6  4  5  1  2 11  3  7  0]
[test_sample_03371] [T1x_rxn4041] ❌ 错误 | 原子数：12
  - 正确映射：[ 6  8  2  5  4  9  1  7 11  3 10  0]
  - 预测映射：[ 6  8  2  5  4  9  1  3 11  7 10  0]
[test_sample_03372] [T1x_rxn4042] ❌ 错误 | 原子数：12
  - 正确映射：[10  6  5  3  2  1  4  0  8 11  9  7]
  - 预测映射：[10  6  5  3  2  1  4  0 11  7  8  9]
[test_sample_03373] [T1x_rxn4043] ❌ 错误 | 原子数：12
  - 正确映射：[ 4  0  8 11 10  3  1  6  7  5  9  2]
  - 预测映射：[ 4  0  8 11 10  3  1  6  5  9  7  2]
[test_sample_03374] [T1x_rxn4044] ❌ 错误 | 原子数：12
  - 正确映射：[ 3  4  5  2 11  0  8  7 10  6  9  1]
  - 预测映射：[ 3  4  5  2 11  0  8  7 10  9  6  1]
[test_sample_03375] [T1x_rxn4045] ✅ 严格正确 | 原子数：12
[test_sample_03376] [T1x_rxn4046] ❌ 错误 | 原子数：12
  - 正确映射：[ 3  1 10  4  0  2 11  7  9  6  8  5]
  - 预测映射：[ 3  1 10  4  0  2  6  7  9  5  8 11]
[test_sample_03377] [T1x_rxn4047] ❌ 错误 | 原子数：12
  - 正确映射：[ 7 11  1  4  3  9  2  0  5  6  8 10]
  - 预测映射：[ 7 11  4  1  3  9  2  0  8  5 10  6]
[test_sample_03378] [T1x_rxn4048] ✅ 严格正确 | 原子数：12
[test_sample_03379] [T1x_rxn4049] ❌ 错误 | 原子数：12
  - 正确映射：[ 9  0  1 10  2  3 11  4  8  6  5  7]
  - 预测映射：[ 3  1  0 10  2  9  8  7  4  5 11  6]
[test_sample_03380] [T1x_rxn4050] ✅ 严格正确 | 原子数：12
[test_sample_03381] [T1x_rxn4199] ❌ 错误 | 原子数：12
  - 正确映射：[ 4  7  1  3  8  2 10  9 11  5  0  6]
  - 预测映射：[ 8  2  3  1  4  7  0  6  5 11  9 10]
[test_sample_03382] [T1x_rxn4200] ✅ 严格正确 | 原子数：12
[test_sample_03383] [T1x_rxn4201] ❌ 错误 | 原子数：12
  - 正确映射：[ 2  7  0  3  8  6  9 10  5 11  4  1]
  - 预测映射：[ 2  7  3  8  0  6  9 10 11  4  5  1]
[test_sample_03384] [T1x_rxn4202] ✅ 严格正确 | 原子数：12
[test_sample_03385] [T1x_rxn4203] ❌ 错误 | 原子数：12
  - 正确映射：[ 2  9 10  7 11  4  3  8  5  0  1  6]
  - 预测映射：[11  4  7 10  2  9  1  6  0  5  3  8]
[test_sample_03386] [T1x_rxn4204] ❌ 错误 | 原子数：12
  - 正确映射：[ 4  5 10  6  1 11  2  9  3  7  0  8]
  - 预测映射：[ 1 11  6 10  4  5  8  0  3  7  9  2]
[test_sample_03387] [T1x_rxn4205] ❌ 错误 | 原子数：12
  - 正确映射：[11 10  8  6  1  5  4  3  7  2  9  0]
  - 预测映射：[ 6  5  1  8 11 10  9  2  0  4  7  3]
[test_sample_03388] [T1x_rxn4359] ❌ 错误 | 原子数：12
  - 正确映射：[ 8  4 10  3  2  1 11  5  9  6  0  7]
  - 预测映射：[ 8  4 10  3  2  1 11  5  9  0  6  7]
[test_sample_03389] [T1x_rxn4360] ❌ 错误 | 原子数：12
  - 正确映射：[ 4  9  2  1  5 10  8  6 11  0  3  7]
  - 预测映射：[ 4  9  5 10  2  1 11  8  6  7  3  0]
[test_sample_03390] [T1x_rxn4361] ✅ 严格正确 | 原子数：12
[test_sample_03391] [T1x_rxn4362] ❌ 错误 | 原子数：12
  - 正确映射：[ 8  6  1  0  4  5  7 11  3  2  9 10]
  - 预测映射：[ 1  6  8  0  4  5  2 11  9  7  3 10]
[test_sample_03392] [T1x_rxn4363] ❌ 错误 | 原子数：12
  - 正确映射：[11  1  0  5  3  2  6 10  8  4  7  9]
  - 预测映射：[11  1  0  5  3  2  9 10  6  7  8  4]
[test_sample_03393] [T1x_rxn4364] ❌ 错误 | 原子数：12
  - 正确映射：[ 0  9  8  5  2 10  1  7  6  4 11  3]
  - 预测映射：[ 0  9  8  5  2 10  1  7  6 11  4  3]
[test_sample_03394] [T1x_rxn4365] ❌ 错误 | 原子数：12
  - 正确映射：[ 7  8 10  5  3  9  4  2  0  6 11  1]
  - 预测映射：[10  8  7  5  3  9  6  2 11  4  0  1]
[test_sample_03395] [T1x_rxn4366] ❌ 错误 | 原子数：12
  - 正确映射：[ 6  9  0  7  8  3  4 10  2 11  1  5]
  - 预测映射：[ 0  8  6  3  9  7 11  2  1 10  4  5]
[test_sample_03396] [T1x_rxn4367] ❌ 错误 | 原子数：12
  - 正确映射：[10  0  8  1  9 11  6  3  4  2  7  5]
  - 预测映射：[10  0  8  1  9 11  3  7  4  6  2  5]
[test_sample_03397] [T1x_rxn4460] ❌ 错误 | 原子数：12
  - 正确映射：[ 4  3  1  2  7  5  9 10 11  0  8  6]
  - 预测映射：[ 3  4  7  5  1  2 11  0  9 10  6  8]
[test_sample_03398] [T1x_rxn4461] ❌ 错误 | 原子数：12
  - 正确映射：[ 6  9  4  1 10 11  3  5  0  2  7  8]
  - 预测映射：[ 9 10  4 11  6  1  3  0  2  8  7  5]
[test_sample_03399] [T1x_rxn4462] ❌ 错误 | 原子数：12
  - 正确映射：[ 4  3 10  7  8  5  0 11  2  6  9  1]
  - 预测映射：[ 4  3  8  5 10  7  0  2  6  1 11  9]
[test_sample_03400] [T1x_rxn4463] ✅ 严格正确 | 原子数：12
[test_sample_03401] [T1x_rxn4464] ❌ 错误 | 原子数：12
  - 正确映射：[10  8  7  5  3  0 11  1  6  4  9  2]
  - 预测映射：[10  7  8  5  3  0  4  6 11  9  1  2]
[test_sample_03402] [T1x_rxn4465] ❌ 错误 | 原子数：12
  - 正确映射：[ 1  4  0  8  2  9  3  7  6  5 11 10]
  - 预测映射：[ 1  4  2  9  0  8  6 10  3  7  5 11]
[test_sample_03403] [T1x_rxn4466] ❌ 错误 | 原子数：12
  - 正确映射：[ 6  9  1  3  7  5  8  0 10  2 11  4]
  - 预测映射：[ 6  9  1  3  7  5  0  8 10  2 11  4]
[test_sample_03404] [T1x_rxn4467] ❌ 错误 | 原子数：12
  - 正确映射：[10  5  6  3  8  9  1 11  2  0  7  4]
  - 预测映射：[ 5 10  6  3  8  9 11  4  0  1  7  2]
[test_sample_03405] [T1x_rxn4468] ✅ 严格正确 | 原子数：12
[test_sample_03406] [T1x_rxn4469] ❌ 错误 | 原子数：12
  - 正确映射：[ 7  5 10  2 11  3  6  9  1  8  4  0]
  - 预测映射：[ 5 10 11  2  7  3  1  6  8  4  0  9]
[test_sample_03407] [T1x_rxn4508] ❌ 错误 | 原子数：12
  - 正确映射：[ 0 10  6  1  4  2  8  9  5  7 11  3]
  - 预测映射：[ 2 10  6  1  4  0  8  3  9 11  7  5]
[test_sample_03408] [T1x_rxn4509] ✅ 严格正确 | 原子数：12
[test_sample_03409] [T1x_rxn4510] ❌ 错误 | 原子数：12
  - 正确映射：[ 5 10  8  7  4  6 11  0  9  2  3  1]
  - 预测映射：[ 5 10  8  7  4  6  0  2  9  1  3 11]
[test_sample_03410] [T1x_rxn4643] ✅ 严格正确 | 原子数：12
[test_sample_03411] [T1x_rxn4644] ❌ 错误 | 原子数：12
  - 正确映射：[ 9 11  6  2  5  3  4  1  0  8  7 10]
  - 预测映射：[ 6 11  9  3  5  2  8  0  1  4 10  7]
[test_sample_03412] [T1x_rxn4645] ❌ 错误 | 原子数：12
  - 正确映射：[ 7  1  2  3  8  6  4 10  9 11  0  5]
  - 预测映射：[ 2  1  7  6  8  3 11  9 10  4  5  0]
[test_sample_03413] [T1x_rxn4646] ✅ 严格正确 | 原子数：12
[test_sample_03414] [T1x_rxn4647] ❌ 错误 | 原子数：12
  - 正确映射：[ 8  3 10  6  7  2  4  5  1  0  9 11]
  - 预测映射：[ 2  7  6 10  3  8  4 11  9  0  1  5]
[test_sample_03415] [T1x_rxn4779] ✅ 严格正确 | 原子数：12
[test_sample_03416] [T1x_rxn4780] ❌ 错误 | 原子数：12
  - 正确映射：[ 7  1 10  5  2  9  6  3  4  8 11  0]
  - 预测映射：[ 7  1 10  5  2  9  3  6  8  4  0 11]
[test_sample_03417] [T1x_rxn4781] ❌ 错误 | 原子数：12
  - 正确映射：[ 6  0  8  9  7  2  4  3 11  1  5 10]
  - 预测映射：[ 6  0  8  9  7  2  4 11  3  1 10  5]
[test_sample_03418] [T1x_rxn4782] ❌ 错误 | 原子数：12
  - 正确映射：[ 8  7  6  2 11  5  4  0  9 10  3  1]
  - 预测映射：[ 8  7  6  2 11  5  4  3  0 10  1  9]
[test_sample_03419] [T1x_rxn4783] ❌ 错误 | 原子数：12
  - 正确映射：[ 7 10  1  5 11  2  8  3  9  4  0  6]
  - 预测映射：[ 7 10  1  2 11  5  8  0  9  4  6  3]
[test_sample_03420] [T1x_rxn4784] ❌ 错误 | 原子数：12
  - 正确映射：[ 4  8  6  0  9  2 11  1  7 10  3  5]
  - 预测映射：[ 6  8  4  2  0  9 11  3  1  5 10  7]
[test_sample_03421] [T1x_rxn4785] ❌ 错误 | 原子数：12
  - 正确映射：[ 5  8  3  9  6 10  1  2  0 11  4  7]
  - 预测映射：[ 5  8  3  9 10  6  1  2  4  7  0 11]
[test_sample_03422] [T1x_rxn4786] ❌ 错误 | 原子数：12
  - 正确映射：[ 9  0  2 11  7  1  8  4  3 10  5  6]
  - 预测映射：[ 9  0  2  7 11  1  8 10  4  6  5  3]
[test_sample_03423] [T1x_rxn4787] ❌ 错误 | 原子数：12
  - 正确映射：[ 0  2  5  8 11  7  3 10  9  6  1  4]
  - 预测映射：[ 5  8  0 11  2  7 10  6  3  9  1  4]
[test_sample_03424] [T1x_rxn8984] ❌ 错误 | 原子数：12
  - 正确映射：[ 7  1  3  8  2  4 11  6  9  0  5 10]
  - 预测映射：[ 1  8  2  4  3  7  0  9  5  6 10 11]
[test_sample_03425] [T1x_rxn9019] ❌ 错误 | 原子数：12
  - 正确映射：[ 0  3  5  8  2  4 10  6  1  7  9 11]
  - 预测映射：[ 2  4  8  5  0  3 10  6 11  7  9  1]
[test_sample_03426] [T1x_rxn9024] ❌ 错误 | 原子数：12
  - 正确映射：[ 2  8 10  7 11  5  1  4  0  6  9  3]
  - 预测映射：[ 2  8 10  7 11  5  1  4  6  0  3  9]
[test_sample_03427] [T1x_rxn9028] ❌ 错误 | 原子数：12
  - 正确映射：[ 4  2  3  1  7  6  0  5  8  9 10 11]
  - 预测映射：[ 4  2  3  1  7  6  0  9  5 10  8 11]
[test_sample_03428] [T1x_rxn9062] ❌ 错误 | 原子数：12
  - 正确映射：[ 0  1  5  6  4  3 10 11  9  7  2  8]
  - 预测映射：[ 0  1  5  6  4  3 11  9 10  8  2  7]
[test_sample_03429] [T1x_rxn9063] ❌ 错误 | 原子数：12
  - 正确映射：[ 9  3  7 11  0  1  4  2  5  8 10  6]
  - 预测映射：[ 9 11  7  3  0  1  4  2  5  8 10  6]
[test_sample_03430] [T1x_rxn9064] ❌ 错误 | 原子数：12
  - 正确映射：[ 3 10  9  8  2 11  1  0  4  5  6  7]
  - 预测映射：[ 3 10  9  8  2 11  4  1  0  5  6  7]
[test_sample_03431] [T1x_rxn9065] ❌ 错误 | 原子数：12
  - 正确映射：[ 2  7 10  5  8  3 11  0  4  6  9  1]
  - 预测映射：[ 2  7 10  5  8  3  6 11  4  0  9  1]
[test_sample_03432] [T1x_rxn9066] ❌ 错误 | 原子数：12
  - 正确映射：[ 3  4  5  6  7  2 10  9  8  1  0 11]
  - 预测映射：[ 6  7  2  4  3  5  8  1  0  9 11 10]
[test_sample_03433] [T1x_rxn9067] ❌ 错误 | 原子数：12
  - 正确映射：[ 7  3  0  5  8  6  9 11  1  4 10  2]
  - 预测映射：[ 7  3  0  5  8  6 11  9  1  2 10  4]
[test_sample_03434] [T1x_rxn9078] ❌ 错误 | 原子数：12
  - 正确映射：[ 1  0  3  2 11  9 10  8  5  4  7  6]
  - 预测映射：[ 1  0 11  2  3  9 10  8  6  7  4  5]
[test_sample_03435] [T1x_rxn9140] ✅ 严格正确 | 原子数：12
[test_sample_03436] [T1x_rxn9141] ❌ 错误 | 原子数：12
  - 正确映射：[ 9 11  1  8  5 10  4  7  0  6  2  3]
  - 预测映射：[ 9 11  1  5  8 10  7  4  3  2  6  0]
[test_sample_03437] [T1x_rxn9186] ❌ 错误 | 原子数：12
  - 正确映射：[ 3  7  6 11  9  4  5  0  8  2  1 10]
  - 预测映射：[ 3 11  4  7  9  6  0  5  8  2  1 10]
[test_sample_03438] [T1x_rxn9191] ❌ 错误 | 原子数：12
  - 正确映射：[ 6 11  8  5  3  2  0  7  4  1  9 10]
  - 预测映射：[ 2  5  3 11  8  6  1  9 10  7  4  0]
[test_sample_03439] [T1x_rxn9251] ❌ 错误 | 原子数：12
  - 正确映射：[ 7  8  6  5 11  4  3  2  0  1  9 10]
  - 预测映射：[11  5  4  8  7  6  9  2  3 10  0  1]
[test_sample_03440] [T1x_rxn9252] ❌ 错误 | 原子数：12
  - 正确映射：[ 4 11  7  1 10  2  9  8  0  6  5  3]
  - 预测映射：[10  2  1 11  4  7  5  0  3  9  8  6]
[test_sample_03441] [T1x_rxn9322] ✅ 严格正确 | 原子数：12
[test_sample_03442] [T1x_rxn9323] ❌ 错误 | 原子数：12
  - 正确映射：[ 8  9  5  3  2  7 11  6  1  0  4 10]
  - 预测映射：[ 8  9  5  3  2  7 11  6 10  1  4  0]
[test_sample_03443] [T1x_rxn9324] ❌ 错误 | 原子数：12
  - 正确映射：[10  9  1 11  7  6  3  5  4  2  0  8]
  - 预测映射：[10  9  1 11  7  6  3  5  2  0  8  4]
[test_sample_03444] [T1x_rxn9339] ❌ 错误 | 原子数：12
  - 正确映射：[10  1  7  2  0  9  3  8  4  5 11  6]
  - 预测映射：[10  1  9  2  0  7  3  8  6  5 11  4]
[test_sample_03445] [T1x_rxn9340] ❌ 错误 | 原子数：12
  - 正确映射：[ 5  7  6  9  8  1  2 10 11  4  0  3]
  - 预测映射：[ 5  1  6  9  8  7 10  3 11  4  0  2]
[test_sample_03446] [T1x_rxn9370] ❌ 错误 | 原子数：12
  - 正确映射：[ 9  6  7  2  4  1  8 11  0 10  3  5]
  - 预测映射：[ 9  6  7  2  4  1 10  8 11  3  0  5]
[test_sample_03447] [T1x_rxn9405] ❌ 错误 | 原子数：12
  - 正确映射：[ 5 11  7  2 10  3  4  1  9  6  0  8]
  - 预测映射：[ 5 11  7  3 10  2  0  9  1  8  4  6]
[test_sample_03448] [T1x_rxn9409] ❌ 错误 | 原子数：12
  - 正确映射：[ 7 11  6  0  4  8  9  2  3  5 10  1]
  - 预测映射：[ 7 11  6  0  4  8  9  5  3  2 10  1]
[test_sample_03449] [T1x_rxn9421] ❌ 错误 | 原子数：12
  - 正确映射：[ 4  8  2  0  3 11  5  7  6 10  1  9]
  - 预测映射：[ 4  8  2  0  3 11  7  5  6 10  1  9]
[test_sample_03450] [T1x_rxn9443] ❌ 错误 | 原子数：12
  - 正确映射：[ 7  1 11 10  2  0  3  6  8  5  4  9]
  - 预测映射：[ 7  1  2  0 11 10  8  4  5  3  9  6]
[test_sample_03451] [T1x_rxn10055] ❌ 错误 | 原子数：13
  - 正确映射：[ 7  5 11 10  0  6 12  2  4  3  9  1  8]
  - 预测映射：[10  5 11  7  0  6 12  2  1  4  9  3  8]
[test_sample_03452] [T1x_rxn10056] ❌ 错误 | 原子数：13
  - 正确映射：[ 6  8 11  3 10  1  9  0 12  5  2  4  7]
  - 预测映射：[ 6  8 11  1  9  3 10  0  2 12  4  7  5]
[test_sample_03453] [T1x_rxn5945] ❌ 错误 | 原子数：13
  - 正确映射：[ 7  2  4 12  9 11  5  6  8  1 10  0  3]
  - 预测映射：[ 7  2  9 12  4 11  5  6  3 10  8  1  0]
[test_sample_03454] [T1x_rxn5946] ✅ 严格正确 | 原子数：13
[test_sample_03455] [T1x_rxn5947] ❌ 错误 | 原子数：13
  - 正确映射：[ 9  4  6 12  2  8  1  5  0 11 10  7  3]
  - 预测映射：[ 9  4  8 12  2  6  1  5  0 11 10  7  3]
[test_sample_03456] [T1x_rxn5948] ❌ 错误 | 原子数：13
  - 正确映射：[ 1  7  9  3  0  4 12  5 11  8  6  2 10]
  - 预测映射：[ 1  7  9 12  0  4  3 11  5 10  6  2  8]
[test_sample_03457] [T1x_rxn5949] ✅ 严格正确 | 原子数：13
[test_sample_03458] [T1x_rxn5950] ✅ 严格正确 | 原子数：13
[test_sample_03459] [T1x_rxn6448] ❌ 错误 | 原子数：13
  - 正确映射：[ 3  7  9  2  6 12  1  0  8 11  4  5 10]
  - 预测映射：[ 3  7  6  2  9 12  1 10  4 11  8  5  0]
[test_sample_03460] [T1x_rxn6449] ❌ 错误 | 原子数：13
  - 正确映射：[ 2  8  7  3  9  0  1  6 11  5  4 12 10]
  - 预测映射：[ 2  8  7  3  9  0  1  6 10 11  5  4 12]
[test_sample_03461] [T1x_rxn6450] ❌ 错误 | 原子数：13
  - 正确映射：[ 4  6  0  5  9  3 10  1 11  2 12  8  7]
  - 预测映射：[ 4  6  0  5  9  3 10  1 12  2 11  8  7]
[test_sample_03462] [T1x_rxn6451] ❌ 错误 | 原子数：13
  - 正确映射：[ 1  9  7  2  0  4  5 10  8 11  3 12  6]
  - 预测映射：[ 2  7  4  1  9  0  5 12 10  8 11  3  6]
[test_sample_03463] [T1x_rxn6452] ✅ 严格正确 | 原子数：13
[test_sample_03464] [T1x_rxn6453] ✅ 严格正确 | 原子数：13
[test_sample_03465] [T1x_rxn7006] ❌ 错误 | 原子数：13
  - 正确映射：[ 4  8  9  3 11 10  0  1 12  6  7  5  2]
  - 预测映射：[ 4  8  9  3 11 10  0  6  1  7 12  5  2]
[test_sample_03466] [T1x_rxn7007] ❌ 错误 | 原子数：13
  - 正确映射：[10  1  8  4  7 12  0  5  3  2  6  9 11]
  - 预测映射：[10  4  8  1 12  7  0  5  3  2  6 11  9]
[test_sample_03467] [T1x_rxn7008] ❌ 错误 | 原子数：13
  - 正确映射：[ 3  1  0  8  4  5 12  9  7  2 10  6 11]
  - 预测映射：[ 3  1  0  8  4  5 12  7  2  9  6 11 10]
[test_sample_03468] [T1x_rxn7009] ❌ 错误 | 原子数：13
  - 正确映射：[ 6  3 10  5  1 12  8  9  2  7 11  0  4]
  - 预测映射：[ 6  5 10  3  1 12  8  9  2  7 11  4  0]
[test_sample_03469] [T1x_rxn7010] ❌ 错误 | 原子数：13
  - 正确映射：[ 7 12  4  0 10  1 11  2  8  9  6  5  3]
  - 预测映射：[ 7 12  4  0 10  1 11  2  8  9  5  3  6]
[test_sample_03470] [T1x_rxn7011] ❌ 错误 | 原子数：13
  - 正确映射：[ 1  4 12  9  5 11 10  3  2  8  7  6  0]
  - 预测映射：[ 1  4 12  9  5 11 10  3  2  8  6  7  0]
[test_sample_03471] [T1x_rxn7012] ❌ 错误 | 原子数：13
  - 正确映射：[ 7  3 10 11  2  5 12  1  0  4  6  9  8]
  - 预测映射：[ 7  3 10 11  2  5 12  1  0  4  9  6  8]
[test_sample_03472] [T1x_rxn7013] ❌ 错误 | 原子数：13
  - 正确映射：[ 6 12  9  8  4  0  1  2  3 11 10  5  7]
  - 预测映射：[ 6 12  9  8  4  0  1 10  3  2  5 11  7]
[test_sample_03473] [T1x_rxn7127] ❌ 错误 | 原子数：13
  - 正确映射：[ 5  3  9  8 11 10  1  2 12  6  0  4  7]
  - 预测映射：[ 5  3  9  8  1 10 11  0 12  2  6  4  7]
[test_sample_03474] [T1x_rxn7128] ❌ 错误 | 原子数：13
  - 正确映射：[ 3  1  5  9  0 10  2  7  4  8 12  6 11]
  - 预测映射：[ 3  9  1  5  0 10  2  7 12  4  6  8 11]
[test_sample_03475] [T1x_rxn7129] ✅ 严格正确 | 原子数：13
[test_sample_03476] [T1x_rxn7130] ❌ 错误 | 原子数：13
  - 正确映射：[10  5  3  2  0  6  4  9  7 11  1 12  8]
  - 预测映射：[10  5  3  2  0  6  4  9 11 12  1  7  8]
[test_sample_03477] [T1x_rxn7131] ✅ 严格正确 | 原子数：13
[test_sample_03478] [T1x_rxn7132] ❌ 错误 | 原子数：13
  - 正确映射：[12 10  2  9  0  8  6  3 11  4  5  1  7]
  - 预测映射：[12 10  2  9  6  8  0  3 11  5  4  1  7]
[test_sample_03479] [T1x_rxn7133] ❌ 错误 | 原子数：13
  - 正确映射：[ 7  9 12  6  4  8  2 10  1 11  0  3  5]
  - 预测映射：[ 7  9  6 12  4  8  2 10  1  3 11  0  5]
[test_sample_03480] [T1x_rxn7134] ✅ 严格正确 | 原子数：13
[test_sample_03481] [T1x_rxn7135] ❌ 错误 | 原子数：13
  - 正确映射：[ 3 10 12  7 11  2  9  6  5  4  0  8  1]
  - 预测映射：[ 3 10 12  7 11  2  9  6  0  4  5  8  1]
[test_sample_03482] [T1x_rxn7136] ❌ 错误 | 原子数：13
  - 正确映射：[ 0  1  8 10  3  7  6 11 12  5  2  9  4]
  - 预测映射：[ 3 10  8  1  0  7  6  4  9  5  2 12 11]
[test_sample_03483] [T1x_rxn7137] ❌ 错误 | 原子数：13
  - 正确映射：[ 3 10  2  8  4  6  5  0  1 12 11  7  9]
  - 预测映射：[ 4  8  2 10  3  6  5  9  7 12  1  0 11]
[test_sample_03484] [T1x_rxn7138] ❌ 错误 | 原子数：13
  - 正确映射：[ 2 11 12  4  6  7  9  5  3 10  8  1  0]
  - 预测映射：[ 2 12 11  4  6  7  9  8 10  3  5  1  0]
[test_sample_03485] [T1x_rxn7139] ❌ 错误 | 原子数：13
  - 正确映射：[12 10  1  0  9  2  3 11  5  4  6  8  7]
  - 预测映射：[12 10  1  0  9  2  3  7 11  4  6  5  8]
[test_sample_03486] [T1x_rxn7140] ❌ 错误 | 原子数：13
  - 正确映射：[11  9 10  0  8  1  2 12  7  3  5  4  6]
  - 预测映射：[ 8  1 10  0  2  9 11 12  6  5  3  4  7]
[test_sample_03487] [T1x_rxn7141] ✅ 严格正确 | 原子数：13
[test_sample_03488] [T1x_rxn7142] ❌ 错误 | 原子数：13
  - 正确映射：[ 9  1  3  7  2  8  4 11 10 12  0  6  5]
  - 预测映射：[ 9  3  1  8  4  7  2 12  0 11 10  5  6]
[test_sample_03489] [T1x_rxn7143] ❌ 错误 | 原子数：13
  - 正确映射：[ 9  5  6  4  3 12  1 10  2 11  0  8  7]
  - 预测映射：[ 3  4  5  6  9 12  1  7 11  2  8  0 10]
[test_sample_03490] [T1x_rxn7144] ✅ 严格正确 | 原子数：13
[test_sample_03491] [T1x_rxn7145] ✅ 严格正确 | 原子数：13
[test_sample_03492] [T1x_rxn7146] ❌ 错误 | 原子数：13
  - 正确映射：[12  5  7  2  3  4 11  1  9  6  8  0 10]
  - 预测映射：[12  5  7  2  3  4 11  1  0  9  8  6 10]
[test_sample_03493] [T1x_rxn7670] ❌ 错误 | 原子数：13
  - 正确映射：[ 0  6  5  8  4 11  7 12  9  1  2  3 10]
  - 预测映射：[ 0  6  5  8  4 11  7  3 12  9 10  2  1]
[test_sample_03494] [T1x_rxn7671] ✅ 严格正确 | 原子数：13
[test_sample_03495] [T1x_rxn7672] ❌ 错误 | 原子数：13
  - 正确映射：[ 7 11  2 10  9  4  1  8  0  5  3  6 12]
  - 预测映射：[ 7 11  2 10  9  4  1  5  8  0  3  6 12]
[test_sample_03496] [T1x_rxn7673] ❌ 错误 | 原子数：13
  - 正确映射：[ 3 12  0 11  1  2 10  4  5  6  7  8  9]
  - 预测映射：[ 3 12  0 11  1  2 10  7  5  6  4  9  8]
[test_sample_03497] [T1x_rxn7674] ✅ 严格正确 | 原子数：13
[test_sample_03498] [T1x_rxn7675] ❌ 错误 | 原子数：13
  - 正确映射：[ 5 11  0 12  2  3  6  1  7  8  9 10  4]
  - 预测映射：[ 5 11  2 12  0  3  6  1  8  7  9  4 10]
[test_sample_03499] [T1x_rxn7676] ❌ 错误 | 原子数：13
  - 正确映射：[10  9  3  2  4  5  1  0 11  6  7 12  8]
  - 预测映射：[10  9  4  5  3  2  1 11  6  0 12  8  7]
[test_sample_03500] [T1x_rxn7677] ✅ 严格正确 | 原子数：13
[test_sample_03501] [T1x_rxn7678] ❌ 错误 | 原子数：13
  - 正确映射：[ 4 11  1  6  9  8  3  7  0  2  5 10 12]
  - 预测映射：[ 4  6  9  8  3 11  1  0  7 10 12  2  5]
[test_sample_03502] [T1x_rxn7679] ❌ 错误 | 原子数：13
  - 正确映射：[ 0  8 12  2  9  5  6 11  7  3  4 10  1]
  - 预测映射：[ 0  8 12  2  9  5  6 11  3  7  4 10  1]
[test_sample_03503] [T1x_rxn7680] ❌ 错误 | 原子数：13
  - 正确映射：[ 1  0  9  5 11  7  6 12 10  3  8  4  2]
  - 预测映射：[ 1  5 11  0  9  7  6  3 10  4  8 12  2]
[test_sample_03504] [T1x_rxn7681] ❌ 错误 | 原子数：13
  - 正确映射：[ 7  3  8  4 11  5 10 12  1  0  2  6  9]
  - 预测映射：[ 7  3  8  4 10  5 11  1 12  0  9  6  2]
[test_sample_03505] [T1x_rxn7682] ❌ 错误 | 原子数：13
  - 正确映射：[12  1  8  4  0 10  6 11  9  5  7  3  2]
  - 预测映射：[12  1  8  4  0 10  6  9  5 11  7  3  2]
[test_sample_03506] [T1x_rxn8034] ❌ 错误 | 原子数：13
  - 正确映射：[ 9  5  4  0  1  6  7  3 12  8 10  2 11]
  - 预测映射：[ 9  5  4  0  1  6  7 12  2  8 10 11  3]
[test_sample_03507] [T1x_rxn8035] ✅ 严格正确 | 原子数：13
[test_sample_03508] [T1x_rxn8036] ✅ 严格正确 | 原子数：13
[test_sample_03509] [T1x_rxn8037] ❌ 错误 | 原子数：13
  - 正确映射：[10  4  5  0 11  9 12  2  8  3  7  6  1]
  - 预测映射：[ 5  4 10  9 12  0 11  6  7  1  3  2  8]
[test_sample_03510] [T1x_rxn8038] ❌ 错误 | 原子数：13
  - 正确映射：[11  9  0  5  3 12  7  4  1 10  2  6  8]
  - 预测映射：[11  9  0  5  3 12  7  1  4 10  2  6  8]
[test_sample_03511] [T1x_rxn8039] ❌ 错误 | 原子数：13
  - 正确映射：[ 7 12  3 10  0  5  1  9  8  4 11  2  6]
  - 预测映射：[ 7 12  3 10  0  5  1  8  4  9  6  2 11]
[test_sample_03512] [T1x_rxn8040] ✅ 严格正确 | 原子数：13
[test_sample_03513] [T1x_rxn8041] ❌ 错误 | 原子数：13
  - 正确映射：[ 9  1  2 10  5  6  7 11  3 12  4  0  8]
  - 预测映射：[ 9  1  6  2  5 10  7 12 11  3  0  4  8]
[test_sample_03514] [T1x_rxn8042] ✅ 严格正确 | 原子数：13
[test_sample_03515] [T1x_rxn8043] ❌ 错误 | 原子数：13
  - 正确映射：[10  9  4 11  2 12  7  1  8  5  6  3  0]
  - 预测映射：[10  9  4 11  2 12  7  6  1  8  5  3  0]
[test_sample_03516] [T1x_rxn8044] ❌ 错误 | 原子数：13
  - 正确映射：[11  7  4  2  0  1  9  3  8 12  5 10  6]
  - 预测映射：[11  9  1  2  0  4  7  3 12  8  5 10  6]
[test_sample_03517] [T1x_rxn8045] ❌ 错误 | 原子数：13
  - 正确映射：[ 4 11 10  1  3  0  7  5  9 12  6  8  2]
  - 预测映射：[ 4  3 10  1  7  0 11  5  6  9 12  8  2]
[test_sample_03518] [T1x_rxn8046] ❌ 错误 | 原子数：13
  - 正确映射：[ 7  4 12  1  5 10 11  2  9  8  6  0  3]
  - 预测映射：[ 7  4 12  1  5 10 11  8  9  2  6  3  0]
[test_sample_03519] [T1x_rxn8047] ✅ 严格正确 | 原子数：13
[test_sample_03520] [T1x_rxn8845] ✅ 严格正确 | 原子数：13
[test_sample_03521] [T1x_rxn8846] ❌ 错误 | 原子数：13
  - 正确映射：[ 6  0 11  8 10  1  2  4  7  3  5 12  9]
  - 预测映射：[ 6  1 10  0 11  8  2  4  3  7 12  5  9]
[test_sample_03522] [T1x_rxn8847] ❌ 错误 | 原子数：13
  - 正确映射：[ 3 10  9  1  7  0  2 11  5  6  8 12  4]
  - 预测映射：[ 0  3  7  1  2 10  9  6  5  4 11 12  8]
[test_sample_03523] [T1x_rxn8848] ❌ 错误 | 原子数：13
  - 正确映射：[ 1 12  4  9  3  8 10  7 11  5  6  0  2]
  - 预测映射：[ 9 12  4  1  3  8 10  0  6  7  2 11  5]
[test_sample_03524] [T1x_rxn8849] ❌ 错误 | 原子数：13
  - 正确映射：[ 6 12  2 10  4  3  9  1  0 11  7  8  5]
  - 预测映射：[ 6  3  2 12  9 10  4  0  1 11  8  7  5]
[test_sample_03525] [T1x_rxn8850] ❌ 错误 | 原子数：13
  - 正确映射：[ 5  2  0 10  3  4  8 11  1  6  9 12  7]
  - 预测映射：[ 5  4  8  2  0 10  3  1  7  6  9 11 12]
[test_sample_03526] [T1x_rxn9706] ❌ 错误 | 原子数：13
  - 正确映射：[ 2  5  4  9  3 12  0 11 10  1  6  7  8]
  - 预测映射：[ 0 12  4  9  3  5  2 11 10  8  7  6  1]
[test_sample_03527] [T1x_rxn9707] ❌ 错误 | 原子数：13
  - 正确映射：[ 1  9  2  0 11 12 10  3  8  7  6  4  5]
  - 预测映射：[ 1 11  9  0  2 12 10  3  8  4  6  7  5]
[test_sample_03528] [T1x_rxn9782] ❌ 错误 | 原子数：13
  - 正确映射：[12  1  4 11  8  6  7  2 10  0  3  5  9]
  - 预测映射：[12 11  4  1  8  6  7 10  2  0  5  3  9]
[test_sample_03529] [T1x_rxn9783] ❌ 错误 | 原子数：13
  - 正确映射：[ 3  2 10  1 12  9  8 11  6  4  7  0  5]
  - 预测映射：[ 3  2 10  1 12  9  8  4  6 11  7  5  0]
[test_sample_03530] [T1x_rxn9800] ❌ 错误 | 原子数：13
  - 正确映射：[ 0  1  6 10  5  7 12 11  3  9  2  8  4]
  - 预测映射：[ 0  6  1 10  5  7 12  2  9  8  3  4 11]
[test_sample_03531] [T1x_rxn9801] ❌ 错误 | 原子数：13
  - 正确映射：[ 3  6  7  0 12 10  2  1  5  9 11  8  4]
  - 预测映射：[ 3  6  7  0 12 10  2  4  5  9 11  1  8]
[test_sample_03532] [T1x_rxn2249] ✅ 严格正确 | 原子数：12
[test_sample_03533] [T1x_rxn2250] ❌ 错误 | 原子数：12
  - 正确映射：[ 1  5  8 10  9  3  2 11  7  4  0  6]
  - 预测映射：[ 8  5  1 10  9  4  6  0  7  3 11  2]
[test_sample_03534] [T1x_rxn2251] ❌ 错误 | 原子数：12
  - 正确映射：[11  7  4  5  1  9 10  6  2  0  3  8]
  - 预测映射：[ 4  7 11  5  1  0  8  3  2  9  6 10]
[test_sample_03535] [T1x_rxn2252] ❌ 错误 | 原子数：12
  - 正确映射：[10  1  3  5  9  4  7  8  6  2  0 11]
  - 预测映射：[10  1  3  5  9  7  0  8  6  4  2 11]
[test_sample_03536] [T1x_rxn3575] ❌ 错误 | 原子数：12
  - 正确映射：[ 3 10  6  7  8 11  9  5  1  0  2  4]
  - 预测映射：[ 3 10  6  7  8  5  9 11  2  0  1  4]
[test_sample_03537] [T1x_rxn3576] ❌ 错误 | 原子数：12
  - 正确映射：[ 2  9  5  1  3  4  0  7  8 10  6 11]
  - 预测映射：[ 2  9  5  1  3  4  7  0 10  8 11  6]
[test_sample_03538] [T1x_rxn3577] ❌ 错误 | 原子数：12
  - 正确映射：[ 1  8  0 10  4  7  9  6  5 11  2  3]
  - 预测映射：[ 1  8  0 10  4  7  9  5  6 11  3  2]
[test_sample_03539] [T1x_rxn4858] ✅ 严格正确 | 原子数：14
[test_sample_03540] [T1x_rxn4859] ❌ 错误 | 原子数：14
  - 正确映射：[ 3  7  5  9 10  2 13  8  0 11  4 12  1  6]
  - 预测映射：[ 3  7 10  5  9  2 13  8 11  0  6  4 12  1]
[test_sample_03541] [T1x_rxn4860] ❌ 错误 | 原子数：14
  - 正确映射：[ 8  6 11  3 12  4  2 13  7  9  0  5 10  1]
  - 预测映射：[ 8  6 11  3 12  4  2  7 13  0  9  5  1 10]
[test_sample_03542] [T1x_rxn4861] ❌ 错误 | 原子数：14
  - 正确映射：[11 12  3  8  5  4  2  9 10  6 13  7  0  1]
  - 预测映射：[11 12  3  8  5  4  2  9  6 10 13  7  1  0]
[test_sample_03543] [T1x_rxn4862] ❌ 错误 | 原子数：14
  - 正确映射：[ 4 13  6  2 11  9  8  3  5  7  1 10  0 12]
  - 预测映射：[ 4 13  6  2 11  9  8  7  5  3  1 10 12  0]
[test_sample_03544] [T1x_rxn4863] ❌ 错误 | 原子数：14
  - 正确映射：[ 7 10 13  0  3 11  5  2  4  9  8  6  1 12]
  - 预测映射：[ 7 10 13  0  3 11  5  2  9  4  8 12  6  1]
[test_sample_03545] [T1x_rxn4864] ✅ 严格正确 | 原子数：14
[test_sample_03546] [T1x_rxn4865] ❌ 错误 | 原子数：14
  - 正确映射：[ 2  1 12  6  5  4 13 11  9  8  0  3 10  7]
  - 预测映射：[ 2  1 12  6  5  4 13  8  9 11  0  7 10  3]
[test_sample_03547] [T1x_rxn5258] ✅ 严格正确 | 原子数：14
[test_sample_03548] [T1x_rxn5259] ❌ 错误 | 原子数：14
  - 正确映射：[ 7  2  3  9  5  6 13 10  8 11  4  0  1 12]
  - 预测映射：[ 7  2  3  9  5  6 13  8 10 11  0  4 12  1]
[test_sample_03549] [T1x_rxn5260] ❌ 错误 | 原子数：14
  - 正确映射：[ 2  3  0 12 13  1  7  5  8  4  9  6 11 10]
  - 预测映射：[ 2  3  0 12 13  1  7  8  5  4  9  6 11 10]
[test_sample_03550] [T1x_rxn5261] ❌ 错误 | 原子数：14
  - 正确映射：[ 7 10  4  8 13  9  1  2 11  5  6 12  0  3]
  - 预测映射：[ 7 10  4  8 13  9  1  2 11  5 12  6  0  3]
[test_sample_03551] [T1x_rxn5262] ❌ 错误 | 原子数：14
  - 正确映射：[ 6 11  9  0  5  3  1 10 12  2  4  7  8 13]
  - 预测映射：[ 5  0  9 11  6  3  1  4  7  2 13 10 12  8]
[test_sample_03552] [T1x_rxn5263] ❌ 错误 | 原子数：14
  - 正确映射：[ 1  5  3  7  8  6 12 11  9  0 13  4  2 10]
  - 预测映射：[ 1  5  3  7  8  6 12  9  0 11 13  4  2 10]
[test_sample_03553] [T1x_rxn5264] ❌ 错误 | 原子数：14
  - 正确映射：[ 0  7 10  2  9  8  5  6  3  1  4 12 11 13]
  - 预测映射：[ 0  7 10  2  9  8  5  3  6  1  4 12 11 13]
[test_sample_03554] [T1x_rxn5265] ✅ 严格正确 | 原子数：14
[test_sample_03555] [T1x_rxn5266] ❌ 错误 | 原子数：14
  - 正确映射：[ 4 10  8  5  2  6 13 12  0  9 11  3  1  7]
  - 预测映射：[ 4 10  8  5  2  6 13  0 12  9 11  3  1  7]
[test_sample_03556] [T1x_rxn5267] ❌ 错误 | 原子数：14
  - 正确映射：[ 8  6 12  7  5  1 10 11  9  3  4  0  2 13]
  - 预测映射：[ 5  7 12  6  8  1 10  2  0  3 11  9 13  4]
[test_sample_03557] [T1x_rxn5268] ✅ 严格正确 | 原子数：14
[test_sample_03558] [T1x_rxn5269] ✅ 严格正确 | 原子数：14
[test_sample_03559] [T1x_rxn5270] ❌ 错误 | 原子数：14
  - 正确映射：[ 1 10  4  0  7  9  3  6  5  2  8 11 13 12]
  - 预测映射：[ 1 10  4  0  7  9  3 12  6  5 11  8 13  2]
[test_sample_03560] [T1x_rxn5271] ❌ 错误 | 原子数：14
  - 正确映射：[ 4  9 10  7  2  0 11  3 12  1  8 13  5  6]
  - 预测映射：[ 4  9  0  7  2 10 11  3 12  6 13  8  1  5]
[test_sample_03561] [T1x_rxn5272] ✅ 严格正确 | 原子数：14
[test_sample_03562] [T1x_rxn5273] ❌ 错误 | 原子数：14
  - 正确映射：[11  5 12  3  2  8  9  7  0  1  6 10  4 13]
  - 预测映射：[11  5 12  3  2  8  9  0  7  1  6 10  4 13]
[test_sample_03563] [T1x_rxn5274] ❌ 错误 | 原子数：14
  - 正确映射：[ 4  6 13  7  0  2 12 11  8 10  5  3  9  1]
  - 预测映射：[ 4  6 13  7  0  2 12  1  8 10  5  3  9 11]
[test_sample_03564] [T1x_rxn5275] ❌ 错误 | 原子数：14
  - 正确映射：[ 7 12 13  1 11  2  8  6  0  5 10  3  9  4]
  - 预测映射：[ 7 12 13  1 11  2  8  0  6  5 10  3  9  4]
[test_sample_03565] [T1x_rxn5276] ❌ 错误 | 原子数：14
  - 正确映射：[ 9  3  0 13 12  1  7  2  6 10  8  4  5 11]
  - 预测映射：[ 9  3  0 13 12  1  7  6  2 10  8  4  5 11]
[test_sample_03566] [T1x_rxn6016] ❌ 错误 | 原子数：14
  - 正确映射：[11 12  4 10  9  5  6  1  0  2  8  7  3 13]
  - 预测映射：[11 12  4 10  9  5  6  1  2  7  0  8  3 13]
[test_sample_03567] [T1x_rxn6017] ❌ 错误 | 原子数：14
  - 正确映射：[12  0  4  5  7 13  2 10  8  1  6 11  3  9]
  - 预测映射：[12  0  5  4  2 13  7 10  8  1  6 11  3  9]
[test_sample_03568] [T1x_rxn6018] ❌ 错误 | 原子数：14
  - 正确映射：[10  2  6 12  7  4  8 11  9  1  0  3  5 13]
  - 预测映射：[10  2  6 12  7  4  8 11  0  9  3  1  5 13]
[test_sample_03569] [T1x_rxn6019] ❌ 错误 | 原子数：14
  - 正确映射：[ 6  1 13  8  7 10 11  4  0 12  5  2  9  3]
  - 预测映射：[ 6  1 13  8  7 10 11  4 12  0  2  5  3  9]
[test_sample_03570] [T1x_rxn6020] ❌ 错误 | 原子数：14
  - 正确映射：[ 2  1 10  8  6 13  4 12  3 11  9  0  7  5]
  - 预测映射：[ 1  2 10  8  6 13  4 12  9  0  3 11  5  7]
[test_sample_03571] [T1x_rxn6021] ❌ 错误 | 原子数：14
  - 正确映射：[ 8  3  9  2  0  6  4 13 12  5 10  1  7 11]
  - 预测映射：[ 8  3  9  2  0  6  4 13  5  1 12 10  7 11]
[test_sample_03572] [T1x_rxn6022] ✅ 严格正确 | 原子数：14
[test_sample_03573] [T1x_rxn6023] ❌ 错误 | 原子数：14
  - 正确映射：[ 8  3  4  7 11  5  0 13  1  9 12 10  2  6]
  - 预测映射：[ 8  3  4  7 11  5  0  9  1 13  2 10 12  6]
[test_sample_03574] [T1x_rxn7147] ❌ 错误 | 原子数：14
  - 正确映射：[ 2 13  1  5  8  3  0 10  4  7 11  6 12  9]
  - 预测映射：[ 3  8  1  5 13  2  0 12  6 10 11  7  4  9]
[test_sample_03575] [T1x_rxn7148] ❌ 错误 | 原子数：14
  - 正确映射：[ 0  5 12 13  7  9  2  1  8 10  6 11  4  3]
  - 预测映射：[ 0  5 12 13  7  9  2  8 10  1  6 11  4  3]
[test_sample_03576] [T1x_rxn7149] ✅ 严格正确 | 原子数：14
[test_sample_03577] [T1x_rxn7150] ✅ 严格正确 | 原子数：14
[test_sample_03578] [T1x_rxn7151] ❌ 错误 | 原子数：14
  - 正确映射：[12 11  2 13  8  1  3  4  9 10  6  7  0  5]
  - 预测映射：[12 11  2 13  8  1  3 10  4  9  7  0  5  6]
[test_sample_03579] [T1x_rxn7152] ❌ 错误 | 原子数：14
  - 正确映射：[ 7  9  8  3  0  5  1  6  2 10 13  4 11 12]
  - 预测映射：[ 7  9  8  3  0  5  1  6  2 10 13  4 12 11]
[test_sample_03580] [T1x_rxn7153] ❌ 错误 | 原子数：14
  - 正确映射：[ 6 11 10 12  3  5  8  4  0  7  1 13  2  9]
  - 预测映射：[ 6 11 10  3 12  5  8  1  7  4  0 13  2  9]
[test_sample_03581] [T1x_rxn7154] ❌ 错误 | 原子数：14
  - 正确映射：[ 4 12  3 11  9 10  7  2  6  8  0  5  1 13]
  - 预测映射：[ 4 12  3 11  9 10  7  2  6  8  0  5 13  1]
[test_sample_03582] [T1x_rxn7155] ❌ 错误 | 原子数：14
  - 正确映射：[ 2  4  0  1  8  5 11 10 12  6  9  7 13  3]
  - 预测映射：[ 2  4  0  1  8  5 11 10 12  6  9  3 13  7]
[test_sample_03583] [T1x_rxn7156] ❌ 错误 | 原子数：14
  - 正确映射：[ 2  4  8 12  0  5  9  7  6  3 13 11  1 10]
  - 预测映射：[ 2  4  8 12  0  5  9  7  6  3 13  1 11 10]
[test_sample_03584] [T1x_rxn7157] ❌ 错误 | 原子数：14
  - 正确映射：[10  6  1  4  5  0  9 13  3 11  7  2  8 12]
  - 预测映射：[10  6  1  4  5  0  9  3 11 13  7  2  8 12]
[test_sample_03585] [T1x_rxn7158] ✅ 严格正确 | 原子数：14
[test_sample_03586] [T1x_rxn7159] ❌ 错误 | 原子数：14
  - 正确映射：[ 5  2  0  1 11  6  4  3  8 10 13  7  9 12]
  - 预测映射：[ 5  2  0  1 11  6  4 13  8  3 10  7  9 12]
[test_sample_03587] [T1x_rxn7160] ✅ 严格正确 | 原子数：14
[test_sample_03588] [T1x_rxn7161] ❌ 错误 | 原子数：14
  - 正确映射：[ 7  9  0  6 12 13  5  1 10  2 11  3  4  8]
  - 预测映射：[ 7  9  0  6 12 13  5  1 10  2 11  4  3  8]
[test_sample_03589] [T1x_rxn7683] ❌ 错误 | 原子数：14
  - 正确映射：[12 11  1  2  3  7  8  5  4 10  9  0  6 13]
  - 预测映射：[12 11  1  2  3  7  8  4  0 10  5  9  6 13]
[test_sample_03590] [T1x_rxn7684] ❌ 错误 | 原子数：14
  - 正确映射：[12  4 13 11  5  6  9  3  8  2  7  0 10  1]
  - 预测映射：[12  4 13 11  5  6  9 10  8  2  0  7  3  1]
[test_sample_03591] [T1x_rxn7685] ❌ 错误 | 原子数：14
  - 正确映射：[13  6 10  0  7  1  3  9  5  4 11 12  8  2]
  - 预测映射：[13  6 10  1  3  0  7  5  9  4 12 11  8  2]
[test_sample_03592] [T1x_rxn7686] ❌ 错误 | 原子数：14
  - 正确映射：[ 7 12  0 10  9  2 11  6  4  3 13  1  5  8]
  - 预测映射：[12 10  0  2  9  7 11  3  5  1 13  4  6  8]
[test_sample_03593] [T1x_rxn7687] ❌ 错误 | 原子数：14
  - 正确映射：[ 7  6  1  2  5  8  0  9  4 13 11 12 10  3]
  - 预测映射：[ 7  6  1  2  5  8  0 13  9  4 12  3 10 11]
[test_sample_03594] [T1x_rxn7688] ❌ 错误 | 原子数：14
  - 正确映射：[ 0 10  3  8  4  9  5 12  6  7  2 13  1 11]
  - 预测映射：[ 0 10  3  9  5  8  4 13  6  7  2 12  1 11]
[test_sample_03595] [T1x_rxn7689] ❌ 错误 | 原子数：14
  - 正确映射：[ 1  5  0 12  9  2  4  3  6 10  8 13 11  7]
  - 预测映射：[ 5  1  0  2  4 12  9  8 11 13 10  6  7  3]
[test_sample_03596] [T1x_rxn7690] ❌ 错误 | 原子数：14
  - 正确映射：[ 9  3  7 11  2 13  8 12  1  5  6  0  4 10]
  - 预测映射：[ 3 11  7  9  2 13  8 10  0  6  5  1  4 12]
[test_sample_03597] [T1x_rxn7691] ❌ 错误 | 原子数：14
  - 正确映射：[10  4  7  1 13  2  0 12 11  3  5  6  8  9]
  - 预测映射：[ 4 10  7  1 13  2  0  6 11  3  5 12  8  9]
[test_sample_03598] [T1x_rxn9482] ❌ 错误 | 原子数：14
  - 正确映射：[ 6  8  5  2 12 13  4 10  3  9  1 11  0  7]
  - 预测映射：[ 6  8  5  2 12 13  4  1  3 10  9 11  0  7]
[test_sample_03599] [T1x_rxn9533] ❌ 错误 | 原子数：14
  - 正确映射：[10 13  4  7  3  0 11  6  8  1 12  2  9  5]
  - 预测映射：[10 13  4  7  3  0 11  8  6  1 12  2  9  5]
[test_sample_03600] [T1x_rxn9802] ✅ 严格正确 | 原子数：14
[test_sample_03601] [T1x_rxn9877] ❌ 错误 | 原子数：14
  - 正确映射：[ 2 10  7  1  5 11  9 12  6  3  8 13  4  0]
  - 预测映射：[ 2 10  7  1  5 11  9  3 12  6 13  8  4  0]
[test_sample_03602] [T1x_rxn9878] ❌ 错误 | 原子数：14
  - 正确映射：[10 13  3 11  1  0  2  4  6  8  7 12  9  5]
  - 预测映射：[10 13  1 11  3  0  2  8  4  7  6 12  5  9]
[test_sample_03603] [T1x_rxn9879] ✅ 严格正确 | 原子数：14
[test_sample_03604] [T1x_rxn0042] ❌ 错误 | 原子数：13
  - 正确映射：[ 7  4 12  1  3 10  5  0  6  2  8 11  9]
  - 预测映射：[ 7  4 12  3  1 10  5  0  6  2  8 11  9]
[test_sample_03605] [T1x_rxn0043] ❌ 错误 | 原子数：13
  - 正确映射：[ 2  9  6 10 11 12  1  5  8  3  7  4  0]
  - 预测映射：[ 2  9 11  6 10 12  8  5  1  0  4  7  3]
[test_sample_03606] [T1x_rxn0044] ✅ 严格正确 | 原子数：13
[test_sample_03607] [T1x_rxn0370] ❌ 错误 | 原子数：13
  - 正确映射：[ 1  0 11  2  4  5  7  6  3 12  9 10  8]
  - 预测映射：[ 1  0 11  5  4  2  6  7 12  3  9  8 10]
[test_sample_03608] [T1x_rxn0371] ❌ 错误 | 原子数：13
  - 正确映射：[ 5  1  8  4 10  9  7  6  2 11  0  3 12]
  - 预测映射：[ 5  1  9  4 10  8  7  3  6 12  0 11  2]
[test_sample_03609] [T1x_rxn0372] ❌ 错误 | 原子数：13
  - 正确映射：[ 6  1  8 12 10 11  9  4  0  5  7  2  3]
  - 预测映射：[ 6  1  8 12 10 11  4  9  5  0  2  7  3]
[test_sample_03610] [T1x_rxn0373] ❌ 错误 | 原子数：13
  - 正确映射：[ 3  1  0  8  9  6 12 11  5  4  7 10  2]
  - 预测映射：[ 3  1  0  8  9  6 12  4  5  7  2 10 11]
[test_sample_03611] [T1x_rxn0374] ✅ 严格正确 | 原子数：13
[test_sample_03612] [T1x_rxn0375] ✅ 严格正确 | 原子数：13
[test_sample_03613] [T1x_rxn0376] ❌ 错误 | 原子数：13
  - 正确映射：[ 7  1  8  5  3  6 11  9  2  4  0 12 10]
  - 预测映射：[ 7  1  6  5  3  8  9 11  0 10 12  2  4]
[test_sample_03614] [T1x_rxn0377] ❌ 错误 | 原子数：13
  - 正确映射：[ 3  1  5  9  4  8  0  6  7 11 12  2 10]
  - 预测映射：[ 3  1  5  9  4  8 10  6  0  7 11  2 12]
[test_sample_03615] [T1x_rxn0378] ❌ 错误 | 原子数：13
  - 正确映射：[ 6 12  5  4  8  3 10  0  2  7 11  1  9]
  - 预测映射：[ 6 12  5  4  8  3 10  2  7  0 11  1  9]
[test_sample_03616] [T1x_rxn0379] ❌ 错误 | 原子数：13
  - 正确映射：[ 1  5 12 10  6 11  3  9  8  0  4  7  2]
  - 预测映射：[ 1  5 12 11  6 10  3  8  9  0  2  7  4]
[test_sample_03617] [T1x_rxn0380] ❌ 错误 | 原子数：13
  - 正确映射：[ 3  7  1  9 11  5  8  6 10 12  0  4  2]
  - 预测映射：[ 3  7  1  9 11  5  8  6  4 12  0 10  2]
[test_sample_03618] [T1x_rxn0381] ❌ 错误 | 原子数：13
  - 正确映射：[10  3  0  2 11  9  5  4  7  8  6  1 12]
  - 预测映射：[10  3  0  9 11  2  4  5  7  8  1 12  6]
[test_sample_03619] [T1x_rxn0382] ❌ 错误 | 原子数：13
  - 正确映射：[ 8  1 11  4  0  6  7 10  9  2  5 12  3]
  - 预测映射：[ 8  1  6  4  0 11  7  3 10  2  5 12  9]
[test_sample_03620] [T1x_rxn0383] ✅ 严格正确 | 原子数：13
[test_sample_03621] [T1x_rxn0384] ❌ 错误 | 原子数：13
  - 正确映射：[ 8 10  0  2  4  5  9  6 12 11  7  1  3]
  - 预测映射：[ 8 10  0  2  4  5  9  6 12 11  1  3  7]
[test_sample_03622] [T1x_rxn0385] ❌ 错误 | 原子数：13
  - 正确映射：[ 6  0 11 12  9  4  2  8  7  5 10  3  1]
  - 预测映射：[ 6  0  4 12  9 11  2  8  3  1 10  7  5]
[test_sample_03623] [T1x_rxn0386] ❌ 错误 | 原子数：13
  - 正确映射：[12 10  3  9  4  0 11  1  7  6  5  2  8]
  - 预测映射：[12 10  3  9  4  0  7  1  6  8  2  5 11]
[test_sample_03624] [T1x_rxn0387] ✅ 严格正确 | 原子数：13
[test_sample_03625] [T1x_rxn0388] ✅ 严格正确 | 原子数：13
[test_sample_03626] [T1x_rxn0389] ❌ 错误 | 原子数：13
  - 正确映射：[ 8  1 12  6  4  9 11  3  2  0  5 10  7]
  - 预测映射：[ 8  1 12  6  4  9 11  7  2  3  0 10  5]
[test_sample_03627] [T1x_rxn0390] ✅ 严格正确 | 原子数：13
[test_sample_03628] [T1x_rxn0569] ❌ 错误 | 原子数：13
  - 正确映射：[11 10  5  7  4  2  1 12  8  0  3  6  9]
  - 预测映射：[11 10  2  7  4  5  8  0  1  6  9  3 12]
[test_sample_03629] [T1x_rxn0570] ❌ 错误 | 原子数：13
  - 正确映射：[ 5  0  3 11  1  6  4 12  7  2  9 10  8]
  - 预测映射：[ 5  0  6 11  1  3  7 12  4  8 10  9  2]
[test_sample_03630] [T1x_rxn0571] ❌ 错误 | 原子数：13
  - 正确映射：[ 8 12 10  3  4  5 11  1  7  2  0  9  6]
  - 预测映射：[ 5 12 10  3  4  8 11  6  9  2  0  1  7]
[test_sample_03631] [T1x_rxn0572] ❌ 错误 | 原子数：13
  - 正确映射：[12  1  4  8  6 10  0  5  2  9  7  3 11]
  - 预测映射：[12  1  4  8  6 10  0  2  5  7  9 11  3]
[test_sample_03632] [T1x_rxn0573] ❌ 错误 | 原子数：13
  - 正确映射：[ 8  9  4  0 12 10  6  7  5  2  1 11  3]
  - 预测映射：[ 8  9 10  4 12  0  7  5  6  3 11  1  2]
[test_sample_03633] [T1x_rxn0574] ❌ 错误 | 原子数：13
  - 正确映射：[12  1  3  4  9  6  8  0  2 11  5  7 10]
  - 预测映射：[12  1  6  4  9  3  2  0  8 10  7  5 11]
[test_sample_03634] [T1x_rxn0950] ❌ 错误 | 原子数：13
  - 正确映射：[ 3  1  2  8  0  4 10  9 11  6  5  7 12]
  - 预测映射：[ 3  1  2  8  4  0 10 11  9 12  7  5  6]
[test_sample_03635] [T1x_rxn0951] ✅ 严格正确 | 原子数：13
[test_sample_03636] [T1x_rxn0952] ❌ 错误 | 原子数：13
  - 正确映射：[12 11  7  1  4  0  2  9  8  3  6 10  5]
  - 预测映射：[12 11  4  1  0  7  8  3  2 10  5  6  9]
[test_sample_03637] [T1x_rxn0953] ❌ 错误 | 原子数：13
  - 正确映射：[ 2  3  5  6  0  7  9 11 10  1  4  8 12]
  - 预测映射：[ 2  3  0  6  7  5  9  1  4  8 12 11 10]
[test_sample_03638] [T1x_rxn0954] ❌ 错误 | 原子数：13
  - 正确映射：[ 6 11  5  0  9  7  2  4  3  8 12  1 10]
  - 预测映射：[ 6  5  7  0  9 11  2 10  8  3 12  1  4]
[test_sample_03639] [T1x_rxn0955] ✅ 严格正确 | 原子数：13
[test_sample_03640] [T1x_rxn0956] ✅ 严格正确 | 原子数：13
[test_sample_03641] [T1x_rxn0957] ❌ 错误 | 原子数：13
  - 正确映射：[10  4  6  1  9  3 12  5 11  2  7  0  8]
  - 预测映射：[10  4  6  1  9  3 12  5 11  0  7  8  2]
[test_sample_03642] [T1x_rxn0958] ❌ 错误 | 原子数：13
  - 正确映射：[ 2 10  0  7  3 12 11  8  4  9  5  1  6]
  - 预测映射：[12 10  0  7  3  2  1  6  9  5  8  4 11]
[test_sample_03643] [T1x_rxn0959] ❌ 错误 | 原子数：13
  - 正确映射：[12  9  1  0  8  4 10  2  3 11  5  6  7]
  - 预测映射：[12  9  1  0  8  4 10  3  2 11  5  7  6]
[test_sample_03644] [T1x_rxn0960] ❌ 错误 | 原子数：13
  - 正确映射：[ 1  4  5  0  9 10 12  7  6 11  2  8  3]
  - 预测映射：[ 1  4  5  0 10  9 12  6  7  8  3 11  2]
[test_sample_03645] [T1x_rxn0961] ❌ 错误 | 原子数：13
  - 正确映射：[ 3  6  0  9  4  1 10  5  2 12  7  8 11]
  - 预测映射：[ 3  6  0  9  1  4 10  5  2  7 11 12  8]
[test_sample_03646] [T1x_rxn0962] ❌ 错误 | 原子数：13
  - 正确映射：[ 1  9  8  4 12  0  5 10  6 11  7  3  2]
  - 预测映射：[ 1  9  8  4  0 12 10  5  6  3  2 11  7]
[test_sample_03647] [T1x_rxn1034] ✅ 严格正确 | 原子数：13
[test_sample_03648] [T1x_rxn1035] ❌ 错误 | 原子数：13
  - 正确映射：[ 5  3  7 10  4  0 12  2  9  6  1 11  8]
  - 预测映射：[ 7  3  5  0  4 10  6  9  2 12  8  1 11]
[test_sample_03649] [T1x_rxn1036] ❌ 错误 | 原子数：13
  - 正确映射：[ 6  8  7  5 11  0  2  9  1 12  4 10  3]
  - 预测映射：[ 7  8  6  0 11  5  1 12  2  9  3 10  4]
[test_sample_03650] [T1x_rxn1037] ✅ 严格正确 | 原子数：13
[test_sample_03651] [T1x_rxn1038] ❌ 错误 | 原子数：13
  - 正确映射：[ 7  9 11  1 12  4  6  5 10  8  3  0  2]
  - 预测映射：[ 4  9  7 11 12  1  5  2  6  0 10  8  3]
[test_sample_03652] [T1x_rxn1039] ✅ 严格正确 | 原子数：13
[test_sample_03653] [T1x_rxn1040] ❌ 错误 | 原子数：13
  - 正确映射：[ 2  1  7 10  4  0 11  8  3  6 12  5  9]
  - 预测映射：[ 7  1  2  0  4 10  6  3  8 11  5  9 12]
[test_sample_03654] [T1x_rxn1041] ✅ 严格正确 | 原子数：13
[test_sample_03655] [T1x_rxn1042] ✅ 严格正确 | 原子数：13
[test_sample_03656] [T1x_rxn1043] ❌ 错误 | 原子数：13
  - 正确映射：[ 8  4  5 12  7  2 10  9 11  0  3  1  6]
  - 预测映射：[ 5  4  8  2  7 12 11  0 10  9  6  1  3]
[test_sample_03657] [T1x_rxn1044] ❌ 错误 | 原子数：13
  - 正确映射：[ 8  7 10  3  6  5  1  0 12  9  4 11  2]
  - 预测映射：[10  7  3  5  6  8  1  9 12  4  2 11  0]
[test_sample_03658] [T1x_rxn1045] ❌ 错误 | 原子数：13
  - 正确映射：[ 2  0  1 10  8  4  7 12  5  3  9  6 11]
  - 预测映射：[ 1  0  2  4  8 10  5  3  7 12 11  6  9]
[test_sample_03659] [T1x_rxn1046] ❌ 错误 | 原子数：13
  - 正确映射：[ 7  4  5  0  1 10 11  3  9  6  2  8 12]
  - 预测映射：[ 5  4  7 10  1  0  3  9 11  6 12  8  2]
[test_sample_03660] [T1x_rxn1229] ✅ 严格正确 | 原子数：13
[test_sample_03661] [T1x_rxn1230] ❌ 错误 | 原子数：13
  - 正确映射：[ 0  6 12 11  5 10  9  3  4  2  8  7  1]
  - 预测映射：[ 0  6  5 11 12 10  9  2  7  8  1  4  3]
[test_sample_03662] [T1x_rxn1231] ❌ 错误 | 原子数：13
  - 正确映射：[ 4  1 12  5  7  2  9  8  0  6  3 11 10]
  - 预测映射：[ 4  1 12  5  7  2  9  8  0  6 11  3 10]
[test_sample_03663] [T1x_rxn1232] ✅ 严格正确 | 原子数：13
[test_sample_03664] [T1x_rxn1233] ❌ 错误 | 原子数：13
  - 正确映射：[ 4  6  8  2  1 12  9 11 10  7  3  0  5]
  - 预测映射：[ 4  6  8  2  1 12  9 11  3  0  7  5 10]
[test_sample_03665] [T1x_rxn1234] ❌ 错误 | 原子数：13
  - 正确映射：[ 5 12  6  4  2  0  8 11  9  3 10  7  1]
  - 预测映射：[ 5 12  6  4  2  0  8  9 11 10  3  1  7]
[test_sample_03666] [T1x_rxn1235] ❌ 错误 | 原子数：13
  - 正确映射：[ 0  8 12  3  6  9 11  2  1  7  4  5 10]
  - 预测映射：[ 0  8  6  3 12  9 11  5  1  7 10  2  4]
[test_sample_03667] [T1x_rxn1236] ✅ 严格正确 | 原子数：13
[test_sample_03668] [T1x_rxn1237] ❌ 错误 | 原子数：13
  - 正确映射：[ 1  6  0  7 12  8  2  4  5 10  3 11  9]
  - 预测映射：[ 1  6  0  7 12  8  5  4  2 10  3  9 11]
[test_sample_03669] [T1x_rxn1238] ✅ 严格正确 | 原子数：13
[test_sample_03670] [T1x_rxn1239] ❌ 错误 | 原子数：13
  - 正确映射：[11 12  6  5  3  1  0  4  7  9 10  8  2]
  - 预测映射：[11 12  6  5  3  1  0  7  4 10  9  2  8]
[test_sample_03671] [T1x_rxn1240] ❌ 错误 | 原子数：13
  - 正确映射：[ 5  7  9 12  6  2 10 11  3  1  0  4  8]
  - 预测映射：[ 5  7  9 12  6  2 10  3 11  1  0  4  8]
[test_sample_03672] [T1x_rxn1413] ✅ 严格正确 | 原子数：13
[test_sample_03673] [T1x_rxn1414] ❌ 错误 | 原子数：13
  - 正确映射：[ 3 11  9  2  0 12  4 10  1  5  8  7  6]
  - 预测映射：[ 9  0 11  2  3 12  6  7  8 10  5  1  4]
[test_sample_03674] [T1x_rxn1415] ❌ 错误 | 原子数：13
  - 正确映射：[ 6  7  8 12  4  2  9 10  1  0  5  3 11]
  - 预测映射：[ 6  7  4 12  8  2  3  0  1  5  9 10 11]
[test_sample_03675] [T1x_rxn1416] ✅ 严格正确 | 原子数：13
[test_sample_03676] [T1x_rxn1417] ✅ 严格正确 | 原子数：13
[test_sample_03677] [T1x_rxn1418] ❌ 错误 | 原子数：13
  - 正确映射：[ 2 10  5  8  6  4  9 12  1  3  0  7 11]
  - 预测映射：[ 2 10  5  8  6  4 12  9  1 11  0  7  3]
[test_sample_03678] [T1x_rxn1419] ❌ 错误 | 原子数：13
  - 正确映射：[ 2  5 10  7 11 12  8  9  1  0  3  4  6]
  - 预测映射：[ 2  5 11  7 10 12  8  1  9  0  3  6  4]
[test_sample_03679] [T1x_rxn1420] ❌ 错误 | 原子数：13
  - 正确映射：[ 8  0  7  2  3  6 12  4  1  5 11  9 10]
  - 预测映射：[ 7  0  8  2  3  6 10  1 11  9 12  5  4]
[test_sample_03680] [T1x_rxn1421] ❌ 错误 | 原子数：13
  - 正确映射：[ 3  2 12  9  8  1 10  6  0  7 11  4  5]
  - 预测映射：[12  8  3  9  2  1  5  4 11  6  7  0 10]
[test_sample_03681] [T1x_rxn1422] ❌ 错误 | 原子数：13
  - 正确映射：[ 8 11  5  9  0  2  1 12  3  4  6 10  7]
  - 预测映射：[ 5  0 11  9  8  2  7  6 10  1  3  4 12]
[test_sample_03682] [T1x_rxn1552] ❌ 错误 | 原子数：13
  - 正确映射：[ 8 10  5 12  2  1  6 11  7  4  3  0  9]
  - 预测映射：[ 8 10  5 12  2  1  4  6  7  3 11  0  9]
[test_sample_03683] [T1x_rxn1553] ❌ 错误 | 原子数：13
  - 正确映射：[12  4 10  6  8  3  1  9 11  7  5  2  0]
  - 预测映射：[12  4 10  6  8  3  9  1  7 11  2  5  0]
[test_sample_03684] [T1x_rxn1554] ❌ 错误 | 原子数：13
  - 正确映射：[ 7 11  8 10  0  3  2  6  1  5  4  9 12]
  - 预测映射：[ 7 11  8 10  0  3  4  2  1  6  9  5 12]
[test_sample_03685] [T1x_rxn1555] ✅ 严格正确 | 原子数：13
[test_sample_03686] [T1x_rxn1556] ❌ 错误 | 原子数：13
  - 正确映射：[ 2  9 12  6  8  4 11  3  0 10  1  5  7]
  - 预测映射：[ 2  9  8 12  6  4  1  3  0 11  5 10  7]
[test_sample_03687] [T1x_rxn1557] ❌ 错误 | 原子数：13
  - 正确映射：[ 7  8  4  6  5 10  2 11  9  0 12  3  1]
  - 预测映射：[ 7  8  4  6  5 10  2 11  9  0  3 12  1]
[test_sample_03688] [T1x_rxn1558] ❌ 错误 | 原子数：13
  - 正确映射：[ 9  0 12  5  6  3  4  8  1 10  7 11  2]
  - 预测映射：[ 9  0 12  5  6  3  8  4 10  1  2 11  7]
[test_sample_03689] [T1x_rxn1559] ❌ 错误 | 原子数：13
  - 正确映射：[ 7  9  1  0  8  6  4  2  5  3 12 10 11]
  - 预测映射：[ 7  9  8  0  1  6  4 12  5 10  2  3 11]
[test_sample_03690] [T1x_rxn1560] ✅ 严格正确 | 原子数：13
[test_sample_03691] [T1x_rxn1561] ❌ 错误 | 原子数：13
  - 正确映射：[ 1 11  7  9  2  4  6  5 10  8 12  0  3]
  - 预测映射：[ 1 11  7  9  2  4  6  5  8  0 10 12  3]
[test_sample_03692] [T1x_rxn1562] ❌ 错误 | 原子数：13
  - 正确映射：[ 6  7  9  3  2  0  8  1 10 11 12  4  5]
  - 预测映射：[ 6  7  9  3  2  0  8  4 11  1 10 12  5]
[test_sample_03693] [T1x_rxn1563] ✅ 严格正确 | 原子数：13
[test_sample_03694] [T1x_rxn1564] ✅ 严格正确 | 原子数：13
[test_sample_03695] [T1x_rxn1678] ❌ 错误 | 原子数：13
  - 正确映射：[ 4  3  9  7  5 10  0 12  8  1  6 11  2]
  - 预测映射：[ 4  3  9  7  5 10  8 12  0  1 11  6  2]
[test_sample_03696] [T1x_rxn1679] ❌ 错误 | 原子数：13
  - 正确映射：[ 3  7  9 10  5  0  6 12  2  4  8  1 11]
  - 预测映射：[ 3  7  9 10  5  0 12  6  2  4  8 11  1]
[test_sample_03697] [T1x_rxn1680] ❌ 错误 | 原子数：13
  - 正确映射：[11  1 10  5  0  8  3  2 12  7  4  9  6]
  - 预测映射：[ 1  0 10  5 11  8  4  9 12  6  2  7  3]
[test_sample_03698] [T1x_rxn1681] ❌ 错误 | 原子数：13
  - 正确映射：[ 2  5  4  8  0  6  7 10 11  9 12  1  3]
  - 预测映射：[ 0  2  4  8  5  6  1 12 10  9 11  3  7]
[test_sample_03699] [T1x_rxn1682] ❌ 错误 | 原子数：13
  - 正确映射：[ 2 10  3 11  6  7  4  0  1  5 12  8  9]
  - 预测映射：[ 2 10  3 11  6  7  1  4  0  5 12  9  8]
[test_sample_03700] [T1x_rxn1683] ❌ 错误 | 原子数：13
  - 正确映射：[ 0  6  7 11  5  3  1  2 10 12  9  8  4]
  - 预测映射：[ 0  6  7 11  5  3  2 10  1 12  9  8  4]
[test_sample_03701] [T1x_rxn1684] ✅ 严格正确 | 原子数：13
[test_sample_03702] [T1x_rxn1685] ❌ 错误 | 原子数：13
  - 正确映射：[ 6  5  0 11 12  1  9  8  3  7  2 10  4]
  - 预测映射：[ 5  6  0 11 12  1  9  8  3  7  2 10  4]
[test_sample_03703] [T1x_rxn1686] ❌ 错误 | 原子数：13
  - 正确映射：[10  6  3  5 12  8  7  0 11  1  2  4  9]
  - 预测映射：[10  6  3  5 12  8  7  0 11  9  2  1  4]
[test_sample_03704] [T1x_rxn1687] ✅ 严格正确 | 原子数：13
[test_sample_03705] [T1x_rxn1688] ✅ 严格正确 | 原子数：13
[test_sample_03706] [T1x_rxn1689] ❌ 错误 | 原子数：13
  - 正确映射：[12  6 11  2  1  8  0  5 10  7  9  3  4]
  - 预测映射：[12  6 11  2  1  8  0  5 10  7  4  9  3]
[test_sample_03707] [T1x_rxn1690] ❌ 错误 | 原子数：13
  - 正确映射：[ 4  0 11  8  6  3 12 10  1  2  7  9  5]
  - 预测映射：[ 4  0 11  8  6  3  1 10 12  7  2  9  5]
[test_sample_03708] [T1x_rxn1691] ✅ 严格正确 | 原子数：13
[test_sample_03709] [T1x_rxn1692] ✅ 严格正确 | 原子数：13
[test_sample_03710] [T1x_rxn1763] ❌ 错误 | 原子数：13
  - 正确映射：[ 7 11 10 12  4  8  0  2  5  9  1  6  3]
  - 预测映射：[ 7 11 10 12  4  8  0  5  2  1  9  3  6]
[test_sample_03711] [T1x_rxn1764] ✅ 严格正确 | 原子数：13
[test_sample_03712] [T1x_rxn1765] ✅ 严格正确 | 原子数：13
[test_sample_03713] [T1x_rxn1766] ❌ 错误 | 原子数：13
  - 正确映射：[ 9  8  4  3 12  5  1 10  7  6  0 11  2]
  - 预测映射：[ 9  8  4  5  3 12  2  1 11  7 10  0  6]
[test_sample_03714] [T1x_rxn1767] ❌ 错误 | 原子数：13
  - 正确映射：[ 6  8 12  1 10  9  4  2  0 11  5  3  7]
  - 预测映射：[ 6  8 12  1 10  9  7  4  0 11  5  3  2]
[test_sample_03715] [T1x_rxn1768] ❌ 错误 | 原子数：13
  - 正确映射：[ 7  4  3  6  2  0 11  9  5  1 10 12  8]
  - 预测映射：[ 7  4  3  6  0  2 11  9 12  8 10  5  1]
[test_sample_03716] [T1x_rxn1769] ❌ 错误 | 原子数：13
  - 正确映射：[10 12  2  3  1  9  8  6  4  7  0  5 11]
  - 预测映射：[10 12  2  9  1  3  8  6 11  0  7  5  4]
[test_sample_03717] [T1x_rxn1770] ✅ 严格正确 | 原子数：13
[test_sample_03718] [T1x_rxn1771] ❌ 错误 | 原子数：13
  - 正确映射：[ 9  4  6  5  3 11 12  1 10  7  8  0  2]
  - 预测映射：[ 9  4  6 11  3  5 12  7  2  8  0 10  1]
[test_sample_03719] [T1x_rxn1857] ❌ 错误 | 原子数：13
  - 正确映射：[ 1 12  2  4 10  5  9  8  3  0  7  6 11]
  - 预测映射：[ 2 12  4 10  1  5 11  7  0  6  9  8  3]
[test_sample_03720] [T1x_rxn1858] ❌ 错误 | 原子数：13
  - 正确映射：[ 1  3  2  4 12  9  8  6 11  0 10  5  7]
  - 预测映射：[ 1  3  2  4 12  9 11  8  6 10  0  5  7]
[test_sample_03721] [T1x_rxn1859] ❌ 错误 | 原子数：13
  - 正确映射：[ 0  7  2 11  3 12  9  6  1 10  5  8  4]
  - 预测映射：[ 0  7  2 11  3 12  9  1  6 10  5  8  4]
[test_sample_03722] [T1x_rxn1860] ✅ 严格正确 | 原子数：13
[test_sample_03723] [T1x_rxn2065] ❌ 错误 | 原子数：13
  - 正确映射：[ 2  3  5  7 11  0  8 10 12  1  6  9  4]
  - 预测映射：[ 2  3  5  7 11  0 10  8 12  1  6  9  4]
[test_sample_03724] [T1x_rxn2066] ❌ 错误 | 原子数：13
  - 正确映射：[ 9  7  1  4  8 12  2 11  0  3 10  5  6]
  - 预测映射：[ 9  7  1  4  8 12  2 11  0  3  5 10  6]
[test_sample_03725] [T1x_rxn2067] ✅ 严格正确 | 原子数：13
[test_sample_03726] [T1x_rxn2068] ✅ 严格正确 | 原子数：13
[test_sample_03727] [T1x_rxn2069] ❌ 错误 | 原子数：13
  - 正确映射：[12  7  3  6  9 10  4  1  0 11  8  2  5]
  - 预测映射：[12  7  3  9  6 10  4  0 11  1  5  2  8]
[test_sample_03728] [T1x_rxn2070] ❌ 错误 | 原子数：13
  - 正确映射：[ 5 12  8  0  1  2 11  6  4  7  9 10  3]
  - 预测映射：[ 8 12  5  0  1  2  4  6  7  9 11 10  3]
[test_sample_03729] [T1x_rxn2071] ❌ 错误 | 原子数：13
  - 正确映射：[ 2  8  7  1  5  6 11  0  3  4  9 10 12]
  - 预测映射：[ 2  8  7  5  1  6  3  0 11  4 12 10  9]
[test_sample_03730] [T1x_rxn2072] ❌ 错误 | 原子数：13
  - 正确映射：[ 1 11 12 10  3  4  6  7  9  5  2  8  0]
  - 预测映射：[ 1 11 12 10  3  4  5  7  6  9  2  0  8]
[test_sample_03731] [T1x_rxn2073] ❌ 错误 | 原子数：13
  - 正确映射：[ 8 10  6  2  7 12  3  4  0  9 11  1  5]
  - 预测映射：[ 8 10  6  2  7 12  3  4 11  9  0  5  1]
[test_sample_03732] [T1x_rxn2074] ❌ 错误 | 原子数：13
  - 正确映射：[ 6 12  2 10  1  5  0  8  4  3 11  7  9]
  - 预测映射：[ 6 12  2 10  1  5 11  8  0  3  9  7  4]
[test_sample_03733] [T1x_rxn2075] ✅ 严格正确 | 原子数：13
[test_sample_03734] [T1x_rxn2076] ✅ 严格正确 | 原子数：13
[test_sample_03735] [T1x_rxn2077] ✅ 严格正确 | 原子数：13
[test_sample_03736] [T1x_rxn2078] ❌ 错误 | 原子数：13
  - 正确映射：[10  2  7  4  5 12  1  8  0  9  6  3 11]
  - 预测映射：[10  2  7  4  5 12  1  8  0  6  9  3 11]
[test_sample_03737] [T1x_rxn2079] ❌ 错误 | 原子数：13
  - 正确映射：[ 1  4 11  5 12  0 10  6  9  2  8  7  3]
  - 预测映射：[ 1  4 11 12  5  0  9  6  2 10  3  7  8]
[test_sample_03738] [T1x_rxn2080] ❌ 错误 | 原子数：13
  - 正确映射：[ 1 12  5  0 10  7  4 11  2  8  3  6  9]
  - 预测映射：[ 1 12  5 10  0  7  4 11  8  2  9  3  6]
[test_sample_03739] [T1x_rxn2154] ✅ 严格正确 | 原子数：13
[test_sample_03740] [T1x_rxn2155] ✅ 严格正确 | 原子数：13
[test_sample_03741] [T1x_rxn2156] ✅ 严格正确 | 原子数：13
[test_sample_03742] [T1x_rxn2157] ❌ 错误 | 原子数：13
  - 正确映射：[10  7 12  6  8 11  9  0  5  1  4  3  2]
  - 预测映射：[10  7 12  6  8 11  9  4  0  5  1  3  2]
[test_sample_03743] [T1x_rxn2158] ❌ 错误 | 原子数：13
  - 正确映射：[ 1  9  3 11  2  0  5 12  6  8 10  4  7]
  - 预测映射：[ 1  9  2 11  3  0 12  6 10  8  5  4  7]
[test_sample_03744] [T1x_rxn2159] ✅ 严格正确 | 原子数：13
[test_sample_03745] [T1x_rxn2160] ✅ 严格正确 | 原子数：13
[test_sample_03746] [T1x_rxn2161] ✅ 严格正确 | 原子数：13
[test_sample_03747] [T1x_rxn2162] ❌ 错误 | 原子数：13
  - 正确映射：[ 2  8 10  4  9  5 11  7  0 12  1  3  6]
  - 预测映射：[ 2  8 10  4  9  5 11 12  0  7  1  3  6]
[test_sample_03748] [T1x_rxn2163] ❌ 错误 | 原子数：13
  - 正确映射：[ 0  2  9 11 12 10  6  5  1  7  3  8  4]
  - 预测映射：[ 0 12  9 11  2 10  5  6  8  1  3  7  4]
[test_sample_03749] [T1x_rxn2187] ❌ 错误 | 原子数：13
  - 正确映射：[12  9 10  5  4  0 11  8  3  1  6  2  7]
  - 预测映射：[12  9 10  5  4  0  3  8 11  6  1  7  2]
[test_sample_03750] [T1x_rxn2188] ❌ 错误 | 原子数：13
  - 正确映射：[10 11  0  9  1  7 12  5  8  3  2  6  4]
  - 预测映射：[10 11  0  9  1  7 12  5  8  3  2  4  6]
[test_sample_03751] [T1x_rxn2189] ❌ 错误 | 原子数：13
  - 正确映射：[ 4 12  9  0  5  3 11  1 10  8  2  6  7]
  - 预测映射：[ 4 12  9  0  5  3  8  1 10  7  2 11  6]
[test_sample_03752] [T1x_rxn2190] ❌ 错误 | 原子数：13
  - 正确映射：[11  0  1  9  3  2  5 12 10  6  4  7  8]
  - 预测映射：[ 9  0 11  1  3  2  6  8  4  5 10 12  7]
[test_sample_03753] [T1x_rxn2191] ❌ 错误 | 原子数：13
  - 正确映射：[ 7  8  1  3  2  0  6 10 11 12  9  5  4]
  - 预测映射：[ 7  8  2  3  1  0 10 11  6  5  4 12  9]
[test_sample_03754] [T1x_rxn2192] ❌ 错误 | 原子数：13
  - 正确映射：[ 4  3  7 12 11  8  9 10  6  1  2  5  0]
  - 预测映射：[ 4  3  7 12 11  8  6 10  9  2  1  0  5]
[test_sample_03755] [T1x_rxn2193] ❌ 错误 | 原子数：13
  - 正确映射：[ 7  6  0  1 12 10  3  2 11  8  4  5  9]
  - 预测映射：[ 7  6  0  1 12 10 11  3  2  8  4  5  9]
[test_sample_03756] [T1x_rxn2194] ❌ 错误 | 原子数：13
  - 正确映射：[ 0  1 12 11  4  2  9  6  7 10  3  5  8]
  - 预测映射：[ 0  1 12 11  4  2  7  6  9  3 10  5  8]
[test_sample_03757] [T1x_rxn2195] ❌ 错误 | 原子数：13
  - 正确映射：[ 6 12  0 11  4  5  9  2  1  7 10  8  3]
  - 预测映射：[ 6 12  0 11  4  5  1  2  9 10  7  3  8]
[test_sample_03758] [T1x_rxn2196] ❌ 错误 | 原子数：13
  - 正确映射：[12  6  3 10  5  7  9  2  4  1  0 11  8]
  - 预测映射：[10  6  3  5 12  7  4  1  2  0  8  9 11]
[test_sample_03759] [T1x_rxn2197] ❌ 错误 | 原子数：13
  - 正确映射：[ 3  0 12  9  2  8 11  1  6  5  4  7 10]
  - 预测映射：[ 3  0 12  9  2  8  6 11  1  5  4  7 10]
[test_sample_03760] [T1x_rxn2198] ❌ 错误 | 原子数：13
  - 正确映射：[ 5  2  0  7 11 10 12  8  9  1  6  4  3]
  - 预测映射：[ 5  2  0  7 11 10 12  9  8  6  1  3  4]
[test_sample_03761] [T1x_rxn2199] ❌ 错误 | 原子数：13
  - 正确映射：[10  3  4  8 11 12  6  1  2  9  0  5  7]
  - 预测映射：[10  3  4  8 11 12  2  6  1  7  0  9  5]
[test_sample_03762] [T1x_rxn2200] ❌ 错误 | 原子数：13
  - 正确映射：[10  1  9  0  2  6  8  3  5 11 12  7  4]
  - 预测映射：[10  1  9  0  2  6  5  3  8 12 11  4  7]
[test_sample_03763] [T1x_rxn2201] ❌ 错误 | 原子数：13
  - 正确映射：[11  6  8  2  7 10  5  9  0  1 12  3  4]
  - 预测映射：[11  6  8  2  7 10  0  5  9  1 12  3  4]
[test_sample_03764] [T1x_rxn2202] ❌ 错误 | 原子数：13
  - 正确映射：[11  6  3 12  1  0  2 10  7  4  5  9  8]
  - 预测映射：[11  6  3 12  1  0 10  7  2  5  4  8  9]
[test_sample_03765] [T1x_rxn2203] ❌ 错误 | 原子数：13
  - 正确映射：[11  1  8  2  3  7  4  0  9 10  6  5 12]
  - 预测映射：[11  1  8  2  3  7  9  0  4 12  6 10  5]
[test_sample_03766] [T1x_rxn2204] ❌ 错误 | 原子数：13
  - 正确映射：[ 3  2  6  8  7  1  0  5 12  4  9 10 11]
  - 预测映射：[ 7  8  6  2  3  1 10  9  4  5  0 11 12]
[test_sample_03767] [T1x_rxn2205] ❌ 错误 | 原子数：13
  - 正确映射：[ 0 10  8  2 11  6  3  9  4  7  1 12  5]
  - 预测映射：[ 0 10  8  2 11  6  9  4  3  1  7  5 12]
[test_sample_03768] [T1x_rxn2206] ✅ 严格正确 | 原子数：13
[test_sample_03769] [T1x_rxn2207] ✅ 严格正确 | 原子数：13
[test_sample_03770] [T1x_rxn2208] ❌ 错误 | 原子数：13
  - 正确映射：[12  7  9  6  5  3  2  4  1 10 11  8  0]
  - 预测映射：[12  7  9  6  5  3  1  4  2 11 10  0  8]
[test_sample_03771] [T1x_rxn2209] ❌ 错误 | 原子数：13
  - 正确映射：[11  8  0  6 10  7 12  5  4  3  9  1  2]
  - 预测映射：[11  8  0  6 10  7  4  5 12  9  3  2  1]
[test_sample_03772] [T1x_rxn2341] ❌ 错误 | 原子数：13
  - 正确映射：[ 3  4 12  6 11  7  0  8  1  9 10  2  5]
  - 预测映射：[ 3  4 12  6 11  7  1  8  0  9 10  2  5]
[test_sample_03773] [T1x_rxn2342] ✅ 严格正确 | 原子数：13
[test_sample_03774] [T1x_rxn2343] ✅ 严格正确 | 原子数：13
[test_sample_03775] [T1x_rxn2344] ❌ 错误 | 原子数：13
  - 正确映射：[ 5 12  2  6  9  0  4  1 11  3  8 10  7]
  - 预测映射：[ 5  6 12  2  9  0  4  3  7 11 10  8  1]
[test_sample_03776] [T1x_rxn2345] ❌ 错误 | 原子数：13
  - 正确映射：[ 8  0  4  6 12  3 11  9  7  5  1  2 10]
  - 预测映射：[ 8  0  4  6 12  3  9  7 11  1 10  5  2]
[test_sample_03777] [T1x_rxn2346] ❌ 错误 | 原子数：13
  - 正确映射：[ 8  2 12  0  5  4  7  1  6  9 11 10  3]
  - 预测映射：[ 8  2 12  0  5  4  7  6  3  1 11  9 10]
[test_sample_03778] [T1x_rxn2347] ❌ 错误 | 原子数：13
  - 正确映射：[ 0 10  7  9  1  3  2  5  8 12 11  6  4]
  - 预测映射：[ 0  9  7  1 10  3  4 11  2 12  8  6  5]
[test_sample_03779] [T1x_rxn2348] ❌ 错误 | 原子数：13
  - 正确映射：[ 8  1  0 11  6 12  7  9  4  5  2 10  3]
  - 预测映射：[ 8  1  0 11  6 12  4  9  7  2  5  3 10]
[test_sample_03780] [T1x_rxn2450] ❌ 错误 | 原子数：13
  - 正确映射：[11 12  1  4  2  9  5  3  0  7 10  8  6]
  - 预测映射：[11 12  1  4  2  9  0  3  5  8 10  7  6]
[test_sample_03781] [T1x_rxn2451] ❌ 错误 | 原子数：13
  - 正确映射：[10  4  6  1 12  9  2  7  0  5  3 11  8]
  - 预测映射：[10  4  6  1 12  9  0  7  2  5 11  3  8]
[test_sample_03782] [T1x_rxn2452] ❌ 错误 | 原子数：13
  - 正确映射：[12  0  5  6 10  4  2  9  1  7  3 11  8]
  - 预测映射：[12  0  5  6 10  4  2  9  1  3  7 11  8]
[test_sample_03783] [T1x_rxn2453] ❌ 错误 | 原子数：13
  - 正确映射：[ 4  9 10  1  3  7  0 12  6  8  5 11  2]
  - 预测映射：[ 4  9 10  1  3  7 12  6  0 11  8  5  2]
[test_sample_03784] [T1x_rxn2454] ✅ 严格正确 | 原子数：13
[test_sample_03785] [T1x_rxn2455] ❌ 错误 | 原子数：13
  - 正确映射：[ 8  0  1  2  6 12  4  7  9 11  3 10  5]
  - 预测映射：[ 8  0  1  2  6 12  5  4  9 10  7 11  3]
[test_sample_03786] [T1x_rxn2456] ✅ 严格正确 | 原子数：13
[test_sample_03787] [T1x_rxn2457] ❌ 错误 | 原子数：13
  - 正确映射：[ 4  0  6  3  7  8 11 12  9 10  2  1  5]
  - 预测映射：[ 4  6  0  3  7  8 10 12  9  1 11  2  5]
[test_sample_03788] [T1x_rxn2458] ❌ 错误 | 原子数：13
  - 正确映射：[ 5  6  1  0  2 12  8 10  4  9 11  3  7]
  - 预测映射：[ 5  6  1  0  2 12  3 10  8 11  4  9  7]
[test_sample_03789] [T1x_rxn2459] ❌ 错误 | 原子数：13
  - 正确映射：[ 3  8  4  9  1 12  7  2  6 11  0  5 10]
  - 预测映射：[ 3  8  4  9  1 12 10  2  6 11  0  5  7]
[test_sample_03790] [T1x_rxn2460] ❌ 错误 | 原子数：13
  - 正确映射：[ 4  0  5 12  9  6 11  8  1  7 10  3  2]
  - 预测映射：[ 4  0  5 12  9  6 11 10  8  2  7  3  1]
[test_sample_03791] [T1x_rxn2461] ❌ 错误 | 原子数：13
  - 正确映射：[ 5  6  9  1  3  4 12  0  8 10  7  2 11]
  - 预测映射：[ 5  6  3  1  9  4  7  0  8 11 12  2 10]
[test_sample_03792] [T1x_rxn2462] ❌ 错误 | 原子数：13
  - 正确映射：[ 5  0  7  4  6  1 11  2  9  8 12  3 10]
  - 预测映射：[ 7  0  5  4  6  1 10 12  8  2  3  9 11]
[test_sample_03793] [T1x_rxn2463] ❌ 错误 | 原子数：13
  - 正确映射：[ 6  5  7 11 12  0  9  8  1  2 10  4  3]
  - 预测映射：[ 6  7  5 11 12  0  1  9  8  2 10  4  3]
[test_sample_03794] [T1x_rxn2464] ❌ 错误 | 原子数：13
  - 正确映射：[ 5  7  9  3  4 10  1  8  0 12  6  2 11]
  - 预测映射：[ 5  7  4  3  9 10 12  0  8 11  1  2  6]
[test_sample_03795] [T1x_rxn2465] ❌ 错误 | 原子数：13
  - 正确映射：[10  3 12  2 11  7  1  8  6  9  4  5  0]
  - 预测映射：[10  3 12  2 11  7  8  1  6  9  4  5  0]
[test_sample_03796] [T1x_rxn2558] ❌ 错误 | 原子数：13
  - 正确映射：[ 5  6  0  2  9 12  3  8  4 10  7 11  1]
  - 预测映射：[ 5  6  0  2 12  9  3  8  4  1 11  7 10]
[test_sample_03797] [T1x_rxn2559] ❌ 错误 | 原子数：13
  - 正确映射：[11 10  8  6  4  0  9  1  2 12  3  7  5]
  - 预测映射：[11 10  8  6  4  0  1  2  9 12  5  7  3]
[test_sample_03798] [T1x_rxn2560] ❌ 错误 | 原子数：13
  - 正确映射：[ 3  5  8  7 12  4  9  1  2  0  6 11 10]
  - 预测映射：[ 3  5  8  7  4 12  9  1  2 10 11  6  0]
[test_sample_03799] [T1x_rxn2561] ❌ 错误 | 原子数：13
  - 正确映射：[ 5 12  8  0  2  1  7  9 10  3  6  4 11]
  - 预测映射：[ 5 12  8  0  2  1 10  9  7  4  6  3 11]
[test_sample_03800] [T1x_rxn2562] ❌ 错误 | 原子数：13
  - 正确映射：[ 5  2 11  9  1 12  3  8  4  6 10  7  0]
  - 预测映射：[ 5  2 11  9  1 12  3  8  4  0  6 10  7]
[test_sample_03801] [T1x_rxn2563] ❌ 错误 | 原子数：13
  - 正确映射：[ 6  3  0  9  2 10  4  7  5 12  1  8 11]
  - 预测映射：[ 6  3  0  9  2 10  7  5  4  8  1 12 11]
[test_sample_03802] [T1x_rxn2564] ❌ 错误 | 原子数：13
  - 正确映射：[ 5  3  2  8  6 11  0 12 10  4  9  7  1]
  - 预测映射：[ 5  3  2  8  6 11  0 12  9  1  4  7 10]
[test_sample_03803] [T1x_rxn2565] ❌ 错误 | 原子数：13
  - 正确映射：[ 1  0  7 10 12 11  5  4  9  8  2  6  3]
  - 预测映射：[ 1  0  7 10 12 11  4  5  9  3  8  2  6]
[test_sample_03804] [T1x_rxn2566] ❌ 错误 | 原子数：13
  - 正确映射：[ 3  6  0  9 12 10  2  4  7  8  5  1 11]
  - 预测映射：[ 3  6  0  9 10 12  2  4  8  1  7  5 11]
[test_sample_03805] [T1x_rxn2567] ❌ 错误 | 原子数：13
  - 正确映射：[ 6 12  0  5  8  9  1  2 11  4 10  7  3]
  - 预测映射：[ 6 12  0  9  5  8  1 10  2 11  7  3  4]
[test_sample_03806] [T1x_rxn2568] ✅ 严格正确 | 原子数：13
[test_sample_03807] [T1x_rxn2636] ✅ 严格正确 | 原子数：13
[test_sample_03808] [T1x_rxn2637] ✅ 严格正确 | 原子数：13
[test_sample_03809] [T1x_rxn2638] ✅ 严格正确 | 原子数：13
[test_sample_03810] [T1x_rxn2639] ❌ 错误 | 原子数：13
  - 正确映射：[ 2 11  4 12  5 10  0  6  8  3  7  9  1]
  - 预测映射：[ 2 11  4 12  5 10  6  9  8  7  0  1  3]
[test_sample_03811] [T1x_rxn2640] ✅ 严格正确 | 原子数：13
[test_sample_03812] [T1x_rxn2695] ❌ 错误 | 原子数：13
  - 正确映射：[ 4  3  6  5  1  9  7 11 12 10  8  2  0]
  - 预测映射：[ 4  3  6  5  1  9  7 12  2 11 10  8  0]
[test_sample_03813] [T1x_rxn2696] ❌ 错误 | 原子数：13
  - 正确映射：[ 4  8  3  1 11  2  9  5 10  6  7 12  0]
  - 预测映射：[ 4  8  3  1 11  2  9  0  5  7 10 12  6]
[test_sample_03814] [T1x_rxn2697] ❌ 错误 | 原子数：13
  - 正确映射：[10  5  1  9  8 12  4  6  3 11  7  0  2]
  - 预测映射：[10  5  9  1  8 12  4  0  6  2 11  3  7]
[test_sample_03815] [T1x_rxn2698] ✅ 严格正确 | 原子数：13
[test_sample_03816] [T1x_rxn2699] ❌ 错误 | 原子数：13
  - 正确映射：[ 2  6 12  4  0  3  8 10  9  5  1  7 11]
  - 预测映射：[ 2  6 12  4  0  3  8  9 10  1  5 11  7]
[test_sample_03817] [T1x_rxn2700] ❌ 错误 | 原子数：13
  - 正确映射：[ 3  8  1 10  2  4  0 12  5 11  7  9  6]
  - 预测映射：[ 3  8  1  2  4 10  0  7 11  9  6 12  5]
[test_sample_03818] [T1x_rxn2701] ❌ 错误 | 原子数：13
  - 正确映射：[11 10  3  8  6  1  2  4  0 12  5  9  7]
  - 预测映射：[11 10  3  6  8  1  2  5  0  7  4  9 12]
[test_sample_03819] [T1x_rxn2769] ❌ 错误 | 原子数：13
  - 正确映射：[ 7 11  5  1  8 10  3  0 12  4  2  6  9]
  - 预测映射：[ 7 11  5 10  8  1 12  3  0  9  6  2  4]
[test_sample_03820] [T1x_rxn2770] ❌ 错误 | 原子数：13
  - 正确映射：[ 7 10 11 12  1  0  9  3  6  2  5  8  4]
  - 预测映射：[ 7 10 11  0  1 12  6  9  3  4  8  5  2]
[test_sample_03821] [T1x_rxn2771] ✅ 严格正确 | 原子数：13
[test_sample_03822] [T1x_rxn2772] ❌ 错误 | 原子数：13
  - 正确映射：[ 4 10  5  8  1  0  2  7 12 11  9  6  3]
  - 预测映射：[ 4 10  5  8  1  0  2 12  7  9 11  3  6]
[test_sample_03823] [T1x_rxn3083] ✅ 严格正确 | 原子数：13
[test_sample_03824] [T1x_rxn3084] ❌ 错误 | 原子数：13
  - 正确映射：[ 1  5  0  3  9  6  4  2 10  8 12  7 11]
  - 预测映射：[ 1  9  5  3  0  6 10  4  8 12  2  7 11]
[test_sample_03825] [T1x_rxn3085] ✅ 严格正确 | 原子数：13
[test_sample_03826] [T1x_rxn3086] ✅ 严格正确 | 原子数：13
[test_sample_03827] [T1x_rxn3087] ❌ 错误 | 原子数：13
  - 正确映射：[ 2  8 12  0  7  6  4  9 10  5 11  3  1]
  - 预测映射：[ 2  8 12  0  7  6  9 10  4  3 11  1  5]
[test_sample_03828] [T1x_rxn3088] ✅ 严格正确 | 原子数：13
[test_sample_03829] [T1x_rxn3089] ✅ 严格正确 | 原子数：13
[test_sample_03830] [T1x_rxn3090] ❌ 错误 | 原子数：13
  - 正确映射：[ 2  1  5  4  9 11 10  6  3  0  8 12  7]
  - 预测映射：[ 2  9  1  4  5 11  3 10  6  7  0 12  8]
[test_sample_03831] [T1x_rxn3091] ✅ 严格正确 | 原子数：13
[test_sample_03832] [T1x_rxn3092] ✅ 严格正确 | 原子数：13
[test_sample_03833] [T1x_rxn3093] ✅ 严格正确 | 原子数：13
[test_sample_03834] [T1x_rxn3094] ❌ 错误 | 原子数：13
  - 正确映射：[ 1  8  9  2  4 11 12  7  3  0  5  6 10]
  - 预测映射：[ 1  4  9  2  8 11 12  3  7 10  5  6  0]
[test_sample_03835] [T1x_rxn3228] ❌ 错误 | 原子数：13
  - 正确映射：[ 0  4  3  6  7 12  5 10 11  1  9  2  8]
  - 预测映射：[ 3  7  4  6  0 12  2  9  5 10 11  8  1]
[test_sample_03836] [T1x_rxn3229] ❌ 错误 | 原子数：13
  - 正确映射：[ 2 11  5  7  8 12 10  9  3  1  6  0  4]
  - 预测映射：[ 5 11  2  7  8 12  6  1  0  9 10  3  4]
[test_sample_03837] [T1x_rxn3230] ❌ 错误 | 原子数：13
  - 正确映射：[12  8  2  5  0  3  6  1 11  4  9 10  7]
  - 预测映射：[ 2  8 12  5  0  3  4  9 10  6 11  1  7]
[test_sample_03838] [T1x_rxn3231] ❌ 错误 | 原子数：13
  - 正确映射：[ 3  0  2  1 12  7  4  9  5  8  6 10 11]
  - 预测映射：[ 3  0  2  1 12  7  4  5 10  6  8 11  9]
[test_sample_03839] [T1x_rxn3232] ✅ 严格正确 | 原子数：13
[test_sample_03840] [T1x_rxn3378] ✅ 严格正确 | 原子数：13
[test_sample_03841] [T1x_rxn3379] ✅ 严格正确 | 原子数：13
[test_sample_03842] [T1x_rxn3380] ❌ 错误 | 原子数：13
  - 正确映射：[11  4  5 10 12  0  3  9  6  1  8  7  2]
  - 预测映射：[11  4  5 10 12  0  3  7  9  6  8  1  2]
[test_sample_03843] [T1x_rxn3381] ❌ 错误 | 原子数：13
  - 正确映射：[ 2  5 11  4  9  0  8  7 10  6  3 12  1]
  - 预测映射：[ 9  2 11  4  5  0  8  1  7 10 12  3  6]
[test_sample_03844] [T1x_rxn3382] ❌ 错误 | 原子数：13
  - 正确映射：[10  9 12  5  8  4  1  2  7  6 11  0  3]
  - 预测映射：[10  9 12  5  8  4  6  2  1 11  0  7  3]
[test_sample_03845] [T1x_rxn3383] ❌ 错误 | 原子数：13
  - 正确映射：[12  2 11  9  1  5  3  0  7  6 10  4  8]
  - 预测映射：[ 2 12 11  9  1  5  7  6 10  0  3  4  8]
[test_sample_03846] [T1x_rxn3384] ✅ 严格正确 | 原子数：13
[test_sample_03847] [T1x_rxn3385] ❌ 错误 | 原子数：13
  - 正确映射：[ 6  8 12  0  7  9  5 10  1  2 11  4  3]
  - 预测映射：[ 6 12  8  0  7  9  4 10  1 11  2  5  3]
[test_sample_03848] [T1x_rxn3386] ❌ 错误 | 原子数：13
  - 正确映射：[ 0  9  5  4  1  2 11 12  8  3 10  6  7]
  - 预测映射：[ 5  9  0  4  1  2 10  6  8  3 11 12  7]
[test_sample_03849] [T1x_rxn3387] ❌ 错误 | 原子数：13
  - 正确映射：[11  6  1 10  8  4 12  0  2  9  7  5  3]
  - 预测映射：[11  8  1 10  6  4  0  2 12  3  5  7  9]
[test_sample_03850] [T1x_rxn3388] ❌ 错误 | 原子数：13
  - 正确映射：[11  3  9  1  2  8  5  6 12 10  0  7  4]
  - 预测映射：[11  3  9  1  2  8  7 10  5  6  0 12  4]
[test_sample_03851] [T1x_rxn3389] ✅ 严格正确 | 原子数：13
[test_sample_03852] [T1x_rxn3390] ❌ 错误 | 原子数：13
  - 正确映射：[10  5  7  6  3  4  8  0  1  9 12 11  2]
  - 预测映射：[10  5  3  6  7  4  9 11  1  8  2  0 12]
[test_sample_03853] [T1x_rxn3391] ❌ 错误 | 原子数：13
  - 正确映射：[11  9  0  4  7  8  6  3  1 12  5 10  2]
  - 预测映射：[11  9  0  4  7  8  2  3  6 12 10  1  5]
[test_sample_03854] [T1x_rxn3392] ✅ 严格正确 | 原子数：13
[test_sample_03855] [T1x_rxn3393] ✅ 严格正确 | 原子数：13
[test_sample_03856] [T1x_rxn3396] ✅ 严格正确 | 原子数：13
[test_sample_03857] [T1x_rxn3397] ❌ 错误 | 原子数：13
  - 正确映射：[ 3 10  0  9 12  4  2  8  6  5 11  1  7]
  - 预测映射：[ 3 10  0  9 12  4  2  6  8 11  5  7  1]
[test_sample_03858] [T1x_rxn3398] ❌ 错误 | 原子数：13
  - 正确映射：[ 0  3  7  5 10  8  9  2  1  6 12 11  4]
  - 预测映射：[ 0  3  7  5  8 10  9  2  1  4 11  6 12]
[test_sample_03859] [T1x_rxn3399] ✅ 严格正确 | 原子数：13
[test_sample_03860] [T1x_rxn3400] ❌ 错误 | 原子数：13
  - 正确映射：[12  3  6  2  0  4  9  8 10 11  5  7  1]
  - 预测映射：[12  3  6  2  4  0  9  8 10  7  1 11  5]
[test_sample_03861] [T1x_rxn3401] ✅ 严格正确 | 原子数：13
[test_sample_03862] [T1x_rxn3402] ❌ 错误 | 原子数：13
  - 正确映射：[ 8  5  0  4  6  9  7  2 11 10  1 12  3]
  - 预测映射：[ 8  5  6  4  0  9  7  1 10 11  2 12  3]
[test_sample_03863] [T1x_rxn3403] ✅ 严格正确 | 原子数：13
[test_sample_03864] [T1x_rxn3404] ❌ 错误 | 原子数：13
  - 正确映射：[ 7  6  5  1  8 10  9  4 11  0  3  2 12]
  - 预测映射：[ 7  6  8  1  5 10  9  2  3 11  4 12  0]
[test_sample_03865] [T1x_rxn3414] ✅ 严格正确 | 原子数：13
[test_sample_03866] [T1x_rxn3415] ❌ 错误 | 原子数：13
  - 正确映射：[ 3  0 11  5 10  9 12  7  2  1  6  4  8]
  - 预测映射：[ 3  0 11  5 10  9  7  6  1  2  4  8 12]
[test_sample_03867] [T1x_rxn3416] ✅ 严格正确 | 原子数：13
[test_sample_03868] [T1x_rxn3417] ❌ 错误 | 原子数：13
  - 正确映射：[11  3 12  2  5 10  1  8  7  9  0  4  6]
  - 预测映射：[11  3 12  2  5 10  8  7  1  9  0  4  6]
[test_sample_03869] [T1x_rxn3418] ❌ 错误 | 原子数：13
  - 正确映射：[12 11 10  3  9  5  2  7  1  4  0  6  8]
  - 预测映射：[12 11 10  3  9  5  7  2  4  1  8  0  6]
[test_sample_03870] [T1x_rxn3419] ✅ 严格正确 | 原子数：13
[test_sample_03871] [T1x_rxn3420] ❌ 错误 | 原子数：13
  - 正确映射：[ 1  2  6  0  8 12  4 10  5  3  9 11  7]
  - 预测映射：[ 1  2  6  0  8 12  4  5 10 11  9  3  7]
[test_sample_03872] [T1x_rxn3421] ❌ 错误 | 原子数：13
  - 正确映射：[ 5  1  4 10  9 11  2 12  6  7  3  8  0]
  - 预测映射：[ 5  1  4 10  9 11  2 12  7  6  8  3  0]
[test_sample_03873] [T1x_rxn3422] ❌ 错误 | 原子数：13
  - 正确映射：[ 4 12  5  9  3  1  0  8  6 11 10  2  7]
  - 预测映射：[ 4 12  5  9  3  1  6  8  0  2 10 11  7]
[test_sample_03874] [T1x_rxn3423] ❌ 错误 | 原子数：13
  - 正确映射：[ 8  0  4  5  7  2  1  9 10 11  3 12  6]
  - 预测映射：[ 8  7  4  5  0  2  1 10  6  9 12  3 11]
[test_sample_03875] [T1x_rxn3424] ✅ 严格正确 | 原子数：13
[test_sample_03876] [T1x_rxn3425] ❌ 错误 | 原子数：13
  - 正确映射：[11  4  9  5  0  6 10  7 12  1  8  2  3]
  - 预测映射：[11  4  9  5  0  6 12  7  2 10  1  8  3]
[test_sample_03877] [T1x_rxn3426] ❌ 错误 | 原子数：13
  - 正确映射：[ 0  3  2 12 10  8  6  4  1 11  5  7  9]
  - 预测映射：[ 2  3  0 12 10  8  5  4  7  6 11  1  9]
[test_sample_03878] [T1x_rxn3427] ❌ 错误 | 原子数：13
  - 正确映射：[ 3  0  6 12  9  4  5  2  7  8  1 11 10]
  - 预测映射：[ 3  0  6 12  9  4  5  7 11  2  8  1 10]
[test_sample_03879] [T1x_rxn3428] ✅ 严格正确 | 原子数：13
[test_sample_03880] [T1x_rxn3612] ✅ 严格正确 | 原子数：13
[test_sample_03881] [T1x_rxn3613] ❌ 错误 | 原子数：13
  - 正确映射：[11  3  9  5  6 10  1  4  7  8  0 12  2]
  - 预测映射：[11  3  9  5  6 10  4  7  1  8  0 12  2]
[test_sample_03882] [T1x_rxn3614] ✅ 严格正确 | 原子数：13
[test_sample_03883] [T1x_rxn3615] ❌ 错误 | 原子数：13
  - 正确映射：[ 3 10  5  7  2  8 12  0  1  9  4 11  6]
  - 预测映射：[ 7 10  5  3  2  8  0  6 11  9  4 12  1]
[test_sample_03884] [T1x_rxn3616] ✅ 严格正确 | 原子数：13
[test_sample_03885] [T1x_rxn3617] ❌ 错误 | 原子数：13
  - 正确映射：[10 12  6  4 11  8  1  7  2  0  3  5  9]
  - 预测映射：[10 12  6  4 11  8  1  2  0  3  7  5  9]
[test_sample_03886] [T1x_rxn3618] ✅ 严格正确 | 原子数：13
[test_sample_03887] [T1x_rxn3619] ❌ 错误 | 原子数：13
  - 正确映射：[ 4  2  0  6 10  7  1  3  9  5 12 11  8]
  - 预测映射：[ 4  2  0  6 10  7  1  5  9  3 11 12  8]
[test_sample_03888] [T1x_rxn3620] ❌ 错误 | 原子数：13
  - 正确映射：[ 6  8  7 10  0 11  9  5  4  2  3 12  1]
  - 预测映射：[10  0  7  8  6 11  1  3 12  5  2  9  4]
[test_sample_03889] [T1x_rxn3621] ❌ 错误 | 原子数：13
  - 正确映射：[ 4 10  6  3  5 11  2  8  9 12  7  1  0]
  - 预测映射：[ 3 10  6  4  5 11  7  1  0 12  2  8  9]
[test_sample_03890] [T1x_rxn3622] ❌ 错误 | 原子数：13
  - 正确映射：[ 6  7  9  0  8  1  3 10 12 11  5  4  2]
  - 预测映射：[ 6  7  9  0  8  1  3 12 10  5 11  4  2]
[test_sample_03891] [T1x_rxn3623] ❌ 错误 | 原子数：13
  - 正确映射：[ 4  7  9 10  0  3  5 12 11  6  2  8  1]
  - 预测映射：[ 4  7  9 10  0  3  6  5 11  2  8 12  1]
[test_sample_03892] [T1x_rxn3624] ❌ 错误 | 原子数：13
  - 正确映射：[ 5  7  4 12  6  9 10  3  1 11  8  0  2]
  - 预测映射：[ 5  7  4 12  6  9 10 11  1  3  0  8  2]
[test_sample_03893] [T1x_rxn3625] ❌ 错误 | 原子数：13
  - 正确映射：[12  1  8  4  9 11  0  2  5  6  3 10  7]
  - 预测映射：[ 1  4  8 12  9 11  3  6  7 10  0  5  2]
[test_sample_03894] [T1x_rxn3626] ❌ 错误 | 原子数：13
  - 正确映射：[11  6 10 12  2  1  0  4  3  9  8  7  5]
  - 预测映射：[11  6 10 12  2  1  4  0  3  9  8  5  7]
[test_sample_03895] [T1x_rxn3653] ✅ 严格正确 | 原子数：13
[test_sample_03896] [T1x_rxn3654] ✅ 严格正确 | 原子数：13
[test_sample_03897] [T1x_rxn3655] ✅ 严格正确 | 原子数：13
[test_sample_03898] [T1x_rxn3656] ❌ 错误 | 原子数：13
  - 正确映射：[ 6  8  0  5  7 11  2 12  9 10  1  3  4]
  - 预测映射：[ 6  0  8  5  7 11  3 12  9  1 10  2  4]
[test_sample_03899] [T1x_rxn3657] ❌ 错误 | 原子数：13
  - 正确映射：[11  0 12  3  4  6  5 10  9  8  2  7  1]
  - 预测映射：[11  0 12  3  4  6  5  1 10  9  2  7  8]
[test_sample_03900] [T1x_rxn3658] ✅ 严格正确 | 原子数：13
[test_sample_03901] [T1x_rxn3659] ❌ 错误 | 原子数：13
  - 正确映射：[ 4  6  7 12  2  5  3 11  0  1  9  8 10]
  - 预测映射：[ 4  6  7 12  2  5  0 11  3  1 10  8  9]
[test_sample_03902] [T1x_rxn3660] ❌ 错误 | 原子数：13
  - 正确映射：[ 1  7  9  3  2 12 11  6  8  5 10  4  0]
  - 预测映射：[ 1  7  9  3  2 12  8  5  0  6  4 10 11]
[test_sample_03903] [T1x_rxn3661] ✅ 严格正确 | 原子数：13
[test_sample_03904] [T1x_rxn3742] ✅ 严格正确 | 原子数：13
[test_sample_03905] [T1x_rxn3743] ✅ 严格正确 | 原子数：13
[test_sample_03906] [T1x_rxn3744] ❌ 错误 | 原子数：13
  - 正确映射：[ 9  1  3  4 12  7  6  0 11  2 10  5  8]
  - 预测映射：[ 9  7  3  4 12  1  6  0  8  5 10  2 11]
[test_sample_03907] [T1x_rxn3745] ❌ 错误 | 原子数：13
  - 正确映射：[ 4 10  9  7  3 11  1  8  6  0 12  2  5]
  - 预测映射：[ 4 10  9  7  3 11  1  8  6  0 12  5  2]
[test_sample_03908] [T1x_rxn3746] ❌ 错误 | 原子数：13
  - 正确映射：[ 4  1  6  5  2  9  7  0 11 10  8 12  3]
  - 预测映射：[ 4  1  6  5  2  9  7  3 10  0  8 12 11]
[test_sample_03909] [T1x_rxn3747] ✅ 严格正确 | 原子数：13
[test_sample_03910] [T1x_rxn3748] ✅ 严格正确 | 原子数：13
[test_sample_03911] [T1x_rxn3749] ✅ 严格正确 | 原子数：13
[test_sample_03912] [T1x_rxn3750] ❌ 错误 | 原子数：13
  - 正确映射：[ 3  5  1  8  4  2 11 12  0  7  6 10  9]
  - 预测映射：[ 2  3  1  5  4  8 11 12  0  7  6 10  9]
[test_sample_03913] [T1x_rxn3751] ❌ 错误 | 原子数：13
  - 正确映射：[11 12  8  4  2  1  9  6  5 10  7  0  3]
  - 预测映射：[ 1 11  8 12  2  4  0  9  5  6  3  7 10]
[test_sample_03914] [T1x_rxn3752] ❌ 错误 | 原子数：13
  - 正确映射：[ 7  3  0  9  6  8  5  1  4 11 10 12  2]
  - 预测映射：[ 8  7  0  3  6  9 12  2  1  5 11 10  4]
[test_sample_03915] [T1x_rxn3753] ❌ 错误 | 原子数：13
  - 正确映射：[12 11  5  1  0  9  6 10  3  8  2  7  4]
  - 预测映射：[12 11  5  1  0  9  4 10  6  3  2  7  8]
[test_sample_03916] [T1x_rxn3754] ❌ 错误 | 原子数：13
  - 正确映射：[ 2  1  0 10  7  3  4 11  8  5  6  9 12]
  - 预测映射：[ 3 10  0  1  7  2 12  9  5  6  8 11  4]
[test_sample_03917] [T1x_rxn3755] ❌ 错误 | 原子数：13
  - 正确映射：[11 10  5  9  2  4 12  8  0  3  1  6  7]
  - 预测映射：[ 4  9  5 10  2 11  7  6 12  1  0  3  8]
[test_sample_03918] [T1x_rxn3756] ❌ 错误 | 原子数：13
  - 正确映射：[ 2  4  1  9  8 12 10  7  5 11  0  3  6]
  - 预测映射：[ 4  9  1 12  8  2  7  5  3  0  6 10 11]
[test_sample_03919] [T1x_rxn3763] ✅ 严格正确 | 原子数：13
[test_sample_03920] [T1x_rxn3764] ✅ 严格正确 | 原子数：13
[test_sample_03921] [T1x_rxn3765] ❌ 错误 | 原子数：13
  - 正确映射：[ 9  5  7  2  3 12 10 11  1  0  4  8  6]
  - 预测映射：[ 9  5  7  2  3 12 10  0  1  6  4  8 11]
[test_sample_03922] [T1x_rxn3766] ❌ 错误 | 原子数：13
  - 正确映射：[12  2 11 10  7  5  4  8  9  0  6  3  1]
  - 预测映射：[12  2 11 10  5  7  8  4  0  9  1  3  6]
[test_sample_03923] [T1x_rxn3767] ✅ 严格正确 | 原子数：13
[test_sample_03924] [T1x_rxn3768] ❌ 错误 | 原子数：13
  - 正确映射：[12  1 10 11  3  7  5  0  6  8  2  9  4]
  - 预测映射：[12  1  7 11  3 10  6  0  5  4  2  9  8]
[test_sample_03925] [T1x_rxn3769] ❌ 错误 | 原子数：13
  - 正确映射：[ 1  4 11  0  3  2  6  7 12 10  8  9  5]
  - 预测映射：[ 1 11  4  0  2  3  6 12  7 10  5  9  8]
[test_sample_03926] [T1x_rxn3770] ✅ 严格正确 | 原子数：13
[test_sample_03927] [T1x_rxn3771] ❌ 错误 | 原子数：13
  - 正确映射：[ 9  7  4  8 11  0  1  3 10  6  2  5 12]
  - 预测映射：[ 9  7  4  8  0 11  1 10  3  6 12  5  2]
[test_sample_03928] [T1x_rxn3772] ❌ 错误 | 原子数：13
  - 正确映射：[ 9  4  8 10  5 12 11  7  2  1  6  3  0]
  - 预测映射：[ 9  4  8 10  5 12  6  7  2  1 11  3  0]
[test_sample_03929] [T1x_rxn4151] ❌ 错误 | 原子数：13
  - 正确映射：[ 3 11  9  8  5  6  1  4  2 10  7  0 12]
  - 预测映射：[ 3 11  9  5  8  6  1  4 10  2  7 12  0]
[test_sample_03930] [T1x_rxn4152] ✅ 严格正确 | 原子数：13
[test_sample_03931] [T1x_rxn4153] ❌ 错误 | 原子数：13
  - 正确映射：[ 1  2  5  7 10  8 12 11  4  0  3  9  6]
  - 预测映射：[ 1 10  5  2  7  8  4 11 12  0  6  9  3]
[test_sample_03932] [T1x_rxn4154] ❌ 错误 | 原子数：13
  - 正确映射：[ 7  6  0  9 10 11  4  1  2 12  3  8  5]
  - 预测映射：[ 7  6  0  9 10 11  4  2  1  3 12  5  8]
[test_sample_03933] [T1x_rxn4155] ✅ 严格正确 | 原子数：13
[test_sample_03934] [T1x_rxn4156] ✅ 严格正确 | 原子数：13
[test_sample_03935] [T1x_rxn4157] ❌ 错误 | 原子数：13
  - 正确映射：[ 5  9  3  1  8  0  4 11 10  6  2  7 12]
  - 预测映射：[ 5  8  3  9  1  0 10  4 11 12  7  6  2]
[test_sample_03936] [T1x_rxn4158] ✅ 严格正确 | 原子数：13
[test_sample_03937] [T1x_rxn4159] ❌ 错误 | 原子数：13
  - 正确映射：[ 3  5  8  9  6  0  2 11 12 10  1  4  7]
  - 预测映射：[ 9  5  8  3  6  0 10  7  4  1 11 12  2]
[test_sample_03938] [T1x_rxn4178] ✅ 严格正确 | 原子数：13
[test_sample_03939] [T1x_rxn4179] ❌ 错误 | 原子数：13
  - 正确映射：[ 1  9  3  6  2  8  5 12  0  7 10 11  4]
  - 预测映射：[ 1  3  9  6  2  8 12  0  4  7  5 10 11]
[test_sample_03940] [T1x_rxn4180] ✅ 严格正确 | 原子数：13
[test_sample_03941] [T1x_rxn4181] ✅ 严格正确 | 原子数：13
[test_sample_03942] [T1x_rxn4182] ✅ 严格正确 | 原子数：13
[test_sample_03943] [T1x_rxn4183] ❌ 错误 | 原子数：13
  - 正确映射：[11 10  8  5  2  7  1  4  9  0  3 12  6]
  - 预测映射：[11 10  8  5  2  7  1  9  4  3  6 12  0]
[test_sample_03944] [T1x_rxn4184] ✅ 严格正确 | 原子数：13
[test_sample_03945] [T1x_rxn4185] ✅ 严格正确 | 原子数：13
[test_sample_03946] [T1x_rxn4186] ✅ 严格正确 | 原子数：13
[test_sample_03947] [T1x_rxn4564] ❌ 错误 | 原子数：13
  - 正确映射：[ 6  4  1  3  8  5  2 12  9 11 10  7  0]
  - 预测映射：[ 6  4  1  3  8  5  2 12  9 11 10  0  7]
[test_sample_03948] [T1x_rxn4565] ✅ 严格正确 | 原子数：13
[test_sample_03949] [T1x_rxn4566] ❌ 错误 | 原子数：13
  - 正确映射：[10 11  9  0 12  8  7  6  5  4  3  1  2]
  - 预测映射：[10 11  9  0 12  8  7  6  5  3  4  1  2]
[test_sample_03950] [T1x_rxn4567] ✅ 严格正确 | 原子数：13
[test_sample_03951] [T1x_rxn4568] ✅ 严格正确 | 原子数：13
[test_sample_03952] [T1x_rxn4569] ❌ 错误 | 原子数：13
  - 正确映射：[ 2  8  0  9 12  3 11  5  7 10  6  1  4]
  - 预测映射：[ 2  8  0  9 12  3  7  5 11  6 10  1  4]
[test_sample_03953] [T1x_rxn4570] ❌ 错误 | 原子数：13
  - 正确映射：[ 4  3  2 12  8  5 10 11  9  1  6  7  0]
  - 预测映射：[ 2  3 12  4  8  5  1  6  7  9 10  0 11]
[test_sample_03954] [T1x_rxn4627] ✅ 严格正确 | 原子数：13
[test_sample_03955] [T1x_rxn4628] ❌ 错误 | 原子数：13
  - 正确映射：[ 4  0  5 11 10  7 12  2  3  8  1  6  9]
  - 预测映射：[ 4  0  5 11 10  7 12  2  3  8  1  9  6]
[test_sample_03956] [T1x_rxn4629] ✅ 严格正确 | 原子数：13
[test_sample_03957] [T1x_rxn4630] ❌ 错误 | 原子数：13
  - 正确映射：[ 9 12  4 11  3 10  8  1  7  2  5  6  0]
  - 预测映射：[ 9 12  4 11  3 10  7  8  1  2  5  6  0]
[test_sample_03958] [T1x_rxn4631] ❌ 错误 | 原子数：13
  - 正确映射：[ 9  2  6  4  1 12 11  8  5  7 10  0  3]
  - 预测映射：[ 9  2  6  4  1 12  7  8  5 11 10  3  0]
[test_sample_03959] [T1x_rxn4632] ✅ 严格正确 | 原子数：13
[test_sample_03960] [T1x_rxn4633] ❌ 错误 | 原子数：13
  - 正确映射：[ 7  6 10  9  1  8  4  0 11  3 12  5  2]
  - 预测映射：[ 6  9 10  1  7  8  4 11  3 12  5  2  0]
[test_sample_03961] [T1x_rxn4634] ❌ 错误 | 原子数：13
  - 正确映射：[ 7  6  0  2  9  5  1 11 12  4  3 10  8]
  - 预测映射：[ 7  6  0  2  9  5  1 10 11  4 12  3  8]
[test_sample_03962] [T1x_rxn4755] ❌ 错误 | 原子数：13
  - 正确映射：[11  1  4  3  5  9  6 10  2  7  8 12  0]
  - 预测映射：[11  1  4  9  5  3  6  0 10  8  7  2 12]
[test_sample_03963] [T1x_rxn4756] ✅ 严格正确 | 原子数：13
[test_sample_03964] [T1x_rxn4757] ❌ 错误 | 原子数：13
  - 正确映射：[ 5  3  7 10 11  0  4 12  8  2  6  9  1]
  - 预测映射：[ 5  3  7  0 11 10  1  9  4  6  8 12  2]
[test_sample_03965] [T1x_rxn4758] ❌ 错误 | 原子数：13
  - 正确映射：[ 0  4 11 10  7  5  9  2  3  6  8  1 12]
  - 预测映射：[ 0  4 11  5  7 10  9 12  8  1  6  3  2]
[test_sample_03966] [T1x_rxn4759] ✅ 严格正确 | 原子数：13
[test_sample_03967] [T1x_rxn4760] ❌ 错误 | 原子数：13
  - 正确映射：[ 7  5 12  2  3  4  6  8  0 10  1  9 11]
  - 预测映射：[ 7  5 12  2  3  4  6 10  8  9  0  1 11]
[test_sample_03968] [T1x_rxn4761] ❌ 错误 | 原子数：13
  - 正确映射：[11  2  6  3  9 10  8  4  7  5  1  0 12]
  - 预测映射：[11  3  6  2 10  9  7  8  4  0 12  5  1]
[test_sample_03969] [T1x_rxn4806] ❌ 错误 | 原子数：13
  - 正确映射：[ 8  3  7  2  9 10 12  5 11  1  4  0  6]
  - 预测映射：[ 8  7  3  2  9 10  0  5 11  4  1 12  6]
[test_sample_03970] [T1x_rxn4807] ❌ 错误 | 原子数：13
  - 正确映射：[11  7  0 12  5  1  9  8  4 10  6  3  2]
  - 预测映射：[11  7  0 12  5  1  3  9  4 10  6  8  2]
[test_sample_03971] [T1x_rxn4808] ✅ 严格正确 | 原子数：13
[test_sample_03972] [T1x_rxn4809] ❌ 错误 | 原子数：13
  - 正确映射：[ 1  0  3 12  2  5  6  8  9  7  4 11 10]
  - 预测映射：[ 0  1  3 12  2  5  6  8  7 10  9 11  4]
[test_sample_03973] [T1x_rxn4810] ❌ 错误 | 原子数：13
  - 正确映射：[11  1  0  8  3  5  6  9 12  2  7 10  4]
  - 预测映射：[11  1  0  8  3  5  9 12  6  2  7 10  4]
[test_sample_03974] [T1x_rxn8972] ❌ 错误 | 原子数：13
  - 正确映射：[ 6  3  8  7 12 10  1  0  5  4  2  9 11]
  - 预测映射：[ 6  3  8  7 12 10  0  1  4  5  9  2 11]
[test_sample_03975] [T1x_rxn8973] ❌ 错误 | 原子数：13
  - 正确映射：[12  7  3  1  6  5  2  9 10  4  8 11  0]
  - 预测映射：[12  7  3  1  6  5  9  2  4 10 11  8  0]
[test_sample_03976] [T1x_rxn8974] ❌ 错误 | 原子数：13
  - 正确映射：[10  0 11  6  2  9  4  8  5 12  7  1  3]
  - 预测映射：[10  0 11  6  2  9  8  4  7 12  5  1  3]
[test_sample_03977] [T1x_rxn8975] ❌ 错误 | 原子数：13
  - 正确映射：[ 0  6  9 10  8  2 11  4 12  1  5  3  7]
  - 预测映射：[ 0  6  9 10  8  2 11  4 12  1  5  7  3]
[test_sample_03978] [T1x_rxn8998] ✅ 严格正确 | 原子数：13
[test_sample_03979] [T1x_rxn9075] ❌ 错误 | 原子数：13
  - 正确映射：[ 4  1 12  0  9  8  3  6  5  2 10  7 11]
  - 预测映射：[ 4 12  1  9  0  8  6  3  5  7 11  2 10]
[test_sample_03980] [T1x_rxn9097] ❌ 错误 | 原子数：13
  - 正确映射：[11  4  9  5  2  8  7  3 12 10  1  6  0]
  - 预测映射：[ 4  2 11  5  9  8  0 10  7  1 12  3  6]
[test_sample_03981] [T1x_rxn9143] ❌ 错误 | 原子数：13
  - 正确映射：[ 3  2 10  1  5 11  9  0 12  6  7  4  8]
  - 预测映射：[ 3  2 10 11  1  5  0  9  8 12  4  6  7]
[test_sample_03982] [T1x_rxn9148] ❌ 错误 | 原子数：13
  - 正确映射：[11  3 10  0  8  2  9 12  1  7  6  5  4]
  - 预测映射：[11  3 10  0  8  2  9 12  1  4  7  6  5]
[test_sample_03983] [T1x_rxn9181] ❌ 错误 | 原子数：13
  - 正确映射：[ 2  6  9  3 11 12  7  5  8  4 10  0  1]
  - 预测映射：[ 2  6  9  3 11 12  4  7  8  5 10  0  1]
[test_sample_03984] [T1x_rxn9182] ❌ 错误 | 原子数：13
  - 正确映射：[ 4  6  1 11  3 10  5  8  7  0  2  9 12]
  - 预测映射：[ 1  6  4 11  3 10  0  8  7  5  2  9 12]
[test_sample_03985] [T1x_rxn9189] ❌ 错误 | 原子数：13
  - 正确映射：[ 2  6 11  7  4  3  5  8  0 10  9  1 12]
  - 预测映射：[ 2  4 11  7  6  3  5  0 12  8 10  1  9]
[test_sample_03986] [T1x_rxn9193] ❌ 错误 | 原子数：13
  - 正确映射：[11  8  9  5 12  3  2  6  0  7  1 10  4]
  - 预测映射：[11  8  9  5 12  3  0  2  6  1  7 10  4]
[test_sample_03987] [T1x_rxn9211] ❌ 错误 | 原子数：13
  - 正确映射：[12  4 10  6  7  2  0  8  9  3  1  5 11]
  - 预测映射：[12  4  7 10  6  2  8  9 11  0  5  1  3]
[test_sample_03988] [T1x_rxn9212] ❌ 错误 | 原子数：13
  - 正确映射：[ 6  7  0  9  4  5  2 10  1  3  8 12 11]
  - 预测映射：[ 6  7  0  4  9  5  2 10 12  8  1  3 11]
[test_sample_03989] [T1x_rxn9213] ❌ 错误 | 原子数：13
  - 正确映射：[ 4 12  6 11 10  8  9  7  3  1  5  0  2]
  - 预测映射：[ 4 11 12  6 10  8  9  0  2  7  3  1  5]
[test_sample_03990] [T1x_rxn9232] ❌ 错误 | 原子数：13
  - 正确映射：[ 3  6  1  0 10  2  5  9  4 11  8 12  7]
  - 预测映射：[ 3  6  1  0 10  2  7  9  5  8  4 12 11]
[test_sample_03991] [T1x_rxn9245] ❌ 错误 | 原子数：13
  - 正确映射：[ 2  5  4  1  0 11  3  9 12  8  7 10  6]
  - 预测映射：[ 2  5  4 11  0  1  3  9 10  8  7  6 12]
[test_sample_03992] [T1x_rxn9260] ❌ 错误 | 原子数：13
  - 正确映射：[12  3  8  2  1  6  0 10  4  7  9 11  5]
  - 预测映射：[12  3  1  2  8  6  0 10  4 11  9  5  7]
[test_sample_03993] [T1x_rxn9261] ✅ 严格正确 | 原子数：13
[test_sample_03994] [T1x_rxn9300] ❌ 错误 | 原子数：13
  - 正确映射：[ 6  0  2 12  4  8  7  1  5  3 10  9 11]
  - 预测映射：[ 2  0  6 12  4  8  9 10  5  3  1  7 11]
[test_sample_03995] [T1x_rxn9341] ❌ 错误 | 原子数：13
  - 正确映射：[ 3  9  1  7  4  5  2 11  6 10 12  0  8]
  - 预测映射：[ 3  9  4  7  1  5  2 11  6 10  0  8 12]
[test_sample_03996] [T1x_rxn9342] ❌ 错误 | 原子数：13
  - 正确映射：[ 2  5  6 10 11  3  9  7  0  1  4 12  8]
  - 预测映射：[ 2  5  6 10 11  3  1  7  9  0  4 12  8]
[test_sample_03997] [T1x_rxn9343] ✅ 严格正确 | 原子数：13
[test_sample_03998] [T1x_rxn9362] ❌ 错误 | 原子数：13
  - 正确映射：[ 2  3  1  7  4  8  0  6 12 11 10  9  5]
  - 预测映射：[ 2  3  1  7  4  8 12  0  6 11 10  5  9]
[test_sample_03999] [T1x_rxn9363] ❌ 错误 | 原子数：13
  - 正确映射：[ 8 12 10  7  5 11  4  6  3  0  9  2  1]
  - 预测映射：[ 8 12 10  7  5 11  4  6  3  0  9  1  2]
[test_sample_04000] [T1x_rxn9381] ❌ 错误 | 原子数：13
  - 正确映射：[ 7  9  0 12  6  1  2  3  4 10  5  8 11]
  - 预测映射：[ 7  9  0 12  6  1  3  2  4 10  5  8 11]
[test_sample_04001] [T1x_rxn9382] ✅ 严格正确 | 原子数：13
[test_sample_04002] [T1x_rxn9417] ✅ 严格正确 | 原子数：13
[test_sample_04003] [T1x_rxn9418] ❌ 错误 | 原子数：13
  - 正确映射：[ 9 11  7  1  3  8  5 12  2  4  0  6 10]
  - 预测映射：[ 1 11  7  9  3  8  6  4 10  5  0  2 12]
[test_sample_04004] [T1x_rxn9419] ✅ 严格正确 | 原子数：13
[test_sample_04005] [T1x_rxn9450] ❌ 错误 | 原子数：13
  - 正确映射：[ 1  2  7 10 11  5 12  6  0  9  3  4  8]
  - 预测映射：[ 1  2  7 10 11  5  6  0 12  3  4  9  8]
[test_sample_04006] [T1x_rxn9451] ❌ 错误 | 原子数：13
  - 正确映射：[ 7 10  1 11  3  2  4  9  8  0  5  6 12]
  - 预测映射：[ 7 10  3 11  1  2  4  8  9  6 12  5  0]
[test_sample_04007] [T1x_rxn5026] ✅ 严格正确 | 原子数：14
[test_sample_04008] [T1x_rxn5027] ❌ 错误 | 原子数：14
  - 正确映射：[ 6  5  1 11  2  9 10  7 13 12  8  3  0  4]
  - 预测映射：[ 6  5  1 11  2  9 10 13  7 12  3  8  4  0]
[test_sample_04009] [T1x_rxn5028] ❌ 错误 | 原子数：14
  - 正确映射：[ 9  3  4 13  1  8  6  5 10  0  2 11 12  7]
  - 预测映射：[ 9  3  4 13  1  8  6 10  0  7  2 11  5 12]
[test_sample_04010] [T1x_rxn5029] ❌ 错误 | 原子数：14
  - 正确映射：[ 6 10  7  8  0  3  5 12  2  1  9 13 11  4]
  - 预测映射：[ 7 10  6  8  0  3  5 12  2  1  9 11 13  4]
[test_sample_04011] [T1x_rxn5030] ✅ 严格正确 | 原子数：14
[test_sample_04012] [T1x_rxn5031] ❌ 错误 | 原子数：14
  - 正确映射：[ 2 12  6 10  4 11  0  8  7  1  5 13  9  3]
  - 预测映射：[ 6 12 10  2  0 11  4 13  8  5  7  1  3  9]
[test_sample_04013] [T1x_rxn5529] ❌ 错误 | 原子数：14
  - 正确映射：[ 1  7  6 11 10  3  2  8 12  5  4  9 13  0]
  - 预测映射：[ 2  3 10 11  6  7  1  8 13  0 12  9  5  4]
[test_sample_04014] [T1x_rxn5530] ✅ 严格正确 | 原子数：14
[test_sample_04015] [T1x_rxn5531] ✅ 严格正确 | 原子数：14
[test_sample_04016] [T1x_rxn5532] ❌ 错误 | 原子数：14
  - 正确映射：[ 7  0 10  4 11  2 13  5  6  1  3  8 12  9]
  - 预测映射：[13 11 10  4  0  2  7 12  9  8  3  1  5  6]
[test_sample_04017] [T1x_rxn5533] ❌ 错误 | 原子数：14
  - 正确映射：[ 4  2  0 11 13  5  7  3 10  1  9  8 12  6]
  - 预测映射：[ 7  5 13 11  0  2  4 10  3 12  6  8  1  9]
[test_sample_04018] [T1x_rxn5534] ✅ 严格正确 | 原子数：14
[test_sample_04019] [T1x_rxn5535] ✅ 严格正确 | 原子数：14
[test_sample_04020] [T1x_rxn5536] ✅ 严格正确 | 原子数：14
[test_sample_04021] [T1x_rxn5537] ❌ 错误 | 原子数：14
  - 正确映射：[ 3  1  5  4  6 12 13 10 11  2  0  8  9  7]
  - 预测映射：[13  6  5  4  1 12  3  7  9  0  2  8 11 10]
[test_sample_04022] [T1x_rxn5538] ❌ 错误 | 原子数：14
  - 正确映射：[ 9  1  0  4 12  8  2  7  3  6 13 11  5 10]
  - 预测映射：[ 2  8 12  4  0  1  9  7  3 10  5 11 13  6]
[test_sample_04023] [T1x_rxn5539] ❌ 错误 | 原子数：14
  - 正确映射：[ 6 13  4  2  3 10 12  9  0  7  5  8 11  1]
  - 预测映射：[12 10  3  2  4 13  6  9  0  1 11  8  5  7]
[test_sample_04024] [T1x_rxn5540] ❌ 错误 | 原子数：14
  - 正确映射：[13 12  5  8  1  2 11  6  4  0  3  9 10  7]
  - 预测映射：[13 12  5  8  1  2 11  6  4  0  3 10  9  7]
[test_sample_04025] [T1x_rxn5541] ❌ 错误 | 原子数：14
  - 正确映射：[10  9  0  5  8 12  2  4  1  3 13  7 11  6]
  - 预测映射：[10  9  0  5  8 12  2  4  1  7  3 13 11  6]
[test_sample_04026] [T1x_rxn5542] ❌ 错误 | 原子数：14
  - 正确映射：[ 4 11 10  5  3  2  6  8  7  1  9 12  0 13]
  - 预测映射：[ 4 11 10  5  3  2  6  8 13  7  1 12  9  0]
[test_sample_04027] [T1x_rxn5543] ✅ 严格正确 | 原子数：14
[test_sample_04028] [T1x_rxn5544] ❌ 错误 | 原子数：14
  - 正确映射：[12  9  4  3  2  5  0  1  7  8 11  6 10 13]
  - 预测映射：[ 0  5  2  3  4  9 12 13  8  6 10 11  1  7]
[test_sample_04029] [T1x_rxn5545] ❌ 错误 | 原子数：14
  - 正确映射：[ 1 11  9  5  3  4  2  6  8  7 10 12 13  0]
  - 预测映射：[ 2  4  3  5  9 11  1  8 10 13  0 12  6  7]
[test_sample_04030] [T1x_rxn5971] ❌ 错误 | 原子数：14
  - 正确映射：[ 2 13  9 11  3  0  5 10  8  7  4 12  6  1]
  - 预测映射：[ 2 13  9 11  3  0  5 10  8  4  7  1  6 12]
[test_sample_04031] [T1x_rxn5972] ❌ 错误 | 原子数：14
  - 正确映射：[ 3 12  4  8 13  0  7 10  5  2 11  6  1  9]
  - 预测映射：[ 3 12  4  8 13  0  7 10  6  5  2  1 11  9]
[test_sample_04032] [T1x_rxn5973] ✅ 严格正确 | 原子数：14
[test_sample_04033] [T1x_rxn5974] ❌ 错误 | 原子数：14
  - 正确映射：[10  2  3 12 13  4  9  1  0  7  6  5  8 11]
  - 预测映射：[10  2  3 12  4 13  9  7  0  1  6 11  8  5]
[test_sample_04034] [T1x_rxn5975] ❌ 错误 | 原子数：14
  - 正确映射：[ 1  7  6 11 10 13  5 12  2  9  4  3  0  8]
  - 预测映射：[ 1  7  6 11 10 13  5 12  3  2  9  0  8  4]
[test_sample_04035] [T1x_rxn5976] ✅ 严格正确 | 原子数：14
[test_sample_04036] [T1x_rxn5977] ❌ 错误 | 原子数：14
  - 正确映射：[ 0 10  7  9  1  3  6 11  4  2  5 12  8 13]
  - 预测映射：[10  1  7  9  3  0  6 12  8 13  5 11  4  2]
[test_sample_04037] [T1x_rxn5978] ❌ 错误 | 原子数：14
  - 正确映射：[10 13  1 12 11  7  6  4  2  8  0  3  5  9]
  - 预测映射：[10 13  1 12 11  7  6  8  2  4  0  5  9  3]
[test_sample_04038] [T1x_rxn5979] ✅ 严格正确 | 原子数：14
[test_sample_04039] [T1x_rxn5980] ❌ 错误 | 原子数：14
  - 正确映射：[ 6  4 10 12  0 13  1  8  2  9  7 11  5  3]
  - 预测映射：[13  4 10 12  0  6  1  5  3 11  7  9  2  8]
[test_sample_04040] [T1x_rxn5981] ❌ 错误 | 原子数：14
  - 正确映射：[ 1 11  6  4 10  5  7  8  9  2  0 12  3 13]
  - 预测映射：[ 1 11  6  4  5 10  7  8  2  9  0  3 13 12]
[test_sample_04041] [T1x_rxn6241] ✅ 严格正确 | 原子数：14
[test_sample_04042] [T1x_rxn6242] ✅ 严格正确 | 原子数：14
[test_sample_04043] [T1x_rxn6243] ❌ 错误 | 原子数：14
  - 正确映射：[ 6 12  1  8 13  4 11  0  3  7  5 10  9  2]
  - 预测映射：[ 1 12  6  8 13  4 11 10  9  5  2  7  3  0]
[test_sample_04044] [T1x_rxn6244] ✅ 严格正确 | 原子数：14
[test_sample_04045] [T1x_rxn6245] ❌ 错误 | 原子数：14
  - 正确映射：[11 12 10  1  7  3  4  6  8  0  5  9 13  2]
  - 预测映射：[12 11 10  1  7  3  4  5  8  0  6 13  2  9]
[test_sample_04046] [T1x_rxn6246] ❌ 错误 | 原子数：14
  - 正确映射：[ 3  5  9  6 13  8  0  4 10  2  7 11 12  1]
  - 预测映射：[ 3  5  9  6 13  0  8  4 10  2  7 11 12  1]
[test_sample_04047] [T1x_rxn6247] ✅ 严格正确 | 原子数：14
[test_sample_04048] [T1x_rxn6248] ❌ 错误 | 原子数：14
  - 正确映射：[ 8  4  5  0 12  3  2 13  9  7  6 11 10  1]
  - 预测映射：[ 8  4  5  0 12  3  2 11 13  7  9 10  6  1]
[test_sample_04049] [T1x_rxn6249] ❌ 错误 | 原子数：14
  - 正确映射：[ 6 11  5  3 12  8  0  7  4  1 13  2 10  9]
  - 预测映射：[ 5 11  6  3 12  8  0  2 10 13  9  1  4  7]
[test_sample_04050] [T1x_rxn6250] ❌ 错误 | 原子数：14
  - 正确映射：[ 8  2  5 10 12  4  6 11  7  3 13  0  1  9]
  - 预测映射：[ 8  2  5 10 12  4  6 13  7  3 11  1  0  9]
[test_sample_04051] [T1x_rxn6251] ❌ 错误 | 原子数：14
  - 正确映射：[12  0 10 13  2 11  5  1  4  3  6  9  8  7]
  - 预测映射：[ 0 12 10 13  2 11  5  6  4  3  1  9  7  8]
[test_sample_04052] [T1x_rxn6252] ❌ 错误 | 原子数：14
  - 正确映射：[ 6  4 10 11  3  5  9  1 13 12  8  7  0  2]
  - 预测映射：[ 6  4 10 11  3  5  9  1 13 12  8  0  2  7]
[test_sample_04053] [T1x_rxn6253] ❌ 错误 | 原子数：14
  - 正确映射：[13 10  4  0  6 11  8  5  1  9 12  7  3  2]
  - 预测映射：[ 4 10 13  0  6 11  8  3 12  7  1  9  5  2]
[test_sample_04054] [T1x_rxn6254] ❌ 错误 | 原子数：14
  - 正确映射：[ 6  5  7 12 11  4  1  2 10  9  8  0  3 13]
  - 预测映射：[ 6  7 11 12  5  4  1 10  9  2  3 13  0  8]
[test_sample_04055] [T1x_rxn6313] ❌ 错误 | 原子数：14
  - 正确映射：[12  6  5  4  2 10  8  9 13  1 11  0  3  7]
  - 预测映射：[ 8 10  5  4  6  2 12  1  0 13 11  9  3  7]
[test_sample_04056] [T1x_rxn6314] ❌ 错误 | 原子数：14
  - 正确映射：[ 7  4 12 11  1  5 10  3  9  0  6  2 13  8]
  - 预测映射：[10  1 12 11  5  4  7  2 13  0  6  3  9  8]
[test_sample_04057] [T1x_rxn6315] ❌ 错误 | 原子数：14
  - 正确映射：[ 1  5  8  0  4  6 11 12 10  7 13  3  9  2]
  - 预测映射：[11  4  8  0  5  6  1  3  9  7 13 12 10  2]
[test_sample_04058] [T1x_rxn6316] ❌ 错误 | 原子数：14
  - 正确映射：[13  2  6  9  1  4  7 12  5 11  0  3 10  8]
  - 预测映射：[13  2  6  9  1  4  7  5  0 11  3 12 10  8]
[test_sample_04059] [T1x_rxn6317] ❌ 错误 | 原子数：14
  - 正确映射：[ 9  6  2 10  8  1 11 13  0  3  7  4 12  5]
  - 预测映射：[11  1  2 10  8  6  9  3  4 13  7  0 12  5]
[test_sample_04060] [T1x_rxn6318] ❌ 错误 | 原子数：14
  - 正确映射：[12  8  5  1  3  4  0 10 11  2  6  7  9 13]
  - 预测映射：[ 0  3  5  1  8  4 12  7  9  2  6 10 11 13]
[test_sample_04061] [T1x_rxn6319] ✅ 严格正确 | 原子数：14
[test_sample_04062] [T1x_rxn6320] ❌ 错误 | 原子数：14
  - 正确映射：[ 7  5 11  4  0  6 12  8 10  2  9  1 13  3]
  - 预测映射：[ 7  5 11  4  0  6 12  8 10  9  2  1 13  3]
[test_sample_04063] [T1x_rxn6321] ✅ 严格正确 | 原子数：14
[test_sample_04064] [T1x_rxn6322] ❌ 错误 | 原子数：14
  - 正确映射：[ 8 12  9  6  7 13 11  1  0  5  4  2  3 10]
  - 预测映射：[ 8  9 12  6  7 13 11  5  1  4  0  2  3 10]
[test_sample_04065] [T1x_rxn6968] ✅ 严格正确 | 原子数：14
[test_sample_04066] [T1x_rxn6969] ❌ 错误 | 原子数：14
  - 正确映射：[ 5  3 11  1  6 12 10 13  8  4  7  2  0  9]
  - 预测映射：[ 5  3 11  1  6 12 10  7  8  4 13  2  0  9]
[test_sample_04067] [T1x_rxn6970] ❌ 错误 | 原子数：14
  - 正确映射：[ 8  9  5 11  4  7 10  6  0 12  1  3 13  2]
  - 预测映射：[ 8  9  5 11  4  7 10  6  0 12  3  2  1 13]
[test_sample_04068] [T1x_rxn6971] ❌ 错误 | 原子数：14
  - 正确映射：[12 13  4  3  2 10  6  0  5  7  8  1 11  9]
  - 预测映射：[12 13  4  3  2 10  6  5  1  7  8  0  9 11]
[test_sample_04069] [T1x_rxn6972] ❌ 错误 | 原子数：14
  - 正确映射：[ 5  8 10 13  9  7  0  1  3  2 12  4 11  6]
  - 预测映射：[ 5  8 10 13  9  7  0  2  3 12  4  1 11  6]
[test_sample_04070] [T1x_rxn6973] ❌ 错误 | 原子数：14
  - 正确映射：[ 9  1  0 13  7  4 12  5  8  6  2  3 10 11]
  - 预测映射：[ 9  1  0 13  7  4 12  3  5  6  8  2 10 11]
[test_sample_04071] [T1x_rxn6974] ❌ 错误 | 原子数：14
  - 正确映射：[ 9  0 10  3  2 13  7  8  6 12  5 11  1  4]
  - 预测映射：[ 9  0 10  3  2 13  7  5  6  8 12 11  1  4]
[test_sample_04072] [T1x_rxn6975] ❌ 错误 | 原子数：14
  - 正确映射：[ 5  3  9  8  1 12 13  0 10  7 11  6  4  2]
  - 预测映射：[ 5  3  1 12  9  8 13  0  7 10 11  6  4  2]
[test_sample_04073] [T1x_rxn6976] ❌ 错误 | 原子数：14
  - 正确映射：[12  2  3  1 10  8  0 13  9  7 11  4  5  6]
  - 预测映射：[ 3 10  2  1 12  8  0  4  5  6  9 11  7 13]
[test_sample_04074] [T1x_rxn6977] ❌ 错误 | 原子数：14
  - 正确映射：[12  4 11  9  8 10  7  0  3  2  5  1  6 13]
  - 预测映射：[ 8  4 11  9 12 10  7  2  1  6  3  5 13  0]
[test_sample_04075] [T1x_rxn6978] ✅ 严格正确 | 原子数：14
[test_sample_04076] [T1x_rxn6979] ❌ 错误 | 原子数：14
  - 正确映射：[ 8  6  2  0  4  3 10  5  7 13  9  1 11 12]
  - 预测映射：[ 8  6  2  0  4  3 10  5  7 13 12  1  9 11]
[test_sample_04077] [T1x_rxn6980] ❌ 错误 | 原子数：14
  - 正确映射：[ 7  6 10  3  8  0  1  4  9 12 13  2  5 11]
  - 预测映射：[ 7  6 10  3  8  0  1 13  9 12  4  2  5 11]
[test_sample_04078] [T1x_rxn6981] ❌ 错误 | 原子数：14
  - 正确映射：[ 4  7  3  9  1  0 11  5  2 10 13 12  8  6]
  - 预测映射：[ 4  7  3  9  1  0 11 13  2  5 10 12  8  6]
[test_sample_04079] [T1x_rxn6982] ❌ 错误 | 原子数：14
  - 正确映射：[ 1 11  3  4 10  8 12  7  2 13  6  5  9  0]
  - 预测映射：[ 1 11  3  4 10  8 12  2  7  6 13  5  9  0]
[test_sample_04080] [T1x_rxn6983] ❌ 错误 | 原子数：14
  - 正确映射：[ 6  8  3 12  1 11  0 13  9  5  7 10  2  4]
  - 预测映射：[ 6  3  8 12  1 11  0 10  9  5 13  7  2  4]
[test_sample_04081] [T1x_rxn7072] ❌ 错误 | 原子数：14
  - 正确映射：[ 0  7 10 12  1  8  6  9  4 13  2 11  5  3]
  - 预测映射：[10  7  0 12  1  8  6  9  2  4 13 11  5  3]
[test_sample_04082] [T1x_rxn7073] ❌ 错误 | 原子数：14
  - 正确映射：[12  2  8 13  4  0  5  6 10  7  9  1 11  3]
  - 预测映射：[ 8  2 12 13  4  0  5  6  9 10  7  1 11  3]
[test_sample_04083] [T1x_rxn7074] ❌ 错误 | 原子数：14
  - 正确映射：[ 5  7  1  2 13 11  4  0  9  3 10  8 12  6]
  - 预测映射：[ 4  7  1  2 13 11  5  8  6 12 10  0  3  9]
[test_sample_04084] [T1x_rxn7075] ❌ 错误 | 原子数：14
  - 正确映射：[ 0  1  5  7  9  4 13  8  2  3 11  6 10 12]
  - 预测映射：[ 0  1  5  7  9  4 13  8  2  3 11 10  6 12]
[test_sample_04085] [T1x_rxn7076] ✅ 严格正确 | 原子数：14
[test_sample_04086] [T1x_rxn7077] ❌ 错误 | 原子数：14
  - 正确映射：[ 1  4  9 13  5  6  8 11  3  2 10  0  7 12]
  - 预测映射：[13  4  9  1  5  6  8  7  3 10  2  0 11 12]
[test_sample_04087] [T1x_rxn7078] ❌ 错误 | 原子数：14
  - 正确映射：[10  2  7  3  1 12  8  6 13  4  5 11  0  9]
  - 预测映射：[10  7  2  3  1 12  8  6 13  4  5 11  0  9]
[test_sample_04088] [T1x_rxn7079] ❌ 错误 | 原子数：14
  - 正确映射：[ 0  8  3  7  2  9  1  5 12 10 11  6 13  4]
  - 预测映射：[ 0  8  3  7  2  9  1  5 11 10  6  4 13 12]
[test_sample_04089] [T1x_rxn7080] ❌ 错误 | 原子数：14
  - 正确映射：[ 3 10  4  0  8  5  2 12  7  1  6  9 11 13]
  - 预测映射：[ 0  8  4  3 10  5  2  9  1 12  6  7 11 13]
[test_sample_04090] [T1x_rxn7081] ❌ 错误 | 原子数：14
  - 正确映射：[ 8 12 13  6  5  4  9  2  0 11 10  7  3  1]
  - 预测映射：[ 8 12 13  6  5  4  9  2 10 11  1  7  0  3]
[test_sample_04091] [T1x_rxn7082] ❌ 错误 | 原子数：14
  - 正确映射：[11 12  5  1  4  3  8  2  7 10  9  0 13  6]
  - 预测映射：[11 12  5  1  4  3  8  0  7 10  9  6 13  2]
[test_sample_04092] [T1x_rxn7083] ✅ 严格正确 | 原子数：14
[test_sample_04093] [T1x_rxn7084] ❌ 错误 | 原子数：14
  - 正确映射：[ 1 10  7  9  5  2  6  0  8 11  3 13  4 12]
  - 预测映射：[ 1 10  7  9  5  2  6  0  8 11  3 13 12  4]
[test_sample_04094] [T1x_rxn7085] ✅ 严格正确 | 原子数：14
[test_sample_04095] [T1x_rxn7086] ❌ 错误 | 原子数：14
  - 正确映射：[ 9  2 11  1  0 12  3 13  5  4  6  7 10  8]
  - 预测映射：[ 9 11  0  1  3 12  2 13  6  4  7  8 10  5]
[test_sample_04096] [T1x_rxn7087] ❌ 错误 | 原子数：14
  - 正确映射：[ 0 13 12  6 11  2  5 10  3  8  7  1  4  9]
  - 预测映射：[ 6 12 11  0  5  2 13  9  8 10  1  7  4  3]
[test_sample_04097] [T1x_rxn7088] ❌ 错误 | 原子数：14
  - 正确映射：[ 5 10  0  3  6  4 12 13 11  8  2  9  1  7]
  - 预测映射：[ 5 12 10  3  0  4  6  7 11  2 13  8  9  1]
[test_sample_04098] [T1x_rxn7089] ❌ 错误 | 原子数：14
  - 正确映射：[ 0  8  2 10 11  4  7  9  6  5  1 12 13  3]
  - 预测映射：[ 0  2  8 10  7  4 11  3  1  5  6 13 12  9]
[test_sample_04099] [T1x_rxn7090] ❌ 错误 | 原子数：14
  - 正确映射：[ 2  4 13 10  6  1  3 12  0 11  7  9  5  8]
  - 预测映射：[ 2  4 13 10  6  1  3  7  0 11 12  9  5  8]
[test_sample_04100] [T1x_rxn7091] ❌ 错误 | 原子数：14
  - 正确映射：[ 7 13  9 10  8  3  5  4  0  2 11 12  6  1]
  - 预测映射：[ 7 13  9 10  8  3  5  4 11  2 12  1  6  0]
[test_sample_04101] [T1x_rxn7092] ❌ 错误 | 原子数：14
  - 正确映射：[ 5 13  8 10  7  6  4  1  3 12  0  9  2 11]
  - 预测映射：[ 5 13  8 10  7  6  4 12  3  1  0  9 11  2]
[test_sample_04102] [T1x_rxn7093] ✅ 严格正确 | 原子数：14
[test_sample_04103] [T1x_rxn7094] ✅ 严格正确 | 原子数：14
[test_sample_04104] [T1x_rxn7095] ❌ 错误 | 原子数：14
  - 正确映射：[ 2  1 13  7  8  9  6  0 12  4 11 10  5  3]
  - 预测映射：[ 7  8 13  2  1  9  6 11  4  5 12  0  3 10]
[test_sample_04105] [T1x_rxn7096] ❌ 错误 | 原子数：14
  - 正确映射：[10  9  1  0  8  7 12  2 11  4 13  6  5  3]
  - 预测映射：[ 0  1  9 10  8  7 12  2  4 11 13  6  3  5]
[test_sample_04106] [T1x_rxn7097] ✅ 严格正确 | 原子数：14
[test_sample_04107] [T1x_rxn7098] ❌ 错误 | 原子数：14
  - 正确映射：[10  5  4  3  2  0 11  1  8  9  6 12  7 13]
  - 预测映射：[10 11  5  3  4  0  2  1 13  9  8  6  7 12]
[test_sample_04108] [T1x_rxn7181] ❌ 错误 | 原子数：14
  - 正确映射：[13 10  5 12  1  4  7  9  3  8 11  6  2  0]
  - 预测映射：[10 12  5 13  1  4  7  2 11  6  3  8  9  0]
[test_sample_04109] [T1x_rxn7182] ❌ 错误 | 原子数：14
  - 正确映射：[ 6  9  2  7 10  5  1 12  8  4 11 13  0  3]
  - 预测映射：[ 6  9  1 10  7  5  2  8 12  4 11  3  0 13]
[test_sample_04110] [T1x_rxn7183] ❌ 错误 | 原子数：14
  - 正确映射：[13  1 10  7 11  8  2  6  4  9 12  3  5  0]
  - 预测映射：[13  1 10  7 11  8  2  6  9  4  3 12  5  0]
[test_sample_04111] [T1x_rxn7184] ❌ 错误 | 原子数：14
  - 正确映射：[12  2  1  8 10  7  6  0  5 13  9  4 11  3]
  - 预测映射：[12  2  1  8 10  7  6  0  5 13  9 11  4  3]
[test_sample_04112] [T1x_rxn7185] ❌ 错误 | 原子数：14
  - 正确映射：[ 4  2  8 11  1 12  3 13  7  9 10  5  6  0]
  - 预测映射：[ 4 11  8  2  1 12  3  5  7  9  6 13 10  0]
[test_sample_04113] [T1x_rxn7186] ✅ 严格正确 | 原子数：14
[test_sample_04114] [T1x_rxn7187] ❌ 错误 | 原子数：14
  - 正确映射：[10 11 12  6  7  2  8  1  3  5  9 13  0  4]
  - 预测映射：[11  6  8 10  7  2 12 13  9  0  5  1  3  4]
[test_sample_04115] [T1x_rxn7188] ❌ 错误 | 原子数：14
  - 正确映射：[ 1 11 12 13  3  4  6  9  5  0  8  2  7 10]
  - 预测映射：[ 1 11 12 13  3  4  6  8  9  0  5  2  7 10]
[test_sample_04116] [T1x_rxn7189] ❌ 错误 | 原子数：14
  - 正确映射：[ 1  8  5  4  7  6 13 11  0  9  2 10  3 12]
  - 预测映射：[ 1  8  5  4  7  6 13 11  0  9  2  3 12 10]
[test_sample_04117] [T1x_rxn7190] ✅ 严格正确 | 原子数：14
[test_sample_04118] [T1x_rxn7191] ✅ 严格正确 | 原子数：14
[test_sample_04119] [T1x_rxn7521] ❌ 错误 | 原子数：14
  - 正确映射：[ 2  7  8 13  5  3  9  4  0  1 10 12 11  6]
  - 预测映射：[ 2  7 13  8  5  3  9  0  1  4 11 12  6 10]
[test_sample_04120] [T1x_rxn7522] ❌ 错误 | 原子数：14
  - 正确映射：[ 1  5  2 10  8 13 11  3  7 12  9  4  6  0]
  - 预测映射：[ 1  5  2 10  8 13 11 12  3  7  4  6  9  0]
[test_sample_04121] [T1x_rxn7523] ❌ 错误 | 原子数：14
  - 正确映射：[13  6 12  5  0  9  4  2 11  3  8  1  7 10]
  - 预测映射：[13  6 12  5  0  9  4  2  3 11  7  1  8 10]
[test_sample_04122] [T1x_rxn7524] ❌ 错误 | 原子数：14
  - 正确映射：[13  4 10  9  1  2  7  5 11  6  3 12  8  0]
  - 预测映射：[13  4 10  9  1  2  7  5  0  6  3 12  8 11]
[test_sample_04123] [T1x_rxn7525] ❌ 错误 | 原子数：14
  - 正确映射：[10  4  6  7 13 12  1  5 11  9  0  8  3  2]
  - 预测映射：[10  4  6  7 13 12  1 11  9  0  5  8  3  2]
[test_sample_04124] [T1x_rxn7526] ✅ 严格正确 | 原子数：14
[test_sample_04125] [T1x_rxn7527] ❌ 错误 | 原子数：14
  - 正确映射：[ 4  0 12  9  2 13  6  1  3  7 11  8  5 10]
  - 预测映射：[ 6  9 12  0  2 13  4 11  5  8  3 10  7  1]
[test_sample_04126] [T1x_rxn7528] ✅ 严格正确 | 原子数：14
[test_sample_04127] [T1x_rxn7529] ✅ 严格正确 | 原子数：14
[test_sample_04128] [T1x_rxn7530] ❌ 错误 | 原子数：14
  - 正确映射：[ 3 13  6 11  2  1 12  4 10  0  7  5  9  8]
  - 预测映射：[ 3 13  6 11  2  1 12  4 10  0  5  9  7  8]
[test_sample_04129] [T1x_rxn7531] ❌ 错误 | 原子数：14
  - 正确映射：[ 3 11  4  2 10  8  9 12  0 13  5  7  1  6]
  - 预测映射：[ 9  2  4  8 10 11  3  5  7  1  6 13 12  0]
[test_sample_04130] [T1x_rxn7532] ❌ 错误 | 原子数：14
  - 正确映射：[ 5  6 12 11  4  0 13  3 10  7  2  8  1  9]
  - 预测映射：[ 5  6 12 11  4  0 13  7 10  3  1  8  2  9]
[test_sample_04131] [T1x_rxn7533] ✅ 严格正确 | 原子数：14
[test_sample_04132] [T1x_rxn7534] ✅ 严格正确 | 原子数：14
[test_sample_04133] [T1x_rxn7644] ❌ 错误 | 原子数：14
  - 正确映射：[12  5  4  2  9 13 11  7  6  0 10  1  3  8]
  - 预测映射：[12  5  4  2  9 13 11  7  6  0 10  1  8  3]
[test_sample_04134] [T1x_rxn7645] ❌ 错误 | 原子数：14
  - 正确映射：[ 2  3  1 10  4  6 12 11 13  0  5  7  9  8]
  - 预测映射：[ 2  4 12  6  3 10  1  8  9 11 13  7  5  0]
[test_sample_04135] [T1x_rxn7646] ❌ 错误 | 原子数：14
  - 正确映射：[13 12  9  5 11  8 10  0  6  4  1  3  2  7]
  - 预测映射：[13 12  9  5 11  8 10  4  0  6  2  1  7  3]
[test_sample_04136] [T1x_rxn7647] ❌ 错误 | 原子数：14
  - 正确映射：[ 8  6  3 13  1  0  4 12 11  7 10  9  5  2]
  - 预测映射：[ 8  6  3 13  1  0  4 12 11  7 10  9  2  5]
[test_sample_04137] [T1x_rxn7648] ❌ 错误 | 原子数：14
  - 正确映射：[ 6  7  1  0 13  8 11 12 10  9  2  4  5  3]
  - 预测映射：[ 6  7  1  0 13  8 11  2 12 10  9  4  5  3]
[test_sample_04138] [T1x_rxn7649] ❌ 错误 | 原子数：14
  - 正确映射：[12  0 13  8  9 11  6  4  2  5  1  3 10  7]
  - 预测映射：[12  0 13  8  9 11  6  4  2  5  3  7  1 10]
[test_sample_04139] [T1x_rxn7650] ❌ 错误 | 原子数：14
  - 正确映射：[ 6  3  0  7 11  9  1  2 10  4  5 12  8 13]
  - 预测映射：[ 6  3  0  7 11  9  1  2 10  5  4  8 12 13]
[test_sample_04140] [T1x_rxn7651] ❌ 错误 | 原子数：14
  - 正确映射：[13  6  0 11  2  7 10  5  3  1  9 12  4  8]
  - 预测映射：[13  6  0 11  2  7 10  9  5  3 12  1  8  4]
[test_sample_04141] [T1x_rxn7652] ❌ 错误 | 原子数：14
  - 正确映射：[10  5  3 12  4  8  1  2  0 13  6 11  9  7]
  - 预测映射：[10  5  3 12  4  8  1  2  0 11 13  6  9  7]
[test_sample_04142] [T1x_rxn7653] ❌ 错误 | 原子数：14
  - 正确映射：[11  8 12  1  6 13  0  4  2  3  9 10  5  7]
  - 预测映射：[11  8 12  1  6 13  0  4  2  9  3  5  7 10]
[test_sample_04143] [T1x_rxn7887] ❌ 错误 | 原子数：14
  - 正确映射：[ 7  1  0 13 12  2  6  8  9  5 11 10  4  3]
  - 预测映射：[ 7  2  0  6 12  1 13  9  5  3  4  8 11 10]
[test_sample_04144] [T1x_rxn7888] ❌ 错误 | 原子数：14
  - 正确映射：[ 4  1 10  6  9  2 12  3  8  5  0 11 13  7]
  - 预测映射：[ 4  1 10  6  9  2 12 13  5  3  0  7 11  8]
[test_sample_04145] [T1x_rxn7889] ❌ 错误 | 原子数：14
  - 正确映射：[11  8  4  9  3  2  5 10  1  6 13 12  7  0]
  - 预测映射：[11  8  4  9  3  2  5  6  1  0 10 12  7 13]
[test_sample_04146] [T1x_rxn7890] ❌ 错误 | 原子数：14
  - 正确映射：[ 8  2  4  1  9 13  7 12  0 10  3  6  5 11]
  - 预测映射：[ 8  2  4  7 13  9  1  0 12 10  3  5 11  6]
[test_sample_04147] [T1x_rxn7891] ❌ 错误 | 原子数：14
  - 正确映射：[12  0  8  1  6  3  5  4  2 13  7 10  9 11]
  - 预测映射：[12  0  8  1  6  3  5  4 13  7  2 10  9 11]
[test_sample_04148] [T1x_rxn7892] ✅ 严格正确 | 原子数：14
[test_sample_04149] [T1x_rxn7893] ✅ 严格正确 | 原子数：14
[test_sample_04150] [T1x_rxn7894] ❌ 错误 | 原子数：14
  - 正确映射：[ 8 13 11  4 12  3  2  1  5  9  0 10  7  6]
  - 预测映射：[ 8 13 11  4  3 12  2  9  5  1  0  6  7 10]
[test_sample_04151] [T1x_rxn7895] ❌ 错误 | 原子数：14
  - 正确映射：[ 4  5 12  3  8 10  7 13  2  0  6  9 11  1]
  - 预测映射：[ 4  5 12  3  8 10  7  0 13  9  6  2 11  1]
[test_sample_04152] [T1x_rxn7896] ✅ 严格正确 | 原子数：14
[test_sample_04153] [T1x_rxn7919] ✅ 严格正确 | 原子数：14
[test_sample_04154] [T1x_rxn7920] ✅ 严格正确 | 原子数：14
[test_sample_04155] [T1x_rxn7921] ❌ 错误 | 原子数：14
  - 正确映射：[ 2  3  6  5 12  0  9  7 10 13  1  8 11  4]
  - 预测映射：[ 2  3 12  0  6  5  9 13  4  7 11 10  8  1]
[test_sample_04156] [T1x_rxn7922] ❌ 错误 | 原子数：14
  - 正确映射：[ 3  1 13  6 10  4  5  2 12 11  9  0  8  7]
  - 预测映射：[13  1  3  4 10  6  5  2  9  0 11 12  8  7]
[test_sample_04157] [T1x_rxn7923] ✅ 严格正确 | 原子数：14
[test_sample_04158] [T1x_rxn7924] ❌ 错误 | 原子数：14
  - 正确映射：[ 3  5  9 13 12  2  4  8  0  7  1  6 11 10]
  - 预测映射：[ 3  5 12  2  9 13  4  0  6  8 11  7  1 10]
[test_sample_04159] [T1x_rxn7925] ❌ 错误 | 原子数：14
  - 正确映射：[ 5 12  2  1 10 13 11  9  6  0  8  4  3  7]
  - 预测映射：[ 5 10 12  1  2 13 11  0  9  4  3  6  8  7]
[test_sample_04160] [T1x_rxn7926] ❌ 错误 | 原子数：14
  - 正确映射：[ 8  4  1  0 13 10 11  3  5  9  6  7  2 12]
  - 预测映射：[ 8  4  1  0 13 10 11  3  5  9  6  7 12  2]
[test_sample_04161] [T1x_rxn7927] ✅ 严格正确 | 原子数：14
[test_sample_04162] [T1x_rxn7928] ❌ 错误 | 原子数：14
  - 正确映射：[ 9  4  0  2  6  5 12  3  8 11 10  7  1 13]
  - 预测映射：[ 0  4  9  2  6  5 12  3  7 10 11  8  1 13]
[test_sample_04163] [T1x_rxn7929] ❌ 错误 | 原子数：14
  - 正确映射：[12  8  2  4 10  9 13  5  6  0  3  1  7 11]
  - 预测映射：[ 2  8 12  4 10  9 13  5  1  3  0  6  7 11]
[test_sample_04164] [T1x_rxn7930] ✅ 严格正确 | 原子数：14
[test_sample_04165] [T1x_rxn8002] ❌ 错误 | 原子数：14
  - 正确映射：[ 1  4  3 13  2 11  9  7 12  8  0  5 10  6]
  - 预测映射：[ 1  4  3 13  2 11  9  7  8 12 10  5  0  6]
[test_sample_04166] [T1x_rxn8003] ✅ 严格正确 | 原子数：14
[test_sample_04167] [T1x_rxn8004] ❌ 错误 | 原子数：14
  - 正确映射：[ 9  8  3 13 10  0  5 12  7 11  2  6  4  1]
  - 预测映射：[ 9  8 13 10  0  3  5 12  7 11  2  1  6  4]
[test_sample_04168] [T1x_rxn8005] ❌ 错误 | 原子数：14
  - 正确映射：[12  1  7 11 13  6  9  4  5  8  0  2 10  3]
  - 预测映射：[ 9  1  7 11 13  6 12 10  8  5  0  2  4  3]
[test_sample_04169] [T1x_rxn8006] ❌ 错误 | 原子数：14
  - 正确映射：[12  8  2  1 10  5  4 11  3  0  7  9 13  6]
  - 预测映射：[12  8  1 10  5  2  4 11  0  9  7  6 13  3]
[test_sample_04170] [T1x_rxn8007] ✅ 严格正确 | 原子数：14
[test_sample_04171] [T1x_rxn8008] ❌ 错误 | 原子数：14
  - 正确映射：[12  2  4  5  9  7 11 13  0  3  1 10  6  8]
  - 预测映射：[12  2  4  5  9  7 11 13  3 10  0  1  6  8]
[test_sample_04172] [T1x_rxn8009] ❌ 错误 | 原子数：14
  - 正确映射：[12  3  0 11  1 13  8 10  2  7  5  9  6  4]
  - 预测映射：[12  3  0 11  1 13  8  2  7  9  4  5  6 10]
[test_sample_04173] [T1x_rxn8010] ✅ 严格正确 | 原子数：14
[test_sample_04174] [T1x_rxn8011] ❌ 错误 | 原子数：14
  - 正确映射：[13  5  7  4  8  3  6  0  9  1 11 10 12  2]
  - 预测映射：[13  5  7  4  8  3  6  0 10  1 12 11  9  2]
[test_sample_04175] [T1x_rxn8012] ❌ 错误 | 原子数：14
  - 正确映射：[13  6  3  5  8  1  2  0 11  9 12  7  4 10]
  - 预测映射：[ 2  6  8  5  3  1 13  7 12 11  0  9  4 10]
[test_sample_04176] [T1x_rxn8590] ❌ 错误 | 原子数：14
  - 正确映射：[12  7 10 13  2  1 11  9  8  3  6  4  0  5]
  - 预测映射：[12 10  2 13  7  1 11  8  6  3  4  5  0  9]
[test_sample_04177] [T1x_rxn8591] ❌ 错误 | 原子数：14
  - 正确映射：[ 0  2  6  9 13  1 11 10  8  7 12  3  5  4]
  - 预测映射：[11  2  6  9 13  1  0  3  7 12  8  4  5 10]
[test_sample_04178] [T1x_rxn8592] ❌ 错误 | 原子数：14
  - 正确映射：[ 3  6  0  4 12  9 11 13  5  8  1  7 10  2]
  - 预测映射：[ 3  6  0  4 12  9 11 13  5  7  1 10  2  8]
[test_sample_04179] [T1x_rxn8593] ❌ 错误 | 原子数：14
  - 正确映射：[ 4  5  7  3  1  9  2 12 11  6  8  0 13 10]
  - 预测映射：[ 4  5  1  3  7  9  2 12 11  0  6 13  8 10]
[test_sample_04180] [T1x_rxn8594] ✅ 严格正确 | 原子数：14
[test_sample_04181] [T1x_rxn8595] ❌ 错误 | 原子数：14
  - 正确映射：[ 8  1  9 11  0  6  5 10  3  7  2 13  4 12]
  - 预测映射：[ 8  1  0 11  9  6  5 10  2  4  3  7 12 13]
[test_sample_04182] [T1x_rxn8596] ❌ 错误 | 原子数：14
  - 正确映射：[10  5  1  9  6  4  2  0  7  3 13 12  8 11]
  - 预测映射：[10  5  6  9  1  4  2  7 13  8  0  3 11 12]
[test_sample_04183] [T1x_rxn8597] ❌ 错误 | 原子数：14
  - 正确映射：[ 7 13  6  2  1  9  3 11  8 10  4  0  5 12]
  - 预测映射：[ 7  6  1  2 13  9  3  4 10  0  5  8 11 12]
[test_sample_04184] [T1x_rxn8598] ✅ 严格正确 | 原子数：14
[test_sample_04185] [T1x_rxn8599] ❌ 错误 | 原子数：14
  - 正确映射：[13  4 10  0  5 12  6  7  1  8  9  3  2 11]
  - 预测映射：[13  4  5  0 10 12  6  7  8  2  3  9  1 11]
[test_sample_04186] [T1x_rxn8600] ✅ 严格正确 | 原子数：14
[test_sample_04187] [T1x_rxn9502] ❌ 错误 | 原子数：14
  - 正确映射：[ 5  0  4  6 13  2 11  9  7  3  8 12 10  1]
  - 预测映射：[ 5  0  4  6 13  2 11  3  7  9 12  8  1 10]
[test_sample_04188] [T1x_rxn9570] ❌ 错误 | 原子数：14
  - 正确映射：[13  9 12  1  7  5  4  3  0 11  8 10  2  6]
  - 预测映射：[13  9 12  1  7  5  4  3  0 11 10  2  6  8]
[test_sample_04189] [T1x_rxn9571] ❌ 错误 | 原子数：14
  - 正确映射：[ 9 12  3  2  0  7  8 11  4 13  1 10  6  5]
  - 预测映射：[ 9  3  0  2  7 12  8  1 13  6 10  5 11  4]
[test_sample_04190] [T1x_rxn9572] ❌ 错误 | 原子数：14
  - 正确映射：[ 3  6 10  5  7  0  1  4 11  2 12  9  8 13]
  - 预测映射：[ 3  6 10  5  7  0  1  4 11 12  2  9 13  8]
[test_sample_04191] [T1x_rxn9632] ❌ 错误 | 原子数：14
  - 正确映射：[ 7  1 11  4  8  6 10 12  5 13  9  3  0  2]
  - 预测映射：[ 7  1 11  4  8  6 10 12  5 13  9  3  2  0]
[test_sample_04192] [T1x_rxn9633] ✅ 严格正确 | 原子数：14
[test_sample_04193] [T1x_rxn9634] ❌ 错误 | 原子数：14
  - 正确映射：[12 11  7  3  5  6  0  8 13  1  9  2 10  4]
  - 预测映射：[12 11  7  0  6  5  3 13  1  8  2  4 10  9]
[test_sample_04194] [T1x_rxn9635] ❌ 错误 | 原子数：14
  - 正确映射：[ 5  3  7 10 11 12  1  9  0 13  2  4  8  6]
  - 预测映射：[11  3  7 10  5 12  1  9  0  4  2 13  8  6]
[test_sample_04195] [T1x_rxn9636] ❌ 错误 | 原子数：14
  - 正确映射：[11  3  4  0  1  6  2 12 10  7 13  9  5  8]
  - 预测映射：[11  3  4  0  1  6  2 12 10  8  7  9  5 13]
[test_sample_04196] [T1x_rxn9637] ❌ 错误 | 原子数：14
  - 正确映射：[ 6 12 10 11  8  5 13  4  9  2  7  3  0  1]
  - 预测映射：[ 6 12 10 11  8  5 13  4  9  2  7  3  1  0]
[test_sample_04197] [T1x_rxn9672] ❌ 错误 | 原子数：14
  - 正确映射：[ 1  2  8  3  0 13  5  7 10 12  6  9 11  4]
  - 预测映射：[ 8  2  1  3  0 13  5  9 11  6  7 12 10  4]
[test_sample_04198] [T1x_rxn9673] ❌ 错误 | 原子数：14
  - 正确映射：[ 1  7  8  4 12 13  2 10 11  6  5  3  9  0]
  - 预测映射：[ 1  7  8  4 12 13  2  6 11  5 10  9  3  0]
[test_sample_04199] [T1x_rxn9674] ❌ 错误 | 原子数：14
  - 正确映射：[ 8  1  6  4 12  7 11  9  0  5 13  2 10  3]
  - 预测映射：[ 8  1  6  4 12  7 11  9  0 13  3  5 10  2]
[test_sample_04200] [T1x_rxn9675] ❌ 错误 | 原子数：14
  - 正确映射：[ 9 12 10  7  3  6 11  5  2  4  0  1  8 13]
  - 预测映射：[ 9 12 10  7  3  6 11  5  2  4  0  8 13  1]
[test_sample_04201] [T1x_rxn9676] ❌ 错误 | 原子数：14
  - 正确映射：[ 0  5  6 10 11  7  1  3 13 12  4  2  8  9]
  - 预测映射：[ 0  5  6 10 11  7  1  3 12 13  4  2  8  9]
[test_sample_04202] [T1x_rxn9677] ❌ 错误 | 原子数：14
  - 正确映射：[ 0 13 12  4  9  3  8 11  5  2  1 10  7  6]
  - 预测映射：[ 0 13 12  4  9  3  8  2  6  5 11  7 10  1]
[test_sample_04203] [T1x_rxn9678] ❌ 错误 | 原子数：14
  - 正确映射：[ 1  9  0 10 11  5  4  2  3 13  8  7 12  6]
  - 预测映射：[ 1  9  0 10 11  5  4  2  3  8 13 12  7  6]
[test_sample_04204] [T1x_rxn9688] ❌ 错误 | 原子数：14
  - 正确映射：[ 3 11  5  4 13 10  1  2 12  7  0  6  9  8]
  - 预测映射：[ 3 11  5  4 13 10  1  2  0  6  7  8  9 12]
[test_sample_04205] [T1x_rxn9778] ❌ 错误 | 原子数：14
  - 正确映射：[ 1  7  4  0 13  6  2 12 10  8  3  9  5 11]
  - 预测映射：[ 1  4  7  0 13  6  2 10  8 12  3  9 11  5]
[test_sample_04206] [T1x_rxn9795] ❌ 错误 | 原子数：14
  - 正确映射：[ 7  4 10  1  2  3 11  0  9  6  8 13 12  5]
  - 预测映射：[ 7 10  4  1  2  3 11  9  6  8  0 13 12  5]
[test_sample_04207] [T1x_rxn9796] ❌ 错误 | 原子数：14
  - 正确映射：[10 12  8  6  4  0  5  9 13  7  2 11  1  3]
  - 预测映射：[10  8  4  6  5  0 12 13  2 11  7  1  3  9]
[test_sample_04208] [T1x_rxn9806] ❌ 错误 | 原子数：14
  - 正确映射：[11 12  4  1  8  6 13  9  2  7  3  5 10  0]
  - 预测映射：[12 11  4  1  8  6 13  2  3  9  7 10  5  0]
[test_sample_04209] [T1x_rxn9870] ❌ 错误 | 原子数：14
  - 正确映射：[10  0  7  3 13 11  5  9  4  6  8 12  2  1]
  - 预测映射：[10  3  7  0 13 11  5  8  4  6  9 12  2  1]
[test_sample_04210] [T1x_rxn9871] ❌ 错误 | 原子数：14
  - 正确映射：[ 7 12  4  6  5  0 13  2 10  1  3  9  8 11]
  - 预测映射：[ 7 12  4  6  0  5 13  2 10  3  1  8  9 11]
[test_sample_04211] [T1x_rxn9872] ❌ 错误 | 原子数：14
  - 正确映射：[ 9 11  6 12  0  7  1  4 10 13  2  3  5  8]
  - 预测映射：[ 9 11  6 12  0  7  1  4 10  2 13  5  3  8]
[test_sample_04212] [T1x_rxn9913] ❌ 错误 | 原子数：14
  - 正确映射：[ 3  4 13  7 11 12  9  2  0  1  8  6 10  5]
  - 预测映射：[12 11 13  9  3  4  7  5  6  0 10  1  2  8]
[test_sample_04213] [T1x_rxn9914] ❌ 错误 | 原子数：14
  - 正确映射：[ 1  6  0  8 12  9  3  2  4  5 11  7 13 10]
  - 预测映射：[ 1  6  0  8 12  9  3  5  2  4 10 13  7 11]
[test_sample_04214] [T1x_rxn9915] ❌ 错误 | 原子数：14
  - 正确映射：[12  3  5  2  1  9 11  6  4 10 13  8  7  0]
  - 预测映射：[12  3  5  2  1  9 11  4 10  6 13  8  7  0]
[test_sample_04215] [T1x_rxn9920] ❌ 错误 | 原子数：14
  - 正确映射：[ 7 11  0 10  5 12  9 13  6  8  1  3  2  4]
  - 预测映射：[ 7 11  0 12  5 10  9 13  8  6  1  3  2  4]
[test_sample_04216] [T1x_rxn9921] ❌ 错误 | 原子数：14
  - 正确映射：[11  0  2  4  1 12 13  5  9  8  3 10  7  6]
  - 预测映射：[11  0  1 12  2  4 13  5  8  9  7  3 10  6]
[test_sample_04217] [T1x_rxn9922] ❌ 错误 | 原子数：14
  - 正确映射：[12  0  8 10  4  3  2  5  6  9 11  7  1 13]
  - 预测映射：[12  0  8 10  4  3  2  5  6  9 11  7 13  1]
[test_sample_04218] [T1x_rxn9929] ❌ 错误 | 原子数：14
  - 正确映射：[ 7 12 10 13 11  1  8  5  2  6  3  4  9  0]
  - 预测映射：[ 7 12 10 13 11  1  8  5  6  2  4  3  9  0]
[test_sample_04219] [T1x_rxn9930] ❌ 错误 | 原子数：14
  - 正确映射：[ 5  4  8  3  0  9  6  2 10  7  1 12 11 13]
  - 预测映射：[ 5  4  8  3  9  0  6  2  7 10 11 13 12  1]
[test_sample_04220] [T1x_rxn2420] ❌ 错误 | 原子数：12
  - 正确映射：[ 0  5  4 10  1  9  8 11  7  6  2  3]
  - 预测映射：[ 5  0 10  4 11  8  9  1  3  2  6  7]
[test_sample_04221] [T1x_rxn2421] ❌ 错误 | 原子数：12
  - 正确映射：[ 7  5 11  9  3  2  4  8  6 10  1  0]
  - 预测映射：[ 9 11  5  7  6  1 10  0  4  8  3  2]
[test_sample_04222] [T1x_rxn3209] ❌ 错误 | 原子数：12
  - 正确映射：[ 2  3  4  7  0  5  1 10 11  6  8  9]
  - 预测映射：[ 4  7  2  3  9 11  6  1  0  5  8 10]
[test_sample_04223] [T1x_rxn3210] ❌ 错误 | 原子数：12
  - 正确映射：[ 6  0  4  1  9  5  7 10  3  8  2 11]
  - 预测映射：[ 6  0  1  4  7  5  9 10  2 11  3  8]
[test_sample_04224] [T1x_rxn3211] ❌ 错误 | 原子数：12
  - 正确映射：[ 6 11  2  7 10  0  3  1  8  9  5  4]
  - 预测映射：[ 6 11  7  2  3  0 10  1  5  4  8  9]
[test_sample_04225] [T1x_rxn1861] ✅ 严格正确 | 原子数：14
[test_sample_04226] [T1x_rxn1862] ❌ 错误 | 原子数：14
  - 正确映射：[ 2 11  8  0  7 13  3  4 10  9 12  1  5  6]
  - 预测映射：[ 2 11  8  7  0 13  4  3 10 12  9  1  6  5]
[test_sample_04227] [T1x_rxn1863] ✅ 严格正确 | 原子数：14
[test_sample_04228] [T1x_rxn1864] ❌ 错误 | 原子数：14
  - 正确映射：[ 4  6  1  7 12  9  3  2 11  8 10  0 13  5]
  - 预测映射：[ 4  6  1  7 12  9  2  3 11 10  8  0  5 13]
[test_sample_04229] [T1x_rxn1865] ❌ 错误 | 原子数：14
  - 正确映射：[ 6  2  3  9  8  1 11  5  0  7 13  4 10 12]
  - 预测映射：[ 6  2  3  9  8  1  5 13 11  7  0  4 12 10]
[test_sample_04230] [T1x_rxn1866] ❌ 错误 | 原子数：14
  - 正确映射：[ 0 13  3 11  5  1  9  2  7  4  6 12 10  8]
  - 预测映射：[ 0 13  3 11  5  1  6  9  7  2  4  8 10 12]
[test_sample_04231] [T1x_rxn1867] ✅ 严格正确 | 原子数：14
[test_sample_04232] [T1x_rxn1868] ❌ 错误 | 原子数：14
  - 正确映射：[12  7  6  9  8  3  2 13  0 11  1  4 10  5]
  - 预测映射：[ 7  9  6 12  8  3  4  1 10  5  2 11  0 13]
[test_sample_04233] [T1x_rxn1869] ✅ 严格正确 | 原子数：14
[test_sample_04234] [T1x_rxn1870] ✅ 严格正确 | 原子数：14
[test_sample_04235] [T1x_rxn2231] ✅ 严格正确 | 原子数：14
[test_sample_04236] [T1x_rxn2232] ❌ 错误 | 原子数：14
  - 正确映射：[ 1  7 12  6  0 13  5  2 11  4  9  8 10  3]
  - 预测映射：[12  7  1  6  0 13  8  9  4 11  2  5  3 10]
[test_sample_04237] [T1x_rxn2233] ✅ 严格正确 | 原子数：14
[test_sample_04238] [T1x_rxn2234] ❌ 错误 | 原子数：14
  - 正确映射：[12  1  0  4 10  3  9  7  2 13  8  6  5 11]
  - 预测映射：[12  1  0  4 10  3  2  7  5 13  6  9 11  8]
[test_sample_04239] [T1x_rxn2235] ❌ 错误 | 原子数：14
  - 正确映射：[ 2  4  7 10 11  1  0  3  8  6 12  9 13  5]
  - 预测映射：[ 7  4  2 11 10  1  0  9  6  5  3  8 12 13]
[test_sample_04240] [T1x_rxn3110] ❌ 错误 | 原子数：14
  - 正确映射：[13  8  0  6 12  3  7  1 11 10  2  4  5  9]
  - 预测映射：[12  3  6  0 13  8  5  4  9  2 10  1  7 11]
[test_sample_04241] [T1x_rxn3111] ❌ 错误 | 原子数：14
  - 正确映射：[10  7  4  8 11  3  5  1  6  9  0 12  2 13]
  - 预测映射：[11  3  8  4 10  7  2 12 13  0  9  1  5  6]
[test_sample_04242] [T1x_rxn3112] ❌ 错误 | 原子数：14
  - 正确映射：[ 0  8  2  1 10 13 12  5  4  6  7 11  3  9]
  - 预测映射：[10 13  1  2  0  8  9  3 11  6  7 12  4  5]
[test_sample_04243] [T1x_rxn3113] ❌ 错误 | 原子数：14
  - 正确映射：[ 7  8 13  4  3  5 10 12  0 11  2  1  9  6]
  - 预测映射：[ 3  5  4 13  7  8  9  1  6  2 11 12 10  0]
[test_sample_04244] [T1x_rxn3114] ❌ 错误 | 原子数：14
  - 正确映射：[ 8 11  0  4  6 10  1  2  5  7 12  3 13  9]
  - 预测映射：[ 6 10  0  8  4 11 13  9  5  3  2  7 12  1]
[test_sample_04245] [T1x_rxn3115] ❌ 错误 | 原子数：14
  - 正确映射：[ 0 10  1  4  6 13  5  9  8  3  7 11  2 12]
  - 预测映射：[ 0 10  1  4  6 13  5  9  8  3 12  7 11  2]
[test_sample_04246] [T1x_rxn3116] ❌ 错误 | 原子数：14
  - 正确映射：[ 7  5 10 13  0  3 11  6  8  1 12  4  9  2]
  - 预测映射：[ 0  3 13 10  7  5  9  4  2 12  1  6 11  8]
[test_sample_04247] [T1x_rxn3117] ❌ 错误 | 原子数：14
  - 正确映射：[ 6  9  4  0  7  1  5  3 10 11 12  8 13  2]
  - 预测映射：[ 6  9  4  0  7  1  3 11 10  5 12  2 13  8]
[test_sample_04248] [T1x_rxn3118] ❌ 错误 | 原子数：14
  - 正确映射：[10 11 13  1  5  8  2  4  0 12  9  3  7  6]
  - 预测映射：[ 5  8  1 13 10 11  3  6  7  9 12  4  2  0]
[test_sample_04249] [T1x_rxn3119] ❌ 错误 | 原子数：14
  - 正确映射：[ 9 10  6  8  4  0  1  3 11 12  7  5 13  2]
  - 预测映射：[ 4  0  8  6  9 10 13  7  5  2 12  3  1 11]
[test_sample_04250] [T1x_rxn3120] ❌ 错误 | 原子数：14
  - 正确映射：[ 1  4  3  0  5 12  8 10 11  6  9 13  2  7]
  - 预测映射：[ 5 12  0  3  1  4  2 13  6  7  9 11 10  8]
[test_sample_04251] [T1x_rxn3810] ✅ 严格正确 | 原子数：14
[test_sample_04252] [T1x_rxn3811] ✅ 严格正确 | 原子数：14
[test_sample_04253] [T1x_rxn3812] ✅ 严格正确 | 原子数：14
[test_sample_04254] [T1x_rxn3813] ✅ 严格正确 | 原子数：14
[test_sample_04255] [T1x_rxn3814] ❌ 错误 | 原子数：14
  - 正确映射：[ 9  8  5 11 10  7 13  1  0  3  2  4 12  6]
  - 预测映射：[ 9  8 10 11  5  7  1  3 13  0  2  4 12  6]
[test_sample_04256] [T1x_rxn3815] ❌ 错误 | 原子数：14
  - 正确映射：[ 9 10  3  2  7  4 12 11  0  1 13  5  8  6]
  - 预测映射：[ 9 10  7  4  3  2  1 12 11  0 13  5  8  6]
[test_sample_04257] [T1x_rxn3816] ❌ 错误 | 原子数：14
  - 正确映射：[ 3  8  5  0  6 12 10  9  1 13  7  2 11  4]
  - 预测映射：[ 3  6  5 12  8  0 13  9  1 10  7  2 11  4]
[test_sample_04258] [T1x_rxn3817] ❌ 错误 | 原子数：14
  - 正确映射：[ 0  4  9  1  8  2 10 13  6  5  7 11  3 12]
  - 预测映射：[ 0  4  9  1  8  2 13 10  6  7  5  3 11 12]
[test_sample_04259] [T1x_rxn3818] ✅ 严格正确 | 原子数：14
[test_sample_04260] [T1x_rxn3936] ❌ 错误 | 原子数：14
  - 正确映射：[ 9  4  1 11  7 12 13  8 10  2  3  5  0  6]
  - 预测映射：[11  4  1  9  7 12  6  0  5  3  2 10  8 13]
[test_sample_04261] [T1x_rxn3937] ✅ 严格正确 | 原子数：14
[test_sample_04262] [T1x_rxn3938] ❌ 错误 | 原子数：14
  - 正确映射：[11  2 12  6  1 13  4  3  8  0 10  5  7  9]
  - 预测映射：[11  2  1  6 12 13  8  3  4 10  9  7  0  5]
[test_sample_04263] [T1x_rxn3939] ❌ 错误 | 原子数：14
  - 正确映射：[ 4 10 13 11  6 12  3  9  0  5  1  2  8  7]
  - 预测映射：[ 4 10 13 11  6 12  0  9  5  3  1  2  8  7]
[test_sample_04264] [T1x_rxn3940] ❌ 错误 | 原子数：14
  - 正确映射：[ 2  4  1  3  9  7  0 10 12 11 13  8  5  6]
  - 预测映射：[ 3  4  1  2  9  7  6  8  5 13 12 10 11  0]
[test_sample_04265] [T1x_rxn3941] ✅ 严格正确 | 原子数：14
[test_sample_04266] [T1x_rxn3942] ❌ 错误 | 原子数：14
  - 正确映射：[ 4  8  9 12  1 10 13  2  7  3  5  6 11  0]
  - 预测映射：[12  8  9  4  1 10 11  0  6  3  5  7 13  2]
[test_sample_04267] [T1x_rxn3943] ❌ 错误 | 原子数：14
  - 正确映射：[ 8  5 10  0  4  7  9  3 12 11  6  1  2 13]
  - 预测映射：[ 8  5 10  0  4  7  3  9 12  6 11 13  2  1]
[test_sample_04268] [T1x_rxn4615] ❌ 错误 | 原子数：14
  - 正确映射：[ 3  1  6  4 13  8 11  5  7 10  0  9 12  2]
  - 预测映射：[ 6  1  3  8 13  4  0 10 12  7 11  5  2  9]
[test_sample_04269] [T1x_rxn4616] ❌ 错误 | 原子数：14
  - 正确映射：[ 5  7  8 10 12  6  0 13 11  9  3  4  2  1]
  - 预测映射：[ 8  7  5 10 12  6  4  9 11  2  1 13  0  3]
[test_sample_04270] [T1x_rxn4617] ❌ 错误 | 原子数：14
  - 正确映射：[13  1  2 12  4 10  5  7 11  0  8  9  6  3]
  - 预测映射：[13  1  2 12  4 10 11  9  7  0  6  8  3  5]
[test_sample_04271] [T1x_rxn9198] ❌ 错误 | 原子数：14
  - 正确映射：[13 11  3 10  2  5 12  8  0  7  1  4  6  9]
  - 预测映射：[ 3 11 13 10  2  5  7  1  6  0 12  4  9  8]
[test_sample_04272] [T1x_rxn9199] ❌ 错误 | 原子数：14
  - 正确映射：[ 8  7  9 10  2 13  4  0  3  1 12 11  6  5]
  - 预测映射：[ 9  7  8 10  2 13 11  1 12  0  4  3  6  5]
[test_sample_04273] [T1x_rxn9304] ❌ 错误 | 原子数：14
  - 正确映射：[ 2 13  8  4 10  6  7 11  1  3  0 12  5  9]
  - 预测映射：[ 4  6  8 10  2 13  0  5  9  3 12 11  7  1]
[test_sample_04274] [T1x_rxn9305] ❌ 错误 | 原子数：14
  - 正确映射：[ 1 11  5 10  8 12  3  2 13  6  0  4  7  9]
  - 预测映射：[ 8 12 10  1  5 11  9  4  7  0  2  6  3 13]
[test_sample_04275] [T1x_rxn9306] ❌ 错误 | 原子数：14
  - 正确映射：[ 0 10  6  8  5  4 13  3  7  1 11  2  9 12]
  - 预测映射：[ 5  4  8  6  0 10  9  2 12 11  1  3 13  7]
[test_sample_04276] [T1x_rxn9457] ❌ 错误 | 原子数：14
  - 正确映射：[11  2  8  3  6  5 13  7 12  1 10  9  4  0]
  - 预测映射：[11  2  8  3  6  5  7 12 13  1 10  9  4  0]
[test_sample_04277] [T1x_rxn10051] ❌ 错误 | 原子数：15
  - 正确映射：[14  8  3  5  7  6 13  2  4 10  1  0  9 12 11]
  - 预测映射：[14  8  3  5  7  6 13  4 10  2  0  1  9 12 11]
[test_sample_04278] [T1x_rxn10052] ❌ 错误 | 原子数：15
  - 正确映射：[ 6  2  4  9  8  3  0 13  5 10  1 14 12  7 11]
  - 预测映射：[ 6  9  4  2  8  3  0  5 10 13 14  1 11 12  7]
[test_sample_04279] [T1x_rxn4879] ❌ 错误 | 原子数：15
  - 正确映射：[ 3  9 13  7  2  6  1  8 12  5 11  4  0 14 10]
  - 预测映射：[ 3  9 13  7  2  6  1  8 12  5 11  4 14  0 10]
[test_sample_04280] [T1x_rxn4880] ❌ 错误 | 原子数：15
  - 正确映射：[ 5  3  9 13  2  0 10  1 14  7  8  6 11 12  4]
  - 预测映射：[ 5  3  9 13  2  0 10  1  7  6  8 12 11  4 14]
[test_sample_04281] [T1x_rxn4881] ✅ 严格正确 | 原子数：15
[test_sample_04282] [T1x_rxn4882] ✅ 严格正确 | 原子数：15
[test_sample_04283] [T1x_rxn4883] ❌ 错误 | 原子数：15
  - 正确映射：[ 7  0  8  1 12 10 14 11  6  9 13  5  4  2  3]
  - 预测映射：[ 7  0  8  1 14 10 12 11  6  9 13  5  2  4  3]
[test_sample_04284] [T1x_rxn4884] ❌ 错误 | 原子数：15
  - 正确映射：[ 7  3  4  2 11  9 13  8 14  5 10  1  6  0 12]
  - 预测映射：[ 7  3  4  9 13  2 11 14  5 10  6  0 12  1  8]
[test_sample_04285] [T1x_rxn4885] ❌ 错误 | 原子数：15
  - 正确映射：[ 2  3  8  4  7 14 10 13  9  1  6  0  5 11 12]
  - 预测映射：[ 2  3  8  4  7 14 10 13 11  9  1  0  6  5 12]
[test_sample_04286] [T1x_rxn4886] ❌ 错误 | 原子数：15
  - 正确映射：[ 8 11  5 10  0  4 13  1  9 12  3  7  2 14  6]
  - 预测映射：[ 8 11  5 10  0  4 13 12  9  1  7  2 14  6  3]
[test_sample_04287] [T1x_rxn4887] ❌ 错误 | 原子数：15
  - 正确映射：[13  5 14  6  8  7  3  0  4 10 11  9  1  2 12]
  - 预测映射：[13  5 14  7  3  6  8  4 10 11  1  2  9 12  0]
[test_sample_04288] [T1x_rxn4949] ❌ 错误 | 原子数：15
  - 正确映射：[ 2  1  6  5  7  4 10  8 14 12  0 13  3 11  9]
  - 预测映射：[ 2  1 10  7  4  5  6  9  0  3 11 13 14 12  8]
[test_sample_04289] [T1x_rxn4950] ❌ 错误 | 原子数：15
  - 正确映射：[14  5  8  6 12  7 13 11  2  0  1  9  3  4 10]
  - 预测映射：[14  5 13  7 12  6  8 10  4  3  1  9  0  2 11]
[test_sample_04290] [T1x_rxn4951] ❌ 错误 | 原子数：15
  - 正确映射：[ 7  6  4  1 13  3 12 10 14  2  0  8  9 11  5]
  - 预测映射：[ 7  6  4  1 13  3 12 10  0  2 14  8 11  9  5]
[test_sample_04291] [T1x_rxn4952] ❌ 错误 | 原子数：15
  - 正确映射：[ 5 12 10  6 13  0  1  9  4  7  3 11  2  8 14]
  - 预测映射：[ 5  6 10  0 13 12  1  4  2  8  7 11  3 14  9]
[test_sample_04292] [T1x_rxn4953] ✅ 严格正确 | 原子数：15
[test_sample_04293] [T1x_rxn4954] ✅ 严格正确 | 原子数：15
[test_sample_04294] [T1x_rxn4955] ❌ 错误 | 原子数：15
  - 正确映射：[13  2  5  0  9  8  7  4 14  1 11 12  6  3 10]
  - 预测映射：[13  2  7  8  9  0  5 10  3 14 12 11  1  6  4]
[test_sample_04295] [T1x_rxn4956] ✅ 严格正确 | 原子数：15
[test_sample_04296] [T1x_rxn4985] ❌ 错误 | 原子数：15
  - 正确映射：[ 8  9  4 14 13  1 10  0  2  6  3 12  5 11  7]
  - 预测映射：[ 8  9  4 14 13  1 10  6  2  0 12 11  5  7  3]
[test_sample_04297] [T1x_rxn4986] ❌ 错误 | 原子数：15
  - 正确映射：[10  1  3 12  4  6  5 11  8  2 14 13  0  9  7]
  - 预测映射：[10  1  3 12  4  6  5 13  8 11 14  0  9  7  2]
[test_sample_04298] [T1x_rxn4987] ❌ 错误 | 原子数：15
  - 正确映射：[11  4  8  2  3 13  5  6  9 14  1  0  7 12 10]
  - 预测映射：[11  4  8  2  3 13  5  1 14  6  9  7 12 10  0]
[test_sample_04299] [T1x_rxn4988] ❌ 错误 | 原子数：15
  - 正确映射：[ 3 14 13  1 12  4  0  8 11  6 10  9  5  2  7]
  - 预测映射：[ 4  0 13  1 12  3 14  8 11  6 10  9  2  5  7]
[test_sample_04300] [T1x_rxn4989] ✅ 严格正确 | 原子数：15
[test_sample_04301] [T1x_rxn4990] ❌ 错误 | 原子数：15
  - 正确映射：[ 4  2 12 10  6  5 14 13 11  3  7  8  0  1  9]
  - 预测映射：[ 4  2 12 10  6  5 14  0 11 13  7  8  1  9  3]
[test_sample_04302] [T1x_rxn4991] ❌ 错误 | 原子数：15
  - 正确映射：[ 0 14 12  1  8  3  5  4  7  6 10  2  9 13 11]
  - 预测映射：[ 3  5 12  1  8  0 14  7  6  4 10  2 13  9 11]
[test_sample_04303] [T1x_rxn4992] ❌ 错误 | 原子数：15
  - 正确映射：[14  4  0  5  9 13  1 11  7 12  8  3 10  2  6]
  - 预测映射：[14  4  0  5  9 13  1 11  7 12  8  3  2  6 10]
[test_sample_04304] [T1x_rxn4993] ✅ 严格正确 | 原子数：15
[test_sample_04305] [T1x_rxn4994] ✅ 严格正确 | 原子数：15
[test_sample_04306] [T1x_rxn4995] ❌ 错误 | 原子数：15
  - 正确映射：[12  1  8  5  4 10 11 14  6  2  9  3 13  7  0]
  - 预测映射：[12  1  8  5  4 10 11  6 14  9  2  3 13  7  0]
[test_sample_04307] [T1x_rxn4996] ❌ 错误 | 原子数：15
  - 正确映射：[11  3  8  4  9  1  5 14  2 13 12 10  0  7  6]
  - 预测映射：[11  3  8  4  9  1  5 13 14  2 12 10  0  7  6]
[test_sample_04308] [T1x_rxn4997] ❌ 错误 | 原子数：15
  - 正确映射：[ 9  3  7  5  6  0 13  1 14 11 12 10  4  2  8]
  - 预测映射：[ 0 13  7  5  6  9  3  1 11 14 12  8  4  2 10]
[test_sample_04309] [T1x_rxn5322] ❌ 错误 | 原子数：15
  - 正确映射：[10  0  7  9  1  4 12  8 13  3  2 11  6 14  5]
  - 预测映射：[10  0  7  9  1  4 12  8  3  2 13 11  6 14  5]
[test_sample_04310] [T1x_rxn5323] ❌ 错误 | 原子数：15
  - 正确映射：[ 4  2  9  0  7  8  1  5  6 13 14 11 10 12  3]
  - 预测映射：[ 0  2  9  4  7  8  1  3 10 11 14 12 13  5  6]
[test_sample_04311] [T1x_rxn5324] ❌ 错误 | 原子数：15
  - 正确映射：[13  6  0 11 14  2  9  7  1  3 12  5  8 10  4]
  - 预测映射：[13  6  0 11 14  2  9  4  1  7 10 12  3  5  8]
[test_sample_04312] [T1x_rxn5325] ❌ 错误 | 原子数：15
  - 正确映射：[ 2  8  1 13  9 12  3  5 11  4  7 10  6 14  0]
  - 预测映射：[ 8 12  1 13  9  2  3  5  0 11  7  4  6 10 14]
[test_sample_04313] [T1x_rxn5326] ❌ 错误 | 原子数：15
  - 正确映射：[ 7 14 11  1  6  2  8  9 13  3 12  5  4 10  0]
  - 预测映射：[ 7 14 11  1  6  2  8  9 13  3 12  4  5 10  0]
[test_sample_04314] [T1x_rxn7479] ❌ 错误 | 原子数：15
  - 正确映射：[ 3  5 12  7  6  0 13 14  2  9 11  4  8 10  1]
  - 预测映射：[13  5  0  7  6 12  3 14  2  8  9  1 11  4 10]
[test_sample_04315] [T1x_rxn7480] ❌ 错误 | 原子数：15
  - 正确映射：[ 6  4  1  8 14 10 11 12  7  3  2 13  9  5  0]
  - 预测映射：[ 6  4  1  8 14 10 11 12  7  9 13  2  3  5  0]
[test_sample_04316] [T1x_rxn7481] ❌ 错误 | 原子数：15
  - 正确映射：[14  6  8  1  5 12  4 13 11  0  3  7 10  9  2]
  - 预测映射：[14  6  8  1  5 12  4  7  3  0 11 13 10  2  9]
[test_sample_04317] [T1x_rxn7482] ✅ 严格正确 | 原子数：15
[test_sample_04318] [T1x_rxn7483] ❌ 错误 | 原子数：15
  - 正确映射：[ 6 10 12  4  7  1  2  8 11  3  5  0 13 14  9]
  - 预测映射：[ 6 10 12  4  7  1  2  8 11  3  5  0  9 13 14]
[test_sample_04319] [T1x_rxn7484] ❌ 错误 | 原子数：15
  - 正确映射：[ 3 10  1  2  6  9  4 13  5 12 11  8 14  0  7]
  - 预测映射：[ 3 10  1  2  6  9  4  5 13 12 11  8 14  0  7]
[test_sample_04320] [T1x_rxn7485] ❌ 错误 | 原子数：15
  - 正确映射：[ 1  0 14  5 10  4  6 13  9 11  2  3  7  8 12]
  - 预测映射：[ 1  0 14  5 10  4  6  3 13 11  2  8  9  7 12]
[test_sample_04321] [T1x_rxn7486] ❌ 错误 | 原子数：15
  - 正确映射：[10  4  1  6  8 13 12  9  3  5 14 11  0  7  2]
  - 预测映射：[10  4  6 13  8  1 12  9 11 14  7  3  0  5  2]
[test_sample_04322] [T1x_rxn7487] ❌ 错误 | 原子数：15
  - 正确映射：[ 6 12 11 13  7  0 14  1  3  4  5  9  2  8 10]
  - 预测映射：[ 6 12  0 13  7 11 14  3  1  4  5  9  8  2 10]
[test_sample_04323] [T1x_rxn7757] ❌ 错误 | 原子数：15
  - 正确映射：[10  9  1  4 13 11  7  2  0  6 14 12  3  5  8]
  - 预测映射：[10  9  1  4 13 11  7  2  0  6 14 12  3  8  5]
[test_sample_04324] [T1x_rxn7758] ✅ 严格正确 | 原子数：15
[test_sample_04325] [T1x_rxn7759] ❌ 错误 | 原子数：15
  - 正确映射：[14  4  8  1  2 10  0  6  3 12  9 13 11  5  7]
  - 预测映射：[14  8  4  1  2 10  0  3 12  9 11  6 13  7  5]
[test_sample_04326] [T1x_rxn7760] ❌ 错误 | 原子数：15
  - 正确映射：[ 4  3  7  1 14  8  5 10 13  2  0  9 12 11  6]
  - 预测映射：[ 7  4  3  1 14  8  5  9 12  6 13  0 10  2 11]
[test_sample_04327] [T1x_rxn7761] ❌ 错误 | 原子数：15
  - 正确映射：[ 3  0  7  5  4  6  8  1 11 13 12 14 10  9  2]
  - 预测映射：[ 7  0  4  5  3  6  8 14  1 13  9 12 10  2 11]
[test_sample_04328] [T1x_rxn7762] ❌ 错误 | 原子数：15
  - 正确映射：[14  9  2  8 10  5  0 11  7 12  1  4  6 13  3]
  - 预测映射：[ 2  9 14  8 10  5  0  4  6  1  7 12 11 13  3]
[test_sample_04329] [T1x_rxn7763] ❌ 错误 | 原子数：15
  - 正确映射：[ 6  8 10  1 12 13 14  4 11  3  9  5  0  7  2]
  - 预测映射：[ 6  8 10  1 12 13 14  3  4 11  5  9  0  7  2]
[test_sample_04330] [T1x_rxn7764] ❌ 错误 | 原子数：15
  - 正确映射：[ 7  8  6  3 14 10  9 13 12  1 11  5  2  0  4]
  - 预测映射：[ 7  8  6  3 14 10  9 13 12  1 11  5  2  4  0]
[test_sample_04331] [T1x_rxn7765] ❌ 错误 | 原子数：15
  - 正确映射：[14 10  9  3  7 12  8  5  0 13 11  6  2  1  4]
  - 预测映射：[14 10  9  8  7 12  3  0  5 13 11  6  1  4  2]
[test_sample_04332] [T1x_rxn7766] ✅ 严格正确 | 原子数：15
[test_sample_04333] [T1x_rxn7767] ❌ 错误 | 原子数：15
  - 正确映射：[ 6  2  1 10  8  0 13  9  5  3 12 14  4  7 11]
  - 预测映射：[ 6  2  1 10  8  0 13  9  5  3 14 12  4  7 11]
[test_sample_04334] [T1x_rxn7768] ❌ 错误 | 原子数：15
  - 正确映射：[ 9 14  3 13  1 12 11 10  0  2  8  5  4  6  7]
  - 预测映射：[ 3 14  9 13  1 12 11  8  4  5  2  0 10  7  6]
[test_sample_04335] [T1x_rxn7769] ❌ 错误 | 原子数：15
  - 正确映射：[ 8 10 12  5  3  1  4  2  0  9 14  6 13 11  7]
  - 预测映射：[ 8 10 12  5  3  1  4  9  0 11  6  2 13 14  7]
[test_sample_04336] [T1x_rxn7828] ✅ 严格正确 | 原子数：15
[test_sample_04337] [T1x_rxn7829] ❌ 错误 | 原子数：15
  - 正确映射：[ 8 10 11  4  7  5 13  3  9  2  0  6 12  1 14]
  - 预测映射：[ 8  4 11 10  7 13  5  3  0  1  9 14 12  6  2]
[test_sample_04338] [T1x_rxn7830] ❌ 错误 | 原子数：15
  - 正确映射：[ 8 12  1  3  9 14  5  2  4  7  0 13 10 11  6]
  - 预测映射：[ 8 12  1  3  9 14  5  4  6  0  2 13 10  7 11]
[test_sample_04339] [T1x_rxn7831] ❌ 错误 | 原子数：15
  - 正确映射：[12  9  5 14  2 11  8  3  1  4  6 13  0 10  7]
  - 预测映射：[12  9  5 14  2 11  8  3  1  6  4 13 10  0  7]
[test_sample_04340] [T1x_rxn7832] ❌ 错误 | 原子数：15
  - 正确映射：[14  0  5  4  9 12  7  2 13 11  1  3  8  6 10]
  - 预测映射：[14  0  5  4  9 12  7  3  2  1 11  8 10 13  6]
[test_sample_04341] [T1x_rxn7833] ❌ 错误 | 原子数：15
  - 正确映射：[11 13  2  0 14  5  8  4  7  1  3 12  9  6 10]
  - 预测映射：[11 13  2  0 14  8  5  4  7  1 10  6  9  3 12]
[test_sample_04342] [T1x_rxn7834] ❌ 错误 | 原子数：15
  - 正确映射：[ 9  5  3  4  7 13 14  6 12 11  8 10  2  0  1]
  - 预测映射：[ 9  5  3  4  7 13 14  6 12  8 11 10  0  2  1]
[test_sample_04343] [T1x_rxn7835] ❌ 错误 | 原子数：15
  - 正确映射：[ 3 11  7  0 13  8  5  4  9  1  6  2 14 12 10]
  - 预测映射：[ 3 11  7  0 13  8  5  9  1  4  6 14  2 10 12]
[test_sample_04344] [T1x_rxn7836] ❌ 错误 | 原子数：15
  - 正确映射：[ 0  1  5  3 13  6 14 11  7  2 12  4  8  9 10]
  - 预测映射：[ 0  1  5  3 13 14  6 11  7 12  2  9  4 10  8]
[test_sample_04345] [T1x_rxn7837] ❌ 错误 | 原子数：15
  - 正确映射：[12  4  0  3 10 14  9  8  7  1 11 13  6  2  5]
  - 预测映射：[12  4  0  3 10  9 14  1 11  2  8  7  5 13  6]
[test_sample_04346] [T1x_rxn7838] ❌ 错误 | 原子数：15
  - 正确映射：[14  4  1  5 12  6  9 11  2  0  3 10  8  7 13]
  - 预测映射：[14  4  1  6 12  9  5 11  2  0 10  8 13  3  7]
[test_sample_04347] [T1x_rxn8674] ❌ 错误 | 原子数：15
  - 正确映射：[ 5  4  3  9 10 13 11  2  1  7 12  0 14  8  6]
  - 预测映射：[ 5  4  3  9 10 13 11  2 12  7  1 14  0  8  6]
[test_sample_04348] [T1x_rxn8675] ✅ 严格正确 | 原子数：15
[test_sample_04349] [T1x_rxn8676] ❌ 错误 | 原子数：15
  - 正确映射：[ 4 12  7 14  6  3 10  9 13  2  5  1  0  8 11]
  - 预测映射：[ 4 12  7 14  6  3 10  9 13  1  5  2  0  8 11]
[test_sample_04350] [T1x_rxn8677] ❌ 错误 | 原子数：15
  - 正确映射：[ 0  9  6 11  2  7  1  5 10 12  3  8 14 13  4]
  - 预测映射：[ 9  0  6 11  2  7  1 12  8  3 10  5 13 14  4]
[test_sample_04351] [T1x_rxn8678] ❌ 错误 | 原子数：15
  - 正确映射：[ 8 10  0  1 13  5  3  6  4 11  7 12 14  9  2]
  - 预测映射：[ 1 10  0  8 13  5  3 12 14  9  7  6  4 11  2]
[test_sample_04352] [T1x_rxn8679] ✅ 严格正确 | 原子数：15
[test_sample_04353] [T1x_rxn8680] ❌ 错误 | 原子数：15
  - 正确映射：[12  0  9 11  4 13  1  8  7  2 10  6  3 14  5]
  - 预测映射：[12  0  9 11  4 13  1  7 10  2  8  6  3 14  5]
[test_sample_04354] [T1x_rxn8681] ✅ 严格正确 | 原子数：15
[test_sample_04355] [T1x_rxn8820] ❌ 错误 | 原子数：15
  - 正确映射：[11  8  4  1  7  3  0  2  5 14  9 10 12  6 13]
  - 预测映射：[11  8  4  1  7  3  0  2 14  5  9 10 13  6 12]
[test_sample_04356] [T1x_rxn8821] ✅ 严格正确 | 原子数：15
[test_sample_04357] [T1x_rxn8822] ❌ 错误 | 原子数：15
  - 正确映射：[14  2  5 12  6 10  0 13  8  9  4  1  7  3 11]
  - 预测映射：[14  2  5 12  6 10  0 13  9  8  4  1 11  3  7]
[test_sample_04358] [T1x_rxn8823] ❌ 错误 | 原子数：15
  - 正确映射：[ 0  2  1 12  9 14  4 11 13  3  8  6  7  5 10]
  - 预测映射：[ 0  2  1 12  9 14  4 11  8  3 13  6 10  5  7]
[test_sample_04359] [T1x_rxn8824] ❌ 错误 | 原子数：15
  - 正确映射：[ 2  1 13  9  0  8  4  7  5 10  6 11 12  3 14]
  - 预测映射：[ 2  1 13  9  0  8  4  7  5 10 11  6 14  3 12]
[test_sample_04360] [T1x_rxn9491] ✅ 严格正确 | 原子数：15
[test_sample_04361] [T1x_rxn9492] ❌ 错误 | 原子数：15
  - 正确映射：[12  7 14 11  5  6  4  0  9  8  1  2 13 10  3]
  - 预测映射：[12 11 14  5  6  7  4  8  0 10 13  2  3  1  9]
[test_sample_04362] [T1x_rxn9540] ❌ 错误 | 原子数：15
  - 正确映射：[ 2 10 12 14  4  1 11  8  5  6 13  7  9  0  3]
  - 预测映射：[14 10 12  2  4  1 11  3  9  7 13  0  6  8  5]
[test_sample_04363] [T1x_rxn9844] ❌ 错误 | 原子数：15
  - 正确映射：[14 11  9  7 12 10  8  1  6  3  0  2 13  4  5]
  - 预测映射：[14 10  9  7 12 11  8  1  3  2  6  0 13  4  5]
[test_sample_04364] [T1x_rxn9893] ❌ 错误 | 原子数：15
  - 正确映射：[11 13  1  5 14 12  3  9  0 10  2  7  4  6  8]
  - 预测映射：[11 13  1  5 14 12  3  9  0 10  4  2  7  6  8]
[test_sample_04365] [T1x_rxn9894] ❌ 错误 | 原子数：15
  - 正确映射：[13  2  6 14 11  0  7 10  4  5  3  9 12  8  1]
  - 预测映射：[13  2  6 14 11  0  7 10 12  5  3  9  4  8  1]
[test_sample_04366] [T1x_rxn9905] ❌ 错误 | 原子数：15
  - 正确映射：[ 3  0  6 13  7 12  8  4 14  9  5  2 11  1 10]
  - 预测映射：[ 3  0  6  8  7 12 13 14  5 10 11  2  9  1  4]
[test_sample_04367] [T1x_rxn9906] ❌ 错误 | 原子数：15
  - 正确映射：[13  3  0  8  6  1  9 14 12 10  7  5  4  2 11]
  - 预测映射：[13  3  0  1  6  9  8 14 12  5  2  4 11 10  7]
[test_sample_04368] [T1x_rxn0057] ❌ 错误 | 原子数：13
  - 正确映射：[11  1 12 10  0  7  9  3  6  4  8  2  5]
  - 预测映射：[11  1 12 10  0  4  9  7  6  3  8  2  5]
[test_sample_04369] [T1x_rxn0058] ❌ 错误 | 原子数：13
  - 正确映射：[ 8  1  5  2 12  9 10 11  3  6  4  0  7]
  - 预测映射：[ 8  2  1  5 12  9 11 10  7  4  6  3  0]
[test_sample_04370] [T1x_rxn0059] ✅ 严格正确 | 原子数：13
[test_sample_04371] [T1x_rxn0060] ❌ 错误 | 原子数：13
  - 正确映射：[ 0  8  9  3  2  1 11  4 12  6  7  5 10]
  - 预测映射：[ 0  8  3  9  2 11  4 12  6 10  1  5  7]
[test_sample_04372] [T1x_rxn0061] ❌ 错误 | 原子数：13
  - 正确映射：[11 12  0  6  1  2  5 10  8  7  4  3  9]
  - 预测映射：[11 12  0  6  1  8  5 10  2  7  4  3  9]
[test_sample_04373] [T1x_rxn0242] ❌ 错误 | 原子数：13
  - 正确映射：[11  4  3  0  2  8 10  6  9  5  7  1 12]
  - 预测映射：[ 0  4 11  3  2  8 12  1  6  7 10  5  9]
[test_sample_04374] [T1x_rxn0243] ✅ 严格正确 | 原子数：13
[test_sample_04375] [T1x_rxn0244] ❌ 错误 | 原子数：13
  - 正确映射：[ 6  4 12  7  3 10  5  9  1  8 11  2  0]
  - 预测映射：[ 7  4 12  6  3  8  2 11  0  9  1  5 10]
[test_sample_04376] [T1x_rxn0245] ❌ 错误 | 原子数：13
  - 正确映射：[ 2  1  4  9  5  6 11 12 10  3  7  0  8]
  - 预测映射：[ 9  1  4  2  5 10  8  3 12 11  7  0  6]
[test_sample_04377] [T1x_rxn0246] ❌ 错误 | 原子数：13
  - 正确映射：[ 0  9  7  5 11 12  6  1  8  3  2  4 10]
  - 预测映射：[ 7  9  0  5 11  2  3  8  1  6 12  4 10]
[test_sample_04378] [T1x_rxn0247] ❌ 错误 | 原子数：13
  - 正确映射：[10  2  0  8  5  9  3 12  6 11  4  7  1]
  - 预测映射：[10  2  0  8  5  9  3 12  6 11  4  1  7]
[test_sample_04379] [T1x_rxn0248] ❌ 错误 | 原子数：13
  - 正确映射：[ 2  5  3  6  7  0 10  8 11 12  9  1  4]
  - 预测映射：[ 3  5  2  6  7 11 12  9  0 10  8  4  1]
[test_sample_04380] [T1x_rxn0254] ❌ 错误 | 原子数：13
  - 正确映射：[10 12  8  5  6 11  9  7  2  4  1  3  0]
  - 预测映射：[ 6  5  8 12 10  3  0  1  4  2  9  7 11]
[test_sample_04381] [T1x_rxn0255] ❌ 错误 | 原子数：13
  - 正确映射：[ 0  1 11 12  6  2  4  9  7  5  3 10  8]
  - 预测映射：[ 0  1 11 12  6  4  3  9  7  5 10  2  8]
[test_sample_04382] [T1x_rxn0256] ❌ 错误 | 原子数：13
  - 正确映射：[ 1 12  9  4 11  5  7  6  3  8 10  2  0]
  - 预测映射：[11 12  9  4  1  0  8 10  3  7  6  2  5]
[test_sample_04383] [T1x_rxn0257] ✅ 严格正确 | 原子数：13
[test_sample_04384] [T1x_rxn0258] ❌ 错误 | 原子数：13
  - 正确映射：[ 0  8  4 11  5  7 10 12  3  6  1  2  9]
  - 预测映射：[11  8  4  5  0  3  6 10  9  2 12  7  1]
[test_sample_04385] [T1x_rxn0259] ❌ 错误 | 原子数：13
  - 正确映射：[ 9  5  4 10 11  2 12  1  0  7  3  6  8]
  - 预测映射：[11 10  4  5  9  8  3  6  7  2  0  1 12]
[test_sample_04386] [T1x_rxn0260] ❌ 错误 | 原子数：13
  - 正确映射：[ 4  6  7  5 10 12 11  9  3  1  2  0  8]
  - 预测映射：[10  5  7  6  4  2  8  0  1  9 12 11  3]
[test_sample_04387] [T1x_rxn0261] ❌ 错误 | 原子数：13
  - 正确映射：[ 2 11  1 12 10  6  4  8  9  0  3  5  7]
  - 预测映射：[10 12  1 11  2  5  3  0  7  9  8  6  4]
[test_sample_04388] [T1x_rxn0420] ❌ 错误 | 原子数：13
  - 正确映射：[ 8 12  7 11  5  0 10  6  1  9  4  2  3]
  - 预测映射：[ 7 12  8 11  5  9  4  6  0  2 10  3  1]
[test_sample_04389] [T1x_rxn0421] ❌ 错误 | 原子数：13
  - 正确映射：[ 1  5  7  0  2  9 12 10  4  3 11  6  8]
  - 预测映射：[ 5  1  2  0  7 10  4  9 12  6  8  3 11]
[test_sample_04390] [T1x_rxn0422] ✅ 严格正确 | 原子数：13
[test_sample_04391] [T1x_rxn0423] ❌ 错误 | 原子数：13
  - 正确映射：[ 2 12  4  3  9  5  1 10  6  8  0 11  7]
  - 预测映射：[ 2  9  4  3 12  1  5  7 11  0  8 10  6]
[test_sample_04392] [T1x_rxn0424] ❌ 错误 | 原子数：13
  - 正确映射：[ 9  0  8  3 12  7 10  1 11  6  2  4  5]
  - 预测映射：[ 9 12  8  3  0  7 10  5  4  6  2 11  1]
[test_sample_04393] [T1x_rxn0584] ❌ 错误 | 原子数：13
  - 正确映射：[10 11  6  2  1 12  4  7  0  9  5  3  8]
  - 预测映射：[10 11  6  2  1 12  4  7  5  3  9  8  0]
[test_sample_04394] [T1x_rxn0585] ❌ 错误 | 原子数：13
  - 正确映射：[ 3  0  7  4  6  2  5  9 12  1 11  8 10]
  - 预测映射：[ 3  6  7  4  0 12  2 10 11  8  1  9  5]
[test_sample_04395] [T1x_rxn0586] ❌ 错误 | 原子数：13
  - 正确映射：[ 9  7  5  1  0  8  6 11  3  2 10  4 12]
  - 预测映射：[ 9  5  7  1  0 11  6  3  8 10  2 12  4]
[test_sample_04396] [T1x_rxn0587] ❌ 错误 | 原子数：13
  - 正确映射：[ 8 10  6  1  7  3  9 12  4 11  5  0  2]
  - 预测映射：[ 8 10  6  1  7  9 12  4 11  5  0  2  3]
[test_sample_04397] [T1x_rxn0588] ❌ 错误 | 原子数：13
  - 正确映射：[ 3  5 12  0 11  2  1 10  6  7  9  4  8]
  - 预测映射：[ 3  5 12 11  0  1 10  2  6  4  8  7  9]
[test_sample_04398] [T1x_rxn0589] ✅ 严格正确 | 原子数：13
[test_sample_04399] [T1x_rxn0918] ✅ 严格正确 | 原子数：13
[test_sample_04400] [T1x_rxn0919] ❌ 错误 | 原子数：13
  - 正确映射：[10  2  5  6  3  9  4  1 12  8  7  0 11]
  - 预测映射：[ 5  2 10  6  3  7  8  0  9  1 12 11  4]
[test_sample_04401] [T1x_rxn0920] ❌ 错误 | 原子数：13
  - 正确映射：[ 3  0  2 11  4 10  7  1  8  5  9  6 12]
  - 预测映射：[ 3 11  2  0  4  1  7 12  5  9 10  6  8]
[test_sample_04402] [T1x_rxn0921] ✅ 严格正确 | 原子数：13
[test_sample_04403] [T1x_rxn0922] ❌ 错误 | 原子数：13
  - 正确映射：[11  9  0 10  5  8 12  4  2  6  7  3  1]
  - 预测映射：[ 0  9 11 10  5  7  3  6  1  4  8 12  2]
[test_sample_04404] [T1x_rxn0923] ❌ 错误 | 原子数：13
  - 正确映射：[10  4  0  6  9  5 12  1  3 11  8  2  7]
  - 预测映射：[ 0  4 10  6  9  3  8 11  7  1  5 12  2]
[test_sample_04405] [T1x_rxn0924] ❌ 错误 | 原子数：13
  - 正确映射：[ 7  5  8 11  0  4  6 12 10  9  2  1  3]
  - 预测映射：[ 7  5  8 11  0  4 12 10  2  1  6  9  3]
[test_sample_04406] [T1x_rxn0925] ❌ 错误 | 原子数：13
  - 正确映射：[ 8  3 12  7  5  9 10  1  0  6  4 11  2]
  - 预测映射：[12  7  3  8  5 11  6  2  4  9  0  1 10]
[test_sample_04407] [T1x_rxn1720] ❌ 错误 | 原子数：13
  - 正确映射：[ 7  1  5  8  0 12 11  2  9 10  4  6  3]
  - 预测映射：[ 7  1  0  8  5 11  6  4  3  9 10 12  2]
[test_sample_04408] [T1x_rxn1721] ❌ 错误 | 原子数：13
  - 正确映射：[10  8 12 11  3  4  1  6  7  9  0  5  2]
  - 预测映射：[10 12 11  8  3  4  5  9  6  0  7  2  1]
[test_sample_04409] [T1x_rxn1722] ❌ 错误 | 原子数：13
  - 正确映射：[ 4  7 11  0  6  2  8 10  9  3  5  1 12]
  - 预测映射：[ 4  7  6  0 11  2  8  1 12  3  5 10  9]
[test_sample_04410] [T1x_rxn1755] ✅ 严格正确 | 原子数：13
[test_sample_04411] [T1x_rxn1756] ❌ 错误 | 原子数：13
  - 正确映射：[ 8 10  1 12  3  7  2  9 11  4  5  0  6]
  - 预测映射：[ 8 10  3 12  1  2  7  9 11  6  0  5  4]
[test_sample_04412] [T1x_rxn1757] ❌ 错误 | 原子数：13
  - 正确映射：[ 9  6 10  3  8  7  2 11  4  1  5  0 12]
  - 预测映射：[10  6  8  3  9  2  5  1  4  0 12  7 11]
[test_sample_04413] [T1x_rxn1758] ❌ 错误 | 原子数：13
  - 正确映射：[ 7  0  9 10  2 12 11  1  6  8  5  4  3]
  - 预测映射：[ 7  0  9 10  2 12  4 11  6  8  5  3  1]
[test_sample_04414] [T1x_rxn2388] ❌ 错误 | 原子数：13
  - 正确映射：[ 2 10 12  0  8  4  6  7  9  5  3  1 11]
  - 预测映射：[ 2 10 12  0  8  9  4  6 11  3  7  1  5]
[test_sample_04415] [T1x_rxn2389] ❌ 错误 | 原子数：13
  - 正确映射：[10  1 11 12  3  7  4  6  8  5  9  0  2]
  - 预测映射：[12  1 11  3 10  4  5  9  8  2  0  7  6]
[test_sample_04416] [T1x_rxn2390] ✅ 严格正确 | 原子数：13
[test_sample_04417] [T1x_rxn2412] ❌ 错误 | 原子数：13
  - 正确映射：[ 0  6  2  3 12  5  4 10  1  8  9 11  7]
  - 预测映射：[ 0  6  3  2 12  5 10  4  1  7 11  9  8]
[test_sample_04418] [T1x_rxn2413] ❌ 错误 | 原子数：13
  - 正确映射：[10  6 11  3  4  1  0 12  2  8  9  7  5]
  - 预测映射：[10  6 11  3  4  0  9 12  2  8  1  7  5]
[test_sample_04419] [T1x_rxn2414] ✅ 严格正确 | 原子数：13
[test_sample_04420] [T1x_rxn2415] ❌ 错误 | 原子数：13
  - 正确映射：[ 5  2  4  1  7 11  3 12 10  0  9  6  8]
  - 预测映射：[ 5  2  4  1  7 12  3  9 10  0  6  8 11]
[test_sample_04421] [T1x_rxn2416] ❌ 错误 | 原子数：13
  - 正确映射：[ 7  3  0 12  6  4  5 10  1  9 11  2  8]
  - 预测映射：[ 7  3  0 12  6 10  4  5  1  9 11  2  8]
[test_sample_04422] [T1x_rxn2417] ❌ 错误 | 原子数：13
  - 正确映射：[ 0  9  1  3  4  7  2  6 11 12 10  5  8]
  - 预测映射：[ 0  9  1  3  4  7  2  6 11 10  5  8 12]
[test_sample_04423] [T1x_rxn2418] ❌ 错误 | 原子数：13
  - 正确映射：[ 9  7 11  0  5  8  3  2 10  1  6  4 12]
  - 预测映射：[ 0 11  9  7  5  4 12  1  6  3  2 10  8]
[test_sample_04424] [T1x_rxn2419] ❌ 错误 | 原子数：13
  - 正确映射：[ 4  1 10  8  9  2 11  7  5  3 12  0  6]
  - 预测映射：[10  1  4  8  9  3 12  7  5  2 11  0  6]
[test_sample_04425] [T1x_rxn2722] ❌ 错误 | 原子数：13
  - 正确映射：[ 5 10  1 11  8  4  6  9  7 12  3  2  0]
  - 预测映射：[10 11  1  8  5  6  7 12  3  9  0  4  2]
[test_sample_04426] [T1x_rxn2723] ❌ 错误 | 原子数：13
  - 正确映射：[ 4  7 12  3  6 10 11  2  1  8  5  9  0]
  - 预测映射：[ 4  7 12  3  6  2  5  1  0 11  8 10  9]
[test_sample_04427] [T1x_rxn2724] ❌ 错误 | 原子数：13
  - 正确映射：[ 1  0 10 12  6  8  3  5  9  7  2 11  4]
  - 预测映射：[ 1  0 10  6 12  8  9  5  2  4 11  3  7]
[test_sample_04428] [T1x_rxn2725] ❌ 错误 | 原子数：13
  - 正确映射：[10  2  9  7 12  6  4  3  5 11  1  8  0]
  - 预测映射：[10  2  9 12  7  4  6  3  5 11  8  1  0]
[test_sample_04429] [T1x_rxn2726] ❌ 错误 | 原子数：13
  - 正确映射：[ 6  3  5 12  9  2  7  1  0 11 10  4  8]
  - 预测映射：[12  3  5  9  6  8 10 11  0  2  1  4  7]
[test_sample_04430] [T1x_rxn2945] ❌ 错误 | 原子数：13
  - 正确映射：[ 2  0  1  9  4  3  7 12  8 11  6  5 10]
  - 预测映射：[ 2  0  1  9  4  3  7 12  5 11  8  6 10]
[test_sample_04431] [T1x_rxn2946] ❌ 错误 | 原子数：13
  - 正确映射：[10 12  7  9 11  6  3  2  1  4  8  0  5]
  - 预测映射：[ 7 12 10  9 11  4  0  8  2  6  3  1  5]
[test_sample_04432] [T1x_rxn2947] ❌ 错误 | 原子数：13
  - 正确映射：[12  8  1 11  3  4  5  2 10  6  9  7  0]
  - 预测映射：[12  8  1 11  3  4  2  5 10  7  9  6  0]
[test_sample_04433] [T1x_rxn2948] ❌ 错误 | 原子数：13
  - 正确映射：[ 0  4  9  8  1  7 11  3 12  6  5 10  2]
  - 预测映射：[ 0  4  9  8  1 12 11  3  7  5  6 10  2]
[test_sample_04434] [T1x_rxn2949] ❌ 错误 | 原子数：13
  - 正确映射：[ 9  7  5 10  0  8  2  1  6  3 11 12  4]
  - 预测映射：[ 5  7  9 10  0 11 12  6  2  8  1  4  3]
[test_sample_04435] [T1x_rxn4487] ❌ 错误 | 原子数：13
  - 正确映射：[ 7  6 11  0  2 10  1  4  5  9  8 12  3]
  - 预测映射：[ 7  6 11  0  2  1  9 10  4  8  5  3 12]
[test_sample_04436] [T1x_rxn4488] ❌ 错误 | 原子数：13
  - 正确映射：[11 12  8  3  7  2  5  4  0 10  9  1  6]
  - 预测映射：[11 12  8  3  7  2  0  4  5 10  9  1  6]
[test_sample_04437] [T1x_rxn4489] ❌ 错误 | 原子数：13
  - 正确映射：[10  8  0  9  5  7  1 12  2  3  6  4 11]
  - 预测映射：[10  8  0  9  5 12  7  1  6  2 11  4  3]
[test_sample_04438] [T1x_rxn4490] ✅ 严格正确 | 原子数：13
[test_sample_04439] [T1x_rxn4491] ❌ 错误 | 原子数：13
  - 正确映射：[ 4 10  6  0  8  7  1 11 12  3  2  9  5]
  - 预测映射：[ 4  6 10  0  8 11  1  7 12  2  3  5  9]
[test_sample_04440] [T1x_rxn4492] ✅ 严格正确 | 原子数：13
[test_sample_04441] [T1x_rxn4493] ❌ 错误 | 原子数：13
  - 正确映射：[11  8  3  4  7  6  2  9 12  5  0 10  1]
  - 预测映射：[11  8  3  4  7  6  2  5 12  9  1 10  0]
[test_sample_04442] [T1x_rxn4494] ❌ 错误 | 原子数：13
  - 正确映射：[ 5  9  6  3  4 12 10  1  0  7 11  8  2]
  - 预测映射：[ 5  9  6  3  4 12  1 10  7  0 11  2  8]
[test_sample_04443] [T1x_rxn4495] ❌ 错误 | 原子数：13
  - 正确映射：[ 1 10 11  7  4 12  3  6  0  9  8  5  2]
  - 预测映射：[ 1 10 11  7  4 12  3  9  6  0  2  5  8]
[test_sample_04444] [T1x_rxn4496] ✅ 严格正确 | 原子数：13
[test_sample_04445] [T1x_rxn8942] ❌ 错误 | 原子数：13
  - 正确映射：[12  3  8 10  0 11  2  5  4  1  6  7  9]
  - 预测映射：[12  3  8 10  0  2 11  5  1  4  7  6  9]
[test_sample_04446] [T1x_rxn8943] ❌ 错误 | 原子数：13
  - 正确映射：[ 1  4 12  2  7  5  8  3 11 10  6  9  0]
  - 预测映射：[ 1  4 12  2  7 10  5  3  8  0  6  9 11]
[test_sample_04447] [T1x_rxn8954] ❌ 错误 | 原子数：13
  - 正确映射：[ 3  0 12  4  9 10  5  7  2 11  1  6  8]
  - 预测映射：[ 9  4 12  0  3  8  6  1 11  7  2 10  5]
[test_sample_04448] [T1x_rxn8982] ❌ 错误 | 原子数：13
  - 正确映射：[ 6 11 12  2  7  8  0 10  1  4  3  9  5]
  - 预测映射：[11  6  7  2 12  1 10  0  8  5  9  3  4]
[test_sample_04449] [T1x_rxn9136] ❌ 错误 | 原子数：13
  - 正确映射：[ 6  9 11  2 12  3  0  4  5  7  1  8 10]
  - 预测映射：[ 6  9 12  2 11  3  0  8 10  7  1  4  5]
[test_sample_04450] [T1x_rxn9142] ✅ 严格正确 | 原子数：13
[test_sample_04451] [T1x_rxn9220] ❌ 错误 | 原子数：13
  - 正确映射：[ 7  8  2 12  0  5  3  4  1  9  6 10 11]
  - 预测映射：[ 7  8  2 12  0  3  5  4 11  6  1 10  9]
[test_sample_04452] [T1x_rxn9223] ❌ 错误 | 原子数：13
  - 正确映射：[10  5  6  7  9 12  4 11  8  0  2  1  3]
  - 预测映射：[10  5  6  7  9 12 11  4  2  1  0  3  8]
[test_sample_04453] [T1x_rxn9263] ❌ 错误 | 原子数：13
  - 正确映射：[ 0 10  7  3 12  1  2  6  5  4  9  8 11]
  - 预测映射：[12  3  7  0 10  4  8 11  5  2  1  9  6]
[test_sample_04454] [T1x_rxn0139] ✅ 严格正确 | 原子数：14
[test_sample_04455] [T1x_rxn0140] ✅ 严格正确 | 原子数：14
[test_sample_04456] [T1x_rxn0141] ❌ 错误 | 原子数：14
  - 正确映射：[ 4  9  3  1  2 13 11  7  8 12  0  6 10  5]
  - 预测映射：[ 9  4  3  1  2 13  5  0 12  8  7  6 10 11]
[test_sample_04457] [T1x_rxn0142] ❌ 错误 | 原子数：14
  - 正确映射：[10  6 12  5  2  1 11  4  3  7  0  8  9 13]
  - 预测映射：[10  6 12  5  2  1 11  4  3  7  0 13  8  9]
[test_sample_04458] [T1x_rxn0143] ❌ 错误 | 原子数：14
  - 正确映射：[10 12  7  2  3  6 13  9  1  5  0  4 11  8]
  - 预测映射：[10 12  7  2  3  6  5 13  9  1  0  4  8 11]
[test_sample_04459] [T1x_rxn0144] ❌ 错误 | 原子数：14
  - 正确映射：[ 7 10 13 12  6  9  0  1  2 11  3  4  8  5]
  - 预测映射：[ 7 10  9  6 12 13  1  2 11  3  5  4  8  0]
[test_sample_04460] [T1x_rxn0145] ❌ 错误 | 原子数：14
  - 正确映射：[ 1  8  5 13  2  3 12 11  7  0  4 10  9  6]
  - 预测映射：[ 1  8  5 13  2  3  4 12  7 11  0  9 10  6]
[test_sample_04461] [T1x_rxn0146] ❌ 错误 | 原子数：14
  - 正确映射：[13  6  2 12  9  8 10  0  1 11  5  7  3  4]
  - 预测映射：[13  6  2  9 12  8  0 11  1  5 10  7  3  4]
[test_sample_04462] [T1x_rxn0147] ❌ 错误 | 原子数：14
  - 正确映射：[ 2  7  6  0  9 12 11 13  5  1  3  4 10  8]
  - 预测映射：[ 2  7  6  0  9 12 11 13  5  3 10  4  8  1]
[test_sample_04463] [T1x_rxn0320] ❌ 错误 | 原子数：14
  - 正确映射：[ 3 12  1 10  0  4 11 13  6  7  5  2  8  9]
  - 预测映射：[ 3 12  1 10  0  4  6  5  9 13 11  2  8  7]
[test_sample_04464] [T1x_rxn0321] ❌ 错误 | 原子数：14
  - 正确映射：[ 6 11  3  7 12 10 13  5  1  4  0  8  9  2]
  - 预测映射：[ 6 11  3  7 12 10 13  1  0  5  4  8  9  2]
[test_sample_04465] [T1x_rxn0322] ✅ 严格正确 | 原子数：14
[test_sample_04466] [T1x_rxn0323] ❌ 错误 | 原子数：14
  - 正确映射：[ 6  3  4 11  7 10  2  9  1  0 13  5  8 12]
  - 预测映射：[ 3  4  7 10  6 11  0 13  1 12  5  8  9  2]
[test_sample_04467] [T1x_rxn0324] ✅ 严格正确 | 原子数：14
[test_sample_04468] [T1x_rxn0325] ❌ 错误 | 原子数：14
  - 正确映射：[ 8 12  1  6  3  5  7 11  0  4 10  9 13  2]
  - 预测映射：[ 8  3  1  5 12  6  0 13 11  7  2 10  9  4]
[test_sample_04469] [T1x_rxn0326] ✅ 严格正确 | 原子数：14
[test_sample_04470] [T1x_rxn0327] ❌ 错误 | 原子数：14
  - 正确映射：[ 4  3  8  7 10  6  2 13  9 12 11  1  0  5]
  - 预测映射：[ 4  3  8  7 10  6  2  9 11 13 12  0  5  1]
[test_sample_04471] [T1x_rxn0328] ❌ 错误 | 原子数：14
  - 正确映射：[ 8  3  6  5  4  2 11 13  9  0  7  1 12 10]
  - 预测映射：[ 3  8  6  5  4  2  7  1 11  0 13 12 10  9]
[test_sample_04472] [T1x_rxn0329] ❌ 错误 | 原子数：14
  - 正确映射：[ 8  4  5 13  3  9 11 12  2 10  1  0  6  7]
  - 预测映射：[ 8  4  5 13  3  9 11 12  2 10  1  0  7  6]
[test_sample_04473] [T1x_rxn0330] ❌ 错误 | 原子数：14
  - 正确映射：[ 1 12  8  0 13  7  6  9  5 11  3  2  4 10]
  - 预测映射：[12  1 13  7  8  0  5  2  3  9  6 10  4 11]
[test_sample_04474] [T1x_rxn0929] ❌ 错误 | 原子数：14
  - 正确映射：[ 9  6 13  7  5  8  3 11  0  2 12  4 10  1]
  - 预测映射：[ 8  5  7  9  6 13  1  4 10  0  3  2 12 11]
[test_sample_04475] [T1x_rxn0930] ❌ 错误 | 原子数：14
  - 正确映射：[ 5  4 10  6  0  2  7 11  8  9  3  1 12 13]
  - 预测映射：[ 2  0  6 10  4  5 13  1 12  8  3 11  7  9]
[test_sample_04476] [T1x_rxn0931] ❌ 错误 | 原子数：14
  - 正确映射：[ 9  6  1 12  0  7 11  8  3  5 13  4 10  2]
  - 预测映射：[ 9  6  1 12  0  7 11  8  3  5 13  2 10  4]
[test_sample_04477] [T1x_rxn0932] ✅ 严格正确 | 原子数：14
[test_sample_04478] [T1x_rxn0939] ❌ 错误 | 原子数：14
  - 正确映射：[11  4  7  5  1 13  8 10  9  0  2  3  6 12]
  - 预测映射：[11  4  7  5  1 13  8 10  9  0  2  6  3 12]
[test_sample_04479] [T1x_rxn0940] ❌ 错误 | 原子数：14
  - 正确映射：[ 1  3  9  0  2  6  4 13  8  7 11 10 12  5]
  - 预测映射：[ 1  3  9  0  2  6 13  4  8 11  7 10  5 12]
[test_sample_04480] [T1x_rxn0941] ❌ 错误 | 原子数：14
  - 正确映射：[10 12  8  3 13  9  1  2  4 11  6  5  0  7]
  - 预测映射：[ 3  9 13 12  8 10  6  5  0 11  7  4  2  1]
[test_sample_04481] [T1x_rxn0942] ❌ 错误 | 原子数：14
  - 正确映射：[ 4 10  1  3  9 12 13  5  0  7  6  8  2 11]
  - 预测映射：[ 4 10  1  3  9 12 13  5  0  7  6  8 11  2]
[test_sample_04482] [T1x_rxn0943] ❌ 错误 | 原子数：14
  - 正确映射：[11 12  2  0  8  6  9  4 13 10  3  1  7  5]
  - 预测映射：[11 12  2  0  8  6  4  3 13  9 10  1  7  5]
[test_sample_04483] [T1x_rxn1135] ❌ 错误 | 原子数：14
  - 正确映射：[ 3 11  0  1  9 10  7 13 12  6  5  8  4  2]
  - 预测映射：[10  1  0 11  9  3  8  4  2  5 12  6 13  7]
[test_sample_04484] [T1x_rxn1136] ❌ 错误 | 原子数：14
  - 正确映射：[ 6  1  3 11 12  0 10  5 13  8  2  9  7  4]
  - 预测映射：[ 0 11 12  6  3  1  4  9  7 13  2  8 10  5]
[test_sample_04485] [T1x_rxn1137] ❌ 错误 | 原子数：14
  - 正确映射：[11  2  7 12  9  4  5  0 13 10  6  1  8  3]
  - 预测映射：[11 12  9  2  7  4  8 13  0  5 10  3  6  1]
[test_sample_04486] [T1x_rxn1138] ❌ 错误 | 原子数：14
  - 正确映射：[ 5  2 13 12  6  8  9  3 10  4  0  1  7 11]
  - 预测映射：[ 8 12  6  2 13  5  1  7 11  4  0  9  3 10]
[test_sample_04487] [T1x_rxn1139] ❌ 错误 | 原子数：14
  - 正确映射：[13  7  3  4  9 10  0 11 12  8  1  6  2  5]
  - 预测映射：[10 13  9  4  3  7  2  6 12  0 11  1  8  5]
[test_sample_04488] [T1x_rxn1140] ❌ 错误 | 原子数：14
  - 正确映射：[ 8  6 13 11  7  2 10  3  5  0  9  1 12  4]
  - 预测映射：[ 2 11  7  6 13  8  0  4 12  1  9  5  3 10]
[test_sample_04489] [T1x_rxn1141] ✅ 严格正确 | 原子数：14
[test_sample_04490] [T1x_rxn1142] ❌ 错误 | 原子数：14
  - 正确映射：[ 1  5 11  3  0  8 12  6 13  9  7 10  2  4]
  - 预测映射：[ 1  5 11  3  0  8 12  6 13  9  7  2 10  4]
[test_sample_04491] [T1x_rxn1339] ❌ 错误 | 原子数：14
  - 正确映射：[ 9  3 11  6 12  4  0 13  1  5 10  7  8  2]
  - 预测映射：[ 9  3 11  6 12  4  2 13  0  5 10  1  7  8]
[test_sample_04492] [T1x_rxn1340] ❌ 错误 | 原子数：14
  - 正确映射：[12  4  6 13  1  3  0  5  2  8  9 10  7 11]
  - 预测映射：[12  4  6 13  1  3  0 11  9  2 10  8  5  7]
[test_sample_04493] [T1x_rxn1341] ❌ 错误 | 原子数：14
  - 正确映射：[11  1  4  7 13  2  5  3  6  9 10 12  8  0]
  - 预测映射：[11  1  2  7 13  4  6  3  5  8  0 10 12  9]
[test_sample_04494] [T1x_rxn1342] ✅ 严格正确 | 原子数：14
[test_sample_04495] [T1x_rxn1343] ❌ 错误 | 原子数：14
  - 正确映射：[11  9  2  4 13  0  1 12  5 10  7  3  6  8]
  - 预测映射：[11  9  2  4 13  0  1  6  5 12  7 10  3  8]
[test_sample_04496] [T1x_rxn1344] ❌ 错误 | 原子数：14
  - 正确映射：[12  1  5  9  8  0 11  2  3  4 10  7  6 13]
  - 预测映射：[12  1  9  5  8  0  3 11 10  7  4  2  6 13]
[test_sample_04497] [T1x_rxn1345] ❌ 错误 | 原子数：14
  - 正确映射：[ 1 10  0  4  5  7  9  3  6  8 12 13 11  2]
  - 预测映射：[ 1 10  0  4  5  7  3  2  8 13  6 12 11  9]
[test_sample_04498] [T1x_rxn1346] ❌ 错误 | 原子数：14
  - 正确映射：[ 1 10  9 12 11  5  0  8  4  3  7  6 13  2]
  - 预测映射：[ 1 10  5  9 11 12  7  0  2  8 13  3  4  6]
[test_sample_04499] [T1x_rxn1347] ❌ 错误 | 原子数：14
  - 正确映射：[11 13  1  2  3  9  7 10 12  6  0  5  8  4]
  - 预测映射：[11 13  1  2  3  9  7 10  6  5 12  0  8  4]
[test_sample_04500] [T1x_rxn1348] ❌ 错误 | 原子数：14
  - 正确映射：[ 1  4 12  2  5 10  7 13 11  9  6  3  0  8]
  - 预测映射：[ 1 12  4 10  5  2  6  9 11 13  8  0  7  3]
[test_sample_04501] [T1x_rxn1349] ❌ 错误 | 原子数：14
  - 正确映射：[ 7  8 12  1  6 13  0  5  4 11  3  9  2 10]
  - 预测映射：[ 7  8 12 13  6  1  5  0 11  4  2 10  3  9]
[test_sample_04502] [T1x_rxn1350] ✅ 严格正确 | 原子数：14
[test_sample_04503] [T1x_rxn1351] ❌ 错误 | 原子数：14
  - 正确映射：[10  4  9  5  8  1 11 13  3  0  2  7  6 12]
  - 预测映射：[10  4  9  5  8  1 11 13  0  7  3  2  6 12]
[test_sample_04504] [T1x_rxn1352] ❌ 错误 | 原子数：14
  - 正确映射：[ 1 13  8 11  3 10  6  2  0  9 12  5  4  7]
  - 预测映射：[ 1 11  8 10  3 13  5 12  0  2  9  4  7  6]
[test_sample_04505] [T1x_rxn1353] ❌ 错误 | 原子数：14
  - 正确映射：[ 0  8  4  1 13  7  3 11  6  9 10  2 12  5]
  - 预测映射：[ 0  4  8  7 13  1  6  9  3 11  5 12  2 10]
[test_sample_04506] [T1x_rxn1354] ❌ 错误 | 原子数：14
  - 正确映射：[ 0  5  6  4 13 10  9  2 12  3  8  7  1 11]
  - 预测映射：[ 0  5  6  4 13 10  9  2  8  3  7 12  1 11]
[test_sample_04507] [T1x_rxn1355] ❌ 错误 | 原子数：14
  - 正确映射：[ 1  2  0  6 11  3 13 12  8  9 10  5  7  4]
  - 预测映射：[ 1  2  0  6 11  3 13 12  8  9 10  7  5  4]
[test_sample_04508] [T1x_rxn1356] ✅ 严格正确 | 原子数：14
[test_sample_04509] [T1x_rxn1518] ❌ 错误 | 原子数：14
  - 正确映射：[12  8 11  9  3  4  7  2  0  6 10  5 13  1]
  - 预测映射：[12  8 11  9  3  4  7  0 10  2  6  5 13  1]
[test_sample_04510] [T1x_rxn1519] ❌ 错误 | 原子数：14
  - 正确映射：[13  7  4  2  9  8 11  0  1 10  3 12  5  6]
  - 预测映射：[13  7  4  2  9  8  1 11  0  3 10 12  5  6]
[test_sample_04511] [T1x_rxn1520] ❌ 错误 | 原子数：14
  - 正确映射：[ 7  9 11  8  1 12  0 13  6  2  5  4  3 10]
  - 预测映射：[ 7  9 11  8  1 12  6  0 13  5  2  4  3 10]
[test_sample_04512] [T1x_rxn1565] ❌ 错误 | 原子数：14
  - 正确映射：[12  2 13  3  5  7  6  4 10  9  0  1  8 11]
  - 预测映射：[12  7  5  3 13  2  6  4 11  8  0  1  9 10]
[test_sample_04513] [T1x_rxn1566] ❌ 错误 | 原子数：14
  - 正确映射：[ 5 11 10 13  3  8  7 12  2  1  0  6  9  4]
  - 预测映射：[ 5 11 10  8  3 13 12  7  2  1  9  4  0  6]
[test_sample_04514] [T1x_rxn1567] ❌ 错误 | 原子数：14
  - 正确映射：[ 9 13  1  2 11  8  0  3  6  7  5  4 10 12]
  - 预测映射：[ 9 13  1  2 11  8  0  7  6  4  5 10  3 12]
[test_sample_04515] [T1x_rxn1568] ❌ 错误 | 原子数：14
  - 正确映射：[ 1  5  0  2  6  7  4  9 11  8 10 13 12  3]
  - 预测映射：[ 1  7  6  2  0  5  4  9  3 12 10 13  8 11]
[test_sample_04516] [T1x_rxn1569] ❌ 错误 | 原子数：14
  - 正确映射：[ 9  6  7  3  0  4 12  2  8  5 13 10 11  1]
  - 预测映射：[ 9  3  0  4  7  6 12  5 10 13 11  1  8  2]
[test_sample_04517] [T1x_rxn1570] ✅ 严格正确 | 原子数：14
[test_sample_04518] [T1x_rxn1571] ❌ 错误 | 原子数：14
  - 正确映射：[ 1 13  5  9  8  6 11  0  3  2 10  4 12  7]
  - 预测映射：[ 1  6  8  9  5 13 11  0  7 12 10  4  2  3]
[test_sample_04519] [T1x_rxn1649] ✅ 严格正确 | 原子数：14
[test_sample_04520] [T1x_rxn1650] ✅ 严格正确 | 原子数：14
[test_sample_04521] [T1x_rxn1651] ❌ 错误 | 原子数：14
  - 正确映射：[ 1  4  0  6  3  9 12  5  8 11  2  7 13 10]
  - 预测映射：[ 1  4  0  6  3  9 12 11  5  7  2 13  8 10]
[test_sample_04522] [T1x_rxn1811] ❌ 错误 | 原子数：14
  - 正确映射：[ 1  5  0 13  7  2  6  3 10  8  9  4 12 11]
  - 预测映射：[ 1  5  0 13  7  2 10  3  6  9  8  4 12 11]
[test_sample_04523] [T1x_rxn1812] ❌ 错误 | 原子数：14
  - 正确映射：[10  0  8  4 11  7  3 13  6 12  2  9  5  1]
  - 预测映射：[10  0 11  4  8  7  6 13  3  1  5  9  2 12]
[test_sample_04524] [T1x_rxn1813] ✅ 严格正确 | 原子数：14
[test_sample_04525] [T1x_rxn1814] ❌ 错误 | 原子数：14
  - 正确映射：[ 7  3  5 12 13  1  9  8  6 11  0  2 10  4]
  - 预测映射：[ 7  3  5 12 13  1  6  8  9 11  0 10  2  4]
[test_sample_04526] [T1x_rxn1815] ❌ 错误 | 原子数：14
  - 正确映射：[ 5  1 10 11 13  0  6  3  4  9  7  8 12  2]
  - 预测映射：[ 5  1 10 11 13  0  4  6  3  8  9 12  7  2]
[test_sample_04527] [T1x_rxn1816] ❌ 错误 | 原子数：14
  - 正确映射：[ 8  6  0  3 12  7  2  9 13  5  4  1 10 11]
  - 预测映射：[ 8  6  0  3 12  7  2  9 13  5  1 11  4 10]
[test_sample_04528] [T1x_rxn1817] ❌ 错误 | 原子数：14
  - 正确映射：[ 6  2 13  3  0 10  1  5  7 11  8  4 12  9]
  - 预测映射：[ 6  2 13  3  0 10  8  5  7 12 11  4  1  9]
[test_sample_04529] [T1x_rxn1970] ❌ 错误 | 原子数：14
  - 正确映射：[12  0 11  8  6  2 13 10  5  7  9  4  3  1]
  - 预测映射：[12  0 11  6  8  2 13 10  5  7  9  1  3  4]
[test_sample_04530] [T1x_rxn1971] ❌ 错误 | 原子数：14
  - 正确映射：[ 8  9 10  1 11  4  7  0  3  2 13 12  6  5]
  - 预测映射：[ 8  9 10 11  1  4  3  7  0  5  6  2 12 13]
[test_sample_04531] [T1x_rxn1972] ❌ 错误 | 原子数：14
  - 正确映射：[ 7 10  0  4  3  9 12  8  2  6  1 13 11  5]
  - 预测映射：[ 7 10  0  4  3  9 12  8  2  6  1 13  5 11]
[test_sample_04532] [T1x_rxn1973] ❌ 错误 | 原子数：14
  - 正确映射：[13  5  3 10  7  0  9  6  8 11  4  2  1 12]
  - 预测映射：[13  5  3 10  7  0  9  6  8 11  4  2 12  1]
[test_sample_04533] [T1x_rxn1974] ❌ 错误 | 原子数：14
  - 正确映射：[ 3 11  0  5  1  2  6 10 12  7 13  8  4  9]
  - 预测映射：[ 3 11  0  5  1  2 10  6 12  8 13  7  9  4]
[test_sample_04534] [T1x_rxn1975] ✅ 严格正确 | 原子数：14
[test_sample_04535] [T1x_rxn1976] ❌ 错误 | 原子数：14
  - 正确映射：[ 0  5  9 11  8 10  7 13 12  4  1  6  2  3]
  - 预测映射：[ 0  5  9 11  8 10  7 13 12  4  2  1  6  3]
[test_sample_04536] [T1x_rxn1977] ✅ 严格正确 | 原子数：14
[test_sample_04537] [T1x_rxn2029] ❌ 错误 | 原子数：14
  - 正确映射：[ 7 10  3 11  9 13  2  8  5  4  6  0  1 12]
  - 预测映射：[13  9 11  3 10  7 12  1  6  0  5  4  8  2]
[test_sample_04538] [T1x_rxn2030] ❌ 错误 | 原子数：14
  - 正确映射：[12  4  2  6  8 10 11  0  1  3 13  5  7  9]
  - 预测映射：[12  8  4  2  6 10  9  5  3 11  1  0 13  7]
[test_sample_04539] [T1x_rxn2031] ❌ 错误 | 原子数：14
  - 正确映射：[ 9  7 11  6  0  5  8  3 10 12  1  4 13  2]
  - 预测映射：[ 9  7 11  6  0  5  8  2 10 12  1  4  3 13]
[test_sample_04540] [T1x_rxn2032] ❌ 错误 | 原子数：14
  - 正确映射：[ 8 10 13  4  0  6 12  9  3  7  5  2  1 11]
  - 预测映射：[ 6  0 13  4 10  8  1  9  3  5  7  2 12 11]
[test_sample_04541] [T1x_rxn2033] ❌ 错误 | 原子数：14
  - 正确映射：[ 7  6  8  2  3 13 10 11  4  1 12  9  5  0]
  - 预测映射：[13  3  2  8  6  7  5 12  4  9  1  0 11 10]
[test_sample_04542] [T1x_rxn2034] ❌ 错误 | 原子数：14
  - 正确映射：[ 7  1 12  4  0  6 13  9  8  5 11 10  3  2]
  - 预测映射：[ 6  4  0 12  1  7  2  5 11  3  8  9 10 13]
[test_sample_04543] [T1x_rxn2046] ✅ 严格正确 | 原子数：14
[test_sample_04544] [T1x_rxn2047] ✅ 严格正确 | 原子数：14
[test_sample_04545] [T1x_rxn2048] ✅ 严格正确 | 原子数：14
[test_sample_04546] [T1x_rxn2049] ✅ 严格正确 | 原子数：14
[test_sample_04547] [T1x_rxn2050] ❌ 错误 | 原子数：14
  - 正确映射：[ 1 10  2  8  9 12  4  0  5  6 13  7  3 11]
  - 预测映射：[ 1 10  2  8  9 12 13  5  4  0  6  7  3 11]
[test_sample_04548] [T1x_rxn2051] ❌ 错误 | 原子数：14
  - 正确映射：[ 7  5  3  4  6  1  0 12 11 10  9 13  8  2]
  - 预测映射：[ 5  4  1  7  6  3  8 10 12  9  2  0 11 13]
[test_sample_04549] [T1x_rxn2052] ❌ 错误 | 原子数：14
  - 正确映射：[ 9  3 11 13 10  8  7  4  5  0  6  2 12  1]
  - 预测映射：[ 9  3 11 13 10  8  4 12  5  0  7  2  1  6]
[test_sample_04550] [T1x_rxn2225] ❌ 错误 | 原子数：14
  - 正确映射：[ 4  9 12 11  3  8  6 10  0  5 13  2  7  1]
  - 预测映射：[ 3 11 12  9  4  8  2 13  0  5  1 10  6  7]
[test_sample_04551] [T1x_rxn2226] ❌ 错误 | 原子数：14
  - 正确映射：[ 0 12  7 13  4  2 10  6  3 11  1  8  9  5]
  - 预测映射：[ 4 13  7 12  0  2  9  1  3  8  6 11 10  5]
[test_sample_04552] [T1x_rxn2227] ❌ 错误 | 原子数：14
  - 正确映射：[ 9  2  3  1  7  6 11  4  5 10  0 13 12  8]
  - 预测映射：[ 7  6  3  1  9  2 11 12  5 13  0 10  4  8]
[test_sample_04553] [T1x_rxn2228] ❌ 错误 | 原子数：14
  - 正确映射：[ 6  3  2  5  8  9 12 10 13 11  1  7  4  0]
  - 预测映射：[ 8  3  9  2  6  5  7 12  4  0 10 11  1 13]
[test_sample_04554] [T1x_rxn2229] ❌ 错误 | 原子数：14
  - 正确映射：[ 7  9  4 10 13  0  1  2  6  8 11  5 12  3]
  - 预测映射：[ 7  0 10  4 13  9  8  3  6 11 12  5  1  2]
[test_sample_04555] [T1x_rxn2230] ❌ 错误 | 原子数：14
  - 正确映射：[ 8  0  5  3  7 11 12 13  2  1  9  4  6 10]
  - 预测映射：[ 7  3  5  0  8 11  9  6  4  2 12  1 13 10]
[test_sample_04556] [T1x_rxn2238] ✅ 严格正确 | 原子数：14
[test_sample_04557] [T1x_rxn2239] ❌ 错误 | 原子数：14
  - 正确映射：[ 9  7  5  2 11 10  3  1 13  4  0 12  8  6]
  - 预测映射：[ 9  7  5  2 11 10  4  1 13  3  8 12  0  6]
[test_sample_04558] [T1x_rxn2240] ❌ 错误 | 原子数：14
  - 正确映射：[11 12  5  0  7  1 10  3  8 13  4  6  9  2]
  - 预测映射：[11 12  5  0  7  1 10  8  3 13  4  2  9  6]
[test_sample_04559] [T1x_rxn2241] ❌ 错误 | 原子数：14
  - 正确映射：[ 3  0 12  5 13  6 10  1  2 11  8  7  4  9]
  - 预测映射：[ 3  0 12  5 13  6 11 10  2  8  9  4  1  7]
[test_sample_04560] [T1x_rxn2242] ✅ 严格正确 | 原子数：14
[test_sample_04561] [T1x_rxn2243] ❌ 错误 | 原子数：14
  - 正确映射：[ 4 12  7 13  6 10 11  2  3  5  9  8  1  0]
  - 预测映射：[ 4 12  7 13  6 10  1  2  3  5  9  8 11  0]
[test_sample_04562] [T1x_rxn2244] ❌ 错误 | 原子数：14
  - 正确映射：[ 2  3  0 10 13  1  4  6 11  9 12  8  7  5]
  - 预测映射：[ 2  3  0 13 10  1  4  6 11  9 12  8  5  7]
[test_sample_04563] [T1x_rxn2245] ❌ 错误 | 原子数：14
  - 正确映射：[ 3  4  7  6 11 10  9  0  5  2 12 13  1  8]
  - 预测映射：[ 3  4  7  6 11 10  2  0  9  5 12 13  1  8]
[test_sample_04564] [T1x_rxn2246] ❌ 错误 | 原子数：14
  - 正确映射：[ 8  9 10  7 13 11  5 12  0  2  6  3  1  4]
  - 预测映射：[ 8  9 10  7 13 11  2 12  0  5  6  1  3  4]
[test_sample_04565] [T1x_rxn2247] ❌ 错误 | 原子数：14
  - 正确映射：[12 10  8 13  1  0  5  2  6 11  9  4  3  7]
  - 预测映射：[12 10  8 13  1  0  5  2  6 11  9  7  4  3]
[test_sample_04566] [T1x_rxn2248] ❌ 错误 | 原子数：14
  - 正确映射：[ 2  7  6  1  0  5  9  3 12 11 10  8 13  4]
  - 预测映射：[ 0  1  5  7  2  6  3 13  8 10 11 12  9  4]
[test_sample_04567] [T1x_rxn2286] ✅ 严格正确 | 原子数：14
[test_sample_04568] [T1x_rxn2287] ❌ 错误 | 原子数：14
  - 正确映射：[12  0  3  7  4  2 11 13 10  9  1  6  5  8]
  - 预测映射：[12  0  3  7  2  4 10 11 13  9  8  5  6  1]
[test_sample_04569] [T1x_rxn2288] ❌ 错误 | 原子数：14
  - 正确映射：[ 4  9  7  5 13 12 11  0 10  8  2  6  3  1]
  - 预测映射：[ 5 12  7  4 13  9  8  1  3 10  2  6  0 11]
[test_sample_04570] [T1x_rxn2289] ❌ 错误 | 原子数：14
  - 正确映射：[ 0  5  3  8  4 12  6  7 11 13  1 10  9  2]
  - 预测映射：[ 0  5 12  8  4  3  6  9  7 11 10  1  2 13]
[test_sample_04571] [T1x_rxn2290] ❌ 错误 | 原子数：14
  - 正确映射：[ 1 12  8 11  6  9  0  4  3 13  7 10  5  2]
  - 预测映射：[ 1 12  8 11  9  6  0  4 13  2  5  3 10  7]
[test_sample_04572] [T1x_rxn2291] ❌ 错误 | 原子数：14
  - 正确映射：[ 5 12  9  1  8 11 13  7  0  2  3 10  4  6]
  - 预测映射：[ 5 12  9  1 11  8  7 10 13  0  6  4  3  2]
[test_sample_04573] [T1x_rxn2508] ✅ 严格正确 | 原子数：14
[test_sample_04574] [T1x_rxn2509] ❌ 错误 | 原子数：14
  - 正确映射：[ 2 10  1  6  5 11  3  9 12  8  0  7 13  4]
  - 预测映射：[ 2 10  1  6  5 11  3  9 12  8  0 13  7  4]
[test_sample_04575] [T1x_rxn2510] ❌ 错误 | 原子数：14
  - 正确映射：[ 2  5 12  6  9  4  3  0 10 13  8 11  7  1]
  - 预测映射：[ 4  9 12  5  6  2  1  7  0  8 13 10 11  3]
[test_sample_04576] [T1x_rxn2511] ❌ 错误 | 原子数：14
  - 正确映射：[ 9 11  0  2  6  8  5  3  7  1 13  4 12 10]
  - 预测映射：[ 9 11  0  2  6  8  5  3  7 12 13  1  4 10]
[test_sample_04577] [T1x_rxn2512] ❌ 错误 | 原子数：14
  - 正确映射：[ 9  4  7 12  0  5 11 13  6  2  1  3 10  8]
  - 预测映射：[ 5  0 12  7  4  9 11 10  8  1  2  3 13  6]
[test_sample_04578] [T1x_rxn2513] ❌ 错误 | 原子数：14
  - 正确映射：[ 4  5  2  6  0  8  9 13 10  7  1 12 11  3]
  - 预测映射：[ 8  5  0  6  2  4  9  1  3 11 12  7 10 13]
[test_sample_04579] [T1x_rxn2514] ❌ 错误 | 原子数：14
  - 正确映射：[ 3  7  6 10 11 13  1  2  8  5  4  9 12  0]
  - 预测映射：[ 3  7  6 10 11 13  1  2  8  5  0  4  9 12]
[test_sample_04580] [T1x_rxn2515] ❌ 错误 | 原子数：14
  - 正确映射：[ 1  7 11  4  2  5 10 13 12  9  0  6  3  8]
  - 预测映射：[ 5  7  2  4 11  1 12 13 10  8  0  6  3  9]
[test_sample_04581] [T1x_rxn2516] ❌ 错误 | 原子数：14
  - 正确映射：[ 1  3  7  6 10  9  8  0 13 11  5  2 12  4]
  - 预测映射：[ 1  3  6  7 10  9  4  8 13  0 11  5  2 12]
[test_sample_04582] [T1x_rxn2648] ✅ 严格正确 | 原子数：14
[test_sample_04583] [T1x_rxn2649] ❌ 错误 | 原子数：14
  - 正确映射：[ 2 10  9  6  1 13  8  3 12 11  4  5  0  7]
  - 预测映射：[ 2 10 13  1  6  9  8 12  3 11  7  0  5  4]
[test_sample_04584] [T1x_rxn2650] ❌ 错误 | 原子数：14
  - 正确映射：[10  8 11  5 12  6  9 13  3  7  0  2  4  1]
  - 预测映射：[10 12  6  5  8 11  7  3 13  1  4  2  0  9]
[test_sample_04585] [T1x_rxn2651] ❌ 错误 | 原子数：14
  - 正确映射：[ 9  8  1  6  4  2 11 13 10  7 12  0  5  3]
  - 预测映射：[ 9  8  2  4  6  1 11 13  7 10 12  5  0  3]
[test_sample_04586] [T1x_rxn2652] ❌ 错误 | 原子数：14
  - 正确映射：[ 3 12 13 11  8  2  4  0  6 10  1  7  9  5]
  - 预测映射：[ 3 12 13 11  8  2  4  0  6 10  5  7  1  9]
[test_sample_04587] [T1x_rxn2653] ✅ 严格正确 | 原子数：14
[test_sample_04588] [T1x_rxn2654] ❌ 错误 | 原子数：14
  - 正确映射：[ 0  8  3  1 13 11  4  5  9  2  7 10  6 12]
  - 预测映射：[ 0  8 11 13  1  3  4  5  2  9  7 12  6 10]
[test_sample_04589] [T1x_rxn2655] ❌ 错误 | 原子数：14
  - 正确映射：[ 9  3 13  1  4  6  2 11  0  5 10  7 12  8]
  - 预测映射：[ 9  3 13  1  4  6  8  0  2 11  5  7 10 12]
[test_sample_04590] [T1x_rxn2656] ❌ 错误 | 原子数：14
  - 正确映射：[ 4 10  8  5  9  7  1  0  2 12  6 13 11  3]
  - 预测映射：[ 4 10  8  5  9  7  3  1  2  0  6 13 12 11]
[test_sample_04591] [T1x_rxn2657] ❌ 错误 | 原子数：14
  - 正确映射：[ 0 13  3  5 10  8  9  4  1  7  2  6 12 11]
  - 预测映射：[ 0 13  8  5 10  3  2  9  4  1 12 11  7  6]
[test_sample_04592] [T1x_rxn2658] ✅ 严格正确 | 原子数：14
[test_sample_04593] [T1x_rxn2659] ❌ 错误 | 原子数：14
  - 正确映射：[ 6  5  8 12  4  7  9 13  3  1 10  2  0 11]
  - 预测映射：[ 6  5  8 12  4  7 13  2  3  1 11 10  0  9]
[test_sample_04594] [T1x_rxn2660] ❌ 错误 | 原子数：14
  - 正确映射：[ 0  1  8 11  4  9  7  2  6 12 10  5 13  3]
  - 预测映射：[ 1  0  9  4 11  8  6  2 12  7 13 10  3  5]
[test_sample_04595] [T1x_rxn2950] ✅ 严格正确 | 原子数：14
[test_sample_04596] [T1x_rxn2951] ✅ 严格正确 | 原子数：14
[test_sample_04597] [T1x_rxn2952] ❌ 错误 | 原子数：14
  - 正确映射：[ 5  8  2  7  4 11  1  6  9 13  3 10  0 12]
  - 预测映射：[ 5  8  2  7  4 11  1  9  6  3 13 10  0 12]
[test_sample_04598] [T1x_rxn2953] ❌ 错误 | 原子数：14
  - 正确映射：[ 6  0 13 11  3  8  7 12  2 10  4  1  5  9]
  - 预测映射：[13  0 11  3  6  8  7  4 10  2  5  1  9 12]
[test_sample_04599] [T1x_rxn2954] ❌ 错误 | 原子数：14
  - 正确映射：[ 1 10  2  9 13  8  5  3  0  6 12  4 11  7]
  - 预测映射：[ 1 10  2 13  9  8  0  5  3  6 11 12  7  4]
[test_sample_04600] [T1x_rxn2955] ❌ 错误 | 原子数：14
  - 正确映射：[ 9 12  3 10 11  7  6  1 13  0  5  4  2  8]
  - 预测映射：[ 9  7 11 10  3 12  1 13  6  8  4  2  0  5]
[test_sample_04601] [T1x_rxn2956] ✅ 严格正确 | 原子数：14
[test_sample_04602] [T1x_rxn3028] ❌ 错误 | 原子数：14
  - 正确映射：[10  7 13  3  4 12 11  0  5  9  2  6  8  1]
  - 预测映射：[10  7  3 13  4 12  0 11  5  9  8  6  2  1]
[test_sample_04603] [T1x_rxn3029] ❌ 错误 | 原子数：14
  - 正确映射：[ 5  1  2  3 10 13 11  9 12  0  8  4  6  7]
  - 预测映射：[ 5  1  2  3 10 13  6  9 11  8 12  4  0  7]
[test_sample_04604] [T1x_rxn3030] ❌ 错误 | 原子数：14
  - 正确映射：[ 4 12  3  6 10  8  9 11 13  5  7  1  0  2]
  - 预测映射：[ 4 12  3  6 10  8 11 13  9  5  7  1  0  2]
[test_sample_04605] [T1x_rxn3031] ❌ 错误 | 原子数：14
  - 正确映射：[ 9  2  6 13  7  4  3  8  0  1  5 10 11 12]
  - 预测映射：[ 9  7  6  2 13  4  3 12 11  8  1  5  0 10]
[test_sample_04606] [T1x_rxn3032] ❌ 错误 | 原子数：14
  - 正确映射：[ 5  8  3  4  0 13  6 12 10  2  7  9 11  1]
  - 预测映射：[ 5  8  3  4  0 13 12 10  6  2  7  9 11  1]
[test_sample_04607] [T1x_rxn3061] ❌ 错误 | 原子数：14
  - 正确映射：[ 3 10 13  6  0  8 11  9  2  5  7 12  4  1]
  - 预测映射：[ 3 10 13  6  0  8  2 11  9  5  7 12  4  1]
[test_sample_04608] [T1x_rxn3062] ✅ 严格正确 | 原子数：14
[test_sample_04609] [T1x_rxn3063] ❌ 错误 | 原子数：14
  - 正确映射：[13  2  3 10  4 11  1  7  6  9  8 12  5  0]
  - 预测映射：[13  2  3 10  4 11  6  1  7  9  8 12  5  0]
[test_sample_04610] [T1x_rxn3064] ❌ 错误 | 原子数：14
  - 正确映射：[ 9  1  0  5  4  2  3  6  8 12 11 10  7 13]
  - 预测映射：[ 9  1  0  5  4  2  8 11  6  3 12  7 10 13]
[test_sample_04611] [T1x_rxn3065] ❌ 错误 | 原子数：14
  - 正确映射：[11  2  3 12  1  5 10 13  6  8  9  0  7  4]
  - 预测映射：[11  2  3 12  1  5  6 13 10  9  8  4  7  0]
[test_sample_04612] [T1x_rxn3066] ❌ 错误 | 原子数：14
  - 正确映射：[ 8  2  1  7 12  4 13 11 10  3  9  6  5  0]
  - 预测映射：[12  7  4  2  8  1  5  9  6  3 11 10 13  0]
[test_sample_04613] [T1x_rxn3067] ❌ 错误 | 原子数：14
  - 正确映射：[ 2 13 12  8  7  1  6  5  4  0 11  9 10  3]
  - 预测映射：[ 2 13 12  8  7  1  6  4  5  0 11  9 10  3]
[test_sample_04614] [T1x_rxn3068] ❌ 错误 | 原子数：14
  - 正确映射：[ 3  8  0  9 11 12  2 13  1  7 10  6  5  4]
  - 预测映射：[ 3  8  0  9 11 12 13  2  1  6 10  7  5  4]
[test_sample_04615] [T1x_rxn3069] ✅ 严格正确 | 原子数：14
[test_sample_04616] [T1x_rxn3070] ❌ 错误 | 原子数：14
  - 正确映射：[ 6  0  5 11  4  3  8 12  2 13 10  9  7  1]
  - 预测映射：[ 6  0  5 11  4  3  2 12  8 10 13  1  7  9]
[test_sample_04617] [T1x_rxn3071] ❌ 错误 | 原子数：14
  - 正确映射：[ 4 11 12  8  0  5 10 13  3  2  6  9  1  7]
  - 预测映射：[11  4 12  8  0  5  3 10 13  2  6  9  1  7]
[test_sample_04618] [T1x_rxn3095] ❌ 错误 | 原子数：14
  - 正确映射：[12  4  5  2  0 10 13  8  6  1  9 11  3  7]
  - 预测映射：[12  0  5  2  4 10  1  7  3 11  9  8  6 13]
[test_sample_04619] [T1x_rxn3096] ❌ 错误 | 原子数：14
  - 正确映射：[ 8  9  5  6 10 12  3 11  0 13  2  7  1  4]
  - 预测映射：[ 9  6  5 10  8 12  0 13  2  7  4  1 11  3]
[test_sample_04620] [T1x_rxn3097] ❌ 错误 | 原子数：14
  - 正确映射：[ 8 11 12  9 10  5  1  3  6  4  0  2  7 13]
  - 预测映射：[ 8 10 12  9 11  5  1  3 13  7  0  2  4  6]
[test_sample_04621] [T1x_rxn3098] ❌ 错误 | 原子数：14
  - 正确映射：[ 6 13  1  9  2 10  3  8 11  4  7 12  0  5]
  - 预测映射：[ 2  9  1 13  6 10  0  5 12  7  4 11  3  8]
[test_sample_04622] [T1x_rxn3099] ✅ 严格正确 | 原子数：14
[test_sample_04623] [T1x_rxn3100] ❌ 错误 | 原子数：14
  - 正确映射：[ 5 13  7  8  0  3 10  2  9 12  6 11  4  1]
  - 预测映射：[ 0  8  7 13  5  3  4  1 11  6 12  9 10  2]
[test_sample_04624] [T1x_rxn3219] ❌ 错误 | 原子数：14
  - 正确映射：[ 5  7 13  4 10  3 12  0  9  1  8  2  6 11]
  - 预测映射：[ 5  7 13  4 10  3  0  6 12  1  8  2  9 11]
[test_sample_04625] [T1x_rxn3220] ❌ 错误 | 原子数：14
  - 正确映射：[ 1  7  9  5  0 12  6  3  8  2 10 11 13  4]
  - 预测映射：[ 1  7  0  5  9 12  8  6  3  2  4 13 11 10]
[test_sample_04626] [T1x_rxn3221] ❌ 错误 | 原子数：14
  - 正确映射：[ 5  1 12  9  6  2  8 13 10  3  4 11  0  7]
  - 预测映射：[ 5  1 12  9  6  2  8 10 13  4  3 11  0  7]
[test_sample_04627] [T1x_rxn3222] ❌ 错误 | 原子数：14
  - 正确映射：[13 12 11  1  6 10  4  2  7  9  8  0  5  3]
  - 预测映射：[13 12 11  1  6 10  7  4  2  9  8  0  5  3]
[test_sample_04628] [T1x_rxn3223] ❌ 错误 | 原子数：14
  - 正确映射：[ 6 11 13  2 12  3  0  1  8  5  7  9  4 10]
  - 预测映射：[ 6 11 13  2 12  3  8  1  4  5  0  7 10  9]
[test_sample_04629] [T1x_rxn3224] ✅ 严格正确 | 原子数：14
[test_sample_04630] [T1x_rxn3225] ✅ 严格正确 | 原子数：14
[test_sample_04631] [T1x_rxn3226] ❌ 错误 | 原子数：14
  - 正确映射：[13  6  5  4  7  1  3 11  9 10  0  8 12  2]
  - 预测映射：[13  6  5  4  7  1 11  3  9  8  0 10 12  2]
[test_sample_04632] [T1x_rxn3227] ❌ 错误 | 原子数：14
  - 正确映射：[ 2  5  7  9  0 12  8  1 13  3  4  6 11 10]
  - 预测映射：[ 2  5  0 12  7  9  8 13  1 10 11  4  3  6]
[test_sample_04633] [T1x_rxn3294] ✅ 严格正确 | 原子数：14
[test_sample_04634] [T1x_rxn3295] ❌ 错误 | 原子数：14
  - 正确映射：[12  3  4  6  5  0 10  1  2  9 13 11  7  8]
  - 预测映射：[ 6  5  0 12  3  4 13  9  7 11  8  2  1 10]
[test_sample_04635] [T1x_rxn3296] ❌ 错误 | 原子数：14
  - 正确映射：[ 7 12 11 13  2  8 10  5  4  1  0  9  3  6]
  - 预测映射：[ 7 13  8  2 12 11  9 10  5  0  3  1  6  4]
[test_sample_04636] [T1x_rxn3297] ❌ 错误 | 原子数：14
  - 正确映射：[11  3  5 13  9  6 12  0  7 10  4  8  1  2]
  - 预测映射：[ 9 11  5  3 13  6  7  2  0 12 10  1  4  8]
[test_sample_04637] [T1x_rxn3298] ❌ 错误 | 原子数：14
  - 正确映射：[ 2 10 12  6  1 11  4  7  8  0 13  3  9  5]
  - 预测映射：[ 2 10 12  6  1 11  8  3  4  0 13  7  9  5]
[test_sample_04638] [T1x_rxn3299] ✅ 严格正确 | 原子数：14
[test_sample_04639] [T1x_rxn3300] ❌ 错误 | 原子数：14
  - 正确映射：[ 6  9 10  1  7  2 13  3 12  5  8 11  0  4]
  - 预测映射：[ 1  9 10  7  6  2  8  3 11  5 12  0 13  4]
[test_sample_04640] [T1x_rxn3301] ❌ 错误 | 原子数：14
  - 正确映射：[ 1  6  0  9  7  3  5 11 12  2  4 13 10  8]
  - 预测映射：[ 9  7  3  1  6  0 13  4 10  8 11  2 12  5]
[test_sample_04641] [T1x_rxn3302] ❌ 错误 | 原子数：14
  - 正确映射：[10  1  4  9  0 11 12 13  7  3  2  6  8  5]
  - 预测映射：[10  1  4  0  9 11  7 13 12  3  2  8  6  5]
[test_sample_04642] [T1x_rxn3646] ❌ 错误 | 原子数：14
  - 正确映射：[ 7  5  3  9  4  8  6 10  0 12  1 11  2 13]
  - 预测映射：[ 7  5  4  8  3  9 10  6  0 12  2 11 13  1]
[test_sample_04643] [T1x_rxn3647] ❌ 错误 | 原子数：14
  - 正确映射：[ 3  6  2  8 12  7  1  4  0  5 13 10 11  9]
  - 预测映射：[12  6  2  8  3  7  9 10  0  4 13 11  5  1]
[test_sample_04644] [T1x_rxn3648] ❌ 错误 | 原子数：14
  - 正确映射：[ 3  4 11 10  2  8  7 13  9  0  6  5  1 12]
  - 预测映射：[11  4  3 10  2  8  0  5 12  1  6  7  9 13]
[test_sample_04645] [T1x_rxn3649] ❌ 错误 | 原子数：14
  - 正确映射：[10  2  4 11  7  0 12  9  6  3 13  8  5  1]
  - 预测映射：[ 4  2  7 11 10  0  9  8 13  6  3  1  5 12]
[test_sample_04646] [T1x_rxn3650] ❌ 错误 | 原子数：14
  - 正确映射：[ 4 11  9 13  2  0  8  3  6 12  1  7 10  5]
  - 预测映射：[11  2  4  0  9 13 10 12  5  1  8  6  3  7]
[test_sample_04647] [T1x_rxn3651] ❌ 错误 | 原子数：14
  - 正确映射：[ 5 10 11  7 13  3  9 12  0  4  2  6  1  8]
  - 预测映射：[ 5 10 11  7 13  3  9  0 12  4  6  2  1  8]
[test_sample_04648] [T1x_rxn3652] ❌ 错误 | 原子数：14
  - 正确映射：[ 1  8 13  3 10  5  7  4  9 11  6  2 12  0]
  - 预测映射：[ 1  8 13  3 10  5  9  4  7 11  6  2 12  0]
[test_sample_04649] [T1x_rxn3728] ❌ 错误 | 原子数：14
  - 正确映射：[12  0  3 11  1  9  5  6  4 10  2  8  7 13]
  - 预测映射：[ 3  0 12 11  1  9  8 10  2  6  4  5  7 13]
[test_sample_04650] [T1x_rxn3729] ❌ 错误 | 原子数：14
  - 正确映射：[ 2  8  6  1 13  7  9 12 11  5  4 10  0  3]
  - 预测映射：[ 6  8 13  7  2  1  5  4 12  0  3 10 11  9]
[test_sample_04651] [T1x_rxn3730] ❌ 错误 | 原子数：14
  - 正确映射：[ 6 10  7 12  4  8 11 13  2  5  0  9  3  1]
  - 预测映射：[ 6 10  7 12  4  8 11  3 13  9  2  0  5  1]
[test_sample_04652] [T1x_rxn3731] ❌ 错误 | 原子数：14
  - 正确映射：[ 0  7 13  1  3  2  4  8  5 10  9 11  6 12]
  - 预测映射：[ 0  7 13  2  3  1  5  8 12 10  9 11  4  6]
[test_sample_04653] [T1x_rxn3732] ❌ 错误 | 原子数：14
  - 正确映射：[10  1  6  5 12  4 11  7  0  3  2  8 13  9]
  - 预测映射：[10  1 12  6  5  4 13 11  7  9  3  0  8  2]
[test_sample_04654] [T1x_rxn3733] ❌ 错误 | 原子数：14
  - 正确映射：[ 8  2  6 12 11  7  1  5 13  3  4  9  0 10]
  - 预测映射：[ 8  2 12 11  6  7  1  5 13  4 10  9  0  3]
[test_sample_04655] [T1x_rxn3734] ✅ 严格正确 | 原子数：14
[test_sample_04656] [T1x_rxn3735] ❌ 错误 | 原子数：14
  - 正确映射：[ 4  0 13  2  8  5 10 11 12  1  3  6  7  9]
  - 预测映射：[ 5  8  2 13  0  4 10  9  7  6  3  1 11 12]
[test_sample_04657] [T1x_rxn3736] ✅ 严格正确 | 原子数：14
[test_sample_04658] [T1x_rxn3737] ❌ 错误 | 原子数：14
  - 正确映射：[ 3  1 11 13  5  6  4  9 10  2  0 12  7  8]
  - 预测映射：[ 3 13  5 11  1  6  4  0 12  2  8  7  9 10]
[test_sample_04659] [T1x_rxn3738] ❌ 错误 | 原子数：14
  - 正确映射：[ 5  2  1 11 12  0  7  4  6  3  9 13 10  8]
  - 预测映射：[ 5  2 11  1 12  0  4  7  6 13 10  9  3  8]
[test_sample_04660] [T1x_rxn3739] ❌ 错误 | 原子数：14
  - 正确映射：[ 5  3  6  0  8  2  4 12  1 11 10  9 13  7]
  - 预测映射：[ 2  8  6  0  3  5 13  7 11  4 10  9  1 12]
[test_sample_04661] [T1x_rxn3740] ✅ 严格正确 | 原子数：14
[test_sample_04662] [T1x_rxn3741] ❌ 错误 | 原子数：14
  - 正确映射：[13 11  8 10  6  3  4  1 12  9  7  0  2  5]
  - 预测映射：[ 3  6 10  8 11 13  4  2  5  0 12  7  9  1]
[test_sample_04663] [T1x_rxn3885] ❌ 错误 | 原子数：14
  - 正确映射：[11  3 13  7  8  9  4  2  1 10  5 12  0  6]
  - 预测映射：[11  3 13  7  8  9  2  4  1 10  5  0 12  6]
[test_sample_04664] [T1x_rxn3886] ❌ 错误 | 原子数：14
  - 正确映射：[ 7  8  5 10 13  4 12  0  1  3  6 11  2  9]
  - 预测映射：[ 7  8  5 10 13  4 12  0  6  3  1  2 11  9]
[test_sample_04665] [T1x_rxn3887] ❌ 错误 | 原子数：14
  - 正确映射：[ 8  0  7  3  4 10  9 12 13 11  6  1  2  5]
  - 预测映射：[ 8  0  7  3  4 10 13 12  9  6 11  2  1  5]
[test_sample_04666] [T1x_rxn3888] ❌ 错误 | 原子数：14
  - 正确映射：[ 1  7 11  9  6 12  2  5  8  0  3 13  4 10]
  - 预测映射：[ 1  7 11  9  6 12  2  8 13  5  0  3  4 10]
[test_sample_04667] [T1x_rxn3889] ❌ 错误 | 原子数：14
  - 正确映射：[11 13  4 12  2  7 10  3  0  6  1  8  5  9]
  - 预测映射：[11 13  4 12  2  7  0  3  6  1 10  5  8  9]
[test_sample_04668] [T1x_rxn3890] ❌ 错误 | 原子数：14
  - 正确映射：[ 2  1  8 11  0  3  9 10  7 13  5  4 12  6]
  - 预测映射：[ 1  2  8 11  0  3  5 10  9  7 13 12  6  4]
[test_sample_04669] [T1x_rxn4010] ✅ 严格正确 | 原子数：14
[test_sample_04670] [T1x_rxn4011] ❌ 错误 | 原子数：14
  - 正确映射：[ 5 13  0  4 12  3 10  8  9  7 11  6  2  1]
  - 预测映射：[ 5 13  0  4 12  3  2 10  9  7 11  8  1  6]
[test_sample_04671] [T1x_rxn4012] ✅ 严格正确 | 原子数：14
[test_sample_04672] [T1x_rxn4013] ❌ 错误 | 原子数：14
  - 正确映射：[ 0  4  5  8 10 12  1  2 13  7 11  9  6  3]
  - 预测映射：[ 0  4  5  8 10 12  1 11 13  9  2  7  3  6]
[test_sample_04673] [T1x_rxn4014] ❌ 错误 | 原子数：14
  - 正确映射：[ 5  8 12 10  1  0  4  2  6 13  7  9 11  3]
  - 预测映射：[ 5  8 12 10  1  0  9  4  2  7 13  6 11  3]
[test_sample_04674] [T1x_rxn4015] ✅ 严格正确 | 原子数：14
[test_sample_04675] [T1x_rxn4016] ✅ 严格正确 | 原子数：14
[test_sample_04676] [T1x_rxn4017] ❌ 错误 | 原子数：14
  - 正确映射：[ 4  0  6  8  1 12  7 10 13 11  3  2  9  5]
  - 预测映射：[12  8  1  6  0  4  7  2  5  3  9 11 13 10]
[test_sample_04677] [T1x_rxn4018] ❌ 错误 | 原子数：14
  - 正确映射：[ 4  7  3  2  5 11  6  8  9  0  1 10 12 13]
  - 预测映射：[ 4  7  3  2  5 11  8  6  9  1  0 12 10 13]
[test_sample_04678] [T1x_rxn4019] ❌ 错误 | 原子数：14
  - 正确映射：[ 9 12  5  4  7  1  6 11  3  0 13  8  2 10]
  - 预测映射：[ 1  4  5 12  7  9 10  6  8  0 13 11  2  3]
[test_sample_04679] [T1x_rxn4020] ✅ 严格正确 | 原子数：14
[test_sample_04680] [T1x_rxn4091] ✅ 严格正确 | 原子数：14
[test_sample_04681] [T1x_rxn4092] ❌ 错误 | 原子数：14
  - 正确映射：[ 1  6  4  0 12  2  7  5 10  9 11  8 13  3]
  - 预测映射：[ 1  6  4  0 12  2 10  5  9  8 11 13  7  3]
[test_sample_04682] [T1x_rxn4093] ❌ 错误 | 原子数：14
  - 正确映射：[ 3  0  6  1 12 10 11  8 13  2  7  4  9  5]
  - 预测映射：[ 3  0  6  1 12 10  2 13  5  9  7 11  8  4]
[test_sample_04683] [T1x_rxn4094] ❌ 错误 | 原子数：14
  - 正确映射：[11 12 10  3 13  6  8  9  0  1  5  4  7  2]
  - 预测映射：[11 12 10  3 13  6  4  9  0  1  5  7  8  2]
[test_sample_04684] [T1x_rxn4095] ❌ 错误 | 原子数：14
  - 正确映射：[13  0  4 10 11  3  8  1  2  9 12  5  7  6]
  - 预测映射：[ 4  0 13 10 11  3  5  7 12  9  2  8  1  6]
[test_sample_04685] [T1x_rxn4160] ❌ 错误 | 原子数：14
  - 正确映射：[ 6  5  7  8 10  0 11 13  3 12  4  1  2  9]
  - 预测映射：[ 6  5  7  0 10  8 11  3 13  4  2 12  1  9]
[test_sample_04686] [T1x_rxn4161] ❌ 错误 | 原子数：14
  - 正确映射：[ 9  5 12  2  7  1 10  8 13  4  3  0 11  6]
  - 预测映射：[ 9  5 12  2  7  1  8 13  6  4  0 10  3 11]
[test_sample_04687] [T1x_rxn4162] ❌ 错误 | 原子数：14
  - 正确映射：[ 8  3  1  0  9 10 12 13  5  4  2  6  7 11]
  - 预测映射：[ 8 10  9  3  1  0 13 12  5 11  6  4  2  7]
[test_sample_04688] [T1x_rxn4163] ❌ 错误 | 原子数：14
  - 正确映射：[ 8  6 12  1  3 10  0  5  4 11 13  2  9  7]
  - 预测映射：[ 8  6 12  1  3 10  4  9  0 11  2  5 13  7]
[test_sample_04689] [T1x_rxn4164] ❌ 错误 | 原子数：14
  - 正确映射：[10  2  6  7 11  9  5  8 12  0  1  4  3 13]
  - 预测映射：[10  2  6  7 11  9 12  8  5  3  0  1 13  4]
[test_sample_04690] [T1x_rxn4165] ❌ 错误 | 原子数：14
  - 正确映射：[ 4 13 10 12  9 11  0  5  6  7  2  8  1  3]
  - 预测映射：[12 11  9  4 10 13  0  8  2  3  6  5  1  7]
[test_sample_04691] [T1x_rxn4166] ✅ 严格正确 | 原子数：14
[test_sample_04692] [T1x_rxn4239] ✅ 严格正确 | 原子数：14
[test_sample_04693] [T1x_rxn4240] ❌ 错误 | 原子数：14
  - 正确映射：[12  9  5  3 11  0  4  7 13  1 10  6  8  2]
  - 预测映射：[12  9  5  3 11  0  4  7 13  1 10  6  2  8]
[test_sample_04694] [T1x_rxn4241] ❌ 错误 | 原子数：14
  - 正确映射：[10  1  4 13 12 11  7  3  8  0  5  6  9  2]
  - 预测映射：[10  1 11 12 13  4  3  7  8  0  5  9  6  2]
[test_sample_04695] [T1x_rxn4242] ❌ 错误 | 原子数：14
  - 正确映射：[13  4 12  7  3  0 11  5  2  1  8 10  9  6]
  - 预测映射：[13  4 12  7  3  0  5  1  2 11 10  8  6  9]
[test_sample_04696] [T1x_rxn4243] ❌ 错误 | 原子数：14
  - 正确映射：[11  0  2  5  4  9 12 13  6  1 10  3  7  8]
  - 预测映射：[11  0  9  4  5  2 13 12  6  1  8  7  3 10]
[test_sample_04697] [T1x_rxn4244] ❌ 错误 | 原子数：14
  - 正确映射：[ 9 11 12  7  6 10  5  0  1  2  4  8  3 13]
  - 预测映射：[ 6 11 12  7  9 10 13  3  8  2  4  1  0  5]
[test_sample_04698] [T1x_rxn4245] ❌ 错误 | 原子数：14
  - 正确映射：[10  1 13  2  3  9  4  0  7 12  8 11  5  6]
  - 预测映射：[ 1  2 13  3 10  9  0  8 12 11  5  6  4  7]
[test_sample_04699] [T1x_rxn4246] ❌ 错误 | 原子数：14
  - 正确映射：[ 3  5 12  4  2  0 13  1  8  9 10 11  6  7]
  - 预测映射：[ 3  2  0  5  4 12  8 13  1  6  7  9 10 11]
[test_sample_04700] [T1x_rxn4247] ❌ 错误 | 原子数：14
  - 正确映射：[11  6 10  4 12  9  3  7  8  5  0  2  1 13]
  - 预测映射：[11  4  9  6 12 10  0  8  7  2  3  5 13  1]
[test_sample_04701] [T1x_rxn4274] ❌ 错误 | 原子数：14
  - 正确映射：[ 7  0  6  5  8 11  2  3  9 12 13  1  4 10]
  - 预测映射：[ 7  0  6  5  8 11  3  9  2 12 13  1  4 10]
[test_sample_04702] [T1x_rxn4275] ✅ 严格正确 | 原子数：14
[test_sample_04703] [T1x_rxn4276] ❌ 错误 | 原子数：14
  - 正确映射：[11  1 10  8 12  0  3  2  5  6 13  7  9  4]
  - 预测映射：[11 12  8  0  1 10  3  2  7 13  9  5  4  6]
[test_sample_04704] [T1x_rxn4277] ❌ 错误 | 原子数：14
  - 正确映射：[ 1  3 10  8  0  5  6  7 11  4 12 13  2  9]
  - 预测映射：[ 1  3  5  8  0 10  6 11  7  2 13 12  4  9]
[test_sample_04705] [T1x_rxn4278] ✅ 严格正确 | 原子数：14
[test_sample_04706] [T1x_rxn4279] ✅ 严格正确 | 原子数：14
[test_sample_04707] [T1x_rxn4280] ❌ 错误 | 原子数：14
  - 正确映射：[ 8 13  7 12  4  2  9  1  0 11 10  6  3  5]
  - 预测映射：[ 8 13 12  2  4  7  9  0  1  3 10  5  6 11]
[test_sample_04708] [T1x_rxn4281] ❌ 错误 | 原子数：14
  - 正确映射：[ 0  4  8  6  7 12 13  9 10  1  5  3  2 11]
  - 预测映射：[ 0  4  8  6  7 12 13 10  9  1  3  5 11  2]
[test_sample_04709] [T1x_rxn4282] ❌ 错误 | 原子数：14
  - 正确映射：[ 8  5  3  2  6  7 13 11  9 12  4  0  1 10]
  - 预测映射：[ 8  5  3  2  6  7  9 13 11 12  4  0  1 10]
[test_sample_04710] [T1x_rxn4350] ❌ 错误 | 原子数：14
  - 正确映射：[ 1  7  8  6  0  4  3  2 12 13  9 10 11  5]
  - 预测映射：[ 6  4  8  0  1  7 10  9 11 13  5 12  3  2]
[test_sample_04711] [T1x_rxn4351] ❌ 错误 | 原子数：14
  - 正确映射：[ 7 10  5  2  9  1 12  6  3 11  4  0  8 13]
  - 预测映射：[ 7 10  5  2  9  1  3  6 12  4  8 11  0 13]
[test_sample_04712] [T1x_rxn4352] ❌ 错误 | 原子数：14
  - 正确映射：[ 0 13  2  4  9  5  6 10  3 12  1  7  8 11]
  - 预测映射：[ 0 13  9  4  2  5  6  3 10 11  7 12  1  8]
[test_sample_04713] [T1x_rxn4353] ✅ 严格正确 | 原子数：14
[test_sample_04714] [T1x_rxn4354] ❌ 错误 | 原子数：14
  - 正确映射：[ 8  4  9  7  2  1 12  5  6 11  3 10 13  0]
  - 预测映射：[ 8  4  9  7  2  1 12  5  6 11 10  3 13  0]
[test_sample_04715] [T1x_rxn4355] ✅ 严格正确 | 原子数：14
[test_sample_04716] [T1x_rxn4356] ✅ 严格正确 | 原子数：14
[test_sample_04717] [T1x_rxn4357] ❌ 错误 | 原子数：14
  - 正确映射：[ 6 10 13  9  2  5 11  4  1 12  7  3  0  8]
  - 预测映射：[ 6 10 13  9  2  5  4  1 11 12  7  3  8  0]
[test_sample_04718] [T1x_rxn4358] ❌ 错误 | 原子数：14
  - 正确映射：[ 1  9 11 13  0  4  6  8 10 12  5  2  7  3]
  - 预测映射：[ 1  9 11 13  0  4  6 10  8 12  5  2  3  7]
[test_sample_04719] [T1x_rxn4571] ❌ 错误 | 原子数：14
  - 正确映射：[ 4 12 10  1  0  9  6  3  5 13 11  7  2  8]
  - 预测映射：[ 4  0 12  9 10  1  3  8  6  5 13  2  7 11]
[test_sample_04720] [T1x_rxn4572] ✅ 严格正确 | 原子数：14
[test_sample_04721] [T1x_rxn4573] ❌ 错误 | 原子数：14
  - 正确映射：[ 2  8 12 11 13  3  5  7  6  9  4  0 10  1]
  - 预测映射：[ 2  8 13  3 12 11  5  7  6  9 10  1  4  0]
[test_sample_04722] [T1x_rxn4574] ❌ 错误 | 原子数：14
  - 正确映射：[ 7  3  0 10  2  6 11  1  9  8 13 12  5  4]
  - 预测映射：[ 7  0  3 10  2  6 12  1  9  8  5 11 13  4]
[test_sample_04723] [T1x_rxn4575] ❌ 错误 | 原子数：14
  - 正确映射：[ 7 11 13  4  3  8  5  2  9  1  6 12  0 10]
  - 预测映射：[ 3 11  7  8 13  4  0 10  2  1  5  9  6 12]
[test_sample_04724] [T1x_rxn4576] ✅ 严格正确 | 原子数：14
[test_sample_04725] [T1x_rxn4577] ❌ 错误 | 原子数：14
  - 正确映射：[13  7  8  6  0  9 10  1  4  3  5 11 12  2]
  - 预测映射：[13  7  8  6  0  9 10  4  3 12  5 11  1  2]
[test_sample_04726] [T1x_rxn4670] ❌ 错误 | 原子数：14
  - 正确映射：[11  8  3  1 12  2  9  0  5  6  7 13  4 10]
  - 预测映射：[11  8  3  1 12  2  9  6  0 13  7  5  4 10]
[test_sample_04727] [T1x_rxn4671] ✅ 严格正确 | 原子数：14
[test_sample_04728] [T1x_rxn4672] ❌ 错误 | 原子数：14
  - 正确映射：[ 6  8  0  5  1 10 13  4  9  3  7 12  2 11]
  - 预测映射：[ 6  8  0  5  1 10 13  4  9  3  7 12 11  2]
[test_sample_04729] [T1x_rxn4673] ❌ 错误 | 原子数：14
  - 正确映射：[ 8  0 12 10  2  1  4  9  7 13  5 11  3  6]
  - 预测映射：[ 8  0 12  1  2 10  4  7 13  9  6  3 11  5]
[test_sample_04730] [T1x_rxn4674] ❌ 错误 | 原子数：14
  - 正确映射：[ 4 10  9  7  2  0  8  6  3 11 12 13  1  5]
  - 预测映射：[ 2  0  9 10  4  7  5  1 11 12  8  6 13  3]
[test_sample_04731] [T1x_rxn4675] ❌ 错误 | 原子数：14
  - 正确映射：[ 4  9 12  7 13  3  5 10  0  8  2  6 11  1]
  - 预测映射：[13  3 12  7  4  9  8  1 11 10  6  2  5  0]
[test_sample_04732] [T1x_rxn4676] ❌ 错误 | 原子数：14
  - 正确映射：[ 9  3 13 11  0  1 10  6  8  5  7 12  4  2]
  - 预测映射：[ 9  3 13  1  0 11 10  8  6  5  4  2  7 12]
[test_sample_04733] [T1x_rxn4677] ❌ 错误 | 原子数：14
  - 正确映射：[ 8 11 12  5  6  3  9  7 13 10  2  0  4  1]
  - 预测映射：[ 8 12 11  3  6  5  7 10  4 13  9  1  0  2]
[test_sample_04734] [T1x_rxn4678] ❌ 错误 | 原子数：14
  - 正确映射：[ 0  9  4  2  7  6  3  5  8 13  1 12 10 11]
  - 预测映射：[ 0  9  4  6  7  2  3  5 13  8 11 10 12  1]
[test_sample_04735] [T1x_rxn4729] ❌ 错误 | 原子数：14
  - 正确映射：[11 13  3  7  1 10  8  6  0  2  9 12  5  4]
  - 预测映射：[11 13  3  7  1 10  0  6  8  2  9 12  5  4]
[test_sample_04736] [T1x_rxn4730] ❌ 错误 | 原子数：14
  - 正确映射：[11  5  6 12  0 10  2  8  4 13  1  3  7  9]
  - 预测映射：[11  5  6 12  0 10  2  8  4  7  1  3 13  9]
[test_sample_04737] [T1x_rxn4731] ❌ 错误 | 原子数：14
  - 正确映射：[ 6 12 10  1  0  9  3 13  2 11  8  4  5  7]
  - 预测映射：[ 6 12 10  1  0  9  2 11  3 13  5  4  8  7]
[test_sample_04738] [T1x_rxn4732] ❌ 错误 | 原子数：14
  - 正确映射：[ 7  1  9  8 13  0  6 12  4  3  5  2 11 10]
  - 预测映射：[ 7  1  8  9 13  0 12  6  4  5 11  3  2 10]
[test_sample_04739] [T1x_rxn4733] ❌ 错误 | 原子数：14
  - 正确映射：[13  0  8  4  9  7  6  1  3  2 12  5 10 11]
  - 预测映射：[13  0  8  4  9  7  1  3  6  2 12  5 10 11]
[test_sample_04740] [T1x_rxn4734] ❌ 错误 | 原子数：14
  - 正确映射：[13  8  1  6 10  3  4  7  9 11  2  0  5 12]
  - 预测映射：[13  8  1 10  6  3  4  7  9 11 12  5  0  2]
[test_sample_04741] [T1x_rxn4735] ❌ 错误 | 原子数：14
  - 正确映射：[ 9  4  7 11  2 10  5  8  1 13  0 12  6  3]
  - 预测映射：[ 2 10 11  7  9  4  8  6  3  0 13 12  5  1]
[test_sample_04742] [T1x_rxn4736] ✅ 严格正确 | 原子数：14
[test_sample_04743] [T1x_rxn4737] ❌ 错误 | 原子数：14
  - 正确映射：[13  1  9  0  6  7 11  4 12  3  8  2 10  5]
  - 预测映射：[13  1  9  0  6  7  4 12 11  3  8  2 10  5]
[test_sample_04744] [T1x_rxn4738] ❌ 错误 | 原子数：14
  - 正确映射：[10 11  3 13  4  8  9  2  5  0 12  7  6  1]
  - 预测映射：[10 11  3 13  4  8  2 12  5  0  1  7  6  9]
[test_sample_04745] [T1x_rxn4739] ❌ 错误 | 原子数：14
  - 正确映射：[ 1 10  5  9  2 11  6  3  8  7  4 13  0 12]
  - 预测映射：[ 1 10  5  9  2 11  6  3  8  7 13  0  4 12]
[test_sample_04746] [T1x_rxn4740] ❌ 错误 | 原子数：14
  - 正确映射：[ 0  1  7 11 13 12  2  8  6  4  5  9 10  3]
  - 预测映射：[ 0  1  7 11 13 12  8  6  2  9  3  5 10  4]
[test_sample_04747] [T1x_rxn4788] ❌ 错误 | 原子数：14
  - 正确映射：[ 3  5  7  1 13 12  4  0  2  8  6 11 10  9]
  - 预测映射：[ 3  5  7  1 13 12  4  9  0  8 11  2  6 10]
[test_sample_04748] [T1x_rxn4789] ❌ 错误 | 原子数：14
  - 正确映射：[ 7  6 11 12  1 10  9  4  3  0  5  2  8 13]
  - 预测映射：[ 7 11  6 10  1 12  0  3  9  2  5  4  8 13]
[test_sample_04749] [T1x_rxn4790] ❌ 错误 | 原子数：14
  - 正确映射：[ 7  0 13  5  8  1  4 11  6  9  3  2 10 12]
  - 预测映射：[ 7  0 13  5  8  1  6 11  4  9  3 10  2 12]
[test_sample_04750] [T1x_rxn4791] ❌ 错误 | 原子数：14
  - 正确映射：[ 7  2  0 11  3 10  9  6 12  4  8  1  5 13]
  - 预测映射：[ 7  2  0 11  3 10  9  6  4 12  1  5  8 13]
[test_sample_04751] [T1x_rxn4792] ❌ 错误 | 原子数：14
  - 正确映射：[ 8 11  6  5  3  9 13  2  1  0 10  4 12  7]
  - 预测映射：[ 8 11  6  5  3  9 13  1  2  7  4 10 12  0]
[test_sample_04752] [T1x_rxn4793] ❌ 错误 | 原子数：14
  - 正确映射：[ 9  8 11  5 13 12  0  4 10  2  3  1  6  7]
  - 预测映射：[ 9  8 11  5 13 12  0  4  2 10  1  3  7  6]
[test_sample_04753] [T1x_rxn4794] ❌ 错误 | 原子数：14
  - 正确映射：[12  3  2  4  9  1 10  5 13  0 11  6  8  7]
  - 预测映射：[12  3  2  4  9  1 13  5 10  6  0 11  7  8]
[test_sample_04754] [T1x_rxn4795] ❌ 错误 | 原子数：14
  - 正确映射：[ 5  9  0  4  6 12 13 10 11  3  1  7  8  2]
  - 预测映射：[ 0  9  5 12  6  4  1  7 11  3 13 10  8  2]
[test_sample_04755] [T1x_rxn4796] ❌ 错误 | 原子数：14
  - 正确映射：[ 3  0 10  1  6  7  2  5  8  9  4 13 12 11]
  - 预测映射：[ 3  0 10  1  6  7  5  8  2  9 13  4 12 11]
[test_sample_04756] [T1x_rxn4797] ✅ 严格正确 | 原子数：14
[test_sample_04757] [T1x_rxn4798] ❌ 错误 | 原子数：14
  - 正确映射：[ 6 12 11  0  5  2  3  8  1 10  7 13  9  4]
  - 预测映射：[ 6 12 11  0  5  2  1  3 10  4 13  7  9  8]
[test_sample_04758] [T1x_rxn4799] ✅ 严格正确 | 原子数：14
[test_sample_04759] [T1x_rxn4800] ✅ 严格正确 | 原子数：14
[test_sample_04760] [T1x_rxn4801] ✅ 严格正确 | 原子数：14
[test_sample_04761] [T1x_rxn8949] ❌ 错误 | 原子数：14
  - 正确映射：[13  8  7  6 11  3  4  2  5  9 12  0  1 10]
  - 预测映射：[11  6  3 13  8  7 10  9  0  1  2  4  5 12]
[test_sample_04762] [T1x_rxn8950] ❌ 错误 | 原子数：14
  - 正确映射：[12  4  9 11  6  8 10  0  2  1  7  5  3 13]
  - 预测映射：[ 4 12  8  6 11  9  1  7  2 10  0  5 13  3]
[test_sample_04763] [T1x_rxn9038] ❌ 错误 | 原子数：14
  - 正确映射：[13  3  9  4 11  0 12  7  6  5  8  2 10  1]
  - 预测映射：[13  3 11  4  9  0  7  6  8 12  5 10  2  1]
[test_sample_04764] [T1x_rxn9039] ❌ 错误 | 原子数：14
  - 正确映射：[ 8  1 12  2  7 13 11  9  3  5  0  6  4 10]
  - 预测映射：[ 8  1  7  2 12 13  9  0  3 11  5  4  6 10]
[test_sample_04765] [T1x_rxn9069] ✅ 严格正确 | 原子数：14
[test_sample_04766] [T1x_rxn9085] ❌ 错误 | 原子数：14
  - 正确映射：[ 7  5  8  1  0  3  4 12 10 13 11  9  2  6]
  - 预测映射：[ 0  3  1  8  7  5 12  2  9 11 13 10  4  6]
[test_sample_04767] [T1x_rxn9086] ❌ 错误 | 原子数：14
  - 正确映射：[10  5  4  1  0  3 13  7 11  8  6  9 12  2]
  - 预测映射：[ 0  1  3  5 10  4 13  9  2 12  7  8 11  6]
[test_sample_04768] [T1x_rxn9087] ❌ 错误 | 原子数：14
  - 正确映射：[ 6  2  0 13  8 11 10 12  5  3  7  4  1  9]
  - 预测映射：[ 8 11 13  0  6  2 10  1  7  4  5  3 12  9]
[test_sample_04769] [T1x_rxn9112] ❌ 错误 | 原子数：14
  - 正确映射：[10  9  5  3 13  1  0 12  8  7 11  2  4  6]
  - 预测映射：[ 9 10  5  3 13  1 12  7  8 11  0  2  4  6]
[test_sample_04770] [T1x_rxn9121] ❌ 错误 | 原子数：14
  - 正确映射：[10  2 11  7 13  6  0  9 12  1  3  4  5  8]
  - 预测映射：[ 2  7 11  6 13 10  1 12  4  3  5  8  0  9]
[test_sample_04771] [T1x_rxn9130] ❌ 错误 | 原子数：14
  - 正确映射：[ 2 12  0  6  3  7  4  8  9  5  1 13 11 10]
  - 预测映射：[12  0  2  6  3  7  8  1  5 13 11 10  4  9]
[test_sample_04772] [T1x_rxn9145] ❌ 错误 | 原子数：14
  - 正确映射：[ 5 12 13  4 10  0  3  2  7  6  8  1 11  9]
  - 预测映射：[ 5 12 13  4 10  0  3  7  2  6  8  1 11  9]
[test_sample_04773] [T1x_rxn9168] ❌ 错误 | 原子数：14
  - 正确映射：[ 2  5  7 10  4  8  0  6  1 13  3 11  9 12]
  - 预测映射：[ 2 10  7  5  4  8  0  6  1  3 13 11  9 12]
[test_sample_04774] [T1x_rxn9169] ❌ 错误 | 原子数：14
  - 正确映射：[ 8  5 12  2  0  3  9 13  1 11  7  6 10  4]
  - 预测映射：[ 0  2  3  5  8 12 10  4  1  6  7 11  9 13]
[test_sample_04775] [T1x_rxn9170] ❌ 错误 | 原子数：14
  - 正确映射：[ 3  2  6  0 13  5 11 10  9 12  1  4  7  8]
  - 预测映射：[ 3  2  6  0 13  5  9 10 11  1 12  7  4  8]
[test_sample_04776] [T1x_rxn9197] ✅ 严格正确 | 原子数：14
[test_sample_04777] [T1x_rxn9200] ❌ 错误 | 原子数：14
  - 正确映射：[ 6  4  3  2  1  0  5  9 13  7  8 10 12 11]
  - 预测映射：[ 6  4  3  2  1  0  5  9 13  7 10 12 11  8]
[test_sample_04778] [T1x_rxn9201] ❌ 错误 | 原子数：14
  - 正确映射：[12  3  2  1 13  7 10  8  5  9  6  0  4 11]
  - 预测映射：[12  3  2  1 13  7  9  5  8 10  4 11  6  0]
[test_sample_04779] [T1x_rxn9204] ❌ 错误 | 原子数：14
  - 正确映射：[11  1 12  0  8  2  7  4  9  5  3 13 10  6]
  - 预测映射：[11  1 12  0  8  2  9  4  6  5  3  7 10 13]
[test_sample_04780] [T1x_rxn9240] ❌ 错误 | 原子数：14
  - 正确映射：[ 1 11  6  0  2  9  3 12 10  5  4 13  8  7]
  - 预测映射：[ 1 11  6  2  0  9 10 12  3  5  7  8 13  4]
[test_sample_04781] [T1x_rxn9241] ❌ 错误 | 原子数：14
  - 正确映射：[ 6 10  5  8 12  2  0  7  9  4  1 13 11  3]
  - 预测映射：[ 6 10  5  8 12  2  9  7  0  4  1 13 11  3]
[test_sample_04782] [T1x_rxn9242] ❌ 错误 | 原子数：14
  - 正确映射：[12  1  0  7  9  4  2  6  8 13  5 10 11  3]
  - 预测映射：[ 4  9  7  0  1 12  3  2 11 10  8 13  5  6]
[test_sample_04783] [T1x_rxn9256] ❌ 错误 | 原子数：14
  - 正确映射：[ 3  7  5  2  9  4 10  8  1 12 11 13  6  0]
  - 预测映射：[ 3  9  4  2  7  5  8  1 10  0  6 13 11 12]
[test_sample_04784] [T1x_rxn9257] ❌ 错误 | 原子数：14
  - 正确映射：[ 5 12  9  0 11  7  6  1  4 10  2  8 13  3]
  - 预测映射：[ 5 12  7 11  0  9 10  4  1  6 13  3  8  2]
[test_sample_04785] [T1x_rxn9258] ❌ 错误 | 原子数：14
  - 正确映射：[ 5 11 12  4  7  0  9  2  3 13  1  8 10  6]
  - 预测映射：[11  5  0  7  4 12  8  2 13  9  3 10  6  1]
[test_sample_04786] [T1x_rxn9289] ❌ 错误 | 原子数：14
  - 正确映射：[ 9  0  6  2  1  5  4  7 11 10  3 13  8 12]
  - 预测映射：[ 9  0  1  6  2  5 11  7  4 13  8  3 10 12]
[test_sample_04787] [T1x_rxn9296] ❌ 错误 | 原子数：14
  - 正确映射：[ 0  3  4  9  7 12  1 10 11  6  2  8 13  5]
  - 预测映射：[ 0  9  4  3  7 12  6  2  8 10 11  1 13  5]
[test_sample_04788] [T1x_rxn9297] ❌ 错误 | 原子数：14
  - 正确映射：[13 12  5  7  0  4  8  1 10  6 11  3  9  2]
  - 预测映射：[13 12  5  7  0  4 10  1 11  3  6  9  8  2]
[test_sample_04789] [T1x_rxn9299] ❌ 错误 | 原子数：14
  - 正确映射：[ 4  0  7  5  3  8 13 11  1  6 12 10  9  2]
  - 预测映射：[ 4  0  7  3  5  8 11 13  1 10 12  6  9  2]
[test_sample_04790] [T1x_rxn9301] ❌ 错误 | 原子数：14
  - 正确映射：[ 4  9  8  7  1  2  6  0 10 12 11  3  5 13]
  - 预测映射：[ 1  4  8  9  7  2 13  0  6 12 10  3  5 11]
[test_sample_04791] [T1x_rxn9302] ❌ 错误 | 原子数：14
  - 正确映射：[ 9 10  3  8  4  6  5  7 12  1  0  2 13 11]
  - 预测映射：[ 8  4  6  9 10  3  2 12 11 13  0  5  1  7]
[test_sample_04792] [T1x_rxn9330] ❌ 错误 | 原子数：14
  - 正确映射：[13 11  6  5  8  9  4  1 10 12  2  0  7  3]
  - 预测映射：[ 5  8  6 11 13  9  2  0  7 12  4  1 10  3]
[test_sample_04793] [T1x_rxn9371] ❌ 错误 | 原子数：14
  - 正确映射：[ 7  4  8  6  2  3 13 12  5  9 11  0  1 10]
  - 预测映射：[ 7  2  8  6  4  3 13  5 12  0 11 10  1  9]
[test_sample_04794] [T1x_rxn9372] ✅ 严格正确 | 原子数：14
[test_sample_04795] [T1x_rxn9379] ❌ 错误 | 原子数：14
  - 正确映射：[ 7 12  4  8 11  2 13  0 10  1  6  9  5  3]
  - 预测映射：[ 7 11  4 12  8  2  3 13  1 10  0  6  9  5]
[test_sample_04796] [T1x_rxn9380] ❌ 错误 | 原子数：14
  - 正确映射：[11  1  7  6 12  2 10  3  4  9 13  0  8  5]
  - 预测映射：[11  1  7  6 12  2 13 10  3  0  9  4  5  8]
[test_sample_04797] [T1x_rxn9406] ❌ 错误 | 原子数：14
  - 正确映射：[ 0 12 13 10 11  5  6  3  1  2  8  9  4  7]
  - 预测映射：[ 0 12 13 10 11  5  6  3  1  2  8  4  7  9]
[test_sample_04798] [T1x_rxn9407] ❌ 错误 | 原子数：14
  - 正确映射：[13  4  5  0  9  6 11 12  1  3  7 10  2  8]
  - 预测映射：[13  4  5  0  9  6 11 12  1  7  3  2 10  8]
[test_sample_04799] [T1x_rxn9408] ❌ 错误 | 原子数：14
  - 正确映射：[10 13  7  9  4 12  5  3  8  6  2  1  0 11]
  - 预测映射：[10  7 13  9  4 12  5  6  0  8  3  2 11  1]
[test_sample_04800] [T1x_rxn9415] ❌ 错误 | 原子数：14
  - 正确映射：[13 12  5  4  2  0  8 10  7  3  1 11  9  6]
  - 预测映射：[12 13  5  0  2  4  8  3  7 10  1  9 11  6]
[test_sample_04801] [T1x_rxn9424] ❌ 错误 | 原子数：14
  - 正确映射：[ 2 13  4  6  7  8  9  0 11 10  5 12  3  1]
  - 预测映射：[ 7  6  8 13  2  4  5  3  1 12  9 10  0 11]
[test_sample_04802] [T1x_rxn9425] ❌ 错误 | 原子数：14
  - 正确映射：[ 4  8  2  1  3 12  6 13 10  7  5 11  0  9]
  - 预测映射：[ 4  8 12  3  1  2 13  6 10  7  9 11  5  0]
[test_sample_04803] [T1x_rxn9452] ❌ 错误 | 原子数：14
  - 正确映射：[11  8 13 10  2  1  3  5  9 12  7  6  4  0]
  - 预测映射：[ 2  8 11  1 13 10  7  4  3 12  9  5  6  0]
[test_sample_04804] [T1x_rxn9453] ❌ 错误 | 原子数：14
  - 正确映射：[ 8 13  3  9  1  4  0  5  6  2  7 12 11 10]
  - 预测映射：[ 1 13  8  4  3  9 11 10  0  2  6  5  7 12]
[test_sample_04805] [T1x_rxn9469] ❌ 错误 | 原子数：14
  - 正确映射：[ 4  6  9  3 11 12  8  0  7  5 10 13  1  2]
  - 预测映射：[ 4  6 11  3  9 12  0  8  7  5  1  2 10 13]
[test_sample_04806] [T1x_rxn10071] ❌ 错误 | 原子数：15
  - 正确映射：[ 0 10  6  1  8 11 12 13  2 14  4  9  5  7  3]
  - 预测映射：[ 1 10  6  0 12 11  8  5 13  9  4  7 14  3  2]
[test_sample_04807] [T1x_rxn10072] ❌ 错误 | 原子数：15
  - 正确映射：[ 6  8  4  3 11  1  5 13 12 10 14  2  9  7  0]
  - 预测映射：[ 6  8  4  3 11  1  5 10  9 13 14 12  7  2  0]
[test_sample_04808] [T1x_rxn4845] ❌ 错误 | 原子数：15
  - 正确映射：[ 2  5  8  4 10  0  7 12 14  3 11  9  6  1 13]
  - 预测映射：[ 2  5 10  4  8  0  7 14 12  3  9 11 13  1  6]
[test_sample_04809] [T1x_rxn4846] ❌ 错误 | 原子数：15
  - 正确映射：[ 2  5 10 12  0  7  1  9  4  8 13  3 11  6 14]
  - 预测映射：[ 2  5 10 12  0  7  1 13  4  8  9  3 11  6 14]
[test_sample_04810] [T1x_rxn4847] ❌ 错误 | 原子数：15
  - 正确映射：[ 6 14  9  4  3  5  7  2 10  1 12  8 13  0 11]
  - 预测映射：[14  6  9  5  7  4  3 12  1 10  2 13  0  8 11]
[test_sample_04811] [T1x_rxn4848] ❌ 错误 | 原子数：15
  - 正确映射：[ 8  4  7  1  2  0 11 13 10  9  6  3  5 14 12]
  - 预测映射：[ 4  8  7  1  2  0 11  3 13  6  9 10  5 14 12]
[test_sample_04812] [T1x_rxn4849] ❌ 错误 | 原子数：15
  - 正确映射：[ 3  4  2 12  9  5 10  7  1  6 14  0 11 13  8]
  - 预测映射：[ 3  4  2 12  9  5 10  1  7  6  0 14 13 11  8]
[test_sample_04813] [T1x_rxn4850] ❌ 错误 | 原子数：15
  - 正确映射：[ 4 10  1  0 14 12 13  3  5  2  9  7  8 11  6]
  - 预测映射：[ 4 10  1  0 14 12 13  2  5  9 11  7  8  3  6]
[test_sample_04814] [T1x_rxn4875] ❌ 错误 | 原子数：15
  - 正确映射：[ 8 12 13  4  6 11 14  5  3  7  9  0  1 10  2]
  - 预测映射：[13 12  8  4  6 11 14  0  3  5  7  9  2  1 10]
[test_sample_04815] [T1x_rxn4876] ❌ 错误 | 原子数：15
  - 正确映射：[ 6  5 11  1  8 10 13  4  9  7 14  0  2 12  3]
  - 预测映射：[11  5  6  1  8 10 13  4  9  0 14  7 12  2  3]
[test_sample_04816] [T1x_rxn4877] ❌ 错误 | 原子数：15
  - 正确映射：[11 10  6  7  8 13  9  5  1  3 12 14  2  4  0]
  - 预测映射：[11 10  6  7  8 13  9  5 14  1  3 12  2  4  0]
[test_sample_04817] [T1x_rxn4878] ❌ 错误 | 原子数：15
  - 正确映射：[13  6 10  0  3 11  4  9 14  8  5 12  7  1  2]
  - 预测映射：[13  6 10  0  3 11  4  8  9 14  5 12  7  1  2]
[test_sample_04818] [T1x_rxn4896] ❌ 错误 | 原子数：15
  - 正确映射：[10  1  6  9  5 12 14 11  8  0  4  3 13  7  2]
  - 预测映射：[10  9  6  1 12  5 14  8  0 11  3  7 13  2  4]
[test_sample_04819] [T1x_rxn4897] ❌ 错误 | 原子数：15
  - 正确映射：[10  2 14  1  3 13  4  6 11 12  8  5  7  9  0]
  - 预测映射：[10  2 14  1  3 13  4 11 12  6  8  7  5  9  0]
[test_sample_04820] [T1x_rxn4898] ❌ 错误 | 原子数：15
  - 正确映射：[13  4 10  5  2  1  6 14  0 11  7  3  9  8 12]
  - 预测映射：[13  5 10  4  2  1  6 14 11  0  9 12  8  3  7]
[test_sample_04821] [T1x_rxn4899] ❌ 错误 | 原子数：15
  - 正确映射：[ 4 10 12 13  6  9  3  1  2 14  5  7  0  8 11]
  - 预测映射：[ 4 10 12 13  6  9  3  1  2 14  7  8  0 11  5]
[test_sample_04822] [T1x_rxn4900] ❌ 错误 | 原子数：15
  - 正确映射：[12  8 13  6 10  1  9  0 14  3 11  5  4  2  7]
  - 预测映射：[12  8 13  6 10  1  9 14  3 11  0  5  2  4  7]
[test_sample_04823] [T1x_rxn4901] ❌ 错误 | 原子数：15
  - 正确映射：[ 9 11  7  8  1  3 12 10  5 14  2  4 13  6  0]
  - 预测映射：[ 9 11  7  8  1  3 12 14 10  5  2  6 13  4  0]
[test_sample_04824] [T1x_rxn5698] ❌ 错误 | 原子数：15
  - 正确映射：[ 4  9  6 12 13  0  7  5  1  3  8 14 11 10  2]
  - 预测映射：[ 4  9  6 12 13  0  7  5  8  3 14  1 10 11  2]
[test_sample_04825] [T1x_rxn5699] ❌ 错误 | 原子数：15
  - 正确映射：[ 6  5 11 10  9  8 14  7  0  2  4  3 13  1 12]
  - 预测映射：[ 6  5 11 10  9  8 14  7  2  0  4  3 12 13  1]
[test_sample_04826] [T1x_rxn5700] ❌ 错误 | 原子数：15
  - 正确映射：[11  8  1  0 12 13  2  5  3 10 14  6  9  7  4]
  - 预测映射：[12  0 13  1  2  8 11 14  4  6  9  7 10  5  3]
[test_sample_04827] [T1x_rxn5701] ❌ 错误 | 原子数：15
  - 正确映射：[12  4  3 13  5  2 10  1  9 11  0  8 14  7  6]
  - 预测映射：[12  4  3 13  5  2 10 11  1  9  0  8  7  6 14]
[test_sample_04828] [T1x_rxn5702] ✅ 严格正确 | 原子数：15
[test_sample_04829] [T1x_rxn5703] ✅ 严格正确 | 原子数：15
[test_sample_04830] [T1x_rxn5704] ❌ 错误 | 原子数：15
  - 正确映射：[13  0 14 10  7 12  6  2  5  4  8  3  9 11  1]
  - 预测映射：[13  0 14 10  7 12  6  1  9  4  2  5  3  8 11]
[test_sample_04831] [T1x_rxn5705] ❌ 错误 | 原子数：15
  - 正确映射：[ 0 11 13  4  5  7  3 12  9  6  8  2 14 10  1]
  - 预测映射：[ 0 11 13  4  5  7  3 14 12  6  9  8  2 10  1]
[test_sample_04832] [T1x_rxn5706] ❌ 错误 | 原子数：15
  - 正确映射：[ 3  2  7 14 11  0  4  6  8  5  1 12 10  9 13]
  - 预测映射：[ 3  2  7 14 11  0  4  5  1  6 12  8 10  9 13]
[test_sample_04833] [T1x_rxn6408] ❌ 错误 | 原子数：15
  - 正确映射：[ 2  9 13 12  1  6  7  5  0 14 10 11  3  8  4]
  - 预测映射：[ 2 12 13  9  1  6  7 14  5  0 10 11  3  8  4]
[test_sample_04834] [T1x_rxn6409] ❌ 错误 | 原子数：15
  - 正确映射：[ 3  9 12  2  5 11 10 14  4  0  1  8 13  6  7]
  - 预测映射：[11 10  5  2 12  3  9  7  6 13  1  8 14  0  4]
[test_sample_04835] [T1x_rxn6410] ❌ 错误 | 原子数：15
  - 正确映射：[12 10  1 14  0  2  6  4  3  5  9  7 11 13  8]
  - 预测映射：[12 10  0  6  1  2 14  7  3  8  4  5  9 13 11]
[test_sample_04836] [T1x_rxn6411] ❌ 错误 | 原子数：15
  - 正确映射：[14 12  9  5  8 10  1 11  7  3  0  6  2 13  4]
  - 预测映射：[14 12  9  5  8 10  1  3  7 11  6  0 13  2  4]
[test_sample_04837] [T1x_rxn6412] ❌ 错误 | 原子数：15
  - 正确映射：[12  4  0 14  9  2  1  6  5  7  3 13  8 11 10]
  - 预测映射：[12  4  0 14  9  2  1  6  5  7  8  3 10 13 11]
[test_sample_04838] [T1x_rxn7321] ❌ 错误 | 原子数：15
  - 正确映射：[ 9  8  1 13 11  2  5  3  0 14  4 10  6  7 12]
  - 预测映射：[ 9  8  1 13 11  2  5 14  4  3 10  7  6 12  0]
[test_sample_04839] [T1x_rxn7322] ❌ 错误 | 原子数：15
  - 正确映射：[ 0  8 12  1 13 11  9  2 10  6  7 14  5  4  3]
  - 预测映射：[ 8  0 12 11  9  1 13  2 10  7  6 14  5  3  4]
[test_sample_04840] [T1x_rxn7323] ❌ 错误 | 原子数：15
  - 正确映射：[ 3 13  0  6  1 10  7 12 11 14  5  2  4  8  9]
  - 预测映射：[ 3  6  0 13  1 10  7 14 11  9 12  5  4  2  8]
[test_sample_04841] [T1x_rxn7324] ❌ 错误 | 原子数：15
  - 正确映射：[ 5 12  8 10  2  4  7  3 14 13 11  9  6  1  0]
  - 预测映射：[ 5 12  8 10  2  4  7  3 14 13 11  9  6  0  1]
[test_sample_04842] [T1x_rxn7325] ❌ 错误 | 原子数：15
  - 正确映射：[ 2  6  0 13 14 10  3  5  9 12  8  4 11  7  1]
  - 预测映射：[ 2 13 14  6  3 10  0  9 12  5  8  7 11  4  1]
[test_sample_04843] [T1x_rxn7326] ❌ 错误 | 原子数：15
  - 正确映射：[12 13  6 11 10  1  5  8  9 14  7  0  3  2  4]
  - 预测映射：[12 13  6  1  5 11 10  7  9  3  8  0 14  4  2]
[test_sample_04844] [T1x_rxn7327] ❌ 错误 | 原子数：15
  - 正确映射：[ 4 12  3  8 13  9  5 11  0  1 10 14  7  2  6]
  - 预测映射：[ 4 12  3  9  5  8 13  1  0  7 11  6 10 14  2]
[test_sample_04845] [T1x_rxn7328] ❌ 错误 | 原子数：15
  - 正确映射：[ 1 11  6  5 14  2  4  7  3  0  8 12  9 13 10]
  - 预测映射：[ 1 11  6  5 14  2  4  7  0  3 12  8 10 13  9]
[test_sample_04846] [T1x_rxn7839] ❌ 错误 | 原子数：15
  - 正确映射：[ 3 14 10  0  1 12 11  6  4 13  8  2  9  7  5]
  - 预测映射：[ 1  0 10 14  3 12 11  2  7  8  4 13  6  5  9]
[test_sample_04847] [T1x_rxn7840] ✅ 严格正确 | 原子数：15
[test_sample_04848] [T1x_rxn7841] ❌ 错误 | 原子数：15
  - 正确映射：[ 8  4  6  5 10  7  3  2  0 12 11 13 14  9  1]
  - 预测映射：[10  5  6  4  8  7  3 14 11 13  0 12  2  1  9]
[test_sample_04849] [T1x_rxn7842] ❌ 错误 | 原子数：15
  - 正确映射：[ 1  6  7  8 14 10  9 11 12  3  5  2  4 13  0]
  - 预测映射：[14  8  7  6  1 10  9  4  5  2 12  3 11  0 13]
[test_sample_04850] [T1x_rxn7843] ❌ 错误 | 原子数：15
  - 正确映射：[ 8  7  2  3  0 13 14  5 12 11  4  1  6 10  9]
  - 预测映射：[ 8 13  2  3  0  7 14 10 12  9  1  4  6  5 11]
[test_sample_04851] [T1x_rxn7844] ❌ 错误 | 原子数：15
  - 正确映射：[ 5  0  7  8 11  2 10 13  3  6  9  4 14  1 12]
  - 预测映射：[11  8  7  0  5  2 10 14  9  4  3  6 13 12  1]
[test_sample_04852] [T1x_rxn7845] ❌ 错误 | 原子数：15
  - 正确映射：[ 9 13  4 14  8  1  7  2 10  5  3 11  0  6 12]
  - 预测映射：[ 8 14  4 13  9  1  7  3  0 11  5 10  2 12  6]
[test_sample_04853] [T1x_rxn8931] ✅ 严格正确 | 原子数：15
[test_sample_04854] [T1x_rxn8932] ❌ 错误 | 原子数：15
  - 正确映射：[ 0  5 11 13 14 12  2  4 10  9  1  6  7  8  3]
  - 预测映射：[ 0  5 11 13 14 12  2  6  7  9  4 10  8  1  3]
[test_sample_04855] [T1x_rxn8933] ❌ 错误 | 原子数：15
  - 正确映射：[ 7  1  3  2  9  8 12 10 13  6  0  5 14 11  4]
  - 预测映射：[ 7  1  3  2  9  8 12 10 13  6 14  5 11  0  4]
[test_sample_04856] [T1x_rxn8934] ❌ 错误 | 原子数：15
  - 正确映射：[11  2  6  7  8  9 13  3 12 10  4  5  0  1 14]
  - 预测映射：[11  2  6  7  8  9 13  1 12  3 10  5  4  0 14]
[test_sample_04857] [T1x_rxn8935] ✅ 严格正确 | 原子数：15
[test_sample_04858] [T1x_rxn8936] ✅ 严格正确 | 原子数：15
[test_sample_04859] [T1x_rxn8937] ✅ 严格正确 | 原子数：15
[test_sample_04860] [T1x_rxn9484] ❌ 错误 | 原子数：15
  - 正确映射：[ 2  6 13  3  1 10  8 14  4  5  0  7  9 11 12]
  - 预测映射：[10  6  2  3 13  1  8  5  4  7 14  0 12  9 11]
[test_sample_04861] [T1x_rxn9485] ❌ 错误 | 原子数：15
  - 正确映射：[10  0  3  4  5  9 13  2  7 11 12  6  1 14  8]
  - 预测映射：[ 9 13  3  4  5 10  0  6  1 14 11 12  7  8  2]
[test_sample_04862] [T1x_rxn9486] ❌ 错误 | 原子数：15
  - 正确映射：[ 0 11  8  5  7 13 10  6  9  2  3  4 14 12  1]
  - 预测映射：[ 0 10 13 11  8  7  5  6  2  9 12 14  1  3  4]
[test_sample_04863] [T1x_rxn9594] ❌ 错误 | 原子数：15
  - 正确映射：[ 1  7  9  4  2 14 10 12  5 11  0  3 13  8  6]
  - 预测映射：[ 1  7  9  4  2 14 10 12  3 11  0  5 13  6  8]
[test_sample_04864] [T1x_rxn9595] ❌ 错误 | 原子数：15
  - 正确映射：[ 4  5 12 10  7  9 13  1 11  0  8  2  6  3 14]
  - 预测映射：[ 4  5 12 10  7  9 13 11  8  2 14  0  1  3  6]
[test_sample_04865] [T1x_rxn9698] ❌ 错误 | 原子数：15
  - 正确映射：[13  9  3  5  8 10  0  1 11  6 12  4  2 14  7]
  - 预测映射：[13  9  3  5  8 10  0  6 11  1 12  4 14  2  7]
[test_sample_04866] [T1x_rxn9699] ❌ 错误 | 原子数：15
  - 正确映射：[ 8 11 14  2  9 12  7  6 13 10  5  1  3  4  0]
  - 预测映射：[ 8 11 14  2  9 12  7  6 13 10  1  3  4  5  0]
[test_sample_04867] [T1x_rxn9700] ❌ 错误 | 原子数：15
  - 正确映射：[ 7 10  8  1  2  4  3  9 13 12  0  6 14  5 11]
  - 预测映射：[ 8 10  7  1  2  4  3 13 12  9  6  0  5 14 11]
[test_sample_04868] [T1x_rxn9827] ❌ 错误 | 原子数：15
  - 正确映射：[ 8  3  0 14  2  7  5 11 10  6  9  1  4 13 12]
  - 预测映射：[ 8  3  0 14  2  7  5  1 11  9  6  4 10 13 12]
[test_sample_04869] [T1x_rxn9828] ❌ 错误 | 原子数：15
  - 正确映射：[ 5 14 13  6  1 11  3  4 10 12  8  9  7  0  2]
  - 预测映射：[ 5 14 13  6  1 11  3  4  8 10  9  0  7  2 12]
[test_sample_04870] [T1x_rxn9907] ❌ 错误 | 原子数：15
  - 正确映射：[ 0 11  3  2  4  9 10 14  7  1  5 13  6 12  8]
  - 预测映射：[ 0 11  3  9 10  2  4  1  7 12 14  8  6 13  5]
[test_sample_04871] [T1x_rxn2957] ✅ 严格正确 | 原子数：14
[test_sample_04872] [T1x_rxn3435] ❌ 错误 | 原子数：14
  - 正确映射：[ 8  3  5 11  7  0 12  1  4 13 10  2  9  6]
  - 预测映射：[ 5  3  7 11  8  4 13 10  1  2  6  0  9 12]
[test_sample_04873] [T1x_rxn3436] ❌ 错误 | 原子数：14
  - 正确映射：[10  2  6  7  9 12  1 13  4  3  8  0  5 11]
  - 预测映射：[10  2  6  7  9 12  1  4 13  8  3  5  0 11]
[test_sample_04874] [T1x_rxn3437] ❌ 错误 | 原子数：14
  - 正确映射：[11 13  1  3  4  5  7 10  6  9 12  0  8  2]
  - 预测映射：[11 13  1  3  4  5  7 10  6  9 12  8  2  0]
[test_sample_04875] [T1x_rxn3438] ✅ 严格正确 | 原子数：14
[test_sample_04876] [T1x_rxn3439] ❌ 错误 | 原子数：14
  - 正确映射：[11  1 10 13  9  4  7 12  8  3  6  5  2  0]
  - 预测映射：[ 9  1 10 13 11  0  5  2  8  6  3 12  4  7]
[test_sample_04877] [T1x_rxn9345] ❌ 错误 | 原子数：14
  - 正确映射：[ 3  8  4 11 10  5  0  9  2 13  1  7  6 12]
  - 预测映射：[ 3  8 10 11  4  0  5  9  2 12  7  6  1 13]
[test_sample_04878] [T1x_rxn9346] ❌ 错误 | 原子数：14
  - 正确映射：[ 9  0  5 12  6  3 11  4  2  7 10  8 13  1]
  - 预测映射：[ 9  5  0 12  6  3  4 11  7  2 10 13  8  1]
[test_sample_04879] [T1x_rxn0702] ❌ 错误 | 原子数：15
  - 正确映射：[ 0  8  2 13 10  6 11  9 14  3  4  5  7  1 12]
  - 预测映射：[ 0  8  2 13  6 10  5  7 14  9  4 12 11  3  1]
[test_sample_04880] [T1x_rxn0703] ❌ 错误 | 原子数：15
  - 正确映射：[11  3 14  9  1  5  4  2 12  8 13 10  7  0  6]
  - 预测映射：[11  5  3  9 14  1  7  0  4  2 12 13  8  6 10]
[test_sample_04881] [T1x_rxn0704] ❌ 错误 | 原子数：15
  - 正确映射：[13  7  3  9  4 14 12 11 10  8  5  1  2  6  0]
  - 预测映射：[13  7  3  9  4 14 12 11 10  8  5  2  1  6  0]
[test_sample_04882] [T1x_rxn0705] ✅ 严格正确 | 原子数：15
[test_sample_04883] [T1x_rxn0782] ❌ 错误 | 原子数：15
  - 正确映射：[ 1 11  0 13  7  8  2  3 10 14  6  4 12  5  9]
  - 预测映射：[ 1 11  0 13  7  8  2  3 10  6  4 14 12  5  9]
[test_sample_04884] [T1x_rxn0783] ❌ 错误 | 原子数：15
  - 正确映射：[ 7 11  8 10 13  6 12  1  3  2  4  0  9 14  5]
  - 预测映射：[ 8 11  7 10 13  6  0  2  4  1  3 12  9 14  5]
[test_sample_04885] [T1x_rxn0784] ❌ 错误 | 原子数：15
  - 正确映射：[ 0 14  1 10 11  6 13  9  2  8 12  7  5  4  3]
  - 预测映射：[ 0 14  1 10 11  6  9 13  2  7 12  8  4  3  5]
[test_sample_04886] [T1x_rxn0785] ✅ 严格正确 | 原子数：15
[test_sample_04887] [T1x_rxn0786] ✅ 严格正确 | 原子数：15
[test_sample_04888] [T1x_rxn0787] ❌ 错误 | 原子数：15
  - 正确映射：[ 3  4 11  1  9  0  8 10 12  5 14  2  6  7 13]
  - 预测映射：[ 3  4  1 11  9  0  8 10  5 12  7  6 14  2 13]
[test_sample_04889] [T1x_rxn0788] ❌ 错误 | 原子数：15
  - 正确映射：[11 14  8  1 13  7  2  5  4 12  6  9 10  0  3]
  - 预测映射：[11 14  1 13  8  7  4  2  5 10  9  0  3  6 12]
[test_sample_04890] [T1x_rxn0789] ❌ 错误 | 原子数：15
  - 正确映射：[11  3 13  0 10 14 12  7  1  6  8  5  4  2  9]
  - 预测映射：[13  3 11  0 10 14  5  6  8  7  1 12  4  2  9]
[test_sample_04891] [T1x_rxn0790] ❌ 错误 | 原子数：15
  - 正确映射：[ 0 11 13 12  4 10  2  5  3  1  8  6  9  7 14]
  - 预测映射：[13 11  0 12  4 10  6  1  8  5  3  2  7  9 14]
[test_sample_04892] [T1x_rxn1076] ✅ 严格正确 | 原子数：15
[test_sample_04893] [T1x_rxn1077] ✅ 严格正确 | 原子数：15
[test_sample_04894] [T1x_rxn1078] ✅ 严格正确 | 原子数：15
[test_sample_04895] [T1x_rxn1079] ❌ 错误 | 原子数：15
  - 正确映射：[10  0  2  3 12  1  9 13  8  7  4  6  5 14 11]
  - 预测映射：[ 2  0 10  3 12  1  5  4  7  8  9 14  6 11 13]
[test_sample_04896] [T1x_rxn1080] ❌ 错误 | 原子数：15
  - 正确映射：[10 12 11 13  2  8  7  4  6  0  5  3  1 14  9]
  - 预测映射：[11 12 10 13  2  8  1  3  4  5  0  6  7 14  9]
[test_sample_04897] [T1x_rxn1081] ❌ 错误 | 原子数：15
  - 正确映射：[13 11  7  5  2  4  0  9 14  8  3  6 10  1 12]
  - 预测映射：[ 2 11 13  5  7  4  9  1 12  3  8  0 14 10  6]
[test_sample_04898] [T1x_rxn1082] ❌ 错误 | 原子数：15
  - 正确映射：[ 3  2  6  1  4 10  0 12  7 14 11  8  9  5 13]
  - 预测映射：[ 3  2  6  1  4 10  0 12  7 13 11  9 14  8  5]
[test_sample_04899] [T1x_rxn1357] ❌ 错误 | 原子数：15
  - 正确映射：[10  9  8  7  6  5  4 14 12  0  3  2  1 13 11]
  - 预测映射：[10  9  8  7  6  5 14 12  4  0  3  2  1 13 11]
[test_sample_04900] [T1x_rxn1358] ❌ 错误 | 原子数：15
  - 正确映射：[ 1 13 11 10  3  9 12  4  0  6  8  2  7  5 14]
  - 预测映射：[ 1 13 11 10  3  9  4 12  0  8  6  2 14  5  7]
[test_sample_04901] [T1x_rxn1359] ✅ 严格正确 | 原子数：15
[test_sample_04902] [T1x_rxn1360] ❌ 错误 | 原子数：15
  - 正确映射：[14  1  0  9  5 10  4 11 12  6  8  7  2 13  3]
  - 预测映射：[14  1  0  9  5 10 11  4 12  6  2  7  8 13  3]
[test_sample_04903] [T1x_rxn1533] ✅ 严格正确 | 原子数：15
[test_sample_04904] [T1x_rxn1905] ❌ 错误 | 原子数：15
  - 正确映射：[ 8  4  3  1  2  6 13 12 14 10  0 11  7  5  9]
  - 预测映射：[ 8  4  6  3  2  1 12  9 14 13  7  0  5 11 10]
[test_sample_04905] [T1x_rxn1906] ❌ 错误 | 原子数：15
  - 正确映射：[10  1  9  6  2 13  7  0  8  4  5 12 11 14  3]
  - 预测映射：[10  1  9  6  2 13  7  8  0  5  4 11 12  3 14]
[test_sample_04906] [T1x_rxn1907] ❌ 错误 | 原子数：15
  - 正确映射：[ 5  4 10  9 13 11  7  2  1  0 12  6 14  8  3]
  - 预测映射：[ 5  4 11  9 13 10  2  1  7  8  3 14  6  0 12]
[test_sample_04907] [T1x_rxn1908] ❌ 错误 | 原子数：15
  - 正确映射：[12  2 13  0  5  8 11 10  4  6  9  7 14  3  1]
  - 预测映射：[12  2 13  0  5  8  4 10 11  9  6 14  7  1  3]
[test_sample_04908] [T1x_rxn1909] ❌ 错误 | 原子数：15
  - 正确映射：[ 8  5  4  2 11  3  7 13  6  0 12 10  9 14  1]
  - 预测映射：[ 8  5  3  2 11  4 13  7  6  1 14 10  9 12  0]
[test_sample_04909] [T1x_rxn1921] ✅ 严格正确 | 原子数：15
[test_sample_04910] [T1x_rxn1922] ❌ 错误 | 原子数：15
  - 正确映射：[ 1 13  4 10  5  8 12  0  6  7 14  9  2  3 11]
  - 预测映射：[ 1  8  4 10  5 13  0 11 12  6  3  2  9 14  7]
[test_sample_04911] [T1x_rxn1923] ❌ 错误 | 原子数：15
  - 正确映射：[ 1  4 13  6  7  3 14  8 10  2  0 12  5 11  9]
  - 预测映射：[ 4  1 13  6  7  3  0 14  2 12  8 10  9  5 11]
[test_sample_04912] [T1x_rxn1924] ✅ 严格正确 | 原子数：15
[test_sample_04913] [T1x_rxn1925] ❌ 错误 | 原子数：15
  - 正确映射：[ 5 13  7 11  0  9  6  2 14 12  1  8  4  3 10]
  - 预测映射：[ 5 13  7 11  0  9  6  2 14 12  1  8 10  4  3]
[test_sample_04914] [T1x_rxn1949] ❌ 错误 | 原子数：15
  - 正确映射：[ 0  5  1  6  2  7 13 11 14  9 10  4 12  3  8]
  - 预测映射：[ 0  5  1  6  2  7 13 14 11  9  4 10 12  3  8]
[test_sample_04915] [T1x_rxn1950] ✅ 严格正确 | 原子数：15
[test_sample_04916] [T1x_rxn1951] ✅ 严格正确 | 原子数：15
[test_sample_04917] [T1x_rxn1952] ❌ 错误 | 原子数：15
  - 正确映射：[ 8  4  1  7 11  0  9 13  5  6 12 14 10  2  3]
  - 预测映射：[ 8  4  1  7 11  0  9 13  5  6 12  3 14  2 10]
[test_sample_04918] [T1x_rxn1953] ❌ 错误 | 原子数：15
  - 正确映射：[ 4  1  3 10  5 11 12  7  9  0 13 14  8  2  6]
  - 预测映射：[ 4  1  3 10  5 11  7 12  9  0 14  8 13  6  2]
[test_sample_04919] [T1x_rxn1954] ❌ 错误 | 原子数：15
  - 正确映射：[ 8  5  6  7  0  9  1  2 10 12 11  4 13  3 14]
  - 预测映射：[ 5  8  6  0  7  9 12  1 13 10 11  2 14  4  3]
[test_sample_04920] [T1x_rxn1955] ❌ 错误 | 原子数：15
  - 正确映射：[ 5  0  4  9  1 12 10 14  2 11 13  3  7  6  8]
  - 预测映射：[ 5  0  4  9  1 12 10 14  2 11  7  3 13  6  8]
[test_sample_04921] [T1x_rxn1956] ❌ 错误 | 原子数：15
  - 正确映射：[ 2 11  4  9 14  7  3  1 13 10  5  8 12  6  0]
  - 预测映射：[ 2 11  4  9 14  7  5  3 13 10  8  6  0 12  1]
[test_sample_04922] [T1x_rxn1957] ❌ 错误 | 原子数：15
  - 正确映射：[ 4  5  8 10  9  6 13  1  2 14  7  0 12  3 11]
  - 预测映射：[ 5  4  8  9 10  6  2 13  7 14  1  3  0 11 12]
[test_sample_04923] [T1x_rxn1958] ❌ 错误 | 原子数：15
  - 正确映射：[ 6 11 13  7  4 10  0  9  3  1 14  2  5 12  8]
  - 预测映射：[ 6  7 13  4 11 10  3  9  8  0 14  2  1 12  5]
[test_sample_04924] [T1x_rxn1959] ❌ 错误 | 原子数：15
  - 正确映射：[ 4  5  0 14 12  6 10  9  7  1  2 11 13  3  8]
  - 预测映射：[12  5  0 14  4  6 13  3  8  1  2 11  9  7 10]
[test_sample_04925] [T1x_rxn1960] ✅ 严格正确 | 原子数：15
[test_sample_04926] [T1x_rxn2324] ❌ 错误 | 原子数：15
  - 正确映射：[13 11  6 14  5  2  0  7 12  1  4  9  3  8 10]
  - 预测映射：[14 13  6 11  5  2  3 10  9  4 12  1  0  8  7]
[test_sample_04927] [T1x_rxn2325] ❌ 错误 | 原子数：15
  - 正确映射：[ 6  0 12  1  7 14 13  9  5  2 11  4  3  8 10]
  - 预测映射：[ 7  1 12  0  6 14 13  3  8  2  4 11 10  5  9]
[test_sample_04928] [T1x_rxn2326] ❌ 错误 | 原子数：15
  - 正确映射：[13  0  3  9 12  7 10  6  2  8  4 11  1  5 14]
  - 预测映射：[13  0  3  9 12  7  6 11 10  2  8  4  1 14  5]
[test_sample_04929] [T1x_rxn2327] ❌ 错误 | 原子数：15
  - 正确映射：[ 2  6  4 12  8  9  1  3 14  7 10 13 11  0  5]
  - 预测映射：[ 2  6  4 12  8  9 14  3  1  7 13 10 11  5  0]
[test_sample_04930] [T1x_rxn2328] ❌ 错误 | 原子数：15
  - 正确映射：[ 1  8 14  4  5  6  9 11  2  0 10  7 13  3 12]
  - 预测映射：[ 1  8 14  4  5  6  9  0  2 11 10  7 12  3 13]
[test_sample_04931] [T1x_rxn2329] ✅ 严格正确 | 原子数：15
[test_sample_04932] [T1x_rxn2330] ❌ 错误 | 原子数：15
  - 正确映射：[ 5  9 13  1  8 14 12 11  2  6  4 10  3  7  0]
  - 预测映射：[ 5  9 13  1  8 14 12  0 11  2  4 10  7  6  3]
[test_sample_04933] [T1x_rxn2532] ❌ 错误 | 原子数：15
  - 正确映射：[ 9 13 14 11  0  4  5  8  7  3 12  1 10  2  6]
  - 预测映射：[ 9  0 14 11 13  4  8  7  2  1 12  3  5  6 10]
[test_sample_04934] [T1x_rxn2533] ❌ 错误 | 原子数：15
  - 正确映射：[ 2  4 12 10 13  8 11  5 14  6  9  0  1  7  3]
  - 预测映射：[ 2  4 12 10 13  8 11 14  3  6  9  0  5  7  1]
[test_sample_04935] [T1x_rxn2534] ❌ 错误 | 原子数：15
  - 正确映射：[ 4  5  3 11 10 12  9  8 13 14  0  7  1  2  6]
  - 预测映射：[10  5  4 11  3 12  6  1 13  8  9 14  2  0  7]
[test_sample_04936] [T1x_rxn2535] ❌ 错误 | 原子数：15
  - 正确映射：[ 3  7  4 14  5  8 13 12  1  9 10 11  0  2  6]
  - 预测映射：[ 3  7  4 14  5  8  1 13 12  9 10 11  0  2  6]
[test_sample_04937] [T1x_rxn2536] ❌ 错误 | 原子数：15
  - 正确映射：[ 5 12  2  8  1  9  3  7 14  4 13  0 11  6 10]
  - 预测映射：[ 5 12  2  8  1  9  3  7 14  0  4 13 10 11  6]
[test_sample_04938] [T1x_rxn2537] ✅ 严格正确 | 原子数：15
[test_sample_04939] [T1x_rxn2538] ✅ 严格正确 | 原子数：15
[test_sample_04940] [T1x_rxn2612] ❌ 错误 | 原子数：15
  - 正确映射：[10  2  8  7  9 11 12  3 14  1 13  4  5  6  0]
  - 预测映射：[10  2  8  7  9 11 12  3 14 13  4  1  5  6  0]
[test_sample_04941] [T1x_rxn2613] ❌ 错误 | 原子数：15
  - 正确映射：[ 2  5  1  4 11  9  8 13  7 12 14 10  6  0  3]
  - 预测映射：[ 9  5  1  4 11  2  6  0  3 12 10 14  8 13  7]
[test_sample_04942] [T1x_rxn2614] ❌ 错误 | 原子数：15
  - 正确映射：[ 4  8 10  5 14  9  6 13  1  3 12 11  2  0  7]
  - 预测映射：[ 4  8 10  5 14  9  1 13  6  3 11 12  7  0  2]
[test_sample_04943] [T1x_rxn2615] ❌ 错误 | 原子数：15
  - 正确映射：[ 0 12  9  6  2  5  1  7 11 13  4  3 14 10  8]
  - 预测映射：[ 5 12  9  6  0  2 14 10  8  4  1  7 13  3 11]
[test_sample_04944] [T1x_rxn2719] ✅ 严格正确 | 原子数：15
[test_sample_04945] [T1x_rxn2720] ❌ 错误 | 原子数：15
  - 正确映射：[12 13  0  9  7  6  3  4 11 10  2  8  5  1 14]
  - 预测映射：[13 12  0  9  7  6  8 10  2 11  4  1  5  3 14]
[test_sample_04946] [T1x_rxn2721] ❌ 错误 | 原子数：15
  - 正确映射：[ 9  3  4 13  0  5  1 10  2  6 11 14  8 12  7]
  - 预测映射：[ 9  3  4 13  0  5 14  1  2  6 11  8 12  7 10]
[test_sample_04947] [T1x_rxn2940] ✅ 严格正确 | 原子数：15
[test_sample_04948] [T1x_rxn2941] ❌ 错误 | 原子数：15
  - 正确映射：[ 6  1 11 13  9 10  4 12  0  8  3  2  7 14  5]
  - 预测映射：[ 6  1 11 13  9 10  8  4  0  2  3  7 12 14  5]
[test_sample_04949] [T1x_rxn2942] ❌ 错误 | 原子数：15
  - 正确映射：[ 5  9  0  1  3  8 14 10  6 13  2 11  4  7 12]
  - 预测映射：[ 5  3  9  1  0  8  6 14 10 12 13 11  2  7  4]
[test_sample_04950] [T1x_rxn2943] ❌ 错误 | 原子数：15
  - 正确映射：[ 5  6  4 13  0 12  3  7  9  1  8 10 14 11  2]
  - 预测映射：[ 6  5  4 13  0 12  7  8  2  9  3  1 10 14 11]
[test_sample_04951] [T1x_rxn2944] ❌ 错误 | 原子数：15
  - 正确映射：[11  2  0  7  9  8  5 14 13  6  3 12  4  1 10]
  - 预测映射：[ 0 11  2  7  9  8 13 14  4 10  5  6  3 12  1]
[test_sample_04952] [T1x_rxn3592] ❌ 错误 | 原子数：15
  - 正确映射：[11  8  6 12  4 14  5 13 10  3  1  7  9  0  2]
  - 预测映射：[11  8  6 12  4 14  5 13 10  3  1  7  2  9  0]
[test_sample_04953] [T1x_rxn3593] ❌ 错误 | 原子数：15
  - 正确映射：[ 0  4 13  6  3 10  5  1 12  8  7 14  9  2 11]
  - 预测映射：[ 0  4 13  6  3 10  1 14 12  8  5  7  9  2 11]
[test_sample_04954] [T1x_rxn3594] ❌ 错误 | 原子数：15
  - 正确映射：[12  8  6 11  2  1 13 10  3  0  7 14  4  5  9]
  - 预测映射：[12  8  6 11  2  1  3 10 13  7  0 14  5  9  4]
[test_sample_04955] [T1x_rxn4170] ✅ 严格正确 | 原子数：15
[test_sample_04956] [T1x_rxn4171] ❌ 错误 | 原子数：15
  - 正确映射：[ 6  5  7 13 12 11  9  8  4  2 10  1  0  3 14]
  - 预测映射：[ 6  5  7 13 12 11  1  4  9  2  8 10  0  3 14]
[test_sample_04957] [T1x_rxn4172] ❌ 错误 | 原子数：15
  - 正确映射：[ 9 10  4  7  6 11  0 12 14 13  2  1  5  8  3]
  - 预测映射：[ 9 10  4  7  6 11  0 12 14  2  1 13  5  8  3]
[test_sample_04958] [T1x_rxn4173] ✅ 严格正确 | 原子数：15
[test_sample_04959] [T1x_rxn4174] ❌ 错误 | 原子数：15
  - 正确映射：[ 1  6  8 11  9 10  5 13  0  7  3 12 14  4  2]
  - 预测映射：[ 1  6  8 10  9 11  5  7 13 14  3  2 12  4  0]
[test_sample_04960] [T1x_rxn4175] ✅ 严格正确 | 原子数：15
[test_sample_04961] [T1x_rxn4421] ❌ 错误 | 原子数：15
  - 正确映射：[ 4 10  3  5 12 13  0  8  6  9 14  1  7 11  2]
  - 预测映射：[ 4 10  3  5 12 13 14  0  6  9  2  8  7  1 11]
[test_sample_04962] [T1x_rxn4422] ❌ 错误 | 原子数：15
  - 正确映射：[ 3  6  2 13  9 12  4 11 14  5  7 10  8  0  1]
  - 预测映射：[13  6  2  3  9 12  0  5  8 10  1  4 11 14  7]
[test_sample_04963] [T1x_rxn4423] ❌ 错误 | 原子数：15
  - 正确映射：[ 9  7 11  4 14  8  0 13  1  3  2  6 12  5 10]
  - 预测映射：[ 4 14 11  9  7  8 12  5 10  3  2  6  0 13  1]
[test_sample_04964] [T1x_rxn4424] ❌ 错误 | 原子数：15
  - 正确映射：[ 2 12 14  7  0 10  6  5  8  1 11 13  9  3  4]
  - 预测映射：[ 7  0 14 12  2 10  3  9  4 13  5  1  6 11  8]
[test_sample_04965] [T1x_rxn4425] ❌ 错误 | 原子数：15
  - 正确映射：[ 5  8  2  4  1 14  0 13  9  7 12  3 11 10  6]
  - 预测映射：[ 8  5  2  4  1 14 12  7  0 11  9  3 10  6 13]
[test_sample_04966] [T1x_rxn4426] ❌ 错误 | 原子数：15
  - 正确映射：[ 2  8 10 12  7 11  6  5  1 13 14  0  3  9  4]
  - 预测映射：[ 2  7 10  8 12 11  1  6 14  5  4 13  0  9  3]
[test_sample_04967] [T1x_rxn4478] ❌ 错误 | 原子数：15
  - 正确映射：[13  0  4  9  2 10 12  5 14  1  3  7  8  6 11]
  - 预测映射：[ 4  0 13  9  2 10 14  8  7  3  5  1 12  6 11]
[test_sample_04968] [T1x_rxn4479] ❌ 错误 | 原子数：15
  - 正确映射：[ 1 14 11  3  6  7 13  5  8  9 12 10  4  2  0]
  - 预测映射：[ 1 14 11  3  6  7  5  2 13 10 12  8  9  4  0]
[test_sample_04969] [T1x_rxn4480] ❌ 错误 | 原子数：15
  - 正确映射：[ 5  0  6  3  9 10 12  4 11  7  8  1  2 13 14]
  - 预测映射：[ 3  0  5  6  9 10 13 14 12  8  7 11  4  1  2]
[test_sample_04970] [T1x_rxn4481] ❌ 错误 | 原子数：15
  - 正确映射：[ 4  3  7  8 11 14  2 10 12  1  9  6 13  5  0]
  - 预测映射：[ 4  3  7  8 11 14 12 10  2  1  9 13  6  5  0]
[test_sample_04971] [T1x_rxn4482] ❌ 错误 | 原子数：15
  - 正确映射：[ 0  1  9 11 14  4 10 12 13  3  5  7  8  2  6]
  - 预测映射：[ 9  1  0 11 14  4  5  3  8  7 12 13 10  6  2]
[test_sample_04972] [T1x_rxn4483] ✅ 严格正确 | 原子数：15
[test_sample_04973] [T1x_rxn4484] ✅ 严格正确 | 原子数：15
[test_sample_04974] [T1x_rxn4485] ❌ 错误 | 原子数：15
  - 正确映射：[ 7  9 12  3  2  6  0  1 10  5 13 14  4  8 11]
  - 预测映射：[12  9  7  3  2  6  4 13 14  5  1 10  0  8 11]
[test_sample_04975] [T1x_rxn4486] ❌ 错误 | 原子数：15
  - 正确映射：[12  3 14  4  8  1  9  5  2  0  7 13 10 11  6]
  - 预测映射：[12  3 14  4  8  1  9  7  5  0 13  2 10 11  6]
[test_sample_04976] [T1x_rxn4535] ❌ 错误 | 原子数：15
  - 正确映射：[ 2 10  0  6  1  7 12  3  8  9  5 11 14  4 13]
  - 预测映射：[ 2 10  0  6  1  7  3 12  8  5  9 11 13  4 14]
[test_sample_04977] [T1x_rxn4536] ❌ 错误 | 原子数：15
  - 正确映射：[ 4  8  1 14  2  3  9 11 13  7  6  0  5 10 12]
  - 预测映射：[ 4  8  1 14  2  3  7 11 13  9  6  5  0 12 10]
[test_sample_04978] [T1x_rxn4537] ❌ 错误 | 原子数：15
  - 正确映射：[ 3 10  2 13  1 11  9 12  8 14  4  7  6  5  0]
  - 预测映射：[ 3 10  2 13  1 11 12  4  8 14  9  7  6  5  0]
[test_sample_04979] [T1x_rxn4538] ✅ 严格正确 | 原子数：15
[test_sample_04980] [T1x_rxn4539] ❌ 错误 | 原子数：15
  - 正确映射：[ 6 11  0  5  9  7 14  8 12  4  1 13 10  2  3]
  - 预测映射：[ 6 11  0  5  9  7  8 12 14  4  1 13 10  2  3]
[test_sample_04981] [T1x_rxn4540] ❌ 错误 | 原子数：15
  - 正确映射：[14 12 10  8  1  7  2  5  0  3 13  9  6  4 11]
  - 预测映射：[14 12 10  8  1  7  0  5  2 13  3  9 11  4  6]
[test_sample_04982] [T1x_rxn4541] ❌ 错误 | 原子数：15
  - 正确映射：[ 6  1  3  7 13  5 11  2 12  8 10  4  0  9 14]
  - 预测映射：[ 1  6  3  7 13  5  2 10  8  4 11 12  9 14  0]
[test_sample_04983] [T1x_rxn4542] ❌ 错误 | 原子数：15
  - 正确映射：[ 3 11  4  8  5 13  9  7 14  6  0  1 12 10  2]
  - 预测映射：[13  3  4  8  5 11  2  9 12 14  1  7  0 10  6]
[test_sample_04984] [T1x_rxn4543] ❌ 错误 | 原子数：15
  - 正确映射：[13  4  0  5 12  3  1  8  7  9 11 14  6 10  2]
  - 预测映射：[13  4  0  5 12  3  8  1  7  9 11 14  2 10  6]
[test_sample_04985] [T1x_rxn4618] ❌ 错误 | 原子数：15
  - 正确映射：[ 5  2  7  9 11 10  4 14 12  1 13  0  6  8  3]
  - 预测映射：[ 5  2  7  9 11 10 14  4 13  0 12  1  6  8  3]
[test_sample_04986] [T1x_rxn4619] ❌ 错误 | 原子数：15
  - 正确映射：[12  7  5  6 14  2 13 10 11  8  0  4  9  1  3]
  - 预测映射：[12  7  5  6 14  2 11 13 10  9  8  0  4  1  3]
[test_sample_04987] [T1x_rxn4620] ❌ 错误 | 原子数：15
  - 正确映射：[ 9 14  7  2 13  3  4  5 10  6 11  8  0  1 12]
  - 预测映射：[14  9  7  2 13  3  4  5 11  6 10 12  1  0  8]
[test_sample_04988] [T1x_rxn4621] ❌ 错误 | 原子数：15
  - 正确映射：[11  7  2 14  3 13  8  6  5  4 10  1 12  0  9]
  - 预测映射：[11  7  2 14  3 13  8  5  6 10  4 12  1  0  9]
[test_sample_04989] [T1x_rxn4622] ❌ 错误 | 原子数：15
  - 正确映射：[ 2 10  7  4 11  3  1  5  6 13 12  0 14  9  8]
  - 预测映射：[ 2 10  7  4 11  3  1  5 12 14  6  0 13  9  8]
[test_sample_04990] [T1x_rxn4623] ❌ 错误 | 原子数：15
  - 正确映射：[ 4 13  0  1  6 11  9  7  2  5 14  8 10 12  3]
  - 预测映射：[ 4  0 13  1  6 11  2  7  9  5 10  8 14  3 12]
[test_sample_04991] [T1x_rxn4811] ❌ 错误 | 原子数：15
  - 正确映射：[ 2  4 10 11 13  5  0  8  7 12  3  1  9  6 14]
  - 预测映射：[ 2  4 10 11 13  5  8  0  7  3 12  1  6  9 14]
[test_sample_04992] [T1x_rxn4812] ❌ 错误 | 原子数：15
  - 正确映射：[ 3  0  2  1 13  4  7 14  5  6 12  8  9 11 10]
  - 预测映射：[ 4  3  2  1 13  0  9 10 11 14  5  8 12  7  6]
[test_sample_04993] [T1x_rxn4813] ❌ 错误 | 原子数：15
  - 正确映射：[ 4  2 14  7  9  8 10 13 12  6  3  1 11  5  0]
  - 预测映射：[ 7  8 14  2  9  4  1  6  5  0 11 10  3 13 12]
[test_sample_04994] [T1x_rxn4814] ❌ 错误 | 原子数：15
  - 正确映射：[ 5 14  2  0  3 13  7 11 10  9  8  6 12  4  1]
  - 预测映射：[ 5 14  2  0  3 13 11  7 10  8  9 12  4  1  6]
[test_sample_04995] [T1x_rxn4815] ❌ 错误 | 原子数：15
  - 正确映射：[11  0  8  1 13 14 12  6 10  2  5  4  9  3  7]
  - 预测映射：[11  0  8  1 13 14  6 12 10  5  2  4  9  7  3]
[test_sample_04996] [T1x_rxn4816] ❌ 错误 | 原子数：15
  - 正确映射：[ 9  2  5  7  3 13 11 14  1  8 10  0  6  4 12]
  - 预测映射：[ 9  2  5  7  3 13 14 11  1 10  8  0  6 12  4]
[test_sample_04997] [T1x_rxn9056] ✅ 严格正确 | 原子数：15
[test_sample_04998] [T1x_rxn9057] ❌ 错误 | 原子数：15
  - 正确映射：[ 9 13  0 12  4 11  3  8  6  1 14  7  5 10  2]
  - 预测映射：[ 0 13  9 12  4 11  5  7 14  1  6  8  3 10  2]
[test_sample_04999] [T1x_rxn9088] ❌ 错误 | 原子数：15
  - 正确映射：[13 12  6  3 11  4  9  7  5  8 10 14  1  0  2]
  - 预测映射：[13 12  6  3 11  4  9  7  5  8 10 14  2  1  0]
[test_sample_05000] [T1x_rxn9114] ❌ 错误 | 原子数：15
  - 正确映射：[ 4 13 10  0  8  1  3  2 14  5  7 11 12  9  6]
  - 预测映射：[ 4 13 10  0  8  1 14  3  2  7  6  5 12  9 11]
[test_sample_05001] [T1x_rxn9158] ❌ 错误 | 原子数：15
  - 正确映射：[ 4  9  5 12  2 10  1  6 11 14  8 13  3  7  0]
  - 预测映射：[ 4  9  5 12  2 10  1  8 14 11  6 13  7  3  0]
[test_sample_05002] [T1x_rxn9159] ❌ 错误 | 原子数：15
  - 正确映射：[ 6  9 13  7 12  1  0  3  5 10 14  8  2 11  4]
  - 预测映射：[ 6  9 13  7 12  1 10  0  5  8 14  3  4  2 11]
[test_sample_05003] [T1x_rxn9160] ❌ 错误 | 原子数：15
  - 正确映射：[ 0  3 10 14 13  9  6  2  7 11  8  1  4 12  5]
  - 预测映射：[ 9 14 10  3 13  0 12  4  5 11  8  1  2  6  7]
[test_sample_05004] [T1x_rxn9161] ❌ 错误 | 原子数：15
  - 正确映射：[11 12 10  7  8  1  6  0  5 13  2  4 14  9  3]
  - 预测映射：[11 12 10  7  8  1  6  0  5 13  2  4  9  3 14]
[test_sample_05005] [T1x_rxn9166] ❌ 错误 | 原子数：15
  - 正确映射：[11  2  1  9  4  7  0 14 10 12  6  8  5  3 13]
  - 预测映射：[11  4  1  2  9  7  0 10  6  5 13 14  3 12  8]
[test_sample_05006] [T1x_rxn9209] ❌ 错误 | 原子数：15
  - 正确映射：[14 10 12  7  5 13  8  9  0  1  3  4  2 11  6]
  - 预测映射：[14 10 12  7  5 13  0  1  8  9  2 11  6  3  4]
[test_sample_05007] [T1x_rxn9210] ❌ 错误 | 原子数：15
  - 正确映射：[ 8  4  1  5  3 13  9  6 14 11 12  0 10  7  2]
  - 预测映射：[ 8  4  1  5  3 13  9 12  6 14 11  0 10  7  2]
[test_sample_05008] [T1x_rxn9253] ❌ 错误 | 原子数：15
  - 正确映射：[ 1 14  3  7  8  4  5 12  2  9  0  6 10 11 13]
  - 预测映射：[ 4 14  3  7  1  8 11 10 13  2 12  5  6  9  0]
[test_sample_05009] [T1x_rxn9262] ❌ 错误 | 原子数：15
  - 正确映射：[ 0  8  1 14  5  4 13  6  3  2  7  9 11 10 12]
  - 预测映射：[ 0  8  1 14  5  4  2  3 13  9  6 10 12 11  7]
[test_sample_05010] [T1x_rxn9287] ❌ 错误 | 原子数：15
  - 正确映射：[14  1  6  5 13  4 12  7 10  8  0  2  9 11  3]
  - 预测映射：[14  1  6  5 13  4  0  7 12  8  2 11  9 10  3]
[test_sample_05011] [T1x_rxn9288] ❌ 错误 | 原子数：15
  - 正确映射：[ 6  5  1 10 14  0  9 13 11  2  7  3 12  8  4]
  - 预测映射：[ 5  6 14 10  1  0 11  9  2  4 13  8  7  3 12]
[test_sample_05012] [T1x_rxn9360] ❌ 错误 | 原子数：15
  - 正确映射：[11  4  3 10  8  2  5 14 13  7 12  6  1  0  9]
  - 预测映射：[11  4  3 10  8  2 13  0  5  6 12  7  9 14  1]
[test_sample_05013] [T1x_rxn9439] ❌ 错误 | 原子数：15
  - 正确映射：[ 9  3 12  5  1 14 11  7  2  8 10  6 13  0  4]
  - 预测映射：[ 9  1 12  3  5 14 11  2  7  8  4 10  6 13  0]
[test_sample_05014] [T1x_rxn9448] ❌ 错误 | 原子数：15
  - 正确映射：[ 8 14  0  2 12 13  6 11  5 10  4  9  1  3  7]
  - 预测映射：[14  8  0  2 12 13 10 11  4  6  5  1  3  9  7]
[test_sample_05015] [T1x_rxn9458] ❌ 错误 | 原子数：15
  - 正确映射：[ 6  8 12  9  0 14 10  7  1  2  4 13  3  5 11]
  - 预测映射：[ 8 12  6  9  0 14 13  7  4  2  3  1 10  5 11]
[test_sample_05016] [T1x_rxn9459] ❌ 错误 | 原子数：15
  - 正确映射：[ 0 10  1  3  4 11  2 12 13 14  7  6  5  9  8]
  - 预测映射：[10  0  3  1  4 11  2  7 14 13 12  9  5  6  8]
[test_sample_05017] [T1x_rxn9470] ❌ 错误 | 原子数：15
  - 正确映射：[ 7 11  5 13  8  0  2  3 10  9  6  4 14  1 12]
  - 预测映射：[11 13  5  0  8  7  9  4 10  6  2  1 12  3 14]
[test_sample_05018] [T1x_rxn4928] ❌ 错误 | 原子数：16
  - 正确映射：[ 5  4  3  1 11  6 15  8 12  2 13 10 14  9  7  0]
  - 预测映射：[ 5  4  3  1 11  6 15 12  2  8 10 14  9  7 13  0]
[test_sample_05019] [T1x_rxn4929] ❌ 错误 | 原子数：16
  - 正确映射：[ 8  3  4  5  0 15  1 13 12  9 11  2  6 14 10  7]
  - 预测映射：[ 8  3 15  1  0  4  5 12 13 10  9  7 11 14  6  2]
[test_sample_05020] [T1x_rxn4930] ❌ 错误 | 原子数：16
  - 正确映射：[ 2  6  1  0  3 15 14  4 10  7  5 11 12  8  9 13]
  - 预测映射：[15  2  6 14  3  1  0  4 13 10  9  7 12  8  5 11]
[test_sample_05021] [T1x_rxn4931] ❌ 错误 | 原子数：16
  - 正确映射：[ 9 15  3  8  4  0  5 12  2 13  7 14  6 11 10  1]
  - 预测映射：[ 9 15  3  8  4  0  5 13  2 12  6 14  7 11 10  1]
[test_sample_05022] [T1x_rxn4932] ✅ 严格正确 | 原子数：16
[test_sample_05023] [T1x_rxn4933] ❌ 错误 | 原子数：16
  - 正确映射：[13  0 11  3  6  1  5 12  4  9 14  8 10  7 15  2]
  - 预测映射：[13  0 11  3  6  1  5  4  8  9 14  7 10  2 12 15]
[test_sample_05024] [T1x_rxn4934] ❌ 错误 | 原子数：16
  - 正确映射：[13  8 10  5  7  3  2  9  6 11  1 14  0  4 15 12]
  - 预测映射：[ 8  3 10  5  7 13  2 15 14  0  1  4  6 12  9 11]
[test_sample_05025] [T1x_rxn4935] ❌ 错误 | 原子数：16
  - 正确映射：[14  2  3 10  8 13  7  0 12  6  1  9  5 11  4 15]
  - 预测映射：[14  2 13  7  8  3 10 12  6  0  9  4 15  5  1 11]
[test_sample_05026] [T1x_rxn4936] ❌ 错误 | 原子数：16
  - 正确映射：[11  4  6  0  8 14  9  7  2 10  5 15 12  1 13  3]
  - 预测映射：[11  4  6  0  8 14  9  2 15 10  5  1 12  3  7 13]
[test_sample_05027] [T1x_rxn4937] ❌ 错误 | 原子数：16
  - 正确映射：[13  5  1 15  9 12 14 11  6  7  3  8  0  4  2 10]
  - 预测映射：[13  5  1 15  9 12 14  6  8  7  3  4  0 10 11  2]
[test_sample_05028] [T1x_rxn4938] ❌ 错误 | 原子数：16
  - 正确映射：[ 3  6 13 15  9  7  2 11  1  8  5 12  0 10 14  4]
  - 预测映射：[ 3  6 13 15  9  7  2 11  5  1  4 12  0 10  8 14]
[test_sample_05029] [T1x_rxn4939] ❌ 错误 | 原子数：16
  - 正确映射：[ 3  9  0  5 15  8 14 11  2  1 12  4 10  6 13  7]
  - 预测映射：[ 3  9  0  5 15  8 14 11  2  1 12  4 10  7 13  6]
[test_sample_05030] [T1x_rxn4940] ✅ 严格正确 | 原子数：16
[test_sample_05031] [T1x_rxn4941] ❌ 错误 | 原子数：16
  - 正确映射：[ 7 12  4 15 10  6 13  5  1  9 11  0  3  2 14  8]
  - 预测映射：[ 7 12  4 15 10  6 13  5  1  9  2  0  3 11 14  8]
[test_sample_05032] [T1x_rxn4942] ❌ 错误 | 原子数：16
  - 正确映射：[11  7  6  8  0  4  1  2 12  9 13  3 15  5 14 10]
  - 预测映射：[ 4  7  6  1  0 11  8 14 10  9 13 15  3  5  2 12]
[test_sample_05033] [T1x_rxn4943] ❌ 错误 | 原子数：16
  - 正确映射：[ 4  7 15  0  1 14  5  9 13  8  6 10  3 11 12  2]
  - 预测映射：[ 7  4 15  0  1 14  5 13  6 10  9 11  3  2  8 12]
[test_sample_05034] [T1x_rxn4944] ✅ 严格正确 | 原子数：16
[test_sample_05035] [T1x_rxn4945] ❌ 错误 | 原子数：16
  - 正确映射：[ 4  9  6  2  3  1  0  8  5 11 12 10 13  7 15 14]
  - 预测映射：[ 4  9  1  0  3  6  2 11 15  8 13 14 12  7  5 10]
[test_sample_05036] [T1x_rxn4946] ✅ 严格正确 | 原子数：16
[test_sample_05037] [T1x_rxn5032] ❌ 错误 | 原子数：16
  - 正确映射：[ 1  0 10  3  6  9  8  2  5 12 14  4 11  7 13 15]
  - 预测映射：[ 1  0 10  3  6  9  8  2  5 12 14  4 11  7 15 13]
[test_sample_05038] [T1x_rxn5033] ✅ 严格正确 | 原子数：16
[test_sample_05039] [T1x_rxn5034] ✅ 严格正确 | 原子数：16
[test_sample_05040] [T1x_rxn5035] ❌ 错误 | 原子数：16
  - 正确映射：[12  0  3  2  8  5 11 14  7 15  1  6  4 10 13  9]
  - 预测映射：[12  0  3  2  8  5 11 14  7 10  1 15  4 13  9  6]
[test_sample_05041] [T1x_rxn5036] ❌ 错误 | 原子数：16
  - 正确映射：[14 15  8  9  0  6  1 13 11  7  3  2  4  5 10 12]
  - 预测映射：[14 15  8  9  0  6  1 13  7  4 11  2  5  3 10 12]
[test_sample_05042] [T1x_rxn5037] ✅ 严格正确 | 原子数：16
[test_sample_05043] [T1x_rxn5038] ❌ 错误 | 原子数：16
  - 正确映射：[11  1  8  3  2  6 15 14  0  7 10  5 12  4 13  9]
  - 预测映射：[11  1  8  3  2  6 15  7  0 14 12  5 10  4 13  9]
[test_sample_05044] [T1x_rxn5039] ❌ 错误 | 原子数：16
  - 正确映射：[ 4 15  8  6  0  9 10 11 12 13  2  7 14  1  3  5]
  - 预测映射：[ 4 15  8  6  0  9 10 11 12 13  2 14  7  1  3  5]
[test_sample_05045] [T1x_rxn5040] ✅ 严格正确 | 原子数：16
[test_sample_05046] [T1x_rxn5041] ✅ 严格正确 | 原子数：16
[test_sample_05047] [T1x_rxn5042] ❌ 错误 | 原子数：16
  - 正确映射：[ 3  9 15 11  8 14  2  1 10 13  0 12  4  5  7  6]
  - 预测映射：[ 9 11  2  3  8 14 15  0  5  1  7  4 13 10 12  6]
[test_sample_05048] [T1x_rxn5043] ❌ 错误 | 原子数：16
  - 正确映射：[15  6 11  2  7  1 12 14  8  3  9  0 10  4  5 13]
  - 预测映射：[15  6 11  2  7  1 12  3  8 14  9  0 10  4  5 13]
[test_sample_05049] [T1x_rxn5044] ❌ 错误 | 原子数：16
  - 正确映射：[ 2 10 12 13  3  6  0  8 11 14  7  9  4 15  5  1]
  - 预测映射：[ 2 10 12 13  3  6  0  4  8  7 14 11  1 15  5  9]
[test_sample_05050] [T1x_rxn5146] ❌ 错误 | 原子数：16
  - 正确映射：[10 11 13  8 14  1  2  4  5  0  3 15  7  6 12  9]
  - 预测映射：[10 11 13  8  1 14  2  5  4  0  3 12  6 15  7  9]
[test_sample_05051] [T1x_rxn5147] ❌ 错误 | 原子数：16
  - 正确映射：[ 3  8  6  0 10 12 14 13  1 15  2 11  5  9  7  4]
  - 预测映射：[ 6  8 12  0  3 10 14  9  4  2 15  1 13 11  5  7]
[test_sample_05052] [T1x_rxn5148] ❌ 错误 | 原子数：16
  - 正确映射：[ 3 10 14  0 15 12  6 13  5  1  2  7  9  4 11  8]
  - 预测映射：[ 3 10 14  0 15 12  6 13  5  1  2  9  7 11  4  8]
[test_sample_05053] [T1x_rxn5149] ❌ 错误 | 原子数：16
  - 正确映射：[ 4  3  7  1  2 11  9 12 13  0  8 10 14  6  5 15]
  - 预测映射：[ 4  3  7  1  2 11  9 12 13  0  8  5 14  6 15 10]
[test_sample_05054] [T1x_rxn5150] ❌ 错误 | 原子数：16
  - 正确映射：[13  4  3  7  9 12 10 15  5  0 14  6  2 11  8  1]
  - 预测映射：[13  4  3  7  9 12 10  0  5 14  2 11  6  1  8 15]
[test_sample_05055] [T1x_rxn5151] ❌ 错误 | 原子数：16
  - 正确映射：[ 3  8 13  2  7  4  1 12 15 14 11  0  6  5  9 10]
  - 预测映射：[ 3  8 13  2  7  4  1 12 15 14 11  0 10  5  6  9]
[test_sample_05056] [T1x_rxn5152] ❌ 错误 | 原子数：16
  - 正确映射：[ 4  7 11 14 10  5  9  3 12 13  6  1  2 15  0  8]
  - 预测映射：[ 4  7 11 14  5 10  9 12 13  6  1 15  8  2  0  3]
[test_sample_05057] [T1x_rxn5153] ❌ 错误 | 原子数：16
  - 正确映射：[11 13 15  7 12  1  6  5  4  0  8 10  2  9 14  3]
  - 预测映射：[11 13 15  7 12  1  6  4  5  0  8 10  2  9 14  3]
[test_sample_05058] [T1x_rxn5154] ❌ 错误 | 原子数：16
  - 正确映射：[ 3  1 12  8  2  4  7 15  0 11 13  6 14  9 10  5]
  - 预测映射：[ 3  1 12  7  4  2  8  0 11 15  5  9 13 10  6 14]
[test_sample_05059] [T1x_rxn5155] ❌ 错误 | 原子数：16
  - 正确映射：[ 3  2  6  5  1  0  4 11 12 15 14  8  7  9 13 10]
  - 预测映射：[ 3  2  6  5  1  0  4 12 15 11 14  8  7 10  9 13]
[test_sample_05060] [T1x_rxn5799] ❌ 错误 | 原子数：16
  - 正确映射：[ 1 15  6 13  3  4  5 10 11  9 14  0  7 12  8  2]
  - 预测映射：[ 5 15 13  1  3  4  6  8 12  2 11 10  9 14  0  7]
[test_sample_05061] [T1x_rxn5800] ❌ 错误 | 原子数：16
  - 正确映射：[15  4  2  9 13  8 14  3  5  1 11  0  7 10 12  6]
  - 预测映射：[15  4  2  9 13  8 14  1  5  7 11  3  0  6 10 12]
[test_sample_05062] [T1x_rxn5801] ❌ 错误 | 原子数：16
  - 正确映射：[12  8 13 11 15  3  5 14  6  1  2  4 10  7  9  0]
  - 预测映射：[13  8 11 12 15  3  5  4  9  2 10  7  1  6  0 14]
[test_sample_05063] [T1x_rxn5802] ✅ 严格正确 | 原子数：16
[test_sample_05064] [T1x_rxn5803] ❌ 错误 | 原子数：16
  - 正确映射：[10  9  3  4  8  5 12  7 13 15  1  6 14 11  0  2]
  - 预测映射：[10  9  3  4  8  5 12  7 13  6  1 15 14  0 11  2]
[test_sample_05065] [T1x_rxn5804] ❌ 错误 | 原子数：16
  - 正确映射：[ 3  6  4 10  0  1 12  5  2  7 13  9 14 15 11  8]
  - 预测映射：[ 3  6  4 10  0  1 12  5 11  7 13  9 14 15  2  8]
[test_sample_05066] [T1x_rxn6510] ❌ 错误 | 原子数：16
  - 正确映射：[15 14  6 12  2 10 13  4 11  7  3  5  8  1  0  9]
  - 预测映射：[15 14  6 12  2 10 13  4 11  7  3  5  8  1  9  0]
[test_sample_05067] [T1x_rxn6511] ❌ 错误 | 原子数：16
  - 正确映射：[ 1 13  9 15  2 14  4  3  6 10 12  0  8  5  7 11]
  - 预测映射：[ 1  9 13 15  2 14  4 10  3  6  8  5 12  0  7 11]
[test_sample_05068] [T1x_rxn6512] ❌ 错误 | 原子数：16
  - 正确映射：[ 5 10 14  8  7  9  6  1  0 12  3 15 11 13  4  2]
  - 预测映射：[14 10  5  8  7  9  6 13 15  1  3 11  4  0 12  2]
[test_sample_05069] [T1x_rxn6513] ❌ 错误 | 原子数：16
  - 正确映射：[ 6  7  8 12  1  3 13  9 10 14 15  0  4  2 11  5]
  - 预测映射：[ 6  8  7 12  1  3 13 10  4  9  2  0 15 14 11  5]
[test_sample_05070] [T1x_rxn6549] ❌ 错误 | 原子数：16
  - 正确映射：[ 0 12  1  3  2 11  8  9 14 15  5 13  6 10  7  4]
  - 预测映射：[ 1 12  0  3  2 11  8 14  9  5 13  6 15 10  7  4]
[test_sample_05071] [T1x_rxn6550] ✅ 严格正确 | 原子数：16
[test_sample_05072] [T1x_rxn6551] ❌ 错误 | 原子数：16
  - 正确映射：[ 2  3  4 14  0 12 15  7  9  8 13 10 11  6  1  5]
  - 预测映射：[ 2  3  4 14  0 12 15 11  7  8  9 13 10  6  1  5]
[test_sample_05073] [T1x_rxn6552] ❌ 错误 | 原子数：16
  - 正确映射：[15  0  9  7  5  4 14  3  1  8 12 11  2 10 13  6]
  - 预测映射：[14  0 15  9  4  5  7  1 11  6 13  8  3  2 10 12]
[test_sample_05074] [T1x_rxn6579] ❌ 错误 | 原子数：16
  - 正确映射：[13 14  7  3 10  4 11 12  2  6  0  8  1 15  9  5]
  - 预测映射：[13 14  7  3 10  4 11 12  2  6  0  8 15  1  9  5]
[test_sample_05075] [T1x_rxn6580] ❌ 错误 | 原子数：16
  - 正确映射：[11  1  6  9 10  2 14 13  5 15  3 12  8  0  7  4]
  - 预测映射：[11  1  6  9 10  2 14 15  3  5  8 13 12  0  7  4]
[test_sample_05076] [T1x_rxn6581] ✅ 严格正确 | 原子数：16
[test_sample_05077] [T1x_rxn6582] ❌ 错误 | 原子数：16
  - 正确映射：[11  5  3 13  7 15  0  2 12  1 10  9  4  8  6 14]
  - 预测映射：[11  5  3 13  7 15  0  2 12  1 10  9  4  8 14  6]
[test_sample_05078] [T1x_rxn6583] ❌ 错误 | 原子数：16
  - 正确映射：[ 5  3 10 12  4  2  9 15  6 11 13  1  0 14  8  7]
  - 预测映射：[ 5  3 10 12  4  2  9 11  6 15  0  1 13 14  7  8]
[test_sample_05079] [T1x_rxn6584] ❌ 错误 | 原子数：16
  - 正确映射：[ 4  0  3  9  1  6 12 10 15 11 14  7  5 13  8  2]
  - 预测映射：[ 4  0  3  9  1  6 12 10 15 11  7  5 13 14  8  2]
[test_sample_05080] [T1x_rxn6585] ❌ 错误 | 原子数：16
  - 正确映射：[15  9 11 10 12  6  8 14  7  5  3  0  4  1 13  2]
  - 预测映射：[15  9 11 10 12  6  8 14  7  5  3  0  4  1  2 13]
[test_sample_05081] [T1x_rxn6586] ❌ 错误 | 原子数：16
  - 正确映射：[14  7  2 12  0  5  9 15 11  3  6  8  1  4 10 13]
  - 预测映射：[14  7  2 12  0  5  9 11  3  8 13  6  1 15 10  4]
[test_sample_05082] [T1x_rxn7542] ❌ 错误 | 原子数：16
  - 正确映射：[14  5 10  4 13  0  9  3  6 11  2  1 15  8  7 12]
  - 预测映射：[14  5  0  4 13 10  9 11  6  3 12  7 15  8  1  2]
[test_sample_05083] [T1x_rxn7543] ✅ 严格正确 | 原子数：16
[test_sample_05084] [T1x_rxn7544] ❌ 错误 | 原子数：16
  - 正确映射：[15 11  7  1  5 10 13 14 12  8  0  4  3  2  9  6]
  - 预测映射：[15 11  7 10  5  1 13 14 12  8  3  0  2  4  6  9]
[test_sample_05085] [T1x_rxn7545] ✅ 严格正确 | 原子数：16
[test_sample_05086] [T1x_rxn7546] ❌ 错误 | 原子数：16
  - 正确映射：[ 7  8 12  5  2 10 14  0 11  4  1  3 15  9  6 13]
  - 预测映射：[ 5  8 12  7  2 10 14 15  3  9  1 11 13  4  6  0]
[test_sample_05087] [T1x_rxn7566] ❌ 错误 | 原子数：16
  - 正确映射：[ 0  9 15  8  3 14 10 12  5  2 11  1  7  6 13  4]
  - 预测映射：[ 9  0 15  8  3 14 10  1 11  4  2  5 12  6  7 13]
[test_sample_05088] [T1x_rxn7567] ❌ 错误 | 原子数：16
  - 正确映射：[ 1  0 14 15 13  5 10  2  6 12  4  8  3 11  7  9]
  - 预测映射：[ 1  0 14 15 13  5 10  6 12  2  4  8  3 11  7  9]
[test_sample_05089] [T1x_rxn7568] ❌ 错误 | 原子数：16
  - 正确映射：[ 7  8  0  2 13  4  9  3 15 11  5 14  1 12  6 10]
  - 预测映射：[ 7  8  0  2  4 13  9  3  5 11 14  1 15 10  6 12]
[test_sample_05090] [T1x_rxn7569] ✅ 严格正确 | 原子数：16
[test_sample_05091] [T1x_rxn7570] ❌ 错误 | 原子数：16
  - 正确映射：[ 8  5  9  0 12  6  4  3  1 15 14  2 13  7 10 11]
  - 预测映射：[ 5  8  9  0 12  6  4  2 14 13 15  1  3 10 11  7]
[test_sample_05092] [T1x_rxn7571] ❌ 错误 | 原子数：16
  - 正确映射：[ 0  3 15 14  6  8 10  2 12  7 13  5 11  9  4  1]
  - 预测映射：[ 0  3 15 10  6  8 14 11 12  2 13  5  1  9  7  4]
[test_sample_05093] [T1x_rxn7572] ❌ 错误 | 原子数：16
  - 正确映射：[ 9  0 14 13  4 11 10  7 12  3  1  6  5 15  8  2]
  - 预测映射：[ 9  0 14 13 11  4 10  1 12  3  7  5  6  2  8 15]
[test_sample_05094] [T1x_rxn8048] ✅ 严格正确 | 原子数：16
[test_sample_05095] [T1x_rxn8049] ✅ 严格正确 | 原子数：16
[test_sample_05096] [T1x_rxn8050] ❌ 错误 | 原子数：16
  - 正确映射：[ 7 13  3  5 11  4  1  0  6 14 15 10  2 12  8  9]
  - 预测映射：[ 7 13  3  5 11  4  1  6  0 14 15 10  2 12  8  9]
[test_sample_05097] [T1x_rxn8051] ❌ 错误 | 原子数：16
  - 正确映射：[12 10 11  4  7  9 13  5 15  2  0  8  1  6 14  3]
  - 预测映射：[12 10 11  4  7  9 13  5 15  2  0  1 14  8  6  3]
[test_sample_05098] [T1x_rxn8052] ✅ 严格正确 | 原子数：16
[test_sample_05099] [T1x_rxn8053] ❌ 错误 | 原子数：16
  - 正确映射：[ 2 15 14  7 12  5  1  8 11  9 13  6  4  0 10  3]
  - 预测映射：[ 2 15 14  7 12  5  1  8  9  4 13  6  0 11 10  3]
[test_sample_05100] [T1x_rxn8054] ✅ 严格正确 | 原子数：16
[test_sample_05101] [T1x_rxn8055] ❌ 错误 | 原子数：16
  - 正确映射：[ 0 14  9  6  5  4 15  3 12  7  8 10 13  1 11  2]
  - 预测映射：[ 0 14  9  5  6  4 15 10  1  3 12  7  8 13  2 11]
[test_sample_05102] [T1x_rxn8056] ❌ 错误 | 原子数：16
  - 正确映射：[ 2  6  0  5  1 11 15  9  7  8 13  3  4 14 12 10]
  - 预测映射：[ 2  6 15  5 11  1  0  7  8 10  9 12 14  4  3 13]
[test_sample_05103] [T1x_rxn8057] ❌ 错误 | 原子数：16
  - 正确映射：[ 5 15  9 12  4  1  0  2  3  7  6 14 13 10  8 11]
  - 预测映射：[ 5 15  9 12  4  1  0  2  3  7  6 13  8 14 10 11]
[test_sample_05104] [T1x_rxn8058] ❌ 错误 | 原子数：16
  - 正确映射：[ 0 12  8 13 15  3  2  7  6  1 10  5 11  9 14  4]
  - 预测映射：[ 0 12  8 15 13  3  2  6 14  7  5  1 10 11  9  4]
[test_sample_05105] [T1x_rxn8059] ❌ 错误 | 原子数：16
  - 正确映射：[ 5 15 14  7  9  6  3  4  1 10  2  8 11  0 13 12]
  - 预测映射：[ 5 15 14  7  9  6  3  4 12 10  2 11  1  8 13  0]
[test_sample_05106] [T1x_rxn8060] ❌ 错误 | 原子数：16
  - 正确映射：[13 14  6  7  2  8  9 10  5  4 11  0  1 15 12  3]
  - 预测映射：[13 14  6  7  2  8  9  5 10 11  4  0 15  1 12  3]
[test_sample_05107] [T1x_rxn9490] ❌ 错误 | 原子数：16
  - 正确映射：[ 2 11  7 15  0  5 14  1  9 10 13  6  3 12  4  8]
  - 预测映射：[ 2 11  5 14  0  7 15  9  1 10 13  4  8 12  3  6]
[test_sample_05108] [T1x_rxn9503] ❌ 错误 | 原子数：16
  - 正确映射：[ 0  8 13 10 11  1  6  3  7 15 14  2  5  4 12  9]
  - 预测映射：[ 0  1  6  8 11 10 13 15  3  7 12  9 14  4  2  5]
[test_sample_05109] [T1x_rxn9520] ❌ 错误 | 原子数：16
  - 正确映射：[12 15 11  9  2  7 10  3  1  4 13  8  0 14  6  5]
  - 预测映射：[12 15 11 10  7  2  9  1  4  3  5  6 14  0  8 13]
[test_sample_05110] [T1x_rxn9616] ✅ 严格正确 | 原子数：16
[test_sample_05111] [T1x_rxn9724] ❌ 错误 | 原子数：16
  - 正确映射：[ 0 15  7  6 13  5  3  4  2 12 10  8 11  9  1 14]
  - 预测映射：[15  0  7  6 13  5  3  9  4  8 12 10 11  2  1 14]
[test_sample_05112] [T1x_rxn9725] ❌ 错误 | 原子数：16
  - 正确映射：[14  9  6  0  7 13  5 11  3  2 15 12  4  1  8 10]
  - 预测映射：[14  9  6  0  7 13  5  4  3 11 15  2  8  1 10 12]
[test_sample_05113] [T1x_rxn9726] ❌ 错误 | 原子数：16
  - 正确映射：[ 8 10  0 15 12  1  7  2  4 11  3 14  6  5  9 13]
  - 预测映射：[ 8 10  0 15 12  1  7  5  4 11  2  3 14  6  9 13]
[test_sample_05114] [T1x_rxn9852] ❌ 错误 | 原子数：16
  - 正确映射：[ 5 15  9 13  6  3  8  7 14  0  1 10  4 12  2 11]
  - 预测映射：[ 5 15  9 13  6  3  8 14  7  0 10  1  4 11  2 12]
[test_sample_05115] [T1x_rxn9855] ❌ 错误 | 原子数：16
  - 正确映射：[12  6  2  8  0  5 13  9  3 14 15 10  4 11  7  1]
  - 预测映射：[ 8  6  2 12  0  5 13  3 15 14  4 10  9  7  1 11]
[test_sample_05116] [T1x_rxn9856] ❌ 错误 | 原子数：16
  - 正确映射：[ 3  0  9  1  2  5 13  7  4 14 11 10 12  8 15  6]
  - 预测映射：[ 3  0  9 13  2  5  1  7 14 11  4 12 15  8  6 10]
[test_sample_05117] [T1x_rxn9857] ❌ 错误 | 原子数：16
  - 正确映射：[ 6  7 13 12 11  0  5  2  9 15  8  1 10  3 14  4]
  - 预测映射：[ 7  5 13 12 11  0  6 10  1  4  8 14  3  2  9 15]
[test_sample_05118] [T1x_rxn9933] ❌ 错误 | 原子数：16
  - 正确映射：[15 13  6  1  0  9  5 11  4 10  3 12 14  2  7  8]
  - 预测映射：[15 13  6  1  0  9  5 11  4 10  3 12 14  8  7  2]
[test_sample_05119] [T1x_rxn0475] ✅ 严格正确 | 原子数：7
[test_sample_05120] [T1x_rxn0476] ✅ 严格正确 | 原子数：7
[test_sample_05121] [T1x_rxn0477] ✅ 严格正确 | 原子数：7
[test_sample_05122] [T1x_rxn3724] ✅ 严格正确 | 原子数：7
[test_sample_05123] [T1x_rxn3725] ❌ 错误 | 原子数：7
  - 正确映射：[0 2 6 4 5 1 3]
  - 预测映射：[0 5 6 4 2 1 3]
[test_sample_05124] [T1x_rxn3726] ✅ 严格正确 | 原子数：7
[test_sample_05125] [T1x_rxn3727] ✅ 严格正确 | 原子数：7
[test_sample_05126] [T1x_rxn8987] ✅ 严格正确 | 原子数：7
[test_sample_05127] [T1x_rxn3704] ❌ 错误 | 原子数：6
  - 正确映射：[5 3 0 2 4 1]
  - 预测映射：[3 5 4 2 0 1]
[test_sample_05128] [T1x_rxn3705] ❌ 错误 | 原子数：6
  - 正确映射：[2 4 3 0 5 1]
  - 预测映射：[4 2 5 1 3 0]
[test_sample_05129] [T1x_rxn9375] ❌ 错误 | 原子数：6
  - 正确映射：[4 0 3 1 5 2]
  - 预测映射：[0 4 5 2 3 1]
[test_sample_05130] [T1x_rxn0825] ❌ 错误 | 原子数：15
  - 正确映射：[ 6 14  0 12  9  7 11  2 13  1 10  3  4  8  5]
  - 预测映射：[ 6 14  9 12  0  2 11  7  1 13  8  3  4 10  5]
[test_sample_05131] [T1x_rxn0826] ✅ 严格正确 | 原子数：15
[test_sample_05132] [T1x_rxn1332] ❌ 错误 | 原子数：15
  - 正确映射：[ 3  8  2  6 11  0  7  9  5 14 10  1 13 12  4]
  - 预测映射：[ 6 11  2  3  8 12 13  1  4 10 14  9  7  0  5]
[test_sample_05133] [T1x_rxn1333] ✅ 严格正确 | 原子数：15
[test_sample_05134] [T1x_rxn1334] ❌ 错误 | 原子数：15
  - 正确映射：[ 4 11  5  7  8 14  9  2  3  1 12  6 13 10  0]
  - 预测映射：[ 4 11  8  7  5  9  2 14  1  3  0 13 10 12  6]
[test_sample_05135] [T1x_rxn1335] ❌ 错误 | 原子数：15
  - 正确映射：[11  0  4  1 10  8  9 13  7  3  6 12  5  2 14]
  - 预测映射：[11  0 10  1  4  9 13  7 14  8  2  5 12  3  6]
[test_sample_05136] [T1x_rxn1336] ✅ 严格正确 | 原子数：15
[test_sample_05137] [T1x_rxn2108] ❌ 错误 | 原子数：15
  - 正确映射：[ 7  2 10  6 11 12  1  3  9  4  0 14 13  8  5]
  - 预测映射：[ 7 11  6 10  2 14  1  3 13  8 12  4  9  5  0]
[test_sample_05138] [T1x_rxn2109] ❌ 错误 | 原子数：15
  - 正确映射：[12  9  3  4  5  6  7  8  2  0 14 13 11  1 10]
  - 预测映射：[ 4  9  3 12  5 11 13  1  0  2 14  7  6  8 10]
[test_sample_05139] [T1x_rxn3261] ❌ 错误 | 原子数：15
  - 正确映射：[ 9  7 12  6 11  5  2  1 14 13  8  4 10  3  0]
  - 预测映射：[12  6  9 11  7  8 10  1  4  2  0  3  5 14 13]
[test_sample_05140] [T1x_rxn3782] ✅ 严格正确 | 原子数：15
[test_sample_05141] [T1x_rxn3783] ✅ 严格正确 | 原子数：15
[test_sample_05142] [T1x_rxn3784] ❌ 错误 | 原子数：15
  - 正确映射：[ 9  6  0 12  2  8  1 10 14 13  4 11  5  3  7]
  - 预测映射：[ 9  0  6 12  2 10  8 13  4 11 14  5  7  1  3]
[test_sample_05143] [T1x_rxn9326] ❌ 错误 | 原子数：15
  - 正确映射：[ 6  3  2  9 10  1  0  5  8  7  4 14 11 12 13]
  - 预测映射：[ 9  2  3  6 10 11  7  4 14  5  8  1  0 12 13]
[test_sample_05144] [T1x_rxn10018] ❌ 错误 | 原子数：17
  - 正确映射：[15  1  2  4  6 11 14  0  3 12  9  7 10  5 16  8 13]
  - 预测映射：[15  1  2  4  6 11 14  0  3 12  9  7 10 13  5  8 16]
[test_sample_05145] [T1x_rxn10019] ❌ 错误 | 原子数：17
  - 正确映射：[12  8  0 15  7  2 10  9  4 16  5 13 14  6 11  3  1]
  - 预测映射：[12  8  0 15  7  2 10  9  4 16  5 13 14 11  3  1  6]
[test_sample_05146] [T1x_rxn10020] ❌ 错误 | 原子数：17
  - 正确映射：[ 3  7 13  4  2 12  1  0  8  5 11  9 15 10 16  6 14]
  - 预测映射：[ 3  7 13  4 12  2  1  0  5  8  9 11 15  6 16 10 14]
[test_sample_05147] [T1x_rxn8629] ❌ 错误 | 原子数：17
  - 正确映射：[ 7  1  5  9 16  8 14  4 15 11 12 10  2  3 13  0  6]
  - 预测映射：[ 1  9  5 16  7  8 14 12  4 11  3 10  2 15  0 13  6]
[test_sample_05148] [T1x_rxn8630] ❌ 错误 | 原子数：17
  - 正确映射：[13  5 12  1 11  3 10  9 14  8  6 16 15  4  0  2  7]
  - 预测映射：[13  5 12  1 11  3 10 14  9  8  6 16 15  4  0  2  7]
[test_sample_05149] [T1x_rxn8631] ❌ 错误 | 原子数：17
  - 正确映射：[ 7  1 10 11 12  0  5 16  8  6 15  2 14  9 13  4  3]
  - 预测映射：[ 7  1 10 11  0 12  5 16  3  6 15  2 14  8 13  9  4]
[test_sample_05150] [T1x_rxn8632] ✅ 严格正确 | 原子数：17
[test_sample_05151] [T1x_rxn8633] ❌ 错误 | 原子数：17
  - 正确映射：[16 11  9 12  2  7  0 10 14  1 15 13  4  6  5  3  8]
  - 预测映射：[16 11  9 12  2  7  0  1 14  4 15 13 10  6  5  3  8]
[test_sample_05152] [T1x_rxn8634] ✅ 严格正确 | 原子数：17
[test_sample_05153] [T1x_rxn8635] ❌ 错误 | 原子数：17
  - 正确映射：[ 1  2 12  8  9 15 11  0  3 14  6  4 13 16  5  7 10]
  - 预测映射：[ 1  2 12  8  9 15 11  0 13  3 14  6  4 16  5  7 10]
[test_sample_05154] [T1x_rxn8636] ✅ 严格正确 | 原子数：17
[test_sample_05155] [T1x_rxn8637] ✅ 严格正确 | 原子数：17
[test_sample_05156] [T1x_rxn8638] ❌ 错误 | 原子数：17
  - 正确映射：[ 8 12 14  2  4  6 16  9 11 15  3  5 10  1 13  7  0]
  - 预测映射：[ 8 12 14  2  4  6 16  9 11 15  3  5 10  7 13  0  1]
[test_sample_05157] [T1x_rxn0020] ❌ 错误 | 原子数：16
  - 正确映射：[ 9 15 14  4  7  6 12  0  1  3  2  8  5 13 11 10]
  - 预测映射：[ 9  6  7  4 14 15 12 11  5 13  2  8  1  3  0 10]
[test_sample_05158] [T1x_rxn0021] ❌ 错误 | 原子数：16
  - 正确映射：[ 7 13 14 10 12  0 15  1  4  3  9  8  2  5  6 11]
  - 预测映射：[ 7 14 13  0 12 10  8  4 15  1 11  6  2  5  9  3]
[test_sample_05159] [T1x_rxn0022] ❌ 错误 | 原子数：16
  - 正确映射：[ 8 10  5 14  4  0  6 13 12 15 11  2  1  7  3  9]
  - 预测映射：[ 8 10  0  4 14  5  6 13  3  9  7  1 11 12  2 15]
[test_sample_05160] [T1x_rxn0023] ❌ 错误 | 原子数：16
  - 正确映射：[ 3  5  0  4 15  2  9 12 10 11  8  7 14 13  6  1]
  - 预测映射：[ 3  5  2 15  4  0  9 12  6  1 14  7  8 13 10 11]
[test_sample_05161] [T1x_rxn0024] ❌ 错误 | 原子数：16
  - 正确映射：[ 4  1  5 15  2 10  6  3  9 12  7  0  8 13 14 11]
  - 预测映射：[ 4 15  1 10  2  5  9  0  6 14 13 11  3  8 12  7]
[test_sample_05162] [T1x_rxn0025] ❌ 错误 | 原子数：16
  - 正确映射：[12  6  7  0  9  1 13 14  8  3 15 11  2  4  5 10]
  - 预测映射：[12  6  1  9  0  7 13 14 10  2  4  3 15 11  8  5]
[test_sample_05163] [T1x_rxn0026] ❌ 错误 | 原子数：16
  - 正确映射：[ 2  4  9 13  7 10  6 11 12  1  8  5  3 15 14  0]
  - 预测映射：[ 2  4 10  7 13  9 14 11  0 15  3  5 12  8  6  1]
[test_sample_05164] [T1x_rxn0027] ❌ 错误 | 原子数：16
  - 正确映射：[12  9  1  4  3  5  2 10 14 13 11  7  6  8 15  0]
  - 预测映射：[12  9  1  5  3  4  2 14 10 13  0 15  6  8  7 11]
[test_sample_05165] [T1x_rxn0028] ❌ 错误 | 原子数：16
  - 正确映射：[14  1  2  7 10  0 12  6 11  4 13  5  9 15  3  8]
  - 预测映射：[14  1  0 10  7  2 12  6  3  8 15  9 13  5 11  4]
[test_sample_05166] [T1x_rxn0029] ❌ 错误 | 原子数：16
  - 正确映射：[ 6  7 14 13 10  0  8 15  5  4 12  2  3  9  1 11]
  - 预测映射：[ 6  0 10 13 14  7  1 11  3  9 12  2  5  4  8 15]
[test_sample_05167] [T1x_rxn0030] ❌ 错误 | 原子数：16
  - 正确映射：[ 2 10 12 14 15  1  8  7  3  6  5 13 11  4  9  0]
  - 预测映射：[ 2 10 12 15  1 14  7  3  6 13 11  5  4  9  8  0]
[test_sample_05168] [T1x_rxn0031] ✅ 严格正确 | 原子数：16
[test_sample_05169] [T1x_rxn0032] ❌ 错误 | 原子数：16
  - 正确映射：[ 5 12  7  6  1 14  3  0 10  4  2 11  9 13  8 15]
  - 预测映射：[ 5  6  7 12 14  1  3 11  0  2 10  8 15  4  9 13]
[test_sample_05170] [T1x_rxn0403] ❌ 错误 | 原子数：16
  - 正确映射：[15 14 11  6  7  3  0  9  4 13  2  5  8 10 12  1]
  - 预测映射：[15 14 11  6  7  3  0  9  4 13  2  5  8 12 10  1]
[test_sample_05171] [T1x_rxn0404] ❌ 错误 | 原子数：16
  - 正确映射：[ 1  7  8  5  3 12  6 13  9 15 14 10  2 11  0  4]
  - 预测映射：[ 3  8  1  7  5 12 11  4  0 10  9 13 15  6 14  2]
[test_sample_05172] [T1x_rxn0405] ❌ 错误 | 原子数：16
  - 正确映射：[10 12  4  2 15  9  7  8  3  6  5 14  0  1 13 11]
  - 预测映射：[15  2  4 12 10  9  7 13 11  0  5  1  6 14  8  3]
[test_sample_05173] [T1x_rxn0539] ❌ 错误 | 原子数：16
  - 正确映射：[12  2 10  1  4  3  7 14 13 11  0 15  6  8  5  9]
  - 预测映射：[10  2 12  1  4  3 15  0  6 11 14  7 13  8  9  5]
[test_sample_05174] [T1x_rxn0540] ❌ 错误 | 原子数：16
  - 正确映射：[12  9 13  7 11  0  2  4  6  5  1  8 14  3 10 15]
  - 预测映射：[ 0  9 13  7 11 12 10  3  5  6  8  1 14  4 15  2]
[test_sample_05175] [T1x_rxn0541] ✅ 严格正确 | 原子数：16
[test_sample_05176] [T1x_rxn0542] ❌ 错误 | 原子数：16
  - 正确映射：[ 4 15  5 11  8  3  9  1 12  0  7  2 10 14 13  6]
  - 预测映射：[ 5 15  4 11  8  3  2  7 10  0  1  9 12  6 14 13]
[test_sample_05177] [T1x_rxn0543] ❌ 错误 | 原子数：16
  - 正确映射：[13 10  5  9  4 14 12  8  1  7 15  3  0  6 11  2]
  - 预测映射：[13 10  5  9  4 14 12  1  8  7  0  3 15  6  2 11]
[test_sample_05178] [T1x_rxn0544] ❌ 错误 | 原子数：16
  - 正确映射：[ 8  7  5 15 14  0  9  2  4  3 10 12 13 11  6  1]
  - 预测映射：[ 5  7  8 15 14  0 12 10 13  3  2  9  4  6 11  1]
[test_sample_05179] [T1x_rxn0545] ❌ 错误 | 原子数：16
  - 正确映射：[ 5 11  9  0  2 14 15 10  4  6  7  3  8 12 13  1]
  - 预测映射：[ 5 11  9  0  2 14  6 15  4  8 10  3  7  1 12 13]
[test_sample_05180] [T1x_rxn0546] ❌ 错误 | 原子数：16
  - 正确映射：[10  6 13  9  1  5  0  8 11  4 12  2 15  7  3 14]
  - 预测映射：[13  6 10  9  1  5  7  2 12 11  4  0 15  8 14  3]
[test_sample_05181] [T1x_rxn0600] ❌ 错误 | 原子数：16
  - 正确映射：[15  2 10 11  0  3 14 12  7  5  1  6  4  8 13  9]
  - 预测映射：[ 0  3 10 11 15  2  9  4 13  8  1  6 12  5  7 14]
[test_sample_05182] [T1x_rxn0601] ❌ 错误 | 原子数：16
  - 正确映射：[ 7 11  2 15  6  3 10 14  9  0  5  4  8  1 12 13]
  - 预测映射：[ 6  3  2 15 11  7  1  8 12 13  5  0 14  4 10  9]
[test_sample_05183] [T1x_rxn0602] ❌ 错误 | 原子数：16
  - 正确映射：[11 10  7  8 13  9  6 15  0  5  1 14  2  4 12  3]
  - 预测映射：[11 10  7  8  9 13 15  1  6  5  0 14  3 12  4  2]
[test_sample_05184] [T1x_rxn0603] ❌ 错误 | 原子数：16
  - 正确映射：[ 0  3  7  4  5  8 15 12  1 11 13 14  6  2 10  9]
  - 预测映射：[ 8  5  7  4  3  0  6 10  9 13 14  2 12 11  1 15]
[test_sample_05185] [T1x_rxn0604] ❌ 错误 | 原子数：16
  - 正确映射：[13  9  3 10  1 14  8  0 15  5 11  4  2  6  7 12]
  - 预测映射：[13  9  3 10  1 14  8  0 11  5 15  4  2  6  7 12]
[test_sample_05186] [T1x_rxn0605] ❌ 错误 | 原子数：16
  - 正确映射：[15  3 13 14 12  2 11 10  5  0  1  4  9  6  8  7]
  - 预测映射：[15  3 13 14 12  2 11 10  5  0  1  7  9  6  8  4]
[test_sample_05187] [T1x_rxn0606] ❌ 错误 | 原子数：16
  - 正确映射：[14  0  6  8  3 15  1  7 10  5 11 12 13  4  2  9]
  - 预测映射：[14  0  6 15  8  3  1  7 10  5 11  2 12 13  4  9]
[test_sample_05188] [T1x_rxn0607] ❌ 错误 | 原子数：16
  - 正确映射：[ 1  3 11 12  9  4 13  8 15  7  0  6  5 10 14  2]
  - 预测映射：[ 1  3 11 12  9  4 13  8 15 10  7  0  6  5 14  2]
[test_sample_05189] [T1x_rxn0765] ❌ 错误 | 原子数：16
  - 正确映射：[ 7 10  4 14 15  3 13 12  9  1  8  6  0  2  5 11]
  - 预测映射：[15 10  4  7 14  3 11  6  5  2  8 12  9  1 13  0]
[test_sample_05190] [T1x_rxn0766] ❌ 错误 | 原子数：16
  - 正确映射：[ 5  4 12  9  0  8 15  2 10  7 13  3 14  6 11  1]
  - 预测映射：[ 0  4 12  5  9  8  1  3 11 10  7 15  6 13  2 14]
[test_sample_05191] [T1x_rxn0885] ❌ 错误 | 原子数：16
  - 正确映射：[ 5 11 14 12  0  2  4 10  3  7  1  8 15  6  9 13]
  - 预测映射：[ 2 11  0 14 12  5 15 13  9  4  6  7  1  8 10  3]
[test_sample_05192] [T1x_rxn0886] ❌ 错误 | 原子数：16
  - 正确映射：[13  4  1  8  6  7 12  2  5 15  3 11  9  0 14 10]
  - 预测映射：[13  4  1  7  6  8 12  5  2 15 14 10  9  0  3 11]
[test_sample_05193] [T1x_rxn0887] ❌ 错误 | 原子数：16
  - 正确映射：[ 0  2  5  7 10  8  4  6  1 12 15 11  9 14 13  3]
  - 预测映射：[ 0  2  5  7 10  8  6  1  4 12 15 11  9 14 13  3]
[test_sample_05194] [T1x_rxn0888] ❌ 错误 | 原子数：16
  - 正确映射：[ 1  6  5 12 13 14  0 15  7  3  2 10  9  8 11  4]
  - 预测映射：[ 1  6  5 12 13 14 15  7  2 10  3  0  8  9  4 11]
[test_sample_05195] [T1x_rxn0889] ❌ 错误 | 原子数：16
  - 正确映射：[ 3  1  6  4  9  7 11 15 13 10  2  8  5 12 14  0]
  - 预测映射：[ 3  1  7  9  4  6 15 13 11  0 14 12 10  5  8  2]
[test_sample_05196] [T1x_rxn0890] ✅ 严格正确 | 原子数：16
[test_sample_05197] [T1x_rxn0891] ✅ 严格正确 | 原子数：16
[test_sample_05198] [T1x_rxn0944] ❌ 错误 | 原子数：16
  - 正确映射：[ 9 13  1 11 12  2  6  7  3 10  4  5  8 14  0 15]
  - 预测映射：[12 13  1  2  9 11  4 14  8  0  6  3  7 15 10  5]
[test_sample_05199] [T1x_rxn0945] ❌ 错误 | 原子数：16
  - 正确映射：[11  8 15 12  4 10  5  7  6  0 13  1 14  9  3  2]
  - 预测映射：[11  8 15 12  4 10  5  7  6  0 13  1  3 14  2  9]
[test_sample_05200] [T1x_rxn0946] ❌ 错误 | 原子数：16
  - 正确映射：[10 14  2  0 12  3  6  8  4  5 15 11 13  9  7  1]
  - 预测映射：[ 0 14  2 10  3 12  9 15 11  8  6  4  7  1  5 13]
[test_sample_05201] [T1x_rxn0947] ❌ 错误 | 原子数：16
  - 正确映射：[10 12 11  3  5  4  7 15 13  6 14  8  1  9  0  2]
  - 预测映射：[ 5 12 11  3 10  4  9  6  1  0  8 15  7 14 13  2]
[test_sample_05202] [T1x_rxn0948] ❌ 错误 | 原子数：16
  - 正确映射：[ 4  7 10  0  1  8  9  2 12 14 13  6  5 15  3 11]
  - 预测映射：[ 4  7 10  0  1  8  2 12  9 14 13  6  5 15  3 11]
[test_sample_05203] [T1x_rxn0949] ❌ 错误 | 原子数：16
  - 正确映射：[15 10 13  2  5  0  3  4 14  6  1  8  7 12  9 11]
  - 预测映射：[15 10 13  2  5  0  4 14  3  6  8  9  7  1 11 12]
[test_sample_05204] [T1x_rxn0968] ❌ 错误 | 原子数：16
  - 正确映射：[10 12  0  9  6 15 13  1  5  4  8  7 14 11  3  2]
  - 预测映射：[ 9  0 12 10  6 15  2 11 14  3  7  4  5 13  1  8]
[test_sample_05205] [T1x_rxn0969] ❌ 错误 | 原子数：16
  - 正确映射：[12 15 13  2 10 11  6  0  3  5  7 14  8  1  9  4]
  - 预测映射：[12 15 13  2 10 11  6  0  3  5  7  4 14  1  9  8]
[test_sample_05206] [T1x_rxn0970] ❌ 错误 | 原子数：16
  - 正确映射：[ 1  5  9  4 12 15  7  2  0  3  6 11  8 14 13 10]
  - 预测映射：[ 1  5  9  4 12 15 11  2  0  6  7  3  8 14 13 10]
[test_sample_05207] [T1x_rxn0971] ❌ 错误 | 原子数：16
  - 正确映射：[ 2  3  1  6  8  9 13 14  0 11 12  5  7 10 15  4]
  - 预测映射：[ 2  3  1  6  8  9  4 13  0 14 12 11 10 15  7  5]
[test_sample_05208] [T1x_rxn0972] ❌ 错误 | 原子数：16
  - 正确映射：[ 2  1  8  7 11 15  6 12  9  0  4 10  3  5 14 13]
  - 预测映射：[ 7  8 11  1  2 15  5 14 13 10  3  0  6 12  4  9]
[test_sample_05209] [T1x_rxn0973] ❌ 错误 | 原子数：16
  - 正确映射：[ 7  3 12  2  8  1  9  6 11 14  5 15  4  0 13 10]
  - 预测映射：[ 7  3 12  2  8  1  6 14 11 15  5 10  4  0 13  9]
[test_sample_05210] [T1x_rxn0974] ❌ 错误 | 原子数：16
  - 正确映射：[13  5  3  4  1 12  9  2 15  8  6 10  7 11 14  0]
  - 预测映射：[13  5  3  4  1 12 10 15  8  2  9  6  7 11 14  0]
[test_sample_05211] [T1x_rxn0975] ❌ 错误 | 原子数：16
  - 正确映射：[ 6  9  5 15 11 10  8  2 13  4  3 14  1 12  0  7]
  - 预测映射：[15  5  9  6 11 10 12  1  0  3  7  4  8 13  2 14]
[test_sample_05212] [T1x_rxn0976] ✅ 严格正确 | 原子数：16
[test_sample_05213] [T1x_rxn0977] ❌ 错误 | 原子数：16
  - 正确映射：[ 9  7 14  0 13  6  8 11  3  5  2 15  1  4 12 10]
  - 预测映射：[ 0 14  7 13  9  6  3 12  5  4 15  2  8 10  1 11]
[test_sample_05214] [T1x_rxn0978] ✅ 严格正确 | 原子数：16
[test_sample_05215] [T1x_rxn0979] ❌ 错误 | 原子数：16
  - 正确映射：[12  8 14 15  1 13  0  4  5  7  2 10 11  6  9  3]
  - 预测映射：[12  8 14 15  1 13  5  4  7  2  0 10  6  9 11  3]
[test_sample_05216] [T1x_rxn1383] ✅ 严格正确 | 原子数：16
[test_sample_05217] [T1x_rxn1384] ❌ 错误 | 原子数：16
  - 正确映射：[14  2  9  0  1 15  3 13  8  6  5  7 11 10  4 12]
  - 预测映射：[14 15  9  0  1  2  8  3  6 12  5 13 11 10  4  7]
[test_sample_05218] [T1x_rxn1385] ❌ 错误 | 原子数：16
  - 正确映射：[ 5 14 12 11  8  0  1 15  4  3  2  6  7 13 10  9]
  - 预测映射：[ 5 14 12 11  8  0  3  4 15  1 10  6 13  7  2  9]
[test_sample_05219] [T1x_rxn1386] ❌ 错误 | 原子数：16
  - 正确映射：[ 3 13 12 11  9  4  7  2  8 14  6 10 15  1  0  5]
  - 预测映射：[ 3 13  4 11  9 12  8  2  7 14  5  0 15  1 10  6]
[test_sample_05220] [T1x_rxn1387] ❌ 错误 | 原子数：16
  - 正确映射：[ 8  2 11  9  4 12 15  0  3 10 13  6  1  5 14  7]
  - 预测映射：[12  2  8 11  4  9  3 14 10  6  0 15 13  5  1  7]
[test_sample_05221] [T1x_rxn1446] ❌ 错误 | 原子数：16
  - 正确映射：[ 9  5 10  6  2 11 15  7  4 14  1  3 13  8  0 12]
  - 预测映射：[ 9  5 10  6  2 11 15 14  7  1  4  0  3 13 12  8]
[test_sample_05222] [T1x_rxn1447] ❌ 错误 | 原子数：16
  - 正确映射：[ 9  3 14 15  6  8  4  5 13  1 11 10 12  0  2  7]
  - 预测映射：[ 9  3 14 15  6  8 13  4  5 11  7  1 12  0 10  2]
[test_sample_05223] [T1x_rxn1448] ❌ 错误 | 原子数：16
  - 正确映射：[ 2  6 12  5  0  3 14  1  9 10 13  4 11 15  7  8]
  - 预测映射：[ 2  6 12  5  0  3 14 11  1 10 13  4 15  9  7  8]
[test_sample_05224] [T1x_rxn1449] ❌ 错误 | 原子数：16
  - 正确映射：[ 7  2 10 13  6 11  3 14 15  9  0  4 12  1  8  5]
  - 预测映射：[ 7  2 10 13 11  6  3 14  9 15  0 12  4  5  8  1]
[test_sample_05225] [T1x_rxn1450] ❌ 错误 | 原子数：16
  - 正确映射：[15  5  4 11  7  3  2 10  6  0  8  9 13 14  1 12]
  - 预测映射：[15  5  4 11  7  3  2 10  6  0  8  9 14 12 13  1]
[test_sample_05226] [T1x_rxn1451] ❌ 错误 | 原子数：16
  - 正确映射：[ 7  9 15  2  4 10  0 14  5 12 13  6  8  1 11  3]
  - 预测映射：[ 4 15  7  9  2 10  1 11 14  6  5  0 13  3 12  8]
[test_sample_05227] [T1x_rxn1452] ❌ 错误 | 原子数：16
  - 正确映射：[12  9  4 11 14  5  8  3 15  6  7  2 10  0 13  1]
  - 预测映射：[ 4  9 11 14 12  5  2 15  7  1  6 10  0  3 13  8]
[test_sample_05228] [T1x_rxn1453] ❌ 错误 | 原子数：16
  - 正确映射：[ 2  6 10 14 15 11  4  3  8  9  0 13  1  7  5 12]
  - 预测映射：[15 14 10  6  2 11 12  5  7  1  0 13  9  8  3  4]
[test_sample_05229] [T1x_rxn1454] ❌ 错误 | 原子数：16
  - 正确映射：[ 0  3 14  4  8 10 13 12 15  6  2  9 11  1  7  5]
  - 预测映射：[ 0  3 14  4  8 10 13 12 15  5  6  2 11  1  9  7]
[test_sample_05230] [T1x_rxn1455] ❌ 错误 | 原子数：16
  - 正确映射：[ 2  6 15  4 13  5 11  0 14  1 10  3  9 12  8  7]
  - 预测映射：[ 2  6 15  4 13  5  0  8 14 11  1 10  9 12  3  7]
[test_sample_05231] [T1x_rxn1456] ❌ 错误 | 原子数：16
  - 正确映射：[ 8  2  3 12 14 11 13  0 15  5  9  6 10  1  7  4]
  - 预测映射：[ 3  8  2 12 14 11  6  9 15  0 13  5  4  1 10  7]
[test_sample_05232] [T1x_rxn1461] ❌ 错误 | 原子数：16
  - 正确映射：[ 5  0 12 11  8  4 15  7  9  3 14  1 13  2  6 10]
  - 预测映射：[12  5  4 11  8  0  3  9  7 15 10  6  2 13  1 14]
[test_sample_05233] [T1x_rxn1462] ❌ 错误 | 原子数：16
  - 正确映射：[ 7 15 13  0 10 12  5  6  2  9  8  4 14 11  3  1]
  - 预测映射：[12 10 13  0 15  7 14  3  8 11  1  4  2  9  5  6]
[test_sample_05234] [T1x_rxn1463] ❌ 错误 | 原子数：16
  - 正确映射：[11  4  0 12 13  3  8  9  7 10  6  2  1  5 14 15]
  - 预测映射：[ 3 11  4 12  0 13 14 15  9  8  7 10  2  6  5  1]
[test_sample_05235] [T1x_rxn1464] ❌ 错误 | 原子数：16
  - 正确映射：[10  8 11  6  9 15  0 14 12  3  7  4  5 13  2  1]
  - 预测映射：[15  9 11  6  8 10  2  1  7  5 13  4 12  3  0 14]
[test_sample_05236] [T1x_rxn1465] ✅ 严格正确 | 原子数：16
[test_sample_05237] [T1x_rxn1488] ❌ 错误 | 原子数：16
  - 正确映射：[15  6  8 13 11  5  7  1  0 12  2 10  9  3  4 14]
  - 预测映射：[15  6  8 13 11  5 10  7  1  2  0 12  3  9 14  4]
[test_sample_05238] [T1x_rxn1489] ❌ 错误 | 原子数：16
  - 正确映射：[ 3  9  6 12  7  2  4 10  8 11 13 15  0 14  5  1]
  - 预测映射：[ 3 12  6  9  7  2  8 10  4  5  0 15 11 13 14  1]
[test_sample_05239] [T1x_rxn1590] ✅ 严格正确 | 原子数：16
[test_sample_05240] [T1x_rxn1591] ❌ 错误 | 原子数：16
  - 正确映射：[ 5  4 11  2 13 12 14  3  9  7  1  0  8 15  6 10]
  - 预测映射：[13  2 11  4  5 12 15  7 10  6  0  8  1  3 14  9]
[test_sample_05241] [T1x_rxn1592] ✅ 严格正确 | 原子数：16
[test_sample_05242] [T1x_rxn1593] ❌ 错误 | 原子数：16
  - 正确映射：[ 7 14  6  8 15 11  0  5  2 10  9 13  1 12  4  3]
  - 预测映射：[ 8 14  6  7 15 11 12  4  3 10 13  9  1  0  5  2]
[test_sample_05243] [T1x_rxn1594] ❌ 错误 | 原子数：16
  - 正确映射：[14  6  2  5  1  4  0 15  8  3 12 10  7 11 13  9]
  - 预测映射：[14  6  2  5  1  4 15  0  8 13 12  7 10 11  3  9]
[test_sample_05244] [T1x_rxn1627] ✅ 严格正确 | 原子数：16
[test_sample_05245] [T1x_rxn1628] ❌ 错误 | 原子数：16
  - 正确映射：[12 14 15  4  3 10  2  0 11  7  6  9  8  5  1 13]
  - 预测映射：[12  4 15 14  3 10 11  0  2  9  6  7  8  1  5 13]
[test_sample_05246] [T1x_rxn1930] ❌ 错误 | 原子数：16
  - 正确映射：[12 10 13  4  8  5 14  2 15  7  3  1  9 11  6  0]
  - 预测映射：[12 10 13  4  8  5  7 14  2 15  9  1  3  0  6 11]
[test_sample_05247] [T1x_rxn1931] ❌ 错误 | 原子数：16
  - 正确映射：[11  6  1  5  7 15 10  3 14  2  9  0  4 13  8 12]
  - 预测映射：[11  6  7  5  1 15  3 10 14  2  8 12 13  4  0  9]
[test_sample_05248] [T1x_rxn1932] ❌ 错误 | 原子数：16
  - 正确映射：[ 5  0 15  8  2 13  3 10  9 12  7  4  1 14 11  6]
  - 预测映射：[ 5  0 15  8  2 13  3  9 10 14  1  4  7 12  6 11]
[test_sample_05249] [T1x_rxn1933] ❌ 错误 | 原子数：16
  - 正确映射：[ 5  6  3 10  7  9  4 13 11  2  8  1 12 15 14  0]
  - 预测映射：[ 3  7  5 10  6  9  1 13  8 15 11 14  4  0  2 12]
[test_sample_05250] [T1x_rxn1934] ✅ 严格正确 | 原子数：16
[test_sample_05251] [T1x_rxn1935] ❌ 错误 | 原子数：16
  - 正确映射：[ 3  4 11  6 14  1 10  7 13  8 12 15  9  5  0  2]
  - 预测映射：[11  4  3  6 14  1 15 12  9  8  7 10 13  5  2  0]
[test_sample_05252] [T1x_rxn1936] ✅ 严格正确 | 原子数：16
[test_sample_05253] [T1x_rxn1937] ❌ 错误 | 原子数：16
  - 正确映射：[12  1 11  6  4  0  3 10 13 14  8  5  7  2 15  9]
  - 预测映射：[12  6  4  1 11  0  8 10  2 13  3  9 15 14  5  7]
[test_sample_05254] [T1x_rxn1938] ✅ 严格正确 | 原子数：16
[test_sample_05255] [T1x_rxn1939] ❌ 错误 | 原子数：16
  - 正确映射：[ 1  0 12 11  5 14  7  9 13  2  4 10 15  8  3  6]
  - 预测映射：[ 1  0 12 11  5 14  7  9 13  2  4 10 15  8  6  3]
[test_sample_05256] [T1x_rxn1940] ✅ 严格正确 | 原子数：16
[test_sample_05257] [T1x_rxn1941] ✅ 严格正确 | 原子数：16
[test_sample_05258] [T1x_rxn2085] ❌ 错误 | 原子数：16
  - 正确映射：[ 0  9 12  3 13 11  6  5  8  1 10 15  2  7 14  4]
  - 预测映射：[13  3  9 12  0 11 14  4 15  7  2  8 10  1  6  5]
[test_sample_05259] [T1x_rxn2086] ❌ 错误 | 原子数：16
  - 正确映射：[ 7  9  1  3 14  5 13  6  0 11 12  4  8 15 10  2]
  - 预测映射：[ 7  9  1  3 14  5 13  2  6 11 12  8  0 15 10  4]
[test_sample_05260] [T1x_rxn2087] ❌ 错误 | 原子数：16
  - 正确映射：[ 5  6  9  4  7  1 13 14  8 15  3 10  0 11  2 12]
  - 预测映射：[ 4  9  6  5  7  1 11 10  0  3 15 14  8 13 12  2]
[test_sample_05261] [T1x_rxn2088] ❌ 错误 | 原子数：16
  - 正确映射：[ 1  4 13  5  3 12  6 11 15  8  7  0  2  9 14 10]
  - 预测映射：[ 4  3 13  1  5 12 14 10  8 11  6  2 15  7  9  0]
[test_sample_05262] [T1x_rxn2089] ❌ 错误 | 原子数：16
  - 正确映射：[10 12  0 11  7  5  3  2 15  9  8  6 14 13  4  1]
  - 预测映射：[11  7  0 10 12  5 13  1  6  4  8 15 14  3  9  2]
[test_sample_05263] [T1x_rxn2090] ❌ 错误 | 原子数：16
  - 正确映射：[13  4  3 10  5  8  1 15  9  6 14  2 11 12  0  7]
  - 预测映射：[ 3 10  4 13  5  8  0  2 11 12 14  9  6 15  7  1]
[test_sample_05264] [T1x_rxn2267] ❌ 错误 | 原子数：16
  - 正确映射：[ 1 14  3 15  4 12 13  9  2 11  6  8 10  0  5  7]
  - 预测映射：[ 1 14  3 15  4 12  9  5 13  2  6  8 10 11  0  7]
[test_sample_05265] [T1x_rxn2268] ❌ 错误 | 原子数：16
  - 正确映射：[ 3  0  9 12  5  2  6 15  4  1 11  8  7 14 10 13]
  - 预测映射：[ 5 12  3  9  0  2 13 14 15  1  6  4  8  7 11 10]
[test_sample_05266] [T1x_rxn2269] ❌ 错误 | 原子数：16
  - 正确映射：[ 8 15  3  6  4  0  5  7  9  1 10 14 11  2 12 13]
  - 预测映射：[ 3 15  8  6  4  0 11  2 14 10  9  7 13  5  1 12]
[test_sample_05267] [T1x_rxn2270] ❌ 错误 | 原子数：16
  - 正确映射：[10 13  1 11  9 15  8  7 14  0  5 12  2  3  6  4]
  - 预测映射：[10 13  1 11  9 15  7  8 14 12  5  0  2  6  3  4]
[test_sample_05268] [T1x_rxn2271] ❌ 错误 | 原子数：16
  - 正确映射：[ 0  7 15  6 10  9 12  1  2 13 14  3  8  4 11  5]
  - 预测映射：[15  7  0  6 10  9 14  8  3 13 12  2  1  4  5 11]
[test_sample_05269] [T1x_rxn2272] ❌ 错误 | 原子数：16
  - 正确映射：[ 2  9  0 15  4  1  3 11 14  5  6 13  7 12 10  8]
  - 预测映射：[ 4 15  0  9  2  1  8 10 12 13  5  6 14  7 11  3]
[test_sample_05270] [T1x_rxn2273] ✅ 严格正确 | 原子数：16
[test_sample_05271] [T1x_rxn2422] ❌ 错误 | 原子数：16
  - 正确映射：[ 2 11  5 12  7  6 10  3 14  9  1  4  0  8 15 13]
  - 预测映射：[ 2 11  5 12  7  6  3 10 14  9  4  1 15  8  0 13]
[test_sample_05272] [T1x_rxn2423] ❌ 错误 | 原子数：16
  - 正确映射：[ 9 15  5 13  2  4  0 11  6 10 12  8  7 14  3  1]
  - 预测映射：[13 15  5  9  2  4 12  7  8 10  0  6 11  1  3 14]
[test_sample_05273] [T1x_rxn2424] ❌ 错误 | 原子数：16
  - 正确映射：[ 8 15  4  9 10  2 13  0  1 14  3  7 11  6 12  5]
  - 预测映射：[ 8 15 10  2  4  9 13  1  0  6 12  5 11 14  3  7]
[test_sample_05274] [T1x_rxn2425] ❌ 错误 | 原子数：16
  - 正确映射：[ 8 10  5 11 14  9 12 13  4  1  0  2  3  6 15  7]
  - 预测映射：[ 8 10  5 11 14  9 12 13  4 15  0  2  1  6  7  3]
[test_sample_05275] [T1x_rxn2426] ❌ 错误 | 原子数：16
  - 正确映射：[ 6  4  3 13 10  7 14  0  1  5 12 15  8  2 11  9]
  - 预测映射：[ 6  4  3 13 10  7 14  0  5  1 15 12  2  8  9 11]
[test_sample_05276] [T1x_rxn2427] ✅ 严格正确 | 原子数：16
[test_sample_05277] [T1x_rxn2428] ✅ 严格正确 | 原子数：16
[test_sample_05278] [T1x_rxn2429] ✅ 严格正确 | 原子数：16
[test_sample_05279] [T1x_rxn2430] ❌ 错误 | 原子数：16
  - 正确映射：[ 0  6 11 12 15  9  1  2  4  5  8 10  7 14 13  3]
  - 预测映射：[ 0  6 11 12 15  9  4  2  1 13 10  8 14  7  3  5]
[test_sample_05280] [T1x_rxn2431] ❌ 错误 | 原子数：16
  - 正确映射：[ 3 14 13  9  6 11  0  8 12  5  2  1  4 10 15  7]
  - 预测映射：[ 3 14 13  9  6 11  2 12  0  1  7  5 10  4 15  8]
[test_sample_05281] [T1x_rxn2432] ❌ 错误 | 原子数：16
  - 正确映射：[ 5 10  7 12 14  2 15  6  9  1  8 13  4 11  0  3]
  - 预测映射：[ 5 10  7  2 14 12  6  9 15  1  8 13  0 11  3  4]
[test_sample_05282] [T1x_rxn2433] ❌ 错误 | 原子数：16
  - 正确映射：[ 6  3  2  7  1 11  4  8 12 10  0  5 13 14 15  9]
  - 预测映射：[ 7  2  3  6  1 11  0 13 14 12  4 10  9  8  5 15]
[test_sample_05283] [T1x_rxn2434] ✅ 严格正确 | 原子数：16
[test_sample_05284] [T1x_rxn2435] ✅ 严格正确 | 原子数：16
[test_sample_05285] [T1x_rxn2436] ❌ 错误 | 原子数：16
  - 正确映射：[12  6  9  2 13 14  3  5  8  1 15  7 11 10  4  0]
  - 预测映射：[12  6  9  2 13 14  3  5  1  8  7 10 15 11  0  4]
[test_sample_05286] [T1x_rxn2437] ✅ 严格正确 | 原子数：16
[test_sample_05287] [T1x_rxn2438] ✅ 严格正确 | 原子数：16
[test_sample_05288] [T1x_rxn2627] ❌ 错误 | 原子数：16
  - 正确映射：[10  3  0 14  8  9  4 12 15  5  2 11 13  1  7  6]
  - 预测映射：[ 3  0  8 14 10  9  4 11  5 13  2  7 15  1  6 12]
[test_sample_05289] [T1x_rxn2628] ✅ 严格正确 | 原子数：16
[test_sample_05290] [T1x_rxn2629] ❌ 错误 | 原子数：16
  - 正确映射：[10 15 14  1  5 11  4  6  0  8  9 12  3 13  2  7]
  - 预测映射：[10 15 14  1  5 11  4  6  0  8  9  3  2 13 12  7]
[test_sample_05291] [T1x_rxn2630] ❌ 错误 | 原子数：16
  - 正确映射：[ 2  4  0  9 14 15 11  5  1 13  8  6  7 10  3 12]
  - 预测映射：[ 9  0  4  2 14 15  3  6  7 13  8  5  1 12 11 10]
[test_sample_05292] [T1x_rxn2631] ❌ 错误 | 原子数：16
  - 正确映射：[ 7 15  2  6  0 12  3 11  8  4  5  9 14 10  1 13]
  - 预测映射：[ 7 15  2  6  0 12  3  8 11  4  9  5 10 14  1 13]
[test_sample_05293] [T1x_rxn2632] ❌ 错误 | 原子数：16
  - 正确映射：[ 3  7  0 15  9  1  6 12 11  8  4  5 13  2 14 10]
  - 预测映射：[ 3  7  0 15  9  1 12 11  6  8  4  5 13  2 14 10]
[test_sample_05294] [T1x_rxn2633] ❌ 错误 | 原子数：16
  - 正确映射：[11  6  9 15 13 12  0  7  4 10 14  1  8  3  2  5]
  - 预测映射：[ 9 15  6 11 13 12  2  1  8  0  3 14  4  7  5 10]
[test_sample_05295] [T1x_rxn2634] ❌ 错误 | 原子数：16
  - 正确映射：[11  7 13 14  9  5 15 10  6  3  0  8  2  1  4 12]
  - 预测映射：[ 7 11 13  9 14  5  0  6  3 10  8 15 12  4  1  2]
[test_sample_05296] [T1x_rxn2635] ❌ 错误 | 原子数：16
  - 正确映射：[ 7  8  5 15  6  9  1 13  0 14  2  3 11 12 10  4]
  - 预测映射：[15  5  8  7  6  9 12  2 11 14  3 13  0  1  4 10]
[test_sample_05297] [T1x_rxn2641] ✅ 严格正确 | 原子数：16
[test_sample_05298] [T1x_rxn2642] ✅ 严格正确 | 原子数：16
[test_sample_05299] [T1x_rxn2643] ❌ 错误 | 原子数：16
  - 正确映射：[ 0 13 12  5 14 15  2  3 10  9  1  7  4 11  6  8]
  - 预测映射：[ 0 13 12  5 14 15 10  3  1  7  4 11  2  9  6  8]
[test_sample_05300] [T1x_rxn2644] ✅ 严格正确 | 原子数：16
[test_sample_05301] [T1x_rxn2645] ❌ 错误 | 原子数：16
  - 正确映射：[ 7  3  2 14  0 10 12  9  6 15  4  8  5  1 11 13]
  - 预测映射：[ 7  3 14  2  0 10  9 12  6  4 15  8  1  5 13 11]
[test_sample_05302] [T1x_rxn2646] ✅ 严格正确 | 原子数：16
[test_sample_05303] [T1x_rxn2647] ❌ 错误 | 原子数：16
  - 正确映射：[ 2  7  5  8 15  1  4  6 14  3 10 12 13  9  0 11]
  - 预测映射：[ 2  7  5  8 15  1  4  6 14  3 10 12 13  9 11  0]
[test_sample_05304] [T1x_rxn2671] ❌ 错误 | 原子数：16
  - 正确映射：[13 15  5  7  4  0  3  8 11  9  2  1 10 12  6 14]
  - 预测映射：[ 5 15 13  7  4  0 14  8  2  3 11  1  9 10  6 12]
[test_sample_05305] [T1x_rxn2672] ❌ 错误 | 原子数：16
  - 正确映射：[ 7 12  5  6 14  1  0 11 15 13  4  2  3  9 10  8]
  - 预测映射：[ 5 12 14  6  1  7 11 15  4  3 13  2  8 10  0  9]
[test_sample_05306] [T1x_rxn2673] ❌ 错误 | 原子数：16
  - 正确映射：[ 1  4 11 15  9  8 10  0  5  2  7  3  6 12 13 14]
  - 预测映射：[ 8  9 11 15  1  4 13 14  6  7  2  3 12 10  0  5]
[test_sample_05307] [T1x_rxn2908] ❌ 错误 | 原子数：16
  - 正确映射：[11  0  1  6 15  4  9  5 10 14 13  3 12  8  2  7]
  - 预测映射：[11  0  1  6 15  4 10  9  5 14 13  3 12  8  2  7]
[test_sample_05308] [T1x_rxn2909] ✅ 严格正确 | 原子数：16
[test_sample_05309] [T1x_rxn2910] ❌ 错误 | 原子数：16
  - 正确映射：[ 6 12  8  3 14  1  2 10 15  4 13  0  5 11  7  9]
  - 预测映射：[ 6 12  8 14  3  1  2 15 10  9 11  5  4  0  7 13]
[test_sample_05310] [T1x_rxn2911] ❌ 错误 | 原子数：16
  - 正确映射：[ 3  7  9  6  8 10 14  2 15  0  5 13 12 11  4  1]
  - 预测映射：[ 3  7  9  6  8 10 15  2  5 12  0 13  4 11 14  1]
[test_sample_05311] [T1x_rxn2912] ❌ 错误 | 原子数：16
  - 正确映射：[12 15 11  3 14 10  2  4  0  9  5  6  8 13  7  1]
  - 预测映射：[12 15 10 14  3 11  0  4  2  8  1  7 13  6  5  9]
[test_sample_05312] [T1x_rxn2973] ❌ 错误 | 原子数：16
  - 正确映射：[15  4  3  6  1 10 12 14  7  9  5  2 13  8 11  0]
  - 预测映射：[15  4  3  6 10  1 12  7  2  5 14  9  0 11  8 13]
[test_sample_05313] [T1x_rxn2974] ❌ 错误 | 原子数：16
  - 正确映射：[13  0  8  1 15 12  6 10  3 14  5 11  9  4  7  2]
  - 预测映射：[ 0 13  8 12 15  1  6 14  5 10  3  2  4  7  9 11]
[test_sample_05314] [T1x_rxn2975] ✅ 严格正确 | 原子数：16
[test_sample_05315] [T1x_rxn2976] ❌ 错误 | 原子数：16
  - 正确映射：[ 0 11  1  5  3  6 13  2 12 10  4 14 15  8  9  7]
  - 预测映射：[11  0  1  6  3  5 13  4 10 12  2  7 15  8  9 14]
[test_sample_05316] [T1x_rxn2977] ❌ 错误 | 原子数：16
  - 正确映射：[ 8  6 13  1  9 11 12 15  2  4  3  0  5 10  7 14]
  - 预测映射：[ 9 11 13  1  8  6 10  4 14  7  5  0 15  2 12  3]
[test_sample_05317] [T1x_rxn3020] ❌ 错误 | 原子数：16
  - 正确映射：[10  6  7 15  8 13  3  2  0 12  9  5 11  1 14  4]
  - 预测映射：[ 8  7 15  6 10 13 11  5 14  9  4  1  2  3  0 12]
[test_sample_05318] [T1x_rxn3021] ❌ 错误 | 原子数：16
  - 正确映射：[13  0 11  6  8 15  4  7  3  2  1 10 14  5 12  9]
  - 预测映射：[13  0 11  6  8 15  7  3  4  2  1 10 14  5 12  9]
[test_sample_05319] [T1x_rxn3022] ✅ 严格正确 | 原子数：16
[test_sample_05320] [T1x_rxn3023] ❌ 错误 | 原子数：16
  - 正确映射：[ 9  5  8  4 15 14 12  0  3 10  2  1  7 11  6 13]
  - 预测映射：[ 5  8  9  4 15 14 10  2  1 12  0  3 11  7  6 13]
[test_sample_05321] [T1x_rxn3024] ✅ 严格正确 | 原子数：16
[test_sample_05322] [T1x_rxn3025] ❌ 错误 | 原子数：16
  - 正确映射：[11  9  8  1  0 14 12 10  6  2  4 15  5  3  7 13]
  - 预测映射：[11  9  0  1  8 14  3 10  6  2  5  7 15  4 12 13]
[test_sample_05323] [T1x_rxn3026] ❌ 错误 | 原子数：16
  - 正确映射：[14 15  4  8 12  6  5 11 13  1  7 10  0  3  2  9]
  - 预测映射：[14 15  4  8 12  6  5 11 13  1  7 10  3  2  0  9]
[test_sample_05324] [T1x_rxn3027] ❌ 错误 | 原子数：16
  - 正确映射：[ 7  3  9 14  6  2 12  0  1  8 11  5 10 13  4 15]
  - 预测映射：[ 7  3  9 14  6  2 12  8  0 11  5  1  4 13 15 10]
[test_sample_05325] [T1x_rxn3182] ❌ 错误 | 原子数：16
  - 正确映射：[ 8 11 12  5  9  2  3 10  7 14  6  0  1 15  4 13]
  - 预测映射：[ 8 11 12  5  9  2 14 10  3  0  7  6  1 15  4 13]
[test_sample_05326] [T1x_rxn3183] ❌ 错误 | 原子数：16
  - 正确映射：[ 7 15  6  5  1  0  3 11 10 14  2 13  4  9  8 12]
  - 预测映射：[ 7 15  0  5  1  6 14  3 10  4 12  8 13  9  2 11]
[test_sample_05327] [T1x_rxn3184] ❌ 错误 | 原子数：16
  - 正确映射：[ 8  9  0 14  3 15  7 11 12  2 13  5  6  1 10  4]
  - 预测映射：[ 8  9  0 14  3 15  7 11 12  2 13  5  6 10  4  1]
[test_sample_05328] [T1x_rxn3185] ❌ 错误 | 原子数：16
  - 正确映射：[14  6  2 13 15  3  1 11  5  7  9  8  4 12 10  0]
  - 预测映射：[14  6  2 13 15  3  5 11  1  8  7  9  0 12 10  4]
[test_sample_05329] [T1x_rxn3186] ❌ 错误 | 原子数：16
  - 正确映射：[12 10 15  4 11  0  1  9 14  2  3  5 13  6  7  8]
  - 预测映射：[10 12 15  4 11  0  1  9  2 14  5  3 13  6  8  7]
[test_sample_05330] [T1x_rxn3187] ❌ 错误 | 原子数：16
  - 正确映射：[11 15  5  9  4  1  0 13 14  7  3  6 10  2  8 12]
  - 预测映射：[11 15  5  9  4  1  7  0 14  3 13  6 10  2  8 12]
[test_sample_05331] [T1x_rxn3188] ✅ 严格正确 | 原子数：16
[test_sample_05332] [T1x_rxn3189] ✅ 严格正确 | 原子数：16
[test_sample_05333] [T1x_rxn3190] ❌ 错误 | 原子数：16
  - 正确映射：[ 7  9 14  5  6 11  1 13  3 10 15  4  2  0 12  8]
  - 预测映射：[ 7  9 14  5  6 11  1  3  2 13 15  4 10  8  0 12]
[test_sample_05334] [T1x_rxn3191] ❌ 错误 | 原子数：16
  - 正确映射：[ 0  6 13  7 14  3  1  4  2 15  9 12 10 11  5  8]
  - 预测映射：[ 3 14  0  7  6 13 10 11  5 15  2  1  4  9 12  8]
[test_sample_05335] [T1x_rxn3192] ❌ 错误 | 原子数：16
  - 正确映射：[ 0 11 14  3 13  9  5  8 12 15  6 10  2  7  1  4]
  - 预测映射：[ 9 11 13  3 14  0  5  1  7  4  2 10 15  6  8 12]
[test_sample_05336] [T1x_rxn3193] ❌ 错误 | 原子数：16
  - 正确映射：[ 6  8  2 14  1  3 13 10  9  7  0 15 12  5  4 11]
  - 预测映射：[ 6  8  3 14  1  2 13 10  9 11  4  5  0 15  7 12]
[test_sample_05337] [T1x_rxn3212] ❌ 错误 | 原子数：16
  - 正确映射：[ 1  9  3  5 13 15  2  0 12 14  7 10  8  4  6 11]
  - 预测映射：[ 1 15 13  9  5  3 12  6  2  4 11  8 10 14  0  7]
[test_sample_05338] [T1x_rxn3213] ✅ 严格正确 | 原子数：16
[test_sample_05339] [T1x_rxn3214] ❌ 错误 | 原子数：16
  - 正确映射：[ 9  4 14  7  1 12  2 13  8  5  6  3 10 15 11  0]
  - 预测映射：[ 9  4 14  7  1 12 13  5  8  6 10  3 15  0 11  2]
[test_sample_05340] [T1x_rxn3215] ❌ 错误 | 原子数：16
  - 正确映射：[15  2 13 11 10 14  4  7  6  0  5  8  3  1 12  9]
  - 预测映射：[15  2 14 11 10 13  6  7  4  9 12  8  3  1  5  0]
[test_sample_05341] [T1x_rxn3216] ❌ 错误 | 原子数：16
  - 正确映射：[15  7  9  0 14 11  5  8 13  4  6  3 10 12  2  1]
  - 预测映射：[15  7  9  0 11 14  5  8 13  4  6 10  2 12  1  3]
[test_sample_05342] [T1x_rxn3217] ✅ 严格正确 | 原子数：16
[test_sample_05343] [T1x_rxn3218] ❌ 错误 | 原子数：16
  - 正确映射：[ 4  8 14 10 11  6  7  1 15  5  3 12  2  0  9 13]
  - 预测映射：[ 4  8 11  6 10 14 15  1  7 12  0 13  2  9  5  3]
[test_sample_05344] [T1x_rxn3538] ❌ 错误 | 原子数：16
  - 正确映射：[ 2  3  4 13  8 14 10  0 12  7 15  9 11  5  1  6]
  - 预测映射：[ 2  3  4 13  8 14  0  5 12  7 15 10  9 11  1  6]
[test_sample_05345] [T1x_rxn3539] ✅ 严格正确 | 原子数：16
[test_sample_05346] [T1x_rxn3540] ❌ 错误 | 原子数：16
  - 正确映射：[ 6  5  1  9  4 10  7 13  3 14  0  2  8 11 15 12]
  - 预测映射：[ 6  5  1  9  4 10  3 13  7 14  0  2  8 11 15 12]
[test_sample_05347] [T1x_rxn3541] ❌ 错误 | 原子数：16
  - 正确映射：[ 3 13  2 15 12  8  6  4 14  5 11 10  9  7  0  1]
  - 预测映射：[ 3 13  2 12 15  8 14  4  6  5 10 11  9  0  7  1]
[test_sample_05348] [T1x_rxn3542] ❌ 错误 | 原子数：16
  - 正确映射：[ 0 11 12  8  4  9  1  5 10  7 15 13  3 14  2  6]
  - 预测映射：[12 11  0  8  4  9  7 15 13  5 10  1 14  3  6  2]
[test_sample_05349] [T1x_rxn3543] ❌ 错误 | 原子数：16
  - 正确映射：[ 1 10  5  9 12  3 15  8 11 14  4  7  2  0  6 13]
  - 预测映射：[ 5 10  1  9 12  3  7 14  4  8 11 15  0  2  6 13]
[test_sample_05350] [T1x_rxn3544] ❌ 错误 | 原子数：16
  - 正确映射：[ 5 12  9  6  4  3  0  8 11  2  1 13  7 15 10 14]
  - 预测映射：[ 6 12  9  4  5  3  0 11  7  2 13  1 10 15 14  8]
[test_sample_05351] [T1x_rxn3545] ❌ 错误 | 原子数：16
  - 正确映射：[ 1 12 11  7  4  2  8  3 13  6 10 14  5  0  9 15]
  - 预测映射：[ 7 12 11  4  1  2  0  3  5 14  6 10  8  9 13 15]
[test_sample_05352] [T1x_rxn3671] ❌ 错误 | 原子数：16
  - 正确映射：[10  1 12  6 14  3  2  9  0 15  8 11 13  4  5  7]
  - 预测映射：[ 6 10 12  1 14  3 11 13  2  0  9  8 15  7  4  5]
[test_sample_05353] [T1x_rxn3672] ❌ 错误 | 原子数：16
  - 正确映射：[ 6 10 15  0  1  2  8 13 14 12  4  7 11  3  9  5]
  - 预测映射：[ 6 10 15  1  0  2 13  8 14  4 12  9  5  3  7 11]
[test_sample_05354] [T1x_rxn3673] ❌ 错误 | 原子数：16
  - 正确映射：[ 0  7 14 15 10  9  2 12 13 11  8  1  3  5  6  4]
  - 预测映射：[ 0  7 14 15 10  9  2 12 13 11  8  1  3  5  4  6]
[test_sample_05355] [T1x_rxn3674] ❌ 错误 | 原子数：16
  - 正确映射：[ 6  1  8 10 14  2  4 12  9  5  0 15 11 13  7  3]
  - 预测映射：[ 6  1  8 10 14  2  4 12  9  5  0 15 11 13  3  7]
[test_sample_05356] [T1x_rxn3675] ✅ 严格正确 | 原子数：16
[test_sample_05357] [T1x_rxn3676] ❌ 错误 | 原子数：16
  - 正确映射：[ 1  9  0  4  5 10 14 11  2 15  7  3  6  8 12 13]
  - 预测映射：[ 1  9  0  4  5 10 14 11  2 15  7  8  3  6 13 12]
[test_sample_05358] [T1x_rxn3677] ❌ 错误 | 原子数：16
  - 正确映射：[ 1  8  3  0 14  7  5 15  9  6 12 13 10  4 11  2]
  - 预测映射：[ 1  8  3 14  0  7 15 10  9 12  6 11  5  2 13  4]
[test_sample_05359] [T1x_rxn3678] ✅ 严格正确 | 原子数：16
[test_sample_05360] [T1x_rxn3679] ❌ 错误 | 原子数：16
  - 正确映射：[ 8  5  1  3  6  0 13  7  2 11 10 12  9 15  4 14]
  - 预测映射：[ 8  5  1  6  3  0  7 13  2 10 11  4 14 15 12  9]
[test_sample_05361] [T1x_rxn3680] ❌ 错误 | 原子数：16
  - 正确映射：[ 1 11 14  2 10 12  0 13  8 15  9  5  4  6  7  3]
  - 预测映射：[ 1 11 14 10  2 12 13  9  8  0 15  3  7  6  4  5]
[test_sample_05362] [T1x_rxn3681] ❌ 错误 | 原子数：16
  - 正确映射：[ 8  1  6 12  7  9  5  3  4  2 11 13 10  0 15 14]
  - 预测映射：[12  7  6  8  1  9 13  0 10 15 14  3  5  4 11  2]
[test_sample_05363] [T1x_rxn3803] ✅ 严格正确 | 原子数：16
[test_sample_05364] [T1x_rxn3804] ❌ 错误 | 原子数：16
  - 正确映射：[14  1 15 13  3  7  0  8 10  5  9  4  6 12  2 11]
  - 预测映射：[14  1 15 13  3  7 10  8  0  9  5  6  2  4 11 12]
[test_sample_05365] [T1x_rxn3805] ❌ 错误 | 原子数：16
  - 正确映射：[ 4  1  8  2 13  7 15  3  0 12 10  6 14  9  5 11]
  - 预测映射：[ 7  4 13  2  8  1 11  9  0  5 10 14  6 12  3 15]
[test_sample_05366] [T1x_rxn3806] ❌ 错误 | 原子数：16
  - 正确映射：[ 5  3  2  6 10  0  4 12  7 15 14  1  8 11 13  9]
  - 预测映射：[ 5  3  2  6 10  0  4 12  7 15 14  1  8  9 11 13]
[test_sample_05367] [T1x_rxn3807] ✅ 严格正确 | 原子数：16
[test_sample_05368] [T1x_rxn3808] ❌ 错误 | 原子数：16
  - 正确映射：[ 7 12  3 10  5  9 15  0  6 14  8  1  2 11  4 13]
  - 预测映射：[ 7  9  5 10  3 12 13  6 15 11  0  4  2  8 14  1]
[test_sample_05369] [T1x_rxn3809] ❌ 错误 | 原子数：16
  - 正确映射：[ 9 14  5  1 12  0  4 10  6 13  3  7 15  8 11  2]
  - 预测映射：[ 9 14  5  1 12  0  6 10  3  4 13  7 15  8 11  2]
[test_sample_05370] [T1x_rxn3819] ❌ 错误 | 原子数：16
  - 正确映射：[ 7  6  4 11  2 14  9  8  5 13  1  3 12  0 15 10]
  - 预测映射：[ 7  6  4 11  2 14  5  9  8  1  3 12 13 15  0 10]
[test_sample_05371] [T1x_rxn3820] ✅ 严格正确 | 原子数：16
[test_sample_05372] [T1x_rxn3821] ❌ 错误 | 原子数：16
  - 正确映射：[13 14  9 15 12 10  4  2  6  8  1  0  5  7 11  3]
  - 预测映射：[14 13 12  9 15 10  1  4  8  6 11  3  2  7  5  0]
[test_sample_05373] [T1x_rxn3822] ❌ 错误 | 原子数：16
  - 正确映射：[ 5  4 11 12 15  0  8  9  1 14  2  6 13  7 10  3]
  - 预测映射：[ 5  4 11 12 15  0  8  1  9  2 14 13  6 10  7  3]
[test_sample_05374] [T1x_rxn3823] ❌ 错误 | 原子数：16
  - 正确映射：[ 2 14 13  3  1 15  6 10  7  8 11  4  0 12  9  5]
  - 预测映射：[ 2 14 13  1  3 15  6 10  7  8 11  4  0 12  5  9]
[test_sample_05375] [T1x_rxn3880] ❌ 错误 | 原子数：16
  - 正确映射：[11 13 12 10  0  4  2 14  1 15  8  6  7  3  5  9]
  - 预测映射：[ 4  0 12 10 11 13  5  7  6  9  3  1 14  8  2 15]
[test_sample_05376] [T1x_rxn3881] ❌ 错误 | 原子数：16
  - 正确映射：[ 7  5  1  6  2 13 10  9  8  4 15 14  3  0 11 12]
  - 预测映射：[ 7  1  5  6  2 13  9  8 15  4 10  3 14 12 11  0]
[test_sample_05377] [T1x_rxn3882] ❌ 错误 | 原子数：16
  - 正确映射：[ 1 14  8  9 12 11  4  3  0  6  5 15 13  2  7 10]
  - 预测映射：[11 12  8  9 14  1  2 10  7 13  5 15  6  4  0  3]
[test_sample_05378] [T1x_rxn3883] ❌ 错误 | 原子数：16
  - 正确映射：[ 2 10 15  6  7 14  4  3  5 12  0 13  9  1  8 11]
  - 预测映射：[14  7 15  6 10  2  8  1 11 13  9  0 12  5  3  4]
[test_sample_05379] [T1x_rxn3884] ❌ 错误 | 原子数：16
  - 正确映射：[14  0  7  3 15  6  2  5  8 11  9  1 13 10 12  4]
  - 预测映射：[ 7  6 15  3  0 14  4 13  1 10 12  9 11  8  2  5]
[test_sample_05380] [T1x_rxn3891] ❌ 错误 | 原子数：16
  - 正确映射：[ 6  0  3  4  1  2  9 11 14 15  8  5  7 13 10 12]
  - 预测映射：[ 3  0  4  6  1  2  5 11 15  8 13  7  9 14 10 12]
[test_sample_05381] [T1x_rxn3892] ❌ 错误 | 原子数：16
  - 正确映射：[ 6  2 12  4 15  5 11  9 10  3  1  7 14 13  0  8]
  - 预测映射：[12  2  6  4 15  5  3  7  1  9 10 13  8 14 11  0]
[test_sample_05382] [T1x_rxn3893] ❌ 错误 | 原子数：16
  - 正确映射：[ 2  6 11 15  5  3 13 12 10  7 14  8  0  9  4  1]
  - 预测映射：[11  6  2 15  5  3  7  8 14 13 10 12  9  0  4  1]
[test_sample_05383] [T1x_rxn4076] ❌ 错误 | 原子数：16
  - 正确映射：[ 9 15  8  4  5 13 12 14  2  6  7  0 10 11  1  3]
  - 预测映射：[13  4  8 15  5  9  3 11 10  1  0  6  7  2 14 12]
[test_sample_05384] [T1x_rxn4077] ❌ 错误 | 原子数：16
  - 正确映射：[ 9 10  2 15  8  1 14  3 13  7  4  6 12  5 11  0]
  - 预测映射：[ 9 10  2 15  1  8 13 14  3  7 11  5  0  6  4 12]
[test_sample_05385] [T1x_rxn4078] ❌ 错误 | 原子数：16
  - 正确映射：[ 8  5 12 14  1 13  0  7 10  3  6 15  4  2 11  9]
  - 预测映射：[ 1 14 12  5 13  8 15  6  3  4  9 11  2 10  0  7]
[test_sample_05386] [T1x_rxn4079] ❌ 错误 | 原子数：16
  - 正确映射：[ 9  3  5  6 14 11  0  1  4 12 13  7 10  2  8 15]
  - 预测映射：[ 9  3  5  6 14 11  0  4  1 12 13 10  7 15  8  2]
[test_sample_05387] [T1x_rxn4208] ❌ 错误 | 原子数：16
  - 正确映射：[13  3 11  9 14  5  0  8 12  2 15 10  1  7  4  6]
  - 预测映射：[13 11  5  9 14  3  8 12  0  4 10  6  1  7 15  2]
[test_sample_05388] [T1x_rxn4209] ✅ 严格正确 | 原子数：16
[test_sample_05389] [T1x_rxn4210] ❌ 错误 | 原子数：16
  - 正确映射：[14  1  4 12 13 10  0  9 11 15  5  3  7  2  8  6]
  - 预测映射：[14  1  4 10 13 12  0 15 11  9  5  8  3  6  2  7]
[test_sample_05390] [T1x_rxn4211] ❌ 错误 | 原子数：16
  - 正确映射：[15 14  5 10  3  2  1  4  9 13  6 12 11  7  8  0]
  - 预测映射：[15 14  5 10  3  2  4  0  9  1 13 12  7  6 11  8]
[test_sample_05391] [T1x_rxn4212] ❌ 错误 | 原子数：16
  - 正确映射：[ 9  7  0  6 12  3 15 11  8  5 13 14 10  4  2  1]
  - 预测映射：[ 9  7  0  6 12  3  1 11 15  5  8 14 10  4  2 13]
[test_sample_05392] [T1x_rxn4213] ❌ 错误 | 原子数：16
  - 正确映射：[12  2 13  6  4  5  0 14  3  7 15  1 10  8 11  9]
  - 预测映射：[12  2 13  6  4  5 14 15  3  0  7  1 10  8 11  9]
[test_sample_05393] [T1x_rxn4450] ❌ 错误 | 原子数：16
  - 正确映射：[ 9  5  8 15  1  0  4 11 14  2 13 10  7 12  6  3]
  - 预测映射：[ 5  9  8 15  1  0  4 11  2 14 10 13  7  3 12  6]
[test_sample_05394] [T1x_rxn4451] ❌ 错误 | 原子数：16
  - 正确映射：[ 7 15 10  9 13  4  6  8 12  5  3  2 14 11  0  1]
  - 预测映射：[ 7 15 10  9 13  4  8  2 12  5  3 14  1 11  0  6]
[test_sample_05395] [T1x_rxn4452] ✅ 严格正确 | 原子数：16
[test_sample_05396] [T1x_rxn4453] ❌ 错误 | 原子数：16
  - 正确映射：[12 11 14  0  8  7  2  4 15  5 13  1  6  9  3 10]
  - 预测映射：[12 11 14  0  8  7  2  4 15  5  6 13 10  9  3  1]
[test_sample_05397] [T1x_rxn4454] ❌ 错误 | 原子数：16
  - 正确映射：[ 5  9 15 14  2  0  4  3 10 11  6  8 13  7 12  1]
  - 预测映射：[ 2  9 14 15  5  0  1 11 12  4  6  7 13  8 10  3]
[test_sample_05398] [T1x_rxn4455] ❌ 错误 | 原子数：16
  - 正确映射：[ 8  0 14  2  9 13 12  3  7  6 15  5  1 11 10  4]
  - 预测映射：[ 2 14  0  8  9 13 10  1 11  5  3 15 12  7  6  4]
[test_sample_05399] [T1x_rxn4456] ❌ 错误 | 原子数：16
  - 正确映射：[10  3  2  7  0  1  9 11 13  6 12 14  8 15  4  5]
  - 预测映射：[10  3  2  7  0  1  9 13  4  6 11 14 15 12  8  5]
[test_sample_05400] [T1x_rxn4457] ❌ 错误 | 原子数：16
  - 正确映射：[15  8 12  5 14 13  6  9 10  4  1  0  7 11  2  3]
  - 预测映射：[15  8 12  5 14 13 10  9  6  2  0  4  1  7  3 11]
[test_sample_05401] [T1x_rxn4458] ❌ 错误 | 原子数：16
  - 正确映射：[ 7  5  6  8  2 11 13 10  9  4 12  1  3  0 14 15]
  - 预测映射：[ 7  5  6  8  2 11 13 10  9  4 12  1  3 15 14  0]
[test_sample_05402] [T1x_rxn4459] ❌ 错误 | 原子数：16
  - 正确映射：[ 7 14  8  3  2 12 11  6  4  1 15 10 13  5  0  9]
  - 预测映射：[ 7 14  8  3  2 12 11  6  0  1 10  4 13 15  9  5]
[test_sample_05403] [T1x_rxn4683] ❌ 错误 | 原子数：16
  - 正确映射：[10  3  2  9 11  1  6  7 13  8  4 15 14 12  5  0]
  - 预测映射：[10  3  2  9 11  1  6  7 15  5  4 13 12 14  8  0]
[test_sample_05404] [T1x_rxn4684] ❌ 错误 | 原子数：16
  - 正确映射：[11 12  1 13  2  0 10  4  7 15  5  3 14  9  6  8]
  - 预测映射：[11 12  1 13  2  0  4  7 10 15  5  3 14  9  6  8]
[test_sample_05405] [T1x_rxn4685] ❌ 错误 | 原子数：16
  - 正确映射：[ 0  3  7  4  9 14 12 15  5  2  1 11  6  8 10 13]
  - 预测映射：[ 0  4  7 14  9  3  5 11 15  2 10  1  6  8 13 12]
[test_sample_05406] [T1x_rxn4686] ❌ 错误 | 原子数：16
  - 正确映射：[ 1  7  8 13 12  3  0  2 14  4 15 11 10  9  5  6]
  - 预测映射：[ 1  3 13 12  8  7  4 10  0 11  6  9 15  5 14  2]
[test_sample_05407] [T1x_rxn4687] ✅ 严格正确 | 原子数：16
[test_sample_05408] [T1x_rxn4688] ✅ 严格正确 | 原子数：16
[test_sample_05409] [T1x_rxn4689] ✅ 严格正确 | 原子数：16
[test_sample_05410] [T1x_rxn4724] ❌ 错误 | 原子数：16
  - 正确映射：[ 4  8 13 15  0 12  2  6  3 14  9 11  7 10  5  1]
  - 预测映射：[ 4  8 13 12  0 15  3  6  2 14  5  1  7 10  9 11]
[test_sample_05411] [T1x_rxn4725] ❌ 错误 | 原子数：16
  - 正确映射：[15 14  3 12  1  9  6  2  7 13  8 10  5  4  0 11]
  - 预测映射：[15 14  3 12  1  9  2  6  7  0 10  8  4  5 13 11]
[test_sample_05412] [T1x_rxn4726] ✅ 严格正确 | 原子数：16
[test_sample_05413] [T1x_rxn4727] ❌ 错误 | 原子数：16
  - 正确映射：[ 9  4  2  0 11  5  8 15  7 13 14  1  6 12 10  3]
  - 预测映射：[ 9  4  2  0 11  5 13  8  7 15 14  1  6 12 10  3]
[test_sample_05414] [T1x_rxn4728] ❌ 错误 | 原子数：16
  - 正确映射：[ 1  4 12  2  6 11 10  5  7 14 13 15  9  3  0  8]
  - 预测映射：[ 1  4 12  2  6 11  5 10  7  0 15 13  3  9 14  8]
[test_sample_05415] [T1x_rxn8939] ❌ 错误 | 原子数：16
  - 正确映射：[ 5 15  9 11 14  2 10  8  1  3  6  7  0 12  4 13]
  - 预测映射：[ 5 15  9 11 14  2 10  3  1  6  0  7  4 12  8 13]
[test_sample_05416] [T1x_rxn8940] ❌ 错误 | 原子数：16
  - 正确映射：[13  0  8 15 10  9  5  1  2  7 12  3 11 14  6  4]
  - 预测映射：[13  0 15  8  9 10  5 11  3 12  2  1  4  7  6 14]
[test_sample_05417] [T1x_rxn8977] ❌ 错误 | 原子数：16
  - 正确映射：[10 12  9  7 11  2 14  1  6 13  8  0  4 15  3  5]
  - 预测映射：[10 12  9  7 11  2  4 13 14  1  6  8  0  3 15  5]
[test_sample_05418] [T1x_rxn8978] ❌ 错误 | 原子数：16
  - 正确映射：[ 9 14  3 12 11 13  2 15 10  6  4  8  7  1  0  5]
  - 预测映射：[ 9  3 14 11 12 13 10 15  2  4  6  8  0  7  5  1]
[test_sample_05419] [T1x_rxn8979] ❌ 错误 | 原子数：16
  - 正确映射：[12  8  5 11 13 15  4  2  3 14  6  1  0 10  9  7]
  - 预测映射：[12  8  5 11 13 15  4  2  3 14  6  1  0  9  7 10]
[test_sample_05420] [T1x_rxn8994] ❌ 错误 | 原子数：16
  - 正确映射：[12  0 14  4  9  2  8 13  5  6  3  7  1 15 10 11]
  - 预测映射：[12  0 14  4  9  2  8 13  5  6  1  3  7 15 10 11]
[test_sample_05421] [T1x_rxn8995] ❌ 错误 | 原子数：16
  - 正确映射：[11  1 15 10  7  9  6  4  2 14 12  8 13  3  5  0]
  - 预测映射：[ 9  1 15 10  7 11  0  5 12  8  3 14 13  2  6  4]
[test_sample_05422] [T1x_rxn9099] ❌ 错误 | 原子数：16
  - 正确映射：[13  7 15  2 11  4  9 10  6 14  3  5  0  8  1 12]
  - 预测映射：[13  7 15  2  4 11  9 10  6 14  3  5  8 12  0  1]
[test_sample_05423] [T1x_rxn9100] ❌ 错误 | 原子数：16
  - 正确映射：[12  0  6 13  1  2  9 14 15  4 10  5  7 11  8  3]
  - 预测映射：[12  0  6 13  2  1 14  5  9 15 10  7  8  4 11  3]
[test_sample_05424] [T1x_rxn9101] ❌ 错误 | 原子数：16
  - 正确映射：[ 3  7  2  5 14  6  8  1 13  9  0 10 15  4 12 11]
  - 预测映射：[ 3  7  5  2 14  6 13  1  8  9  0 15 10 12  4 11]
[test_sample_05425] [T1x_rxn9102] ❌ 错误 | 原子数：16
  - 正确映射：[10  9  6  8 14  0  3  7  1 13 11 12  2 15  5  4]
  - 预测映射：[ 0 14  6  8 10  9  5  2  1 15 11 12  7 13  3  4]
[test_sample_05426] [T1x_rxn9106] ❌ 错误 | 原子数：16
  - 正确映射：[ 7 14  9  1  0 12  5 15 11  4  2 10  6 13  8  3]
  - 预测映射：[ 7 14  9  1  0 12  4  5 11  2 15 10  6  8  3 13]
[test_sample_05427] [T1x_rxn9107] ❌ 错误 | 原子数：16
  - 正确映射：[ 2  6 12  1  8 15  7 10  4  0 13  9 11  3 14  5]
  - 预测映射：[ 6  2 12  1  8 15  0 13  4  7 10  9  3 11  5 14]
[test_sample_05428] [T1x_rxn9108] ❌ 错误 | 原子数：16
  - 正确映射：[ 0  5 14  7  3  2 12 10  1 13  8  6 15  9 11  4]
  - 预测映射：[ 0  5 14  3  7  2 10 12  1  8 13  9  6  4 15 11]
[test_sample_05429] [T1x_rxn9125] ❌ 错误 | 原子数：16
  - 正确映射：[ 8  7 14 12  9 15  2  6  1 13  0 11  4 10  3  5]
  - 预测映射：[14  7  8  9 12 15 11 13  0  4  1  6  2  5 10  3]
[test_sample_05430] [T1x_rxn9163] ❌ 错误 | 原子数：16
  - 正确映射：[14 11  6 13  4  2  9 10  1 12  7  8  0  5 15  3]
  - 预测映射：[13 11  6 14  4  2 12  5  9  8  7  0 10  1 15  3]
[test_sample_05431] [T1x_rxn9164] ❌ 错误 | 原子数：16
  - 正确映射：[ 8  4  3 13 15  0 12  5 11 10  2  6  7  1 14  9]
  - 预测映射：[ 3  4  8 13 15  0  6  2  7 10  5 12 11  1 14  9]
[test_sample_05432] [T1x_rxn9183] ❌ 错误 | 原子数：16
  - 正确映射：[ 1  2 11 13  4 10 14 12  0  6  3  7  8  9  5 15]
  - 预测映射：[ 1 13 11  2  4 10  0 12 14  7  3  6  8  9 15  5]
[test_sample_05433] [T1x_rxn9202] ❌ 错误 | 原子数：16
  - 正确映射：[15  9  1  5  6  7 14 11  4 13 12 10  8  3  0  2]
  - 预测映射：[ 5  6  1 15  9  7  2  3  8 13 12 10  4 11 14  0]
[test_sample_05434] [T1x_rxn9224] ❌ 错误 | 原子数：16
  - 正确映射：[15  4  5  6 12  7  8  3 14  2  9 13  0  1 10 11]
  - 预测映射：[15  4  5  6 12  7  8  3 14 13  9  0  2 10 11  1]
[test_sample_05435] [T1x_rxn9225] ❌ 错误 | 原子数：16
  - 正确映射：[ 8  1 13 12  2  5 15  6 10  0  7 14 11  4  3  9]
  - 预测映射：[ 8  1 13 12  2  5 15  6 10  0  7  3 11  4  9 14]
[test_sample_05436] [T1x_rxn9226] ❌ 错误 | 原子数：16
  - 正确映射：[ 9  4  0  6  8  2 11 12 14  3  1  7 10  5 15 13]
  - 预测映射：[ 9  4  2  6  8  0 12 11  3 14 13 15  5 10  7  1]
[test_sample_05437] [T1x_rxn9227] ❌ 错误 | 原子数：16
  - 正确映射：[ 4  6  5  3  9  0 12  7 11  8 14 13 10  2  1 15]
  - 预测映射：[ 4  6  5  3  9  0 12  7 11  8  2 14 15 10  1 13]
[test_sample_05438] [T1x_rxn9228] ❌ 错误 | 原子数：16
  - 正确映射：[11 14  0  1 12  6  8 13  5  3 10  7  4  2  9 15]
  - 预测映射：[14  0 11  6 12  1  8 10  3  7  5 13  9 15  4  2]
[test_sample_05439] [T1x_rxn9229] ❌ 错误 | 原子数：16
  - 正确映射：[ 9 10 15 14  1 12  5  8 13  4  0  7 11  6  2  3]
  - 预测映射：[10  9 12 14  1 15  4  5  8  0  2  3  6 11  7 13]
[test_sample_05440] [T1x_rxn9255] ❌ 错误 | 原子数：16
  - 正确映射：[14  9  8 15  0  6  5  3 13 12 10  2  1  4  7 11]
  - 预测映射：[14  9  8 15  0  6  5  3 13 12 10  2  1  4 11  7]
[test_sample_05441] [T1x_rxn9290] ❌ 错误 | 原子数：16
  - 正确映射：[12  4  1 13  3  7  5 15  2  9  8 14  6  0 11 10]
  - 预测映射：[12  4  1 13  3  7  5  2 15  8  9 14  6 11  0 10]
[test_sample_05442] [T1x_rxn9291] ❌ 错误 | 原子数：16
  - 正确映射：[ 5  2 10  9 15  8  3  6  4  1  0 14  7 13 11 12]
  - 预测映射：[ 2  5 10  9 15  8  0  6  3  4  1 14  7 13 11 12]
[test_sample_05443] [T1x_rxn9294] ❌ 错误 | 原子数：16
  - 正确映射：[ 4  3 13 10  6 11  1  9  2  0 15  7  5 14 12  8]
  - 预测映射：[ 4  3 13 10  6 11  1  9  0  2 15  7 14  5 12  8]
[test_sample_05444] [T1x_rxn9295] ❌ 错误 | 原子数：16
  - 正确映射：[14 13  9  0  1  3  6 15 11  8  5  2 12  4 10  7]
  - 预测映射：[ 1  0  9 13 14  3 12  4 10  7  5  2  6 15 11  8]
[test_sample_05445] [T1x_rxn9316] ❌ 错误 | 原子数：16
  - 正确映射：[ 0  4 13 12 14 10  9 15  8  3  7 11  1  2  6  5]
  - 预测映射：[ 0  4 13 12 14 10  8  9 15  3  7 11  1  2  6  5]
[test_sample_05446] [T1x_rxn9317] ❌ 错误 | 原子数：16
  - 正确映射：[14  6 15  7  0 11  1 12  2 13  3  9  4  8 10  5]
  - 预测映射：[11  6  0  7 15 14  1  5  8 13  4 10  9  3 12  2]
[test_sample_05447] [T1x_rxn9356] ❌ 错误 | 原子数：16
  - 正确映射：[ 5 10  6  9  7 11 14  4  0 13  3  8 15  1  2 12]
  - 预测映射：[ 9 10  6  7  5 11  1 15  8  0  3 13 14  2  4 12]
[test_sample_05448] [T1x_rxn9374] ❌ 错误 | 原子数：16
  - 正确映射：[ 7 13 12  0  2  9 10  1 15  8  5 14  3  6  4 11]
  - 预测映射：[ 0 12 13  7  2  9 10  3 14  8  5 15  1  4  6 11]
[test_sample_05449] [T1x_rxn9387] ❌ 错误 | 原子数：16
  - 正确映射：[10 13  3  9 15  4  5 12 14  6  7  8  0  2 11  1]
  - 预测映射：[10 13 15  9  3  4 12  5 14  6  0  7  8  1 11  2]
[test_sample_05450] [T1x_rxn9394] ❌ 错误 | 原子数：16
  - 正确映射：[10  9  2 15 12  0  3 14  6 13  8  4  7  1  5 11]
  - 预测映射：[10  9  2 15 12  0  3 13  6 14  8  1  7  4  5 11]
[test_sample_05451] [T1x_rxn9395] ❌ 错误 | 原子数：16
  - 正确映射：[ 0  2 15  7  6  4  1 13 11  5 12 14  9  8  3 10]
  - 预测映射：[15  2  0  6  7  4  5 14 12  1 11 13 10  8  3  9]
[test_sample_05452] [T1x_rxn9396] ❌ 错误 | 原子数：16
  - 正确映射：[ 8 11 10  3 14 13  0  9  1  5  6  2 15  4  7 12]
  - 预测映射：[ 8 11  3 14 10 13  1  9  0 15  7  4  2 12  5  6]
[test_sample_05453] [T1x_rxn9441] ❌ 错误 | 原子数：16
  - 正确映射：[ 6 10  1  5 12  4  8  2 13 11  3  9 15  0 14  7]
  - 预测映射：[ 6 10  1  5 12  4 11  8 13  3  2  9 15  0 14  7]
[test_sample_05454] [T1x_rxn9442] ❌ 错误 | 原子数：16
  - 正确映射：[10 13 12  6  8  2  9  3  4 15  0  5  1 11 14  7]
  - 预测映射：[10 13  6 12  8  2  9  3  4 11 15 14  5  0  7  1]
[test_sample_05455] [T1x_rxn9464] ❌ 错误 | 原子数：16
  - 正确映射：[14 15  3 11 10  1  0  8  7  5  9 13  6  4  2 12]
  - 预测映射：[14 15  3  1 10 11  0  5  8  7 12  2  4  6 13  9]
[test_sample_05456] [T1x_rxn9465] ✅ 严格正确 | 原子数：16
[test_sample_05457] [T1x_rxn9468] ❌ 错误 | 原子数：16
  - 正确映射：[ 7  2 15 12  5 10  9  0  3  1 11 13 14  6  8  4]
  - 预测映射：[10  2 15  5 12  7  4  1  8  0  6 14 13 11  3  9]
[test_sample_05458] [T1x_rxn10010] ❌ 错误 | 原子数：17
  - 正确映射：[ 1  4  5  7  6 15 16  0 13  3  9  2 11 12 10 14  8]
  - 预测映射：[15  6 16  7  1  4  5 12 14 10  8  2 11  3  0 13  9]
[test_sample_05459] [T1x_rxn10023] ✅ 严格正确 | 原子数：17
[test_sample_05460] [T1x_rxn10030] ❌ 错误 | 原子数：17
  - 正确映射：[ 7  8 10 15 13 11  9  4 14  3 12  1  2 16  0  6  5]
  - 预测映射：[11  9 10 13 15  7  8  6  5  3 14  0 12  2 16  1  4]
[test_sample_05461] [T1x_rxn10031] ✅ 严格正确 | 原子数：17
[test_sample_05462] [T1x_rxn10032] ❌ 错误 | 原子数：17
  - 正确映射：[ 8 13  7 15  2  5 14 10  6  0 16  1  3 11  4  9 12]
  - 预测映射：[ 8 13 15  7 14  5  2 10  6  3  1  0  9 12 16 11  4]
[test_sample_05463] [T1x_rxn10033] ❌ 错误 | 原子数：17
  - 正确映射：[10  9 14  8  0 11  1 13 16 12  3  5  7 15  2  4  6]
  - 预测映射：[11  0  8 14  1 10  9  2  5 15  4  6  3 12 16  7 13]
[test_sample_05464] [T1x_rxn10034] ❌ 错误 | 原子数：17
  - 正确映射：[16 12  5  1  2  4 10  6 15 11  8 14  9  0  7  3 13]
  - 预测映射：[ 4  2  1 10 12 16  5  7  0 14 13  3  6 15 11  9  8]
[test_sample_05465] [T1x_rxn10035] ❌ 错误 | 原子数：17
  - 正确映射：[ 7 12  3 14  6  1 13  4 15  5 10 11  2  0  8 16  9]
  - 预测映射：[ 7 12  3 14  6  1 13 10  5 15 11  4  9  8  0 16  2]
[test_sample_05466] [T1x_rxn4914] ✅ 严格正确 | 原子数：17
[test_sample_05467] [T1x_rxn4915] ❌ 错误 | 原子数：17
  - 正确映射：[ 5 14  4  3 12 10 13  8  6 16 11  1  2  9  0 15  7]
  - 预测映射：[12 13  3 10  4  5 14  9 15  0  2 11  8 16  1  6  7]
[test_sample_05468] [T1x_rxn4916] ✅ 严格正确 | 原子数：17
[test_sample_05469] [T1x_rxn4917] ❌ 错误 | 原子数：17
  - 正确映射：[14 10  0 11  6 13 12  7  3 15  2 16  9  1  5  4  8]
  - 预测映射：[14 10  0 11  6 13 12  7 15  3  2  8  9  5  1  4 16]
[test_sample_05470] [T1x_rxn4918] ❌ 错误 | 原子数：17
  - 正确映射：[13  5 10  7 11 12 14  8  9 15  2  0  4 16  3  6  1]
  - 预测映射：[13  5 10  7 11 12 14 15  8  9  0  4  2  6 16  3  1]
[test_sample_05471] [T1x_rxn4919] ❌ 错误 | 原子数：17
  - 正确映射：[ 4 12 10  3  8  2  9  7 13 16 15  0 14  1 11  6  5]
  - 预测映射：[ 4 12 10  3  8  2  9 16 13  7 14 15  6  1 11  0  5]
[test_sample_05472] [T1x_rxn5066] ✅ 严格正确 | 原子数：17
[test_sample_05473] [T1x_rxn5067] ❌ 错误 | 原子数：17
  - 正确映射：[ 5 11  2  4  1  7 12 16 10 14 13  6  0  8  3 15  9]
  - 预测映射：[ 5 11  4  2  1  7 12 14 10 16  0  8 13  6  9 15  3]
[test_sample_05474] [T1x_rxn5068] ✅ 严格正确 | 原子数：17
[test_sample_05475] [T1x_rxn5069] ✅ 严格正确 | 原子数：17
[test_sample_05476] [T1x_rxn5070] ✅ 严格正确 | 原子数：17
[test_sample_05477] [T1x_rxn5071] ❌ 错误 | 原子数：17
  - 正确映射：[ 2  5 15  8 10  0  1 16  6  7 11 13 14  9 12  3  4]
  - 预测映射：[ 2  5 15  8 10  0  1  6  7  4 16 11 14 13 12  3  9]
[test_sample_05478] [T1x_rxn5072] ❌ 错误 | 原子数：17
  - 正确映射：[ 6 11  3  9 12  7 16 14 10  1  0  8  4 15  5  2 13]
  - 预测映射：[ 6 11 16  9 12  7  3  1 14  5 13 10  4  8  2 15  0]
[test_sample_05479] [T1x_rxn5073] ❌ 错误 | 原子数：17
  - 正确映射：[16  3  9  0 14  8 11  1 10  2 15  5  4  7 13 12  6]
  - 预测映射：[16  3  9  8 14  0 11 10  1  2  4 15  7  5  6 12 13]
[test_sample_05480] [T1x_rxn5074] ❌ 错误 | 原子数：17
  - 正确映射：[ 4 10 11 16  3  2  5 12  9 15 13 14  0  7  6  1  8]
  - 预测映射：[ 4 10 11 16  3  2  5 15 12  9 13 14  0  7  6  1  8]
[test_sample_05481] [T1x_rxn5075] ❌ 错误 | 原子数：17
  - 正确映射：[15  1  9 16 12  3  5  8 14 10 11  6  4  0  2  7 13]
  - 预测映射：[ 5  1  3 16 12  9 15  7  2 13  0  4  6 11 14  8 10]
[test_sample_05482] [T1x_rxn5076] ❌ 错误 | 原子数：17
  - 正确映射：[ 2 13  8 14  3  0 15 12 11  1 16  6  7 10  4  9  5]
  - 预测映射：[ 2  3 14  8 13  0 15  6 11 12  1  7 16  5  9  4 10]
[test_sample_05483] [T1x_rxn5077] ❌ 错误 | 原子数：17
  - 正确映射：[ 8 16 13  2  9  4  5 11 12 15 10 14  0  1  6  7  3]
  - 预测映射：[ 8 16 13  2  9  4  5 12 15 14 11 10  0  7  3  1  6]
[test_sample_05484] [T1x_rxn5078] ❌ 错误 | 原子数：17
  - 正确映射：[ 6  2 13 12 10  7 11 15  0  3 16  8 14  4  5  1  9]
  - 预测映射：[ 6  2 13 12 10 11  7  0 15  3  9 14  8  1  5  4 16]
[test_sample_05485] [T1x_rxn5079] ❌ 错误 | 原子数：17
  - 正确映射：[15 11 16  9 13  4 14  1  6  2 10  5  7  3  8 12  0]
  - 预测映射：[15 11 16 14 13  4  9  2  6  1 10  0  8  3  7 12  5]
[test_sample_05486] [T1x_rxn5080] ❌ 错误 | 原子数：17
  - 正确映射：[11  4 15 12  0  7 10  1  3 16  9 14  8  5  6  2 13]
  - 预测映射：[11  4 15 12  0  7 10 16  1  3  8  9 14  5  6  2 13]
[test_sample_05487] [T1x_rxn5355] ✅ 严格正确 | 原子数：17
[test_sample_05488] [T1x_rxn5356] ❌ 错误 | 原子数：17
  - 正确映射：[ 5 15 16  3  6  1  7  2  0 11 13  9 10 12  4 14  8]
  - 预测映射：[ 1  6  7  3 15  5 16 12  8 14 10  4  9  0 13  2 11]
[test_sample_05489] [T1x_rxn5357] ❌ 错误 | 原子数：17
  - 正确映射：[ 4 11  9 15  6 10  2  1  3  5 16  0  8 13 14 12  7]
  - 预测映射：[10  6  2 15 11  4  9  7  0 12 13 14  8  5  3 16  1]
[test_sample_05490] [T1x_rxn5358] ❌ 错误 | 原子数：17
  - 正确映射：[15 11  3  5 14  8  7 12  1  2 13 10  9  0  6  4 16]
  - 预测映射：[15 11  3  5  8 14  7 12  1  2 13 10  9 16  4  0  6]
[test_sample_05491] [T1x_rxn5359] ✅ 严格正确 | 原子数：17
[test_sample_05492] [T1x_rxn5360] ❌ 错误 | 原子数：17
  - 正确映射：[16  7  3  6 15  4 14 10 11 12 13  5  1  8  0  9  2]
  - 预测映射：[ 7  6  3 16 15  4 14 13 11 10  1  0 12  9  8  5  2]
[test_sample_05493] [T1x_rxn5361] ❌ 错误 | 原子数：17
  - 正确映射：[ 7 15  3  6 12 16  0  1 14  2 10  8  9  4  5 13 11]
  - 预测映射：[ 7 15  3  6 12 16  0  1  2  8 14 10  9  4  5 13 11]
[test_sample_05494] [T1x_rxn5362] ❌ 错误 | 原子数：17
  - 正确映射：[ 4  7 11 15  2 10  9 13  3 16  1 12  5  6  0  8 14]
  - 预测映射：[10 15  9  2  4  7 11  5 14  8  6 12  0  3 16 13  1]
[test_sample_05495] [T1x_rxn5363] ❌ 错误 | 原子数：17
  - 正确映射：[11 10  9 13 15  8  4 14 16  3 12  6  5  7  2  1  0]
  - 预测映射：[ 8 13  4 15 10 11  9  0  1  6  7  5  2 14 12 16  3]
[test_sample_05496] [T1x_rxn5364] ❌ 错误 | 原子数：17
  - 正确映射：[13 16 12  5  3  2  6  7  1  4  8 15  9  0 14 11 10]
  - 预测映射：[13 16 12  2  3  5  6  7  4  1 11  8 10  0 14 15  9]
[test_sample_05497] [T1x_rxn5365] ❌ 错误 | 原子数：17
  - 正确映射：[11  1  9 10 13 14  8 12 15  3  5  7 16  0  4  6  2]
  - 预测映射：[13 14  8 10 11  1  9  6  0  4  2  7 16 15  3 12  5]
[test_sample_05498] [T1x_rxn5366] ✅ 严格正确 | 原子数：17
[test_sample_05499] [T1x_rxn5367] ❌ 错误 | 原子数：17
  - 正确映射：[ 0  6 11 10  3  8  9  4 15  2 16 13  7  1 12  5 14]
  - 预测映射：[ 8  3 11 10  0  6  9 14  1  5  7 13 12  2  4 16 15]
[test_sample_05500] [T1x_rxn5368] ❌ 错误 | 原子数：17
  - 正确映射：[ 8 12 16 10  9  0 14  3 15 13  7 11  1  2  4  5  6]
  - 预测映射：[ 8 12 16 10  0  9 14  3 13 15 11  7  1  6  5  4  2]
[test_sample_05501] [T1x_rxn5389] ❌ 错误 | 原子数：17
  - 正确映射：[ 5 12 10 15  8  3 16  6  2  0 11  9  4 13 14  7  1]
  - 预测映射：[ 5 12 10 15  8  3 16  2  9  0 11 14  4  6 13  7  1]
[test_sample_05502] [T1x_rxn5390] ✅ 严格正确 | 原子数：17
[test_sample_05503] [T1x_rxn5391] ❌ 错误 | 原子数：17
  - 正确映射：[ 6  8  3  2  9 12 10  5  7 15 11 16 14  4 13  0  1]
  - 预测映射：[ 6  8  3  2  9 12 10 11  5 15 16  7 14  4 13  0  1]
[test_sample_05504] [T1x_rxn5392] ❌ 错误 | 原子数：17
  - 正确映射：[ 5 10 11  1 13  3 16 12  4  6 14 15  8  7  2  0  9]
  - 预测映射：[ 5 10 11  1 13  3 16 12  4  6 14 15  8  0  7  2  9]
[test_sample_05505] [T1x_rxn5393] ❌ 错误 | 原子数：17
  - 正确映射：[10 14  8  3 15  4 16  5  1 12 13  2  7 11  0  9  6]
  - 预测映射：[10 14  8  3 15  4 16 11  5 13  2 12  1  9  0  7  6]
[test_sample_05506] [T1x_rxn5394] ❌ 错误 | 原子数：17
  - 正确映射：[ 0 12  3 13 14  9  8  5 15  2 11 10  7  1 16  4  6]
  - 预测映射：[ 0 12  3 13 14  9  8  2  5 15 11 10  7  1 16  4  6]
[test_sample_05507] [T1x_rxn5395] ❌ 错误 | 原子数：17
  - 正确映射：[ 7  1 16  3 13  8  5 10 15  2 14  4 11  9  6  0 12]
  - 预测映射：[ 7  1 16  3 13  8  5 15 11  2 14  4  9 10  6  0 12]
[test_sample_05508] [T1x_rxn5396] ❌ 错误 | 原子数：17
  - 正确映射：[ 2  5  3  1 10  6 16 14  8 13  9  0 11 12 15  7  4]
  - 预测映射：[ 5  2  3  1 10  6 16 12  9  0  4 13 14 11 15  7  8]
[test_sample_05509] [T1x_rxn5397] ✅ 严格正确 | 原子数：17
[test_sample_05510] [T1x_rxn5398] ❌ 错误 | 原子数：17
  - 正确映射：[ 2  1  7 15 16  5  9  0  4 13 12  3  6  8 14 10 11]
  - 预测映射：[ 2  1  7 15 16  5  9  0 13  4  8  3 12 14  6 10 11]
[test_sample_05511] [T1x_rxn5399] ❌ 错误 | 原子数：17
  - 正确映射：[16  8 10  9  6 15  7  2  4  3  1 12  5  0 13 14 11]
  - 预测映射：[16  8 10  9  6 15  7  3  4 12  1  5  0  2 14 13 11]
[test_sample_05512] [T1x_rxn5400] ❌ 错误 | 原子数：17
  - 正确映射：[14  1 12  6  9  4 11 10  3 16 13  2  5  7  0 15  8]
  - 预测映射：[14  1 12  6  9  4 11 10  3 13 16  7  2  5 15  0  8]
[test_sample_05513] [T1x_rxn5401] ✅ 严格正确 | 原子数：17
[test_sample_05514] [T1x_rxn5402] ✅ 严格正确 | 原子数：17
[test_sample_05515] [T1x_rxn5403] ❌ 错误 | 原子数：17
  - 正确映射：[ 8 14  9 11 15  7  5  2  0  6 13  1  3 12  4 10 16]
  - 预测映射：[ 7  8 15 11 14  9  5 10 16  4  6  1 12  2  3  0 13]
[test_sample_05516] [T1x_rxn5404] ❌ 错误 | 原子数：17
  - 正确映射：[ 8 14  0  5 11 10  6  1 16  7  3  2  4 12 15  9 13]
  - 预测映射：[ 0 14  8  6 11 10  5  4 16  2  3  7  1 12 13 15  9]
[test_sample_05517] [T1x_rxn5405] ❌ 错误 | 原子数：17
  - 正确映射：[ 5 16 10 11  7  9  6  1  8  0 15 12  4  2  3 13 14]
  - 预测映射：[ 9 10  7  6 16  5 11 12 14  3  4 13  2 15  0  8  1]
[test_sample_05518] [T1x_rxn5406] ❌ 错误 | 原子数：17
  - 正确映射：[ 4  9 11 12  8 13  3 15  0  2 10  5  1  7  6 14 16]
  - 预测映射：[ 4 11  9  3  8 13 12  2 15  1  0  5 10  7  6 16 14]
[test_sample_05519] [T1x_rxn5407] ❌ 错误 | 原子数：17
  - 正确映射：[16 11  0 13  3 15 14  2  9  8  5 12  6 10  4  1  7]
  - 预测映射：[16 11  0 13  3 15 14  8  5  2  6  9 12 10  4  1  7]
[test_sample_05520] [T1x_rxn5408] ❌ 错误 | 原子数：17
  - 正确映射：[ 1  6 10  5 11 14  8  4 12  0  7 15  2  9 16  3 13]
  - 预测映射：[ 1  6 10  5 11 14  8  4  7 12  0  2  9  3 15 16 13]
[test_sample_05521] [T1x_rxn5409] ❌ 错误 | 原子数：17
  - 正确映射：[ 6 13  8  2  3  7 10  0 11  9 16 15 12 14  1  4  5]
  - 预测映射：[ 6 13  8  2  3  7 10  0 11  9 16 15 12 14  5  1  4]
[test_sample_05522] [T1x_rxn5410] ❌ 错误 | 原子数：17
  - 正确映射：[14  7 16 13  0  5  6 12  2  3  8  9 15  1 11  4 10]
  - 预测映射：[14  7 16 13  0  5  6  2 15 12  3  8  9  1  4 11 10]
[test_sample_05523] [T1x_rxn5411] ❌ 错误 | 原子数：17
  - 正确映射：[13  4  7  1 12 10  3 16 14  2  0  9 11  6  5 15  8]
  - 预测映射：[13  4 10  1 12  7  3 14  2  9 16  5 15  6 11  0  8]
[test_sample_05524] [T1x_rxn5412] ❌ 错误 | 原子数：17
  - 正确映射：[ 5  8  0  9  7  4  2 13  1 16  3 11 15 14 10 12  6]
  - 预测映射：[ 4  7  0  9  8  5  2 12  6 14 10 15 11  1  3 16 13]
[test_sample_05525] [T1x_rxn5413] ❌ 错误 | 原子数：17
  - 正确映射：[ 0 11 10 16  4  3 13  5  1  2  6  7  8 15 14 12  9]
  - 预测映射：[ 0 11 10 16  4  3 13  5  1  2  6  7  8 15  9 14 12]
[test_sample_05526] [T1x_rxn5414] ✅ 严格正确 | 原子数：17
[test_sample_05527] [T1x_rxn5415] ❌ 错误 | 原子数：17
  - 正确映射：[13 14 11  4  5 15  7  2 16  9  1  8 12  3  0 10  6]
  - 预测映射：[11 14 13  7  5 15  4  8 12  9  1  2 16  3  0  6 10]
[test_sample_05528] [T1x_rxn5416] ❌ 错误 | 原子数：17
  - 正确映射：[ 4 13 15  6  5  8 10  9  0 16  1 11 14  2 12  7  3]
  - 预测映射：[ 4 13 15  6  5  8 10  1  0  9 11 16 14  2 12  7  3]
[test_sample_05529] [T1x_rxn5628] ❌ 错误 | 原子数：17
  - 正确映射：[ 5  8 13 10  6  2  3  7  0  4 14 15 12 16  9  1 11]
  - 预测映射：[10  6  3  2  5  8 13 16  9 15 12  1  0  4  7 14 11]
[test_sample_05530] [T1x_rxn5629] ❌ 错误 | 原子数：17
  - 正确映射：[10  1  0 15 14  6  2 11 12  4 16  7  5  9  3 13  8]
  - 预测映射：[14  6  0 15 10  1  2  9  8 13  5  7  3 16 11  4 12]
[test_sample_05531] [T1x_rxn5630] ❌ 错误 | 原子数：17
  - 正确映射：[ 2 13  4  1 14 11  9  6  0 16 10  7  5  3  8 15 12]
  - 预测映射：[ 2 13  4  1 14 11  9  6  0 16 10  8  7  5  3 15 12]
[test_sample_05532] [T1x_rxn5631] ✅ 严格正确 | 原子数：17
[test_sample_05533] [T1x_rxn5632] ❌ 错误 | 原子数：17
  - 正确映射：[ 9 13  8 12 14  7 11  3  5  0  6 16 15 10  2  4  1]
  - 预测映射：[12 14 11  7 13  9  8 15 16  3 10  1  2  6  4  0  5]
[test_sample_05534] [T1x_rxn5633] ❌ 错误 | 原子数：17
  - 正确映射：[ 9  6  3 16 13  2  8  0 14  5 11 15 10 12  4  7  1]
  - 预测映射：[16 13  8  2  9  6  3 10  0 15 12  1  7  4  5 14 11]
[test_sample_05535] [T1x_rxn5634] ❌ 错误 | 原子数：17
  - 正确映射：[ 2  9  6  3  8  1 11 14 10 16  0 13 12  4  7 15  5]
  - 预测映射：[ 1  9  6  2  3  8 11 16  4  5  0 10 14 13 12 15  7]
[test_sample_05536] [T1x_rxn5635] ❌ 错误 | 原子数：17
  - 正确映射：[ 6 14 11 13 12  8  4  5  9  2  0  1 10  7 15 16  3]
  - 预测映射：[ 6 14  4  8 12 13 11  9  2  5  1 16  3 15  7 10  0]
[test_sample_05537] [T1x_rxn5636] ✅ 严格正确 | 原子数：17
[test_sample_05538] [T1x_rxn5637] ✅ 严格正确 | 原子数：17
[test_sample_05539] [T1x_rxn5638] ❌ 错误 | 原子数：17
  - 正确映射：[ 3  9  6 15 14 13 10  5 12  2  1  4 11  7  8  0 16]
  - 预测映射：[ 9  3  6 15 14 13 10  1  5  2 16  4 11  7  8  0 12]
[test_sample_05540] [T1x_rxn5717] ✅ 严格正确 | 原子数：17
[test_sample_05541] [T1x_rxn5718] ❌ 错误 | 原子数：17
  - 正确映射：[15  7 14  4 11 13  0  2  9 10  6  1 12  5 16  8  3]
  - 预测映射：[15  7 14  4 11 13  0 10  2  9  6  1 12  5 16  8  3]
[test_sample_05542] [T1x_rxn5719] ❌ 错误 | 原子数：17
  - 正确映射：[16  6 10  8  7 12 13  0 14 15  3  9  1  2  4 11  5]
  - 预测映射：[16  6 10  8 13 12  7 15 14  2  9  3  1  5 11  4  0]
[test_sample_05543] [T1x_rxn5720] ❌ 错误 | 原子数：17
  - 正确映射：[ 2  4 10 16  7 14 12  1 11 15  3  5  9  8  6 13  0]
  - 预测映射：[14  7 12 16 10  2  4  6  8  9  0  5 15  3 11  1 13]
[test_sample_05544] [T1x_rxn5721] ✅ 严格正确 | 原子数：17
[test_sample_05545] [T1x_rxn5722] ❌ 错误 | 原子数：17
  - 正确映射：[ 9  7 10 11  8  1  6  3  0 12  2 15 16 13  5 14  4]
  - 预测映射：[ 9  7 10 11  8  1  6  3 12  0 14 15  2  5 13  4 16]
[test_sample_05546] [T1x_rxn5723] ❌ 错误 | 原子数：17
  - 正确映射：[ 3  1  8 12  9 15 13  4  2 14  5 10  0  6  7 11 16]
  - 预测映射：[ 3  1  8 12  9 15 13  5  2  4 10 14  0  6  7 16 11]
[test_sample_05547] [T1x_rxn5724] ✅ 严格正确 | 原子数：17
[test_sample_05548] [T1x_rxn5744] ❌ 错误 | 原子数：17
  - 正确映射：[ 0  2  8  6  4 11  1  9 12  5  3 16 10 15 13 14  7]
  - 预测映射：[ 0  2  8  6  4 11  1  5 12 14 16  9 10 15 13  7  3]
[test_sample_05549] [T1x_rxn5745] ✅ 严格正确 | 原子数：17
[test_sample_05550] [T1x_rxn5746] ❌ 错误 | 原子数：17
  - 正确映射：[15 16  4 13  9  2  0  3  1  8  7 10  5 11  6 14 12]
  - 预测映射：[15  4 16  2  0 13  9  3  6  8  7 10 12 14  5  1 11]
[test_sample_05551] [T1x_rxn5747] ❌ 错误 | 原子数：17
  - 正确映射：[ 5 15  8  6  3 16  7  0  9 14  2 12 10  4 11 13  1]
  - 预测映射：[ 5 15  8  6  3 16  7  0 12  9  1  2 10  4 11 14 13]
[test_sample_05552] [T1x_rxn5748] ❌ 错误 | 原子数：17
  - 正确映射：[ 3  9 16  5  6 13  2 15  4 14  8 12  1 10 11  0  7]
  - 预测映射：[ 5  9 16 13  6  3  2  1 12 10 11  8  4  7  0 15 14]
[test_sample_05553] [T1x_rxn5749] ❌ 错误 | 原子数：17
  - 正确映射：[ 3  2  5  1 10 14  0  8 13 15 16 12  6  9  4 11  7]
  - 预测映射：[14  2  1  5 10  3  0 11  7 15  9 12  6 16  4 13  8]
[test_sample_05554] [T1x_rxn5750] ❌ 错误 | 原子数：17
  - 正确映射：[15  7 16  2  0  9  4 14  3  6  8 11  5 12 10  1 13]
  - 预测映射：[ 9  7  2 16  0 15  4  6  1  3  5 11  8 13 10 14 12]
[test_sample_05555] [T1x_rxn5751] ❌ 错误 | 原子数：17
  - 正确映射：[10  2  8  3 11  6  7 12 15  9 16 13  1  0 14  5  4]
  - 预测映射：[10  2  8  3 11  6  7 13 15  9  4 16  1  0 14 12  5]
[test_sample_05556] [T1x_rxn5752] ❌ 错误 | 原子数：17
  - 正确映射：[ 4  5 12 13  0  7  1  6 14 16  8  2 10 15  9  3 11]
  - 预测映射：[ 4  5 12 13  0  7  1  6 14 16  9  8 10  2 15  3 11]
[test_sample_05557] [T1x_rxn5753] ✅ 严格正确 | 原子数：17
[test_sample_05558] [T1x_rxn5754] ❌ 错误 | 原子数：17
  - 正确映射：[ 6 16 15  8 12 13  5  7  3  0  1 10  4 11 14  9  2]
  - 预测映射：[ 6 16 15  8 12 13  5  7  3  0  1 10  4 11 14  2  9]
[test_sample_05559] [T1x_rxn5928] ✅ 严格正确 | 原子数：17
[test_sample_05560] [T1x_rxn5929] ✅ 严格正确 | 原子数：17
[test_sample_05561] [T1x_rxn5930] ✅ 严格正确 | 原子数：17
[test_sample_05562] [T1x_rxn5931] ❌ 错误 | 原子数：17
  - 正确映射：[ 6  2 10  1  0  3 13 16 11 15 12  9  7  4  5  8 14]
  - 预测映射：[ 6  2 10  1  0  3 13 16 11 15 12  9  7 14  5  8  4]
[test_sample_05563] [T1x_rxn5932] ✅ 严格正确 | 原子数：17
[test_sample_05564] [T1x_rxn5933] ✅ 严格正确 | 原子数：17
[test_sample_05565] [T1x_rxn5934] ❌ 错误 | 原子数：17
  - 正确映射：[ 7  9 12 14  5  4 15 11  0  8  1 16  6  2 10  3 13]
  - 预测映射：[ 7  9 12 14  5  4 15  8  0 11  6 16  1  2  3 10 13]
[test_sample_05566] [T1x_rxn5935] ❌ 错误 | 原子数：17
  - 正确映射：[13  6 16 15 14  4  5  8  9  7 10  3  1  2  0 12 11]
  - 预测映射：[13  6 16 15 14  4  5  8  7  9  3 10  2  1 12  0 11]
[test_sample_05567] [T1x_rxn5936] ❌ 错误 | 原子数：17
  - 正确映射：[ 5  4 12  7 15  0 14  8 16 11  9  2  3  1 13 10  6]
  - 预测映射：[15  4 12 14  5  0  7  9 13 10  2  8  3  6 16 11  1]
[test_sample_05568] [T1x_rxn5937] ❌ 错误 | 原子数：17
  - 正确映射：[ 5  4 14 16  9  8 13  1  7 12  3  2 11 10 15  0  6]
  - 预测映射：[ 5 14  4 16  9  8 13  7  1 12  3 11  0  2 10 15  6]
[test_sample_05569] [T1x_rxn5938] ❌ 错误 | 原子数：17
  - 正确映射：[ 8 16 15 11 12  0  9  4 13  5  7  3 14 10  2  6  1]
  - 预测映射：[ 8 16 15 11 12  0  9  4  5 13  3  7 14 10  6  2  1]
[test_sample_05570] [T1x_rxn5939] ✅ 严格正确 | 原子数：17
[test_sample_05571] [T1x_rxn6333] ❌ 错误 | 原子数：17
  - 正确映射：[ 2  5  1 10 16 12 14  3  6 11  9  0  4  8 15  7 13]
  - 预测映射：[10 14  1 16 12  2  5  9  4 15  0  8 13  7  3 11  6]
[test_sample_05572] [T1x_rxn6334] ❌ 错误 | 原子数：17
  - 正确映射：[ 5  8  6 15 10 11  4 13 14  9 12  2  3 16  1  0  7]
  - 预测映射：[15  4  6 11 10  5  8  7  3 12  9  2 14  1 16  0 13]
[test_sample_05573] [T1x_rxn6335] ❌ 错误 | 原子数：17
  - 正确映射：[13  8  1  5 14  2  3 12  0 15  6  9 11  7 16 10  4]
  - 预测映射：[13  8  1  5 14  2  3  0 15 12  4  6 11  9 16  7 10]
[test_sample_05574] [T1x_rxn6336] ✅ 严格正确 | 原子数：17
[test_sample_05575] [T1x_rxn7590] ❌ 错误 | 原子数：17
  - 正确映射：[14 10  3 11  7 13  2 16 12  4  1  8  5  6 15  9  0]
  - 预测映射：[14 10  3 11  7 13  2 16 12  4  1  8  5 15  6  9  0]
[test_sample_05576] [T1x_rxn7591] ❌ 错误 | 原子数：17
  - 正确映射：[ 2  5 12  0  6  4  3  8  1 15  9 16 13 14  7 11 10]
  - 预测映射：[ 6  0 12  2  5  4  3  7 14 13 10 11 15  8 16  9  1]
[test_sample_05577] [T1x_rxn7592] ✅ 严格正确 | 原子数：17
[test_sample_05578] [T1x_rxn7593] ❌ 错误 | 原子数：17
  - 正确映射：[10 13  5  7  8 14 11 15  2  0 12  6  1  9 16  4  3]
  - 预测映射：[10 13  5  7  8 14 11  0  2 12  6 15  1  9 16  4  3]
[test_sample_05579] [T1x_rxn7594] ❌ 错误 | 原子数：17
  - 正确映射：[ 0  1  6 13  2  8 15 10  7 11  5  3  4 12 16 14  9]
  - 预测映射：[ 0  1  6 13  2  8 15  3  7 10 11  5  4 12 16 14  9]
[test_sample_05580] [T1x_rxn7595] ❌ 错误 | 原子数：17
  - 正确映射：[10  0  3 12  9  6  1 13  8  4 15  5 11  7 16  2 14]
  - 预测映射：[10  0  3 12  9  6  1  4  8 13 11  5 14  2 15 16  7]
[test_sample_05581] [T1x_rxn7596] ❌ 错误 | 原子数：17
  - 正确映射：[ 4 14 15  8 16 11  1  0  5  9  3  2 13  6 12  7 10]
  - 预测映射：[16  8  1 11  4 14 15  6 12  7 10 13  3  5  9  0  2]
[test_sample_05582] [T1x_rxn7597] ❌ 错误 | 原子数：17
  - 正确映射：[12  1  8 11  9  4  3 15  2  6 14  5 10  0 13  7 16]
  - 预测映射：[ 9 11  3  4 12  1  8  0 13  7 16 10 14  2  6 15  5]
[test_sample_05583] [T1x_rxn7598] ❌ 错误 | 原子数：17
  - 正确映射：[ 8 10  5 16  1  9 15  7 14  2 12  6 13 11  3  0  4]
  - 预测映射：[ 1 16 15  9  8 10  5  4  0  3 13 11 12 14  2  7  6]
[test_sample_05584] [T1x_rxn7599] ❌ 错误 | 原子数：17
  - 正确映射：[15  8 12  0 10 11  1  4  2  7  6 16  3 13  5 14  9]
  - 预测映射：[15  8 12  0 10 11  1  2  7  4 16  6  3 14 13  5  9]
[test_sample_05585] [T1x_rxn7743] ❌ 错误 | 原子数：17
  - 正确映射：[ 8  7 11  9 13 10  2  3  4  6  5 16 14  0 15  1 12]
  - 预测映射：[11 13 10  2  7  8  9 16  1  5  0 15 12  4  3  6 14]
[test_sample_05586] [T1x_rxn7744] ❌ 错误 | 原子数：17
  - 正确映射：[ 7  5 10  0 14  4 12 13 11  8  3  6  2  9 15 16  1]
  - 预测映射：[ 4  5  7 12 10 14  0 16 13  1  3 11  8 15  2  6  9]
[test_sample_05587] [T1x_rxn7745] ❌ 错误 | 原子数：17
  - 正确映射：[14  9  5 15  6  8  2  3  1 12  7 16 11  4 13  0 10]
  - 预测映射：[ 6 14  8  2  5  9 15  1  4 16  0 10 13  7 11  3 12]
[test_sample_05588] [T1x_rxn7746] ❌ 错误 | 原子数：17
  - 正确映射：[ 0  5 15  2 16  9 14 13  1 10  3 11 12  6  8  7  4]
  - 预测映射：[ 0  5  9 14 16 15  2 10  1 13 11  3  4  6  8  7 12]
[test_sample_05589] [T1x_rxn7747] ❌ 错误 | 原子数：17
  - 正确映射：[ 6  2  1  5  9  8 10  3 16 11 13  0  7 14 15 12  4]
  - 预测映射：[ 6  2  8 10  9  1  5 16  4 13  3 15 12 14  0  7 11]
[test_sample_05590] [T1x_rxn7748] ❌ 错误 | 原子数：17
  - 正确映射：[ 9  3 11  4 12  1  8  0  6 10 15 13 16  5 14  7  2]
  - 预测映射：[ 9  3 11  4 12  1  8  0  2 10  6 13 16  5 14  7 15]
[test_sample_05591] [T1x_rxn7749] ✅ 严格正确 | 原子数：17
[test_sample_05592] [T1x_rxn7750] ❌ 错误 | 原子数：17
  - 正确映射：[ 0  7 11 13 14  2  1 10 15  4  3  8 12  6  9 16  5]
  - 预测映射：[14  7 11 13  2  0  1  3  6 10  8 12  9  5 16  4 15]
[test_sample_05593] [T1x_rxn8094] ❌ 错误 | 原子数：17
  - 正确映射：[ 4  1 16 14  2  6 10  8 15  5 13  7 11  9 12  3  0]
  - 预测映射：[14  1 16  4  2  6 10 15 11  7 13  8  5  9  0  3 12]
[test_sample_05594] [T1x_rxn8095] ❌ 错误 | 原子数：17
  - 正确映射：[ 4 15  2 14 12  0  5  7 11  6 16  1  8  3 13  9 10]
  - 预测映射：[14 15  2  4  0 12  5  1  7  8 16  6 11 10  9 13  3]
[test_sample_05595] [T1x_rxn8096] ❌ 错误 | 原子数：17
  - 正确映射：[14  4 13  6 16  0  5  8 12  3  7  2 10 15  1 11  9]
  - 预测映射：[14  4  0  6 13 16  5  8  3  9 12  2 10  7 15 11  1]
[test_sample_05596] [T1x_rxn8097] ❌ 错误 | 原子数：17
  - 正确映射：[15  8 11 14  3 10 12  4  0  1  7 16  2  9 13  5  6]
  - 预测映射：[15 12 10 14  3 11  8  0  4  1 13  5 16  9  7  2  6]
[test_sample_05597] [T1x_rxn8098] ✅ 严格正确 | 原子数：17
[test_sample_05598] [T1x_rxn8099] ❌ 错误 | 原子数：17
  - 正确映射：[14 15 16  5  8  4  2 12 10  0  7  6  3  1 11  9 13]
  - 预测映射：[14 15 16  5  8  4  2 12 10  0  7  1  3  6 11  9 13]
[test_sample_05599] [T1x_rxn8100] ❌ 错误 | 原子数：17
  - 正确映射：[ 2  6 16 12  1 14 10  5 11  3  7 13  8  0 15  9  4]
  - 预测映射：[ 2  6 14 16  1 12 10  3 11  4  5  7  8  0 13  9 15]
[test_sample_05600] [T1x_rxn8101] ❌ 错误 | 原子数：17
  - 正确映射：[ 6  5  4  0  3 16  7  8  1 12 14  2 11 13 15 10  9]
  - 预测映射：[ 0  5  4  6  3 16  7 13 11  2 14  8  1 12  9 10 15]
[test_sample_05601] [T1x_rxn8102] ❌ 错误 | 原子数：17
  - 正确映射：[ 2  7 11 16  4  0  9  6 13 15  3  1 12 10 14  8  5]
  - 预测映射：[ 2  7 11 16  4  0  9 13 15  6  1 12 14 10  5  8  3]
[test_sample_05602] [T1x_rxn8103] ❌ 错误 | 原子数：17
  - 正确映射：[ 6  2 12 10 15  0 16 11  3  1 13  8  9  5  7 14  4]
  - 预测映射：[ 6  2 12 10 15  0 16  1  3 11  9  8 13  5  4 14  7]
[test_sample_05603] [T1x_rxn8183] ❌ 错误 | 原子数：17
  - 正确映射：[ 1  2  6 11  5  7  9  4  0 15  3 13 12 14 16  8 10]
  - 预测映射：[ 1  2  6  7  5 11  9  4  0 15  3  8 14 16 13 10 12]
[test_sample_05604] [T1x_rxn8184] ❌ 错误 | 原子数：17
  - 正确映射：[ 4  3  7  1  8  6 11  9 13 14  0  2 15 12 16 10  5]
  - 预测映射：[ 4  3  7  1  8  6 11  9 13 14  0 16  2 10 15 12  5]
[test_sample_05605] [T1x_rxn8185] ❌ 错误 | 原子数：17
  - 正确映射：[11  7  4 12  6 15  9  8  1 16  3 13  5  0 10  2 14]
  - 预测映射：[ 9 15  6 12  7  4 11 14  2  0 10 13  5  1  3  8 16]
[test_sample_05606] [T1x_rxn8186] ✅ 严格正确 | 原子数：17
[test_sample_05607] [T1x_rxn8187] ✅ 严格正确 | 原子数：17
[test_sample_05608] [T1x_rxn8188] ❌ 错误 | 原子数：17
  - 正确映射：[ 6 13 14 15  8  3  1  9  5 12  7  0 11 16  4 10  2]
  - 预测映射：[ 6 15 13  8  3 14  1  9 11 12  5  0 16  4 10  7  2]
[test_sample_05609] [T1x_rxn8189] ❌ 错误 | 原子数：17
  - 正确映射：[ 7 13 10  5  9  4  0  8 16 15  3 14  1  2 11  6 12]
  - 预测映射：[ 0 10 13  5  9  4  7 15  8  3 16  1 14 11  2 12  6]
[test_sample_05610] [T1x_rxn8190] ❌ 错误 | 原子数：17
  - 正确映射：[ 9  6 16 10 12  8  7 15  1 14  0  2  5 13 11  4  3]
  - 预测映射：[ 9  6 16 10 12  8  7 15  1 14  0  4  5  2 11  3 13]
[test_sample_05611] [T1x_rxn8191] ❌ 错误 | 原子数：17
  - 正确映射：[16 15 11  5 13  9  8  4  2  1 10 14  3  6  7  0 12]
  - 预测映射：[16 15  5 13  9 11  8  2  1  7  4  3  6  0 10 14 12]
[test_sample_05612] [T1x_rxn8192] ❌ 错误 | 原子数：17
  - 正确映射：[13 16 10  9  0  1  5  4  3  8 12  7 11  6 14 15  2]
  - 预测映射：[ 5 10 16  9  0  1 13  8  4 12  3 11  7 14  6  2 15]
[test_sample_05613] [T1x_rxn8193] ❌ 错误 | 原子数：17
  - 正确映射：[ 7  6  4 16  8 10  0 15  3  2  1  9 12 13 14 11  5]
  - 预测映射：[ 7  6  4 16  8 10  0  3  2 15  1  9 12 11 14  5 13]
[test_sample_05614] [T1x_rxn8194] ✅ 严格正确 | 原子数：17
[test_sample_05615] [T1x_rxn8195] ❌ 错误 | 原子数：17
  - 正确映射：[ 1  7  0 16 14 11 10  2  3  5 13  8  4  9 15  6 12]
  - 预测映射：[10 14 11 16  0  7  1 12  6  9 15  8  4  5 13  3  2]
[test_sample_05616] [T1x_rxn8196] ❌ 错误 | 原子数：17
  - 正确映射：[ 8  4 15 11  7  2 12  9 10 14  1  0 16  5 13  6  3]
  - 预测映射：[ 8  4 11 15  2  7 12  9 10 14  1 16  0  3  6 13  5]
[test_sample_05617] [T1x_rxn8197] ❌ 错误 | 原子数：17
  - 正确映射：[ 7 13  0  2  5 11 10  8  3  9  1 14  6 15 12 16  4]
  - 预测映射：[ 7 13  0  5  2 11 10  8 14  9  3  6 15 16 12  1  4]
[test_sample_05618] [T1x_rxn8453] ❌ 错误 | 原子数：17
  - 正确映射：[13 10  3  0 12 11  7  9 16  8  2  6  4  5 14  1 15]
  - 预测映射：[11 10  7 13  0 12  3 14  2 15  1  9  5  4  8  6 16]
[test_sample_05619] [T1x_rxn8454] ❌ 错误 | 原子数：17
  - 正确映射：[14 16  4 10  1  9  7  6 12 15  8  0  5  2 13  3 11]
  - 预测映射：[14 16  4 10  1  9  7  6 12 15 11  0  8  2  3  5 13]
[test_sample_05620] [T1x_rxn8577] ❌ 错误 | 原子数：17
  - 正确映射：[13  7 14 16 10  6  8  5  0 12  4 11  1  3  2 15  9]
  - 预测映射：[ 6 16  8 10  7 13 14 15  9  2  3  1 12  5  0  4 11]
[test_sample_05621] [T1x_rxn8578] ❌ 错误 | 原子数：17
  - 正确映射：[ 3  9 13  6 11  8  0  4 16 10  2  1 12 15 14  7  5]
  - 预测映射：[ 8 11  0  3  6  9 13 14 15 10  7 16  4  2 12  1  5]
[test_sample_05622] [T1x_rxn8579] ❌ 错误 | 原子数：17
  - 正确映射：[ 0 14  6  3  2 15 11  1 13  9  4  8  7  5 16 12 10]
  - 预测映射：[15  2 11  0 14  3  6 12 16 13  5 10  1  7  9  8  4]
[test_sample_05623] [T1x_rxn8580] ❌ 错误 | 原子数：17
  - 正确映射：[11  6 15 16  3  0  8  5 14  9 12  7  4 13 10  2  1]
  - 预测映射：[16  6 15 11  3  0  8  5  1 12  7  9 14 13 10  2  4]
[test_sample_05624] [T1x_rxn8581] ❌ 错误 | 原子数：17
  - 正确映射：[14 12  4  1 13  8 16 11 10  9  3  2  5  6  7  0 15]
  - 预测映射：[14 12  4  1 13  8 16 10  9 11  3  2  5  7  6  0 15]
[test_sample_05625] [T1x_rxn8645] ❌ 错误 | 原子数：17
  - 正确映射：[10 13 11  0  5  4  9  1 16  2 14  7  6 12  3  8 15]
  - 预测映射：[10 13  5  0 11  4  9  2 16  3 12  1  6  7 14  8 15]
[test_sample_05626] [T1x_rxn8646] ✅ 严格正确 | 原子数：17
[test_sample_05627] [T1x_rxn8647] ✅ 严格正确 | 原子数：17
[test_sample_05628] [T1x_rxn8648] ❌ 错误 | 原子数：17
  - 正确映射：[ 6 15  0 12  7 14  5 13  1  8 16  9  2  4  3 10 11]
  - 预测映射：[ 6 15  0 12  7 14  5 13 11  1  8  9 16  4  3  2 10]
[test_sample_05629] [T1x_rxn8649] ❌ 错误 | 原子数：17
  - 正确映射：[ 4  5 15  7 12  8  6 10 14 16  9  2  0 13  1 11  3]
  - 预测映射：[ 4  6  8  7 12 15  5 16 14 10  9 11  0 13  1  2  3]
[test_sample_05630] [T1x_rxn8650] ✅ 严格正确 | 原子数：17
[test_sample_05631] [T1x_rxn8651] ❌ 错误 | 原子数：17
  - 正确映射：[ 2 12  9 13 15  1 10 14  8  0  7  3  5  4 16 11  6]
  - 预测映射：[15 12  9 13  2  1 10 16  4  5  7  3  0  8 14 11  6]
[test_sample_05632] [T1x_rxn8652] ❌ 错误 | 原子数：17
  - 正确映射：[12  4 15 16  6  1  9 14 11 13  2  0  7  3 10  5  8]
  - 预测映射：[12  4 15 16  6  1  9 14 11 13  2  0 10  3  7  5  8]
[test_sample_05633] [T1x_rxn8653] ❌ 错误 | 原子数：17
  - 正确映射：[14  5 12 13 16  7 11 10  3  8  1  4 15  0  2  9  6]
  - 预测映射：[14  5 12 13 16  7 11 10  3  8  1  4  0  9  2 15  6]
[test_sample_05634] [T1x_rxn8654] ❌ 错误 | 原子数：17
  - 正确映射：[13  1  4  8 16  0  9 10  5  2  7 15  6 12  3 11 14]
  - 预测映射：[13  1  4 16  8  0  9  2  5 10 15  7  6 12 11  3 14]
[test_sample_05635] [T1x_rxn8655] ❌ 错误 | 原子数：17
  - 正确映射：[14  5  0  7 15  4  6  8 16  3  2 13 11 10  1  9 12]
  - 预测映射：[14  5  0  7 15  4  6  3 16  8 13  2  1 10  9 12 11]
[test_sample_05636] [T1x_rxn8656] ❌ 错误 | 原子数：17
  - 正确映射：[ 5  1  9 12 14 10  8  0  4  3  7 13  6 16  2 11 15]
  - 预测映射：[ 5  1  9 12 14 10  8  3  4  0  7 13  6 16  2 11 15]
[test_sample_05637] [T1x_rxn8714] ❌ 错误 | 原子数：17
  - 正确映射：[15  6 14  9  4 11 10  8 13  3  1  2  5  7  0 12 16]
  - 预测映射：[11  9  4 10 14 15  6  0  7  5 13 12 16  1  3  2  8]
[test_sample_05638] [T1x_rxn8715] ✅ 严格正确 | 原子数：17
[test_sample_05639] [T1x_rxn8716] ❌ 错误 | 原子数：17
  - 正确映射：[ 3 13 12  5  1 14  8 10  7  6 15 11  0  9  4  2 16]
  - 预测映射：[ 3 13 12  5  1 14  8 10  7  6 16  4 11  9 15  0  2]
[test_sample_05640] [T1x_rxn8717] ✅ 严格正确 | 原子数：17
[test_sample_05641] [T1x_rxn8718] ❌ 错误 | 原子数：17
  - 正确映射：[14 16 15  5  1 10  8  3  0  6  7  4 12 11  9 13  2]
  - 预测映射：[14  5 16  1  8 10 15  3  4 12  0 11  9  2 13  7  6]
[test_sample_05642] [T1x_rxn8719] ❌ 错误 | 原子数：17
  - 正确映射：[13 14  0 10 11  1 16 12  2  5  4  8  6  7  9 15  3]
  - 预测映射：[13 14  0 10 11  1 16 12  5  7  2  8  4  9  6  3 15]
[test_sample_05643] [T1x_rxn8720] ✅ 严格正确 | 原子数：17
[test_sample_05644] [T1x_rxn8721] ❌ 错误 | 原子数：17
  - 正确映射：[14  4  5  1  0  8  7 11 13 12 16 10  2  6  9 15  3]
  - 预测映射：[ 8  0  1  7  4 14  5 15  2  6  9  3 13 11 12 16 10]
[test_sample_05645] [T1x_rxn8722] ❌ 错误 | 原子数：17
  - 正确映射：[13  8 16  9 10 15  6  4  2 12  7  0  5 14 11  3  1]
  - 预测映射：[13  8 16  9 10 15  6  4  2 12  7 14  0  5 11  3  1]
[test_sample_05646] [T1x_rxn8723] ✅ 严格正确 | 原子数：17
[test_sample_05647] [T1x_rxn9489] ❌ 错误 | 原子数：17
  - 正确映射：[ 6  4  3 10  2  5  8 13 16 14  9  0 11  1  7 15 12]
  - 预测映射：[ 6  8  5 10  2  3  4 16 14 13 12 15  9  7  1 11  0]
[test_sample_05648] [T1x_rxn9544] ❌ 错误 | 原子数：17
  - 正确映射：[ 7 16  8  3 13  1  2 10  6 14  4 11  0  9  5 15 12]
  - 预测映射：[ 7 16  8  3 13  1  2 10  6 14 11  5  0 12  4  9 15]
[test_sample_05649] [T1x_rxn9545] ❌ 错误 | 原子数：17
  - 正确映射：[15  4  1 13  9 11  0  7  8  2  3  5  6 12 14 16 10]
  - 预测映射：[15  4  1 13  9 11  0  3  8  7  5 16  2 12 14 10  6]
[test_sample_05650] [T1x_rxn9549] ❌ 错误 | 原子数：17
  - 正确映射：[ 1  0 15  7  2 14 16  3 11 12  6  5  8  9  4 13 10]
  - 预测映射：[ 1  0 15  7  2 14 16 11 12  3  6  5  8  9  4 13 10]
[test_sample_05651] [T1x_rxn9581] ❌ 错误 | 原子数：17
  - 正确映射：[ 8  2  7 10 11  3  1  6 15 14 13  9  5 16  0 12  4]
  - 预测映射：[11 10  7  2  8  3  1  9  0 16  5  6 13 14 15 12  4]
[test_sample_05652] [T1x_rxn9582] ❌ 错误 | 原子数：17
  - 正确映射：[ 9  7 16 15  5  1  0 11 14  6 10 12  2 13  8  3  4]
  - 预测映射：[ 5 15 16  9  7  1  0  2 12  8 10 14 11  6  3 13  4]
[test_sample_05653] [T1x_rxn9583] ❌ 错误 | 原子数：17
  - 正确映射：[ 6 16  4 10 11  2 15  0 14  7 12  8  9  1 13  5  3]
  - 预测映射：[10 11 15  2 16  6  4  9  8  1 13  3  5 12  7  0 14]
[test_sample_05654] [T1x_rxn9601] ❌ 错误 | 原子数：17
  - 正确映射：[ 3  4 11 14  7 13 10  8  9  0  2  1 16 12  6  5 15]
  - 预测映射：[ 3  4 11 14  7 13 10  8  9  0  2  1  6 15 12 16  5]
[test_sample_05655] [T1x_rxn9602] ❌ 错误 | 原子数：17
  - 正确映射：[12 11  4  9  0  5  8  2 15 10 13 16  3 14  1  6  7]
  - 预测映射：[12 11  4  9  0  5  8 15 16 10 14  3  7  1  6  2 13]
[test_sample_05656] [T1x_rxn9607] ❌ 错误 | 原子数：17
  - 正确映射：[ 7  3  6  1  2  5 16  8  9  0 14 15 12 13 10  4 11]
  - 预测映射：[ 3  5  6  1  2  7 16  9 11  8 13 15 12 14 10  0  4]
[test_sample_05657] [T1x_rxn9608] ❌ 错误 | 原子数：17
  - 正确映射：[10  4 13 15  7  5  8 11  0  9 12  2 14 16  6  3  1]
  - 预测映射：[ 5  4 13 15  7 10  8 14  3 11  2 12  1 16  6  9  0]
[test_sample_05658] [T1x_rxn9626] ❌ 错误 | 原子数：17
  - 正确映射：[ 6  2  1 13 14  5  0 12  8 10  3  7  9 16  4 15 11]
  - 预测映射：[ 6  2  1 13 14  5  0 12  8 10  3  7  9 15 16  4 11]
[test_sample_05659] [T1x_rxn9627] ❌ 错误 | 原子数：17
  - 正确映射：[12  5  2 14  6 13 10  0  1 16  7 11  4  3  9  8 15]
  - 预测映射：[12  5  2 14  6 13 10  0  7  1 11 16  4  3  9  8 15]
[test_sample_05660] [T1x_rxn9628] ✅ 严格正确 | 原子数：17
[test_sample_05661] [T1x_rxn9861] ❌ 错误 | 原子数：17
  - 正确映射：[ 0 10  7 12  4  6 11  5  1 13  3  2 14  9 16 15  8]
  - 预测映射：[ 0 10  7 12  4  6 11  5  1 13  3  2  9 16 14 15  8]
[test_sample_05662] [T1x_rxn9889] ❌ 错误 | 原子数：17
  - 正确映射：[14  1 11  5  2  6 15  4  9 16  8 10 13  0  3  7 12]
  - 预测映射：[14  1  2 15 11  6  5  4 16  9  7 12  3 10 13  0  8]
[test_sample_05663] [T1x_rxn9890] ❌ 错误 | 原子数：17
  - 正确映射：[11  1  0  3 13 14  2 16  8 10 15  6  9 12  5  7  4]
  - 预测映射：[13 14  1  3  0 11  2  5  7 12  4 15  6  9  8 16 10]
[test_sample_05664] [T1x_rxn9939] ❌ 错误 | 原子数：17
  - 正确映射：[13 12  7 11  4  1 10  3  6  8  0  2  9 16 15  5 14]
  - 预测映射：[11 10  4  1  7 13 12 16  9  2  0 15  5 14  3  8  6]
[test_sample_05665] [T1x_rxn9940] ❌ 错误 | 原子数：17
  - 正确映射：[13 10 14  9  3  0  2  5  7 12  1  4 16  8 15 11  6]
  - 预测映射：[13 10 14  9  3  0  2 12  7  5 16  4  1 11 15  8  6]
[test_sample_05666] [T1x_rxn9954] ✅ 严格正确 | 原子数：17
[test_sample_05667] [T1x_rxn9955] ❌ 错误 | 原子数：17
  - 正确映射：[ 1 15  3  8  4  5 11  7  9 10 12  6 13  2 16 14  0]
  - 预测映射：[ 1 15  3  5  4  8 11 10  9  7 12 14  0  2 16  6 13]
[test_sample_05668] [T1x_rxn9956] ❌ 错误 | 原子数：17
  - 正确映射：[ 8 12 15  4 10  2 11  7  5 13  3  6  9  0 16  1 14]
  - 预测映射：[ 8 12 15  4  2 10 11  7  3 13  5  9  6  0  1 16 14]
[test_sample_05669] [T1x_rxn9991] ❌ 错误 | 原子数：17
  - 正确映射：[12  4  3  5 13  0  6  1 14 11 16  7 10  9 15  8  2]
  - 预测映射：[12  4  3  5 13  0  6  1 15 14  2  7 11 10  8 16  9]
[test_sample_05670] [T1x_rxn9992] ❌ 错误 | 原子数：17
  - 正确映射：[10 15 14  6  2 13  7  3  9 12  8  5  1  4 16 11  0]
  - 预测映射：[10 15 14  6 13  2  7 12  3  9 11  4  1  5  0  8 16]
[test_sample_05671] [T1x_rxn0348] ❌ 错误 | 原子数：17
  - 正确映射：[ 7 16 12 11  0  4  2  1  6  9  8  5  3 13 14 10 15]
  - 预测映射：[ 7 11 12 16  0  4  1 13  6  5  2  9  8  3 15 14 10]
[test_sample_05672] [T1x_rxn0349] ❌ 错误 | 原子数：17
  - 正确映射：[13 11  1 15  6  8 12  4  0 16  7  3  5  2 14  9 10]
  - 预测映射：[13  8  1 15  6 11  4 12  0  9 10 14  5  2  3 16  7]
[test_sample_05673] [T1x_rxn0350] ❌ 错误 | 原子数：17
  - 正确映射：[ 0 13  1  2  9  6  5  4 14 12  7 16 10  3 15 11  8]
  - 预测映射：[ 0 13  1  2  9  6  5 14  7  4 12  3 16 15  8 11 10]
[test_sample_05674] [T1x_rxn0351] ❌ 错误 | 原子数：17
  - 正确映射：[ 3  1  0 12 16  5 14  4 13  8  2 10  9  6 11 15  7]
  - 预测映射：[ 5  3  0  1 16 12  7 11  8 15 14 13  4  2  6  9 10]
[test_sample_05675] [T1x_rxn0352] ✅ 严格正确 | 原子数：17
[test_sample_05676] [T1x_rxn0353] ❌ 错误 | 原子数：17
  - 正确映射：[13  6 11 10  1  7  4 14  8 15  5  9  0 16  2 12  3]
  - 预测映射：[13  7 11  6  1 10 14 12 16  8  4  5 15  3  0  2  9]
[test_sample_05677] [T1x_rxn0354] ❌ 错误 | 原子数：17
  - 正确映射：[ 8  0 14  5  4 16 12  9 15 13  1 10 11  6  3  7  2]
  - 预测映射：[16  4 14  5  8  0  7 15  2 11  3  6 10  9 13 12  1]
[test_sample_05678] [T1x_rxn0355] ✅ 严格正确 | 原子数：17
[test_sample_05679] [T1x_rxn0356] ✅ 严格正确 | 原子数：17
[test_sample_05680] [T1x_rxn0493] ✅ 严格正确 | 原子数：17
[test_sample_05681] [T1x_rxn0494] ❌ 错误 | 原子数：17
  - 正确映射：[ 0  7  8  1 11  5 15 12  2 13 14  6  9  4 16  3 10]
  - 预测映射：[ 0  7  8  1 11  5  2 15 12  6 13  9 14  4 16 10  3]
[test_sample_05682] [T1x_rxn0495] ✅ 严格正确 | 原子数：17
[test_sample_05683] [T1x_rxn1910] ❌ 错误 | 原子数：17
  - 正确映射：[ 6 11  3  5  0  1 15  4  9 12  8 13  7 14  2 10 16]
  - 预测映射：[ 5  3 11  6  0  1 14 13  7  8 12  4  9 15 10  2 16]
[test_sample_05684] [T1x_rxn1911] ❌ 错误 | 原子数：17
  - 正确映射：[ 3  0  4  2  7 15 14  5 13  9  1  8 11  6 16 10 12]
  - 预测映射：[ 2  0 15  4  7  3 11  9  6 13 16 10  1  8  5 12 14]
[test_sample_05685] [T1x_rxn1912] ❌ 错误 | 原子数：17
  - 正确映射：[ 0  7  1 12  5 16  3  8  9 10 11 14 13  6  2  4 15]
  - 预测映射：[12  7  1 16  5  0  2 14 13  6 11 10  4 15  8  9  3]
[test_sample_05686] [T1x_rxn1994] ❌ 错误 | 原子数：17
  - 正确映射：[14 11  0  2  6  7 15 12  9  4  8  5  1 13 10 16  3]
  - 预测映射：[14 11  0  7  6  2 12 15  9  8  4 10 16  3  1 13  5]
[test_sample_05687] [T1x_rxn1995] ❌ 错误 | 原子数：17
  - 正确映射：[14  7  6  1  4  5 16  9 11  0  8  3  2 15 12 13 10]
  - 预测映射：[ 7  6  1 14  4  5 11  8  0  3 15  2 16  9 10 12 13]
[test_sample_05688] [T1x_rxn1996] ❌ 错误 | 原子数：17
  - 正确映射：[ 4 16  0  9 10 14  6 15  1 13  8  3 11  7  5 12  2]
  - 预测映射：[ 4 16  0 14 10  9  8 15  1 13  6  3 12  5 11  7  2]
[test_sample_05689] [T1x_rxn1997] ❌ 错误 | 原子数：17
  - 正确映射：[15  4  7  1  8  5 14 11  9 16  2 13 12  0  3 10  6]
  - 预测映射：[15  4  7  1  8  5 11 14  9  2 16 12 13  0  3  6 10]
[test_sample_05690] [T1x_rxn1998] ❌ 错误 | 原子数：17
  - 正确映射：[11  5  2  7 12  6  3  1 10  8  4 15  9  0 13 16 14]
  - 预测映射：[11  5  2  7 12  6  3  1 10  8  4 15  9  0 16 14 13]
[test_sample_05691] [T1x_rxn1999] ✅ 严格正确 | 原子数：17
[test_sample_05692] [T1x_rxn2210] ❌ 错误 | 原子数：17
  - 正确映射：[12  6  5  8  3 14 15  2  9  4 11 10  0 13  1 16  7]
  - 预测映射：[12  6  5  8  3 14  9  2  4 10 11  0 16 13  1  7 15]
[test_sample_05693] [T1x_rxn2211] ❌ 错误 | 原子数：17
  - 正确映射：[ 5  6 15  2  7  9  0  3 10 12  4 13  1 11 14  8 16]
  - 预测映射：[15  6  5  2  9  7 12 14  4  0 10  3  8 16  1 13 11]
[test_sample_05694] [T1x_rxn2212] ❌ 错误 | 原子数：17
  - 正确映射：[16  2  8  9  7  1  6 15  3 13  5 11 14  4 10  0 12]
  - 预测映射：[ 1  2  8  9  7 16 12  0 10 13  5 14 11  4 15  6  3]
[test_sample_05695] [T1x_rxn2213] ✅ 严格正确 | 原子数：17
[test_sample_05696] [T1x_rxn3233] ❌ 错误 | 原子数：17
  - 正确映射：[11 13  9 15  8  2  0  1 12 10  7  3  6 16 14  5  4]
  - 预测映射：[11  8  9 15  2 13 10 12  7 16  6  4  3 14  5  1  0]
[test_sample_05697] [T1x_rxn3234] ✅ 严格正确 | 原子数：17
[test_sample_05698] [T1x_rxn3235] ❌ 错误 | 原子数：17
  - 正确映射：[15 11 12  5  0  7 16  2  9  6  1 14 10 13  8  4  3]
  - 预测映射：[15 11 12  5  0  7 16  2  9  6  1 14 10 13  4  8  3]
[test_sample_05699] [T1x_rxn3236] ❌ 错误 | 原子数：17
  - 正确映射：[ 2 13  4  9  6 16 15  8 11  1 10 14  3  0  7 12  5]
  - 预测映射：[ 2 13  4  9 16  6  1  8 11 15  3 14 10  5 12  7  0]
[test_sample_05700] [T1x_rxn3237] ❌ 错误 | 原子数：17
  - 正确映射：[14  2  6  1 13  4 16  0 15 12  7  5  9 11 10  8  3]
  - 预测映射：[ 6  2 14  1  4 13  7  5  9 12 16  0 15  3  8 10 11]
[test_sample_05701] [T1x_rxn3238] ❌ 错误 | 原子数：17
  - 正确映射：[ 7  9 12  8  0  2 16 15 10 13 14  3 11  6  5  1  4]
  - 预测映射：[ 7  9 12  8  0  2 16 15 10 13 14  3 11  6  1  4  5]
[test_sample_05702] [T1x_rxn8968] ❌ 错误 | 原子数：17
  - 正确映射：[12 16 13 11  5  6  4  0 14  7  1 10  9  2 15  3  8]
  - 预测映射：[ 6  5 13 11 16 12 15  8  3  2  7  9 10  0 14  4  1]
[test_sample_05703] [T1x_rxn8969] ❌ 错误 | 原子数：17
  - 正确映射：[11  8  3  6  4  2 15 14  0 13 10  1 12 16  7  9  5]
  - 预测映射：[11  8  3  6  4  2  0 14 13 15 10  1 12 16  7  9  5]
[test_sample_05704] [T1x_rxn8989] ❌ 错误 | 原子数：17
  - 正确映射：[ 3  0 16  6 10  7 12 13 15  1  8  5  4  9 14 11  2]
  - 预测映射：[ 3  0 16  6  7 10 12 15 13  4  8  5  1  2 11  9 14]
[test_sample_05705] [T1x_rxn9175] ❌ 错误 | 原子数：17
  - 正确映射：[ 5  2  4 16  1  8  7 11  3 15 14  0  9 12 13 10  6]
  - 预测映射：[ 5  2  4 16  1  8  7 11  3 15 14  0  9 12  6 13 10]
[test_sample_05706] [T1x_rxn9176] ❌ 错误 | 原子数：17
  - 正确映射：[16 10 12  2 13 11  5  9  4  1  0  7  8 15  3  6 14]
  - 预测映射：[10 16 12  2 13 11  0  1  4  9  5 15  7  8 14  3  6]
[test_sample_05707] [T1x_rxn9194] ❌ 错误 | 原子数：17
  - 正确映射：[15  3  6 14  8  7  2 13  5  1 10 12 16  0  9 11  4]
  - 预测映射：[ 8  3 15 14  6  7  0 12 13  2 16 10  1  5  4  9 11]
[test_sample_05708] [T1x_rxn10024] ❌ 错误 | 原子数：18
  - 正确映射：[14 12  3  0 15 17  1 16  5  8  9  4 13  2 11 10  6  7]
  - 预测映射：[14 12  3  0 15 17  1 16  4  5 11  8 13 10  9  2  6  7]
[test_sample_05709] [T1x_rxn6120] ❌ 错误 | 原子数：18
  - 正确映射：[11 15  6  7 17 12  3  0  8 16  9  4  1 13 10  5  2 14]
  - 预测映射：[11 15  6  7 17 12  3  0  8 16  9  4  1 13 10  5 14  2]
[test_sample_05710] [T1x_rxn6121] ❌ 错误 | 原子数：18
  - 正确映射：[ 9 14  6  3  4 15  8 11  7  1 12 16  2  5 10 13 17  0]
  - 预测映射：[ 9 14  6  3  4 15  8 11  1 16  7 12  2  5 10 13 17  0]
[test_sample_05711] [T1x_rxn6122] ❌ 错误 | 原子数：18
  - 正确映射：[12  8  5 16  1 10 13  0  7  9 14  6 11 15  2  4 17  3]
  - 预测映射：[12  8  5 16  1 10 13  6  7  0 14  9 11 15  2  4 17  3]
[test_sample_05712] [T1x_rxn6123] ❌ 错误 | 原子数：18
  - 正确映射：[ 0  7  1 17  6 16 13 11 14  4 15  2 12  3  9 10  5  8]
  - 预测映射：[13 17  1  7  6 16  0  8 10  4  5  3 12 15  9 14 11  2]
[test_sample_05713] [T1x_rxn6124] ❌ 错误 | 原子数：18
  - 正确映射：[15  8 10  4  6 13 11 17  2 14  5  1  9  3 16 12  7  0]
  - 预测映射：[ 4  8 10 11  6 13 15 16  1  3  5  9  7 12  0  2 17 14]
[test_sample_05714] [T1x_rxn6125] ❌ 错误 | 原子数：18
  - 正确映射：[13  5 14 12 16  2 11  4  0  1  9  3  7  6 17 10  8 15]
  - 预测映射：[12  5 14 13 16  2 11 17  3  7  9  6  1  0  8 10  4 15]
[test_sample_05715] [T1x_rxn6126] ❌ 错误 | 原子数：18
  - 正确映射：[ 4  5 10  8  2  9 13 16 15  1  0  6 11 17  3 12  7 14]
  - 预测映射：[ 4  5 10  8  2  9 13 16 12 15  0  6 11  3  1  7 17 14]
[test_sample_05716] [T1x_rxn6127] ❌ 错误 | 原子数：18
  - 正确映射：[13  3  8 14  9  0 11 15  1 16  4 17  2 10  5  7  6 12]
  - 预测映射：[ 0  3  8 14  9 11 13 10  5  2 17  4  6  7 12 15 16  1]
[test_sample_05717] [T1x_rxn6128] ❌ 错误 | 原子数：18
  - 正确映射：[16  3  7  4  0 12  8  6  9 14 17  5 15 11 13  2  1 10]
  - 预测映射：[16  3  7  4  0  8 12 17  9 14  5 10 15  6  1  2 13 11]
[test_sample_05718] [T1x_rxn6129] ❌ 错误 | 原子数：18
  - 正确映射：[12  1  9  7  0  4  3 13 16 14 11 17  8 15  6  5  2 10]
  - 预测映射：[12  1  9  7  0  3  4 16 14 13 11  8 10  2  5  6 17 15]
[test_sample_05719] [T1x_rxn6130] ❌ 错误 | 原子数：18
  - 正确映射：[ 0  7  5  2  3 16 12  1  6 17 13  4 10 11  9 14  8 15]
  - 预测映射：[ 0  7  5  2  3 12 16  6  1 17 13  9 15  4 14  8 10 11]
[test_sample_05720] [T1x_rxn6131] ❌ 错误 | 原子数：18
  - 正确映射：[ 2  9  6  7 17 16  5  8 10  0 14 12 11 13  4  3 15  1]
  - 预测映射：[ 2  9  6  7 17  5 16  0  8 14 10 13  1 12  3  4 15 11]
[test_sample_05721] [T1x_rxn6132] ❌ 错误 | 原子数：18
  - 正确映射：[ 9  4 15 13  8 12 10 14 16  6  7  1  5  3 17  2  0 11]
  - 预测映射：[ 9  4 15 13  8 10 12  6 14 16  7  5  2 11  0  3 17  1]
[test_sample_05722] [T1x_rxn6133] ❌ 错误 | 原子数：18
  - 正确映射：[13  2 14  8  7 17  1 12  9  5  4 15 11  6  0 10 16  3]
  - 预测映射：[13  2 14  8  7  1 17 12  5  9  4  3 11 16 10  0  6 15]
[test_sample_05723] [T1x_rxn6134] ❌ 错误 | 原子数：18
  - 正确映射：[10 11 14  1  7  3  8  5  2  4 12  6  0 15  9 17 13 16]
  - 预测映射：[10 11 14  1  7  3  8  4  2  5 12 13  9 15  0 17  6 16]
[test_sample_05724] [T1x_rxn6135] ❌ 错误 | 原子数：18
  - 正确映射：[13  0  2 10 17 12  6  5  8  9  4 11  1 15  3 16  7 14]
  - 预测映射：[13  0  2 10 17  6 12  8  9  4  5 11  7 14 16  3  1 15]
[test_sample_05725] [T1x_rxn6136] ❌ 错误 | 原子数：18
  - 正确映射：[ 0 16 13  7  6 10  8  5  4 11  9 12 15 14  3  1  2 17]
  - 预测映射：[13 16  8  7  6  0 10  2  1 15 17 12 11  9  5  4 14  3]
[test_sample_05726] [T1x_rxn6220] ❌ 错误 | 原子数：18
  - 正确映射：[17  6  3  0  9 12 10  1  4 11  2  8 13 15  7  5 16 14]
  - 预测映射：[17  6  3  0  9 12 10  1  4 11  2  8 13 15 14  5  7 16]
[test_sample_05727] [T1x_rxn6221] ❌ 错误 | 原子数：18
  - 正确映射：[15 17 16  0  7  4 12  2  8 11 13 10 14  6  9  5  1  3]
  - 预测映射：[17 15 16  0  7  4 12 10  6 11 13  2  3  8  9  1 14  5]
[test_sample_05728] [T1x_rxn6222] ❌ 错误 | 原子数：18
  - 正确映射：[15  9  1  8 17  6  0 16  5 14  2 10 12 11  7  3 13  4]
  - 预测映射：[15  9  1  8 17  6  0  2  5 16 12 10 11 14  7  4  3 13]
[test_sample_05729] [T1x_rxn6223] ❌ 错误 | 原子数：18
  - 正确映射：[ 0 13  9 15  7  3  8  4  2 12 17 16  5 10 14 11  6  1]
  - 预测映射：[ 9  0 13 15  7  3  8  2 10  5 17  4 16 12 14 11  6  1]
[test_sample_05730] [T1x_rxn6224] ❌ 错误 | 原子数：18
  - 正确映射：[ 8 14 11 13  4 15 12  2  7  0 16 17  1  3 10  6  9  5]
  - 预测映射：[ 8 14 11 13 12 15  4  2  7 17  6 16  1  3  0  9 10  5]
[test_sample_05731] [T1x_rxn6756] ❌ 错误 | 原子数：18
  - 正确映射：[17 11  1  9 12  2 10  3  7  8 13 14 15  4  0 16  6  5]
  - 预测映射：[17 11  1  9 12  2 10  3  7  8 13 14 15  4  0  6 16  5]
[test_sample_05732] [T1x_rxn6757] ✅ 严格正确 | 原子数：18
[test_sample_05733] [T1x_rxn6758] ❌ 错误 | 原子数：18
  - 正确映射：[12  1 17 15  9  0 13 11  2 14  3  5  7  8 16 10  4  6]
  - 预测映射：[12  9 17  1 15  0 13 14  2 16  7 11  3  5  8  4  6 10]
[test_sample_05734] [T1x_rxn6759] ❌ 错误 | 原子数：18
  - 正确映射：[ 4 13  6 10 15  2  0 17 16  9 11  8  1  5  7 14  3 12]
  - 预测映射：[10 13  6  4 15  2  0  8  5  1 11 17  9 16  7  3 14 12]
[test_sample_05735] [T1x_rxn6760] ❌ 错误 | 原子数：18
  - 正确映射：[ 0  6  5 14 10 12  1 11  2 17  7 13  3  9 16  4 15  8]
  - 预测映射：[ 0  6  5 14 10 12  1 17  2 16 11 13  7  9  3 15  4  8]
[test_sample_05736] [T1x_rxn6960] ❌ 错误 | 原子数：18
  - 正确映射：[ 9  1 14  4  2  3 16 15 13 10 12  7 11 17  8  6  0  5]
  - 预测映射：[ 9  1 14 16  2  3  4 15 10 13 12  5  0 17  6  8 11  7]
[test_sample_05737] [T1x_rxn6961] ✅ 严格正确 | 原子数：18
[test_sample_05738] [T1x_rxn6962] ✅ 严格正确 | 原子数：18
[test_sample_05739] [T1x_rxn6963] ❌ 错误 | 原子数：18
  - 正确映射：[ 3 17  9  8 10 12  4  1  5  2 14 13 15  6  0  7 11 16]
  - 预测映射：[ 3 17  9  8 10 12  4  5  1  2 15 13 14  0  6  7 16 11]
[test_sample_05740] [T1x_rxn6964] ❌ 错误 | 原子数：18
  - 正确映射：[16  5  6  4 10 12 14 15  7  2  3  1 13  9 11 17  0  8]
  - 预测映射：[16  5  6  4 10 12 14  7  2 15  3  1 13  9 11 17  0  8]
[test_sample_05741] [T1x_rxn6965] ✅ 严格正确 | 原子数：18
[test_sample_05742] [T1x_rxn7692] ❌ 错误 | 原子数：18
  - 正确映射：[ 7 13  3  6 16  0 14  9 12  4 17  8  1 11  2 15 10  5]
  - 预测映射：[ 7 13  3  6 16  0 14 12  1 17  8 10 11  9  2  4 15  5]
[test_sample_05743] [T1x_rxn7693] ❌ 错误 | 原子数：18
  - 正确映射：[ 9  3  1 10 11  6  0 12  4 13 16  5  8 17 14  7  2 15]
  - 预测映射：[ 9  3 11 10  1  6  0 12  7 13 15  5  2 14 17  4  8 16]
[test_sample_05744] [T1x_rxn7694] ❌ 错误 | 原子数：18
  - 正确映射：[16  8  4  6 17  3  5 10  2 12  9 14 13 15  7  1  0 11]
  - 预测映射：[ 4  8 16  6  3 17  5 13  9 14 11  0 12  2 10 15  1  7]
[test_sample_05745] [T1x_rxn7695] ❌ 错误 | 原子数：18
  - 正确映射：[10  6  8 17  1  7  9  4  0 15 11  5 14 13 16 12  2  3]
  - 预测映射：[10  6  8 17  1  7  9 13  0  4 15 11 14  5  2 12 16  3]
[test_sample_05746] [T1x_rxn7696] ❌ 错误 | 原子数：18
  - 正确映射：[13  8  3 15  7  9 11 16 17  0 12  4 14  1 10  5  6  2]
  - 预测映射：[ 7  8 13 15  9  3 11 10 16 14  4 12 17  0  5  6  2  1]
[test_sample_05747] [T1x_rxn7697] ❌ 错误 | 原子数：18
  - 正确映射：[14 10 17  8 16  9  7  6 12  5  2  4  3  1  0 15 11 13]
  - 预测映射：[17 10 14  8 16  9  7  4 12  1  6  2  5  3 11 15  0 13]
[test_sample_05748] [T1x_rxn7698] ❌ 错误 | 原子数：18
  - 正确映射：[14 15  2  8 10  7 11 17  9 13  5  3 16  4  1  0 12  6]
  - 预测映射：[15  2 14  8 10  7 11 13  9  5 16  6  4 17  1  0 12  3]
[test_sample_05749] [T1x_rxn7699] ❌ 错误 | 原子数：18
  - 正确映射：[ 1 14 16  2  0 13  7 17 15 12 10  9 11  8  6  4  3  5]
  - 预测映射：[ 0 14  1  2 16 13  7  4 12  5 10 11 15 17  6  3  8  9]
[test_sample_05750] [T1x_rxn7700] ❌ 错误 | 原子数：18
  - 正确映射：[15  2  0  4 11 13  6 17  1 12 16 14  3  7 10  8  5  9]
  - 预测映射：[15  2  0  4 11 13  6  8  7 17  1 16  3 14 10  5  9 12]
[test_sample_05751] [T1x_rxn8323] ✅ 严格正确 | 原子数：18
[test_sample_05752] [T1x_rxn8324] ❌ 错误 | 原子数：18
  - 正确映射：[13  0 14  2  6 16 11  5  4  7 15  9 17  1 10 12  8  3]
  - 预测映射：[13  0 14  2  6 16 11  7  4  5  9 15 17 10  1  3  8 12]
[test_sample_05753] [T1x_rxn8325] ✅ 严格正确 | 原子数：18
[test_sample_05754] [T1x_rxn8326] ❌ 错误 | 原子数：18
  - 正确映射：[13 15  7 10  5 17  9 14  4  2 12  0  1 16 11  3  6  8]
  - 预测映射：[17  5  7 10 15 13  9  3 16  6  1 11  8  0  2 12  4 14]
[test_sample_05755] [T1x_rxn8327] ❌ 错误 | 原子数：18
  - 正确映射：[16 11  5 15 10  4 17  6  0 14  8 12 13  1  7  9  2  3]
  - 预测映射：[16 10 11 15  5  4 17 14  6  0  1  8 12 13  3  2  7  9]
[test_sample_05756] [T1x_rxn8328] ❌ 错误 | 原子数：18
  - 正确映射：[ 9 15  3 17  5  1  8 14  6 10  2 13 12  0 11  4 16  7]
  - 预测映射：[ 3 15  9 17  5  1  8 13  6 10 12 14  2 11  0 16  4  7]
[test_sample_05757] [T1x_rxn8329] ❌ 错误 | 原子数：18
  - 正确映射：[11 14  7 12 10  1  6 16  5  9  0 15 17  4  3  8 13  2]
  - 预测映射：[11 14  7 12 10  1  6 16  5  9  0 15 17  3  8  4  2 13]
[test_sample_05758] [T1x_rxn8330] ❌ 错误 | 原子数：18
  - 正确映射：[ 4 10  6  1  3  5  8  2 12 14 16  0 11  7 13  9 15 17]
  - 预测映射：[ 3 10  6  1  4  5  8 13  7 11 16  0 12  2 14 15  9 17]
[test_sample_05759] [T1x_rxn8661] ❌ 错误 | 原子数：18
  - 正确映射：[17  6 12 14  5 10  2  4  8 13 11  9  1  3 16 15  7  0]
  - 预测映射：[17  6 12 14  5 10  2  8  9 13  4 11  0  1  3 15 16  7]
[test_sample_05760] [T1x_rxn8662] ✅ 严格正确 | 原子数：18
[test_sample_05761] [T1x_rxn8663] ❌ 错误 | 原子数：18
  - 正确映射：[ 7 15  3  9  6  0 17  2 11 14 16  5  8  4 13 10 12  1]
  - 预测映射：[ 9 15  3  7  6  0 17 10 13  4 16  5  8  2 14 11 12  1]
[test_sample_05762] [T1x_rxn8664] ❌ 错误 | 原子数：18
  - 正确映射：[ 2 17 16 14  0 13  7  4  8 15 10  6  3 12 11  9  5  1]
  - 预测映射：[16 14 17  2  0 13  7  3  5  9 12 11  6  8  4 15  1 10]
[test_sample_05763] [T1x_rxn8665] ❌ 错误 | 原子数：18
  - 正确映射：[ 6 17  1 11  7 16 10  9  2 12 14 13 15  0  5  3  4  8]
  - 预测映射：[ 6 17  1 11  7 16 10  2  9 12 13 14  4  5  0  3 15  8]
[test_sample_05764] [T1x_rxn8666] ❌ 错误 | 原子数：18
  - 正确映射：[ 3 12  8  4  9 15  0  6 14 11  5 17 16  1  7 10  2 13]
  - 预测映射：[12  3  8  4  9 15  0 17  2 14 11  6  7  5  1 10 16 13]
[test_sample_05765] [T1x_rxn8667] ❌ 错误 | 原子数：18
  - 正确映射：[ 1 11 10 16  7  5 17  0  4 14 13  9 12  8  2  6 15  3]
  - 预测映射：[ 1 11 10 16  7  5 17  4 15 14  0  9 12 13  6  2  3  8]
[test_sample_05766] [T1x_rxn8668] ❌ 错误 | 原子数：18
  - 正确映射：[12  8  5  9  6 13 15 10 16  7 14  4  2  0  1 17  3 11]
  - 预测映射：[ 9  5  8 12  6 13 15  0 17  1 14  4  2  7 16 10  3 11]
[test_sample_05767] [T1x_rxn8669] ❌ 错误 | 原子数：18
  - 正确映射：[ 5  0  3 17 15  2 14 16 13  1  7 12  9  8 11 10  6  4]
  - 预测映射：[17  0  3  5 15  2 14 11  6  8  7 12 10  9  1 16 13  4]
[test_sample_05768] [T1x_rxn8670] ❌ 错误 | 原子数：18
  - 正确映射：[ 0 10 16 13  8 17  7  2  3 11  6 15 12  4  9 14  1  5]
  - 预测映射：[10  0 16 17  8 13  7  3  4 15 11  6  1  5  2  9 12 14]
[test_sample_05769] [T1x_rxn8671] ❌ 错误 | 原子数：18
  - 正确映射：[ 2  6 14  8 13  1 10  0 16  4 17 12  9  3  5  7 11 15]
  - 预测映射：[ 2  6 14  8 13  1 10  0  4 12 17  3  9  7  5 11 16 15]
[test_sample_05770] [T1x_rxn8672] ❌ 错误 | 原子数：18
  - 正确映射：[ 9  2  8 10  7 12  5 16  1 13  4 15 17  0  3 14  6 11]
  - 预测映射：[10  8  2 12  7  9  5 17 16  0 14  3  1  6 11 15  4 13]
[test_sample_05771] [T1x_rxn8673] ❌ 错误 | 原子数：18
  - 正确映射：[14  2  1  6  5  4  0 12 15 13 17 10  8  3  7 16 11  9]
  - 预测映射：[14  2  1  4  5  6  0 12  8 17 13 10  3 15 11  9  7 16]
[test_sample_05772] [T1x_rxn9655] ❌ 错误 | 原子数：18
  - 正确映射：[ 2  3 16  5  1  4 17  8 12 11  7  0 10  6 13 14  9 15]
  - 预测映射：[17  1 16  5  2  4  3  9 14  6 11 15 13  0 10 12  8  7]
[test_sample_05773] [T1x_rxn9656] ❌ 错误 | 原子数：18
  - 正确映射：[14  3  4  2 15 11 17  5 13  1  7 16  9 10  0  6  8 12]
  - 预测映射：[ 3 14  4  2 15 11 17  1  5 16 13  9 10  8  7 12  0  6]
[test_sample_05774] [T1x_rxn9657] ❌ 错误 | 原子数：18
  - 正确映射：[10 13  6 11  2  7  9  4 17  0 15 16  1  8  3 14  5 12]
  - 预测映射：[10  2  6  9 13  7 11  4  3  0 16 17 14  5 12  1 15  8]
[test_sample_05775] [T1x_rxn9658] ❌ 错误 | 原子数：18
  - 正确映射：[ 1 10 16  8  2 17  3  9  5  4 12 13  6 15 11  0  7 14]
  - 预测映射：[ 1 10 16  8  2 17  3  4  5  7  9 12 11  6 15 13  0 14]
[test_sample_05776] [T1x_rxn9666] ❌ 错误 | 原子数：18
  - 正确映射：[16  9 12 10  5  2 14  1  6  3  7  8 11  4 15  0 13 17]
  - 预测映射：[12  9 16 10  5  2 14  7  4  8 11  6  3  1 15 17 13  0]
[test_sample_05777] [T1x_rxn9667] ❌ 错误 | 原子数：18
  - 正确映射：[17 14  5 16  9 13 11  2 10 15  6  3  1 12  4  0  8  7]
  - 预测映射：[17 14  5 16  9 13 11  2  6  3 10 15  4 12  1  8  0  7]
[test_sample_05778] [T1x_rxn9668] ❌ 错误 | 原子数：18
  - 正确映射：[16 11 12 13  6  0 15  5  1  8  3 14  9 10  7  4 17  2]
  - 预测映射：[11 12 16 13  6  0 15 14  3  5  9 10  7  8  1  2  4 17]
[test_sample_05779] [T1x_rxn9669] ✅ 严格正确 | 原子数：18
[test_sample_05780] [T1x_rxn9748] ❌ 错误 | 原子数：18
  - 正确映射：[ 2  3  0 17  8  4 15 16 11  1 12  7 10  9 14 13  5  6]
  - 预测映射：[ 2  3  0 17  8  4 15 16  1 12  7 11 10  5  9 14 13  6]
[test_sample_05781] [T1x_rxn9749] ❌ 错误 | 原子数：18
  - 正确映射：[11  3  1  5  2  8  7  9 16 17 13  6 12 15  4 14 10  0]
  - 预测映射：[11  3  1  5  2  8  7  9 16 17 13  6 12 15  4 10 14  0]
[test_sample_05782] [T1x_rxn9777] ❌ 错误 | 原子数：18
  - 正确映射：[ 8  5  0 14  2  9 17  4  3 10 16 15 12 11  7 13  6  1]
  - 预测映射：[ 8  5  0 14  2  9 17 10  4  3  1 16 12 11 15  7  6 13]
[test_sample_05783] [T1x_rxn9880] ❌ 错误 | 原子数：18
  - 正确映射：[16  6 11  9 12 15 14  0  4 13  3  5 10  8  2  1 17  7]
  - 预测映射：[11  6 16  9 12 15 14 10  3  5  7 13  4  0  1  8  2 17]
[test_sample_05784] [T1x_rxn9881] ❌ 错误 | 原子数：18
  - 正确映射：[ 2  1  6 10  8 12 15 16 14 11 17 13  7  5  4  3  0  9]
  - 预测映射：[ 2  1  6 10  8 12 15 14  5 16 13  9  7 17  3 11  4  0]
[test_sample_05785] [T1x_rxn9969] ✅ 严格正确 | 原子数：18
[test_sample_05786] [T1x_rxn9970] ❌ 错误 | 原子数：18
  - 正确映射：[ 9 12 11 15  8 10 17 16  3  5  6  0  7  4  1  2 14 13]
  - 预测映射：[ 9 12 11 15  8 10 17 16  0  3  5  7  4  1 14 13  2  6]
[test_sample_05787] [T1x_rxn9971] ❌ 错误 | 原子数：18
  - 正确映射：[ 1 14 11  9  2  0  4 13 16 15  8  3 17  7  6 12 10  5]
  - 预测映射：[11 14  1  9  2  0  4 17 16  3  8 15 13  7 12  6 10  5]
[test_sample_05788] [T1x_rxn9972] ❌ 错误 | 原子数：18
  - 正确映射：[ 9  4  2  1 16  8 17 15  7  3 13 11  6 12  5  0 14 10]
  - 预测映射：[ 9  4  2  1 16  8 17 15  7  3 13 11  6  0 12  5 14 10]
[test_sample_05789] [T1x_rxn1222] ❌ 错误 | 原子数：17
  - 正确映射：[10  3  0  9 16  2  1 14  4 15 13 11  6  8 12  7  5]
  - 预测映射：[ 9 10  0 16  3 11  8  6 13  2  4 12  5  7 14 15  1]
[test_sample_05790] [T1x_rxn1223] ✅ 严格正确 | 原子数：17
[test_sample_05791] [T1x_rxn4222] ❌ 错误 | 原子数：17
  - 正确映射：[ 2 11  1  0  9 16  4 10  7 13 15 14  6  8 12  3  5]
  - 预测映射：[ 2  1  9  0 11 10  4 13 12  5  3 15  7  8  6 14 16]
[test_sample_05792] [T1x_rxn4223] ❌ 错误 | 原子数：17
  - 正确映射：[ 7  2 15 10  6 11  4 12  3 13 16  1  5  0 14  9  8]
  - 预测映射：[15  2  7  6 10 16  3 13  4 12 11  8 14  9  0  1  5]
[test_sample_05793] [T1x_rxn0566] ❌ 错误 | 原子数：18
  - 正确映射：[ 7 12  0  1  2  6  3  4 11 13  8 17  9  5 16 15 14 10]
  - 预测映射：[ 2 12  0  7  1  6  5  9 16 13  4 11  8 10 17 14 15  3]
[test_sample_05794] [T1x_rxn0567] ❌ 错误 | 原子数：18
  - 正确映射：[16  0  3 11  8 15 17  7  6  1  9 13 10 14  2 12  4  5]
  - 预测映射：[11  0  3 15  8 16  1 13  9  5 12  4 17 10  2  7  6 14]
[test_sample_05795] [T1x_rxn0568] ❌ 错误 | 原子数：18
  - 正确映射：[ 4 15 12  3  1 13 14 11  9  6 16  0  8  5  2  7 17 10]
  - 预测映射：[ 3 15  4 12  1 13 14  6 11 16  2  0  8  9  5  7 17 10]
[test_sample_05796] [T1x_rxn0590] ❌ 错误 | 原子数：18
  - 正确映射：[ 8 10  7  0 12  2  1  3 14  4 13 16 17  9 11  6  5 15]
  - 预测映射：[10  7  8  0 12  2  3 13  1 17  9 14  4 11 16 15  6  5]
[test_sample_05797] [T1x_rxn0591] ❌ 错误 | 原子数：18
  - 正确映射：[ 9 12 17  3  1  2 11  4  7 13  5 10 15 14 16  8  6  0]
  - 预测映射：[ 9 12 17  2  1  3 11  7  4 13 10  5 15  6  0 14 16  8]
[test_sample_05798] [T1x_rxn0592] ❌ 错误 | 原子数：18
  - 正确映射：[ 7  9 16  0  4 14 15  6  1 12 11 13  8  3  2 17  5 10]
  - 预测映射：[16  9  0  7  4 14 15  8 13 12  1  3  2  6  5 17 10 11]
[test_sample_05799] [T1x_rxn0996] ❌ 错误 | 原子数：18
  - 正确映射：[16  1 17  3 12  8  5 10  7 13  4  6  2 11  9 14  0 15]
  - 预测映射：[16  1 17  3 12  8  5 10  7 13  4  6  2  9  0 14 15 11]
[test_sample_05800] [T1x_rxn0997] ❌ 错误 | 原子数：18
  - 正确映射：[17  4  5 13 11  7 12 16  9 10  2 15  6  3  1  8  0 14]
  - 预测映射：[17  4  5 13 11  7  9 16 12 15  6 10  2  0  1 14  3  8]
[test_sample_05801] [T1x_rxn0998] ❌ 错误 | 原子数：18
  - 正确映射：[15 16  7  2  8 12  6  0  5 17 11  3 14 10  1  9  4 13]
  - 预测映射：[15 16  7  2 12  8 17  0  6  3 11 14  5 13  9  4 10  1]
[test_sample_05802] [T1x_rxn1479] ❌ 错误 | 原子数：18
  - 正确映射：[16  6  0  9 14 13 10  8 15  4  1  2 11 17  7 12  3  5]
  - 预测映射：[16  6  0  9 14 13 10  8 15  4  1  2 11 17  7  3  5 12]
[test_sample_05803] [T1x_rxn1480] ❌ 错误 | 原子数：18
  - 正确映射：[15  8 12  7  9 14 13  4  6 11  1  3 10 16  5 17  2  0]
  - 预测映射：[ 7 12  8 15  9 14 17 10 16  5  3  1  4  6 11 13  0  2]
[test_sample_05804] [T1x_rxn1706] ✅ 严格正确 | 原子数：18
[test_sample_05805] [T1x_rxn1707] ❌ 错误 | 原子数：18
  - 正确映射：[12 16 15 10  9  4  0 14 13  3  6  5 17  7  2 11  8  1]
  - 预测映射：[12 16 15 10  9  4 14 13  0  3  6  5 17  7  2 11  8  1]
[test_sample_05806] [T1x_rxn1708] ✅ 严格正确 | 原子数：18
[test_sample_05807] [T1x_rxn2253] ❌ 错误 | 原子数：18
  - 正确映射：[ 2 14  0 17 10  4 11 15 16  7 13  3  1  9  5  6 12  8]
  - 预测映射：[14  0  2 17 10  4 13  9  7  3 15 16 11 12  6  8  1  5]
[test_sample_05808] [T1x_rxn2254] ❌ 错误 | 原子数：18
  - 正确映射：[ 4  0  7  2  9 12 13  3 14  6 16 10  5 17  8  1 15 11]
  - 预测映射：[ 4  0  7  2  9 12 14  3 10  6  1 16  5 13 17  8 15 11]
[test_sample_05809] [T1x_rxn2255] ❌ 错误 | 原子数：18
  - 正确映射：[16  4 17 15  2  5 11 12  0  9  6  7 10  3  8  1 13 14]
  - 预测映射：[16  4 17 15  2  5  0 12  7  9  6 10 14 11  8  1 13  3]
[test_sample_05810] [T1x_rxn2256] ❌ 错误 | 原子数：18
  - 正确映射：[ 5 15  1  3  7  8 16 10 12 13 14  6 17  0  9  2 11  4]
  - 预测映射：[15  3  5  7  1  8  2 11 13 12 10 16  0  9 14 17  6  4]
[test_sample_05811] [T1x_rxn2257] ✅ 严格正确 | 原子数：18
[test_sample_05812] [T1x_rxn2258] ❌ 错误 | 原子数：18
  - 正确映射：[ 4  9 12 17 11  6 14  1 16 10  2  5  7  3 15  0  8 13]
  - 预测映射：[11  9 12 17  4  6  8 15  0 10  2  5 13  3 16  7 14  1]
[test_sample_05813] [T1x_rxn2449] ❌ 错误 | 原子数：18
  - 正确映射：[ 0  5  6 10  2 16  1  8  4  9 15  7 17 14 13 12 11  3]
  - 预测映射：[ 0  5  6 10  2 16  1  8  9  4 15 17  7 14  3 13 12 11]
[test_sample_05814] [T1x_rxn2588] ❌ 错误 | 原子数：18
  - 正确映射：[ 5  7 13  6  9 12 11  3  1 16 17  4  8 14  0 15  2 10]
  - 预测映射：[ 5  9 13  6  7 12  2 11  3  1  0  8  4 14 16 10 17 15]
[test_sample_05815] [T1x_rxn2589] ✅ 严格正确 | 原子数：18
[test_sample_05816] [T1x_rxn2590] ❌ 错误 | 原子数：18
  - 正确映射：[ 7  2  1 14 13 16  3  5 17  0  6  8  9  4 11 12 15 10]
  - 预测映射：[13  7  1 14  2 16 15 11  5  0 12  8  4  9  6  3 17 10]
[test_sample_05817] [T1x_rxn2591] ❌ 错误 | 原子数：18
  - 正确映射：[16  1  7 15  2 12 17  5 14  3 10  4  8  0  6  9 13 11]
  - 预测映射：[16  1  7 15  2 12 17 10  5  3  4  6  0  9 13 11 14  8]
[test_sample_05818] [T1x_rxn3039] ❌ 错误 | 原子数：18
  - 正确映射：[12  2  4  6  3 10  7 14  1  0 17  9 15  8 16 11  5 13]
  - 预测映射：[ 3  6  4  2 12 10 16  8 15 13  9  0  1  7 17 11  5 14]
[test_sample_05819] [T1x_rxn3040] ❌ 错误 | 原子数：18
  - 正确映射：[16  7 13 14  9 10 11  6 12 15  0  4  1  2  5  3 17  8]
  - 预测映射：[ 7 16 13 14  9 10  0 15 12  6 11 17  2  1  5  3  4  8]
[test_sample_05820] [T1x_rxn3041] ✅ 严格正确 | 原子数：18
[test_sample_05821] [T1x_rxn3042] ❌ 错误 | 原子数：18
  - 正确映射：[ 2 12  3  6  9  0 17  8  5  1  4  7 10 15 14 16 11 13]
  - 预测映射：[ 2  9  3  6  0 12 14 17  8  5 15 10 11 16 13  1  7  4]
[test_sample_05822] [T1x_rxn3043] ✅ 严格正确 | 原子数：18
[test_sample_05823] [T1x_rxn3429] ❌ 错误 | 原子数：18
  - 正确映射：[ 8 12 15 11  6 14  2 10  3  7  5 13  4 16  9  0 17  1]
  - 预测映射：[11 12  8 15  6 14 17 16  2  7 10  4  3  5 13  0  1  9]
[test_sample_05824] [T1x_rxn3430] ❌ 错误 | 原子数：18
  - 正确映射：[15 14  9  7  4  2 16  5 17 13  0 12  6 11 10  1  8  3]
  - 预测映射：[15 14  9  7  4  2 16 13 17  5  6 12  0  8 10  1 11  3]
[test_sample_05825] [T1x_rxn3431] ✅ 严格正确 | 原子数：18
[test_sample_05826] [T1x_rxn3432] ❌ 错误 | 原子数：18
  - 正确映射：[ 1 14 16  5 15  0 12 17  6  8  3 10 11 13  2  9  4  7]
  - 预测映射：[ 5 14 16  1 15  0  9 13  2  8  3 11 10  6 12  4  7 17]
[test_sample_05827] [T1x_rxn3433] ❌ 错误 | 原子数：18
  - 正确映射：[12  0  2 15  8  1  9  3 16  4  6  7 14 17 10 13  5 11]
  - 预测映射：[ 2  0 12 15  8  1  7  6 14  4  9 16  3 17 13 10  5 11]
[test_sample_05828] [T1x_rxn3434] ✅ 严格正确 | 原子数：18
[test_sample_05829] [T1x_rxn3910] ❌ 错误 | 原子数：18
  - 正确映射：[ 4 14  5 17  9 15  0 12  6  8 13  1  3  2 11 16  7 10]
  - 预测映射：[ 4 14  5 17  9 15  0 12  6  8 13  2  3 11  1  7 10 16]
[test_sample_05830] [T1x_rxn3911] ❌ 错误 | 原子数：18
  - 正确映射：[ 8 13 17 12  5 16 15  6  7  0  9  1  2 10  4 11  3 14]
  - 预测映射：[ 8 13 17 12  5 16 15  6  7  0  9  1  2  4  3 11 14 10]
[test_sample_05831] [T1x_rxn3965] ❌ 错误 | 原子数：18
  - 正确映射：[ 0 11 16  1 14  4 17  8  6  7  5  9 13 12  3 15  2 10]
  - 预测映射：[ 0 11 16  1 14  4  2 17  7  5 12  9  6 13  8  3 15 10]
[test_sample_05832] [T1x_rxn3966] ❌ 错误 | 原子数：18
  - 正确映射：[ 4 15  1  3  0  9 13  8 17 16  6  2  7 11 10 12  5 14]
  - 预测映射：[ 0 15  1  3  4  9  5 14 12  6  7  2 11 10  8 16 13 17]
[test_sample_05833] [T1x_rxn4802] ❌ 错误 | 原子数：18
  - 正确映射：[10 13  3  2  1  6 17  5  9  7  0 11  4 16 15 14 12  8]
  - 预测映射：[10 13  3  2  1  6  0 17  9  5  7 11 15  4 16 12  8 14]
[test_sample_05834] [T1x_rxn4803] ❌ 错误 | 原子数：18
  - 正确映射：[11 13  7  0 15 16  8 12  5 17  3  6  9  4  2  1 10 14]
  - 预测映射：[11 13  7  0 15 16 12 17  5  3  8  6  9  4  2 14  1 10]
[test_sample_05835] [T1x_rxn4804] ❌ 错误 | 原子数：18
  - 正确映射：[ 6 15 16 12 13  4  2  5 11  0 10  8 14  9  1  3  7 17]
  - 预测映射：[ 6 15 16 12 13  4  2  7  5  0 11 10 14  9  1  3 17  8]
[test_sample_05836] [T1x_rxn4805] ✅ 严格正确 | 原子数：18
[test_sample_05837] [T1x_rxn9042] ❌ 错误 | 原子数：18
  - 正确映射：[12  9  1 10  4  7 17 16 11  3  5 14  0  8 15  2 13  6]
  - 预测映射：[ 1 12  9 10  4  7 16 14  0 17 11  3  5  8 15  2 13  6]
[test_sample_05838] [T1x_rxn9043] ❌ 错误 | 原子数：18
  - 正确映射：[ 7  3  5  6  9 14 10  4 12  1 17 11  0  8 16 15 13  2]
  - 预测映射：[ 7  3  5  6  9 14 10 12  4 17  1  0 11  8  2 15 13 16]
[test_sample_05839] [T1x_rxn9105] ❌ 错误 | 原子数：18
  - 正确映射：[ 0  8  1  6 12 13 10  2 11  9  5 16  4 14 15  3 17  7]
  - 预测映射：[ 1  6  8  0 12 13 16  9 15  4 14  5 10  2 11 17  3  7]
[test_sample_05840] [T1x_rxn9250] ❌ 错误 | 原子数：18
  - 正确映射：[15 12 14  6  3 13  7  8 17  9  2  4 11  0  1 16  5 10]
  - 预测映射：[ 6 15 14 12  3 13  4 11  0  7  8 17  9  1 10  5 16  2]
[test_sample_05841] [T1x_rxn9344] ❌ 错误 | 原子数：18
  - 正确映射：[ 7 17 14  9 15 13 10 12  0  4  8  5  3 16 11  2  6  1]
  - 预测映射：[ 7 17  9 14 15 13  0  8 12 10  5 11 16  3  2  4  6  1]
[test_sample_05842] [T1x_rxn9397] ❌ 错误 | 原子数：18
  - 正确映射：[ 6  4 13  8 10 11  9  5 14  3  1  0 15 16 17  2  7 12]
  - 预测映射：[11 10 13  8  6  4  2 12  7 16 17  0 15  5  3  9  1 14]
[test_sample_05843] [T1x_rxn4851] ❌ 错误 | 原子数：19
  - 正确映射：[ 1  3 17  2  4  7 11 15 16 12  5  8 13 18 10  9  6 14  0]
  - 预测映射：[ 1  3 17  2  4  7 11 15 16 12  5  8 13  9 10 14  0  6 18]
[test_sample_05844] [T1x_rxn4852] ❌ 错误 | 原子数：19
  - 正确映射：[ 2 13  5 14  8  1  0  9  7  6 11 17 12  4  3 16 18 10 15]
  - 预测映射：[ 2 13  5 14  1  8  0  9  7  6 11 17 12  4 16 10  3 18 15]
[test_sample_05845] [T1x_rxn4853] ❌ 错误 | 原子数：19
  - 正确映射：[15  9 14  0  3 16 13  2  1 18  7 12  4  8  6 10  5 11 17]
  - 预测映射：[ 9 14 15  0  3 16 13  7 12 18  4  6  2  1  5 10 17 11  8]
[test_sample_05846] [T1x_rxn4854] ❌ 错误 | 原子数：19
  - 正确映射：[11  3  1 14 10  2  0 13  6  9 17  7 18 12  8 16 15  5  4]
  - 预测映射：[11  3  1 14 10  2  0  9 13  6 18 17 12  4  8  7 15  5 16]
[test_sample_05847] [T1x_rxn6060] ❌ 错误 | 原子数：19
  - 正确映射：[16 18  6 17 12 11 10 15  9  0  8 14  7  5  2  3 13  1  4]
  - 预测映射：[11 10  6 12 17 16 18  3 13  1 14  8  2  5 15  7  4  9  0]
[test_sample_05848] [T1x_rxn6061] ❌ 错误 | 原子数：19
  - 正确映射：[ 0  2  6 10  5 11  7 14  3 13 16 15  9 18 17  4  8  1 12]
  - 预测映射：[ 0  2  6 10  5 11  7 14  3 13 16 15  9 18 17  4  1  8 12]
[test_sample_05849] [T1x_rxn6062] ❌ 错误 | 原子数：19
  - 正确映射：[14 13  8 12  1 18 10  9  5  6  0  4 15 17  3 16  7 11  2]
  - 预测映射：[14 13  8 12  1 18 10 15  9  6  0  4 17 16  3  7  2 11  5]
[test_sample_05850] [T1x_rxn6063] ❌ 错误 | 原子数：19
  - 正确映射：[ 6  9  8 10  2 11 17  1 12 14  5 16 18  7  0  4  3 15 13]
  - 预测映射：[10 17  8  2 11  6  9 16 18  7  5  0  4 15 12  3  1 14 13]
[test_sample_05851] [T1x_rxn6064] ✅ 严格正确 | 原子数：19
[test_sample_05852] [T1x_rxn6065] ❌ 错误 | 原子数：19
  - 正确映射：[ 4 13  6  1  9  5  3  7  2 16 12  0 11 10 18 15  8 14 17]
  - 预测映射：[ 6 13  9  1  5  4  3  0 17 11 12 18 10 15 14  8  7 16  2]
[test_sample_05853] [T1x_rxn6105] ❌ 错误 | 原子数：19
  - 正确映射：[ 2 15 13 18 11 16 14  1  8  4  0  7 17  6 12 10  5  9  3]
  - 预测映射：[ 2 15 13 18 11 16 14  1  8  4  0  7 17  6  3  9  5 12 10]
[test_sample_05854] [T1x_rxn6106] ✅ 严格正确 | 原子数：19
[test_sample_05855] [T1x_rxn6107] ❌ 错误 | 原子数：19
  - 正确映射：[11  4  2  3  8  6 12  0  5 15 16  1 13  9  7 14 17 10 18]
  - 预测映射：[11  4  6  3  2  8 12  9  5  0 16 15 14 18 13 17  7 10  1]
[test_sample_05856] [T1x_rxn6108] ❌ 错误 | 原子数：19
  - 正确映射：[18 15 11 16  5  3 14 17  8 12  7  0 10  4  9  6  1  2 13]
  - 预测映射：[18 15 11 16  5  3 14  8 17 12  0  7  9 10  2  4  6  1 13]
[test_sample_05857] [T1x_rxn6109] ❌ 错误 | 原子数：19
  - 正确映射：[ 7 13  4  8 16  5 12 17  0 14  2 11 10  3  1 18  6  9 15]
  - 预测映射：[ 7 13  4  8 16  5 12  2 11 14 17  0 18 10 15  1  6  9  3]
[test_sample_05858] [T1x_rxn6110] ❌ 错误 | 原子数：19
  - 正确映射：[ 8 11 15 12  7 16  5 10  1  9  3  6  4 18  0  2 14 17 13]
  - 预测映射：[ 8 11 15 12  7 16  5 10  1  9  3  6  4 18 14 13  2 17  0]
[test_sample_05859] [T1x_rxn6111] ❌ 错误 | 原子数：19
  - 正确映射：[ 9  8  6  5 14  3  1 11 16 12  7 18 15 17 10  2 13  0  4]
  - 预测映射：[ 3 14  6  1  8  9  5 10  0 13  4  2 18  7 15 12 11 16 17]
[test_sample_05860] [T1x_rxn6112] ❌ 错误 | 原子数：19
  - 正确映射：[15 14  4 12  9 10 18  6 13 16 11  7  5  8  3  2 17  1  0]
  - 预测映射：[14 15  4 18  9 10 12  3  5  7 16 13  1 11  6 17  0  2  8]
[test_sample_05861] [T1x_rxn6113] ❌ 错误 | 原子数：19
  - 正确映射：[14 11  4 17 13 10 15  7  2  6  8  9  1 18 12  3  5 16  0]
  - 预测映射：[14 11  4 17 13 10 15  2  6  7 18  8  1  0 12  3 16  9  5]
[test_sample_05862] [T1x_rxn6114] ❌ 错误 | 原子数：19
  - 正确映射：[ 7  5  1 11  8 10 15  9  4  0 18  6  2 17 16 13 14  3 12]
  - 预测映射：[ 7  5  1 11 10  8 15  9  4  0 18  6  2 17  3 12 14 13 16]
[test_sample_05863] [T1x_rxn6115] ❌ 错误 | 原子数：19
  - 正确映射：[ 0 16 10  9 18 15 14  8  3 12  2  6 11 17  7  1  5  4 13]
  - 预测映射：[ 0 16 10  9 18 15 14  3  8 12  6  2 11  7 17  4  5  1 13]
[test_sample_05864] [T1x_rxn6912] ❌ 错误 | 原子数：19
  - 正确映射：[ 1  2 11  0 17  4 13  8  5  9 10 16 18  7 14  3  6 15 12]
  - 预测映射：[ 2  1 11  0 17  4 13 16 10  9  5 18  7  8 14  3  6 15 12]
[test_sample_05865] [T1x_rxn6913] ❌ 错误 | 原子数：19
  - 正确映射：[ 3 16  5 12 15 17  7 11  1 14  8  4  0  2  6 18 13  9 10]
  - 预测映射：[16 12  5 15  3 17  7  4  8 14  0  2 18  6  1 11 10  9 13]
[test_sample_05866] [T1x_rxn6914] ❌ 错误 | 原子数：19
  - 正确映射：[ 6 15 12  2  0  9 10 17 16  4  1  7 14  8 18 11  5  3 13]
  - 预测映射：[ 6 15 12 10  2  9  0 17  1  4 16  7 13  5  8 14 18 11  3]
[test_sample_05867] [T1x_rxn6990] ❌ 错误 | 原子数：19
  - 正确映射：[15  9  8 16  1  4  5  7 13 11 10 18  2 17  3  6  0 12 14]
  - 预测映射：[15  9  8 16  1  4  5  7 11 13 10  2 18  3 17  6 12  0 14]
[test_sample_05868] [T1x_rxn6991] ❌ 错误 | 原子数：19
  - 正确映射：[ 6 16 18  8  3 13  0  4  2  7 10 11  5 17 14 15 12  1  9]
  - 预测映射：[ 6 16 18  8  3 13  0  2  7  4 15 10  5 12 14 17  1 11  9]
[test_sample_05869] [T1x_rxn6992] ❌ 错误 | 原子数：19
  - 正确映射：[13 16  4  7 12 17  8 15  0 18 11  9  5  6 10  1  3 14  2]
  - 预测映射：[12 16  4  7 13 17  8  1  6 10 11  9  5  0 18 15  2 14  3]
[test_sample_05870] [T1x_rxn6993] ❌ 错误 | 原子数：19
  - 正确映射：[ 9  8  1 18 15  4 13 11 10  3  7  2  0 16  5 12 14  6 17]
  - 预测映射：[ 9  8  1 18 15  4 13 11 10  3  7  2 17 16 12  0 14  5  6]
[test_sample_05871] [T1x_rxn6994] ❌ 错误 | 原子数：19
  - 正确映射：[ 5 15 12 17 16  4 10 11  0  2  9  6 18  7  3 13 14  1  8]
  - 预测映射：[ 5 15 12 17 16  4 10  2  0 11  6  9  1  7  3 14 18 13  8]
[test_sample_05872] [T1x_rxn9474] ❌ 错误 | 原子数：19
  - 正确映射：[14  6  3 18  8 13  0  9 17  4  2  1 12 15  7 16  5 10 11]
  - 预测映射：[ 6  3 14 18  8 13  0  2  9  4 12  1 17 15  7 16  5 10 11]
[test_sample_05873] [T1x_rxn9475] ✅ 严格正确 | 原子数：19
[test_sample_05874] [T1x_rxn9476] ❌ 错误 | 原子数：19
  - 正确映射：[17 18  6 10 15 14  9  8 13  0  3  7  2 16  1  5 12  4 11]
  - 预测映射：[17 18  6 10 15 14  9 13  7  8  0  2  1 16  4 12  3  5 11]
[test_sample_05875] [T1x_rxn9477] ❌ 错误 | 原子数：19
  - 正确映射：[15 14  4 16 18  9  3  0 10 13 12  7  2  1  6  8 11  5 17]
  - 预测映射：[18  9  4 16 14 15  3  6  1  8  5 11  2 10 17  7 12  0 13]
[test_sample_05876] [T1x_rxn9645] ❌ 错误 | 原子数：19
  - 正确映射：[ 8  7  0  6 18 14 10  9 16  4  5 11 13 12  2 15  1 17  3]
  - 预测映射：[ 6  7  0  8 18 14 10 16 13 11 12  4  9  5  1 15  2 17  3]
[test_sample_05877] [T1x_rxn9646] ❌ 错误 | 原子数：19
  - 正确映射：[12  1 16  6 18 14  5  0 10 15 17 11  4  8  9  2  3  7 13]
  - 预测映射：[12  1 16  6 18 14  5 10 15  0 17  8 11  4  9  2  3  7 13]
[test_sample_05878] [T1x_rxn9651] ❌ 错误 | 原子数：19
  - 正确映射：[10 15 12  4  9  5  2  8  3 17  7 16  0  6  1 11 14 18 13]
  - 预测映射：[15 12 10  4  9  5  2 17  3 16  7  0  8  6  1 18 11 14 13]
[test_sample_05879] [T1x_rxn9652] ❌ 错误 | 原子数：19
  - 正确映射：[ 4  8  1  3 18  5 14 10 13 15  7  9 11 16 17  2  6 12  0]
  - 预测映射：[ 4  8  1  3 18  5 14  7 10 15  9 13 11 16 17 12  2  6  0]
[test_sample_05880] [T1x_rxn9653] ❌ 错误 | 原子数：19
  - 正确映射：[14 17  1  3 13 12 10  2  8  5  0  4 11 18 16 15  6  7  9]
  - 预测映射：[12 13  1  3 17 14 10  0 15  7 16  6  4 18 11  2  8  5  9]
[test_sample_05881] [T1x_rxn9771] ❌ 错误 | 原子数：19
  - 正确映射：[10 13  6  4 11  5 12  9  1 15  7 14  3  2  0  8 17 16 18]
  - 预测映射：[13 10  6  4 11  5 12 14  3  7 15  9  2  1  0  8 17 16 18]
[test_sample_05882] [T1x_rxn0999] ✅ 严格正确 | 原子数：8
[test_sample_05883] [T1x_rxn1000] ✅ 严格正确 | 原子数：8
[test_sample_05884] [T1x_rxn1001] ❌ 错误 | 原子数：8
  - 正确映射：[6 1 0 5 3 7 4 2]
  - 预测映射：[6 5 3 7 0 1 2 4]
[test_sample_05885] [T1x_rxn2055] ✅ 严格正确 | 原子数：8
[test_sample_05886] [T1x_rxn2056] ✅ 严格正确 | 原子数：8
[test_sample_05887] [T1x_rxn2057] ❌ 错误 | 原子数：8
  - 正确映射：[6 5 7 0 3 2 4 1]
  - 预测映射：[6 5 2 3 7 0 4 1]
[test_sample_05888] [T1x_rxn2058] ✅ 严格正确 | 原子数：8
[test_sample_05889] [T1x_rxn2059] ❌ 错误 | 原子数：8
  - 正确映射：[1 3 7 5 4 2 0 6]
  - 预测映射：[1 3 2 4 5 7 0 6]
[test_sample_05890] [T1x_rxn2060] ❌ 错误 | 原子数：8
  - 正确映射：[7 5 0 3 6 4 1 2]
  - 预测映射：[7 6 4 3 5 0 2 1]
[test_sample_05891] [T1x_rxn9180] ❌ 错误 | 原子数：8
  - 正确映射：[0 6 2 1 3 5 4 7]
  - 预测映射：[0 6 2 5 1 3 4 7]
[test_sample_05892] [T1x_rxn5790] ✅ 严格正确 | 原子数：10
[test_sample_05893] [T1x_rxn5791] ✅ 严格正确 | 原子数：10
[test_sample_05894] [T1x_rxn5792] ❌ 错误 | 原子数：10
  - 正确映射：[6 3 1 8 9 2 7 5 0 4]
  - 预测映射：[6 3 1 8 9 2 7 5 4 0]
[test_sample_05895] [T1x_rxn5793] ✅ 严格正确 | 原子数：10
[test_sample_05896] [T1x_rxn5794] ❌ 错误 | 原子数：10
  - 正确映射：[1 9 0 8 5 7 3 4 6 2]
  - 预测映射：[1 9 0 8 5 3 7 4 2 6]
[test_sample_05897] [T1x_rxn5795] ❌ 错误 | 原子数：10
  - 正确映射：[2 8 3 0 6 5 7 9 4 1]
  - 预测映射：[2 8 3 0 6 5 7 9 1 4]
[test_sample_05898] [T1x_rxn5796] ✅ 严格正确 | 原子数：10
[test_sample_05899] [T1x_rxn5797] ✅ 严格正确 | 原子数：10
[test_sample_05900] [T1x_rxn5798] ✅ 严格正确 | 原子数：10
[test_sample_05901] [T1x_rxn7053] ❌ 错误 | 原子数：10
  - 正确映射：[9 4 2 0 3 5 6 1 8 7]
  - 预测映射：[9 4 2 0 3 5 6 8 1 7]
[test_sample_05902] [T1x_rxn7054] ❌ 错误 | 原子数：10
  - 正确映射：[7 5 9 2 0 1 4 8 6 3]
  - 预测映射：[7 2 5 4 0 1 9 8 6 3]
[test_sample_05903] [T1x_rxn7055] ❌ 错误 | 原子数：10
  - 正确映射：[1 8 2 6 3 4 7 0 9 5]
  - 预测映射：[1 8 6 7 3 4 2 0 9 5]
[test_sample_05904] [T1x_rxn7056] ✅ 严格正确 | 原子数：10
[test_sample_05905] [T1x_rxn7057] ✅ 严格正确 | 原子数：10
[test_sample_05906] [T1x_rxn7058] ✅ 严格正确 | 原子数：10
[test_sample_05907] [T1x_rxn7065] ❌ 错误 | 原子数：10
  - 正确映射：[0 6 9 4 2 1 8 5 3 7]
  - 预测映射：[0 6 9 4 2 1 8 3 5 7]
[test_sample_05908] [T1x_rxn7066] ❌ 错误 | 原子数：10
  - 正确映射：[8 3 7 0 1 2 5 6 4 9]
  - 预测映射：[8 3 7 1 0 2 5 6 4 9]
[test_sample_05909] [T1x_rxn7067] ✅ 严格正确 | 原子数：10
[test_sample_05910] [T1x_rxn7068] ✅ 严格正确 | 原子数：10
[test_sample_05911] [T1x_rxn7069] ❌ 错误 | 原子数：10
  - 正确映射：[9 8 1 0 3 4 2 5 7 6]
  - 预测映射：[9 8 1 0 3 4 2 7 5 6]
[test_sample_05912] [T1x_rxn7070] ✅ 严格正确 | 原子数：10
[test_sample_05913] [T1x_rxn7071] ✅ 严格正确 | 原子数：10
[test_sample_05914] [T1x_rxn9613] ✅ 严格正确 | 原子数：10
[test_sample_05915] [T1x_rxn9614] ❌ 错误 | 原子数：10
  - 正确映射：[1 2 0 4 7 9 3 8 6 5]
  - 预测映射：[1 2 4 9 7 3 0 8 6 5]
[test_sample_05916] [T1x_rxn9615] ✅ 严格正确 | 原子数：10
[test_sample_05917] [T1x_rxn9793] ✅ 严格正确 | 原子数：10
[test_sample_05918] [T1x_rxn9794] ❌ 错误 | 原子数：10
  - 正确映射：[2 6 9 1 8 0 5 4 7 3]
  - 预测映射：[2 6 9 1 8 0 5 3 7 4]
[test_sample_05919] [T1x_rxn1624] ❌ 错误 | 原子数：9
  - 正确映射：[1 2 7 3 4 6 8 5 0]
  - 预测映射：[1 2 7 4 3 6 8 5 0]
[test_sample_05920] [T1x_rxn1625] ❌ 错误 | 原子数：9
  - 正确映射：[7 4 6 8 0 2 1 5 3]
  - 预测映射：[7 4 6 8 0 1 5 2 3]
[test_sample_05921] [T1x_rxn1626] ❌ 错误 | 原子数：9
  - 正确映射：[3 2 8 5 4 6 0 7 1]
  - 预测映射：[4 5 8 2 3 1 7 6 0]
[test_sample_05922] [T1x_rxn2012] ❌ 错误 | 原子数：9
  - 正确映射：[8 1 5 2 6 7 3 4 0]
  - 预测映射：[2 6 5 1 8 0 4 3 7]
[test_sample_05923] [T1x_rxn9129] ❌ 错误 | 原子数：9
  - 正确映射：[3 0 5 6 4 2 1 8 7]
  - 预测映射：[3 0 5 6 4 2 8 1 7]
[test_sample_05924] [T1x_rxn9178] ❌ 错误 | 原子数：9
  - 正确映射：[2 1 8 0 3 6 7 4 5]
  - 预测映射：[3 0 8 1 2 5 4 7 6]
[test_sample_05925] [T1x_rxn10045] ✅ 严格正确 | 原子数：11
[test_sample_05926] [T1x_rxn10046] ❌ 错误 | 原子数：11
  - 正确映射：[10  1  3  9  6  5  8  4  7  0  2]
  - 预测映射：[10  1  3  9  6  5  8  7  4  0  2]
[test_sample_05927] [T1x_rxn10047] ❌ 错误 | 原子数：11
  - 正确映射：[ 1  8  9  3  6  7  4  0  5 10  2]
  - 预测映射：[ 1  8  9  3  6  7  4  0 10  5  2]
[test_sample_05928] [T1x_rxn10048] ✅ 严格正确 | 原子数：11
[test_sample_05929] [T1x_rxn7703] ❌ 错误 | 原子数：11
  - 正确映射：[ 7  4  8  6  5  9  3  1  2  0 10]
  - 预测映射：[ 7  4  3  8  9  5  6  1 10  2  0]
[test_sample_05930] [T1x_rxn7704] ✅ 严格正确 | 原子数：11
[test_sample_05931] [T1x_rxn7705] ✅ 严格正确 | 原子数：11
[test_sample_05932] [T1x_rxn7706] ✅ 严格正确 | 原子数：11
[test_sample_05933] [T1x_rxn7707] ❌ 错误 | 原子数：11
  - 正确映射：[ 4  1  2  6 10  9  0  7  8  3  5]
  - 预测映射：[ 0  2  4  6 10  9  1  5  8  3  7]
[test_sample_05934] [T1x_rxn7708] ❌ 错误 | 原子数：11
  - 正确映射：[ 7  6  9  8 10  1  3  0  2  4  5]
  - 预测映射：[ 7  6  9  8 10  1  3  0  4  2  5]
[test_sample_05935] [T1x_rxn7709] ✅ 严格正确 | 原子数：11
[test_sample_05936] [T1x_rxn7710] ❌ 错误 | 原子数：11
  - 正确映射：[ 2 10  0  1  6  7  4  5  9  3  8]
  - 预测映射：[ 2  4  0  1  7  6 10  8  9  3  5]
[test_sample_05937] [T1x_rxn7711] ❌ 错误 | 原子数：11
  - 正确映射：[ 9  6  7 10  3  1  8  5  0  2  4]
  - 预测映射：[ 9  6 10  7  3  1  8  5  0  4  2]
[test_sample_05938] [T1x_rxn7712] ✅ 严格正确 | 原子数：11
[test_sample_05939] [T1x_rxn8129] ✅ 严格正确 | 原子数：11
[test_sample_05940] [T1x_rxn8130] ✅ 严格正确 | 原子数：11
[test_sample_05941] [T1x_rxn8131] ❌ 错误 | 原子数：11
  - 正确映射：[ 7  9  6  2  8  5 10  0  1  4  3]
  - 预测映射：[ 8  5  6  2  9  7 10  3  1  4  0]
[test_sample_05942] [T1x_rxn8132] ❌ 错误 | 原子数：11
  - 正确映射：[ 7  8  9  0  2  3  6  1  4  5 10]
  - 预测映射：[ 3  7  8  6  2  9  0  1  4  5 10]
[test_sample_05943] [T1x_rxn8133] ❌ 错误 | 原子数：11
  - 正确映射：[10  5  3  1  0  2  4  9  6  7  8]
  - 预测映射：[10  5  3  1  0  2  4  9  7  6  8]
[test_sample_05944] [T1x_rxn8134] ✅ 严格正确 | 原子数：11
[test_sample_05945] [T1x_rxn8135] ✅ 严格正确 | 原子数：11
[test_sample_05946] [T1x_rxn8136] ❌ 错误 | 原子数：11
  - 正确映射：[ 2  1  8  3  9  4 10  5  7  6  0]
  - 预测映射：[ 2  1  8  3  9  4 10  0  5  7  6]
[test_sample_05947] [T1x_rxn8137] ❌ 错误 | 原子数：11
  - 正确映射：[ 1  0  4  5  9  2  3 10  6  7  8]
  - 预测映射：[ 1  0  4  5  9  2  3 10  7  6  8]
[test_sample_05948] [T1x_rxn8794] ❌ 错误 | 原子数：11
  - 正确映射：[ 6  8  2  5  3  4  7  0  1  9 10]
  - 预测映射：[ 3  6  5  8  2  7  4  9  0 10  1]
[test_sample_05949] [T1x_rxn8795] ✅ 严格正确 | 原子数：11
[test_sample_05950] [T1x_rxn8796] ✅ 严格正确 | 原子数：11
[test_sample_05951] [T1x_rxn8797] ❌ 错误 | 原子数：11
  - 正确映射：[ 4  7  1  2  8  9 10  5  0  6  3]
  - 预测映射：[ 4  7  1  2  8 10  9  5  0  6  3]
[test_sample_05952] [T1x_rxn8798] ✅ 严格正确 | 原子数：11
[test_sample_05953] [T1x_rxn8799] ✅ 严格正确 | 原子数：11
[test_sample_05954] [T1x_rxn8800] ❌ 错误 | 原子数：11
  - 正确映射：[ 0  3 10  7  4  8  2  5  6  1  9]
  - 预测映射：[ 3  0 10  7  4  8  2  5  6  1  9]
[test_sample_05955] [T1x_rxn8801] ✅ 严格正确 | 原子数：11
[test_sample_05956] [T1x_rxn8802] ❌ 错误 | 原子数：11
  - 正确映射：[ 5  4 10  8  9  0  6  7  1  3  2]
  - 预测映射：[ 5  4  8 10  9  0  6  7  1  2  3]
[test_sample_05957] [T1x_rxn9882] ✅ 严格正确 | 原子数：11
[test_sample_05958] [T1x_rxn9883] ❌ 错误 | 原子数：11
  - 正确映射：[ 7  8  3  4  2  5  6  1  0  9 10]
  - 预测映射：[ 7  8  4  3  2  5  6  1  0  9 10]
[test_sample_05959] [T1x_rxn9884] ❌ 错误 | 原子数：11
  - 正确映射：[ 4  9  3 10  6  2  8  1  7  5  0]
  - 预测映射：[ 4  9  3  8  2  6 10  1  0  5  7]
[test_sample_05960] [T1x_rxn1634] ❌ 错误 | 原子数：10
  - 正确映射：[8 3 6 0 9 1 7 2 4 5]
  - 预测映射：[8 3 9 1 6 0 7 2 5 4]
[test_sample_05961] [T1x_rxn2222] ❌ 错误 | 原子数：10
  - 正确映射：[1 0 9 6 2 8 5 3 7 4]
  - 预测映射：[1 0 9 6 8 2 5 3 7 4]
[test_sample_05962] [T1x_rxn2223] ✅ 严格正确 | 原子数：10
[test_sample_05963] [T1x_rxn2224] ✅ 严格正确 | 原子数：10
[test_sample_05964] [T1x_rxn4832] ❌ 错误 | 原子数：11
  - 正确映射：[ 7 10  9  5  0  4  1  2  8  6  3]
  - 预测映射：[ 7  1  9 10  5  0  4  3  2  8  6]
[test_sample_05965] [T1x_rxn4833] ❌ 错误 | 原子数：11
  - 正确映射：[ 8  2  9  5  3  1  7  4  0  6 10]
  - 预测映射：[ 8  7  9  2  5  3  1 10  4  0  6]
[test_sample_05966] [T1x_rxn4834] ✅ 严格正确 | 原子数：11
[test_sample_05967] [T1x_rxn4835] ❌ 错误 | 原子数：11
  - 正确映射：[ 4  5  2  1  3  0 10  7  8  6  9]
  - 预测映射：[ 4  5  2  1  3  0 10  7  8  9  6]
[test_sample_05968] [T1x_rxn4836] ✅ 严格正确 | 原子数：11
[test_sample_05969] [T1x_rxn4837] ✅ 严格正确 | 原子数：11
[test_sample_05970] [T1x_rxn4838] ❌ 错误 | 原子数：11
  - 正确映射：[ 6  5  2  3  4  9  8 10  0  1  7]
  - 预测映射：[ 6  5  2  4  3  9  8 10  0  1  7]
[test_sample_05971] [T1x_rxn4839] ❌ 错误 | 原子数：11
  - 正确映射：[ 0 10  6  8  3  7  9  5  1  2  4]
  - 预测映射：[ 0 10  6  8  3  7  9  5  2  1  4]
[test_sample_05972] [T1x_rxn4840] ✅ 严格正确 | 原子数：11
[test_sample_05973] [T1x_rxn4841] ✅ 严格正确 | 原子数：11
[test_sample_05974] [T1x_rxn4842] ✅ 严格正确 | 原子数：11
[test_sample_05975] [T1x_rxn4843] ✅ 严格正确 | 原子数：11
[test_sample_05976] [T1x_rxn4844] ❌ 错误 | 原子数：11
  - 正确映射：[ 4 10  5  6  8  0  2  9  3  7  1]
  - 预测映射：[ 4  2  5  8  6  0 10  3  9  1  7]
[test_sample_05977] [T1x_rxn6852] ❌ 错误 | 原子数：11
  - 正确映射：[ 7  9  1  5 10  0  4  3  6  8  2]
  - 预测映射：[ 4 10  5  1  9  0  7  3  2  6  8]
[test_sample_05978] [T1x_rxn6853] ✅ 严格正确 | 原子数：11
[test_sample_05979] [T1x_rxn6854] ❌ 错误 | 原子数：11
  - 正确映射：[ 2  1  5 10  6  7  8  9  0  4  3]
  - 预测映射：[ 2  6 10  5  1  7  8  3  4  0  9]
[test_sample_05980] [T1x_rxn6855] ❌ 错误 | 原子数：11
  - 正确映射：[ 6  4  5  3  0  7  2  1  9 10  8]
  - 预测映射：[ 2  4  7  0  3  5  6  9  8 10  1]
[test_sample_05981] [T1x_rxn6856] ✅ 严格正确 | 原子数：11
[test_sample_05982] [T1x_rxn6857] ❌ 错误 | 原子数：11
  - 正确映射：[ 8  0  2  4  5  6  7  3 10  1  9]
  - 预测映射：[ 8  6  0  2  4  5  7  1  3 10  9]
[test_sample_05983] [T1x_rxn6858] ❌ 错误 | 原子数：11
  - 正确映射：[ 2  7  8  3  0  4  5  6  9 10  1]
  - 预测映射：[ 2  7  8  3  0  4  5  9  6 10  1]
[test_sample_05984] [T1x_rxn6859] ❌ 错误 | 原子数：11
  - 正确映射：[ 4  3  0  2  6  8  7  5 10  9  1]
  - 预测映射：[ 4  3  0  2  6  8  7 10  5  9  1]
[test_sample_05985] [T1x_rxn6860] ❌ 错误 | 原子数：11
  - 正确映射：[ 6  1  4 10  3  9  0  2  5  7  8]
  - 预测映射：[ 6  1  9 10  3  4  0  5  2  7  8]
[test_sample_05986] [T1x_rxn6861] ❌ 错误 | 原子数：11
  - 正确映射：[ 7 10  1  3  4  8  5  9  2  0  6]
  - 预测映射：[ 7  1 10  8  4  3  5  2  9  6  0]
[test_sample_05987] [T1x_rxn9472] ❌ 错误 | 原子数：11
  - 正确映射：[ 4  8  2  0  9 10  5  1  3  6  7]
  - 预测映射：[ 2  8  4  5 10  9  0  7  6  1  3]
[test_sample_05988] [T1x_rxn9473] ❌ 错误 | 原子数：11
  - 正确映射：[ 7  2  8 10  1  0  5  3  4  9  6]
  - 预测映射：[ 7  2  8 10  1  5  0  3  4  9  6]
[test_sample_05989] [T1x_rxn9760] ❌ 错误 | 原子数：11
  - 正确映射：[ 0 10  5  1  7  9  6  4  2  8  3]
  - 预测映射：[ 6  7  1  5 10  9  0  3  8  2  4]
[test_sample_05990] [T1x_rxn9761] ✅ 严格正确 | 原子数：11
[test_sample_05991] [T1x_rxn0194] ❌ 错误 | 原子数：11
  - 正确映射：[ 9  0 10  6  4  7  5  3  2  8  1]
  - 预测映射：[ 9  0 10  6  4  7  2  5  3  8  1]
[test_sample_05992] [T1x_rxn0195] ❌ 错误 | 原子数：11
  - 正确映射：[ 3  4  0  8  6  5 10  2  9  1  7]
  - 预测映射：[ 3  4  0  8  6  5  2 10  9  7  1]
[test_sample_05993] [T1x_rxn0196] ❌ 错误 | 原子数：11
  - 正确映射：[ 6  2  4  5  9  1  7  3  0 10  8]
  - 预测映射：[ 6  2  4  5  9  1  0  3  7  8 10]
[test_sample_05994] [T1x_rxn0197] ✅ 严格正确 | 原子数：11
[test_sample_05995] [T1x_rxn0198] ❌ 错误 | 原子数：11
  - 正确映射：[ 6  9  7  1  4  3 10  0  5  8  2]
  - 预测映射：[ 6  7  9  1  4  3  0  5 10  8  2]
[test_sample_05996] [T1x_rxn1047] ✅ 严格正确 | 原子数：11
[test_sample_05997] [T1x_rxn1048] ❌ 错误 | 原子数：11
  - 正确映射：[ 1  9 10  2  5  6  0  3  7  8  4]
  - 预测映射：[ 1  9 10  2  5  6  7  0  3  8  4]
[test_sample_05998] [T1x_rxn1049] ❌ 错误 | 原子数：11
  - 正确映射：[ 0  1  9  6 10  3  7  4  5  8  2]
  - 预测映射：[ 0  1  9  6 10  3  4  7  5  2  8]
[test_sample_05999] [T1x_rxn1926] ❌ 错误 | 原子数：11
  - 正确映射：[10  5  3  9  1  6  2  0  4  8  7]
  - 预测映射：[10  5  3  9  1  6  2  4  0  7  8]
[test_sample_06000] [T1x_rxn1927] ❌ 错误 | 原子数：11
  - 正确映射：[ 2  3  0  9  5  8 10  6  7  1  4]
  - 预测映射：[ 3  2  0  9  5  8 10  6  7  1  4]
[test_sample_06001] [T1x_rxn1928] ❌ 错误 | 原子数：11
  - 正确映射：[10  4  9  3  5  1  8  7  6  0  2]
  - 预测映射：[ 4 10  9  3  5  1  6  0  8  7  2]
[test_sample_06002] [T1x_rxn2039] ✅ 严格正确 | 原子数：11
[test_sample_06003] [T1x_rxn2040] ❌ 错误 | 原子数：11
  - 正确映射：[ 4  7 10  5  2  0  1  3  8  9  6]
  - 预测映射：[10  4  7  5  0  2  8  1  3  6  9]
[test_sample_06004] [T1x_rxn2041] ❌ 错误 | 原子数：11
  - 正确映射：[ 0  6 10  4  1  5  2  9  3  8  7]
  - 预测映射：[ 0  1  5  4 10  6  2  8  7  3  9]
[test_sample_06005] [T1x_rxn2042] ❌ 错误 | 原子数：11
  - 正确映射：[ 1  4  2  5  0  8 10  9  7  3  6]
  - 预测映射：[ 0  1  2  5  8  4  3 10  7  6  9]
[test_sample_06006] [T1x_rxn2043] ❌ 错误 | 原子数：11
  - 正确映射：[ 4  6 10  8  9  3  2  5  1  7  0]
  - 预测映射：[ 9  4 10  8  3  6  7  2  1  0  5]
[test_sample_06007] [T1x_rxn2044] ❌ 错误 | 原子数：11
  - 正确映射：[ 2  9  8  4 10  3  1  5  6  0  7]
  - 预测映射：[ 2 10  8  4  9  3  1  6  5  0  7]
[test_sample_06008] [T1x_rxn2045] ❌ 错误 | 原子数：11
  - 正确映射：[ 7  3  9  4  6  0  8 10  5  2  1]
  - 预测映射：[ 0  3  7  4  6  9  2 10  8  1  5]
[test_sample_06009] [T1x_rxn2349] ❌ 错误 | 原子数：11
  - 正确映射：[ 1  3  7  0  2  4  8  9 10  5  6]
  - 预测映射：[ 1  3  7  0  2  4  6  9 10  5  8]
[test_sample_06010] [T1x_rxn2350] ❌ 错误 | 原子数：11
  - 正确映射：[ 1  3 10  7  0  5  4  2  6  8  9]
  - 预测映射：[ 1  3 10  7  0  5  4  2  6  9  8]
[test_sample_06011] [T1x_rxn2351] ❌ 错误 | 原子数：11
  - 正确映射：[ 5  4  7  1  0  3  8  9  6 10  2]
  - 预测映射：[ 4  5  3  1  0  7  9  8  2 10  6]
[test_sample_06012] [T1x_rxn2352] ❌ 错误 | 原子数：11
  - 正确映射：[ 2  1  5  8  0  3 10  9  6  4  7]
  - 预测映射：[ 2  3  0  8  5  1 10  7  4  6  9]
[test_sample_06013] [T1x_rxn2353] ❌ 错误 | 原子数：11
  - 正确映射：[ 4  6  8  9  0  2  3  1 10  5  7]
  - 预测映射：[ 4  2  0  9  8  6  7  1  5 10  3]
[test_sample_06014] [T1x_rxn2354] ❌ 错误 | 原子数：11
  - 正确映射：[ 6  8  4  7  5  2  3 10  0  1  9]
  - 预测映射：[ 6  2  5  7  4  8  0  3  9  1 10]
[test_sample_06015] [T1x_rxn2355] ✅ 严格正确 | 原子数：11
[test_sample_06016] [T1x_rxn2356] ✅ 严格正确 | 原子数：11
[test_sample_06017] [T1x_rxn3303] ❌ 错误 | 原子数：11
  - 正确映射：[ 0 10  9  6  4  8  1  3  2  7  5]
  - 预测映射：[ 6  9 10  0  4  8  1  5  2  7  3]
[test_sample_06018] [T1x_rxn3304] ❌ 错误 | 原子数：11
  - 正确映射：[ 5  1  4  6  0  3  7  2  8  9 10]
  - 预测映射：[ 5  1  4  6  0  3  2  8  7  9 10]
[test_sample_06019] [T1x_rxn3305] ❌ 错误 | 原子数：11
  - 正确映射：[ 0  2  4  8  1  7  6  3  5 10  9]
  - 预测映射：[ 0  4  2  8  1  7  3  5  6  9 10]
[test_sample_06020] [T1x_rxn3306] ❌ 错误 | 原子数：11
  - 正确映射：[ 1  2  8  0  9  3  6  4 10  5  7]
  - 预测映射：[ 1  2  8  0  9  3  6 10  4  5  7]
[test_sample_06021] [T1x_rxn3307] ✅ 严格正确 | 原子数：11
[test_sample_06022] [T1x_rxn3308] ✅ 严格正确 | 原子数：11
[test_sample_06023] [T1x_rxn9052] ❌ 错误 | 原子数：11
  - 正确映射：[ 8  2  7  0  6  5  9  4  1  3 10]
  - 预测映射：[ 8  2  0  7  6  5  3  9  1 10  4]
[test_sample_06024] [T1x_rxn9162] ❌ 错误 | 原子数：11
  - 正确映射：[ 8  9  2  7  4  0  3  5  6  1 10]
  - 预测映射：[ 8  9  2  7  4  0  3  6  5 10  1]
[test_sample_06025] [T1x_rxn9214] ✅ 严格正确 | 原子数：11
[test_sample_06026] [T1x_rxn9331] ✅ 严格正确 | 原子数：11
[test_sample_06027] [T1x_rxn10053] ✅ 严格正确 | 原子数：12
[test_sample_06028] [T1x_rxn10054] ❌ 错误 | 原子数：12
  - 正确映射：[ 0  1  4  3  8 11  9  6  7  2 10  5]
  - 预测映射：[ 0  1  4  3  9  8 11  6  5  7 10  2]
[test_sample_06029] [T1x_rxn5687] ❌ 错误 | 原子数：12
  - 正确映射：[ 2 10  9  4  3  5  0  7  8  1  6 11]
  - 预测映射：[ 2 10  9  4  5  3  0  7  1  8  6 11]
[test_sample_06030] [T1x_rxn5688] ❌ 错误 | 原子数：12
  - 正确映射：[ 1  4  9  0  2  6 10  3  7 11  5  8]
  - 预测映射：[ 1  4  9  0  2  6 10  3  5  7 11  8]
[test_sample_06031] [T1x_rxn5689] ❌ 错误 | 原子数：12
  - 正确映射：[10  6  4  1  0  8  2  7  3  5 11  9]
  - 预测映射：[10  0  6  1  4  8  2  7  5  3 11  9]
[test_sample_06032] [T1x_rxn5690] ✅ 严格正确 | 原子数：12
[test_sample_06033] [T1x_rxn5691] ❌ 错误 | 原子数：12
  - 正确映射：[ 1  9 10  0  5  8  2 11  3  7  6  4]
  - 预测映射：[ 1  9 10  0  5  8  2 11  3  6  7  4]
[test_sample_06034] [T1x_rxn5692] ✅ 严格正确 | 原子数：12
[test_sample_06035] [T1x_rxn5693] ❌ 错误 | 原子数：12
  - 正确映射：[ 7  0  8 10  1  6  5 11  4  9  3  2]
  - 预测映射：[ 7  0  8 10  1  6  5 11  2  3  9  4]
[test_sample_06036] [T1x_rxn5694] ❌ 错误 | 原子数：12
  - 正确映射：[ 7  4 11 10  6  8  3  1  0  2  9  5]
  - 预测映射：[ 7  4 11 10  6  8  3  1  5  0  2  9]
[test_sample_06037] [T1x_rxn5695] ❌ 错误 | 原子数：12
  - 正确映射：[ 6  7  2  1  5 11 10  0  4  3  9  8]
  - 预测映射：[ 6  7  2  1 11  5 10  0  3  4  9  8]
[test_sample_06038] [T1x_rxn5696] ✅ 严格正确 | 原子数：12
[test_sample_06039] [T1x_rxn5697] ✅ 严格正确 | 原子数：12
[test_sample_06040] [T1x_rxn5967] ❌ 错误 | 原子数：12
  - 正确映射：[10  5  1  7  9  3  8  4  6  2 11  0]
  - 预测映射：[10  5  1  7  9  3  8  4  6 11  2  0]
[test_sample_06041] [T1x_rxn5968] ✅ 严格正确 | 原子数：12
[test_sample_06042] [T1x_rxn5969] ❌ 错误 | 原子数：12
  - 正确映射：[ 1 10  6  4  5  2  7  8  9  0 11  3]
  - 预测映射：[ 1 10  5  4  6  7  2  0  9  8  3 11]
[test_sample_06043] [T1x_rxn5970] ✅ 严格正确 | 原子数：12
[test_sample_06044] [T1x_rxn6187] ❌ 错误 | 原子数：12
  - 正确映射：[10  5  0  3  1  8  2  7  9  4 11  6]
  - 预测映射：[10  5  0  3  1  8  2  7  4  9 11  6]
[test_sample_06045] [T1x_rxn6188] ❌ 错误 | 原子数：12
  - 正确映射：[ 6  3  9  5  1 10  7  4  0  2  8 11]
  - 预测映射：[ 6  3  5  9  1 10  7  4  0  2  8 11]
[test_sample_06046] [T1x_rxn6189] ❌ 错误 | 原子数：12
  - 正确映射：[ 6 10  8  7 11  9  2  1  3  5  0  4]
  - 预测映射：[ 6  9  8 10 11  7  2  0  1  5  3  4]
[test_sample_06047] [T1x_rxn6190] ❌ 错误 | 原子数：12
  - 正确映射：[ 9  3  4 11  6  0  5  7  1  8  2 10]
  - 预测映射：[ 9  3  4 11  6  0  5  7  2  8  1 10]
[test_sample_06048] [T1x_rxn6191] ❌ 错误 | 原子数：12
  - 正确映射：[11  5  4 10  8  1  9  2  7  0  3  6]
  - 预测映射：[11  5  4 10  8  1  9  2  3  0  7  6]
[test_sample_06049] [T1x_rxn6192] ✅ 严格正确 | 原子数：12
[test_sample_06050] [T1x_rxn6193] ❌ 错误 | 原子数：12
  - 正确映射：[ 1  2 11  4  5  6  9  7  0  3 10  8]
  - 预测映射：[ 1  5  4 11  2  6  9  7  0  8 10  3]
[test_sample_06051] [T1x_rxn6194] ❌ 错误 | 原子数：12
  - 正确映射：[ 7  2  3  8 10  1 11  6  0  4  5  9]
  - 预测映射：[ 7  2  3 10  8  1 11  6  0  4  5  9]
[test_sample_06052] [T1x_rxn6195] ✅ 严格正确 | 原子数：12
[test_sample_06053] [T1x_rxn6196] ❌ 错误 | 原子数：12
  - 正确映射：[ 0 11  1  9  4  8 10  2  7  3  5  6]
  - 预测映射：[ 0 11  1  9  4  8 10  7  3  5  2  6]
[test_sample_06054] [T1x_rxn6197] ❌ 错误 | 原子数：12
  - 正确映射：[11 10  7  9  0  3  2  6  4  5  1  8]
  - 预测映射：[11 10  7  0  9  3  2  6  4  5  1  8]
[test_sample_06055] [T1x_rxn6198] ✅ 严格正确 | 原子数：12
[test_sample_06056] [T1x_rxn7059] ✅ 严格正确 | 原子数：12
[test_sample_06057] [T1x_rxn7060] ❌ 错误 | 原子数：12
  - 正确映射：[ 9  6 10 11  1  8  5  2  7  4  0  3]
  - 预测映射：[ 9  6  1 11 10  8  5  3  0  4  7  2]
[test_sample_06058] [T1x_rxn7061] ❌ 错误 | 原子数：12
  - 正确映射：[ 1  7 11  9  2 10  3  5  4  6  8  0]
  - 预测映射：[ 1  7 11  9  2 10  3  5  4  6  0  8]
[test_sample_06059] [T1x_rxn7062] ❌ 错误 | 原子数：12
  - 正确映射：[10  5  7  2  0  1  4 11  3  9  6  8]
  - 预测映射：[10  5  7  2  0  1  4  3 11  9  8  6]
[test_sample_06060] [T1x_rxn7063] ❌ 错误 | 原子数：12
  - 正确映射：[ 9 10  3  7  2  4  0  8  5 11  6  1]
  - 预测映射：[ 9  7  2 10  3  4  0 11  1  5  6  8]
[test_sample_06061] [T1x_rxn7064] ❌ 错误 | 原子数：12
  - 正确映射：[ 5 10  6  7  1  8  3  4  9  2  0 11]
  - 预测映射：[ 5 10  1  7  6  8  3 11  0  2  9  4]
[test_sample_06062] [T1x_rxn7475] ✅ 严格正确 | 原子数：12
[test_sample_06063] [T1x_rxn7476] ❌ 错误 | 原子数：12
  - 正确映射：[ 2  5 11  3  8  4  6 10  9  0  1  7]
  - 预测映射：[ 2  5 11  4  8  3  6  1  7  0 10  9]
[test_sample_06064] [T1x_rxn7477] ❌ 错误 | 原子数：12
  - 正确映射：[ 5  6  4 10 11  9  1  0  8  7  3  2]
  - 预测映射：[ 5  6  9 11  4 10  1  3  2  7  8  0]
[test_sample_06065] [T1x_rxn7478] ❌ 错误 | 原子数：12
  - 正确映射：[ 6  1  9 11  2  5  7  8  0  3 10  4]
  - 预测映射：[ 6  1  9  5  2 11  7  4  0  3 10  8]
[test_sample_06066] [T1x_rxn7547] ✅ 严格正确 | 原子数：12
[test_sample_06067] [T1x_rxn7548] ❌ 错误 | 原子数：12
  - 正确映射：[11 10  5  6  7  9  3  2  4  1  8  0]
  - 预测映射：[11  9  5  6 10  7  3  0  4  1  2  8]
[test_sample_06068] [T1x_rxn7549] ❌ 错误 | 原子数：12
  - 正确映射：[ 3  4 11  8 10  7  6  9  1  0  5  2]
  - 预测映射：[ 3  4 11  7 10  8  6  1  9  2  5  0]
[test_sample_06069] [T1x_rxn7550] ❌ 错误 | 原子数：12
  - 正确映射：[ 7  9 10  6  0  5  8  3  2  1  4 11]
  - 预测映射：[ 7  9  0  6  5 10  8  3  4  1 11  2]
[test_sample_06070] [T1x_rxn7936] ❌ 错误 | 原子数：12
  - 正确映射：[ 3  9  6  8 11  4 10  2  0  5  1  7]
  - 预测映射：[ 3  6 11  8  4  9 10  2  7  5  1  0]
[test_sample_06071] [T1x_rxn7937] ❌ 错误 | 原子数：12
  - 正确映射：[ 6  2 11  4  5  7  0  3  8  1  9 10]
  - 预测映射：[ 6  2 11  5  7  4  0  9  3  1 10  8]
[test_sample_06072] [T1x_rxn7938] ❌ 错误 | 原子数：12
  - 正确映射：[ 8  5  1  0  2  7  3 11  4 10  6  9]
  - 预测映射：[ 8  1  5  0  2  7  3  4 11  9  6 10]
[test_sample_06073] [T1x_rxn7939] ✅ 严格正确 | 原子数：12
[test_sample_06074] [T1x_rxn7940] ✅ 严格正确 | 原子数：12
[test_sample_06075] [T1x_rxn7941] ❌ 错误 | 原子数：12
  - 正确映射：[ 3  7  9  0 11  5 10  2  6  4  1  8]
  - 预测映射：[ 3  5  7  0  9 11 10  8  2  4  1  6]
[test_sample_06076] [T1x_rxn7942] ❌ 错误 | 原子数：12
  - 正确映射：[ 1  6  2  8  7  4  5 10  3 11  9  0]
  - 预测映射：[ 1  6  4  2  8  7  5 10 11  3  9  0]
[test_sample_06077] [T1x_rxn7943] ❌ 错误 | 原子数：12
  - 正确映射：[10  1  0  5  8  6  4  7  9 11  2  3]
  - 预测映射：[10  1  0  5  8  6  4  7  9 11  3  2]
[test_sample_06078] [T1x_rxn7944] ❌ 错误 | 原子数：12
  - 正确映射：[11  7  0  9  1  3  6  8  4 10  2  5]
  - 预测映射：[11  7  0  9  1  3  6  5  8  4  2 10]
[test_sample_06079] [T1x_rxn7945] ❌ 错误 | 原子数：12
  - 正确映射：[ 7  9  6 11  2  5  1  8  0  3 10  4]
  - 预测映射：[ 7  9  6 11  2  5  1  8  3  0 10  4]
[test_sample_06080] [T1x_rxn7946] ✅ 严格正确 | 原子数：12
[test_sample_06081] [T1x_rxn7947] ✅ 严格正确 | 原子数：12
[test_sample_06082] [T1x_rxn7948] ❌ 错误 | 原子数：12
  - 正确映射：[10  7  1  3  6  4  9 11  5  2  8  0]
  - 预测映射：[10  7  6  1  3  4  9 11  8  5  0  2]
[test_sample_06083] [T1x_rxn7949] ❌ 错误 | 原子数：12
  - 正确映射：[ 2 11  8  9  0  3  1  7  5  4  6 10]
  - 预测映射：[ 2 11  8  0  9  3  1 10  7  6  5  4]
[test_sample_06084] [T1x_rxn7950] ✅ 严格正确 | 原子数：12
[test_sample_06085] [T1x_rxn7951] ❌ 错误 | 原子数：12
  - 正确映射：[ 5  1  0  4 10  3  2  7  6  9  8 11]
  - 预测映射：[ 5  4  1  0 10  3  2  9  8  7  6 11]
[test_sample_06086] [T1x_rxn7952] ❌ 错误 | 原子数：12
  - 正确映射：[ 4  5  3  1  7  6  8 11  2  9  0 10]
  - 预测映射：[ 4  3  1  7  5  6  8  2  9 10  0 11]
[test_sample_06087] [T1x_rxn7953] ❌ 错误 | 原子数：12
  - 正确映射：[ 4 11  9  1  0  8 10  7  3  5  6  2]
  - 预测映射：[ 4 11  8  1  9  0 10  7  2  5  3  6]
[test_sample_06088] [T1x_rxn7954] ❌ 错误 | 原子数：12
  - 正确映射：[ 3  8 10  6  2  0  7  9  5  4  1 11]
  - 预测映射：[ 3  0  8 10  6  2  7 11  9  5  1  4]
[test_sample_06089] [T1x_rxn7955] ✅ 严格正确 | 原子数：12
[test_sample_06090] [T1x_rxn7956] ❌ 错误 | 原子数：12
  - 正确映射：[10  5  2  7  8  0  1  3  9  4 11  6]
  - 预测映射：[10  2  7  8  0  5  1  9  4  6 11  3]
[test_sample_06091] [T1x_rxn7957] ✅ 严格正确 | 原子数：12
[test_sample_06092] [T1x_rxn7958] ✅ 严格正确 | 原子数：12
[test_sample_06093] [T1x_rxn7959] ✅ 严格正确 | 原子数：12
[test_sample_06094] [T1x_rxn7960] ❌ 错误 | 原子数：12
  - 正确映射：[ 8  5  2  1  9  4  0 11  6 10  7  3]
  - 预测映射：[ 8  5  2  1  9  4  0 11  6  3  7 10]
[test_sample_06095] [T1x_rxn7961] ✅ 严格正确 | 原子数：12
[test_sample_06096] [T1x_rxn8825] ✅ 严格正确 | 原子数：12
[test_sample_06097] [T1x_rxn8826] ❌ 错误 | 原子数：12
  - 正确映射：[ 6 10 11  3  5  0  9  4  7  1  2  8]
  - 预测映射：[ 6 10 11  3  5  0  9  4  8  1  7  2]
[test_sample_06098] [T1x_rxn8827] ❌ 错误 | 原子数：12
  - 正确映射：[10  6  7  5  2  9  0 11  1  4  8  3]
  - 预测映射：[10  9  6  5  7  2  0  4 11  1  8  3]
[test_sample_06099] [T1x_rxn8828] ✅ 严格正确 | 原子数：12
[test_sample_06100] [T1x_rxn8829] ✅ 严格正确 | 原子数：12
[test_sample_06101] [T1x_rxn8830] ✅ 严格正确 | 原子数：12
[test_sample_06102] [T1x_rxn8831] ✅ 严格正确 | 原子数：12
[test_sample_06103] [T1x_rxn8832] ❌ 错误 | 原子数：12
  - 正确映射：[ 1  9  6  0 11 10  4  2  3  8  7  5]
  - 预测映射：[ 1  9  4  0  6 11 10  5  2  3  7  8]
[test_sample_06104] [T1x_rxn8833] ❌ 错误 | 原子数：12
  - 正确映射：[ 6  1  5  4  7  2 10  8  9  0 11  3]
  - 预测映射：[ 6  1  5  4  7  2 10  8  0  3 11  9]
[test_sample_06105] [T1x_rxn8834] ✅ 严格正确 | 原子数：12
[test_sample_06106] [T1x_rxn8835] ✅ 严格正确 | 原子数：12
[test_sample_06107] [T1x_rxn8836] ✅ 严格正确 | 原子数：12
[test_sample_06108] [T1x_rxn8837] ✅ 严格正确 | 原子数：12
[test_sample_06109] [T1x_rxn8838] ✅ 严格正确 | 原子数：12
[test_sample_06110] [T1x_rxn8839] ✅ 严格正确 | 原子数：12
[test_sample_06111] [T1x_rxn8840] ✅ 严格正确 | 原子数：12
[test_sample_06112] [T1x_rxn8841] ❌ 错误 | 原子数：12
  - 正确映射：[ 3  2  4  5  1 10  7  6  0  9 11  8]
  - 预测映射：[ 3  2  4  5  1 10  7  0  6 11  9  8]
[test_sample_06113] [T1x_rxn8842] ✅ 严格正确 | 原子数：12
[test_sample_06114] [T1x_rxn8843] ❌ 错误 | 原子数：12
  - 正确映射：[ 7  8  0  6 10  9  5  4  3 11  2  1]
  - 预测映射：[ 7  8  0  6 10  9  5  4  1  2 11  3]
[test_sample_06115] [T1x_rxn8844] ❌ 错误 | 原子数：12
  - 正确映射：[ 0  1 10  8  6  5  9 11  2  4  3  7]
  - 预测映射：[ 0  5  9  8  6  1 10 11  2  7  3  4]
[test_sample_06116] [T1x_rxn8884] ✅ 严格正确 | 原子数：12
[test_sample_06117] [T1x_rxn8885] ❌ 错误 | 原子数：12
  - 正确映射：[ 7  1  2  3  0  6  4  9 10  8 11  5]
  - 预测映射：[ 7  1  2  3  0  6  4 11 10  8  9  5]
[test_sample_06118] [T1x_rxn9592] ❌ 错误 | 原子数：12
  - 正确映射：[ 0  3  8  4  5  9  7  2  1 10 11  6]
  - 预测映射：[ 0  5  3  8  4  9  7  2 10  1 11  6]
[test_sample_06119] [T1x_rxn9593] ✅ 严格正确 | 原子数：12
[test_sample_06120] [T1x_rxn9661] ✅ 严格正确 | 原子数：12
[test_sample_06121] [T1x_rxn9662] ✅ 严格正确 | 原子数：12
[test_sample_06122] [T1x_rxn9663] ✅ 严格正确 | 原子数：12
[test_sample_06123] [T1x_rxn9925] ❌ 错误 | 原子数：12
  - 正确映射：[ 0  7 11  4  9  5  8  3  1 10  2  6]
  - 预测映射：[ 0  7  5  4  9 11  8  3  6 10  2  1]
[test_sample_06124] [T1x_rxn1131] ❌ 错误 | 原子数：11
  - 正确映射：[ 6  4  1  9  0  7  5  2  8  3 10]
  - 预测映射：[ 4  6  1  0  9  7  5  3 10  2  8]
[test_sample_06125] [T1x_rxn1132] ✅ 严格正确 | 原子数：11
[test_sample_06126] [T1x_rxn1133] ❌ 错误 | 原子数：11
  - 正确映射：[ 0  5  8  7  9  2  4 10  1  3  6]
  - 预测映射：[ 0  5  8  7  9  2  1  3 10  6  4]
[test_sample_06127] [T1x_rxn1134] ✅ 严格正确 | 原子数：11
[test_sample_06128] [T1x_rxn5992] ❌ 错误 | 原子数：13
  - 正确映射：[ 9  2  6  8  3  7 12  0 10  5 11  4  1]
  - 预测映射：[ 3  7  9 12  2  6  8  4  0  1 10  5 11]
[test_sample_06129] [T1x_rxn5993] ❌ 错误 | 原子数：13
  - 正确映射：[ 6  7 10  5  2  4  8  1  3  0 11  9 12]
  - 预测映射：[ 7  6 10  8  4  2  5 11  0  3  1 12  9]
[test_sample_06130] [T1x_rxn5994] ❌ 错误 | 原子数：13
  - 正确映射：[12  9  4 10  5  7 11  3  6  0  8  2  1]
  - 预测映射：[12  9  4 10  5  7 11  6  3  8  0  1  2]
[test_sample_06131] [T1x_rxn5995] ❌ 错误 | 原子数：13
  - 正确映射：[ 9  8  7  0 11 12 10  6  1  2  5  3  4]
  - 预测映射：[ 9  8  7  0 11 12 10  6  2  1  5  3  4]
[test_sample_06132] [T1x_rxn5996] ✅ 严格正确 | 原子数：13
[test_sample_06133] [T1x_rxn5997] ❌ 错误 | 原子数：13
  - 正确映射：[12  3 11  6  1 10  2  8  4  9  0  7  5]
  - 预测映射：[12  3 11  6  1 10  2  0  4  9  8  7  5]
[test_sample_06134] [T1x_rxn5998] ❌ 错误 | 原子数：13
  - 正确映射：[ 6 11  2 12  4  8  7  5  9  1 10  0  3]
  - 预测映射：[ 6 11  2 12  4  8  7  9  5  1 10  0  3]
[test_sample_06135] [T1x_rxn5999] ❌ 错误 | 原子数：13
  - 正确映射：[12 11  8  6  4 10  2  3  5  9  7  0  1]
  - 预测映射：[12 11  8  6  4 10  2  5  3  9  7  0  1]
[test_sample_06136] [T1x_rxn6000] ✅ 严格正确 | 原子数：13
[test_sample_06137] [T1x_rxn6001] ❌ 错误 | 原子数：13
  - 正确映射：[ 7  4  0  9  6 10  5 12 11  3  2  8  1]
  - 预测映射：[ 7  4  0  9  6 10  5 11 12  2  3  8  1]
[test_sample_06138] [T1x_rxn6002] ✅ 严格正确 | 原子数：13
[test_sample_06139] [T1x_rxn6003] ✅ 严格正确 | 原子数：13
[test_sample_06140] [T1x_rxn6674] ❌ 错误 | 原子数：13
  - 正确映射：[ 6 12  8  5  1  3  9 10 11  2  0  7  4]
  - 预测映射：[ 6 12  8  3  5  1  9 10  4  0 11  2  7]
[test_sample_06141] [T1x_rxn6675] ❌ 错误 | 原子数：13
  - 正确映射：[ 5  0 11 10  1  8 12  3  6  2  7  4  9]
  - 预测映射：[ 5  0 11 10  1  8 12  3  6  4  2  9  7]
[test_sample_06142] [T1x_rxn6676] ❌ 错误 | 原子数：13
  - 正确映射：[ 2  8 10  7  9 12 11  1  4  3  0  5  6]
  - 预测映射：[ 2  8 10  7  9 12 11  1  4  3  6  5  0]
[test_sample_06143] [T1x_rxn6677] ❌ 错误 | 原子数：13
  - 正确映射：[ 0 12  6  9  3 11  8  4  1  7 10  2  5]
  - 预测映射：[ 0 12  6  9  3 11  8  4  1  2  7  5 10]
[test_sample_06144] [T1x_rxn6678] ❌ 错误 | 原子数：13
  - 正确映射：[ 0 10  8  2 11  4  9  3  5  6 12  1  7]
  - 预测映射：[ 0 10  8  2  4 11  9  3  5  1  6  7 12]
[test_sample_06145] [T1x_rxn6679] ❌ 错误 | 原子数：13
  - 正确映射：[10  5  1  4  3  9  7 12  0  6  2  8 11]
  - 预测映射：[10  5  1  9  3  4  7 11  8  2  6  0 12]
[test_sample_06146] [T1x_rxn6680] ❌ 错误 | 原子数：13
  - 正确映射：[ 3  8 10  9  4  6  5  7  2  0  1 11 12]
  - 预测映射：[ 3  8 10  9  4  6  5  7  2  0 11  1 12]
[test_sample_06147] [T1x_rxn6681] ✅ 严格正确 | 原子数：13
[test_sample_06148] [T1x_rxn6682] ✅ 严格正确 | 原子数：13
[test_sample_06149] [T1x_rxn6683] ❌ 错误 | 原子数：13
  - 正确映射：[ 2  8  6  5  1 10 12  7  0  4  3 11  9]
  - 预测映射：[ 2  8  6  5 10  1 12  7  0 11  9  4  3]
[test_sample_06150] [T1x_rxn6684] ❌ 错误 | 原子数：13
  - 正确映射：[ 6  4  9  2  1  5  0  7  3 11 12  8 10]
  - 预测映射：[ 6  9  2  1  4  5  0  7  3 12  8 11 10]
[test_sample_06151] [T1x_rxn6685] ❌ 错误 | 原子数：13
  - 正确映射：[12  8 11  0  2  5  4  3 10  7  6  9  1]
  - 预测映射：[12  8  2  5  0 11  4  1  9 10  7  3  6]
[test_sample_06152] [T1x_rxn6686] ❌ 错误 | 原子数：13
  - 正确映射：[12 11  3  2  6 10  9  5  8  4  0  7  1]
  - 预测映射：[ 9 10 11  6  2  3 12  1  4  0  7  8  5]
[test_sample_06153] [T1x_rxn7776] ✅ 严格正确 | 原子数：13
[test_sample_06154] [T1x_rxn7777] ❌ 错误 | 原子数：13
  - 正确映射：[ 4  6  0  8  3  9  2  1  5 11 10 12  7]
  - 预测映射：[ 4  6  0  8  3  9  2  5  1 11 10  7 12]
[test_sample_06155] [T1x_rxn7778] ❌ 错误 | 原子数：13
  - 正确映射：[ 7 10  0  9  5  1  6 11  8  4  3  2 12]
  - 预测映射：[ 7 10  0  9  1  5  6 11  8  4  2 12  3]
[test_sample_06156] [T1x_rxn7779] ❌ 错误 | 原子数：13
  - 正确映射：[ 1  9  4  3  2  5 10 11  7  0 12  8  6]
  - 预测映射：[ 1  9  4  5  2  3 10 11  6 12  7  8  0]
[test_sample_06157] [T1x_rxn7780] ✅ 严格正确 | 原子数：13
[test_sample_06158] [T1x_rxn7781] ✅ 严格正确 | 原子数：13
[test_sample_06159] [T1x_rxn7782] ❌ 错误 | 原子数：13
  - 正确映射：[ 9  1 11  5  3  6  4 12 10  2  7  8  0]
  - 预测映射：[ 9  1 11  6  3  5  4 12  8  0  7 10  2]
[test_sample_06160] [T1x_rxn7783] ❌ 错误 | 原子数：13
  - 正确映射：[11  4 12  1  6  3  7  2  9  0  8  5 10]
  - 预测映射：[11  3 12  4  1  6  7  5  9  2  0 10  8]
[test_sample_06161] [T1x_rxn7784] ✅ 严格正确 | 原子数：13
[test_sample_06162] [T1x_rxn7785] ✅ 严格正确 | 原子数：13
[test_sample_06163] [T1x_rxn7786] ✅ 严格正确 | 原子数：13
[test_sample_06164] [T1x_rxn7787] ❌ 错误 | 原子数：13
  - 正确映射：[ 2  9  5  1 11  0  7  8  6 12  4  3 10]
  - 预测映射：[ 2  9  5  1 11  0  7  8  6 12 10  3  4]
[test_sample_06165] [T1x_rxn7788] ✅ 严格正确 | 原子数：13
[test_sample_06166] [T1x_rxn9640] ❌ 错误 | 原子数：13
  - 正确映射：[ 8  1  7  4 12  2 10 11  3  9  0  5  6]
  - 预测映射：[ 8  1  7  4 12  2 10  3 11  0  9  5  6]
[test_sample_06167] [T1x_rxn9738] ❌ 错误 | 原子数：13
  - 正确映射：[ 3  9 11 10  4  0  1 12  8  6  2  5  7]
  - 预测映射：[ 3  9 11  0  4 10  1  7  5  6  2  8 12]
[test_sample_06168] [T1x_rxn9896] ❌ 错误 | 原子数：13
  - 正确映射：[ 3  8 12 11  1  6  2  5  9  0  4  7 10]
  - 预测映射：[ 3  8 12 11  1  6  2  5  9  0 10  7  4]
[test_sample_06169] [T1x_rxn0285] ✅ 严格正确 | 原子数：12
[test_sample_06170] [T1x_rxn0286] ❌ 错误 | 原子数：12
  - 正确映射：[ 8 10  3  4 11  0  2  5  6  9  1  7]
  - 预测映射：[ 8 10  3  4 11  0  5  6  2  1  9  7]
[test_sample_06171] [T1x_rxn0287] ❌ 错误 | 原子数：12
  - 正确映射：[ 4  3  0 10  5  2 11  1  9  6  7  8]
  - 预测映射：[ 4  3  0 10  5  2 11  9  1  6  7  8]
[test_sample_06172] [T1x_rxn0288] ✅ 严格正确 | 原子数：12
[test_sample_06173] [T1x_rxn0289] ❌ 错误 | 原子数：12
  - 正确映射：[11 10  0  2  5  4  3  8  9  1  6  7]
  - 预测映射：[ 5  4  0  2 10 11  1  3  6  7  9  8]
[test_sample_06174] [T1x_rxn0290] ✅ 严格正确 | 原子数：12
[test_sample_06175] [T1x_rxn0291] ❌ 错误 | 原子数：12
  - 正确映射：[ 1  7  6  3 10  4  2  8 11  9  0  5]
  - 预测映射：[ 7  1  6  3 10  4  9  2 11  8  0  5]
[test_sample_06176] [T1x_rxn0292] ❌ 错误 | 原子数：12
  - 正确映射：[ 6  7  2  0 11  3  1  4  8  5 10  9]
  - 预测映射：[ 6  7  2  0 11  3 10  4  1  8  5  9]
[test_sample_06177] [T1x_rxn0293] ❌ 错误 | 原子数：12
  - 正确映射：[ 6  4  7  2  5  0  3 10  1  9 11  8]
  - 预测映射：[ 6  4  7  2  0  5  3 10  1  9 11  8]
[test_sample_06178] [T1x_rxn0294] ❌ 错误 | 原子数：12
  - 正确映射：[ 7 11  3  0  9 10  4  2  1  6  8  5]
  - 预测映射：[11  7  3  0  9 10  8  6  2  1  5  4]
[test_sample_06179] [T1x_rxn0496] ❌ 错误 | 原子数：12
  - 正确映射：[ 3  2  7 10  6  8 11  9  1  0  5  4]
  - 预测映射：[ 3  2  7 10  6  8 11  9  1  4  0  5]
[test_sample_06180] [T1x_rxn0497] ❌ 错误 | 原子数：12
  - 正确映射：[ 9  7 11  2  5  4  3  1  6 10  8  0]
  - 预测映射：[ 9  5  4  2  7 11  3  1  8  0  6 10]
[test_sample_06181] [T1x_rxn0498] ❌ 错误 | 原子数：12
  - 正确映射：[ 8  2  0  5  6 10 11  9  7  3  1  4]
  - 预测映射：[ 8 10  0  5  6  2 11  9  4  3  1  7]
[test_sample_06182] [T1x_rxn0499] ✅ 严格正确 | 原子数：12
[test_sample_06183] [T1x_rxn0500] ❌ 错误 | 原子数：12
  - 正确映射：[ 8  5  2  4  9  6  0 10  3  7 11  1]
  - 预测映射：[ 8  6  2  4  9  5  1  0  7 10 11  3]
[test_sample_06184] [T1x_rxn0501] ❌ 错误 | 原子数：12
  - 正确映射：[ 7  4  5  6  1  2 11  9  8  3  0 10]
  - 预测映射：[ 7  2  1  6  5  4  9  8 10  0  3 11]
[test_sample_06185] [T1x_rxn0502] ❌ 错误 | 原子数：12
  - 正确映射：[ 6  9  2  1 10  3  5  4  8 11  7  0]
  - 预测映射：[ 9  2  3  1 10  6  8  4 11  0  7  5]
[test_sample_06186] [T1x_rxn0503] ❌ 错误 | 原子数：12
  - 正确映射：[ 9  2  6  1 11  7  8 10  0  5  3  4]
  - 预测映射：[ 9  2 11  1  6  7 10  8  0  3  5  4]
[test_sample_06187] [T1x_rxn0581] ❌ 错误 | 原子数：12
  - 正确映射：[ 4  5  3  7  6  9  2 11  1  8  0 10]
  - 预测映射：[ 4  5  3  7  6  9  2  1 11  0  8 10]
[test_sample_06188] [T1x_rxn0582] ❌ 错误 | 原子数：12
  - 正确映射：[ 3 10  0  7 11  6  1  2  5  8  4  9]
  - 预测映射：[ 6 11  0  7 10  3  9  1  5  4  8  2]
[test_sample_06189] [T1x_rxn0583] ❌ 错误 | 原子数：12
  - 正确映射：[10  4  7  2 11  9  3  0  5  6  1  8]
  - 预测映射：[10  4  7  2 11  9  0  3  5  6  1  8]
[test_sample_06190] [T1x_rxn0772] ✅ 严格正确 | 原子数：12
[test_sample_06191] [T1x_rxn0773] ❌ 错误 | 原子数：12
  - 正确映射：[ 7  3  9  1  8  2 11  0  4 10  5  6]
  - 预测映射：[ 7  2  8  1  9  3  6  0 11  5 10  4]
[test_sample_06192] [T1x_rxn0774] ✅ 严格正确 | 原子数：12
[test_sample_06193] [T1x_rxn0775] ❌ 错误 | 原子数：12
  - 正确映射：[ 0  9  2  4  8  6  3 11 10  7  5  1]
  - 预测映射：[ 8  6  9  4  2  0  5 11 10  1  7  3]
[test_sample_06194] [T1x_rxn0776] ✅ 严格正确 | 原子数：12
[test_sample_06195] [T1x_rxn0777] ❌ 错误 | 原子数：12
  - 正确映射：[ 0  4  8  9  6  7 10 11  1  5  3  2]
  - 预测映射：[ 0  4  8  9  6  7  1 11 10  5  3  2]
[test_sample_06196] [T1x_rxn0778] ❌ 错误 | 原子数：12
  - 正确映射：[ 8  0  9  7  2  3 11 10  6  1  4  5]
  - 预测映射：[ 8  9  0  7  2  3  6 11  1 10  4  5]
[test_sample_06197] [T1x_rxn0779] ❌ 错误 | 原子数：12
  - 正确映射：[ 7  1  8 11  5 10  3  6  0  9  4  2]
  - 预测映射：[ 5 10  1 11  8  7  2  4  0  3  9  6]
[test_sample_06198] [T1x_rxn0780] ✅ 严格正确 | 原子数：12
[test_sample_06199] [T1x_rxn0781] ❌ 错误 | 原子数：12
  - 正确映射：[ 5  2  7 10  1  4  6  9 11  0  3  8]
  - 预测映射：[ 5  2  4 10  1  7  6 11  0  9  3  8]
[test_sample_06200] [T1x_rxn1186] ❌ 错误 | 原子数：12
  - 正确映射：[ 0  8 10 11  3  7  9  1  2  5  6  4]
  - 预测映射：[ 0  8 10 11  3  7  5  9  2  1  6  4]
[test_sample_06201] [T1x_rxn1187] ❌ 错误 | 原子数：12
  - 正确映射：[ 2  9  5 11  7 10  4  0  1  6  8  3]
  - 预测映射：[ 2  5 11  7 10  9  0  1  6  3  8  4]
[test_sample_06202] [T1x_rxn1188] ❌ 错误 | 原子数：12
  - 正确映射：[ 3 10  8  7  6 11  2  4  9  0  5  1]
  - 预测映射：[ 3 10  8  7  6 11  2  4  9  1  0  5]
[test_sample_06203] [T1x_rxn1189] ❌ 错误 | 原子数：12
  - 正确映射：[ 8  1 10  7  2 11  4  6  3  0  9  5]
  - 预测映射：[ 8  7  2 11  1 10  3  0  9  5  4  6]
[test_sample_06204] [T1x_rxn1190] ❌ 错误 | 原子数：12
  - 正确映射：[11  9  1  7 10  8  6  3  0  5  4  2]
  - 预测映射：[11  9  8 10  7  1  2  4  0  5  3  6]
[test_sample_06205] [T1x_rxn1191] ❌ 错误 | 原子数：12
  - 正确映射：[10  9  0  3  4  1 11  5  7  8  2  6]
  - 预测映射：[10  9  0  3  4  1  5  6 11  7  2  8]
[test_sample_06206] [T1x_rxn1192] ❌ 错误 | 原子数：12
  - 正确映射：[ 6 10  7  0  4  8  9  1  3  2 11  5]
  - 预测映射：[ 6 10  7  0  4  8  1  9  3  2 11  5]
[test_sample_06207] [T1x_rxn1193] ❌ 错误 | 原子数：12
  - 正确映射：[ 8  5  1  2 11  6  4  9 10  7  0  3]
  - 预测映射：[ 8  5  1  2 11  6  9  3  4 10  7  0]
[test_sample_06208] [T1x_rxn1194] ❌ 错误 | 原子数：12
  - 正确映射：[ 4  2 11  5  3 10  9  7  1  8  0  6]
  - 预测映射：[ 4  2 10  3  5 11  6  0  8  1  7  9]
[test_sample_06209] [T1x_rxn1327] ❌ 错误 | 原子数：12
  - 正确映射：[ 1  8  6  3  2  9  4 11 10  5  0  7]
  - 预测映射：[ 1  8  6  3  2  9 11  4  5 10  7  0]
[test_sample_06210] [T1x_rxn1328] ❌ 错误 | 原子数：12
  - 正确映射：[ 3  1  2  4  9 10  0 11  7  6  5  8]
  - 预测映射：[ 1  3  2  4  9 10  0 11  7  6  5  8]
[test_sample_06211] [T1x_rxn1329] ❌ 错误 | 原子数：12
  - 正确映射：[ 6  5 10  7 11  8  2  4  9  1  0  3]
  - 预测映射：[ 6  5 10 11  7  8  2  4  3  0  1  9]
[test_sample_06212] [T1x_rxn1330] ❌ 错误 | 原子数：12
  - 正确映射：[ 9 11  3  1  5 10  2  7  6  8  4  0]
  - 预测映射：[ 9 11  3  1  5 10  2  7  8  4  0  6]
[test_sample_06213] [T1x_rxn1331] ❌ 错误 | 原子数：12
  - 正确映射：[ 4  2  7 11  9  1  6  0 10  5  3  8]
  - 预测映射：[ 7 11  2  9  4  1  0  5  3 10  8  6]
[test_sample_06214] [T1x_rxn1541] ❌ 错误 | 原子数：12
  - 正确映射：[ 6  7  1  3  0  2 11  4  5  9  8 10]
  - 预测映射：[ 6  7  1  3  0  2  4  5 11  9  8 10]
[test_sample_06215] [T1x_rxn1542] ❌ 错误 | 原子数：12
  - 正确映射：[ 6  8  0  7  4  3  1  2 11 10  9  5]
  - 预测映射：[ 6  0  8  7  4  3  1 11  2 10  9  5]
[test_sample_06216] [T1x_rxn1543] ❌ 错误 | 原子数：12
  - 正确映射：[ 7  1 11 10  3  9  0  8  6  2  5  4]
  - 预测映射：[ 7  1 11 10  3  9  6  0  8  2  5  4]
[test_sample_06217] [T1x_rxn1544] ✅ 严格正确 | 原子数：12
[test_sample_06218] [T1x_rxn1545] ✅ 严格正确 | 原子数：12
[test_sample_06219] [T1x_rxn1900] ❌ 错误 | 原子数：12
  - 正确映射：[ 2  1 10  3 11  9  6  0  5  4  7  8]
  - 预测映射：[ 2  1 10  3 11  9  4  5  0  7  6  8]
[test_sample_06220] [T1x_rxn1901] ❌ 错误 | 原子数：12
  - 正确映射：[10  6  8  4  1  9  7  2 11  5  3  0]
  - 预测映射：[10  6  8  4  1  9  3  5  2 11  0  7]
[test_sample_06221] [T1x_rxn1902] ❌ 错误 | 原子数：12
  - 正确映射：[ 0  9  8  7 10  4  5  6  1  2  3 11]
  - 预测映射：[ 0  9  8  7  4 10  5  6  1  2  3 11]
[test_sample_06222] [T1x_rxn2214] ❌ 错误 | 原子数：12
  - 正确映射：[ 3 10  6  5  2  8  0 11  9  7  1  4]
  - 预测映射：[ 3  6  5  2 10  8  9  0 11  1  4  7]
[test_sample_06223] [T1x_rxn2215] ✅ 严格正确 | 原子数：12
[test_sample_06224] [T1x_rxn2216] ❌ 错误 | 原子数：12
  - 正确映射：[ 6 10  2  9  7  4  8  5  3  1  0 11]
  - 预测映射：[ 6 10  2  9  7  4  8  3  5  1  0 11]
[test_sample_06225] [T1x_rxn2217] ❌ 错误 | 原子数：12
  - 正确映射：[10  3  1  9  4  0  5  7  6  8 11  2]
  - 预测映射：[10  3  1  9  4  0  7  6  5  8 11  2]
[test_sample_06226] [T1x_rxn2218] ❌ 错误 | 原子数：12
  - 正确映射：[ 5 11  7  1  4  9 10  6  2  0  3  8]
  - 预测映射：[ 5  4  1  7 11  9  6  2 10  3  0  8]
[test_sample_06227] [T1x_rxn2219] ❌ 错误 | 原子数：12
  - 正确映射：[ 7 10  5 11  4  3  2  0  9  1  8  6]
  - 预测映射：[ 7 10  5 11  4  3  2  9  0  1  8  6]
[test_sample_06228] [T1x_rxn2220] ❌ 错误 | 原子数：12
  - 正确映射：[10  7  5  9  4  1  6 11  2  0  8  3]
  - 预测映射：[10  7  5  4  9  1  2  0  6 11  3  8]
[test_sample_06229] [T1x_rxn2221] ❌ 错误 | 原子数：12
  - 正确映射：[11 10  6  1  8  9  4  2  3  5  0  7]
  - 预测映射：[ 8  1  6 11 10  9  0  7  4  5  3  2]
[test_sample_06230] [T1x_rxn2357] ✅ 严格正确 | 原子数：12
[test_sample_06231] [T1x_rxn2358] ❌ 错误 | 原子数：12
  - 正确映射：[11  6  4 10  5  3  0  7  8  9  2  1]
  - 预测映射：[11  6 10  5  3  4  7  0  9  8  2  1]
[test_sample_06232] [T1x_rxn2359] ❌ 错误 | 原子数：12
  - 正确映射：[ 3 11  2  4  8  7 10  1  6  5  0  9]
  - 预测映射：[ 3 11  2  4  8  7  1 10  5  6  0  9]
[test_sample_06233] [T1x_rxn2360] ❌ 错误 | 原子数：12
  - 正确映射：[ 9 10  5  8  1  2  4 11  6  0  7  3]
  - 预测映射：[ 9  2  1  8  5 10  7  3  6  0  4 11]
[test_sample_06234] [T1x_rxn2361] ✅ 严格正确 | 原子数：12
[test_sample_06235] [T1x_rxn2362] ❌ 错误 | 原子数：12
  - 正确映射：[ 4  9  5  3  0  6  8 11 10  7  1  2]
  - 预测映射：[ 4  9  5  3  0  6 10  8 11  7  1  2]
[test_sample_06236] [T1x_rxn2363] ✅ 严格正确 | 原子数：12
[test_sample_06237] [T1x_rxn2364] ❌ 错误 | 原子数：12
  - 正确映射：[ 0  4  9  3  7  8 11  6  1 10  5  2]
  - 预测映射：[ 0  4  9  3  7  8  6 11 10  1  5  2]
[test_sample_06238] [T1x_rxn2365] ❌ 错误 | 原子数：12
  - 正确映射：[ 7  0  5  9  6 10  4  8 11  2  1  3]
  - 预测映射：[ 7  0 10  6  9  5  2  3  1  4 11  8]
[test_sample_06239] [T1x_rxn2366] ✅ 严格正确 | 原子数：12
[test_sample_06240] [T1x_rxn2367] ❌ 错误 | 原子数：12
  - 正确映射：[10  5  6  2  9  3  0  7  4  8 11  1]
  - 预测映射：[10  6  2  9  3  5  8  0  4 11  1  7]
[test_sample_06241] [T1x_rxn2368] ✅ 严格正确 | 原子数：12
[test_sample_06242] [T1x_rxn2369] ❌ 错误 | 原子数：12
  - 正确映射：[ 6  2  7  3  5  0 10  9  4  8 11  1]
  - 预测映射：[ 6  2  0  3  7  5  1 11  4  8  9 10]
[test_sample_06243] [T1x_rxn2370] ❌ 错误 | 原子数：12
  - 正确映射：[ 1  3 10  5  2  7 11  6  8  0  4  9]
  - 预测映射：[ 1  3 10  5  2  7  6 11  8  9  0  4]
[test_sample_06244] [T1x_rxn2371] ✅ 严格正确 | 原子数：12
[test_sample_06245] [T1x_rxn2372] ❌ 错误 | 原子数：12
  - 正确映射：[11  3  1  8  0  5 10  4  7  9  2  6]
  - 预测映射：[11  3  1  8  0  5  4 10  9  7  2  6]
[test_sample_06246] [T1x_rxn2490] ❌ 错误 | 原子数：12
  - 正确映射：[ 4 11  5  3  8  9  1  7  6 10  0  2]
  - 预测映射：[ 9  5 11  4  8  3  2  7  0  1  6 10]
[test_sample_06247] [T1x_rxn2491] ❌ 错误 | 原子数：12
  - 正确映射：[ 8  4  6  7  3  1  5  9 11  2  0 10]
  - 预测映射：[ 8  4  6  7  3  1  5  9  2 11 10  0]
[test_sample_06248] [T1x_rxn2492] ❌ 错误 | 原子数：12
  - 正确映射：[10  1  6  0  4 11  8  7  5  9  2  3]
  - 预测映射：[10  1  6 11  4  0  8  7  3  2  9  5]
[test_sample_06249] [T1x_rxn2493] ✅ 严格正确 | 原子数：12
[test_sample_06250] [T1x_rxn2494] ❌ 错误 | 原子数：12
  - 正确映射：[ 9  7  4  0  3 11  6  5  1 10  8  2]
  - 预测映射：[ 9  7  4 11  3  0  6  5  2  8 10  1]
[test_sample_06251] [T1x_rxn2687] ❌ 错误 | 原子数：12
  - 正确映射：[ 9  0  7  1 11  8  3  6  5  2 10  4]
  - 预测映射：[ 9  0  1  7 11  8  3  6  2  5  4 10]
[test_sample_06252] [T1x_rxn2688] ❌ 错误 | 原子数：12
  - 正确映射：[ 2  1  7  9  6  8 10  3  5  4 11  0]
  - 预测映射：[ 1  2  7  9  6  8 10  3  5  4 11  0]
[test_sample_06253] [T1x_rxn2689] ❌ 错误 | 原子数：12
  - 正确映射：[ 8  3  9  5  1 10  0 11  7  2  4  6]
  - 预测映射：[ 3  5  9  8  1 10  0 11  2  7  6  4]
[test_sample_06254] [T1x_rxn2690] ❌ 错误 | 原子数：12
  - 正确映射：[11  1 10  3  0  8  9  7  4  5  6  2]
  - 预测映射：[11  1 10  3  0  8  9  7  4  2  6  5]
[test_sample_06255] [T1x_rxn2691] ✅ 严格正确 | 原子数：12
[test_sample_06256] [T1x_rxn2692] ✅ 严格正确 | 原子数：12
[test_sample_06257] [T1x_rxn2693] ❌ 错误 | 原子数：12
  - 正确映射：[ 5  9  8  2  4  3  6  7 11 10  1  0]
  - 预测映射：[ 8  9  5  2  4  3  6  7 11 10  1  0]
[test_sample_06258] [T1x_rxn2694] ❌ 错误 | 原子数：12
  - 正确映射：[ 3  1 10  6  5  4  9 11  2  0  7  8]
  - 预测映射：[ 1 10  6  3  5  4 11  0  2  9  7  8]
[test_sample_06259] [T1x_rxn2760] ❌ 错误 | 原子数：12
  - 正确映射：[ 1 11  3 10  4  8  5  7  6  2  9  0]
  - 预测映射：[ 1 11  3 10  4  8  5  7  6  9  0  2]
[test_sample_06260] [T1x_rxn2761] ❌ 错误 | 原子数：12
  - 正确映射：[ 3  8  7  4 11  5  9 10  0  6  2  1]
  - 预测映射：[ 3  8  7  4 11  5  0  9 10  2  6  1]
[test_sample_06261] [T1x_rxn2762] ❌ 错误 | 原子数：12
  - 正确映射：[ 6  9  7  5  2 10 11  0  3  4  1  8]
  - 预测映射：[ 6  9  7  5  2 10  3  0 11  4  1  8]
[test_sample_06262] [T1x_rxn2763] ❌ 错误 | 原子数：12
  - 正确映射：[ 2  0 11  4  3 10  6  9  1  7  8  5]
  - 预测映射：[ 2 10  0 11  3  4  7  6  1  8  5  9]
[test_sample_06263] [T1x_rxn2764] ❌ 错误 | 原子数：12
  - 正确映射：[ 9  8 11  6  7  4  1  2  0  5 10  3]
  - 预测映射：[ 9  8 11  6  7  4  1  0  2  5 10  3]
[test_sample_06264] [T1x_rxn2876] ❌ 错误 | 原子数：12
  - 正确映射：[ 9 11 10  0  5  6  4  2  3  8  1  7]
  - 预测映射：[ 0  9 10 11  6  5  8  1  4  3  7  2]
[test_sample_06265] [T1x_rxn2877] ✅ 严格正确 | 原子数：12
[test_sample_06266] [T1x_rxn2878] ❌ 错误 | 原子数：12
  - 正确映射：[ 9  7  6 10  4  1  2  3  0  8 11  5]
  - 预测映射：[ 7  9  6  1  4 10  8  0  2  5 11  3]
[test_sample_06267] [T1x_rxn2879] ❌ 错误 | 原子数：12
  - 正确映射：[ 1  3 10  7  8 11  6  9  0  4  5  2]
  - 预测映射：[ 7  1 10  8 11  3  4  9  6  5  2  0]
[test_sample_06268] [T1x_rxn2880] ❌ 错误 | 原子数：12
  - 正确映射：[ 1 10  2  8  4  6  3  7 11  9  0  5]
  - 预测映射：[ 1  8  2 10  6  4  3  7  9 11  5  0]
[test_sample_06269] [T1x_rxn2881] ❌ 错误 | 原子数：12
  - 正确映射：[ 2  9  8  6 11  4  7  1  0  5  3 10]
  - 预测映射：[ 2  9  8  6 11  4  7  1  0  5 10  3]
[test_sample_06270] [T1x_rxn2882] ❌ 错误 | 原子数：12
  - 正确映射：[ 1  0  5 10  4  6  7  9 11  3  2  8]
  - 预测映射：[ 1  6  5  0 10  4  7  9  8 11  3  2]
[test_sample_06271] [T1x_rxn3004] ❌ 错误 | 原子数：12
  - 正确映射：[10  8  6  0 11  2  5  7  1  4  3  9]
  - 预测映射：[ 6 11  8  0  2 10  5  7  4  3  9  1]
[test_sample_06272] [T1x_rxn3005] ❌ 错误 | 原子数：12
  - 正确映射：[ 2  5  6 11  8  3 10  9  0  1  4  7]
  - 预测映射：[ 2  5  6 11  8  3 10  9  0  4  1  7]
[test_sample_06273] [T1x_rxn3006] ✅ 严格正确 | 原子数：12
[test_sample_06274] [T1x_rxn3007] ❌ 错误 | 原子数：12
  - 正确映射：[ 7  4  9  3 10  8  2  5  6  1 11  0]
  - 预测映射：[ 9  4  7  3 10  8  1 11  6  5  2  0]
[test_sample_06275] [T1x_rxn3008] ❌ 错误 | 原子数：12
  - 正确映射：[ 6  2  9  8  0 11  1  3  7  4  5 10]
  - 预测映射：[ 9  2  6  8  0 11  4  5  7  3  1 10]
[test_sample_06276] [T1x_rxn3009] ❌ 错误 | 原子数：12
  - 正确映射：[ 5  1  0  2  3  4  9  8  6  7 10 11]
  - 预测映射：[ 5  3  4  2  1  0  6  7  8  9 11 10]
[test_sample_06277] [T1x_rxn3010] ❌ 错误 | 原子数：12
  - 正确映射：[ 6  2  4  3  7  8  9 11  1  5 10  0]
  - 预测映射：[ 6  2  4  3  8  7  9 11  1  5 10  0]
[test_sample_06278] [T1x_rxn3011] ❌ 错误 | 原子数：12
  - 正确映射：[ 4  7  3  8 11 10  0  9  2  5  6  1]
  - 预测映射：[ 4  7  3  8 11 10  0  9  2  6  5  1]
[test_sample_06279] [T1x_rxn3160] ❌ 错误 | 原子数：12
  - 正确映射：[11 10  5  4  7  9  3  1  6  0  2  8]
  - 预测映射：[11 10  9  4  7  5  3  1  6  8  2  0]
[test_sample_06280] [T1x_rxn3161] ❌ 错误 | 原子数：12
  - 正确映射：[11  4  0  3  1  7  9  2 10  6  5  8]
  - 预测映射：[11  0  4  7  1  3 10  2  6  9  8  5]
[test_sample_06281] [T1x_rxn3162] ❌ 错误 | 原子数：12
  - 正确映射：[ 0 11  7  1  6  5  3  4  2  8 10  9]
  - 预测映射：[ 0 11  7  1  6  5  3  4  2  8  9 10]
[test_sample_06282] [T1x_rxn3163] ❌ 错误 | 原子数：12
  - 正确映射：[ 9  1 10  3  4 11  6  7  5  2  0  8]
  - 预测映射：[ 9 10  1 11  4  3  7  6  2  5  8  0]
[test_sample_06283] [T1x_rxn3164] ❌ 错误 | 原子数：12
  - 正确映射：[ 2  4  1  6  7  0 11  5 10  3  9  8]
  - 预测映射：[ 4  1  2  0  7  6 10  5  3 11  8  9]
[test_sample_06284] [T1x_rxn3165] ❌ 错误 | 原子数：12
  - 正确映射：[ 1  7  2  5 11  3 10  4  9  6  0  8]
  - 预测映射：[ 7  2  1  3 11  5  9  4  6 10  0  8]
[test_sample_06285] [T1x_rxn3166] ❌ 错误 | 原子数：12
  - 正确映射：[ 1 10  8  6  7  5  9  0 11  3  4  2]
  - 预测映射：[ 1  8 10  5  7  6  9  0  3 11  2  4]
[test_sample_06286] [T1x_rxn3289] ❌ 错误 | 原子数：12
  - 正确映射：[ 8  4  5 10  6  7  1  2  9 11  3  0]
  - 预测映射：[ 6  7  5 10  4  8 11  1  0  2  3  9]
[test_sample_06287] [T1x_rxn3290] ✅ 严格正确 | 原子数：12
[test_sample_06288] [T1x_rxn3291] ✅ 严格正确 | 原子数：12
[test_sample_06289] [T1x_rxn3292] ❌ 错误 | 原子数：12
  - 正确映射：[ 5  2  7  3  9  1  6 10 11  0  4  8]
  - 预测映射：[ 5  2  7  3  9  1 10  6 11  0  4  8]
[test_sample_06290] [T1x_rxn3293] ❌ 错误 | 原子数：12
  - 正确映射：[ 9  0 11  8  6  3  7  2  1  4 10  5]
  - 预测映射：[11  6  3  8  0  9  1  2 10  4  5  7]
[test_sample_06291] [T1x_rxn3329] ❌ 错误 | 原子数：12
  - 正确映射：[ 5  4  6  1  0  3 10  7  9 11  2  8]
  - 预测映射：[ 5  4  6  1  0  3 10 11  2  7  9  8]
[test_sample_06292] [T1x_rxn3330] ❌ 错误 | 原子数：12
  - 正确映射：[ 1  5  9 11  4  8 10  2  7  6  0  3]
  - 预测映射：[ 1  5  9 11  4  8  2 10  7  6  0  3]
[test_sample_06293] [T1x_rxn3331] ❌ 错误 | 原子数：12
  - 正确映射：[ 3  5  6  2  1  8 10  9 11  0  7  4]
  - 预测映射：[ 3  5  6  2  1  8 10 11  9  7  0  4]
[test_sample_06294] [T1x_rxn3332] ❌ 错误 | 原子数：12
  - 正确映射：[ 0  4  7 10  6  8  5  3 11  1  2  9]
  - 预测映射：[ 4  0  7 10  6  8  5 11  2  3  9  1]
[test_sample_06295] [T1x_rxn3489] ✅ 严格正确 | 原子数：12
[test_sample_06296] [T1x_rxn3490] ✅ 严格正确 | 原子数：12
[test_sample_06297] [T1x_rxn3491] ❌ 错误 | 原子数：12
  - 正确映射：[ 1 11  0  8 10  9  3  5  6  4  7  2]
  - 预测映射：[ 1  9 10  0  8 11  4  7  5  6  3  2]
[test_sample_06298] [T1x_rxn3492] ❌ 错误 | 原子数：12
  - 正确映射：[ 6  3  1  8 10  4  5 11  0  9  2  7]
  - 预测映射：[ 6  3  1  4 10  8  5 11  0  9  2  7]
[test_sample_06299] [T1x_rxn3493] ✅ 严格正确 | 原子数：12
[test_sample_06300] [T1x_rxn3494] ❌ 错误 | 原子数：12
  - 正确映射：[ 2  9  3 10  1  7  0  5  8  4 11  6]
  - 预测映射：[ 2  9  3  7 10  1  5  0  4  6  8 11]
[test_sample_06301] [T1x_rxn3495] ❌ 错误 | 原子数：12
  - 正确映射：[ 9  7  1  4  2  5  0  6  8 11 10  3]
  - 预测映射：[ 9  7  5  2  1  4  3 11 10  6  0  8]
[test_sample_06302] [T1x_rxn3496] ✅ 严格正确 | 原子数：12
[test_sample_06303] [T1x_rxn3497] ❌ 错误 | 原子数：12
  - 正确映射：[11  6  5  0  7  9  1  4  3  2  8 10]
  - 预测映射：[11  6  5  0  7  9  1  4  8 10  2  3]
[test_sample_06304] [T1x_rxn3498] ✅ 严格正确 | 原子数：12
[test_sample_06305] [T1x_rxn3499] ❌ 错误 | 原子数：12
  - 正确映射：[ 7  0  9  2 10  8  5  1  6  4 11  3]
  - 预测映射：[ 7  0  9  2  8 10  1  5  6 11  3  4]
[test_sample_06306] [T1x_rxn3500] ❌ 错误 | 原子数：12
  - 正确映射：[ 2  4  6  9  3 10  7  1  0 11  8  5]
  - 预测映射：[ 2  4  6  3  9 10  1  7 11  0  8  5]
[test_sample_06307] [T1x_rxn3501] ✅ 严格正确 | 原子数：12
[test_sample_06308] [T1x_rxn3502] ❌ 错误 | 原子数：12
  - 正确映射：[ 9 11  6  5  4  8  1  3  7 10  2  0]
  - 预测映射：[ 9 11  6  4  5  8  1  3 10  7  2  0]
[test_sample_06309] [T1x_rxn3503] ❌ 错误 | 原子数：12
  - 正确映射：[ 0  7  4  9 10  6  8 11  1  2  3  5]
  - 预测映射：[ 0  7  6  9 10  4  1  5  3 11  2  8]
[test_sample_06310] [T1x_rxn3504] ✅ 严格正确 | 原子数：12
[test_sample_06311] [T1x_rxn3510] ❌ 错误 | 原子数：12
  - 正确映射：[11 10  0  4  7  9  5  2  3  1  8  6]
  - 预测映射：[11 10  0  4  7  9  5  2  3  8  1  6]
[test_sample_06312] [T1x_rxn3511] ❌ 错误 | 原子数：12
  - 正确映射：[ 0  9 11  3 10  7  1  4  5  2  6  8]
  - 预测映射：[ 9 11  3 10  0  7  5  8  2  1  6  4]
[test_sample_06313] [T1x_rxn3512] ❌ 错误 | 原子数：12
  - 正确映射：[11  5  4  1  2  8  6  0  9  3  7 10]
  - 预测映射：[ 4  5 11  1  2  8  7 10  3  9  6  0]
[test_sample_06314] [T1x_rxn3513] ❌ 错误 | 原子数：12
  - 正确映射：[ 6 11  1  9  7  2  8 10  0  5  3  4]
  - 预测映射：[ 6 11  1  9  7  2  0  8 10  3  5  4]
[test_sample_06315] [T1x_rxn3514] ❌ 错误 | 原子数：12
  - 正确映射：[ 5 11  4 10  9  6  1  2  3  7  8  0]
  - 预测映射：[ 5 11  4 10  9  6  1  0  3  7  8  2]
[test_sample_06316] [T1x_rxn3515] ❌ 错误 | 原子数：12
  - 正确映射：[ 8  9  1  4  6  2  7  5  0 10 11  3]
  - 预测映射：[ 9  1  4  8  6  2 11  3 10  5  0  7]
[test_sample_06317] [T1x_rxn3516] ❌ 错误 | 原子数：12
  - 正确映射：[ 0 10  9  6 11  8  5  3  7  1  4  2]
  - 预测映射：[ 9  0 10 11  6  8  3  5  7  4  1  2]
[test_sample_06318] [T1x_rxn3517] ❌ 错误 | 原子数：12
  - 正确映射：[ 1  3  9  5  8  2  7  6  0 11 10  4]
  - 预测映射：[ 1  3  9  5  8  2  6  7  0 11 10  4]
[test_sample_06319] [T1x_rxn3518] ✅ 严格正确 | 原子数：12
[test_sample_06320] [T1x_rxn3519] ❌ 错误 | 原子数：12
  - 正确映射：[ 1  6  5  0  3  7  8 11  2 10  9  4]
  - 预测映射：[ 1  6  5  0  3  7  2  8 10  9 11  4]
[test_sample_06321] [T1x_rxn3520] ❌ 错误 | 原子数：12
  - 正确映射：[ 6  5  0  2  7 10  3  8  9  1  4 11]
  - 预测映射：[ 5  6  0  2  7 10  1  8  9  3  4 11]
[test_sample_06322] [T1x_rxn3929] ❌ 错误 | 原子数：12
  - 正确映射：[ 0  2 10  3  1  9  7  8  4  6 11  5]
  - 预测映射：[ 0 10  2  3  1  9  7  8  4  6 11  5]
[test_sample_06323] [T1x_rxn3930] ✅ 严格正确 | 原子数：12
[test_sample_06324] [T1x_rxn3931] ❌ 错误 | 原子数：12
  - 正确映射：[ 9  0  8  5  4 11  1 10  6  2  3  7]
  - 预测映射：[ 9  0  8  5  4 11  2  1  6  7 10  3]
[test_sample_06325] [T1x_rxn3932] ✅ 严格正确 | 原子数：12
[test_sample_06326] [T1x_rxn3933] ❌ 错误 | 原子数：12
  - 正确映射：[ 3  9  5  7  2  6 10  0  8  1 11  4]
  - 预测映射：[ 3  9  5  7  2  6  8  0 10  1 11  4]
[test_sample_06327] [T1x_rxn3934] ❌ 错误 | 原子数：12
  - 正确映射：[ 1 11  6 10  4  7  8  3  0  9  2  5]
  - 预测映射：[ 1 11  6 10  4  7  3  8  0  9  2  5]
[test_sample_06328] [T1x_rxn3935] ❌ 错误 | 原子数：12
  - 正确映射：[ 0 10  1  5  7  9 11  8  4  3  2  6]
  - 预测映射：[ 0 10  1  5  7  9 11  4  8  3  6  2]
[test_sample_06329] [T1x_rxn4253] ❌ 错误 | 原子数：12
  - 正确映射：[ 1  3  6  9  7 10  5  2 11  0  8  4]
  - 预测映射：[ 6  3  7  9 10  1 11  0  2  8  4  5]
[test_sample_06330] [T1x_rxn4254] ❌ 错误 | 原子数：12
  - 正确映射：[ 7  3  2  9  6  1  4  8 10  5  0 11]
  - 预测映射：[ 7  3  2  9  6  1  4  8 11  5  0 10]
[test_sample_06331] [T1x_rxn4255] ✅ 严格正确 | 原子数：12
[test_sample_06332] [T1x_rxn4256] ✅ 严格正确 | 原子数：12
[test_sample_06333] [T1x_rxn4257] ✅ 严格正确 | 原子数：12
[test_sample_06334] [T1x_rxn4258] ❌ 错误 | 原子数：12
  - 正确映射：[ 2  0  7  9  4  6 11  1  8  5 10  3]
  - 预测映射：[ 2  4  7  9  0  6 11  1  3 10  8  5]
[test_sample_06335] [T1x_rxn4259] ❌ 错误 | 原子数：12
  - 正确映射：[ 8  6  4  1  3 10  0 11  7  2  5  9]
  - 预测映射：[ 8  6  4  1  3 10 11  0  7  2  5  9]
[test_sample_06336] [T1x_rxn4260] ❌ 错误 | 原子数：12
  - 正确映射：[ 9  3  0  1  5 10  8  7 11  6  2  4]
  - 预测映射：[10  3  9  1  0  5  4 11  8  7  6  2]
[test_sample_06337] [T1x_rxn4261] ❌ 错误 | 原子数：12
  - 正确映射：[ 2  4  6  9 11  5  1  7  3 10  8  0]
  - 预测映射：[ 2  4  6  9 11  5  1  7  0 10  8  3]
[test_sample_06338] [T1x_rxn4262] ❌ 错误 | 原子数：12
  - 正确映射：[ 7  3 11  9  6  2  5  1 10  8  4  0]
  - 预测映射：[ 2  3 11  9  6  7  5  0 10  8  4  1]
[test_sample_06339] [T1x_rxn4263] ❌ 错误 | 原子数：12
  - 正确映射：[ 8  0 11  3  5 10  7  6  1  4  9  2]
  - 预测映射：[11  0  8  3  5 10  2  4  1  6  9  7]
[test_sample_06340] [T1x_rxn4264] ✅ 严格正确 | 原子数：12
[test_sample_06341] [T1x_rxn4265] ❌ 错误 | 原子数：12
  - 正确映射：[ 6  1  3  5  0  4  7  2  8 11  9 10]
  - 预测映射：[ 0  4  1  5  6  3  9  7 10  8  2 11]
[test_sample_06342] [T1x_rxn4266] ✅ 严格正确 | 原子数：12
[test_sample_06343] [T1x_rxn4267] ❌ 错误 | 原子数：12
  - 正确映射：[ 4  9  5  7  3  2 11  6  1 10  8  0]
  - 预测映射：[ 9  5  4  7  2  3  1 10 11  6  0  8]
[test_sample_06344] [T1x_rxn4268] ❌ 错误 | 原子数：12
  - 正确映射：[11  2  5  6  3  7 10  8  0  4  1  9]
  - 预测映射：[ 3  7  5  6 11  2  1  8  9  4 10  0]
[test_sample_06345] [T1x_rxn4388] ❌ 错误 | 原子数：12
  - 正确映射：[11  8  5  1  4  0 10  6  7  9  2  3]
  - 预测映射：[ 0 11  8  5  4  1  3  6 10  7  9  2]
[test_sample_06346] [T1x_rxn4389] ❌ 错误 | 原子数：12
  - 正确映射：[10  4  6 11  3  1  7  8  2  0  5  9]
  - 预测映射：[10  4  6 11  3  1  7  8  0  2  5  9]
[test_sample_06347] [T1x_rxn4390] ✅ 严格正确 | 原子数：12
[test_sample_06348] [T1x_rxn4391] ❌ 错误 | 原子数：12
  - 正确映射：[ 3  6  0  7  5  4 10  8  1  2 11  9]
  - 预测映射：[ 3  6  0  7  5  4  9  8  1  2 11 10]
[test_sample_06349] [T1x_rxn4392] ✅ 严格正确 | 原子数：12
[test_sample_06350] [T1x_rxn4393] ✅ 严格正确 | 原子数：12
[test_sample_06351] [T1x_rxn4394] ❌ 错误 | 原子数：12
  - 正确映射：[ 2  5  4  3  6  7 11  1  0 10  9  8]
  - 预测映射：[ 3  5  2  7  6  4  0  9  1 11  8 10]
[test_sample_06352] [T1x_rxn4395] ❌ 错误 | 原子数：12
  - 正确映射：[ 2  4  1  8  0  3  7 11  6  5  9 10]
  - 预测映射：[ 1  4  2  3  0  8  5  7  6 11 10  9]
[test_sample_06353] [T1x_rxn4396] ✅ 严格正确 | 原子数：12
[test_sample_06354] [T1x_rxn4397] ✅ 严格正确 | 原子数：12
[test_sample_06355] [T1x_rxn4443] ✅ 严格正确 | 原子数：12
[test_sample_06356] [T1x_rxn4444] ❌ 错误 | 原子数：12
  - 正确映射：[10  2  4  7  5  9  6 11  0  3  8  1]
  - 预测映射：[10  4  2  7  5  9  6  3 11  8  0  1]
[test_sample_06357] [T1x_rxn4445] ✅ 严格正确 | 原子数：12
[test_sample_06358] [T1x_rxn4446] ❌ 错误 | 原子数：12
  - 正确映射：[ 6  1  4  7 11 10  0  8  2  9  5  3]
  - 预测映射：[ 6  1 10 11  7  4  8  0  2  3  5  9]
[test_sample_06359] [T1x_rxn4447] ❌ 错误 | 原子数：12
  - 正确映射：[ 6  7  9 11  3 10  8  2  5  0  4  1]
  - 预测映射：[ 6  7  9 11  3 10  8  5  2  0  4  1]
[test_sample_06360] [T1x_rxn4448] ✅ 严格正确 | 原子数：12
[test_sample_06361] [T1x_rxn4449] ❌ 错误 | 原子数：12
  - 正确映射：[ 8  0 10  4  7  6  2  5  1 11  3  9]
  - 预测映射：[ 8 10  0  4  7  6  1  2 11  5  3  9]
[test_sample_06362] [T1x_rxn4624] ✅ 严格正确 | 原子数：12
[test_sample_06363] [T1x_rxn4625] ✅ 严格正确 | 原子数：12
[test_sample_06364] [T1x_rxn4626] ❌ 错误 | 原子数：12
  - 正确映射：[ 2  5  6  4  9  0  8 10  3  7  1 11]
  - 预测映射：[ 2  5  6  0  9  4  8  3 10  7 11  1]
[test_sample_06365] [T1x_rxn8960] ❌ 错误 | 原子数：12
  - 正确映射：[11  9  8  0  1  2  6 10  4  5  3  7]
  - 预测映射：[11  9  8  0  1  2  5  4 10  6  3  7]
[test_sample_06366] [T1x_rxn8999] ❌ 错误 | 原子数：12
  - 正确映射：[ 0  4  6  8  9  1 11  2 10  3  7  5]
  - 预测映射：[ 8  9  6  1  4  0  7  2  3 10  5 11]
[test_sample_06367] [T1x_rxn9000] ❌ 错误 | 原子数：12
  - 正确映射：[ 2  3 11 10  6  4  9  0  7  8  1  5]
  - 预测映射：[ 2  3 11 10  6  4  9  0  7  1  5  8]
[test_sample_06368] [T1x_rxn9001] ❌ 错误 | 原子数：12
  - 正确映射：[ 6 10  7  4  9  0  8  2  3  5 11  1]
  - 预测映射：[ 6 10  7  0  9  4  3  2  1  5  8 11]
[test_sample_06369] [T1x_rxn9023] ❌ 错误 | 原子数：12
  - 正确映射：[ 0  9  3  4  8  5  2 10 11  7  6  1]
  - 预测映射：[ 9  3  8  4  5  0 11  7  2  6  1 10]
[test_sample_06370] [T1x_rxn9071] ❌ 错误 | 原子数：12
  - 正确映射：[ 5  4  9  6  0  1  8 11  2  7 10  3]
  - 预测映射：[ 5  4  6  0  1  9  2  7 10  3  8 11]
[test_sample_06371] [T1x_rxn9084] ❌ 错误 | 原子数：12
  - 正确映射：[ 7  6  5  2  9 10  1  4  3  0  8 11]
  - 预测映射：[ 7  6  5  2  9 10  1  4  0 11  8  3]
[test_sample_06372] [T1x_rxn9117] ❌ 错误 | 原子数：12
  - 正确映射：[11  8 10  9  3  0  1  4  2  6  7  5]
  - 预测映射：[11  8  3  9 10  0  2  4  1  5  7  6]
[test_sample_06373] [T1x_rxn9118] ❌ 错误 | 原子数：12
  - 正确映射：[ 8  4  6 11  7 10  2  9  1  5  3  0]
  - 预测映射：[11  6  4  8  7 10  5  2  3  1  9  0]
[test_sample_06374] [T1x_rxn9119] ❌ 错误 | 原子数：12
  - 正确映射：[ 8  9  2  0  1 10  7  5  4  6  3 11]
  - 预测映射：[ 8  9  1  2  0 10  5  4  7 11  6  3]
[test_sample_06375] [T1x_rxn9195] ❌ 错误 | 原子数：12
  - 正确映射：[ 9  1 11  7 10  4  8  2  5  0  3  6]
  - 预测映射：[ 9  1 11  7 10  4  8  5  2  0  3  6]
[test_sample_06376] [T1x_rxn9196] ✅ 严格正确 | 原子数：12
[test_sample_06377] [T1x_rxn9327] ❌ 错误 | 原子数：12
  - 正确映射：[11  5  3  6  8  0  1  4  9 10  7  2]
  - 预测映射：[ 5  3 11  6  8  0 10  9  1  7  4  2]
[test_sample_06378] [T1x_rxn9328] ❌ 错误 | 原子数：12
  - 正确映射：[ 6  0  1  9 10  3  2  8  7  4 11  5]
  - 预测映射：[ 6  0  1  9 10  3  8  7  2  4 11  5]
[test_sample_06379] [T1x_rxn9329] ❌ 错误 | 原子数：12
  - 正确映射：[ 6  8  3  2  9 10  4  1 11  7  0  5]
  - 预测映射：[ 6  8  3  2  9 10  4 11  1  5  0  7]
[test_sample_06380] [T1x_rxn9332] ❌ 错误 | 原子数：12
  - 正确映射：[ 9 10  3  6 11  2  5  8  7  4  0  1]
  - 预测映射：[ 9 10  3  6 11  2  5  0  7  4  8  1]
[test_sample_06381] [T1x_rxn9333] ❌ 错误 | 原子数：12
  - 正确映射：[ 9  5 10  3  7  8 11  0  6  4  1  2]
  - 预测映射：[ 9  5 10  3  7  8 11  1  4  6  0  2]
[test_sample_06382] [T1x_rxn9354] ❌ 错误 | 原子数：12
  - 正确映射：[ 8 11  9  2  6  3  5  7  1  0  4 10]
  - 预测映射：[ 8 11  9  2  6  3  4  5  1  7  0 10]
[test_sample_06383] [T1x_rxn9399] ❌ 错误 | 原子数：12
  - 正确映射：[ 3  6  7 10  9  8 11  4  5  0  2  1]
  - 预测映射：[ 3  6  7 10  9  8  5 11  4  0  1  2]
[test_sample_06384] [T1x_rxn9426] ❌ 错误 | 原子数：12
  - 正确映射：[ 9  3  1 10  6 11  5  2  7  8  0  4]
  - 预测映射：[11  3  6 10  1  9  7  4  5  0  8  2]
[test_sample_06385] [T1x_rxn9427] ❌ 错误 | 原子数：12
  - 正确映射：[ 5 11 10  6  8  1  2  7  3  0  9  4]
  - 预测映射：[11 10  8  6  5  1  3  7  0  4  2  9]
[test_sample_06386] [T1x_rxn9440] ✅ 严格正确 | 原子数：12
[test_sample_06387] [T1x_rxn9460] ❌ 错误 | 原子数：12
  - 正确映射：[11  3  4  5  2  1 10  0  8  9  7  6]
  - 预测映射：[11  1  3  2  5  4 10  0  8  6  9  7]
[test_sample_06388] [T1x_rxn9461] ❌ 错误 | 原子数：12
  - 正确映射：[ 6  0 11 10  9  5  8  7  4  3  2  1]
  - 预测映射：[ 6  0 11 10  9  5  8  4  7  2  3  1]
[test_sample_06389] [T1x_rxn4866] ❌ 错误 | 原子数：13
  - 正确映射：[ 0  6  3  2  8 11  7  5  1  4 12 10  9]
  - 预测映射：[ 8  6 11  7  2  3  0 10 12  1  9  4  5]
[test_sample_06390] [T1x_rxn4867] ❌ 错误 | 原子数：13
  - 正确映射：[12  9  7  4  6  0  5  3 10  8 11  2  1]
  - 预测映射：[ 5  9  0  6  4  7 12  1  8 10  2 11  3]
[test_sample_06391] [T1x_rxn4868] ❌ 错误 | 原子数：13
  - 正确映射：[ 4  6 11  3  5  1  8  0 10 12  7  9  2]
  - 预测映射：[ 4  6 11  8  5  1  3  0  7 12 10  2  9]
[test_sample_06392] [T1x_rxn4869] ❌ 错误 | 原子数：13
  - 正确映射：[ 4  2  9  7  0  6  1  8  5 11  3 10 12]
  - 预测映射：[ 2  4  6  1  0  9  7 11  8  5 12 10  3]
[test_sample_06393] [T1x_rxn4870] ❌ 错误 | 原子数：13
  - 正确映射：[ 2  0  7  6  4  9 11  1 12  5 10  3  8]
  - 预测映射：[ 0 11  7  2  6  9  4  5 12  8  1 10  3]
[test_sample_06394] [T1x_rxn4871] ✅ 严格正确 | 原子数：13
[test_sample_06395] [T1x_rxn4872] ❌ 错误 | 原子数：13
  - 正确映射：[ 9  2  8  0 11  1 12  4  5  6  7 10  3]
  - 预测映射：[ 9  0  8  2 12  1 11  4  5  7  6 10  3]
[test_sample_06396] [T1x_rxn4873] ❌ 错误 | 原子数：13
  - 正确映射：[ 2 11  3  4 10  5  7  0  8  9  1 12  6]
  - 预测映射：[11 10  5  7  4  3  2 12  9  8  6  1  0]
[test_sample_06397] [T1x_rxn4874] ❌ 错误 | 原子数：13
  - 正确映射：[ 6 10 11  4  9  3  2  8  7  1 12  5  0]
  - 预测映射：[ 4  9 11  6 10  3  2 12  7  5  8  1  0]
[test_sample_06398] [T1x_rxn4888] ❌ 错误 | 原子数：13
  - 正确映射：[ 4  9  3  6  8  0 10 12  7 11  5  2  1]
  - 预测映射：[10  0  8  6  3  9  4  1  7 11  2  5 12]
[test_sample_06399] [T1x_rxn4889] ❌ 错误 | 原子数：13
  - 正确映射：[ 1 11  5  2  8  0  4  9  6 12 10  3  7]
  - 预测映射：[ 1  8  5  0 11  2  4  3  7  9 12  6 10]
[test_sample_06400] [T1x_rxn4890] ❌ 错误 | 原子数：13
  - 正确映射：[11  6 12  9  1  2  8  7  3  0  5 10  4]
  - 预测映射：[11  6  1  9 12  2  8  5  3 10  0  7  4]
[test_sample_06401] [T1x_rxn4891] ✅ 严格正确 | 原子数：13
[test_sample_06402] [T1x_rxn4892] ❌ 错误 | 原子数：13
  - 正确映射：[12  0  1  4  7  8  2 10 11  6  3  9  5]
  - 预测映射：[ 2  8  1  7  4  0 12  5  9  6  3 11 10]
[test_sample_06403] [T1x_rxn4893] ❌ 错误 | 原子数：13
  - 正确映射：[ 0  1  4  3  9 10 11  8  7  6  2  5 12]
  - 预测映射：[ 0  1  4  9  3 10 11  8  2  5  7  6 12]
[test_sample_06404] [T1x_rxn4894] ❌ 错误 | 原子数：13
  - 正确映射：[ 5  7 11 10  1  6  9  2  3  8  4  0 12]
  - 预测映射：[ 5  7 11 10  1  6  9 12  3  2  0  8  4]
[test_sample_06405] [T1x_rxn4895] ❌ 错误 | 原子数：13
  - 正确映射：[ 6 12  4  9  5  1 10 11  0  3  7  2  8]
  - 预测映射：[ 6 12  4  9  5  1 10 11  3  2  0  7  8]
[test_sample_06406] [T1x_rxn6427] ❌ 错误 | 原子数：13
  - 正确映射：[10  0 11  8  7  5 12  2  9  3  6  4  1]
  - 预测映射：[10 12  0  8 11  7  5  6  2  9  4  3  1]
[test_sample_06407] [T1x_rxn6428] ❌ 错误 | 原子数：13
  - 正确映射：[ 1  7  4  8 11 12  5  9  6  3 10  2  0]
  - 预测映射：[ 1  7  4  8 12 11  5  3  6 10  2  0  9]
[test_sample_06408] [T1x_rxn6429] ✅ 严格正确 | 原子数：13
[test_sample_06409] [T1x_rxn6430] ❌ 错误 | 原子数：13
  - 正确映射：[ 8  9 12  3 10  2  0  4  7  5  6 11  1]
  - 预测映射：[ 3 10 12  8  9  2  0  4  7  1  6 11  5]
[test_sample_06410] [T1x_rxn6431] ❌ 错误 | 原子数：13
  - 正确映射：[ 6  3  1 10 11  4  9  8  7 12  0  5  2]
  - 预测映射：[10  1  3  6  9  4 11  8  7  2  0  5 12]
[test_sample_06411] [T1x_rxn6432] ❌ 错误 | 原子数：13
  - 正确映射：[ 0 10  4  2  7 11  9  6 12  3  5  8  1]
  - 预测映射：[ 0 10  4  2  7 11  9  6 12  8  1  5  3]
[test_sample_06412] [T1x_rxn6433] ✅ 严格正确 | 原子数：13
[test_sample_06413] [T1x_rxn6434] ❌ 错误 | 原子数：13
  - 正确映射：[10  4  7  1  6  9 11  5  2  0 12  8  3]
  - 预测映射：[ 1  7  4 10 11  9  6  5  2  8 12  0  3]
[test_sample_06414] [T1x_rxn6435] ❌ 错误 | 原子数：13
  - 正确映射：[ 6 12 10  8 11  2  9  3  4  1  0  5  7]
  - 预测映射：[ 6 12 10  8 11  2  9  4  3  1  0  5  7]
[test_sample_06415] [T1x_rxn6436] ❌ 错误 | 原子数：13
  - 正确映射：[ 0  7  4  9 11  6  1 10  2  5 12  3  8]
  - 预测映射：[ 9  4  7  0  1  6 11 10  2  8 12  3  5]
[test_sample_06416] [T1x_rxn6437] ❌ 错误 | 原子数：13
  - 正确映射：[ 4  3 11  9  8  6 12  5  7 10  1  2  0]
  - 预测映射：[ 4  3 11  9  8  6 12  0  5 10  1  2  7]
[test_sample_06417] [T1x_rxn6438] ❌ 错误 | 原子数：13
  - 正确映射：[ 4  8 10  9  1  0  7  3  5  6 12 11  2]
  - 预测映射：[ 9  1 10  4  8  0  7  6  5 12  3 11  2]
[test_sample_06418] [T1x_rxn6439] ❌ 错误 | 原子数：13
  - 正确映射：[ 5  4  3  8  7  1  0  9 10 12  6  2 11]
  - 预测映射：[ 8  3  4  5  1  0  7 10  9  6 11  2 12]
[test_sample_06419] [T1x_rxn6440] ✅ 严格正确 | 原子数：13
[test_sample_06420] [T1x_rxn6441] ❌ 错误 | 原子数：13
  - 正确映射：[11  8 12  3  2 10  4  5  7  6  0  9  1]
  - 预测映射：[11  8 12  3  2 10  4  7  5  6  1  9  0]
[test_sample_06421] [T1x_rxn6442] ❌ 错误 | 原子数：13
  - 正确映射：[11  0  3  9  4  2  7  8  1 10 12  6  5]
  - 预测映射：[ 9  4  0 11  7  2  3  5 10  6  1 12  8]
[test_sample_06422] [T1x_rxn6443] ❌ 错误 | 原子数：13
  - 正确映射：[11  2  0  3 12  4  1  6  8  9  7 10  5]
  - 预测映射：[11  2  0  3 12  1  4  8  6  9  7  5 10]
[test_sample_06423] [T1x_rxn6444] ❌ 错误 | 原子数：13
  - 正确映射：[11  1  6  9  4  3 12  8  5  7 10  0  2]
  - 预测映射：[11  6  1  9  4  3 12  5  8  7 10  0  2]
[test_sample_06424] [T1x_rxn6445] ✅ 严格正确 | 原子数：13
[test_sample_06425] [T1x_rxn6446] ✅ 严格正确 | 原子数：13
[test_sample_06426] [T1x_rxn6447] ✅ 严格正确 | 原子数：13
[test_sample_06427] [T1x_rxn6597] ❌ 错误 | 原子数：13
  - 正确映射：[ 0  9  6  8  5 10  1  3  4 12  7 11  2]
  - 预测映射：[ 0  9  6  8  5  1 10  4  3 12  7  2 11]
[test_sample_06428] [T1x_rxn6598] ❌ 错误 | 原子数：13
  - 正确映射：[10  5  7  2  1  6 12 11  8  0  9  4  3]
  - 预测映射：[10  5  7  2  1  6 12 11  8  3  9  0  4]
[test_sample_06429] [T1x_rxn6599] ✅ 严格正确 | 原子数：13
[test_sample_06430] [T1x_rxn6600] ❌ 错误 | 原子数：13
  - 正确映射：[ 8  7 12  2  0  9  3 11  4  1 10  6  5]
  - 预测映射：[ 2  0 12  8  7  9  3  1  4 11  6 10  5]
[test_sample_06431] [T1x_rxn6601] ❌ 错误 | 原子数：13
  - 正确映射：[11  6  8  1  5  7  3 12  2  0  9  4 10]
  - 预测映射：[11  6  8  1  5  7  3 12  2  4  0  9 10]
[test_sample_06432] [T1x_rxn6602] ❌ 错误 | 原子数：13
  - 正确映射：[12 11  9  3 10  0  5  7  6  1  8  4  2]
  - 预测映射：[12 11  9  3 10  0  5  7  6  1  4  2  8]
[test_sample_06433] [T1x_rxn6603] ❌ 错误 | 原子数：13
  - 正确映射：[ 9 11  3  8  5  0  4 12  2  7  6 10  1]
  - 预测映射：[ 8 11  3  9  0  4  5 12 10  6  1  2  7]
[test_sample_06434] [T1x_rxn6604] ✅ 严格正确 | 原子数：13
[test_sample_06435] [T1x_rxn6605] ✅ 严格正确 | 原子数：13
[test_sample_06436] [T1x_rxn6606] ❌ 错误 | 原子数：13
  - 正确映射：[ 3  4  6  1  2 12  9  7 11  8  5  0 10]
  - 预测映射：[ 3  4  6  1  2  9 12 11  7  8  5 10  0]
[test_sample_06437] [T1x_rxn6748] ❌ 错误 | 原子数：13
  - 正确映射：[ 0 12  8  7 11  9  6  4  5  3 10  2  1]
  - 预测映射：[ 0 12  8  7 11  9  6  5  2  4  3  1 10]
[test_sample_06438] [T1x_rxn6749] ✅ 严格正确 | 原子数：13
[test_sample_06439] [T1x_rxn6750] ❌ 错误 | 原子数：13
  - 正确映射：[ 9  0  6  5  7  8 11  1 10  4 12  3  2]
  - 预测映射：[ 9  0 11  5  7  8  6  2  3  4 12 10  1]
[test_sample_06440] [T1x_rxn6751] ❌ 错误 | 原子数：13
  - 正确映射：[ 0  9  7  8  5  6  1 10  3 12  4  2 11]
  - 预测映射：[ 0  9  1  8  5  6  7  2 11  4 12  3 10]
[test_sample_06441] [T1x_rxn6752] ❌ 错误 | 原子数：13
  - 正确映射：[ 9  3  1  5  6 12  7  2  4  8 10  0 11]
  - 预测映射：[ 9  3  7  5  6 12  1  0 11  4  8 10  2]
[test_sample_06442] [T1x_rxn6753] ❌ 错误 | 原子数：13
  - 正确映射：[ 4  2  5 12  3  6  0  7  8  1 11  9 10]
  - 预测映射：[ 4  2  0 12  3  6  5  9 10 11  1  7  8]
[test_sample_06443] [T1x_rxn6754] ❌ 错误 | 原子数：13
  - 正确映射：[12  2  0 10  9  4  8  6  5  7 11  1  3]
  - 预测映射：[12  2  8 10  9  4  0  3  1 11  7  5  6]
[test_sample_06444] [T1x_rxn6755] ❌ 错误 | 原子数：13
  - 正确映射：[ 6  0  3  2 10 11 12  7  8  9  1  4  5]
  - 预测映射：[ 6  0  3  2 10 11 12  8  7  1  9  5  4]
[test_sample_06445] [T1x_rxn6830] ✅ 严格正确 | 原子数：13
[test_sample_06446] [T1x_rxn6831] ❌ 错误 | 原子数：13
  - 正确映射：[ 1  7  2 12  5  4  9  0  6 11  8 10  3]
  - 预测映射：[ 4  5 12  2  7  1  9  8 11  6  0  3 10]
[test_sample_06447] [T1x_rxn6832] ❌ 错误 | 原子数：13
  - 正确映射：[ 0  2  6 10 12  7  3  8  5 11  9  1  4]
  - 预测映射：[ 0 12 10  6  2  7  3 11  9  8  5  1  4]
[test_sample_06448] [T1x_rxn6833] ❌ 错误 | 原子数：13
  - 正确映射：[ 6 11  9  4 12 10  8  0  7  5  2  3  1]
  - 预测映射：[10 12  4  9 11  6  8  5  2  0  7  3  1]
[test_sample_06449] [T1x_rxn6834] ❌ 错误 | 原子数：13
  - 正确映射：[ 8 10  4  6  5  7  2  0  1 12 11  9  3]
  - 预测映射：[ 7  5  6  4 10  8  2 12 11  0  1  9  3]
[test_sample_06450] [T1x_rxn6835] ❌ 错误 | 原子数：13
  - 正确映射：[ 2  1  9  0  6 11  3  5 12 10  8  7  4]
  - 预测映射：[11  6  0  9  1  2  3  4  8  5 12  7 10]
[test_sample_06451] [T1x_rxn6836] ❌ 错误 | 原子数：13
  - 正确映射：[ 9 10  6  2  7  0  5  3 12  1 11  8  4]
  - 预测映射：[ 0  7  2  6 10  9  5  1 11  3 12  8  4]
[test_sample_06452] [T1x_rxn6837] ❌ 错误 | 原子数：13
  - 正确映射：[ 1  5  0  4  8  9  2  7 12 11  3 10  6]
  - 预测映射：[ 9  8  4  0  5  1  2  3 11 12  7  6 10]
[test_sample_06453] [T1x_rxn7286] ❌ 错误 | 原子数：13
  - 正确映射：[ 5  7  0  8 12 11 10  4  2  1  6  3  9]
  - 预测映射：[ 5  7 10  8 11 12  0  4  2  9  3  6  1]
[test_sample_06454] [T1x_rxn7287] ❌ 错误 | 原子数：13
  - 正确映射：[ 5  1 12  0  8 10  3  7  4  6  9  2 11]
  - 预测映射：[ 5  1 12  0  8 10  3  7  4  6  9 11  2]
[test_sample_06455] [T1x_rxn7288] ✅ 严格正确 | 原子数：13
[test_sample_06456] [T1x_rxn7310] ❌ 错误 | 原子数：13
  - 正确映射：[10  4  9  7  5  3  0  2  1 11 12  6  8]
  - 预测映射：[10  4  9  7  0  3  5  1  2 11 12  8  6]
[test_sample_06457] [T1x_rxn7311] ❌ 错误 | 原子数：13
  - 正确映射：[ 9  4  3  2 11  6  8  7 12  0 10  5  1]
  - 预测映射：[ 9  8  6  2 11  3  4  7  0 12 10  5  1]
[test_sample_06458] [T1x_rxn7359] ✅ 严格正确 | 原子数：13
[test_sample_06459] [T1x_rxn7360] ❌ 错误 | 原子数：13
  - 正确映射：[12  9  7 10  2  8  3  1  6  5  0  4 11]
  - 预测映射：[ 3  8  2 10  7  9 12  5 11  0  4  6  1]
[test_sample_06460] [T1x_rxn7361] ❌ 错误 | 原子数：13
  - 正确映射：[10  7  0  5 11  4  8 12  3  6  1  9  2]
  - 预测映射：[ 8 11  5  0  7  4 10  9  1  3 12  6  2]
[test_sample_06461] [T1x_rxn7362] ❌ 错误 | 原子数：13
  - 正确映射：[ 7  8  9  3 10  0  5  4  1  6  2 12 11]
  - 预测映射：[ 5  0 10  3  9  8  7  4  2 11  1 12  6]
[test_sample_06462] [T1x_rxn7363] ✅ 严格正确 | 原子数：13
[test_sample_06463] [T1x_rxn7364] ❌ 错误 | 原子数：13
  - 正确映射：[ 4 12 11  1  5  9  3  6  2 10  0  8  7]
  - 预测映射：[ 4 12 11  1  5  9  3  6 10  2  7  8  0]
[test_sample_06464] [T1x_rxn7365] ❌ 错误 | 原子数：13
  - 正确映射：[10  6 11 12  5  7  1  3  4  2  0  9  8]
  - 预测映射：[10  6 11 12  5  7  1  3  2  4  8  9  0]
[test_sample_06465] [T1x_rxn7366] ❌ 错误 | 原子数：13
  - 正确映射：[ 2  6 11 10  9  4  1 12  8  7  0  3  5]
  - 预测映射：[ 2  6 11 10  9  4  1  3  7  8  5  0 12]
[test_sample_06466] [T1x_rxn7367] ❌ 错误 | 原子数：13
  - 正确映射：[10 11  2  5  4  7  1  0  6  3  9 12  8]
  - 预测映射：[10 11  2  5  4  7  1  3  6  0  8  9 12]
[test_sample_06467] [T1x_rxn7368] ✅ 严格正确 | 原子数：13
[test_sample_06468] [T1x_rxn7369] ✅ 严格正确 | 原子数：13
[test_sample_06469] [T1x_rxn7406] ✅ 严格正确 | 原子数：13
[test_sample_06470] [T1x_rxn7407] ❌ 错误 | 原子数：13
  - 正确映射：[ 2  4  7 10  1 12 11  8  9  0  5  6  3]
  - 预测映射：[ 7  4 10  2  1 11 12  0  5  9  6  3  8]
[test_sample_06471] [T1x_rxn7408] ❌ 错误 | 原子数：13
  - 正确映射：[10  9  4 12  2  3  8  5  1  0 11  6  7]
  - 预测映射：[10  2  3  8  9  4 12  1  5  6  7  0 11]
[test_sample_06472] [T1x_rxn7409] ❌ 错误 | 原子数：13
  - 正确映射：[11 12  7  4  1  0  9  2  6 10  5  8  3]
  - 预测映射：[ 7 12 11  4  1  9  0  2 10  6  5  3  8]
[test_sample_06473] [T1x_rxn7410] ✅ 严格正确 | 原子数：13
[test_sample_06474] [T1x_rxn7411] ✅ 严格正确 | 原子数：13
[test_sample_06475] [T1x_rxn7412] ❌ 错误 | 原子数：13
  - 正确映射：[10  6 12 11  2  8  3  1  5  9  7  0  4]
  - 预测映射：[10  2 11  8  6 12  3  5  1  7  0  9  4]
[test_sample_06476] [T1x_rxn7413] ✅ 严格正确 | 原子数：13
[test_sample_06477] [T1x_rxn7414] ✅ 严格正确 | 原子数：13
[test_sample_06478] [T1x_rxn7415] ❌ 错误 | 原子数：13
  - 正确映射：[ 0 10  1  7  5  8 11  2  6  4  9  3 12]
  - 预测映射：[ 8 10  0  7  5 11  1  2  3  6  9 12  4]
[test_sample_06479] [T1x_rxn7416] ✅ 严格正确 | 原子数：13
[test_sample_06480] [T1x_rxn7417] ❌ 错误 | 原子数：13
  - 正确映射：[ 9  0  6 11  4  7 12  5 10  8  1  2  3]
  - 预测映射：[11  4  7  9  0  6 12  3  1  2 10  8  5]
[test_sample_06481] [T1x_rxn7418] ✅ 严格正确 | 原子数：13
[test_sample_06482] [T1x_rxn7419] ✅ 严格正确 | 原子数：13
[test_sample_06483] [T1x_rxn7420] ❌ 错误 | 原子数：13
  - 正确映射：[ 5  3  6 11  8  7  2 10  0  1  9 12  4]
  - 预测映射：[ 5  3  6 11  8  7  2 10  0  9  4 12  1]
[test_sample_06484] [T1x_rxn7421] ❌ 错误 | 原子数：13
  - 正确映射：[ 5  9  0 10  3  6 11  1  4  8 12  2  7]
  - 预测映射：[ 5  9  0 10  3  6 11  1  4  8  7  2 12]
[test_sample_06485] [T1x_rxn7422] ❌ 错误 | 原子数：13
  - 正确映射：[ 6  5  7  0 12  4 10 11  2  1  8  3  9]
  - 预测映射：[ 6  5  0  7 12  4 10 11  2  8  1  3  9]
[test_sample_06486] [T1x_rxn7423] ❌ 错误 | 原子数：13
  - 正确映射：[11 12  1 10  3  7  6  4  9  0  8  5  2]
  - 预测映射：[ 1 12 10  7  3  6 11  0  8  2  9  5  4]
[test_sample_06487] [T1x_rxn7424] ❌ 错误 | 原子数：13
  - 正确映射：[ 6  5  7  2 11 12  8  4  9  1  0 10  3]
  - 预测映射：[ 6  5  7  8 11 12  2  9  4  1  3 10  0]
[test_sample_06488] [T1x_rxn7425] ❌ 错误 | 原子数：13
  - 正确映射：[ 7 10  6  4  8  3 12  1  0 11  5  2  9]
  - 预测映射：[ 3  8  4  6 10  7 12  2  0  5 11  1  9]
[test_sample_06489] [T1x_rxn7426] ✅ 严格正确 | 原子数：13
[test_sample_06490] [T1x_rxn7427] ✅ 严格正确 | 原子数：13
[test_sample_06491] [T1x_rxn7428] ✅ 严格正确 | 原子数：13
[test_sample_06492] [T1x_rxn7452] ❌ 错误 | 原子数：13
  - 正确映射：[11  2  0 10  9  3  4 12  5  1  8  6  7]
  - 预测映射：[11  2  0 10  9  3  4  5  1 12  8  6  7]
[test_sample_06493] [T1x_rxn7453] ❌ 错误 | 原子数：13
  - 正确映射：[ 5  0  8 10  7  6  4  1 12  3 11  9  2]
  - 预测映射：[ 4  6  8 10  7  0  5 11  2 12  3  9  1]
[test_sample_06494] [T1x_rxn7454] ✅ 严格正确 | 原子数：13
[test_sample_06495] [T1x_rxn7455] ❌ 错误 | 原子数：13
  - 正确映射：[11  6  8  4  9  7  2  0  5  3  1 10 12]
  - 预测映射：[ 2  7  8  4  9  6 11 12  0 10  3  1  5]
[test_sample_06496] [T1x_rxn7456] ❌ 错误 | 原子数：13
  - 正确映射：[ 8  2  6  4  9  3  5 12  0  7 11 10  1]
  - 预测映射：[ 5  3  6  4  9  2  8  7 12  1 11 10  0]
[test_sample_06497] [T1x_rxn7457] ❌ 错误 | 原子数：13
  - 正确映射：[ 0  6  1  8 11  4 12  9  2  5 10  3  7]
  - 预测映射：[ 0  6 11  8  1  4 12  9  2  5 10  3  7]
[test_sample_06498] [T1x_rxn7458] ❌ 错误 | 原子数：13
  - 正确映射：[10  5  1 12  2  0  7  9 11  8  4  3  6]
  - 预测映射：[10  5  1 12  2  7  0  9 11  8  4  3  6]
[test_sample_06499] [T1x_rxn7459] ✅ 严格正确 | 原子数：13
[test_sample_06500] [T1x_rxn7460] ❌ 错误 | 原子数：13
  - 正确映射：[ 0  1  5 10  9  8  6 11  3  4 12  2  7]
  - 预测映射：[ 0  1  5 10  9  8  6  7  4 12 11  2  3]
[test_sample_06501] [T1x_rxn7461] ❌ 错误 | 原子数：13
  - 正确映射：[ 4 12  2  6  1  8 11  5 10  7  3  0  9]
  - 预测映射：[ 4 12  1  6  2  8 11  5 10  7  3  0  9]
[test_sample_06502] [T1x_rxn7462] ❌ 错误 | 原子数：13
  - 正确映射：[ 8 12  2  9 10  4  7  5 11  0  3  1  6]
  - 预测映射：[ 9  4  2  7 10 12  8  5  0  1  3  6 11]
[test_sample_06503] [T1x_rxn7515] ❌ 错误 | 原子数：13
  - 正确映射：[ 4  8  2  5  1  0  7 11  3 10 12  9  6]
  - 预测映射：[ 4  8  2  5  1  0  7 10 11  3 12  9  6]
[test_sample_06504] [T1x_rxn7516] ❌ 错误 | 原子数：13
  - 正确映射：[10 11  8  4  3  9  6 12  5  1  2  7  0]
  - 预测映射：[10 11  8  4  3  9  6 12  2  1  5  7  0]
[test_sample_06505] [T1x_rxn7517] ✅ 严格正确 | 原子数：13
[test_sample_06506] [T1x_rxn7518] ❌ 错误 | 原子数：13
  - 正确映射：[10  6  3 12  8  2  1  7  5  9  0  4 11]
  - 预测映射：[10  6  3 12  8  2  1  7  9  5  0  4 11]
[test_sample_06507] [T1x_rxn7519] ❌ 错误 | 原子数：13
  - 正确映射：[ 1 12  4  7 11 10  5  2  0  6  8  3  9]
  - 预测映射：[ 1  7  4 12 11 10  5  2  6  0  3  8  9]
[test_sample_06508] [T1x_rxn7520] ❌ 错误 | 原子数：13
  - 正确映射：[ 2 10  5  3  0  6  7  8  1  4  9 11 12]
  - 预测映射：[ 2 10  5  3  0  6  7  8  1 11  9  4 12]
[test_sample_06509] [T1x_rxn7820] ✅ 严格正确 | 原子数：13
[test_sample_06510] [T1x_rxn7821] ✅ 严格正确 | 原子数：13
[test_sample_06511] [T1x_rxn7822] ❌ 错误 | 原子数：13
  - 正确映射：[ 9 11  4  5  2  6  8 10  3 12  7  1  0]
  - 预测映射：[ 9 11  4  5  2  6  8  1  3 12  7 10  0]
[test_sample_06512] [T1x_rxn7823] ❌ 错误 | 原子数：13
  - 正确映射：[11  3  2  4  7 10  9  1  6  8  5 12  0]
  - 预测映射：[11  3  2  4  7 10  9  8  6  5 12  1  0]
[test_sample_06513] [T1x_rxn7824] ❌ 错误 | 原子数：13
  - 正确映射：[ 3 12  6  9  4  1  2  0  5  8  7 11 10]
  - 预测映射：[ 3 12  6  9  4  1  2 11  8  5  7 10  0]
[test_sample_06514] [T1x_rxn7825] ❌ 错误 | 原子数：13
  - 正确映射：[ 4  8  3  9  7  5  6 11  0  2 10 12  1]
  - 预测映射：[ 7  6  5  9  4  3  8 11  0  1 10 12  2]
[test_sample_06515] [T1x_rxn7826] ❌ 错误 | 原子数：13
  - 正确映射：[12  0  5 10  3  2  1 11  6  8  7  4  9]
  - 预测映射：[12  0  5 10  3  2  1  7 11  6  8  4  9]
[test_sample_06516] [T1x_rxn7827] ❌ 错误 | 原子数：13
  - 正确映射：[ 5 12 10  9  7 11  6  8  4  3  1  2  0]
  - 预测映射：[ 5  9 10 12  7 11  6  8  4  2  1  3  0]
[test_sample_06517] [T1x_rxn8442] ❌ 错误 | 原子数：13
  - 正确映射：[10  7  9 11  3  8  4  0  1 12  6  2  5]
  - 预测映射：[10  7  9 11  3  8  4 12  1  0  6  2  5]
[test_sample_06518] [T1x_rxn8443] ❌ 错误 | 原子数：13
  - 正确映射：[ 0  2  8  5  6  7 12  3 11  4  1  9 10]
  - 预测映射：[ 0  2  6  5  8  7 12 11  4  1  3  9 10]
[test_sample_06519] [T1x_rxn8444] ✅ 严格正确 | 原子数：13
[test_sample_06520] [T1x_rxn8445] ✅ 严格正确 | 原子数：13
[test_sample_06521] [T1x_rxn8446] ✅ 严格正确 | 原子数：13
[test_sample_06522] [T1x_rxn8447] ❌ 错误 | 原子数：13
  - 正确映射：[10  3 12 11  5  6  0  7  4  8  2  9  1]
  - 预测映射：[10  3 12 11  5  6  0  7  2  4  8  9  1]
[test_sample_06523] [T1x_rxn8448] ❌ 错误 | 原子数：13
  - 正确映射：[11  2  4  7  6  8  0  9  1  5 12  3 10]
  - 预测映射：[11  2  4  7  6  8  0 12  1  9  5  3 10]
[test_sample_06524] [T1x_rxn8449] ❌ 错误 | 原子数：13
  - 正确映射：[ 0  7  8  6  4  2  1 11 12  9 10  3  5]
  - 预测映射：[ 0  7  8  6  4  2  1 12  9 11 10  3  5]
[test_sample_06525] [T1x_rxn8450] ✅ 严格正确 | 原子数：13
[test_sample_06526] [T1x_rxn8451] ❌ 错误 | 原子数：13
  - 正确映射：[ 4  6  9  0 12  8  1  5  7 11  3  2 10]
  - 预测映射：[ 4  6  9  0 12  8  1  5  7 11  3 10  2]
[test_sample_06527] [T1x_rxn8452] ❌ 错误 | 原子数：13
  - 正确映射：[ 8  9  0  7 10 11  1  4  2  3  6 12  5]
  - 预测映射：[ 8  9  0  7 10 11  1  3  2  4  5 12  6]
[test_sample_06528] [T1x_rxn8706] ✅ 严格正确 | 原子数：13
[test_sample_06529] [T1x_rxn8707] ❌ 错误 | 原子数：13
  - 正确映射：[ 9 11  2  0 12 10  3  5  4  7  1  8  6]
  - 预测映射：[11  2  9  0 12 10  3  4  1  5  6  7  8]
[test_sample_06530] [T1x_rxn8708] ✅ 严格正确 | 原子数：13
[test_sample_06531] [T1x_rxn8709] ❌ 错误 | 原子数：13
  - 正确映射：[ 0  8  1  9  5 12 11  6  2 10  3  4  7]
  - 预测映射：[ 0  8  1  9  5 12 11  2  6 10  7  4  3]
[test_sample_06532] [T1x_rxn8710] ❌ 错误 | 原子数：13
  - 正确映射：[ 9  5  7  4 10  0  8 11  3  2 12  1  6]
  - 预测映射：[ 7  4  9  5 10  0  8  1 12  6  3  2 11]
[test_sample_06533] [T1x_rxn8711] ✅ 严格正确 | 原子数：13
[test_sample_06534] [T1x_rxn8712] ✅ 严格正确 | 原子数：13
[test_sample_06535] [T1x_rxn8713] ❌ 错误 | 原子数：13
  - 正确映射：[ 2 10  6 11  8 12  5  9  1  3  4  7  0]
  - 预测映射：[ 6 10  2 11  8 12  5  4  7  9  1  3  0]
[test_sample_06536] [T1x_rxn9483] ✅ 严格正确 | 原子数：13
[test_sample_06537] [T1x_rxn9705] ❌ 错误 | 原子数：13
  - 正确映射：[ 2  1 12 11  7  6  3  8  4 10  0  5  9]
  - 预测映射：[11  7 12  2  1  6  3  4  8  0  9  5 10]
[test_sample_06538] [T1x_rxn9730] ❌ 错误 | 原子数：13
  - 正确映射：[ 7  8  2 11  3  5  1  9  4 12 10  0  6]
  - 预测映射：[ 7  8  2 11  3  5  1  4  9 12  0 10  6]
[test_sample_06539] [T1x_rxn9731] ✅ 严格正确 | 原子数：13
[test_sample_06540] [T1x_rxn9746] ❌ 错误 | 原子数：13
  - 正确映射：[11  4 10  2  6  5  3  0  7 12  1  8  9]
  - 预测映射：[11  4  6  2 10  5  3 12  1  7  0  8  9]
[test_sample_06541] [T1x_rxn9747] ❌ 错误 | 原子数：13
  - 正确映射：[10 12  9  8  7  5  4  6  2  1 11  0  3]
  - 预测映射：[10 12  4  8  7  5  9  3  0 11  1  2  6]
[test_sample_06542] [T1x_rxn9829] ✅ 严格正确 | 原子数：13
[test_sample_06543] [T1x_rxn9830] ❌ 错误 | 原子数：13
  - 正确映射：[ 1 10 11  3  0 12  4  7  8  2  9  5  6]
  - 预测映射：[ 1 10  3 11 12  0  4  7  8  2  5  6  9]
[test_sample_06544] [T1x_rxn9831] ❌ 错误 | 原子数：13
  - 正确映射：[ 1 11  5 10  9  7  8  3 12  4  2  6  0]
  - 预测映射：[ 1  9 10  5 11  7  8  0  2  6 12  4  3]
[test_sample_06545] [T1x_rxn9841] ❌ 错误 | 原子数：13
  - 正确映射：[11  5  9  4 12  7 10  0  1  8  3  2  6]
  - 预测映射：[10  7  9  4 12  5 11  0  1  6  3  2  8]
[test_sample_06546] [T1x_rxn9849] ❌ 错误 | 原子数：13
  - 正确映射：[ 4  8  6  9  1  7  5 11  2 10  3  0 12]
  - 预测映射：[ 4  8  6  9  1  7  5 10  2 11  3  0 12]
[test_sample_06547] [T1x_rxn9850] ❌ 错误 | 原子数：13
  - 正确映射：[ 5  7  1  4 10  0 12  2  3  9 11  8  6]
  - 预测映射：[ 7  5  1  4 10  0 12  2 11  8  3  9  6]
[test_sample_06548] [T1x_rxn9851] ❌ 错误 | 原子数：13
  - 正确映射：[ 1  4  0  5 12  9  6 10  2  3  8 11  7]
  - 预测映射：[ 9  6 12  5  0  4  1  7  2  3  8 11 10]
[test_sample_06549] [T1x_rxn9902] ✅ 严格正确 | 原子数：13
[test_sample_06550] [T1x_rxn9903] ❌ 错误 | 原子数：13
  - 正确映射：[ 5  1  0  9 11  8 10 12  2  6  7  3  4]
  - 预测映射：[ 5  1  0  9 11  8 10  6  2 12  7  3  4]
[test_sample_06551] [T1x_rxn9904] ❌ 错误 | 原子数：13
  - 正确映射：[ 0  7  2  9  6 12  5  1 10  3  8  4 11]
  - 预测映射：[ 0  7  2  9  6 12  5 10  1  8  3  4 11]
[test_sample_06552] [T1x_rxn9990] ✅ 严格正确 | 原子数：13
[test_sample_06553] [T1x_rxn0074] ❌ 错误 | 原子数：13
  - 正确映射：[ 9  8 11  6  4 10  0  3 12  1  2  7  5]
  - 预测映射：[11  8  9  4  6 10  7  1 12  3  2  0  5]
[test_sample_06554] [T1x_rxn0075] ❌ 错误 | 原子数：13
  - 正确映射：[ 0  6 12 11  5  2  4  7 10  8  1  9  3]
  - 预测映射：[ 6  0 11  5 12  2 10  7  4  1  3  9  8]
[test_sample_06555] [T1x_rxn0076] ❌ 错误 | 原子数：13
  - 正确映射：[ 1  7 10 12  0  6 11  9  4  5  2  3  8]
  - 预测映射：[10  7  1  0 12  6  8  5  4  9  2 11  3]
[test_sample_06556] [T1x_rxn0077] ❌ 错误 | 原子数：13
  - 正确映射：[11  0  5 10  3  8  1  4 12  6  9  2  7]
  - 预测映射：[11  3 10  5  0  8  1  4  7  2  6  9 12]
[test_sample_06557] [T1x_rxn0078] ❌ 错误 | 原子数：13
  - 正确映射：[ 2 12  9  5  8 11  7  6  4 10  0  3  1]
  - 预测映射：[ 8  2 12  9  5 11  6  1  7  4  3 10  0]
[test_sample_06558] [T1x_rxn0079] ❌ 错误 | 原子数：13
  - 正确映射：[ 0  9 12  3 11  2 10  1  6  7  5  4  8]
  - 预测映射：[ 9  0 11  3 12  2  6  1 10  8  4  7  5]
[test_sample_06559] [T1x_rxn0080] ❌ 错误 | 原子数：13
  - 正确映射：[ 9  3  2 11  7  5  1  4 12  0  6 10  8]
  - 预测映射：[ 9  3  2 11  7  5  1  4  6  0  8 10 12]
[test_sample_06560] [T1x_rxn0081] ✅ 严格正确 | 原子数：13
[test_sample_06561] [T1x_rxn0082] ❌ 错误 | 原子数：13
  - 正确映射：[11  3  4 10  8  7  5  1  6  2 12  0  9]
  - 预测映射：[11  4  3  7  8 10  1  2  6  5  9  0 12]
[test_sample_06562] [T1x_rxn0083] ❌ 错误 | 原子数：13
  - 正确映射：[ 4 10  9  6  1  5  2  7  0  8 12 11  3]
  - 预测映射：[ 4  9 10  5  1  6  2 11  7  8  0  3 12]
[test_sample_06563] [T1x_rxn0084] ❌ 错误 | 原子数：13
  - 正确映射：[11 10  5  8  1  4  6  0  9 12  3  2  7]
  - 预测映射：[11  8  5 10  1  4  6  0  3 12  9  2  7]
[test_sample_06564] [T1x_rxn0085] ❌ 错误 | 原子数：13
  - 正确映射：[ 9  1  8  0  3  4 11  6  5 12  7  2 10]
  - 预测映射：[ 9  1  8  0  3  4 11  6  5 12 10  7  2]
[test_sample_06565] [T1x_rxn0086] ❌ 错误 | 原子数：13
  - 正确映射：[ 7  9  1  2  0 12  3  8 11  5  6 10  4]
  - 预测映射：[ 9  7  1  2  0 12  3 11  8  5 10  6  4]
[test_sample_06566] [T1x_rxn0087] ❌ 错误 | 原子数：13
  - 正确映射：[ 8 11  9 12 10  3  7  2  4  0  6  5  1]
  - 预测映射：[11  8  9 12 10  3  7  4  2  0  6  1  5]
[test_sample_06567] [T1x_rxn0088] ❌ 错误 | 原子数：13
  - 正确映射：[ 7  2  8  0  6  5 11  1  9 12  3  4 10]
  - 预测映射：[ 7  8  2  5  6  0 11  1 12  9  3 10  4]
[test_sample_06568] [T1x_rxn0089] ❌ 错误 | 原子数：13
  - 正确映射：[10  4  0  2  8 11 12  9  3  6  1  5  7]
  - 预测映射：[ 0  4 10  2  8 11  6  1  3 12  5  9  7]
[test_sample_06569] [T1x_rxn0090] ❌ 错误 | 原子数：13
  - 正确映射：[ 9  4  2  8  3 11  6  1  7  5  0 12 10]
  - 预测映射：[ 2  9  4 11  3  8  6  5  1  7 10  0 12]
[test_sample_06570] [T1x_rxn0091] ❌ 错误 | 原子数：13
  - 正确映射：[10  3 12  2  9  8  1  5  0  7  4  6 11]
  - 预测映射：[12 10  3  8  9  2  1  7  5  0 11  4  6]
[test_sample_06571] [T1x_rxn0092] ❌ 错误 | 原子数：13
  - 正确映射：[ 9 11  8  2  3  5  4 12  0 10  6  7  1]
  - 预测映射：[ 9  8 11  5  3  2  4 12 10  0  1  7  6]
[test_sample_06572] [T1x_rxn0093] ❌ 错误 | 原子数：13
  - 正确映射：[ 4 12  0  7 10  1  2 11  9  3  5  8  6]
  - 预测映射：[ 7  4  0 12 10  1 11  8  2  3  9  5  6]
[test_sample_06573] [T1x_rxn0412] ✅ 严格正确 | 原子数：13
[test_sample_06574] [T1x_rxn0413] ❌ 错误 | 原子数：13
  - 正确映射：[ 8 10  3 12  7  2  5 11  9  0  4  6  1]
  - 预测映射：[ 8 10  3 12  7  2  0  9  5 11  4  6  1]
[test_sample_06575] [T1x_rxn0414] ✅ 严格正确 | 原子数：13
[test_sample_06576] [T1x_rxn0415] ✅ 严格正确 | 原子数：13
[test_sample_06577] [T1x_rxn0416] ❌ 错误 | 原子数：13
  - 正确映射：[11  3  9  4  8  2  0  6  7 12 10  1  5]
  - 预测映射：[11  3  9  4  8  2  6  0  7 12 10  1  5]
[test_sample_06578] [T1x_rxn0417] ❌ 错误 | 原子数：13
  - 正确映射：[ 5  8  2  0 10  3  9 11  1  4  6 12  7]
  - 预测映射：[10  8  3  5  0  2 11 12  6  7  1  9  4]
[test_sample_06579] [T1x_rxn0418] ❌ 错误 | 原子数：13
  - 正确映射：[ 0 10  1  2  8  3  7  4 12  6 11  5  9]
  - 预测映射：[ 0 10  1  2  8  3  7  4 12  5 11  6  9]
[test_sample_06580] [T1x_rxn0419] ❌ 错误 | 原子数：13
  - 正确映射：[ 8  1  0  9  7 11  3  2  5 12  4 10  6]
  - 预测映射：[ 8  1  0  9  7 11  5 12  3  4 10  6  2]
[test_sample_06581] [T1x_rxn0547] ❌ 错误 | 原子数：13
  - 正确映射：[ 0  9  4  7 12 11  6 10  3  1  5  2  8]
  - 预测映射：[ 0  9  4  7 12 11 10  3  1  6  5  2  8]
[test_sample_06582] [T1x_rxn0548] ❌ 错误 | 原子数：13
  - 正确映射：[ 8  2  6 11  5  7 12  9  4  0  3  1 10]
  - 预测映射：[ 8  2  6 11  5  7 12  9  4  3  0  1 10]
[test_sample_06583] [T1x_rxn0549] ❌ 错误 | 原子数：13
  - 正确映射：[ 5  2  0 12  9  7  6  1 11  8 10  4  3]
  - 预测映射：[ 5  2  0 12  9  7 11  1  6  8 10  4  3]
[test_sample_06584] [T1x_rxn0550] ❌ 错误 | 原子数：13
  - 正确映射：[11 10  3  1  8  4  2  6 12  7  5  9  0]
  - 预测映射：[ 8 10  3  1 11  4  2  5  9  7  6 12  0]
[test_sample_06585] [T1x_rxn0551] ❌ 错误 | 原子数：13
  - 正确映射：[ 3 11  9  6  8  0  1 10  7 12  5  2  4]
  - 预测映射：[ 3 11  0  6  8  9 12 10  7  1  5  2  4]
[test_sample_06586] [T1x_rxn0552] ❌ 错误 | 原子数：13
  - 正确映射：[ 2  5  3  1 11  9  4  7  8 12  6 10  0]
  - 预测映射：[11  5  9  1  2  3  4 10  6  0  8  7 12]
[test_sample_06587] [T1x_rxn0553] ❌ 错误 | 原子数：13
  - 正确映射：[ 1  4 12  7  3  6  8  5  9 11 10  0  2]
  - 预测映射：[ 1  4 12  7  3  6  8  9  5 11 10  2  0]
[test_sample_06588] [T1x_rxn0554] ❌ 错误 | 原子数：13
  - 正确映射：[ 0 11  5  3 10  7  1  4 12  9  2  8  6]
  - 预测映射：[10  7 11  3  5  0  4  8  1  6  2  9 12]
[test_sample_06589] [T1x_rxn0555] ❌ 错误 | 原子数：13
  - 正确映射：[ 1  4  5 11  8 12  2  3  7  0  6  9 10]
  - 预测映射：[ 1  4  5 11  8 12  2  7  3  0  9  6 10]
[test_sample_06590] [T1x_rxn0556] ✅ 严格正确 | 原子数：13
[test_sample_06591] [T1x_rxn0557] ❌ 错误 | 原子数：13
  - 正确映射：[12  3  6  2  4 11  0  7  5 10  1  8  9]
  - 预测映射：[12  6  3  2  4 11 10  7  0  5  1  8  9]
[test_sample_06592] [T1x_rxn0558] ❌ 错误 | 原子数：13
  - 正确映射：[ 7  9 12 10  3  2  0  5 11  4  1  8  6]
  - 预测映射：[ 7  2 12 10  3  9  5 11  6  4  1  8  0]
[test_sample_06593] [T1x_rxn0559] ✅ 严格正确 | 原子数：13
[test_sample_06594] [T1x_rxn0560] ❌ 错误 | 原子数：13
  - 正确映射：[ 3  7  8  1 10 12  5  6  4 11  0  2  9]
  - 预测映射：[ 3  7  8  1 10 12  4  6  5  0 11  2  9]
[test_sample_06595] [T1x_rxn0561] ✅ 严格正确 | 原子数：13
[test_sample_06596] [T1x_rxn0562] ✅ 严格正确 | 原子数：13
[test_sample_06597] [T1x_rxn0563] ❌ 错误 | 原子数：13
  - 正确映射：[10  3 11  6  0  8 12  5  2  4  1  9  7]
  - 预测映射：[10  3  0  6 11  8 12  5  2  9  1  4  7]
[test_sample_06598] [T1x_rxn0564] ❌ 错误 | 原子数：13
  - 正确映射：[ 7  9 11  2  4 10  0 12  5  3  6  1  8]
  - 预测映射：[ 7 11  4  2 10  9  5 12  0  6  1  8  3]
[test_sample_06599] [T1x_rxn0565] ❌ 错误 | 原子数：13
  - 正确映射：[ 4  8  0 10 11  3  5 12  2  6  9  1  7]
  - 预测映射：[ 4  8  0 10 11  3  2 12  5  6  9  1  7]
[test_sample_06600] [T1x_rxn0816] ❌ 错误 | 原子数：13
  - 正确映射：[ 7 10  2  4  8  1  5  9 11  6  0  3 12]
  - 预测映射：[10  7  2  4  8  1  9 11  6  5  0  3 12]
[test_sample_06601] [T1x_rxn0817] ❌ 错误 | 原子数：13
  - 正确映射：[ 7  8  0  9  4  3  6  5 11 10  1 12  2]
  - 预测映射：[ 9  0  8  7  4  3 12  1 10 11  5  6  2]
[test_sample_06602] [T1x_rxn0818] ❌ 错误 | 原子数：13
  - 正确映射：[ 1  8  2 10  9  6  0  3 11  5  7 12  4]
  - 预测映射：[ 6 10  8  1  9  2  4 12  7  0 11  3  5]
[test_sample_06603] [T1x_rxn0819] ❌ 错误 | 原子数：13
  - 正确映射：[ 4 11  1 10  6  5 12  0  7  3  8  9  2]
  - 预测映射：[10  1  5  4  6 11  9  2  7  3  0 12  8]
[test_sample_06604] [T1x_rxn1127] ❌ 错误 | 原子数：13
  - 正确映射：[ 6  4 11  9  1  3  5  8  7 10  0  2 12]
  - 预测映射：[ 4  6 11  9  1  3  5  8  7 10  0  2 12]
[test_sample_06605] [T1x_rxn1128] ✅ 严格正确 | 原子数：13
[test_sample_06606] [T1x_rxn1129] ❌ 错误 | 原子数：13
  - 正确映射：[ 8 11  1  4  9  3 10  6  7  0  2 12  5]
  - 预测映射：[ 9  3  8  4  1 11  0  5 12  6  7  2 10]
[test_sample_06607] [T1x_rxn1130] ✅ 严格正确 | 原子数：13
[test_sample_06608] [T1x_rxn1361] ✅ 严格正确 | 原子数：13
[test_sample_06609] [T1x_rxn1362] ❌ 错误 | 原子数：13
  - 正确映射：[ 0  5  2  9  6 11 10 12  8  3  4  7  1]
  - 预测映射：[ 0  5  2  6  9 11  8  3  4 12  1  7 10]
[test_sample_06610] [T1x_rxn1363] ❌ 错误 | 原子数：13
  - 正确映射：[ 3  6  0  5  9 12  1 11  7  8  4  2 10]
  - 预测映射：[ 3  6  0 12  9  5  7  2  1  4 10  8 11]
[test_sample_06611] [T1x_rxn1364] ✅ 严格正确 | 原子数：13
[test_sample_06612] [T1x_rxn1365] ❌ 错误 | 原子数：13
  - 正确映射：[ 1  8  4  2  9  6  0 11 12  5  7 10  3]
  - 预测映射：[ 1  8  6  4  2  9 10  0 12  3 11  7  5]
[test_sample_06613] [T1x_rxn1366] ❌ 错误 | 原子数：13
  - 正确映射：[ 0 12  2  5  4  9 11 10  7  3  8  6  1]
  - 预测映射：[ 0 12  2  9  4  5 11  1  6  3  8  7 10]
[test_sample_06614] [T1x_rxn1595] ❌ 错误 | 原子数：13
  - 正确映射：[12  5 10  3  4  2  1  8  7  9  0  6 11]
  - 预测映射：[12  5 10  3  4  2  7  8  1  9  0 11  6]
[test_sample_06615] [T1x_rxn1596] ❌ 错误 | 原子数：13
  - 正确映射：[ 6  8  0  5  4  2  9  7 12 11  3  1 10]
  - 预测映射：[ 6  8  0  5  4  2 11  9 12  7  3  1 10]
[test_sample_06616] [T1x_rxn1597] ❌ 错误 | 原子数：13
  - 正确映射：[10  8  2  7 12  4 11  9  5  1  3  0  6]
  - 预测映射：[ 7 12  2  8 10  4  3  0  9  1  5 11  6]
[test_sample_06617] [T1x_rxn1598] ✅ 严格正确 | 原子数：13
[test_sample_06618] [T1x_rxn1599] ✅ 严格正确 | 原子数：13
[test_sample_06619] [T1x_rxn1600] ❌ 错误 | 原子数：13
  - 正确映射：[ 8  5  1 10  3 12  2  6  7 11  0  9  4]
  - 预测映射：[ 3 10  1  5  8 12  9  6  0 11  7  2  4]
[test_sample_06620] [T1x_rxn1601] ❌ 错误 | 原子数：13
  - 正确映射：[ 4 11  2  9 12  0  1 10  3  7  6  8  5]
  - 预测映射：[ 4 11  2  9 12  0  1 10  3  6  7  8  5]
[test_sample_06621] [T1x_rxn1602] ❌ 错误 | 原子数：13
  - 正确映射：[ 5  6  1  4  2  3  8 11 10  7 12  0  9]
  - 预测映射：[ 5  6  1  4  2  3 11  8 10  7 12  0  9]
[test_sample_06622] [T1x_rxn1603] ✅ 严格正确 | 原子数：13
[test_sample_06623] [T1x_rxn1604] ❌ 错误 | 原子数：13
  - 正确映射：[ 9  4 10  6  7 11  5  0  1 12  8  3  2]
  - 预测映射：[ 9 10  6  7  4 11  0  5  1  8  3  2 12]
[test_sample_06624] [T1x_rxn1605] ✅ 严格正确 | 原子数：13
[test_sample_06625] [T1x_rxn1606] ❌ 错误 | 原子数：13
  - 正确映射：[ 8  1 10  7  6 11  4  5 12  3  0  2  9]
  - 预测映射：[ 8  1 10  7  6 11  5  4 12  3  0  9  2]
[test_sample_06626] [T1x_rxn1607] ❌ 错误 | 原子数：13
  - 正确映射：[ 0 12  8 10  2  6 11  5  9  1  3  4  7]
  - 预测映射：[ 0 12  8 10  2  6  9 11  5  7  3  4  1]
[test_sample_06627] [T1x_rxn1608] ✅ 严格正确 | 原子数：13
[test_sample_06628] [T1x_rxn1609] ✅ 严格正确 | 原子数：13
[test_sample_06629] [T1x_rxn1610] ❌ 错误 | 原子数：13
  - 正确映射：[ 7  6  5  1 12  0 11  2  3 10  8  9  4]
  - 预测映射：[12  1  5  7  6  0  9  2  8 10  3 11  4]
[test_sample_06630] [T1x_rxn1611] ❌ 错误 | 原子数：13
  - 正确映射：[ 7 11  6 12  0  2  5  1  4  3  8 10  9]
  - 预测映射：[ 7 11  6 12  0  2  5  1  4  3 10  8  9]
[test_sample_06631] [T1x_rxn1723] ❌ 错误 | 原子数：13
  - 正确映射：[ 7  5  9 11  6  3  2  4  0 12  8  1 10]
  - 预测映射：[11  9  5  7  6  3  8  2 12  0  1  4 10]
[test_sample_06632] [T1x_rxn1724] ❌ 错误 | 原子数：13
  - 正确映射：[ 6 11  0 12  3  1  7  9  5 10  2  4  8]
  - 预测映射：[ 6 11  0 12  3  1  9  7  5 10  4  2  8]
[test_sample_06633] [T1x_rxn1725] ❌ 错误 | 原子数：13
  - 正确映射：[ 2 10  6 12  1  0  4  3 11  7  9  5  8]
  - 预测映射：[ 0  2 10  6  1 12  8  3  4 11  7  5  9]
[test_sample_06634] [T1x_rxn1726] ✅ 严格正确 | 原子数：13
[test_sample_06635] [T1x_rxn1727] ❌ 错误 | 原子数：13
  - 正确映射：[ 0  6  8  5  4  3  7 11  9 10  1 12  2]
  - 预测映射：[ 3  0  6  8  4  5 11 12  7  9 10  2  1]
[test_sample_06636] [T1x_rxn1728] ❌ 错误 | 原子数：13
  - 正确映射：[10 12  7  6  1  8  3 11  0  5  9  4  2]
  - 预测映射：[ 7 12 10  8  1  6  5  0  3 11  4  2  9]
[test_sample_06637] [T1x_rxn1729] ❌ 错误 | 原子数：13
  - 正确映射：[ 9  2 11  5  0  4  1  7  3 10 12  8  6]
  - 预测映射：[ 2  5  9  4  0 11  3 12  1  7  8  6 10]
[test_sample_06638] [T1x_rxn1730] ❌ 错误 | 原子数：13
  - 正确映射：[ 1  8  9  5  2  3  4  0 12  7  6 10 11]
  - 预测映射：[ 1  8  9  5  2  3  4  7  0 12  6 10 11]
[test_sample_06639] [T1x_rxn1731] ✅ 严格正确 | 原子数：13
[test_sample_06640] [T1x_rxn1732] ✅ 严格正确 | 原子数：13
[test_sample_06641] [T1x_rxn1733] ✅ 严格正确 | 原子数：13
[test_sample_06642] [T1x_rxn1734] ❌ 错误 | 原子数：13
  - 正确映射：[ 4 11  7 12  9  2  6  1  3 10  5  0  8]
  - 预测映射：[11  7 12  2  9  4  3  6 10  5  0  8  1]
[test_sample_06643] [T1x_rxn1735] ❌ 错误 | 原子数：13
  - 正确映射：[ 3  1 10  8 11  0  6 12  4  9  7  5  2]
  - 预测映射：[ 3  1 10  8 11  0 12  6  4  9  7  2  5]
[test_sample_06644] [T1x_rxn1736] ✅ 严格正确 | 原子数：13
[test_sample_06645] [T1x_rxn1737] ❌ 错误 | 原子数：13
  - 正确映射：[ 4  3  0 12  7  9  6  8  2 11  1  5 10]
  - 预测映射：[ 4  3  0 12  7  9  2  6  8 11  1  5 10]
[test_sample_06646] [T1x_rxn1738] ✅ 严格正确 | 原子数：13
[test_sample_06647] [T1x_rxn1739] ❌ 错误 | 原子数：13
  - 正确映射：[ 5 11  8  0 12  9  7  4  2  6  1 10  3]
  - 预测映射：[11  5  9  0 12  8  2  4  7  3  1 10  6]
[test_sample_06648] [T1x_rxn1740] ❌ 错误 | 原子数：13
  - 正确映射：[12  2  3  4 11  8  7  0  6  9  5  1 10]
  - 预测映射：[12  8  4  3 11  2  7  0 10  5  9  1  6]
[test_sample_06649] [T1x_rxn1846] ❌ 错误 | 原子数：13
  - 正确映射：[ 2 11  9  7  4  1 10  6  3  0  5  8 12]
  - 预测映射：[ 2 11  4  7  9  1 10  8  3 12  5  6  0]
[test_sample_06650] [T1x_rxn1847] ❌ 错误 | 原子数：13
  - 正确映射：[ 6  3  9  4  8  5 11 10  0  7  1 12  2]
  - 预测映射：[ 4  8  9  6  3  5  1  7 12  2 10 11  0]
[test_sample_06651] [T1x_rxn1848] ✅ 严格正确 | 原子数：13
[test_sample_06652] [T1x_rxn1849] ❌ 错误 | 原子数：13
  - 正确映射：[ 4 12  5  3  6  0  7  9 10  2 11  1  8]
  - 预测映射：[ 5  6  3 12  4  0 11  2  8  1 10  9  7]
[test_sample_06653] [T1x_rxn1850] ✅ 严格正确 | 原子数：13
[test_sample_06654] [T1x_rxn1851] ❌ 错误 | 原子数：13
  - 正确映射：[ 7  9  1 11  3  4  2  5 12 10  6  0  8]
  - 预测映射：[ 7  9  3  1 11  4 10  2 12  0  5  6  8]
[test_sample_06655] [T1x_rxn1852] ❌ 错误 | 原子数：13
  - 正确映射：[11  6  2  0  3 10  4  7  5  8  1 12  9]
  - 预测映射：[ 0 11  6  2  3 10  1  7  4  5  8  9 12]
[test_sample_06656] [T1x_rxn1853] ❌ 错误 | 原子数：13
  - 正确映射：[ 6 12  2  8 10  7  1  0  3  4  5 11  9]
  - 预测映射：[12  2 10  6  8  7  0  3  4 11  1  5  9]
[test_sample_06657] [T1x_rxn1854] ❌ 错误 | 原子数：13
  - 正确映射：[ 6  5  9  8 10  2 11  7 12  0  4  1  3]
  - 预测映射：[ 6  5  9  8 10  2  7 11 12  0  4  1  3]
[test_sample_06658] [T1x_rxn1855] ✅ 严格正确 | 原子数：13
[test_sample_06659] [T1x_rxn1856] ❌ 错误 | 原子数：13
  - 正确映射：[12  5  6  2  9  1 10  0  7 11  4  3  8]
  - 预测映射：[12  5  9  2  6  1  0 10  7  3  4 11  8]
[test_sample_06660] [T1x_rxn1871] ❌ 错误 | 原子数：13
  - 正确映射：[11  9  6 12  4  5  7  1  3 10  0  2  8]
  - 预测映射：[11  4  9 12  6  5  0 10  3  1  7  2  8]
[test_sample_06661] [T1x_rxn1872] ✅ 严格正确 | 原子数：13
[test_sample_06662] [T1x_rxn1873] ❌ 错误 | 原子数：13
  - 正确映射：[ 4  8  9  7 11  0  6  1 10 12  5  3  2]
  - 预测映射：[ 4  8  9  7  0 11  6  1  5  3  2 10 12]
[test_sample_06663] [T1x_rxn1874] ✅ 严格正确 | 原子数：13
[test_sample_06664] [T1x_rxn1875] ❌ 错误 | 原子数：13
  - 正确映射：[ 6  8 12 11 10  7  5  4  9  2  1  0  3]
  - 预测映射：[ 6  8  7 12 11 10  3  0  1  4  5  9  2]
[test_sample_06665] [T1x_rxn1876] ❌ 错误 | 原子数：13
  - 正确映射：[ 9  0  8  1  4  7  2  5 12  3 11 10  6]
  - 预测映射：[ 9  0  8  1  7  4  5  2 12  3  6 10 11]
[test_sample_06666] [T1x_rxn2477] ❌ 错误 | 原子数：13
  - 正确映射：[ 8  4  5 10  0 12  6  7 11  1  2  9  3]
  - 预测映射：[ 8  5  4 10  0 12 11  6  7  1  2  9  3]
[test_sample_06667] [T1x_rxn2478] ❌ 错误 | 原子数：13
  - 正确映射：[ 2  5 12 11  9  0  4  3  7  8  6  1 10]
  - 预测映射：[ 2  5 12 11  9  0  3  4  7  8  6  1 10]
[test_sample_06668] [T1x_rxn2479] ✅ 严格正确 | 原子数：13
[test_sample_06669] [T1x_rxn2480] ❌ 错误 | 原子数：13
  - 正确映射：[ 3  9 11  8  5  0  4 10  1  7 12  2  6]
  - 预测映射：[ 3  9 11  8  5  0 10  1  4  7 12  2  6]
[test_sample_06670] [T1x_rxn2495] ❌ 错误 | 原子数：13
  - 正确映射：[ 9 11  7  3  0 10  8  5  1  4 12  6  2]
  - 预测映射：[ 9 11  7  3  0 10  8  5  1  4  6 12  2]
[test_sample_06671] [T1x_rxn2496] ❌ 错误 | 原子数：13
  - 正确映射：[ 3  2  5 12  1  9  4  7 11 10  6  0  8]
  - 预测映射：[ 3  2  5 12  1  9 11  7 10  4  6  0  8]
[test_sample_06672] [T1x_rxn2497] ❌ 错误 | 原子数：13
  - 正确映射：[10  6 12  9  3  8  2  4  0  1 11  5  7]
  - 预测映射：[12  6 10  9  3  8  1  4  0  2  5 11  7]
[test_sample_06673] [T1x_rxn2498] ❌ 错误 | 原子数：13
  - 正确映射：[ 9  3  6  8  5  2  4 12 11  7 10  1  0]
  - 预测映射：[ 5  3  2  8  9  6 10  1 11  0  4 12  7]
[test_sample_06674] [T1x_rxn2499] ❌ 错误 | 原子数：13
  - 正确映射：[ 7  3  4  9  6  0  5  2 11  8  1 12 10]
  - 预测映射：[ 7  4  3  9  6  0  5  2  8 11 12  1 10]
[test_sample_06675] [T1x_rxn2500] ✅ 严格正确 | 原子数：13
[test_sample_06676] [T1x_rxn2501] ❌ 错误 | 原子数：13
  - 正确映射：[ 2  7  3  1  0 10  4  6  5 12  8 11  9]
  - 预测映射：[ 0  7 10  1  3  2 11  8  5  9  4 12  6]
[test_sample_06677] [T1x_rxn2502] ❌ 错误 | 原子数：13
  - 正确映射：[10  1  9 11  7  5  4  8  6  2  3 12  0]
  - 预测映射：[10  1  9 11  7  5  2  4  8  6  3 12  0]
[test_sample_06678] [T1x_rxn2503] ✅ 严格正确 | 原子数：13
[test_sample_06679] [T1x_rxn2524] ❌ 错误 | 原子数：13
  - 正确映射：[ 1  3  0  9  4  6  5  7 10 12  2  8 11]
  - 预测映射：[ 1  3  0  9  4  6  5 10  7 12  8  2 11]
[test_sample_06680] [T1x_rxn2525] ❌ 错误 | 原子数：13
  - 正确映射：[ 3  4  1  5 11  2 10  9  7  0 12  8  6]
  - 预测映射：[ 3  4  1  5 11  2  7  9 10 12  8  6  0]
[test_sample_06681] [T1x_rxn2526] ✅ 严格正确 | 原子数：13
[test_sample_06682] [T1x_rxn2527] ✅ 严格正确 | 原子数：13
[test_sample_06683] [T1x_rxn2528] ✅ 严格正确 | 原子数：13
[test_sample_06684] [T1x_rxn2529] ✅ 严格正确 | 原子数：13
[test_sample_06685] [T1x_rxn2530] ❌ 错误 | 原子数：13
  - 正确映射：[ 7  4  0  5  3  6  2 11  1 12  9  8 10]
  - 预测映射：[ 7  4  0  5  3  6 12 11  1  2  9  8 10]
[test_sample_06686] [T1x_rxn2531] ❌ 错误 | 原子数：13
  - 正确映射：[ 2 12  9  6  7  8  0  5 10 11  4  1  3]
  - 预测映射：[ 2 12  9  8  7  6  1  5 11 10  0  3  4]
[test_sample_06687] [T1x_rxn2741] ❌ 错误 | 原子数：13
  - 正确映射：[ 4  5  8  0 12  3  9 10 11  2  1  7  6]
  - 预测映射：[ 0  3  5  4 12  8  1  7  6 11 10  9  2]
[test_sample_06688] [T1x_rxn2742] ❌ 错误 | 原子数：13
  - 正确映射：[12  5  4  0  7  6 10  9  3 11  2  1  8]
  - 预测映射：[12  0  4  5  7  6  8  9  1 11 10  3  2]
[test_sample_06689] [T1x_rxn2743] ❌ 错误 | 原子数：13
  - 正确映射：[ 0 12  8  4  2 10  7  5  6  9  1  3 11]
  - 预测映射：[10 12  8  4  2  0  7 11  6  9  3  1  5]
[test_sample_06690] [T1x_rxn2744] ❌ 错误 | 原子数：13
  - 正确映射：[11  4  3  5 10  2  7  1 12  8  9  0  6]
  - 预测映射：[ 5  3  4 11 10  2  9  0  8 12  7  1  6]
[test_sample_06691] [T1x_rxn2745] ❌ 错误 | 原子数：13
  - 正确映射：[ 8 11  5  6  4 12  2 10  3  9  1  0  7]
  - 预测映射：[ 6  5 12 11  4  8  1  0  9  7  3 10  2]
[test_sample_06692] [T1x_rxn2812] ❌ 错误 | 原子数：13
  - 正确映射：[10  2  3  7  6 12  1  5  0  4 11  8  9]
  - 预测映射：[ 3  2 10  7  6 12 11  8  4  0  1  5  9]
[test_sample_06693] [T1x_rxn2813] ✅ 严格正确 | 原子数：13
[test_sample_06694] [T1x_rxn2814] ❌ 错误 | 原子数：13
  - 正确映射：[ 2  3  4 10  7 11  0  1 12  9  8  6  5]
  - 预测映射：[ 2  3  4 10 11  7  0  1 12  9  8  6  5]
[test_sample_06695] [T1x_rxn2815] ✅ 严格正确 | 原子数：13
[test_sample_06696] [T1x_rxn2816] ❌ 错误 | 原子数：13
  - 正确映射：[12  1  7  6  2 10 11  0  9  3  4  8  5]
  - 预测映射：[12  1 10  6  2  7  0 11  9  5  4  8  3]
[test_sample_06697] [T1x_rxn2817] ✅ 严格正确 | 原子数：13
[test_sample_06698] [T1x_rxn2981] ❌ 错误 | 原子数：13
  - 正确映射：[ 7  9  2  0 10  8  3  1  6 12 11  5  4]
  - 预测映射：[ 0  2  7  9 10  8  5 11  4  3 12  6  1]
[test_sample_06699] [T1x_rxn2982] ❌ 错误 | 原子数：13
  - 正确映射：[ 6  8  1  3  2 10  0  4 12 11  7  9  5]
  - 预测映射：[ 2  8  6  1  3 10 12  5  7  0  9  4 11]
[test_sample_06700] [T1x_rxn2983] ❌ 错误 | 原子数：13
  - 正确映射：[12  0 10  4 11  3  8  6  1  7  2  5  9]
  - 预测映射：[12  0 10  4 11  3  1  6  9  8  7  5  2]
[test_sample_06701] [T1x_rxn2984] ✅ 严格正确 | 原子数：13
[test_sample_06702] [T1x_rxn2985] ❌ 错误 | 原子数：13
  - 正确映射：[ 3  1  0  4  5 12  8 11 10  2  6  7  9]
  - 预测映射：[ 3  1  4  0  5 12  8 10 11  7  9  2  6]
[test_sample_06703] [T1x_rxn4557] ✅ 严格正确 | 原子数：13
[test_sample_06704] [T1x_rxn4558] ✅ 严格正确 | 原子数：13
[test_sample_06705] [T1x_rxn4559] ❌ 错误 | 原子数：13
  - 正确映射：[12  3  2  8  6  9 10  0 11  7  1  4  5]
  - 预测映射：[ 6  9  2  8  3 12 10  0  5  7  4  1 11]
[test_sample_06706] [T1x_rxn4560] ❌ 错误 | 原子数：13
  - 正确映射：[12  1  8  6  3 10  9 11  7  0  4  5  2]
  - 预测映射：[ 8  3 10  6  1 12  5  0  4  9  2 11  7]
[test_sample_06707] [T1x_rxn4561] ❌ 错误 | 原子数：13
  - 正确映射：[ 2 11  8 12  9  4  5  0  6 10  1  7  3]
  - 预测映射：[ 2 11  8 12  9  4  5  0  6 10  7  1  3]
[test_sample_06708] [T1x_rxn4562] ❌ 错误 | 原子数：13
  - 正确映射：[ 8  2  5 11  3  9  1  0  6  4 12 10  7]
  - 预测映射：[ 5  2  8 11  3  9 12  4  0  1  6 10  7]
[test_sample_06709] [T1x_rxn4563] ✅ 严格正确 | 原子数：13
[test_sample_06710] [T1x_rxn4690] ❌ 错误 | 原子数：13
  - 正确映射：[11  7  9  1  8  3 10  6  4 12  2  5  0]
  - 预测映射：[11  7  9  1  8  3 10  4 12  6  2  5  0]
[test_sample_06711] [T1x_rxn4691] ❌ 错误 | 原子数：13
  - 正确映射：[12  8  2  5  0  9 10  6 11  7  3  1  4]
  - 预测映射：[ 8  2  5  0 12  9  6  1  7  3 10  4 11]
[test_sample_06712] [T1x_rxn4692] ❌ 错误 | 原子数：13
  - 正确映射：[11  9  2  6 12  1  4  0  8  3  7 10  5]
  - 预测映射：[11  9  6  2 12  1  8  0  4  7  5  3 10]
[test_sample_06713] [T1x_rxn4693] ❌ 错误 | 原子数：13
  - 正确映射：[ 4  3  5  9  7  2 12  0  1 10  6 11  8]
  - 预测映射：[ 5  3  4  9  7  2  8 11  6 10  1  0 12]
[test_sample_06714] [T1x_rxn4694] ❌ 错误 | 原子数：13
  - 正确映射：[ 0  3  8  6  7  5  4  2  9 12  1 10 11]
  - 预测映射：[ 8  3  0  6  7  5 10  2  1 12  9  4 11]
[test_sample_06715] [T1x_rxn4695] ❌ 错误 | 原子数：13
  - 正确映射：[ 7 12  2  6  1  0 11 10  5  9  8  4  3]
  - 预测映射：[ 7 12  2  6  1  0 10 11  5  9  3  4  8]
[test_sample_06716] [T1x_rxn4696] ✅ 严格正确 | 原子数：13
[test_sample_06717] [T1x_rxn4697] ✅ 严格正确 | 原子数：13
[test_sample_06718] [T1x_rxn4698] ✅ 严格正确 | 原子数：13
[test_sample_06719] [T1x_rxn4699] ❌ 错误 | 原子数：13
  - 正确映射：[ 7 12  3  8  0  9  4  2 11  6  5  1 10]
  - 预测映射：[ 7 12  3  8  0  9 11  2  4  5  6  1 10]
[test_sample_06720] [T1x_rxn8945] ❌ 错误 | 原子数：13
  - 正确映射：[10  9  3 11  5  1  2  6  7  8 12  0  4]
  - 预测映射：[ 9 10  1 11  5  3  7  6  2  4 12  0  8]
[test_sample_06721] [T1x_rxn8980] ❌ 错误 | 原子数：13
  - 正确映射：[ 3 12  4  0  7  1  8  6  9  5  2 11 10]
  - 预测映射：[ 3 12  1  4  0  7  8  6  9  2  5 11 10]
[test_sample_06722] [T1x_rxn8981] ❌ 错误 | 原子数：13
  - 正确映射：[ 3 11  8  4  1  9  6 12  2 10  0  5  7]
  - 预测映射：[ 3 11  1  4  8  9 12  6  2  5  0 10  7]
[test_sample_06723] [T1x_rxn8996] ❌ 错误 | 原子数：13
  - 正确映射：[ 1  9  6 12  7  3  2  4  5 10  8  0 11]
  - 预测映射：[ 1  9  6 12  7  3  2  4  5  0  8 10 11]
[test_sample_06724] [T1x_rxn8997] ✅ 严格正确 | 原子数：13
[test_sample_06725] [T1x_rxn9027] ❌ 错误 | 原子数：13
  - 正确映射：[ 2 12  3  6  4 11  1  9  8 10  5  7  0]
  - 预测映射：[ 2  3 12  6  4 11  9  1 10  8  5  7  0]
[test_sample_06726] [T1x_rxn9068] ❌ 错误 | 原子数：13
  - 正确映射：[ 0  9  2 11  7  5  6  4  3  1  8 12 10]
  - 预测映射：[ 0  9  2 11  7  5  6 12  4  8  3  1 10]
[test_sample_06727] [T1x_rxn9089] ❌ 错误 | 原子数：13
  - 正确映射：[ 5  6  4 12  7 10  9  8  0  1 11  2  3]
  - 预测映射：[ 5  4  6 12 10  7  9  0  8  1  3  2 11]
[test_sample_06728] [T1x_rxn9126] ❌ 错误 | 原子数：13
  - 正确映射：[10 12  0  9  3  8  4 11  7  2  1  5  6]
  - 预测映射：[ 0 12 10  9  3  8  2 11  4  7  1  5  6]
[test_sample_06729] [T1x_rxn9137] ❌ 错误 | 原子数：13
  - 正确映射：[ 2  1  4  7  6  9  3  8  0  5 10 12 11]
  - 预测映射：[ 1  4  7  9  6  2  0  8  5 10 11 12  3]
[test_sample_06730] [T1x_rxn9138] ❌ 错误 | 原子数：13
  - 正确映射：[ 9  0 12  5  1 10  7  3  4  2  8 11  6]
  - 预测映射：[12  0  9 10  1  5  2  4  3  7  6 11  8]
[test_sample_06731] [T1x_rxn9139] ❌ 错误 | 原子数：13
  - 正确映射：[ 7  6 11 12 10  2  0  4  8  3  1  5  9]
  - 预测映射：[11  6  7  2 10 12  9  3  8  4  0  5  1]
[test_sample_06732] [T1x_rxn9149] ❌ 错误 | 原子数：13
  - 正确映射：[10  2  8  0  3  7  4  6 12  9  1 11  5]
  - 预测映射：[10  3  2  0  8  7  1  9 12  6  4 11  5]
[test_sample_06733] [T1x_rxn9150] ❌ 错误 | 原子数：13
  - 正确映射：[ 9  1  3  0 10  5  2 11 12  8  4  6  7]
  - 预测映射：[ 9  3  1  5 10  0 11  2  6  4  8 12  7]
[test_sample_06734] [T1x_rxn9235] ❌ 错误 | 原子数：13
  - 正确映射：[ 3  5  8  1  9  0 10  7  4 11 12  2  6]
  - 预测映射：[ 3  5  8  9  1  0  7 10  4 12 11  2  6]
[test_sample_06735] [T1x_rxn9237] ❌ 错误 | 原子数：13
  - 正确映射：[ 6  1 10  0  5  3  4 12 11  2  9  8  7]
  - 预测映射：[ 1  6  3  0  5 10  4 11 12  7  9  8  2]
[test_sample_06736] [T1x_rxn9238] ❌ 错误 | 原子数：13
  - 正确映射：[ 0 12  8  9 10  1  7  4  5  6 11  2  3]
  - 预测映射：[12  1  0  9  8 10  7  5  3  4  6 11  2]
[test_sample_06737] [T1x_rxn9239] ❌ 错误 | 原子数：13
  - 正确映射：[ 0 12  6  4  9  3  1 11  2  5  7 10  8]
  - 预测映射：[ 0 12  6  4  9  3  5 11  2  1 10  7  8]
[test_sample_06738] [T1x_rxn9243] ❌ 错误 | 原子数：13
  - 正确映射：[11  2  9 12  7 10  4  1  6  5  0  3  8]
  - 预测映射：[11  2  9 12  7 10  5  6  4  1  3  0  8]
[test_sample_06739] [T1x_rxn9265] ❌ 错误 | 原子数：13
  - 正确映射：[ 8  4  2 10  3 11  0 12  5  9  6  1  7]
  - 预测映射：[ 8 10  2 11  3  4 12  0  6  9  5  7  1]
[test_sample_06740] [T1x_rxn9271] ✅ 严格正确 | 原子数：13
[test_sample_06741] [T1x_rxn9272] ❌ 错误 | 原子数：13
  - 正确映射：[ 9  7  5  4 10  3 12  1  0 11  6  2  8]
  - 预测映射：[ 9  7  5  4 10  3  1 12  0 11  6  2  8]
[test_sample_06742] [T1x_rxn9292] ❌ 错误 | 原子数：13
  - 正确映射：[ 5 12  4  1  7  6  8  9  0  2 11 10  3]
  - 预测映射：[ 1 12  5  7  4  6  8 10  3  9  2  0 11]
[test_sample_06743] [T1x_rxn9466] ❌ 错误 | 原子数：13
  - 正确映射：[ 7  3  6 11  5  9  0 12 10  8  4  2  1]
  - 预测映射：[ 6  7  3  5 11  9  2 10  4  0 12  8  1]
[test_sample_06744] [T1x_rxn10006] ❌ 错误 | 原子数：14
  - 正确映射：[ 7 11  3  1  6 10  8  0  9 12 13  5  4  2]
  - 预测映射：[ 7 11  3  1  6 10  8  9  0 12 13  4  5  2]
[test_sample_06745] [T1x_rxn10007] ❌ 错误 | 原子数：14
  - 正确映射：[ 5  8  9  2  7  0  4 12  3  1 13  6 11 10]
  - 预测映射：[ 5  8  0  7  2  9  4 13  6 11 12  1  3 10]
[test_sample_06746] [T1x_rxn10008] ❌ 错误 | 原子数：14
  - 正确映射：[10  2 13  5  4  3  0  8 12 11  1  7  6  9]
  - 预测映射：[10  2  5  4  3 13  0  8 11  1  6 12  9  7]
[test_sample_06747] [T1x_rxn10013] ❌ 错误 | 原子数：14
  - 正确映射：[10 11 13  4  5  7  9  2  0  8  3  1 12  6]
  - 预测映射：[10 11 13  4  5  7  9  2  8  0  3  6  1 12]
[test_sample_06748] [T1x_rxn10037] ❌ 错误 | 原子数：14
  - 正确映射：[ 7  4  0 10  8 11  5  3 12  9  6  2 13  1]
  - 预测映射：[ 0  4  5 10  8 11  7  3  6 12  2 13  1  9]
[test_sample_06749] [T1x_rxn10038] ❌ 错误 | 原子数：14
  - 正确映射：[ 0  6 13 11  4  3  2  5  7 12  9 10  1  8]
  - 预测映射：[ 0  6 13 11  4  3  2 12  7  5  9  8  1 10]
[test_sample_06750] [T1x_rxn10049] ❌ 错误 | 原子数：14
  - 正确映射：[ 4  5 13  7  1  2  3  9  6 12 10  8 11  0]
  - 预测映射：[ 3  1 13  7  5  2  4  0  6 11 10 12  8  9]
[test_sample_06751] [T1x_rxn4998] ❌ 错误 | 原子数：14
  - 正确映射：[ 7  9 12  0  2  6  4 11  5  8  3 13  1 10]
  - 预测映射：[ 7  9 12  4  2  6  0 11  8  5 10 13  1  3]
[test_sample_06752] [T1x_rxn4999] ✅ 严格正确 | 原子数：14
[test_sample_06753] [T1x_rxn5000] ❌ 错误 | 原子数：14
  - 正确映射：[ 7  8  9 12  6 13  4 11  2  1 10  0  3  5]
  - 预测映射：[ 7  8  9 12  6 13  4  2  5  1 11  0  3 10]
[test_sample_06754] [T1x_rxn5001] ❌ 错误 | 原子数：14
  - 正确映射：[ 2 12  8  4 13  3  1  9 11  5 10  6  7  0]
  - 预测映射：[ 2 12  8  4 13  3  1  9 11  6  5  7 10  0]
[test_sample_06755] [T1x_rxn5002] ✅ 严格正确 | 原子数：14
[test_sample_06756] [T1x_rxn5003] ❌ 错误 | 原子数：14
  - 正确映射：[ 9  7  6 13  0  1  3 11  8 10  2  5  4 12]
  - 预测映射：[ 9  7  6 13  0  1  3  8 12 10 11  5  4  2]
[test_sample_06757] [T1x_rxn5045] ❌ 错误 | 原子数：14
  - 正确映射：[13  9  3  2  7  1  5 10 11  8  6  4  0 12]
  - 预测映射：[13  9  3  1  7  2  5 10 11 12  0  6  8  4]
[test_sample_06758] [T1x_rxn5046] ❌ 错误 | 原子数：14
  - 正确映射：[13 11  7  8 10  5  1  4 12  6  2  0  3  9]
  - 预测映射：[13 11  7  8 10  5  1  3 12  6  4  2  9  0]
[test_sample_06759] [T1x_rxn5047] ❌ 错误 | 原子数：14
  - 正确映射：[ 4  1 12  0  8  6 13  5  7  9  2 11 10  3]
  - 预测映射：[ 4  1 12  0  6  8 13  5  7  9 10  3  2 11]
[test_sample_06760] [T1x_rxn5048] ❌ 错误 | 原子数：14
  - 正确映射：[ 5  4  9  3 12  0  7  1  8 13  2 10 11  6]
  - 预测映射：[ 5  4  9  0 12  3  7  1  8 11 13  2  6 10]
[test_sample_06761] [T1x_rxn5049] ✅ 严格正确 | 原子数：14
[test_sample_06762] [T1x_rxn5050] ✅ 严格正确 | 原子数：14
[test_sample_06763] [T1x_rxn5051] ❌ 错误 | 原子数：14
  - 正确映射：[ 3  7  9 10  0  4  8  2  6 12  5  1 13 11]
  - 预测映射：[ 3  7  9  4  0 10  8  2  6 13  5 11 12  1]
[test_sample_06764] [T1x_rxn5052] ✅ 严格正确 | 原子数：14
[test_sample_06765] [T1x_rxn5053] ✅ 严格正确 | 原子数：14
[test_sample_06766] [T1x_rxn5054] ❌ 错误 | 原子数：14
  - 正确映射：[ 7  2  6  0  1 11  4  9 13  8  3 10 12  5]
  - 预测映射：[ 7 11  2  6  0  1  4 12  9 13  3  8  5 10]
[test_sample_06767] [T1x_rxn5055] ✅ 严格正确 | 原子数：14
[test_sample_06768] [T1x_rxn5056] ✅ 严格正确 | 原子数：14
[test_sample_06769] [T1x_rxn5057] ❌ 错误 | 原子数：14
  - 正确映射：[11  6  2  0 12  8  5 13  7  3 10  9  4  1]
  - 预测映射：[11  6  2 12  8  0  5 13  7 10  4  1  3  9]
[test_sample_06770] [T1x_rxn5058] ❌ 错误 | 原子数：14
  - 正确映射：[13  7  1  0 11  9 12  4  3  6 10  8  2  5]
  - 预测映射：[13  7  1  9  0 11 12  3  4  6  5  8 10  2]
[test_sample_06771] [T1x_rxn5059] ❌ 错误 | 原子数：14
  - 正确映射：[10  2  9  5  8  0 13  7 11 12  1  3  6  4]
  - 预测映射：[10  2  9  0  8  5 13  7 11 12  4  3  6  1]
[test_sample_06772] [T1x_rxn5060] ❌ 错误 | 原子数：14
  - 正确映射：[ 6  5  9  8  7  4  3  2 13 11 12  1 10  0]
  - 预测映射：[ 6  5  9  8  7  4  3 12  2 11  0  1 10 13]
[test_sample_06773] [T1x_rxn5061] ✅ 严格正确 | 原子数：14
[test_sample_06774] [T1x_rxn5062] ❌ 错误 | 原子数：14
  - 正确映射：[ 2  1 10 12  7  9 13  6 11  8  5  0  4  3]
  - 预测映射：[ 2  1 10  9  7 12 13  6 11  8  3  0  4  5]
[test_sample_06775] [T1x_rxn5063] ✅ 严格正确 | 原子数：14
[test_sample_06776] [T1x_rxn5064] ✅ 严格正确 | 原子数：14
[test_sample_06777] [T1x_rxn5065] ✅ 严格正确 | 原子数：14
[test_sample_06778] [T1x_rxn5209] ❌ 错误 | 原子数：14
  - 正确映射：[ 3  5  4  0 11 10  9  6 12  8  1  2 13  7]
  - 预测映射：[ 3  5  4  0 11 10  9  8 12  6  1  7 13  2]
[test_sample_06779] [T1x_rxn5210] ❌ 错误 | 原子数：14
  - 正确映射：[ 2  4  9 12 13  3 10  7  6  8  1  0  5 11]
  - 预测映射：[ 2  4  9 12 13  3 10  1  6  8  0  5 11  7]
[test_sample_06780] [T1x_rxn5211] ❌ 错误 | 原子数：14
  - 正确映射：[ 5  1  9  8  0  6  2  3  7 13  4 11 12 10]
  - 预测映射：[ 5  1  9  8  0  6  2 13  7  3  4 12 11 10]
[test_sample_06781] [T1x_rxn5212] ❌ 错误 | 原子数：14
  - 正确映射：[ 9 12  3  4  0  5  6 13  1  2  7 10 11  8]
  - 预测映射：[ 9 12  3  4  0  5  6  2  1 13  8 10 11  7]
[test_sample_06782] [T1x_rxn5213] ❌ 错误 | 原子数：14
  - 正确映射：[ 8  4  3  2 12 11  5  1  9  7 13  0  6 10]
  - 预测映射：[ 4  3  8  2 12 11  5 10  7 13  9  1  0  6]
[test_sample_06783] [T1x_rxn5214] ✅ 严格正确 | 原子数：14
[test_sample_06784] [T1x_rxn5215] ❌ 错误 | 原子数：14
  - 正确映射：[10  6 12  1 13  9  4  3  5  7  0  8  2 11]
  - 预测映射：[10  6 12  1 13  9  4  7  5  3  0  8  2 11]
[test_sample_06785] [T1x_rxn5216] ❌ 错误 | 原子数：14
  - 正确映射：[ 1  5  2  6 13 12  3  8 10  4  9  7  0 11]
  - 预测映射：[ 1  5  2  6 13 12  3  4 10  8  9  7  0 11]
[test_sample_06786] [T1x_rxn5217] ❌ 错误 | 原子数：14
  - 正确映射：[ 8  1  3 11  5 12  6  0 10  4  2 13  9  7]
  - 预测映射：[ 8  1  3 11  5 12  6 13 10  4  2  0  9  7]
[test_sample_06787] [T1x_rxn5218] ❌ 错误 | 原子数：14
  - 正确映射：[ 0  7  2  5 12 11  1  6 13  9  4  8 10  3]
  - 预测映射：[ 0  7  2  5 12 11  1  9 13  6  4  8 10  3]
[test_sample_06788] [T1x_rxn5277] ❌ 错误 | 原子数：14
  - 正确映射：[ 5  3  9  4 11  8  7 13  2 10  6 12  1  0]
  - 预测映射：[ 5  3  9  4 11  8  7  1 12 13 10  6  2  0]
[test_sample_06789] [T1x_rxn5278] ❌ 错误 | 原子数：14
  - 正确映射：[ 3  0  5 12 13  9 10  4  2  6  1 11  8  7]
  - 预测映射：[ 3  0  5 12 13  9 10  2  1  6 11  8  4  7]
[test_sample_06790] [T1x_rxn5279] ❌ 错误 | 原子数：14
  - 正确映射：[ 2  3 13  4  0 12 10 11  8  6  9  7  1  5]
  - 预测映射：[ 2  3 13 10 12  4  0  8  5 11  1  6  9  7]
[test_sample_06791] [T1x_rxn5280] ✅ 严格正确 | 原子数：14
[test_sample_06792] [T1x_rxn5281] ❌ 错误 | 原子数：14
  - 正确映射：[13  6 10  4  7  2  5  9  1  0  3 11 12  8]
  - 预测映射：[13  4 10  6  7  2  5  3  1  0  9 12 11  8]
[test_sample_06793] [T1x_rxn5282] ❌ 错误 | 原子数：14
  - 正确映射：[ 2  9  3  8 10 12  0  7  6 11 13  5  1  4]
  - 预测映射：[ 2  0  3  9  8 10 12  1  4  7  6 13 11  5]
[test_sample_06794] [T1x_rxn5283] ❌ 错误 | 原子数：14
  - 正确映射：[ 9 12  4  0 13  3  2  6  5  1 11  7 10  8]
  - 预测映射：[ 9 13  4  0 12  3  2 10  7 11  5  1  6  8]
[test_sample_06795] [T1x_rxn5284] ❌ 错误 | 原子数：14
  - 正确映射：[11  7 13  4  3  5  0  8 10  1  6  9 12  2]
  - 预测映射：[11  4 13  7  0  5  3  6 10  8  2 12  1  9]
[test_sample_06796] [T1x_rxn5285] ❌ 错误 | 原子数：14
  - 正确映射：[ 1  8  5  3 11  9  6 13  2  4  7 10  0 12]
  - 预测映射：[ 1  8  5  3 11  9  6 13 10  4  7  0  2 12]
[test_sample_06797] [T1x_rxn5286] ✅ 严格正确 | 原子数：14
[test_sample_06798] [T1x_rxn5327] ✅ 严格正确 | 原子数：14
[test_sample_06799] [T1x_rxn5328] ❌ 错误 | 原子数：14
  - 正确映射：[ 9  5  0  6  2  8  3 11 10  4 13  1  7 12]
  - 预测映射：[ 6  5  0  9  2  8  3 12  7 13 11  1 10  4]
[test_sample_06800] [T1x_rxn5329] ❌ 错误 | 原子数：14
  - 正确映射：[ 8 10  1  9  6 12  4  0  3  7  2  5 11 13]
  - 预测映射：[12 10  8  1  6  9  4  2  5 13  3  7  0 11]
[test_sample_06801] [T1x_rxn5330] ❌ 错误 | 原子数：14
  - 正确映射：[ 1 11  2  0  6 13  7  3 12  4  8  9 10  5]
  - 预测映射：[ 1 13  0  2  6 11  7  4 12  3  8  5 10  9]
[test_sample_06802] [T1x_rxn5331] ✅ 严格正确 | 原子数：14
[test_sample_06803] [T1x_rxn5332] ❌ 错误 | 原子数：14
  - 正确映射：[ 3  1  9  2 10 11  0  5 13  7 12  6  8  4]
  - 预测映射：[ 3  1  9  2 10 11  0  6  5  7 13  8  4 12]
[test_sample_06804] [T1x_rxn5333] ❌ 错误 | 原子数：14
  - 正确映射：[ 3  2 11  0  1  7  8  6  9  5 13 12  4 10]
  - 预测映射：[ 3  2 11  0  1  7  8  5  9  4 13  6 12 10]
[test_sample_06805] [T1x_rxn5334] ❌ 错误 | 原子数：14
  - 正确映射：[13  6  9  0  5 12  3  8  2  1  4 11  7 10]
  - 预测映射：[13  6  9  0  5 12  3 11  2  1  8  4  7 10]
[test_sample_06806] [T1x_rxn5335] ❌ 错误 | 原子数：14
  - 正确映射：[ 6  4 11 12  8  0  3  7 13  1  5  2 10  9]
  - 预测映射：[ 6  4 12 11  8  0  3 13  7  1  9 10  2  5]
[test_sample_06807] [T1x_rxn5336] ❌ 错误 | 原子数：14
  - 正确映射：[ 2  1  0  9  7 13  5  8 10  3 11 12  4  6]
  - 预测映射：[ 2  1  0  9  7 13  5  3 10 12 11  8  4  6]
[test_sample_06808] [T1x_rxn5337] ✅ 严格正确 | 原子数：14
[test_sample_06809] [T1x_rxn5338] ❌ 错误 | 原子数：14
  - 正确映射：[ 6 13  8 12  4  3 10  7  5  0 11  9  1  2]
  - 预测映射：[ 3  6 13  8  4 12 10  0  5  2 11  7  9  1]
[test_sample_06810] [T1x_rxn5339] ❌ 错误 | 原子数：14
  - 正确映射：[10  4  8  5  0  1  2 13 12 11  7  9  3  6]
  - 预测映射：[10  4  8  5  0  1  2 13 12 11  9  3  6  7]
[test_sample_06811] [T1x_rxn5340] ❌ 错误 | 原子数：14
  - 正确映射：[11  3  4  9  5  6 10  0 13  7  2 12  8  1]
  - 预测映射：[11  3  4  9  5  6 10  0 13  7  2  1  8 12]
[test_sample_06812] [T1x_rxn5341] ❌ 错误 | 原子数：14
  - 正确映射：[ 9  2  3  5 10 13  8  0  7  4  1 12  6 11]
  - 预测映射：[ 9  2  3  5 10 13  8  4  7  0  1 12  6 11]
[test_sample_06813] [T1x_rxn5342] ✅ 严格正确 | 原子数：14
[test_sample_06814] [T1x_rxn5417] ✅ 严格正确 | 原子数：14
[test_sample_06815] [T1x_rxn5418] ❌ 错误 | 原子数：14
  - 正确映射：[10  4  3 13  7  8 12 11  2  9  5  0  6  1]
  - 预测映射：[10 13  3  4  8 12  7  5 11  2  0  1  6  9]
[test_sample_06816] [T1x_rxn5419] ❌ 错误 | 原子数：14
  - 正确映射：[ 7  4  2  8 12 10 13 11  1  6  3  5  0  9]
  - 预测映射：[ 7  4  2  8 12 13 10 11  1  6  3  5  9  0]
[test_sample_06817] [T1x_rxn5420] ❌ 错误 | 原子数：14
  - 正确映射：[10  5 12  6  3  7 13  4 11  9  1  0  8  2]
  - 预测映射：[10  5 12  6  7  3 13  4  9 11  8  1  2  0]
[test_sample_06818] [T1x_rxn5421] ❌ 错误 | 原子数：14
  - 正确映射：[ 6  3  7 10  9  1  8 13 11 12  0  4  2  5]
  - 预测映射：[ 6 10  7  3  8  1  9 12  5 13  2 11  4  0]
[test_sample_06819] [T1x_rxn5422] ❌ 错误 | 原子数：14
  - 正确映射：[ 0  8 12  3  9 10  5  7 13  2  6  4 11  1]
  - 预测映射：[ 0  8 12 10  9  3  5  7  4 11  6  2 13  1]
[test_sample_06820] [T1x_rxn5423] ❌ 错误 | 原子数：14
  - 正确映射：[ 9  6 11  3  1  5  0  4 10  8  7 12 13  2]
  - 预测映射：[ 9  6 11  3  1  5  0  2  4  8 10 12 13  7]
[test_sample_06821] [T1x_rxn5424] ✅ 严格正确 | 原子数：14
[test_sample_06822] [T1x_rxn5425] ❌ 错误 | 原子数：14
  - 正确映射：[ 5 10  1  7  6 13  3  9  0  4 11  2 12  8]
  - 预测映射：[ 5 10  1  7  6  3 13  9  4  0 11  8 12  2]
[test_sample_06823] [T1x_rxn5426] ❌ 错误 | 原子数：14
  - 正确映射：[ 2  6  5  4  7  3 10  0 12  8 11 13  9  1]
  - 预测映射：[ 2  6  5  4  7 10  3  0  8 12 11  1  9 13]
[test_sample_06824] [T1x_rxn5427] ❌ 错误 | 原子数：14
  - 正确映射：[13  3  7 12  0 11  1 10  8  5  4  9  6  2]
  - 预测映射：[13 12  7  0 11  1  3  5  8  9  6  4  2 10]
[test_sample_06825] [T1x_rxn5428] ✅ 严格正确 | 原子数：14
[test_sample_06826] [T1x_rxn5429] ✅ 严格正确 | 原子数：14
[test_sample_06827] [T1x_rxn5430] ✅ 严格正确 | 原子数：14
[test_sample_06828] [T1x_rxn5431] ❌ 错误 | 原子数：14
  - 正确映射：[ 3  0 11  1  7 10 12  6  8  5  2  9 13  4]
  - 预测映射：[ 3  7 11  1 10 12  0  2  9  8 13  5  4  6]
[test_sample_06829] [T1x_rxn5432] ❌ 错误 | 原子数：14
  - 正确映射：[ 1  8 10  9  6  3  0  5  7  2 12  4 11 13]
  - 预测映射：[ 1  8 10  0  6  3  9  5 13  2 12  4 11  7]
[test_sample_06830] [T1x_rxn5433] ✅ 严格正确 | 原子数：14
[test_sample_06831] [T1x_rxn5434] ✅ 严格正确 | 原子数：14
[test_sample_06832] [T1x_rxn5435] ❌ 错误 | 原子数：14
  - 正确映射：[ 5 13  9  3  2  6 10 12  8 11  4  1  0  7]
  - 预测映射：[ 5 10  9 13  3  2  6  7  1 12  8  4 11  0]
[test_sample_06833] [T1x_rxn5579] ❌ 错误 | 原子数：14
  - 正确映射：[ 6 11  9  5  0 10 13  8 12  4  2  1  7  3]
  - 预测映射：[ 6 11  9  5  0 10 13 12  8  4  1  3  2  7]
[test_sample_06834] [T1x_rxn5580] ❌ 错误 | 原子数：14
  - 正确映射：[12 11  7  4  6 13  8 10  5  2  0  3  9  1]
  - 预测映射：[12  7 11  4  6 13  8 10  5  0  2  9  3  1]
[test_sample_06835] [T1x_rxn5581] ✅ 严格正确 | 原子数：14
[test_sample_06836] [T1x_rxn5582] ❌ 错误 | 原子数：14
  - 正确映射：[ 2  9  0  5  4  1 10 13  7 11 12  6  3  8]
  - 预测映射：[ 2  9  0  5  4  1 10  7 13 11 12  6  3  8]
[test_sample_06837] [T1x_rxn5583] ✅ 严格正确 | 原子数：14
[test_sample_06838] [T1x_rxn5584] ❌ 错误 | 原子数：14
  - 正确映射：[ 5 12 11  7  8  0 13  3  6  9  2  4 10  1]
  - 预测映射：[ 5 12 11  7  8  0 13  6  3  2  9  1 10  4]
[test_sample_06839] [T1x_rxn5585] ✅ 严格正确 | 原子数：14
[test_sample_06840] [T1x_rxn5586] ❌ 错误 | 原子数：14
  - 正确映射：[ 4 10  5 12  3 13 11  2  1  7  8  9  6  0]
  - 预测映射：[ 4 10  5 12 13  3 11  2  1  8  0  7  6  9]
[test_sample_06841] [T1x_rxn5587] ❌ 错误 | 原子数：14
  - 正确映射：[ 4  2  8  9  5  6  7 13 12 11  3  0 10  1]
  - 预测映射：[ 4  6  5  9  8  2  7  3 11 12 13  0  1 10]
[test_sample_06842] [T1x_rxn5588] ❌ 错误 | 原子数：14
  - 正确映射：[ 9  4  1 11  3 13 10  5  0  7  6 12  2  8]
  - 预测映射：[ 9  4 13 11  3  1 10 12  2  8  6  5  0  7]
[test_sample_06843] [T1x_rxn5589] ❌ 错误 | 原子数：14
  - 正确映射：[ 4 11  3  5 10  0  9  1  6 12  2  7 13  8]
  - 预测映射：[ 4 11  3  5 10  0  9  1  6  2 13 12  7  8]
[test_sample_06844] [T1x_rxn5605] ✅ 严格正确 | 原子数：14
[test_sample_06845] [T1x_rxn5606] ✅ 严格正确 | 原子数：14
[test_sample_06846] [T1x_rxn5607] ❌ 错误 | 原子数：14
  - 正确映射：[ 7  8  4  5  0 12  9  1  3  6 10 13  2 11]
  - 预测映射：[ 9  7  8  5  4 12  0  2 11  3  1  6 10 13]
[test_sample_06847] [T1x_rxn5608] ❌ 错误 | 原子数：14
  - 正确映射：[ 4  2  5 11  3  0  8 12  9  1 10  6 13  7]
  - 预测映射：[ 5  2  4 11  8  0  3 12 10  6  9  1  7 13]
[test_sample_06848] [T1x_rxn5609] ✅ 严格正确 | 原子数：14
[test_sample_06849] [T1x_rxn5610] ❌ 错误 | 原子数：14
  - 正确映射：[ 6  1  4  5 13  2 10  0 12  7  9 11  3  8]
  - 预测映射：[ 6 13  4  5  1  2 10 12  0  3  9 11  7  8]
[test_sample_06850] [T1x_rxn5611] ❌ 错误 | 原子数：14
  - 正确映射：[ 3  9  4  7 10  0  5  2  8  1 12 11 13  6]
  - 预测映射：[ 4  9  3  7  5  0 10 12 11  1  2  8  6 13]
[test_sample_06851] [T1x_rxn5612] ❌ 错误 | 原子数：14
  - 正确映射：[ 4  8  7  2  6  3  0  9  1 12 13  5 11 10]
  - 预测映射：[ 7  4  6  2  0  3  8  5 13  1 11  9 10 12]
[test_sample_06852] [T1x_rxn5613] ❌ 错误 | 原子数：14
  - 正确映射：[ 6  9  7 10  1  3  0 13  4  2 11  5  8 12]
  - 预测映射：[ 7  9  6 10  0  3  1  2  5 11  4 13 12  8]
[test_sample_06853] [T1x_rxn5614] ✅ 严格正确 | 原子数：14
[test_sample_06854] [T1x_rxn5615] ❌ 错误 | 原子数：14
  - 正确映射：[11  9  8  2 12  4  0  7  1  5  6 10 13  3]
  - 预测映射：[ 0 11  9  2  8  4 12 10  3  1  5  6 13  7]
[test_sample_06855] [T1x_rxn5616] ✅ 严格正确 | 原子数：14
[test_sample_06856] [T1x_rxn5617] ✅ 严格正确 | 原子数：14
[test_sample_06857] [T1x_rxn5618] ❌ 错误 | 原子数：14
  - 正确映射：[ 5 12 10  4  0  2  7  6  3  1 13  8 11  9]
  - 预测映射：[ 5  7  0  4 10  2 12  6  3  9 13 11  8  1]
[test_sample_06858] [T1x_rxn5619] ❌ 错误 | 原子数：14
  - 正确映射：[ 4 11  8 10  3  2  0  5 13 12  1  6  9  7]
  - 预测映射：[ 4 11  0 10  3  2  8  5  1 12 13  7  9  6]
[test_sample_06859] [T1x_rxn5620] ❌ 错误 | 原子数：14
  - 正确映射：[13 12  1  4  5 11  2  3  9  8  6  0 10  7]
  - 预测映射：[13  2 12  4  1 11  5  3  6  7  9  8  0 10]
[test_sample_06860] [T1x_rxn5621] ✅ 严格正确 | 原子数：14
[test_sample_06861] [T1x_rxn5622] ✅ 严格正确 | 原子数：14
[test_sample_06862] [T1x_rxn5623] ✅ 严格正确 | 原子数：14
[test_sample_06863] [T1x_rxn5624] ❌ 错误 | 原子数：14
  - 正确映射：[ 6  3 11  0 13  1  7  4  8  9  2 10 12  5]
  - 预测映射：[ 6  3 11  0 13  1  7  8  4  9  2 10 12  5]
[test_sample_06864] [T1x_rxn5625] ❌ 错误 | 原子数：14
  - 正确映射：[12  7  3 11  1  0  6  9  2  4 10 13  8  5]
  - 预测映射：[ 7  3  1 11  6  0 12  9  4 13 10  8  5  2]
[test_sample_06865] [T1x_rxn5626] ❌ 错误 | 原子数：14
  - 正确映射：[ 0 11  8  4  2  1  7 13  9 12  3  6 10  5]
  - 预测映射：[11  8  2  4  7  1  0  9 12  6 13  3 10  5]
[test_sample_06866] [T1x_rxn5627] ❌ 错误 | 原子数：14
  - 正确映射：[ 6  3  9 11 12  7  2  1 10 13  8  4  5  0]
  - 预测映射：[ 6  3  2 11 12  7  9  1 10 13  0  4  5  8]
[test_sample_06867] [T1x_rxn5834] ❌ 错误 | 原子数：14
  - 正确映射：[ 6  0  5 12 13  4  9  8  2 11  3 10  7  1]
  - 预测映射：[ 6  0  5 12 13  4  9  8  2 11 10  1  7  3]
[test_sample_06868] [T1x_rxn5835] ❌ 错误 | 原子数：14
  - 正确映射：[12 11  2  0  6 10 13  1  8  4  3  5  7  9]
  - 预测映射：[ 2 11 13  0 10 12  6  5  9  7  8  3  4  1]
[test_sample_06869] [T1x_rxn5836] ❌ 错误 | 原子数：14
  - 正确映射：[ 3 12  7  5 10 11  0 13  1  8  4  6  9  2]
  - 预测映射：[ 3 12  7  5 10 11  0  1 13  8  6  9  4  2]
[test_sample_06870] [T1x_rxn5837] ❌ 错误 | 原子数：14
  - 正确映射：[ 9  8 13  3 10 11  7  4  1  6  5  0  2 12]
  - 预测映射：[ 9  8 13  3 11 10  7  4  6  1  0 12  2  5]
[test_sample_06871] [T1x_rxn5838] ✅ 严格正确 | 原子数：14
[test_sample_06872] [T1x_rxn5839] ✅ 严格正确 | 原子数：14
[test_sample_06873] [T1x_rxn5840] ❌ 错误 | 原子数：14
  - 正确映射：[ 9 13  2 10  3 11 12  1  6  0  5  8  7  4]
  - 预测映射：[ 9 13  2 10  3 11 12  1  6  0  4  8  5  7]
[test_sample_06874] [T1x_rxn5841] ✅ 严格正确 | 原子数：14
[test_sample_06875] [T1x_rxn5842] ✅ 严格正确 | 原子数：14
[test_sample_06876] [T1x_rxn5843] ❌ 错误 | 原子数：14
  - 正确映射：[ 1  7  4  2 10  5 12 11  9 13  6  3  8  0]
  - 预测映射：[ 1  7  4  2 10 12  5  9 11 13  6  0  8  3]
[test_sample_06877] [T1x_rxn5863] ✅ 严格正确 | 原子数：14
[test_sample_06878] [T1x_rxn5864] ✅ 严格正确 | 原子数：14
[test_sample_06879] [T1x_rxn5865] ✅ 严格正确 | 原子数：14
[test_sample_06880] [T1x_rxn5866] ✅ 严格正确 | 原子数：14
[test_sample_06881] [T1x_rxn5867] ❌ 错误 | 原子数：14
  - 正确映射：[ 6  7 10  5 13  8  3 12  1  9  4  0 11  2]
  - 预测映射：[ 6  7  3  5 13  8 10  9  1 12  2  0 11  4]
[test_sample_06882] [T1x_rxn5868] ✅ 严格正确 | 原子数：14
[test_sample_06883] [T1x_rxn5869] ❌ 错误 | 原子数：14
  - 正确映射：[ 4  9  3  7  2  0  5 11  8 13  6  1 10 12]
  - 预测映射：[ 4  9  5  7  2  0  3  8 11 10 12  1 13  6]
[test_sample_06884] [T1x_rxn5870] ❌ 错误 | 原子数：14
  - 正确映射：[ 7  4  9 11  3  8 12  5  0 10 13  2  6  1]
  - 预测映射：[ 7  4 12 11  3  8  9  0 10  5  1  2 13  6]
[test_sample_06885] [T1x_rxn5871] ❌ 错误 | 原子数：14
  - 正确映射：[13  3  1  4 12 11  0  6 10  5  7  9  2  8]
  - 预测映射：[ 3  1 13  4 12 11  0  6  7 10  5  9  2  8]
[test_sample_06886] [T1x_rxn5872] ✅ 严格正确 | 原子数：14
[test_sample_06887] [T1x_rxn5873] ✅ 严格正确 | 原子数：14
[test_sample_06888] [T1x_rxn5895] ✅ 严格正确 | 原子数：14
[test_sample_06889] [T1x_rxn5896] ❌ 错误 | 原子数：14
  - 正确映射：[ 2 11  1  7  3 10  6  0 13  9 12  8  4  5]
  - 预测映射：[ 2 11  6  7  3 10  1 13  0  9  5  4 12  8]
[test_sample_06890] [T1x_rxn5897] ❌ 错误 | 原子数：14
  - 正确映射：[ 2 10 12  0 11  3  7  9  6  5  1  8 13  4]
  - 预测映射：[ 2 10 12  0 11  3  7 13  6  5  1  8  9  4]
[test_sample_06891] [T1x_rxn5898] ❌ 错误 | 原子数：14
  - 正确映射：[ 5  8  4  3  9  7  1 13 10  6 11  0  2 12]
  - 预测映射：[ 5  8  4  3  9  7  1  6 10 13 11  0  2 12]
[test_sample_06892] [T1x_rxn5899] ❌ 错误 | 原子数：14
  - 正确映射：[ 0  9  5  7 10  4  1 12  2  3 11  6 13  8]
  - 预测映射：[ 0  9  5  7  1  4 10  2 12  3  8 11  6 13]
[test_sample_06893] [T1x_rxn5900] ✅ 严格正确 | 原子数：14
[test_sample_06894] [T1x_rxn5901] ❌ 错误 | 原子数：14
  - 正确映射：[ 3  0 13  5  2 11  6  8  4  9  7 10  1 12]
  - 预测映射：[ 3  0 13  5  2 11  6  4  7  8 10 12  9  1]
[test_sample_06895] [T1x_rxn5902] ❌ 错误 | 原子数：14
  - 正确映射：[ 9  8  0  6 11  5  3  1  4  2 13  7 12 10]
  - 预测映射：[ 9  8  0  6 11  5  3  4  2  1 13  7 12 10]
[test_sample_06896] [T1x_rxn5903] ✅ 严格正确 | 原子数：14
[test_sample_06897] [T1x_rxn5904] ❌ 错误 | 原子数：14
  - 正确映射：[ 5  7  3  6  2 13  8 11  1 12  9 10  4  0]
  - 预测映射：[ 5  7  3  6  2 13  8 12  1 11  9 10  0  4]
[test_sample_06898] [T1x_rxn5905] ❌ 错误 | 原子数：14
  - 正确映射：[ 2  8 12  0  7 13 10  1 11  9  4  5  6  3]
  - 预测映射：[ 2  8 12  0  7 13 10 11  1  9  4  5  3  6]
[test_sample_06899] [T1x_rxn5906] ❌ 错误 | 原子数：14
  - 正确映射：[ 3 10  2  0  5  9  8 13 11  1  7 12  6  4]
  - 预测映射：[ 3 10  2  0  5  9  8 13 11  6  7 12  1  4]
[test_sample_06900] [T1x_rxn5907] ✅ 严格正确 | 原子数：14
[test_sample_06901] [T1x_rxn5908] ❌ 错误 | 原子数：14
  - 正确映射：[ 7  0 10  1 13  8  6  2 11  4  5 12  9  3]
  - 预测映射：[ 7  0 10  1 13  8  6  4 11  2  5 12  3  9]
[test_sample_06902] [T1x_rxn5909] ❌ 错误 | 原子数：14
  - 正确映射：[12  5 10  2  6  9  4 13  7  8  3 11  0  1]
  - 预测映射：[12  5 10  2  6  9  4  8  7 13  3 11  1  0]
[test_sample_06903] [T1x_rxn5910] ✅ 严格正确 | 原子数：14
[test_sample_06904] [T1x_rxn6225] ✅ 严格正确 | 原子数：14
[test_sample_06905] [T1x_rxn6226] ✅ 严格正确 | 原子数：14
[test_sample_06906] [T1x_rxn6227] ✅ 严格正确 | 原子数：14
[test_sample_06907] [T1x_rxn6228] ✅ 严格正确 | 原子数：14
[test_sample_06908] [T1x_rxn6229] ❌ 错误 | 原子数：14
  - 正确映射：[10  7  6  0  3  1  5  4 13  8 11  9 12  2]
  - 预测映射：[10  7  6  0  3  1  5 11 13  8  4  9  2 12]
[test_sample_06909] [T1x_rxn6230] ❌ 错误 | 原子数：14
  - 正确映射：[13  1 11  2 10  0  9 12  7  8  5  6  3  4]
  - 预测映射：[10  2 11  1 13  0  9  3  5  4  6  8  7 12]
[test_sample_06910] [T1x_rxn6231] ❌ 错误 | 原子数：14
  - 正确映射：[12  5  6  3  0 10  9 11  8  7  2  1  4 13]
  - 预测映射：[ 0  3  6  5 12 10  9 13  2  4  1  8 11  7]
[test_sample_06911] [T1x_rxn6232] ❌ 错误 | 原子数：14
  - 正确映射：[ 6  7  0 11  2  5  4  8  9  3 13 10  1 12]
  - 预测映射：[ 6  7  0 11  2  5  4 13  3  9 10  8  1 12]
[test_sample_06912] [T1x_rxn6233] ❌ 错误 | 原子数：14
  - 正确映射：[10  7 13  6  8  0 11  4  1 12  9  3  5  2]
  - 预测映射：[ 8  6 13  7 10  0 11  3  5  2  4  1 12  9]
[test_sample_06913] [T1x_rxn6234] ✅ 严格正确 | 原子数：14
[test_sample_06914] [T1x_rxn6235] ✅ 严格正确 | 原子数：14
[test_sample_06915] [T1x_rxn6236] ❌ 错误 | 原子数：14
  - 正确映射：[ 5  4 10  8  9  0  2 11  1  6  7 12 13  3]
  - 预测映射：[ 9  8 10  4  5  0  2  3 12 13  7  1  6 11]
[test_sample_06916] [T1x_rxn6237] ✅ 严格正确 | 原子数：14
[test_sample_06917] [T1x_rxn6238] ❌ 错误 | 原子数：14
  - 正确映射：[ 7  9  4  5  3  8  2  0 13  1  6 12 11 10]
  - 预测映射：[ 5  9  4  7  3  8  2 10  6 12  0 13  1 11]
[test_sample_06918] [T1x_rxn6239] ❌ 错误 | 原子数：14
  - 正确映射：[ 7  0 13 11 10  3  9  4  6 12  5  8  1  2]
  - 预测映射：[ 0 11 13  7 10  3  9 12  6  5  8  4  1  2]
[test_sample_06919] [T1x_rxn6240] ✅ 严格正确 | 原子数：14
[test_sample_06920] [T1x_rxn6703] ✅ 严格正确 | 原子数：14
[test_sample_06921] [T1x_rxn6704] ✅ 严格正确 | 原子数：14
[test_sample_06922] [T1x_rxn6705] ✅ 严格正确 | 原子数：14
[test_sample_06923] [T1x_rxn6706] ❌ 错误 | 原子数：14
  - 正确映射：[ 4 13  6 12  5  7  9  8 10  1  3  2  0 11]
  - 预测映射：[ 4 13  6 12  9  7  5 10  8 11  3  0  2  1]
[test_sample_06924] [T1x_rxn6707] ❌ 错误 | 原子数：14
  - 正确映射：[ 0  4 11  9 10  6  7 13  5  2  3  8  1 12]
  - 预测映射：[ 0  4 11  9 10  6  7 13  2  3  1  8 12  5]
[test_sample_06925] [T1x_rxn6708] ✅ 严格正确 | 原子数：14
[test_sample_06926] [T1x_rxn6709] ❌ 错误 | 原子数：14
  - 正确映射：[ 7 11 12  8  4  2 13  5  0  3  9  1 10  6]
  - 预测映射：[ 7 11 12  8 13  2  4  0  5  6 10  1  9  3]
[test_sample_06927] [T1x_rxn6710] ❌ 错误 | 原子数：14
  - 正确映射：[ 7 10 11  2  3  0 13  8  9  6  4  1 12  5]
  - 预测映射：[ 7 10 11  2 13  0  3  9  8  5 12  1  4  6]
[test_sample_06928] [T1x_rxn6711] ❌ 错误 | 原子数：14
  - 正确映射：[ 1  5 12  9  4  3  7 10  6  8 11  0  2 13]
  - 预测映射：[ 1  5 12  9  4  3  7  6 10  8 11  0  2 13]
[test_sample_06929] [T1x_rxn6712] ❌ 错误 | 原子数：14
  - 正确映射：[ 0  1  6  9 10  2  5 11 13  4  7  8 12  3]
  - 预测映射：[ 0  1  6  9 10  2  5 13  3 11  7  4  8 12]
[test_sample_06930] [T1x_rxn6902] ❌ 错误 | 原子数：14
  - 正确映射：[ 4 13 11 12  0 10  2  5  3  1  9  6  8  7]
  - 预测映射：[ 4 13 11 12  0 10  2  5  3  1  6  9  8  7]
[test_sample_06931] [T1x_rxn6903] ❌ 错误 | 原子数：14
  - 正确映射：[ 6  3  7  5  1  0  4  9 11 12  2 13 10  8]
  - 预测映射：[ 6  3  7  5  1  0  4  9 12 11  2 13 10  8]
[test_sample_06932] [T1x_rxn6904] ❌ 错误 | 原子数：14
  - 正确映射：[11  2  9 12 13  4  0  7 10  5  1  3  8  6]
  - 预测映射：[11  2  9 12 13  4  0 10  7  5  1  8  3  6]
[test_sample_06933] [T1x_rxn6905] ❌ 错误 | 原子数：14
  - 正确映射：[ 3 11  0  8  6 13  4  1 12 10  9  2  5  7]
  - 预测映射：[ 3 11  0  8  6 13  4  1 10 12  9  2  7  5]
[test_sample_06934] [T1x_rxn6906] ❌ 错误 | 原子数：14
  - 正确映射：[11  8  3  5 13  2  7  9 10  0  4  6 12  1]
  - 预测映射：[13  8  5 11  3  2  7  1  4 12  6  0  9 10]
[test_sample_06935] [T1x_rxn6907] ❌ 错误 | 原子数：14
  - 正确映射：[ 4 12  1  8  9  0  3 10 13  6  2  7 11  5]
  - 预测映射：[ 4 12  1  8  9  0  3 13 10  6  2  7  5 11]
[test_sample_06936] [T1x_rxn6908] ❌ 错误 | 原子数：14
  - 正确映射：[ 1 10  4  0 12 11  6  2  7  8  9  5  3 13]
  - 预测映射：[ 1 10  4  0 12 11  6  7  2  8  9  3  5 13]
[test_sample_06937] [T1x_rxn6909] ❌ 错误 | 原子数：14
  - 正确映射：[ 8  3  5  0  7  1  6 13 11  9  2 12 10  4]
  - 预测映射：[ 8  3  5  0  7  1  6 13 11  9 10 12  2  4]
[test_sample_06938] [T1x_rxn6910] ❌ 错误 | 原子数：14
  - 正确映射：[ 0  8  5 11  6 13  2  4 12  3 10  9  1  7]
  - 预测映射：[ 0  8  5 11  6 13  2  3 12  4 10  9  1  7]
[test_sample_06939] [T1x_rxn6911] ❌ 错误 | 原子数：14
  - 正确映射：[ 3  4 12  1  7 13 10  5 11  6  0  2  9  8]
  - 预测映射：[ 3  4 12  1  7 13 10  0  5 11  6  2  9  8]
[test_sample_06940] [T1x_rxn6933] ❌ 错误 | 原子数：14
  - 正确映射：[13  7  6  3 12  9  2 10  1  4  0  8  5 11]
  - 预测映射：[13  7  6  3 12  9  2 10  4  1 11  5  8  0]
[test_sample_06941] [T1x_rxn6934] ❌ 错误 | 原子数：14
  - 正确映射：[ 2  7  8 11  1 13  4  5  3 10  9  0 12  6]
  - 预测映射：[ 2  7  8 11 13  1  4  0  3 10  6  9  5 12]
[test_sample_06942] [T1x_rxn6935] ❌ 错误 | 原子数：14
  - 正确映射：[ 0  1 11  3  4 12  9 13  6  2  7  5 10  8]
  - 预测映射：[ 0 12  4  3 11  1  9 10 13  8  7  6  2  5]
[test_sample_06943] [T1x_rxn6936] ❌ 错误 | 原子数：14
  - 正确映射：[ 9 12  1  7  2  6  8  0 11  5  3  4 13 10]
  - 预测映射：[ 9 12  1  7  2  6  8  0 11  5 10  3 13  4]
[test_sample_06944] [T1x_rxn6937] ✅ 严格正确 | 原子数：14
[test_sample_06945] [T1x_rxn6938] ✅ 严格正确 | 原子数：14
[test_sample_06946] [T1x_rxn6939] ❌ 错误 | 原子数：14
  - 正确映射：[10  7  4  1  2  5  0 13  9  6 11 12  8  3]
  - 预测映射：[10  7  4  1  2  5  0 13  6  9 11  3  8 12]
[test_sample_06947] [T1x_rxn6940] ❌ 错误 | 原子数：14
  - 正确映射：[ 2  9  7  4  6  1  8 10  3 13 11 12  5  0]
  - 预测映射：[ 2  9  7  4  6  1  8  3 13 10  5  0 12 11]
[test_sample_06948] [T1x_rxn6941] ✅ 严格正确 | 原子数：14
[test_sample_06949] [T1x_rxn6942] ❌ 错误 | 原子数：14
  - 正确映射：[ 8 10  7 12  2  0  4  6 13  3  1  9  5 11]
  - 预测映射：[ 8 10  7 12  2  0  4  3  6 13  1  9  5 11]
[test_sample_06950] [T1x_rxn6943] ❌ 错误 | 原子数：14
  - 正确映射：[12  7  4 13 11  9  2 10  5  6  8  0  3  1]
  - 预测映射：[12  7  4 13  9 11  2 10  6  5  0  8  3  1]
[test_sample_06951] [T1x_rxn6944] ✅ 严格正确 | 原子数：14
[test_sample_06952] [T1x_rxn7014] ❌ 错误 | 原子数：14
  - 正确映射：[ 7  9  5  6 13  8 11  2 12  1  0 10  4  3]
  - 预测映射：[ 7  9  5  6 13  8 11  1 12  2 10  0  3  4]
[test_sample_06953] [T1x_rxn7015] ❌ 错误 | 原子数：14
  - 正确映射：[10  4  7  8 12  0 13  6  2 11  9  1  3  5]
  - 预测映射：[10  0  7  4 12  8 13  2 11  3  6  5  9  1]
[test_sample_06954] [T1x_rxn7016] ✅ 严格正确 | 原子数：14
[test_sample_06955] [T1x_rxn7017] ✅ 严格正确 | 原子数：14
[test_sample_06956] [T1x_rxn7018] ❌ 错误 | 原子数：14
  - 正确映射：[12  5  1 11  2 10  0  7  8  6 13  3  4  9]
  - 预测映射：[12  5  1 11  2 10  0 13  8  7  3  6  4  9]
[test_sample_06957] [T1x_rxn7019] ✅ 严格正确 | 原子数：14
[test_sample_06958] [T1x_rxn7020] ❌ 错误 | 原子数：14
  - 正确映射：[ 3 13  2  8  0  9  6 10  7 12  5  1  4 11]
  - 预测映射：[13  2  9  8  0  3  6  5  1  7 10 12 11  4]
[test_sample_06959] [T1x_rxn7021] ✅ 严格正确 | 原子数：14
[test_sample_06960] [T1x_rxn7022] ❌ 错误 | 原子数：14
  - 正确映射：[ 6  8 10  3  4  7  5  9  1 13 11  0 12  2]
  - 预测映射：[ 7  6 10  8  4  3  5  9 13 12  1  0  2 11]
[test_sample_06961] [T1x_rxn7023] ❌ 错误 | 原子数：14
  - 正确映射：[10  3 12  9  8  7 13  4  6 11  2  1  0  5]
  - 预测映射：[10  3 12  9  8  7 13  4  6 11  2  1  5  0]
[test_sample_06962] [T1x_rxn7024] ❌ 错误 | 原子数：14
  - 正确映射：[ 9  5  4  0  7  6  2  3  8 10 11 13 12  1]
  - 预测映射：[ 9  0  4  5  7  6  2  3  8 10  1 12 11 13]
[test_sample_06963] [T1x_rxn7025] ❌ 错误 | 原子数：14
  - 正确映射：[11  2  9  8 10 13  4  1  5 12  6  0  3  7]
  - 预测映射：[11  2  9  8 10 13  4  6  5  1  0 12  7  3]
[test_sample_06964] [T1x_rxn7026] ❌ 错误 | 原子数：14
  - 正确映射：[ 2 12 10  4  6  0  5 13  7  1  3  9  8 11]
  - 预测映射：[ 2 12  4  0  6 10  5  1 13  7 11  3  9  8]
[test_sample_06965] [T1x_rxn7631] ❌ 错误 | 原子数：14
  - 正确映射：[ 3  1  0 12  6 11  8  9  4  2  7  5 13 10]
  - 预测映射：[ 3  1  0 11  6 12  8  9  4  2 10  5 13  7]
[test_sample_06966] [T1x_rxn7632] ✅ 严格正确 | 原子数：14
[test_sample_06967] [T1x_rxn7633] ❌ 错误 | 原子数：14
  - 正确映射：[ 8 13 11  5  4  0  2 12 10  3  6  1  7  9]
  - 预测映射：[ 8 13  0  4  5 11  2 12 10  9  7  1  6  3]
[test_sample_06968] [T1x_rxn7634] ❌ 错误 | 原子数：14
  - 正确映射：[12  2  4  5  1 10  6  9  8  0  7 13  3 11]
  - 预测映射：[12 10  1  5  4  2  6 13 11  3  7  9  0  8]
[test_sample_06969] [T1x_rxn7635] ✅ 严格正确 | 原子数：14
[test_sample_06970] [T1x_rxn7636] ❌ 错误 | 原子数：14
  - 正确映射：[ 9 11  5  6 12  3  1 13  0  8  2  4  7 10]
  - 预测映射：[ 9 11  5  6 12  3  1 13  8  0  2  4  7 10]
[test_sample_06971] [T1x_rxn7637] ✅ 严格正确 | 原子数：14
[test_sample_06972] [T1x_rxn7638] ✅ 严格正确 | 原子数：14
[test_sample_06973] [T1x_rxn7639] ✅ 严格正确 | 原子数：14
[test_sample_06974] [T1x_rxn7640] ❌ 错误 | 原子数：14
  - 正确映射：[ 8  5  3 10  1  7  0  2  4  6 11 12  9 13]
  - 预测映射：[ 8  5  3 10  1  7  0  2  6 11  9 12 13  4]
[test_sample_06975] [T1x_rxn7641] ❌ 错误 | 原子数：14
  - 正确映射：[ 4 10  2  3 11  7 13 12  9  0  1  5  8  6]
  - 预测映射：[ 4 10  2  3 11  7 13 12  9  0  1  6  5  8]
[test_sample_06976] [T1x_rxn7642] ✅ 严格正确 | 原子数：14
[test_sample_06977] [T1x_rxn7643] ❌ 错误 | 原子数：14
  - 正确映射：[ 1  8  5  6  0  7 13 12  9  4  3 11  2 10]
  - 预测映射：[ 1  8  5  6  0  7 13 12  4  3  2 11 10  9]
[test_sample_06978] [T1x_rxn7897] ✅ 严格正确 | 原子数：14
[test_sample_06979] [T1x_rxn7898] ✅ 严格正确 | 原子数：14
[test_sample_06980] [T1x_rxn7899] ❌ 错误 | 原子数：14
  - 正确映射：[13  4 11  6 12  1  5  2  0 10  9  3  8  7]
  - 预测映射：[13 11  5  6 12  4  1 10  7  8  2  9  3  0]
[test_sample_06981] [T1x_rxn7900] ❌ 错误 | 原子数：14
  - 正确映射：[ 2 12 10  9 11  1  3  4  8  0  7  6 13  5]
  - 预测映射：[ 2 12 10  9 11  1  3  7  8  0  6 13  4  5]
[test_sample_06982] [T1x_rxn7901] ❌ 错误 | 原子数：14
  - 正确映射：[ 0  1 13  4  5  2 11  7  6  3 12  9 10  8]
  - 预测映射：[ 0  1 13  4  5  2 11  7  6  3  9 10  8 12]
[test_sample_06983] [T1x_rxn7902] ❌ 错误 | 原子数：14
  - 正确映射：[ 3  0  1  2 13 11  5  9  8 12  6 10  4  7]
  - 预测映射：[ 3  0  1  2 13 11  5 12  4  8  6 10  7  9]
[test_sample_06984] [T1x_rxn8023] ❌ 错误 | 原子数：14
  - 正确映射：[10  3  5  7  2  8 12  0 11  6  9  4  1 13]
  - 预测映射：[10  3  5  7  2  8 12  6 11  0 13  9  4  1]
[test_sample_06985] [T1x_rxn8024] ❌ 错误 | 原子数：14
  - 正确映射：[ 8  6  0 11  5  1 10  3  7  2  4  9 13 12]
  - 预测映射：[ 8  6  0 11  5  1 10  3  2  7  4  9 13 12]
[test_sample_06986] [T1x_rxn8025] ❌ 错误 | 原子数：14
  - 正确映射：[ 7  3  4  2  6  0  5 13 12  9 10  1  8 11]
  - 预测映射：[ 4  3  0  2  6  7  5 12  1  9 13  8 10 11]
[test_sample_06987] [T1x_rxn8026] ❌ 错误 | 原子数：14
  - 正确映射：[ 4  3  0  7 11  2 12 13  5  1  6  8 10  9]
  - 预测映射：[ 4  3  7  0 11  2 12  1  5 13 10  6  9  8]
[test_sample_06988] [T1x_rxn8027] ❌ 错误 | 原子数：14
  - 正确映射：[ 9 11  0  6 10  4 12 13  5  8  2  7  3  1]
  - 预测映射：[ 0 11  4  9 10  6 12  7  5  3  2  8  1 13]
[test_sample_06989] [T1x_rxn8028] ❌ 错误 | 原子数：14
  - 正确映射：[13 11  4  5  2  0  8 12  1  6  7 10  9  3]
  - 预测映射：[13 11  4  5  2  0  8  1 10  6  7 12  9  3]
[test_sample_06990] [T1x_rxn8029] ❌ 错误 | 原子数：14
  - 正确映射：[ 9  2 12  6  4 10 13  5  0 11  7  8  3  1]
  - 预测映射：[12  2 10  9  4  6 13  8  0  3  7 11  1  5]
[test_sample_06991] [T1x_rxn8030] ✅ 严格正确 | 原子数：14
[test_sample_06992] [T1x_rxn8031] ❌ 错误 | 原子数：14
  - 正确映射：[13  5  4  6  9 12  7  2  1  8 11  0 10  3]
  - 预测映射：[ 5 13  6  4  9 12  7  2  1 11  8 10  0  3]
[test_sample_06993] [T1x_rxn8032] ✅ 严格正确 | 原子数：14
[test_sample_06994] [T1x_rxn8033] ✅ 严格正确 | 原子数：14
[test_sample_06995] [T1x_rxn8206] ❌ 错误 | 原子数：14
  - 正确映射：[ 3  2  6  0  8  4  1 12  9  5  7 10 11 13]
  - 预测映射：[ 3  2  6  0  8  4  1  5 11 12  7 10 13  9]
[test_sample_06996] [T1x_rxn8207] ❌ 错误 | 原子数：14
  - 正确映射：[ 3  9  5 10  1  8 11  2 12 13  7  0  4  6]
  - 预测映射：[ 3  9  5 10  1  8 11 13 12  4  0  2  7  6]
[test_sample_06997] [T1x_rxn8208] ❌ 错误 | 原子数：14
  - 正确映射：[ 3  5  2  7 12 10  9 11  0 13  6  4  1  8]
  - 预测映射：[ 3 12  2  7  5 10  9 13  0  1  6 11  4  8]
[test_sample_06998] [T1x_rxn8209] ✅ 严格正确 | 原子数：14
[test_sample_06999] [T1x_rxn8210] ❌ 错误 | 原子数：14
  - 正确映射：[ 2 11  8 13  6  0  1 12  4  7  3 10  9  5]
  - 预测映射：[ 2 11  8 13  6  0  1 12  7  4  3 10  9  5]
[test_sample_07000] [T1x_rxn8211] ✅ 严格正确 | 原子数：14
[test_sample_07001] [T1x_rxn8212] ❌ 错误 | 原子数：14
  - 正确映射：[ 4  8 12  7 10  5  9  6  1 11  0 13  2  3]
  - 预测映射：[ 5 10 12  7  4  8  9 13  3  2  6  0  1 11]
[test_sample_07002] [T1x_rxn8213] ❌ 错误 | 原子数：14
  - 正确映射：[ 3  1  9  8 12  7 13  2  4 10  5 11  6  0]
  - 预测映射：[ 9  1 12  8  7  3 13 11  4  2  6  5  0 10]
[test_sample_07003] [T1x_rxn8214] ❌ 错误 | 原子数：14
  - 正确映射：[ 3  9 10  6 13 11  5  8  4  2  0 12  1  7]
  - 预测映射：[ 3  9 10  6 13 11  5 12  8  4  1  0  7  2]
[test_sample_07004] [T1x_rxn8215] ❌ 错误 | 原子数：14
  - 正确映射：[ 3 12  8 10  9  4  5  7 13 11  2  6  1  0]
  - 预测映射：[ 3  9  8 10 12  4  5  7 13 11  6  2  1  0]
[test_sample_07005] [T1x_rxn8216] ❌ 错误 | 原子数：14
  - 正确映射：[ 7  8  0  1  6  9 11 12  2  4  5 13 10  3]
  - 预测映射：[ 7  8  0  1  6  9 11  2  4 10 13 12  5  3]
[test_sample_07006] [T1x_rxn8217] ❌ 错误 | 原子数：14
  - 正确映射：[10  4  5  1  6  7  8  2 13 12  9  3 11  0]
  - 预测映射：[10  4  7  1  6  5  8 12  2  0 11 13  9  3]
[test_sample_07007] [T1x_rxn8218] ✅ 严格正确 | 原子数：14
[test_sample_07008] [T1x_rxn8219] ❌ 错误 | 原子数：14
  - 正确映射：[10  2  3  9  5  1  6  0 12 13  4 11  8  7]
  - 预测映射：[10  2  3  9  5  1  6  0 13 12  4 11  8  7]
[test_sample_07009] [T1x_rxn8220] ❌ 错误 | 原子数：14
  - 正确映射：[ 5  8  9  7 12  3 10  2 13  6  4  0  1 11]
  - 预测映射：[ 5  8  9  7 12  3 10  6  2 13  4  0  1 11]
[test_sample_07010] [T1x_rxn8221] ❌ 错误 | 原子数：14
  - 正确映射：[ 7 11  4 12  5  3 10  6  8 13  1  9  0  2]
  - 预测映射：[ 7 11  4 12  5  3 10  6 13  8  1  9  0  2]
[test_sample_07011] [T1x_rxn8242] ❌ 错误 | 原子数：14
  - 正确映射：[10 13  8  0  1  3  5  2 11  6  4 12  9  7]
  - 预测映射：[10 13  8  3  1  5  0  4 12  2  9  7  6 11]
[test_sample_07012] [T1x_rxn8243] ❌ 错误 | 原子数：14
  - 正确映射：[ 1  7 13 10 11 12  8  0  9  4  2  5  3  6]
  - 预测映射：[ 1  7 13 10 11  8 12  0  3  9  6  5  2  4]
[test_sample_07013] [T1x_rxn8244] ❌ 错误 | 原子数：14
  - 正确映射：[ 4 11 12  9 10  7  5  0  6  3  2  1  8 13]
  - 预测映射：[ 4 11 12  9 10  7  5  0  6 13  2  1  3  8]
[test_sample_07014] [T1x_rxn8245] ❌ 错误 | 原子数：14
  - 正确映射：[ 6 10 11 13 12  0  1  5  8  2  9  3  4  7]
  - 预测映射：[ 6 10  1 11 12 13  0  5  7  4  2  8  9  3]
[test_sample_07015] [T1x_rxn8246] ❌ 错误 | 原子数：14
  - 正确映射：[10  3  4  0  9  8  7  6 11  5  2 13 12  1]
  - 预测映射：[10  3  4  0  9  8  7  6  2 11 13 12  1  5]
[test_sample_07016] [T1x_rxn8247] ❌ 错误 | 原子数：14
  - 正确映射：[ 4  7  5  8  2 11  6  1  0 10 12  3  9 13]
  - 预测映射：[ 4  7  5  8  2  6 11  1 10  0 13  9  3 12]
[test_sample_07017] [T1x_rxn8248] ❌ 错误 | 原子数：14
  - 正确映射：[ 4 12  3  1  9  6  5 13  7 11 10  0  2  8]
  - 预测映射：[ 4 12  1  3  9  6  5  7 10 13  0 11  8  2]
[test_sample_07018] [T1x_rxn8423] ❌ 错误 | 原子数：14
  - 正确映射：[ 2  9 12  3  0  8  1  5  4 10  7  6 13 11]
  - 预测映射：[ 2  9 12  3  0  8  1  5  7  6 10 11 13  4]
[test_sample_07019] [T1x_rxn8424] ✅ 严格正确 | 原子数：14
[test_sample_07020] [T1x_rxn8425] ✅ 严格正确 | 原子数：14
[test_sample_07021] [T1x_rxn8426] ✅ 严格正确 | 原子数：14
[test_sample_07022] [T1x_rxn8427] ❌ 错误 | 原子数：14
  - 正确映射：[10  2 13  7  0 12  8  4  3 11  5  1  6  9]
  - 预测映射：[10  2 13 12  0  7  8  4  1 11  5  3  9  6]
[test_sample_07023] [T1x_rxn8428] ❌ 错误 | 原子数：14
  - 正确映射：[ 9  1  8  0  3  5  6 12 13  2  4 10  7 11]
  - 预测映射：[ 9  0  8  3  5  1  6 13  4  2 10 12  7 11]
[test_sample_07024] [T1x_rxn8429] ✅ 严格正确 | 原子数：14
[test_sample_07025] [T1x_rxn8552] ✅ 严格正确 | 原子数：14
[test_sample_07026] [T1x_rxn8553] ❌ 错误 | 原子数：14
  - 正确映射：[ 1  2  5 11  0 10  3  9  6 12  7  4 13  8]
  - 预测映射：[ 1  2  5 11  0 10  3  6  9 12  7 13  4  8]
[test_sample_07027] [T1x_rxn8554] ❌ 错误 | 原子数：14
  - 正确映射：[ 7 10  8  2 13  5  6  4  1 11  3 12  9  0]
  - 预测映射：[ 7 10  8  2 13  5  6  1  4 11  3  9 12  0]
[test_sample_07028] [T1x_rxn8555] ✅ 严格正确 | 原子数：14
[test_sample_07029] [T1x_rxn8556] ❌ 错误 | 原子数：14
  - 正确映射：[12  3  4 11  1  9  7 10  8  2  0  6  5 13]
  - 预测映射：[12  3  4 11  1  9  7  8 10  2  0  5  6 13]
[test_sample_07030] [T1x_rxn8557] ❌ 错误 | 原子数：14
  - 正确映射：[ 1  5  3  4 11  9  0 10 12  6 13  7  8  2]
  - 预测映射：[ 1  5  3  4 11  9  0 12 10  6 13  7  8  2]
[test_sample_07031] [T1x_rxn8558] ❌ 错误 | 原子数：14
  - 正确映射：[11  8 12  3  4  7 10 13  1  0  9  6  2  5]
  - 预测映射：[11  8 12  3  4  7 10  1 13  0  9  2  6  5]
[test_sample_07032] [T1x_rxn8559] ❌ 错误 | 原子数：14
  - 正确映射：[ 4 10  3 12 13  1 11  8  7  2  0  6  5  9]
  - 预测映射：[ 4 10  3 12  1 13 11  2  8  5  6  0  9  7]
[test_sample_07033] [T1x_rxn8560] ✅ 严格正确 | 原子数：14
[test_sample_07034] [T1x_rxn8561] ❌ 错误 | 原子数：14
  - 正确映射：[ 3  5 10  6 13  0  2 12 11  8  9  7  1  4]
  - 预测映射：[ 3  5 10  6 13  0  2 11  8 12  9  7  1  4]
[test_sample_07035] [T1x_rxn8562] ❌ 错误 | 原子数：14
  - 正确映射：[10  9  0  5 11  1  4  8  6 13  2 12  7  3]
  - 预测映射：[10  5  0  9  1 11  4  8  6  3 12  2  7 13]
[test_sample_07036] [T1x_rxn8563] ❌ 错误 | 原子数：14
  - 正确映射：[ 8  2  4 10  5  0 11  1  7  9 12  3  6 13]
  - 预测映射：[ 8  4  2 10  5  0 11  7  9 12  3 13  6  1]
[test_sample_07037] [T1x_rxn8564] ❌ 错误 | 原子数：14
  - 正确映射：[ 6  0  8  7  1 11  3  2  9  4 10  5 13 12]
  - 预测映射：[ 6  0  8  7  1 11  3  9  2  4 10 13  5 12]
[test_sample_07038] [T1x_rxn8565] ❌ 错误 | 原子数：14
  - 正确映射：[ 8 10 12  9  5  3  1  7  4  0 13 11  6  2]
  - 预测映射：[ 8 10 12  9  5  3  1  4  7  0 13  6 11  2]
[test_sample_07039] [T1x_rxn8566] ❌ 错误 | 原子数：14
  - 正确映射：[ 1  0  6  4  9 11 13  7  8  5  2 10  3 12]
  - 预测映射：[ 1  0  6  4  9 11 13  8  7  5  2  3 10 12]
[test_sample_07040] [T1x_rxn8605] ❌ 错误 | 原子数：14
  - 正确映射：[ 5 13 12  9  1 10  3  2  7  8 11  6  4  0]
  - 预测映射：[ 3 12  1  9 13 10  5  0  4 11  6  2  8  7]
[test_sample_07041] [T1x_rxn8606] ❌ 错误 | 原子数：14
  - 正确映射：[ 2 13  3  6  5  0  4 10  7 11 12  1  8  9]
  - 预测映射：[ 4 13  3  6  5  0  2  1  9  8 10 11 12  7]
[test_sample_07042] [T1x_rxn8607] ❌ 错误 | 原子数：14
  - 正确映射：[ 8 12  3  2 13  5  7  4 11  1  0 10  6  9]
  - 预测映射：[ 7 12  3  2 13  5  8  6  9 10  4 11  0  1]
[test_sample_07043] [T1x_rxn8608] ❌ 错误 | 原子数：14
  - 正确映射：[ 4 10  6 11 13  7 12  9  2  3  5  0  1  8]
  - 预测映射：[ 4 10  6 11 13  7 12  2  9  3  5  8  1  0]
[test_sample_07044] [T1x_rxn8609] ✅ 严格正确 | 原子数：14
[test_sample_07045] [T1x_rxn8610] ✅ 严格正确 | 原子数：14
[test_sample_07046] [T1x_rxn8611] ❌ 错误 | 原子数：14
  - 正确映射：[ 6  4  2  8 12  0  1  9 11  5 10  3  7 13]
  - 预测映射：[ 6  4  2  8 12  0  1  9 11  5 10  7  3 13]
[test_sample_07047] [T1x_rxn8612] ❌ 错误 | 原子数：14
  - 正确映射：[ 5  1  7  8 13 12  9  4 10  2  3  6  0 11]
  - 预测映射：[ 5  1  7  8 13 12  9  3 10  2  4  0 11  6]
[test_sample_07048] [T1x_rxn8613] ❌ 错误 | 原子数：14
  - 正确映射：[13  5  6  7  4  1  2  9  3 10 11  0 12  8]
  - 预测映射：[13  5  6  7  2  1  4  9  3 10 11  0 12  8]
[test_sample_07049] [T1x_rxn8745] ❌ 错误 | 原子数：14
  - 正确映射：[12  8  3 13  6  4  2  0  7  5 10  1 11  9]
  - 预测映射：[12  8  3 13  6  4  2  7  5  0 10  1 11  9]
[test_sample_07050] [T1x_rxn8746] ❌ 错误 | 原子数：14
  - 正确映射：[ 6  1  5 12  9  0 13 10  4  2  7  8  3 11]
  - 预测映射：[ 5  1  6 12  9  0 13  7  4 11 10  2  8  3]
[test_sample_07051] [T1x_rxn8747] ❌ 错误 | 原子数：14
  - 正确映射：[ 1 12  9  7 10  5  2  3 13  4  0 11  8  6]
  - 预测映射：[ 1 12  9  7 10  5  2  6 13  4  0 11  8  3]
[test_sample_07052] [T1x_rxn8748] ❌ 错误 | 原子数：14
  - 正确映射：[ 9  8 11 12  5  2  1  6  7  3 10 13  4  0]
  - 预测映射：[ 9  8 11 12  5  2  1  7  3 10  6 13  4  0]
[test_sample_07053] [T1x_rxn8749] ❌ 错误 | 原子数：14
  - 正确映射：[ 3 10  6  7  8  2 13  1  0 11  5  4  9 12]
  - 预测映射：[ 6 10  3  7  8  2 13 11  0  5  1  4  9 12]
[test_sample_07054] [T1x_rxn8750] ❌ 错误 | 原子数：14
  - 正确映射：[ 6  7 12  8  0  1 10  2 11  3  9  5  4 13]
  - 预测映射：[ 6  7 12  8  0  1 10  3 11  2  9  5  4 13]
[test_sample_07055] [T1x_rxn8751] ❌ 错误 | 原子数：14
  - 正确映射：[ 2 13  9  8  7  6 12  1 10 11  4  0  3  5]
  - 预测映射：[ 2 12  9  8  7  6 13 10  1  5  4  0  3 11]
[test_sample_07056] [T1x_rxn8752] ❌ 错误 | 原子数：14
  - 正确映射：[11  6  0 10  8  3  2  4  9 13 12  1  5  7]
  - 预测映射：[11  6  0 10  8  3  2 13  9  4  7  1  5 12]
[test_sample_07057] [T1x_rxn8753] ❌ 错误 | 原子数：14
  - 正确映射：[13  1  6  0  3  4 12  2  5  8  7 10 11  9]
  - 预测映射：[ 1 13  6  0  3  4 12  2  7  5 10 11  9  8]
[test_sample_07058] [T1x_rxn8754] ❌ 错误 | 原子数：14
  - 正确映射：[12  6  1  0  4  9  7  8 11  5 10  2 13  3]
  - 预测映射：[12  6  1  0  4  9  7  8  5 10 11  2 13  3]
[test_sample_07059] [T1x_rxn8766] ❌ 错误 | 原子数：14
  - 正确映射：[11  1  5  8  7 12  9  3  2  0 13  6  4 10]
  - 预测映射：[11  1  5  8  7 12  9  3  2  0 13  6 10  4]
[test_sample_07060] [T1x_rxn8767] ❌ 错误 | 原子数：14
  - 正确映射：[ 7  2  0 11  6  3  5  8 12  4 13  9 10  1]
  - 预测映射：[ 7  2  0 11  6  3  5 12  9  4  8 13 10  1]
[test_sample_07061] [T1x_rxn8768] ✅ 严格正确 | 原子数：14
[test_sample_07062] [T1x_rxn8769] ✅ 严格正确 | 原子数：14
[test_sample_07063] [T1x_rxn8770] ❌ 错误 | 原子数：14
  - 正确映射：[ 3  1  9 13  8 12 11  6 10  5  2  0  7  4]
  - 预测映射：[ 3  1  9 13  8 12 11  5  6 10  2  0  7  4]
[test_sample_07064] [T1x_rxn8771] ❌ 错误 | 原子数：14
  - 正确映射：[10  2 12  4  5  7  1 11  9  8  3  0  6 13]
  - 预测映射：[10  2 12  4  5  7  1 11  8  9  3  0  6 13]
[test_sample_07065] [T1x_rxn8772] ❌ 错误 | 原子数：14
  - 正确映射：[ 6 11  9  7  1  3  4 12 10  8  0  2  5 13]
  - 预测映射：[ 6 11  9  7  1  3  4  8 10  0 12  2  5 13]
[test_sample_07066] [T1x_rxn8773] ❌ 错误 | 原子数：14
  - 正确映射：[10  6  5 12  8  4  7 13  9  1  2  3 11  0]
  - 预测映射：[10  4  6 12  5  8  7  9  1  0 13  2 11  3]
[test_sample_07067] [T1x_rxn8774] ❌ 错误 | 原子数：14
  - 正确映射：[ 4  7  6 11  8  2  0 10  9  5  1  3 13 12]
  - 预测映射：[ 4  7  6 11  8  2  0 10  9  5  1  3 12 13]
[test_sample_07068] [T1x_rxn8775] ❌ 错误 | 原子数：14
  - 正确映射：[ 3  4  6  9  0  2 10 11  5  1  8 13 12  7]
  - 预测映射：[ 0  4  3  9  6  2 10  5  1 13 11  8  7 12]
[test_sample_07069] [T1x_rxn8776] ❌ 错误 | 原子数：14
  - 正确映射：[ 3  6 13  8  2  5 10  0  7  1  9 12 11  4]
  - 预测映射：[ 3  5  2  8 13  6 10  7  1  4 12  9  0 11]
[test_sample_07070] [T1x_rxn8777] ❌ 错误 | 原子数：14
  - 正确映射：[ 0  9  2 13  8 12 10  1  6  5  3  7  4 11]
  - 预测映射：[ 0  9  2 13  8 12 10  1  5  6  3  7 11  4]
[test_sample_07071] [T1x_rxn8803] ❌ 错误 | 原子数：14
  - 正确映射：[ 3  2 13  5 12  1  8  6  0 11  9  4 10  7]
  - 预测映射：[ 2  5 13 12  8  1  3 11  0  9  4 10  7  6]
[test_sample_07072] [T1x_rxn8804] ❌ 错误 | 原子数：14
  - 正确映射：[ 2 13 11  0  8 10  4  6  9  7 12  3  1  5]
  - 预测映射：[ 8  0 11 13  2 10  4  1  3 12  7  9  6  5]
[test_sample_07073] [T1x_rxn8805] ❌ 错误 | 原子数：14
  - 正确映射：[ 7  0  8 12  3  6  1 11  5  2 10  9  4 13]
  - 预测映射：[ 0 12  8  3  7  6  1 11  2 10  9  5  4 13]
[test_sample_07074] [T1x_rxn8806] ❌ 错误 | 原子数：14
  - 正确映射：[ 5  2 10 12  1 11  3  7  9  6  0  8 13  4]
  - 预测映射：[ 1 12 10  2  5 11  3 13  8  0  6  7  9  4]
[test_sample_07075] [T1x_rxn9498] ✅ 严格正确 | 原子数：14
[test_sample_07076] [T1x_rxn9504] ❌ 错误 | 原子数：14
  - 正确映射：[ 8  5  1  6 10  3  2  9  0 12  4 11 13  7]
  - 预测映射：[ 8  5  1  6 10  3  2  4  9  0 11 12 13  7]
[test_sample_07077] [T1x_rxn9505] ❌ 错误 | 原子数：14
  - 正确映射：[ 0  6  9  1  7  2 11 12  4  5 13  8 10  3]
  - 预测映射：[ 0  6  9  2  7  1 11  4 12 10 13  3  5  8]
[test_sample_07078] [T1x_rxn9506] ❌ 错误 | 原子数：14
  - 正确映射：[10  0  5  7  3  9 13  2  6 11 12  8  1  4]
  - 预测映射：[10  0  5  7  3  9 13  6 11  2 12  4  8  1]
[test_sample_07079] [T1x_rxn9534] ✅ 严格正确 | 原子数：14
[test_sample_07080] [T1x_rxn9535] ❌ 错误 | 原子数：14
  - 正确映射：[ 2  9 12  5 11 10  3  8 13  0  7  4  1  6]
  - 预测映射：[ 2  9 12  5 11 10  3  7  8  0  1  4 13  6]
[test_sample_07081] [T1x_rxn9541] ❌ 错误 | 原子数：14
  - 正确映射：[ 5  4 12  9  1  8 10  6  0  2 11 13  3  7]
  - 预测映射：[ 4  8  9 12  1  5 10 11  2  6  0  7  3 13]
[test_sample_07082] [T1x_rxn9542] ❌ 错误 | 原子数：14
  - 正确映射：[ 2  4 12 10  7 11  8  5  6  0  1  9 13  3]
  - 预测映射：[ 2  4 12 10  7 11  8  5  1  0  6  9 13  3]
[test_sample_07083] [T1x_rxn9550] ❌ 错误 | 原子数：14
  - 正确映射：[12  7  1  6  5  9 13  2  8 11  3  0 10  4]
  - 预测映射：[12  7  1  6  9  5 13  2  8  0 10 11  3  4]
[test_sample_07084] [T1x_rxn9551] ❌ 错误 | 原子数：14
  - 正确映射：[ 4  9  0  2 10 12  6  1  5  8 11 13  3  7]
  - 预测映射：[ 4  9  0  6  2 10 12  1  8 13  5  7 11  3]
[test_sample_07085] [T1x_rxn9552] ✅ 严格正确 | 原子数：14
[test_sample_07086] [T1x_rxn9553] ❌ 错误 | 原子数：14
  - 正确映射：[ 3  5 13  1 10 12  4  8  9 11  2  7  6  0]
  - 预测映射：[ 3  5 13  1 10 12  4  8 11  9  2  6  7  0]
[test_sample_07087] [T1x_rxn9554] ✅ 严格正确 | 原子数：14
[test_sample_07088] [T1x_rxn9555] ❌ 错误 | 原子数：14
  - 正确映射：[ 9 12  4 10  6  7  5  2 13  3  1 11  0  8]
  - 预测映射：[ 9 12  4 10  6  7  5  2  3 13  1 11  0  8]
[test_sample_07089] [T1x_rxn9577] ✅ 严格正确 | 原子数：14
[test_sample_07090] [T1x_rxn9578] ❌ 错误 | 原子数：14
  - 正确映射：[10  9  4  0  8 11  5 13  6  2  3 12  7  1]
  - 预测映射：[10  9  4  0  8 11  5 13  6  2 12  3  7  1]
[test_sample_07091] [T1x_rxn9579] ❌ 错误 | 原子数：14
  - 正确映射：[ 9 13  1  7 12  5 11 10  8  4  2  6  0  3]
  - 预测映射：[13 11  1  7 12  5  9  6  4 10  2  0  3  8]
[test_sample_07092] [T1x_rxn9580] ❌ 错误 | 原子数：14
  - 正确映射：[ 8  4 12  7  0  1  3 13 10  6  9 11  5  2]
  - 预测映射：[ 4  8 12  7  0  1  3 13  6 10  9 11  5  2]
[test_sample_07093] [T1x_rxn9621] ✅ 严格正确 | 原子数：14
[test_sample_07094] [T1x_rxn9622] ❌ 错误 | 原子数：14
  - 正确映射：[ 9  0 10  5  6  1 11 12  4  2  3  8  7 13]
  - 预测映射：[10  0 11  5  6  1  9 12  8  3 13  7  4  2]
[test_sample_07095] [T1x_rxn9670] ❌ 错误 | 原子数：14
  - 正确映射：[10  3  0 13 12 11  9  7  5  1  2  4  8  6]
  - 预测映射：[10  3  0 13 12 11  9  7  5  1  2  4  6  8]
[test_sample_07096] [T1x_rxn9671] ❌ 错误 | 原子数：14
  - 正确映射：[ 2  3  5  0  6  9 10  1  8 12 11 13  4  7]
  - 预测映射：[ 0  3  5  6  2  9 10 11  4 13 12  7  8  1]
[test_sample_07097] [T1x_rxn9768] ❌ 错误 | 原子数：14
  - 正确映射：[ 3  1  7  4  2  0  5 12  6 11  9 10  8 13]
  - 预测映射：[ 3  1  7  4  2  0  5  6 11 12  9 10  8 13]
[test_sample_07098] [T1x_rxn9769] ❌ 错误 | 原子数：14
  - 正确映射：[ 6  2  7 13 12  3  0 11  5 10  8  1  9  4]
  - 预测映射：[ 6  2  7 13 12  3  0 11  5 10  1  8  9  4]
[test_sample_07099] [T1x_rxn9770] ❌ 错误 | 原子数：14
  - 正确映射：[ 8 12 10 13  3  6  9  2  4  0  1  5 11  7]
  - 预测映射：[ 8 12 10 13  3  6  9  2  7  0  1  5 11  4]
[test_sample_07100] [T1x_rxn9784] ❌ 错误 | 原子数：14
  - 正确映射：[ 7  3 11  5  4  6 10 13  9  0  2  8  1 12]
  - 预测映射：[ 7  3  6  5  4 11 10  2  0 13  8  9  1 12]
[test_sample_07101] [T1x_rxn9785] ❌ 错误 | 原子数：14
  - 正确映射：[12  6  2 11  8 10  0  3  9  1  7  4  5 13]
  - 预测映射：[12  2 10  6  8 11  0  3  9  1  7  5 13  4]
[test_sample_07102] [T1x_rxn9869] ❌ 错误 | 原子数：14
  - 正确映射：[12  4 11  1  8  3  0  5  6  7  9 10 13  2]
  - 预测映射：[12  4 11  3  8  1  0  5 10  7  2  6 13  9]
[test_sample_07103] [T1x_rxn9958] ❌ 错误 | 原子数：14
  - 正确映射：[ 5  0 11  1  9 10  2  6  8  4 13 12  3  7]
  - 预测映射：[ 5  0 11  2  9  1 10  6  7  3  4  8 13 12]
[test_sample_07104] [T1x_rxn9987] ❌ 错误 | 原子数：14
  - 正确映射：[ 1 12  9 13 11  4  5 10  2  0  8  3  6  7]
  - 预测映射：[ 1 12  9 13  5  4 11 10  2  7  8  3  6  0]
[test_sample_07105] [T1x_rxn9988] ❌ 错误 | 原子数：14
  - 正确映射：[13 10  0  6  7 11  2  9  4  8  1 12  5  3]
  - 预测映射：[13 10  0  6  7 11  2  9  3  8  4 12  1  5]
[test_sample_07106] [T1x_rxn0231] ❌ 错误 | 原子数：13
  - 正确映射：[ 2  8  9  1 11  0  7  5 12  6  3 10  4]
  - 预测映射：[ 2  8  1  9 11  3  6  5 12  0 10  7  4]
[test_sample_07107] [T1x_rxn0232] ❌ 错误 | 原子数：13
  - 正确映射：[ 4  3 10 12  5  1  9  0 11  6  2  8  7]
  - 预测映射：[10  3  4 12  5  2  8  6 11  0  1  9  7]
[test_sample_07108] [T1x_rxn0233] ❌ 错误 | 原子数：13
  - 正确映射：[12  8  7  1 10  6  3  0  9  4  2  5 11]
  - 预测映射：[ 7  1 10  8 12  9  5  4  6  2  3 11  0]
[test_sample_07109] [T1x_rxn0758] ❌ 错误 | 原子数：13
  - 正确映射：[ 2  8  1  7  6  0  5 12  9 10  4  3 11]
  - 预测映射：[ 8  2  6  7  1  9 12  5  0  3 11  4 10]
[test_sample_07110] [T1x_rxn0759] ❌ 错误 | 原子数：13
  - 正确映射：[ 8  2 11  9  6  4  1 10  3 12  7  5  0]
  - 预测映射：[ 9  6  8  2 11  7  5  1  0  4  3 12 10]
[test_sample_07111] [T1x_rxn0760] ❌ 错误 | 原子数：13
  - 正确映射：[ 1  8  0  7  5  3 11 12 10  9  6  4  2]
  - 预测映射：[ 8  1  5  7  0 11 12  2  3  4  6 10  9]
[test_sample_07112] [T1x_rxn0761] ❌ 错误 | 原子数：13
  - 正确映射：[ 1  2  5  6 11 10  8  9  3  4  0 12  7]
  - 预测映射：[ 2  5  6 11  1  3  9  4  0 12  7  8 10]
[test_sample_07113] [T1x_rxn0762] ❌ 错误 | 原子数：13
  - 正确映射：[ 2 11  0  8 10  4  5  3  9  6 12  1  7]
  - 预测映射：[ 2 11  0  8 10  4  1  9  3  6 12  5  7]
[test_sample_07114] [T1x_rxn0763] ❌ 错误 | 原子数：13
  - 正确映射：[ 7  0  5 10  9 11 12  4  8  3  2  1  6]
  - 预测映射：[ 7  9 10  5  0 11  4 12  6  2  3  8  1]
[test_sample_07115] [T1x_rxn0764] ❌ 错误 | 原子数：13
  - 正确映射：[ 1  8  7  4 12 10  2  3 11  9  5  0  6]
  - 预测映射：[ 1 12  4  7  8  9 10  6  2  0  5 11  3]
[test_sample_07116] [T1x_rxn1805] ❌ 错误 | 原子数：13
  - 正确映射：[ 9 12  7  8  5 10 11  0  6  4  1  2  3]
  - 预测映射：[ 5  8  7 12  9 10  2  1  6  4  3  0 11]
[test_sample_07117] [T1x_rxn1806] ❌ 错误 | 原子数：13
  - 正确映射：[ 1  9  3  6 11  0 10  7  4 12  5  2  8]
  - 预测映射：[ 6 11  1  9  3  2  5  8  0 10  7  4 12]
[test_sample_07118] [T1x_rxn1807] ❌ 错误 | 原子数：13
  - 正确映射：[ 5  6  8  7  9 11 10  2  4  0 12  3  1]
  - 预测映射：[ 5  9  7  8  6 11 10  1  3 12  0  4  2]
[test_sample_07119] [T1x_rxn1808] ❌ 错误 | 原子数：13
  - 正确映射：[ 8  7  4 12  5  0  6  9 10  2  1 11  3]
  - 预测映射：[ 8  5 12  4  7  0  6  3 11  1  2 10  9]
[test_sample_07120] [T1x_rxn1809] ❌ 错误 | 原子数：13
  - 正确映射：[ 9  0 11  2  1  7  5  8  4  6  3 10 12]
  - 预测映射：[ 9  0 11  2  1  8  7  5  4  6  3 10 12]
[test_sample_07121] [T1x_rxn1810] ❌ 错误 | 原子数：13
  - 正确映射：[ 2  8 12  0  9 11  4  1  7  3  5  6 10]
  - 预测映射：[ 0  9  2 12  8  6  5 10 11  4  1  7  3]
[test_sample_07122] [T1x_rxn2136] ❌ 错误 | 原子数：13
  - 正确映射：[ 7  1  2 11 10  5  9 12  4  3  8  6  0]
  - 预测映射：[ 1  7  2 11 10  5  4  3  9 12  6  0  8]
[test_sample_07123] [T1x_rxn2137] ❌ 错误 | 原子数：13
  - 正确映射：[ 6  3  9  1  8  0 10  2  4 12  7 11  5]
  - 预测映射：[ 6  8  1  9  3  2  7 10  5 11  4 12  0]
[test_sample_07124] [T1x_rxn2138] ✅ 严格正确 | 原子数：13
[test_sample_07125] [T1x_rxn2139] ❌ 错误 | 原子数：13
  - 正确映射：[10  2 12  7 11  9  6  8  0  5  3  4  1]
  - 预测映射：[10  2  7 12 11  8  6  0  5  9  1  4  3]
[test_sample_07126] [T1x_rxn2140] ✅ 严格正确 | 原子数：13
[test_sample_07127] [T1x_rxn2141] ❌ 错误 | 原子数：13
  - 正确映射：[ 8  1  6  2 10  3  4 12  9  5  7 11  0]
  - 预测映射：[ 8  1  6  2 10 12  3  4  5  9  0 11  7]
[test_sample_07128] [T1x_rxn3757] ❌ 错误 | 原子数：13
  - 正确映射：[ 6 11  9  0  1  8  3  7  5 10  2 12  4]
  - 预测映射：[ 9 11  1  0  6  5 10  7 12  4  2  8  3]
[test_sample_07129] [T1x_rxn3758] ❌ 错误 | 原子数：13
  - 正确映射：[ 1  3  7  5  0  4  6 11  8 10  2 12  9]
  - 预测映射：[ 1  3  0  5  7  6  4  8  9 12  2 11 10]
[test_sample_07130] [T1x_rxn4642] ❌ 错误 | 原子数：13
  - 正确映射：[ 4 12  9 10  8 11  1  3  7  5  2  6  0]
  - 预测映射：[ 4 12  9 10  8  3 11  1  5  2  6  7  0]
[test_sample_07131] [T1x_rxn9020] ❌ 错误 | 原子数：13
  - 正确映射：[ 7 11  8  9  0  1  6  2 10 12  3  5  4]
  - 预测映射：[ 0  9  8  7 11  4  5  6  3 12 10  1  2]
[test_sample_07132] [T1x_rxn9021] ❌ 错误 | 原子数：13
  - 正确映射：[ 7  3 11  2  0  1  8  4  5 10  9  6 12]
  - 预测映射：[ 0  7  3 11  2 12  6  8  1  5 10  4  9]
[test_sample_07133] [T1x_rxn9022] ❌ 错误 | 原子数：13
  - 正确映射：[ 8  6  2  5 10  9  1  4  3 12  0 11  7]
  - 预测映射：[ 6  2  5 10  8  1  3 12  4  0 11  9  7]
[test_sample_07134] [T1x_rxn5287] ✅ 严格正确 | 原子数：15
[test_sample_07135] [T1x_rxn5288] ❌ 错误 | 原子数：15
  - 正确映射：[ 8  2 12  0  1 11  4  3 13 14 10  5  7  9  6]
  - 预测映射：[ 8  2 12  0  1 11  4 13 14  3 10  5  7  9  6]
[test_sample_07136] [T1x_rxn5289] ❌ 错误 | 原子数：15
  - 正确映射：[ 9 11  1  5  7 12 13  2 10  4  6  0 14  3  8]
  - 预测映射：[ 1 11  9  5  7 12 13 14  0  8  6 10  2  3  4]
[test_sample_07137] [T1x_rxn5290] ❌ 错误 | 原子数：15
  - 正确映射：[ 5  0 14 12 11  3  1 13  4  9  2  7  8 10  6]
  - 预测映射：[ 5  0 11 12 14  3  1  8  4 13 10  7  2  9  6]
[test_sample_07138] [T1x_rxn5291] ❌ 错误 | 原子数：15
  - 正确映射：[ 6 12  1 10 14  2  0 13  9 11  8  7  4  3  5]
  - 预测映射：[ 1 12  6 10 14  2  0  7  8  3  4 13  5  9 11]
[test_sample_07139] [T1x_rxn5292] ❌ 错误 | 原子数：15
  - 正确映射：[ 6  2  8 14 10  0  3  1  5 12  4 13  7  9 11]
  - 预测映射：[ 6  2  8 14 10  0  3  1  5 12  7  4 13  9 11]
[test_sample_07140] [T1x_rxn5293] ❌ 错误 | 原子数：15
  - 正确映射：[13 14  9  1  7 10  6  4  5  0  3  8 12  2 11]
  - 预测映射：[ 9 14 13  1  7 10  6 11 12  8  3  5  4  2  0]
[test_sample_07141] [T1x_rxn5294] ❌ 错误 | 原子数：15
  - 正确映射：[ 0  2  5  1 11  3  9  8 10 12 14  6  7 13  4]
  - 预测映射：[ 0  2  5  1 11  3  9 10 12  8  7  6 14  4 13]
[test_sample_07142] [T1x_rxn5295] ❌ 错误 | 原子数：15
  - 正确映射：[10 12  8  7  4  5  2  0  6 11  3 14  9  1 13]
  - 预测映射：[10 12  8  7  4  5  2 11 14  0  9  3  6 13  1]
[test_sample_07143] [T1x_rxn5296] ❌ 错误 | 原子数：15
  - 正确映射：[ 2 10  7 14 12 13  3  4  1  5  8 11  6  9  0]
  - 预测映射：[ 7 10  2 14 12 13  3 11  8  6  5  1  4  9  0]
[test_sample_07144] [T1x_rxn5297] ❌ 错误 | 原子数：15
  - 正确映射：[13  9  6  2  3 12  8  7  5 11 14  4  1 10  0]
  - 预测映射：[ 6  9 13  2  3 12  8  4 14  7  5 11  1  0 10]
[test_sample_07145] [T1x_rxn5298] ❌ 错误 | 原子数：15
  - 正确映射：[ 8  3  5  1  7  2 12  9 14  6 13 11  0  4 10]
  - 预测映射：[ 5  3  8  1  7  2 12 13  0 11  9  6 14 10  4]
[test_sample_07146] [T1x_rxn5449] ❌ 错误 | 原子数：15
  - 正确映射：[ 9 13  5  4  1 10  3 12  6  2 11  8  0 14  7]
  - 预测映射：[ 9 13  5  4 10  1  3 11  6  2 12  0  8 14  7]
[test_sample_07147] [T1x_rxn5450] ❌ 错误 | 原子数：15
  - 正确映射：[ 4  8 13  5  9  2  7 12  0  3 14 11  6  1 10]
  - 预测映射：[ 8 13  4  5  9  2  7  6 14 11  1  0 12 10  3]
[test_sample_07148] [T1x_rxn5451] ✅ 严格正确 | 原子数：15
[test_sample_07149] [T1x_rxn5452] ✅ 严格正确 | 原子数：15
[test_sample_07150] [T1x_rxn5453] ❌ 错误 | 原子数：15
  - 正确映射：[ 5  4 13  0  9  1 14  7  6  3 12 10  8  2 11]
  - 预测映射：[13  4  5 14  1  9  0  7  8  3 10 12  6  2 11]
[test_sample_07151] [T1x_rxn5454] ❌ 错误 | 原子数：15
  - 正确映射：[ 6 14 13  3  2  1 12 11  5  7  0 10  8  4  9]
  - 预测映射：[ 2 14  6  3 13  1 12  5  4  9  0  7 11  8 10]
[test_sample_07152] [T1x_rxn5455] ✅ 严格正确 | 原子数：15
[test_sample_07153] [T1x_rxn5456] ✅ 严格正确 | 原子数：15
[test_sample_07154] [T1x_rxn5457] ❌ 错误 | 原子数：15
  - 正确映射：[ 7  1  9 13  2  6  5 12 10 14  3  8  4  0 11]
  - 预测映射：[ 9  2  1 13  7  6  5  4  8 11  0 10  3 12 14]
[test_sample_07155] [T1x_rxn5458] ❌ 错误 | 原子数：15
  - 正确映射：[14  1  9 11  5  7  2 12 10 13  6  4  3  8  0]
  - 预测映射：[14  1  9 11  5  7  2  3  4 13  6 10 12  0  8]
[test_sample_07156] [T1x_rxn5459] ✅ 严格正确 | 原子数：15
[test_sample_07157] [T1x_rxn5460] ❌ 错误 | 原子数：15
  - 正确映射：[ 4  0  3 11 12  7 14  1  2  8  6 10  5  9 13]
  - 预测映射：[ 3  0  4 11 12  7 14  5 10  8  6  2  1 13  9]
[test_sample_07158] [T1x_rxn5461] ✅ 严格正确 | 原子数：15
[test_sample_07159] [T1x_rxn5462] ❌ 错误 | 原子数：15
  - 正确映射：[12 13  0  7  9 11  5 10  6  1  4  8 14  3  2]
  - 预测映射：[12 13  0  7  9 11  5  1  6 10  4 14  8  2  3]
[test_sample_07160] [T1x_rxn5496] ❌ 错误 | 原子数：15
  - 正确映射：[ 5 12  3  1 11  4  0  6  9 13  8 10  7 14  2]
  - 预测映射：[ 5 12  3  1 11  4  0  6  9 13  8 14  7 10  2]
[test_sample_07161] [T1x_rxn5497] ❌ 错误 | 原子数：15
  - 正确映射：[ 3 11  5  1  6  0 10  8  4 14  9  7  2 12 13]
  - 预测映射：[ 0  1 10 11  5  3  6  7  2 12 13  8  9  4 14]
[test_sample_07162] [T1x_rxn5498] ❌ 错误 | 原子数：15
  - 正确映射：[ 8 14 13 11  7  3  1  5  0  2  4  6 12 10  9]
  - 预测映射：[ 8 14  1 11  7  3 13  0  2  5  9 10  6 12  4]
[test_sample_07163] [T1x_rxn5499] ❌ 错误 | 原子数：15
  - 正确映射：[ 9  7 10  6 13 11  5  8  0  2 12  4  1  3 14]
  - 预测映射：[11  6 13  7 10  9  5  3  4  1  2 12  0  8 14]
[test_sample_07164] [T1x_rxn5500] ✅ 严格正确 | 原子数：15
[test_sample_07165] [T1x_rxn5501] ❌ 错误 | 原子数：15
  - 正确映射：[ 2  1 14  4  0 10  5  9  7  6  8 12 13 11  3]
  - 预测映射：[ 2  1  5  4  0 10 14  7  6  9  3 11 12 13  8]
[test_sample_07166] [T1x_rxn5502] ❌ 错误 | 原子数：15
  - 正确映射：[14  8  5  4  9  2  0 10  1 12  6 11  3 13  7]
  - 预测映射：[14  8  5  4  0  9  2 13 12 10  1  6  7  3 11]
[test_sample_07167] [T1x_rxn5503] ✅ 严格正确 | 原子数：15
[test_sample_07168] [T1x_rxn5504] ❌ 错误 | 原子数：15
  - 正确映射：[ 9 12  7  6  0 13 11  3 10  1  8  2 14  4  5]
  - 预测映射：[ 9 12  7  6  0 13 11  3  1  5  8  2 14  4 10]
[test_sample_07169] [T1x_rxn5505] ❌ 错误 | 原子数：15
  - 正确映射：[13  0  7  8  9 11 12  2  4  3 10  5  1 14  6]
  - 预测映射：[11  8  7  0 12 13  9 14  5  1 10  4  3  2  6]
[test_sample_07170] [T1x_rxn5506] ✅ 严格正确 | 原子数：15
[test_sample_07171] [T1x_rxn6072] ❌ 错误 | 原子数：15
  - 正确映射：[14 12  8  1  9 10  7  6  3  2  5 13  0  4 11]
  - 预测映射：[14 12  9  1  8 10  7  6  2  3  0 11  5  4 13]
[test_sample_07172] [T1x_rxn6073] ❌ 错误 | 原子数：15
  - 正确映射：[ 5  6  2  3  9  4 14 10  1  7 13 11  8 12  0]
  - 预测映射：[ 5  2  6  3  9  4 14 11  7 10  8 13  1  0 12]
[test_sample_07173] [T1x_rxn6074] ✅ 严格正确 | 原子数：15
[test_sample_07174] [T1x_rxn6075] ❌ 错误 | 原子数：15
  - 正确映射：[ 1 13  0 14  6  2  4  8  7  3 11  9  5 10 12]
  - 预测映射：[ 1  0  6 14 13  2  4  3  5  7  9 11 12 10  8]
[test_sample_07175] [T1x_rxn6076] ❌ 错误 | 原子数：15
  - 正确映射：[ 9 14  6  7 11  3  2 10  1  8  5 13 12  4  0]
  - 预测映射：[14  9  3  2 11  6  7 12  8  5  1  0 10  4 13]
[test_sample_07176] [T1x_rxn6077] ❌ 错误 | 原子数：15
  - 正确映射：[10  6  5  7 14  3 13  9  8  4  1 11  2  0 12]
  - 预测映射：[10  6  5  7 14  3 13  4  9  8  1 11  2  0 12]
[test_sample_07177] [T1x_rxn6078] ❌ 错误 | 原子数：15
  - 正确映射：[ 5  3 10  4  0  8 11 12  7  2  1 13 14  9  6]
  - 预测映射：[ 3  5  0 11  8 10  4 14  1  7 12  6  2  9 13]
[test_sample_07178] [T1x_rxn6079] ❌ 错误 | 原子数：15
  - 正确映射：[12  3 14  5  0  4  6 11 10  7  2  1  9 13  8]
  - 预测映射：[ 0  3 12  6 14  4  5  8  2 13 10  7 11  1  9]
[test_sample_07179] [T1x_rxn6080] ❌ 错误 | 原子数：15
  - 正确映射：[ 9  2  4 13  0  6 11  1  5  8  3 14 10 12  7]
  - 预测映射：[ 2  9  6 11  0  4 13 10  5  3  8 14  1 12  7]
[test_sample_07180] [T1x_rxn6081] ✅ 严格正确 | 原子数：15
[test_sample_07181] [T1x_rxn6082] ✅ 严格正确 | 原子数：15
[test_sample_07182] [T1x_rxn6083] ❌ 错误 | 原子数：15
  - 正确映射：[ 7 10  9  1  6  5  3 12 13 14  2  8  0  4 11]
  - 预测映射：[ 9 10  6  1  5  7  3 12  0 13  2  8  4 11 14]
[test_sample_07183] [T1x_rxn6084] ❌ 错误 | 原子数：15
  - 正确映射：[14  7  1  2 11 13  0 12  8  9  5  4 10  3  6]
  - 预测映射：[14  1  7  2 11 13  0  4  9 12  8  6  5  3 10]
[test_sample_07184] [T1x_rxn6658] ❌ 错误 | 原子数：15
  - 正确映射：[ 7  6  5  3  2  1  8  9 11 10 14  0 12 13  4]
  - 预测映射：[ 7  6  5  3  2  1  8 11  9 12 10 14 13  0  4]
[test_sample_07185] [T1x_rxn6659] ❌ 错误 | 原子数：15
  - 正确映射：[13  5 14  6 12  4 10  2  7  8  1  3  0 11  9]
  - 预测映射：[13  5 14  6 12  4 10  2  7  8  1  3  9  0 11]
[test_sample_07186] [T1x_rxn6660] ❌ 错误 | 原子数：15
  - 正确映射：[ 0  1 10  3  8  6 12  7  9  4 11  2 13  5 14]
  - 预测映射：[ 0 10  6  1 12  3  8  4  7  9 13 14  2  5 11]
[test_sample_07187] [T1x_rxn6661] ❌ 错误 | 原子数：15
  - 正确映射：[ 4  5  2  7  1  9 10  8 14 13  0 11  6 12  3]
  - 预测映射：[ 9  5  2  7  1  4 10  6  3 13 12 11  8  0 14]
[test_sample_07188] [T1x_rxn6662] ❌ 错误 | 原子数：15
  - 正确映射：[14 10  6  8  0 12  2  5 11  4  3  1  7  9 13]
  - 预测映射：[14 12  6  8  0 10  2 11  9  5  1  3  4 13  7]
[test_sample_07189] [T1x_rxn6663] ❌ 错误 | 原子数：15
  - 正确映射：[ 7  0 14  4  3  1  5  6  2 13 10  9 12  8 11]
  - 预测映射：[ 1  0 14  4  3  7  5 12  8 11  9 10 13  6  2]
[test_sample_07190] [T1x_rxn6664] ❌ 错误 | 原子数：15
  - 正确映射：[ 5  8  0 10  9  2  1 12 13 11  3  6 14  4  7]
  - 预测映射：[ 5  8  0 10  9  2  1 12 13 11  6  3 14  4  7]
[test_sample_07191] [T1x_rxn6665] ✅ 严格正确 | 原子数：15
[test_sample_07192] [T1x_rxn6666] ❌ 错误 | 原子数：15
  - 正确映射：[ 0  7 14  5 10  4  3  8  9 12  6  1 13  2 11]
  - 预测映射：[ 4  7 14  5 10  0  3 13  2 11  1  6 12  8  9]
[test_sample_07193] [T1x_rxn6667] ✅ 严格正确 | 原子数：15
[test_sample_07194] [T1x_rxn6668] ✅ 严格正确 | 原子数：15
[test_sample_07195] [T1x_rxn6669] ❌ 错误 | 原子数：15
  - 正确映射：[11  4  1 14  5  3  9  8 13  2 12  6  0  7 10]
  - 预测映射：[11  4 14  3  5  1  9 13  8  2  0  7 12  6 10]
[test_sample_07196] [T1x_rxn6670] ❌ 错误 | 原子数：15
  - 正确映射：[ 6 12 14  5  9  4  0  3  2 11  7  8  1 10 13]
  - 预测映射：[ 6 12 14  5  9  4  0  2  3  1 11  7 10  8 13]
[test_sample_07197] [T1x_rxn6671] ❌ 错误 | 原子数：15
  - 正确映射：[ 4  2 11  0  7 10  1 14  9  6  3  8 12  5 13]
  - 预测映射：[ 4  2 11  0  7 10  1 14  3  9  8  5  6 12 13]
[test_sample_07198] [T1x_rxn6672] ❌ 错误 | 原子数：15
  - 正确映射：[ 2  7  0  4  3  6 13  1  9  5  8 11 12 14 10]
  - 预测映射：[ 2  7  6  4  3  0 13 10 12  5 14  8  9 11  1]
[test_sample_07199] [T1x_rxn6673] ❌ 错误 | 原子数：15
  - 正确映射：[ 1 12  7  2  8  9 11  4 13  3  5 10  6 14  0]
  - 预测映射：[ 9 12  7  2  8  1 11 14  0  6 10  5  3  4 13]
[test_sample_07200] [T1x_rxn6687] ❌ 错误 | 原子数：15
  - 正确映射：[14  5  3 11  8 13  6  2  4  9  0  7 12 10  1]
  - 预测映射：[14  5  3 11  8 13  6  9  4  2  0  7 12 10  1]
[test_sample_07201] [T1x_rxn6688] ✅ 严格正确 | 原子数：15
[test_sample_07202] [T1x_rxn6689] ❌ 错误 | 原子数：15
  - 正确映射：[ 9  5 14  0 13 12  8  1  4  7  3  6 10  2 11]
  - 预测映射：[ 9  5 14  0 13 12  8  1  4  7  3  6  2 10 11]
[test_sample_07203] [T1x_rxn6690] ✅ 严格正确 | 原子数：15
[test_sample_07204] [T1x_rxn6691] ❌ 错误 | 原子数：15
  - 正确映射：[12  6  3 10  8 11  0 14  5  7  4  9  2 13  1]
  - 预测映射：[ 8 11 10  3 12  6  0 13  2 14  9  4  7  5  1]
[test_sample_07205] [T1x_rxn6692] ❌ 错误 | 原子数：15
  - 正确映射：[ 2  3  1  6  8 10 14  5 11 12  9 13  0  4  7]
  - 预测映射：[ 2 10  8  6  1  3 14  4 11 12  0 13  9  7  5]
[test_sample_07206] [T1x_rxn6693] ❌ 错误 | 原子数：15
  - 正确映射：[ 4  3  0  6  5 14  8 11  7 12  9  2 13  1 10]
  - 预测映射：[ 4  3  0  8  5 14  6  7 11 12  9 10  1 13  2]
[test_sample_07207] [T1x_rxn6694] ❌ 错误 | 原子数：15
  - 正确映射：[13  6  7  3  9 14  5  8  1  2 10  4 12 11  0]
  - 预测映射：[13  6  7  3  9 14  5  8  1  2 10  4 11 12  0]
[test_sample_07208] [T1x_rxn6695] ❌ 错误 | 原子数：15
  - 正确映射：[ 8  6  1  0 13  9  3  5  4  7 12  2 10 11 14]
  - 预测映射：[ 8  6  1  0 13  9  3  5  7  4 12 14 10 11  2]
[test_sample_07209] [T1x_rxn6696] ✅ 严格正确 | 原子数：15
[test_sample_07210] [T1x_rxn6697] ❌ 错误 | 原子数：15
  - 正确映射：[ 3  6 10  0  4  2 11 13  8  5  9 12  7  1 14]
  - 预测映射：[ 3  6 10  0  4  2 11  5  8 13  9 12  7  1 14]
[test_sample_07211] [T1x_rxn6698] ❌ 错误 | 原子数：15
  - 正确映射：[ 9  2  7 12  0  6 13 14  4  3  1  5 11  8 10]
  - 预测映射：[ 9  2  7 13  0  6 12  4  3 14  1  5 10  8 11]
[test_sample_07212] [T1x_rxn6699] ✅ 严格正确 | 原子数：15
[test_sample_07213] [T1x_rxn6700] ❌ 错误 | 原子数：15
  - 正确映射：[ 5 13 12  6  4  8  0  9  3 11  2 14  1 10  7]
  - 预测映射：[ 5 13 12  6  4  8  0 11  9  3  2 14  1 10  7]
[test_sample_07214] [T1x_rxn6701] ✅ 严格正确 | 原子数：15
[test_sample_07215] [T1x_rxn6702] ❌ 错误 | 原子数：15
  - 正确映射：[ 2 12 10 14 11  5  3  0  8  7  4  6  9  1 13]
  - 预测映射：[ 2 12 10 14 11  5  3  7  8  4  0  6  9  1 13]
[test_sample_07216] [T1x_rxn6713] ❌ 错误 | 原子数：15
  - 正确映射：[10  4 13  9  2 14  3  7  8  1  5 11 12  0  6]
  - 预测映射：[14  4 10 13  9  2  3  1  7  0  8  5 11  6 12]
[test_sample_07217] [T1x_rxn6714] ❌ 错误 | 原子数：15
  - 正确映射：[ 9  7 11 14  8  5  1  3 13  4  2  0 12  6 10]
  - 预测映射：[ 9  7 11 14  8  5  1  3  4  2 13  0 12 10  6]
[test_sample_07218] [T1x_rxn6715] ❌ 错误 | 原子数：15
  - 正确映射：[10  6  4  3 14  0 13 12 11  9  1  8  7  5  2]
  - 预测映射：[10  6  4  3 14  0 13  9 11 12  1  8  7  5  2]
[test_sample_07219] [T1x_rxn6716] ✅ 严格正确 | 原子数：15
[test_sample_07220] [T1x_rxn6717] ❌ 错误 | 原子数：15
  - 正确映射：[ 2  3  6 13 10 12 14  5  4  9  1  8  7 11  0]
  - 预测映射：[ 2  3  6 13 10 12 14  5  9  4  1  8 11  7  0]
[test_sample_07221] [T1x_rxn6718] ✅ 严格正确 | 原子数：15
[test_sample_07222] [T1x_rxn6719] ❌ 错误 | 原子数：15
  - 正确映射：[ 3  5  4  8 11 14  6  2  0  7 13  9  1 12 10]
  - 预测映射：[ 3  5  4  8 11 14  6  2  0 13  7  9  1 12 10]
[test_sample_07223] [T1x_rxn6720] ✅ 严格正确 | 原子数：15
[test_sample_07224] [T1x_rxn6721] ❌ 错误 | 原子数：15
  - 正确映射：[ 3  8 12 11  0 10  4  7  6 13  9  2  1  5 14]
  - 预测映射：[ 3  8 12 11  0 10  4  7  6 13  9  2 14  1  5]
[test_sample_07225] [T1x_rxn6722] ✅ 严格正确 | 原子数：15
[test_sample_07226] [T1x_rxn6723] ❌ 错误 | 原子数：15
  - 正确映射：[ 2  7 12  9 14  5 11  8 10  0  4  3  6 13  1]
  - 预测映射：[ 2  7 12  9 14  5 11 10  8  0  4  3  6 13  1]
[test_sample_07227] [T1x_rxn6724] ✅ 严格正确 | 原子数：15
[test_sample_07228] [T1x_rxn6725] ❌ 错误 | 原子数：15
  - 正确映射：[13  6 14 12  2  7 10  8  4  1  3  9  5  0 11]
  - 预测映射：[13  6 14 12  2  7 10  4 11  1  3  9  5  8  0]
[test_sample_07229] [T1x_rxn6726] ❌ 错误 | 原子数：15
  - 正确映射：[11  6  1  7  9 14 12 13  5  4  0  8  3  2 10]
  - 预测映射：[11 12 14  9  7  1  6  4 13  5  2 10  3  0  8]
[test_sample_07230] [T1x_rxn6727] ❌ 错误 | 原子数：15
  - 正确映射：[ 3 11  5  8 13 10  9  4  7  6  0 14 12  2  1]
  - 预测映射：[ 3 11  5  8 13 10  9  2  7  4  0 14  6  1 12]
[test_sample_07231] [T1x_rxn6728] ❌ 错误 | 原子数：15
  - 正确映射：[ 9 11 14  1  0  4  5 10  2  3 13  6  8 12  7]
  - 预测映射：[ 9  5  4  0  1 14 11  2 10  3 12  7  8 13  6]
[test_sample_07232] [T1x_rxn6729] ❌ 错误 | 原子数：15
  - 正确映射：[ 9  2 12  8  4  6  7 11  5  3  0 14 13  1 10]
  - 预测映射：[ 9  2  4  8 12  6  7 11  5  3 13 14  0  1 10]
[test_sample_07233] [T1x_rxn6730] ❌ 错误 | 原子数：15
  - 正确映射：[12 14 13  8  2 11  9 10  4  7  3  6  5  1  0]
  - 预测映射：[12 14 13  8  2 11  9  0  4 10  7  3  6  1  5]
[test_sample_07234] [T1x_rxn6818] ❌ 错误 | 原子数：15
  - 正确映射：[ 6 10 11  0  7  5  3  4 14 12 13  2  9  1  8]
  - 预测映射：[ 0 11 10  6  7  5  3  4 12 14 13  2  9  1  8]
[test_sample_07235] [T1x_rxn6819] ❌ 错误 | 原子数：15
  - 正确映射：[ 6 14  7  3  2  5 10  8  1 12  9 11  4  0 13]
  - 预测映射：[ 6 14  7  3  2  5 10  8 12  1  9  0  4 11 13]
[test_sample_07236] [T1x_rxn6820] ❌ 错误 | 原子数：15
  - 正确映射：[14  1  9 13  0  7  2 12  6  8 10  4  5 11  3]
  - 预测映射：[14  9  1 13  0  7  2 12  6  8 10  4  5 11  3]
[test_sample_07237] [T1x_rxn6821] ❌ 错误 | 原子数：15
  - 正确映射：[10 13  5  3  2  0  4 14  7  1 11  6  8 12  9]
  - 预测映射：[10 13  5  3  0  4  2 14  7  1  6 12  9  8 11]
[test_sample_07238] [T1x_rxn6822] ❌ 错误 | 原子数：15
  - 正确映射：[ 1 11  4 10  8 12  3  9  0  6  2 13  7 14  5]
  - 预测映射：[ 1  4 11 10 12  3  8  9  0  6 13  5 14  7  2]
[test_sample_07239] [T1x_rxn6823] ❌ 错误 | 原子数：15
  - 正确映射：[14  3 12  1  9  5  6 10  2  0 13 11  4  7  8]
  - 预测映射：[14  3 12  1  9  5  6  2 10  0 13 11  4  7  8]
[test_sample_07240] [T1x_rxn6824] ✅ 严格正确 | 原子数：15
[test_sample_07241] [T1x_rxn6825] ❌ 错误 | 原子数：15
  - 正确映射：[11  6  3  2  7 10  8  4 12  5 13  1  0  9 14]
  - 预测映射：[11  8  3  2 10  6  7 14  1  9 13  5  4 12  0]
[test_sample_07242] [T1x_rxn6826] ❌ 错误 | 原子数：15
  - 正确映射：[ 5 11  3  4 12  7  0  6 13  2  1  9 14  8 10]
  - 预测映射：[ 5 11  3  4 12  7  0 13  6  2  1  9 14  8 10]
[test_sample_07243] [T1x_rxn6827] ❌ 错误 | 原子数：15
  - 正确映射：[ 2  1 14 11 10  0  9  5  8  7  4  6  3 13 12]
  - 预测映射：[ 2  1 14 11 10  0  9  8  7  4  6 13  3 12  5]
[test_sample_07244] [T1x_rxn6828] ✅ 严格正确 | 原子数：15
[test_sample_07245] [T1x_rxn6829] ❌ 错误 | 原子数：15
  - 正确映射：[14  5  1 10 13 11 12  7  2  4  9  8  0  6  3]
  - 预测映射：[14  5  1 10 13 11 12  7  2  4  6  8  0  9  3]
[test_sample_07246] [T1x_rxn6838] ❌ 错误 | 原子数：15
  - 正确映射：[ 9  3 10  1  8 11 12  6 13  2  0 14  7  5  4]
  - 预测映射：[ 9  3 10  1  8 11 12  6  2 13  0 14  7  4  5]
[test_sample_07247] [T1x_rxn6839] ❌ 错误 | 原子数：15
  - 正确映射：[ 7  9 14 12  3  1  2 13  4  6 10  8  0 11  5]
  - 预测映射：[ 7  9 14 12  3  1  2  6  4 13 10  8 11  0  5]
[test_sample_07248] [T1x_rxn6840] ❌ 错误 | 原子数：15
  - 正确映射：[ 0  6 14  8 12 13  2  9 10  1  3 11  7  4  5]
  - 预测映射：[ 0  6 14  8 12 13  2  1 10  9  3 11  4  7  5]
[test_sample_07249] [T1x_rxn6841] ✅ 严格正确 | 原子数：15
[test_sample_07250] [T1x_rxn6842] ✅ 严格正确 | 原子数：15
[test_sample_07251] [T1x_rxn6843] ✅ 严格正确 | 原子数：15
[test_sample_07252] [T1x_rxn6844] ❌ 错误 | 原子数：15
  - 正确映射：[ 6  0  8  5 13 12 11 14  1  7  3  9 10  4  2]
  - 预测映射：[ 6  0  8  5 13 12 11 14  7  1  3  9  4 10  2]
[test_sample_07253] [T1x_rxn6845] ❌ 错误 | 原子数：15
  - 正确映射：[ 0 11  6  2  4 10  9 14  1 13  5  3 12  7  8]
  - 预测映射：[ 0 11  6  2  4 10  9  1 14 13  5  3  8 12  7]
[test_sample_07254] [T1x_rxn6846] ❌ 错误 | 原子数：15
  - 正确映射：[14  8  1 12  2  4 11  5 13 10  9  3  6  0  7]
  - 预测映射：[14  8  1 12  2  4 11  5 13 10  9  3  6  7  0]
[test_sample_07255] [T1x_rxn6847] ✅ 严格正确 | 原子数：15
[test_sample_07256] [T1x_rxn6848] ✅ 严格正确 | 原子数：15
[test_sample_07257] [T1x_rxn6849] ❌ 错误 | 原子数：15
  - 正确映射：[10  4  3  6  0  1  7  8 12  5 13  2  9 14 11]
  - 预测映射：[10  4  3  6  0  1  7  5 12  8 13  2 14  9 11]
[test_sample_07258] [T1x_rxn6850] ❌ 错误 | 原子数：15
  - 正确映射：[11  7 14  4  9  2 13 10 12  5  3  0  1  8  6]
  - 预测映射：[11  7 14  4  9  2 13 10  5 12  3  0  8  1  6]
[test_sample_07259] [T1x_rxn6851] ❌ 错误 | 原子数：15
  - 正确映射：[11  4  6 13  3  5  1 14  7 12  2  8 10  9  0]
  - 预测映射：[ 5  1  3 13  6 11  4  9  0 10  8 12  7  2 14]
[test_sample_07260] [T1x_rxn7027] ✅ 严格正确 | 原子数：15
[test_sample_07261] [T1x_rxn7028] ✅ 严格正确 | 原子数：15
[test_sample_07262] [T1x_rxn7029] ❌ 错误 | 原子数：15
  - 正确映射：[ 2 10  6  5  9  1 14 13 12  0  7  4  3  8 11]
  - 预测映射：[ 2 10  6  5  9  1 14  7 13  0 12  4  3  8 11]
[test_sample_07263] [T1x_rxn7030] ❌ 错误 | 原子数：15
  - 正确映射：[ 1 14  6 12  5  8 13  0  2  4 11  7 10  9  3]
  - 预测映射：[12 14  6  5  1  8 13 11  3  9  7  0 10  4  2]
[test_sample_07264] [T1x_rxn7031] ❌ 错误 | 原子数：15
  - 正确映射：[ 5  9 11  4  7  6  1 13  2  0  8 14 12 10  3]
  - 预测映射：[ 7  9  4 11  5  6  1 14  3 10 12 13  8  0  2]
[test_sample_07265] [T1x_rxn7032] ❌ 错误 | 原子数：15
  - 正确映射：[ 2  5 12 13  9  0  4  7  1  3 11 10 14  8  6]
  - 预测映射：[ 2  5 12 13  9  0  4  7  1  3 10  8 14 11  6]
[test_sample_07266] [T1x_rxn7033] ✅ 严格正确 | 原子数：15
[test_sample_07267] [T1x_rxn7034] ❌ 错误 | 原子数：15
  - 正确映射：[ 7  2  1  8 14  0 12  5  6  4 10  3 13  9 11]
  - 预测映射：[ 7  2  1  8 14  0 12  4  6  5 10 11  9 13  3]
[test_sample_07268] [T1x_rxn7035] ✅ 严格正确 | 原子数：15
[test_sample_07269] [T1x_rxn7036] ❌ 错误 | 原子数：15
  - 正确映射：[ 5  0  7  4  2 12  9  6 11  3  1 14 10 13  8]
  - 预测映射：[ 5  0  7  4  2 12  9  6  3 11  1 14 10 13  8]
[test_sample_07270] [T1x_rxn7037] ❌ 错误 | 原子数：15
  - 正确映射：[ 6  1  2  4  0 10  8 12  5  9 13  7 14  3 11]
  - 预测映射：[ 6  1  2  4  0 10  8  5 12  9 13  3 14  7 11]
[test_sample_07271] [T1x_rxn7038] ✅ 严格正确 | 原子数：15
[test_sample_07272] [T1x_rxn7039] ❌ 错误 | 原子数：15
  - 正确映射：[14  1  7 10  9  4  3  2 13  0  6 12 11  8  5]
  - 预测映射：[14  1  7 10  9  4  3  6 13  0  2  8 11 12  5]
[test_sample_07273] [T1x_rxn7040] ❌ 错误 | 原子数：15
  - 正确映射：[ 0 11 10  6  2  1  4 14  9 13  3  7  5 12  8]
  - 预测映射：[ 0 11  6 10  2  1  4 14  9 13  7 12  5  3  8]
[test_sample_07274] [T1x_rxn7463] ❌ 错误 | 原子数：15
  - 正确映射：[ 5  6  9  8  3  0 13  7  2 10 12 11  4  1 14]
  - 预测映射：[ 5 13  9  8  3  0  6  7 10  2 14 11  4  1 12]
[test_sample_07275] [T1x_rxn7464] ❌ 错误 | 原子数：15
  - 正确映射：[ 4  1 12 10  2  7 13  3 14  6 11  8  9  0  5]
  - 预测映射：[ 4  1 12 10  2  7 13  6 14  3 11  8  9  0  5]
[test_sample_07276] [T1x_rxn7465] ✅ 严格正确 | 原子数：15
[test_sample_07277] [T1x_rxn7466] ❌ 错误 | 原子数：15
  - 正确映射：[ 3  5  9  1  7 11  2 12 10  6 14 13  8  0  4]
  - 预测映射：[ 2  5  9  1  7 11  3  4  8  0 14 13 10  6 12]
[test_sample_07278] [T1x_rxn7467] ✅ 严格正确 | 原子数：15
[test_sample_07279] [T1x_rxn7468] ✅ 严格正确 | 原子数：15
[test_sample_07280] [T1x_rxn7469] ✅ 严格正确 | 原子数：15
[test_sample_07281] [T1x_rxn7470] ✅ 严格正确 | 原子数：15
[test_sample_07282] [T1x_rxn7471] ❌ 错误 | 原子数：15
  - 正确映射：[11 12  9  7  3 10  4 13  2  6  1  0 14  8  5]
  - 预测映射：[ 4 12  9  7  3 10 11  8  5 14  0 13  2  1  6]
[test_sample_07283] [T1x_rxn7472] ❌ 错误 | 原子数：15
  - 正确映射：[13  8  7 12  6  3  4  0 11  5 10  9 14  1  2]
  - 预测映射：[ 4  8  7 12  6  3 13 14  2  1 10  9  0  5 11]
[test_sample_07284] [T1x_rxn7473] ❌ 错误 | 原子数：15
  - 正确映射：[11  3 14  6 10 12  0  1  4  5 13  2  9  7  8]
  - 预测映射：[11  3 14  6 10 12  0  4  1 13  9  5  7  8  2]
[test_sample_07285] [T1x_rxn7474] ❌ 错误 | 原子数：15
  - 正确映射：[ 7  2  0 10 14 12 11  6  4  3 13  1  5  8  9]
  - 预测映射：[ 7 11  0 10 14 12  2  4  5  3  9  6  8 13  1]
[test_sample_07286] [T1x_rxn7860] ❌ 错误 | 原子数：15
  - 正确映射：[11  0 13  7  3  4  1  8 10  5  9 12  2  6 14]
  - 预测映射：[11 13  0  7  3  4  1  8  5 10  9 14  6  2 12]
[test_sample_07287] [T1x_rxn7861] ✅ 严格正确 | 原子数：15
[test_sample_07288] [T1x_rxn7862] ❌ 错误 | 原子数：15
  - 正确映射：[ 6 11  4 10  3  7 13  2  1  9 12  5  8 14  0]
  - 预测映射：[ 6 11  4 10  3  7 13  1 12  9  2  5  8 14  0]
[test_sample_07289] [T1x_rxn7863] ❌ 错误 | 原子数：15
  - 正确映射：[ 2 11 14 12  6  9  8  4  5  7  0 13  1  3 10]
  - 预测映射：[ 2 11  8 12  6  9 14  7  5  4 10  0  1  3 13]
[test_sample_07290] [T1x_rxn7864] ❌ 错误 | 原子数：15
  - 正确映射：[ 7 13  3  4  8 14  5  2  9  1 11  0  6 10 12]
  - 预测映射：[ 7 13  3  4  8 14  5  9  2  1 11  0 10  6 12]
[test_sample_07291] [T1x_rxn7865] ❌ 错误 | 原子数：15
  - 正确映射：[ 9  0  1  2 11  4  6  5  8 13  3 14  7 12 10]
  - 预测映射：[ 0  6  1  2 11  4  9 10 13  3 14 12  5  7  8]
[test_sample_07292] [T1x_rxn7866] ❌ 错误 | 原子数：15
  - 正确映射：[ 4  9  6  1  5 13  0  8 14  7 12  2 10 11  3]
  - 预测映射：[ 4  9  6  1  5 13  0  7 14  8 12  2 10 11  3]
[test_sample_07293] [T1x_rxn7867] ✅ 严格正确 | 原子数：15
[test_sample_07294] [T1x_rxn7868] ❌ 错误 | 原子数：15
  - 正确映射：[ 6 11 13  0  4  7  1  8  3 14  9  5 12  2 10]
  - 预测映射：[ 6  1 13  0  4  7 11 14 10  8  9  5 12  2  3]
[test_sample_07295] [T1x_rxn7869] ❌ 错误 | 原子数：15
  - 正确映射：[11  7  5  2 14  1  6 12 13  8  0  3  9  4 10]
  - 预测映射：[11  7  5  2  6  1 14 12 13  8  0  3  9  4 10]
[test_sample_07296] [T1x_rxn7870] ❌ 错误 | 原子数：15
  - 正确映射：[ 2  6  0 12  5  8 14  9 10 11  3  1  7 13  4]
  - 预测映射：[ 2  6  0 12  5  8 14 10  9 11  3  1  4 13  7]
[test_sample_07297] [T1x_rxn7871] ✅ 严格正确 | 原子数：15
[test_sample_07298] [T1x_rxn7872] ✅ 严格正确 | 原子数：15
[test_sample_07299] [T1x_rxn7873] ❌ 错误 | 原子数：15
  - 正确映射：[ 5  9  3  0  7 10  2 13 12 14  4  1  8  6 11]
  - 预测映射：[ 5  9  3  0  7 10  2 14 13 12  4  1  6  8 11]
[test_sample_07300] [T1x_rxn7874] ❌ 错误 | 原子数：15
  - 正确映射：[11 10 14  4  9 13  3  7  5  0  2  8 12  1  6]
  - 预测映射：[11 10 14  4  9 13  3  0  5  7  8  2 12  1  6]
[test_sample_07301] [T1x_rxn7875] ❌ 错误 | 原子数：15
  - 正确映射：[11 10  1 12  6  0  2  8  3 13  5 14  7  9  4]
  - 预测映射：[11 10  1 12  6  0  2  3  8 13  5 14  9  7  4]
[test_sample_07302] [T1x_rxn7876] ❌ 错误 | 原子数：15
  - 正确映射：[ 0  1  5 14  7  8  9 10 11  3 13  2  4 12  6]
  - 预测映射：[ 0  1  5 14  7  8  9  3 10 11 13  2  4 12  6]
[test_sample_07303] [T1x_rxn7877] ❌ 错误 | 原子数：15
  - 正确映射：[ 8  6  2  0  1 14 12  3 11  5  7  4 10 13  9]
  - 预测映射：[ 8  6  2  0  1 14 12 11  5  3  7  4 10 13  9]
[test_sample_07304] [T1x_rxn7878] ❌ 错误 | 原子数：15
  - 正确映射：[ 7  6  1  2  8 10  9  3 14  5 11 13  4 12  0]
  - 预测映射：[ 7  6  1  2  8 10  9  5  3 14 11 13  4 12  0]
[test_sample_07305] [T1x_rxn8308] ✅ 严格正确 | 原子数：15
[test_sample_07306] [T1x_rxn8309] ❌ 错误 | 原子数：15
  - 正确映射：[ 9 13  3  4  0  2 11  5  7 14  6 12 10  1  8]
  - 预测映射：[ 9 13  3  4  0  2 11  5  7 14 12  6 10  1  8]
[test_sample_07307] [T1x_rxn8310] ❌ 错误 | 原子数：15
  - 正确映射：[ 8 13  6  5 12  9  4  7  0  3  2 11 14 10  1]
  - 预测映射：[ 8 13  6  5 12  9  4  3  0  7  2 11 14 10  1]
[test_sample_07308] [T1x_rxn8311] ❌ 错误 | 原子数：15
  - 正确映射：[10  8  0  2  9  1 13  5  6  4 11 12  3  7 14]
  - 预测映射：[10  8  0  2  9  1 13 11  6  4  5 12  3  7 14]
[test_sample_07309] [T1x_rxn8312] ❌ 错误 | 原子数：15
  - 正确映射：[ 8  9 12  2  7 10 13  6  0  1 14  5 11  4  3]
  - 预测映射：[ 8  9 12  2  7 10 13  1  0  3 14  5 11  4  6]
[test_sample_07310] [T1x_rxn8313] ❌ 错误 | 原子数：15
  - 正确映射：[ 8  6 13  1  7  9 10 14  5  3  4  2  0 11 12]
  - 预测映射：[ 8  1 13  6 10  9  7  0  3 14  5 12  4 11  2]
[test_sample_07311] [T1x_rxn8314] ❌ 错误 | 原子数：15
  - 正确映射：[ 6  9  7  3 14 13 12 11  1 10  2  0  5  4  8]
  - 预测映射：[ 6  9  7  3 14 13 12 10  1 11  2  0  5  4  8]
[test_sample_07312] [T1x_rxn8315] ❌ 错误 | 原子数：15
  - 正确映射：[ 9  7  1  5  8  3 10  4 13  2 12 14  6  0 11]
  - 预测映射：[ 9  7  1  5  8  3 10  2 13  4 12  0  6 14 11]
[test_sample_07313] [T1x_rxn8316] ❌ 错误 | 原子数：15
  - 正确映射：[ 4  2  1  8 11 12  5  6  9 13  7  0 14 10  3]
  - 预测映射：[ 4  2  1  8 11 12  5 13  9  6  7  0 14 10  3]
[test_sample_07314] [T1x_rxn8317] ❌ 错误 | 原子数：15
  - 正确映射：[ 6  8 10  3 11 13  5  9  2  4  0  7 12 14  1]
  - 预测映射：[ 6  8 10  3 11 13  5  0  2  9  4  7 12 14  1]
[test_sample_07315] [T1x_rxn8318] ❌ 错误 | 原子数：15
  - 正确映射：[ 0  9  3 10  6 11  8 14  2  7  1 12 13  5  4]
  - 预测映射：[ 0  9  3 10  6 11  8  7  2 14  5 12 13  1  4]
[test_sample_07316] [T1x_rxn8319] ✅ 严格正确 | 原子数：15
[test_sample_07317] [T1x_rxn8320] ❌ 错误 | 原子数：15
  - 正确映射：[ 1  6  4  9  7 11  3  0  2  8 12 14 10 13  5]
  - 预测映射：[ 1  6  4  9  7 11  3  8  2  0 12 10 14 13  5]
[test_sample_07318] [T1x_rxn8321] ❌ 错误 | 原子数：15
  - 正确映射：[ 1 10  9  8 11  3  4  5 14  2  6  0  7 12 13]
  - 预测映射：[ 8  9  3 10  4  1 11  2 12  0 13 14  5  6  7]
[test_sample_07319] [T1x_rxn8322] ✅ 严格正确 | 原子数：15
[test_sample_07320] [T1x_rxn8601] ❌ 错误 | 原子数：15
  - 正确映射：[ 9  3 11  2 10  7 12  8  5  0  4 13  1 14  6]
  - 预测映射：[ 3  9 11  2 10  7 12  0  5  4 13  6  1  8 14]
[test_sample_07321] [T1x_rxn8602] ✅ 严格正确 | 原子数：15
[test_sample_07322] [T1x_rxn8603] ✅ 严格正确 | 原子数：15
[test_sample_07323] [T1x_rxn8604] ❌ 错误 | 原子数：15
  - 正确映射：[12  6 14  8  2 10  1 13 11  5  0  3  7  4  9]
  - 预测映射：[12  6 14  8  2 10  1 11 13  5  3  0  7  9  4]
[test_sample_07324] [T1x_rxn8868] ❌ 错误 | 原子数：15
  - 正确映射：[ 1  9  8  7  3 11 14  6  4 12 10  0  5 13  2]
  - 预测映射：[ 9  1  8  7  3 11 14  6  0 10 12  4  5 13  2]
[test_sample_07325] [T1x_rxn8869] ❌ 错误 | 原子数：15
  - 正确映射：[ 7  5  2  4  1 11 13  8  0 10  9 12  3 14  6]
  - 预测映射：[ 5  7  2  1  4 11 13  8 12  9 10  0  3 14  6]
[test_sample_07326] [T1x_rxn8870] ❌ 错误 | 原子数：15
  - 正确映射：[ 0  8  7 12  2 14  5  4  1  9 11 10  3 13  6]
  - 预测映射：[ 0  8  7 12  2 14  5  4  9  6 10  1  3 13 11]
[test_sample_07327] [T1x_rxn8871] ❌ 错误 | 原子数：15
  - 正确映射：[13  9  7  0  1  6 11  4  8 10  5 14 12  2  3]
  - 预测映射：[13  9  7  0 11  6  1  4 14 12 10  5  8  3  2]
[test_sample_07328] [T1x_rxn8872] ✅ 严格正确 | 原子数：15
[test_sample_07329] [T1x_rxn8873] ❌ 错误 | 原子数：15
  - 正确映射：[14 11  9 12 13  7  5  2  3  8  4  0  1 10  6]
  - 预测映射：[11 14  9 12 13  7  5  4  0  6  2  3  1 10  8]
[test_sample_07330] [T1x_rxn8874] ❌ 错误 | 原子数：15
  - 正确映射：[11 14  8 12 10  4  0  7  5  1 13  2  3  9  6]
  - 预测映射：[11 14  8 12 10  4  0  5  1  7 13  2  3  9  6]
[test_sample_07331] [T1x_rxn8875] ❌ 错误 | 原子数：15
  - 正确映射：[ 7  0  6  8 12  4  5 10  2  3  9 13 11 14  1]
  - 预测映射：[ 7  0  6  8 12  4  5  3  9  1 10 13  2 11 14]
[test_sample_07332] [T1x_rxn8876] ❌ 错误 | 原子数：15
  - 正确映射：[ 0  1  6  9 10 13 14 12  7  8 11  5  2  4  3]
  - 预测映射：[ 0  1  6  9 14 13 10 12  8  7  5 11  2  3  4]
[test_sample_07333] [T1x_rxn8877] ❌ 错误 | 原子数：15
  - 正确映射：[10  9 14  3  4  8  5  2 11  6 12 13  7  1  0]
  - 预测映射：[10  9 14  5  4  8  3  2  6 11 13 12  0  1  7]
[test_sample_07334] [T1x_rxn8878] ❌ 错误 | 原子数：15
  - 正确映射：[10  5  8 14 12  6 13  4  1  7 11  9  2  3  0]
  - 预测映射：[10  5  8 14 12  6 13  4  9  1  7 11  2  3  0]
[test_sample_07335] [T1x_rxn8879] ❌ 错误 | 原子数：15
  - 正确映射：[13  7 10 14 11  4  0  5  2  8  6  9  3  1 12]
  - 预测映射：[13  7 10 14 11  4  0  5  2  6  9  8  3  1 12]
[test_sample_07336] [T1x_rxn8880] ✅ 严格正确 | 原子数：15
[test_sample_07337] [T1x_rxn8881] ✅ 严格正确 | 原子数：15
[test_sample_07338] [T1x_rxn8882] ❌ 错误 | 原子数：15
  - 正确映射：[12  9  5  6  4 10 13  3 14  1  8 11  2  0  7]
  - 预测映射：[12  9  5 13  4 10  6 14  3 11  2  1  7  0  8]
[test_sample_07339] [T1x_rxn8883] ❌ 错误 | 原子数：15
  - 正确映射：[14  6  1  3 10  4  2 11  7  5  8  0  9 12 13]
  - 预测映射：[14  6  1  2  3  4 10 11  7  5  8  0 13  9 12]
[test_sample_07340] [T1x_rxn9557] ❌ 错误 | 原子数：15
  - 正确映射：[13  5 12  9  2  6  4  3 10  8  1 14  0  7 11]
  - 预测映射：[13  5 12  9  2  6  4 10  8  3  1 14  0  7 11]
[test_sample_07341] [T1x_rxn9566] ❌ 错误 | 原子数：15
  - 正确映射：[ 1 14 13  3 10 11  6  8  2  4  7  0  5 12  9]
  - 预测映射：[ 6 14 13  3 10 11  1  4  9  2  7  0 12  5  8]
[test_sample_07342] [T1x_rxn9567] ❌ 错误 | 原子数：15
  - 正确映射：[ 6  1 14  5  3 10 11  2  9  4 13  0 12  8  7]
  - 预测映射：[ 6  1 14  5  3 10 11  2  9  7 13  0  8 12  4]
[test_sample_07343] [T1x_rxn9568] ❌ 错误 | 原子数：15
  - 正确映射：[ 0 12  5 14  2 11  1  3 10 13  7  4  8  6  9]
  - 预测映射：[ 0 12  5 14  1 11  2  3 10 13  7  9  4  6  8]
[test_sample_07344] [T1x_rxn9648] ❌ 错误 | 原子数：15
  - 正确映射：[ 5 10  2  4  3 12 13  6  8  9 11  1  0  7 14]
  - 预测映射：[ 5 10  2  4  3 12 13  9  6  8  1  7  0 14 11]
[test_sample_07345] [T1x_rxn9739] ❌ 错误 | 原子数：15
  - 正确映射：[ 2  0 11 14  1 10  8 13 12  5  6  9  7  4  3]
  - 预测映射：[ 2  0 11 14  1 10  8  5 12  3  6  9  7  4 13]
[test_sample_07346] [T1x_rxn9740] ❌ 错误 | 原子数：15
  - 正确映射：[ 6 13  7  3  0  5  4 11 14  1  2 12  9 10  8]
  - 预测映射：[ 6 13  4  0  3  5  7 14  1 11  8 10  9  2 12]
[test_sample_07347] [T1x_rxn9741] ❌ 错误 | 原子数：15
  - 正确映射：[ 6 14 10  3  0  5  4  9  8  7  2 13  1 12 11]
  - 预测映射：[ 5 14 10  6  3  0  4 12  9  2  7  8 13 11  1]
[test_sample_07348] [T1x_rxn9742] ❌ 错误 | 原子数：15
  - 正确映射：[ 0  6 13  1  9  3 14 12  7  2  5  4 10  8 11]
  - 预测映射：[ 0  6 13  1  9  3 14 12  2  7  5  4 10 11  8]
[test_sample_07349] [T1x_rxn9756] ❌ 错误 | 原子数：15
  - 正确映射：[10  0  7  1  9 13  5 12  3  2 14 11  6  4  8]
  - 预测映射：[10  7 13  1  9  0  5 11  6  2 14 12  3  4  8]
[test_sample_07350] [T1x_rxn9757] ❌ 错误 | 原子数：15
  - 正确映射：[ 5  8  7 13 12  4  6  2 11  1  9  0 14 10  3]
  - 预测映射：[ 5  8  7 13 12  4  6  2  1 11  3 14  0 10  9]
[test_sample_07351] [T1x_rxn9758] ❌ 错误 | 原子数：15
  - 正确映射：[13  2 10 14  6 12  4  9  3  5 11  0  1  8  7]
  - 预测映射：[13  2 10 14  6 12  4  9  3  5 11  0  8  7  1]
[test_sample_07352] [T1x_rxn9759] ❌ 错误 | 原子数：15
  - 正确映射：[ 8  1 13  7  5  3  0  4 12 11  2  6 14  9 10]
  - 预测映射：[13  1  7  3  5  8  0  2  4 11  6  9 14 10 12]
[test_sample_07353] [T1x_rxn9786] ❌ 错误 | 原子数：15
  - 正确映射：[ 1 12 14  5 13 10  3  4  6 11  0  7  2  9  8]
  - 预测映射：[ 1 12 14  5 13 10  3  4  6 11  0  8  7  2  9]
[test_sample_07354] [T1x_rxn9787] ❌ 错误 | 原子数：15
  - 正确映射：[ 0 11 14 13  6  3  8  4  5  9 12  7 10  1  2]
  - 预测映射：[ 0 11 14 13  6  3  8  4  5  9 12  1 10  7  2]
[test_sample_07355] [T1x_rxn9788] ❌ 错误 | 原子数：15
  - 正确映射：[12  1  5  8  7 11 10  4  3 14  9  6  0 13  2]
  - 预测映射：[ 8 10 11 12  7  5  1  0  9  2  6  3 13  4 14]
[test_sample_07356] [T1x_rxn9789] ❌ 错误 | 原子数：15
  - 正确映射：[ 9  3  4 11  5  8  0 13 14 10  6 12  1  2  7]
  - 预测映射：[ 9  3  4 11  5  8  0 13  6 14 10 12  1  2  7]
[test_sample_07357] [T1x_rxn9790] ❌ 错误 | 原子数：15
  - 正确映射：[ 1 14  4  3 11 10  6  0  8  2 12 13  5  7  9]
  - 预测映射：[ 1 14  4  3 11 10  6  8  0  2 12  7 13  5  9]
[test_sample_07358] [T1x_rxn9842] ❌ 错误 | 原子数：15
  - 正确映射：[ 5  4  1  3 10 14  6 11  2  8  9 13 12  0  7]
  - 预测映射：[ 5  1  3  4 10 14  6 11  8  2  7  9  0 12 13]
[test_sample_07359] [T1x_rxn9843] ❌ 错误 | 原子数：15
  - 正确映射：[11  7 14  2 10  1  4  3  0  9  8 12  5 13  6]
  - 预测映射：[11  2 14  7  1 10  4  0  9  3  5  8 13  6 12]
[test_sample_07360] [T1x_rxn9909] ❌ 错误 | 原子数：15
  - 正确映射：[ 3  0  5 14  6  9  2 13 11 12  7  8  4 10  1]
  - 预测映射：[ 3  6  2  9  0 14  5 10 13 11 12  1  7  4  8]
[test_sample_07361] [T1x_rxn9910] ❌ 错误 | 原子数：15
  - 正确映射：[ 2  4 11 14  5  9  0  7  1 12  3  8 13  6 10]
  - 预测映射：[ 2  4 11 14  5  9  0  7  1 12  3 13  6  8 10]
[test_sample_07362] [T1x_rxn9911] ❌ 错误 | 原子数：15
  - 正确映射：[14  2  3 10 12  8  0 11  4 13  5  7  6  1  9]
  - 预测映射：[14  2  3 10 12  8  0 13 11  5  7  9  1  6  4]
[test_sample_07363] [T1x_rxn9967] ❌ 错误 | 原子数：15
  - 正确映射：[ 3 14 11 13 10  4  9  6  7  0 12  2  8  5  1]
  - 预测映射：[ 3 13 11 14  9  4 10  6  0  7  1  5 12  2  8]
[test_sample_07364] [T1x_rxn9968] ❌ 错误 | 原子数：15
  - 正确映射：[ 5  2 10 11  8 12 13 14  7  3  4  1  6  0  9]
  - 预测映射：[ 5  2 10 12 13 11  8  4  3  7 14  0  9  1  6]
[test_sample_07365] [T1x_rxn0218] ✅ 严格正确 | 原子数：14
[test_sample_07366] [T1x_rxn0219] ✅ 严格正确 | 原子数：14
[test_sample_07367] [T1x_rxn0220] ✅ 严格正确 | 原子数：14
[test_sample_07368] [T1x_rxn0221] ❌ 错误 | 原子数：14
  - 正确映射：[10  9  4  7 13  8  5  3 11  0  6  2 12  1]
  - 预测映射：[10  7  4  9 13  8  5  2 11  0  6  3 12  1]
[test_sample_07369] [T1x_rxn0222] ✅ 严格正确 | 原子数：14
[test_sample_07370] [T1x_rxn0223] ✅ 严格正确 | 原子数：14
[test_sample_07371] [T1x_rxn0224] ❌ 错误 | 原子数：14
  - 正确映射：[13 12  4  1  3  7  8  0 11  9  5 10  6  2]
  - 预测映射：[13 12  7  1  3  4 11  0  8  6 10  2  9  5]
[test_sample_07372] [T1x_rxn0225] ❌ 错误 | 原子数：14
  - 正确映射：[ 4 12  0  8  2  3 10  9 13 11  5  1  7  6]
  - 预测映射：[ 4 12  0  8  2  3 11  9 10  7  5  1  6 13]
[test_sample_07373] [T1x_rxn0226] ✅ 严格正确 | 原子数：14
[test_sample_07374] [T1x_rxn0227] ❌ 错误 | 原子数：14
  - 正确映射：[ 3  6  4  1  5  9 10  2 13  8 12  0  7 11]
  - 预测映射：[ 3  6  4  1  5  9  2 10  7  8  0 12 11 13]
[test_sample_07375] [T1x_rxn0228] ❌ 错误 | 原子数：14
  - 正确映射：[ 0  4 10  7  9 11 12 13  5  1  3  2  8  6]
  - 预测映射：[10  4  0  7  9 11 12  3  1 13  6  5  8  2]
[test_sample_07376] [T1x_rxn0229] ✅ 严格正确 | 原子数：14
[test_sample_07377] [T1x_rxn0230] ❌ 错误 | 原子数：14
  - 正确映射：[ 2  1  5 12  9  0  7  4 10 11  6 13  3  8]
  - 预测映射：[ 2  1  5 12  9  0  7 10  4 11 13  6  8  3]
[test_sample_07378] [T1x_rxn0234] ❌ 错误 | 原子数：14
  - 正确映射：[10  6 13  1  8 12  4  0  9  5  7  2  3 11]
  - 预测映射：[10  6 13  1  8 12  4  0  5  9  2  7  3 11]
[test_sample_07379] [T1x_rxn0235] ✅ 严格正确 | 原子数：14
[test_sample_07380] [T1x_rxn0236] ❌ 错误 | 原子数：14
  - 正确映射：[ 9 13  2  4  5 12  7  1  3  0 11  6  8 10]
  - 预测映射：[ 9 12  2 13  4  5  3  7  6 10  0  1 11  8]
[test_sample_07381] [T1x_rxn0237] ❌ 错误 | 原子数：14
  - 正确映射：[ 3 11  7 10  8 12  0  6  9  2 13  1  4  5]
  - 预测映射：[ 3 11  7 10  8 12 13  0  9  2  4  1  5  6]
[test_sample_07382] [T1x_rxn0238] ❌ 错误 | 原子数：14
  - 正确映射：[13  3  9  1  0  7  5 10 12  8  4 11  6  2]
  - 预测映射：[13  3  9  1  0  7 10  2 12  8  4  5 11  6]
[test_sample_07383] [T1x_rxn0239] ✅ 严格正确 | 原子数：14
[test_sample_07384] [T1x_rxn0240] ✅ 严格正确 | 原子数：14
[test_sample_07385] [T1x_rxn0241] ❌ 错误 | 原子数：14
  - 正确映射：[ 9  4  8  7  2 11  6  3  0  5  1 13 12 10]
  - 预测映射：[ 7  2  8  9  4 11  1 12 13  6  3  0  5 10]
[test_sample_07386] [T1x_rxn0277] ❌ 错误 | 原子数：14
  - 正确映射：[12  0 13  5  1 11  3  6  4  9  2  8  7 10]
  - 预测映射：[ 0 12 13  5  1 11  9  4  6  3  8  2 10  7]
[test_sample_07387] [T1x_rxn0278] ❌ 错误 | 原子数：14
  - 正确映射：[ 6  0  4 10 12 13  7  2  1 11  3  9  5  8]
  - 预测映射：[ 0  6  4 13 12 10  1 11  7  2  8  5  9  3]
[test_sample_07388] [T1x_rxn0279] ✅ 严格正确 | 原子数：14
[test_sample_07389] [T1x_rxn0280] ❌ 错误 | 原子数：14
  - 正确映射：[ 8  6  1  2  3 11  5 12 10  0  7  9  4 13]
  - 预测映射：[ 6  8  1 11  3  2  4 10  0  5 12 13  9  7]
[test_sample_07390] [T1x_rxn0449] ✅ 严格正确 | 原子数：14
[test_sample_07391] [T1x_rxn0450] ❌ 错误 | 原子数：14
  - 正确映射：[ 7 13  4  9  3  0  8 11  5  2 12  6 10  1]
  - 预测映射：[13  7  4  9  3  0  2  5  1  8 11 10  6 12]
[test_sample_07392] [T1x_rxn0451] ❌ 错误 | 原子数：14
  - 正确映射：[ 9  5 12 13  8  4 10  3  6  2  1  0 11  7]
  - 预测映射：[ 5  9 12 13  8  4  2 10  1  3  6 11  0  7]
[test_sample_07393] [T1x_rxn0452] ❌ 错误 | 原子数：14
  - 正确映射：[ 2 12  9  1 13  5 11  8  6  4 10  7  0  3]
  - 预测映射：[12  9  1  2 13  5  4 10  0 11  6  8  3  7]
[test_sample_07394] [T1x_rxn0453] ✅ 严格正确 | 原子数：14
[test_sample_07395] [T1x_rxn0454] ✅ 严格正确 | 原子数：14
[test_sample_07396] [T1x_rxn0455] ❌ 错误 | 原子数：14
  - 正确映射：[ 2 10 12  8  9  0  5  7  6  1 11  4 13  3]
  - 预测映射：[10  2  0  8  9 12  6 11  5  3  7 13  4  1]
[test_sample_07397] [T1x_rxn0456] ❌ 错误 | 原子数：14
  - 正确映射：[ 9  0  6  8 12 13  5  4  3  2  1 10  7 11]
  - 预测映射：[ 9  0  6  8 12 13  5 11  4  2  1 10  7  3]
[test_sample_07398] [T1x_rxn0457] ❌ 错误 | 原子数：14
  - 正确映射：[10 12 11  8 13  4  7  5  6  0  9  3  2  1]
  - 预测映射：[10 12  4  8 13 11  7  5  6  1  9  3  2  0]
[test_sample_07399] [T1x_rxn0458] ❌ 错误 | 原子数：14
  - 正确映射：[13  7 10  5 11  9  1  0 12  2  3  6  8  4]
  - 预测映射：[ 5  9 13  7 11 10  2  6  4  1  0 12  8  3]
[test_sample_07400] [T1x_rxn0459] ❌ 错误 | 原子数：14
  - 正确映射：[13 11  3  6  8  1  0  5  7  2 12 10  9  4]
  - 预测映射：[11 13  1  6  8  3  2 12  7  0  5 10  4  9]
[test_sample_07401] [T1x_rxn0460] ❌ 错误 | 原子数：14
  - 正确映射：[ 5  1  9 11  8 12 10  4  3  7  2 13  6  0]
  - 预测映射：[ 5  1  9 11  8 12 10  4  3  2  7 13  6  0]
[test_sample_07402] [T1x_rxn0461] ❌ 错误 | 原子数：14
  - 正确映射：[10 13  5 11  2  6  4  0  1  9  7 12  3  8]
  - 预测映射：[ 5 13 10  6  2 11  9 12  7  4  0  8  1  3]
[test_sample_07403] [T1x_rxn0462] ❌ 错误 | 原子数：14
  - 正确映射：[ 8  3 11 13  0  1  6  7  2  5  9  4 10 12]
  - 预测映射：[ 3  8  1 13  0 11  9 12  2  7  6 10  4  5]
[test_sample_07404] [T1x_rxn0463] ❌ 错误 | 原子数：14
  - 正确映射：[ 0  5  6  3  8  1  2 13 11  9  7  4 12 10]
  - 预测映射：[ 0  5  6  3  8  1  4  2 11  9  7 12 10 13]
[test_sample_07405] [T1x_rxn0464] ❌ 错误 | 原子数：14
  - 正确映射：[ 4 12  8 13  0  9  6  1  2 11  7 10  3  5]
  - 预测映射：[ 9 12  8 13  0  4  6  5  2 11  7 10  3  1]
[test_sample_07406] [T1x_rxn0465] ✅ 严格正确 | 原子数：14
[test_sample_07407] [T1x_rxn0466] ✅ 严格正确 | 原子数：14
[test_sample_07408] [T1x_rxn0467] ✅ 严格正确 | 原子数：14
[test_sample_07409] [T1x_rxn0468] ❌ 错误 | 原子数：14
  - 正确映射：[13 11  3  8  6 12  2  9  4  5  0  7 10  1]
  - 预测映射：[ 8  3 11 13  6 12 10  7  0  4  2  9  5  1]
[test_sample_07410] [T1x_rxn0469] ❌ 错误 | 原子数：14
  - 正确映射：[ 7  0 11  4 12  3  9  8 13  1  2 10  6  5]
  - 预测映射：[11  0  7  3 12  4  6  2  1 13  8  5  9 10]
[test_sample_07411] [T1x_rxn0470] ❌ 错误 | 原子数：14
  - 正确映射：[ 2 12 10  6 13  8  0  3  1  9  4  5 11  7]
  - 预测映射：[ 8 12 10  6 13  2  7  3  1  4  9 11  5  0]
[test_sample_07412] [T1x_rxn0471] ❌ 错误 | 原子数：14
  - 正确映射：[ 1  0  6 12  8  2  7  9  3 11  4 13  5 10]
  - 预测映射：[ 2  0  6 12  8  1  5 10  3  4 11 13  7  9]
[test_sample_07413] [T1x_rxn0472] ❌ 错误 | 原子数：14
  - 正确映射：[ 9  6  8 11  7 10  2  1  4 12  3  0 13  5]
  - 预测映射：[ 9  6  8 11  7 10  2  5  1 12  3  0 13  4]
[test_sample_07414] [T1x_rxn0473] ✅ 严格正确 | 原子数：14
[test_sample_07415] [T1x_rxn0474] ❌ 错误 | 原子数：14
  - 正确映射：[ 4  2  6  7  3 10  1 13 11  9  8  5 12  0]
  - 预测映射：[ 4  6  7 10  3  2 13  1  8  9 12  5  0 11]
[test_sample_07416] [T1x_rxn0517] ❌ 错误 | 原子数：14
  - 正确映射：[ 0 12  3  9 10  6  4  5  1 11  2  7  8 13]
  - 预测映射：[ 0 12 10  9  3  6  4 13  7  8  2  1 11  5]
[test_sample_07417] [T1x_rxn0518] ❌ 错误 | 原子数：14
  - 正确映射：[ 5 11 10  8  7  2  9  0  3 12 13  4  6  1]
  - 预测映射：[ 5 11 10  8  7  2  9  0  3 12  1 13  6  4]
[test_sample_07418] [T1x_rxn0519] ❌ 错误 | 原子数：14
  - 正确映射：[ 4 11  3 12  2  9 13  6 10  8  1  0  7  5]
  - 预测映射：[ 4 11  3 12  2  9  5  6 13 10  8  0  7  1]
[test_sample_07419] [T1x_rxn0520] ❌ 错误 | 原子数：14
  - 正确映射：[ 8  5  3  9 10  2 13  1 11  6  7  4 12  0]
  - 预测映射：[ 8  5 10  9  3  2 13  0  4 12  7 11  6  1]
[test_sample_07420] [T1x_rxn0521] ❌ 错误 | 原子数：14
  - 正确映射：[ 4  2  1  8 12  7  9  6 13 11  0  5  3 10]
  - 预测映射：[ 4  2 12  8  1  7  5  6  3 10  0  9 13 11]
[test_sample_07421] [T1x_rxn0522] ✅ 严格正确 | 原子数：14
[test_sample_07422] [T1x_rxn0523] ❌ 错误 | 原子数：14
  - 正确映射：[ 6  0  4  2 11 12 10  7  8  5 13  1  9  3]
  - 预测映射：[ 6  0  4  2 11 12 10  3  8  5 13  1  9  7]
[test_sample_07423] [T1x_rxn0524] ❌ 错误 | 原子数：14
  - 正确映射：[ 9 11  6  1  8 13  0 10  3  4  5  7  2 12]
  - 预测映射：[ 9 11  6  1  8 13 10  0  4  3 12  2  7  5]
[test_sample_07424] [T1x_rxn0525] ❌ 错误 | 原子数：14
  - 正确映射：[ 3  6  9  1  8  4  2 12  5  7 10 11  0 13]
  - 预测映射：[ 3  6  4  8  1  9 12  5 13  2 11 10  0  7]
[test_sample_07425] [T1x_rxn0526] ✅ 严格正确 | 原子数：14
[test_sample_07426] [T1x_rxn0527] ✅ 严格正确 | 原子数：14
[test_sample_07427] [T1x_rxn0528] ❌ 错误 | 原子数：14
  - 正确映射：[ 2 11  8 12 13  0  9  5  7 10  1  3  4  6]
  - 预测映射：[ 2 11 13 12  8  0  5  9  4  6  1  3  7 10]
[test_sample_07428] [T1x_rxn0529] ❌ 错误 | 原子数：14
  - 正确映射：[ 5  9  8 13 12 11  0  7  3  1  6  2  4 10]
  - 预测映射：[ 5  9 11 12 13  8  1  0  4 10  2  7  6  3]
[test_sample_07429] [T1x_rxn0530] ❌ 错误 | 原子数：14
  - 正确映射：[ 5  8  6 10 12  7  3  9  4  1 11  2  0 13]
  - 预测映射：[ 5  7  6 10 12  8  3 13  1  9  0  4  2 11]
[test_sample_07430] [T1x_rxn0531] ❌ 错误 | 原子数：14
  - 正确映射：[ 1  4  2  8 12  5  0 11 10  6  9  3 13  7]
  - 预测映射：[ 1 12  5  4  8  2  3  0 13  7 11  9  6 10]
[test_sample_07431] [T1x_rxn0532] ❌ 错误 | 原子数：14
  - 正确映射：[ 3  1  2  5  6 11  4 12  8  0  9 13  7 10]
  - 预测映射：[ 3  1  2  5  6 11  4 12  8  9  0 13  7 10]
[test_sample_07432] [T1x_rxn0533] ❌ 错误 | 原子数：14
  - 正确映射：[ 0  4  8  7 10  5  2 13  9 12  6 11  1  3]
  - 预测映射：[ 0  4  8  7 10  5  2 12  9  6  3 11  1 13]
[test_sample_07433] [T1x_rxn0534] ❌ 错误 | 原子数：14
  - 正确映射：[ 7 10  5  0  3 11  8  6  4  2 13  1  9 12]
  - 预测映射：[ 7 10 11  3  5  0  6  8  1 12  9  4  2 13]
[test_sample_07434] [T1x_rxn0535] ✅ 严格正确 | 原子数：14
[test_sample_07435] [T1x_rxn0536] ❌ 错误 | 原子数：14
  - 正确映射：[ 9  6  3  1 10 13 11  5  8  7  4 12  0  2]
  - 预测映射：[ 9  6  3  1 13 10  5 11  7  8  4  2  0 12]
[test_sample_07436] [T1x_rxn0623] ❌ 错误 | 原子数：14
  - 正确映射：[ 7  8  4 11  3  5 10  0 13  2 12  6  1  9]
  - 预测映射：[ 7  8  3 11  4  5 13  0 10  1  9  6  2 12]
[test_sample_07437] [T1x_rxn0624] ❌ 错误 | 原子数：14
  - 正确映射：[ 3  4 13 12  9  2  0  8  7  5  1 10  6 11]
  - 预测映射：[ 9 12 13  4  3  2 10 11  6  5  1  7  8  0]
[test_sample_07438] [T1x_rxn0625] ❌ 错误 | 原子数：14
  - 正确映射：[ 9 12  2  0  6 11  5  7  4  8  3 10  1 13]
  - 预测映射：[ 9 12  6  0  2 11  4  7  5  1 13 10  8  3]
[test_sample_07439] [T1x_rxn0626] ❌ 错误 | 原子数：14
  - 正确映射：[ 2  8  7  1 11 13 10  3  0 12  4  5  9  6]
  - 预测映射：[ 1  7  2  8 11 13  0 12  4 10  3  9  5  6]
[test_sample_07440] [T1x_rxn1096] ❌ 错误 | 原子数：14
  - 正确映射：[ 5  2  6 13  1  8 12  0  9 10  7  4 11  3]
  - 预测映射：[ 2  1  6  5 13  8 12  9  4  0 10 11  3  7]
[test_sample_07441] [T1x_rxn1097] ✅ 严格正确 | 原子数：14
[test_sample_07442] [T1x_rxn1098] ❌ 错误 | 原子数：14
  - 正确映射：[ 8  3  6 12  9 10  4  0  5 11 13  1  2  7]
  - 预测映射：[ 8  3  6 10  9 12  5  0  4  2  7 13  1 11]
[test_sample_07443] [T1x_rxn1099] ❌ 错误 | 原子数：14
  - 正确映射：[ 9  3  7 12  5  8  0 10  6  4  2  1 13 11]
  - 预测映射：[ 3  9  7 12  8  5  0  6 10  4 11 13  1  2]
[test_sample_07444] [T1x_rxn1100] ❌ 错误 | 原子数：14
  - 正确映射：[ 8 13  2  3  1  7  9  4 11  0  5  6 12 10]
  - 预测映射：[ 8 13  2  3  7  1  9 11  4  6  0 12  5 10]
[test_sample_07445] [T1x_rxn1101] ❌ 错误 | 原子数：14
  - 正确映射：[12  4  7 13  0  9  8  3 10  1  5 11  2  6]
  - 预测映射：[12  4  7 13  0  9 10  3  8  6  5 11  2  1]
[test_sample_07446] [T1x_rxn1102] ❌ 错误 | 原子数：14
  - 正确映射：[ 4 12  7  6  1 13 11  5  8  0 10  2  9  3]
  - 预测映射：[ 4 12  7  6  1 13 11  5  8  0  2  9  3 10]
[test_sample_07447] [T1x_rxn1103] ❌ 错误 | 原子数：14
  - 正确映射：[ 9  6  0  8 12  5 10  2 11  1  7 13  3  4]
  - 预测映射：[ 9  6  0  8  5 12 10  2 11  1  4  3 13  7]
[test_sample_07448] [T1x_rxn1104] ❌ 错误 | 原子数：14
  - 正确映射：[ 1  7 11  5 10 12  2  3 13  4  6  9  0  8]
  - 预测映射：[ 1  7 11  5 10 12  2 13  4  3  8  6  9  0]
[test_sample_07449] [T1x_rxn1105] ❌ 错误 | 原子数：14
  - 正确映射：[ 9  4 13  5 10  7  3  2  0  6  8 12  1 11]
  - 预测映射：[ 9  4 13 10  7  5  0  2  3  8 11 12  1  6]
[test_sample_07450] [T1x_rxn1106] ❌ 错误 | 原子数：14
  - 正确映射：[ 3  5 11  6  2  0  7  4  8 13 10  9  1 12]
  - 预测映射：[ 3  5  2  6 11  0  7  8  4 13 12  9  1 10]
[test_sample_07451] [T1x_rxn1107] ❌ 错误 | 原子数：14
  - 正确映射：[ 8  9  0 11  1  4  5 12 13  2  3  7  6 10]
  - 预测映射：[ 0 11  9  8  1  4  7  3  6 10 12  5 13  2]
[test_sample_07452] [T1x_rxn1108] ❌ 错误 | 原子数：14
  - 正确映射：[13 10  3  7  8  9  2 11 12  5  4  1  6  0]
  - 预测映射：[13 10  8  7  3  9 11  2 12  5  0  1  6  4]
[test_sample_07453] [T1x_rxn1210] ✅ 严格正确 | 原子数：14
[test_sample_07454] [T1x_rxn1211] ❌ 错误 | 原子数：14
  - 正确映射：[ 2 11  1  3  4  5  8  7  0 10 13 12  9  6]
  - 预测映射：[ 2 11  1  3  4  5  8  7  0 10 13  6 12  9]
[test_sample_07455] [T1x_rxn1212] ✅ 严格正确 | 原子数：14
[test_sample_07456] [T1x_rxn1213] ❌ 错误 | 原子数：14
  - 正确映射：[12  1  0 11  8  3  5  9 10  7  2  4 13  6]
  - 预测映射：[12 11  0  1  8  3  5  4 10  7  2  9 13  6]
[test_sample_07457] [T1x_rxn1214] ❌ 错误 | 原子数：14
  - 正确映射：[ 4  0  3 11  6  1  2  8 12  9 13  7  5 10]
  - 预测映射：[ 4  0  3 11  6  1 10  8  2 13 12  7  9  5]
[test_sample_07458] [T1x_rxn1215] ❌ 错误 | 原子数：14
  - 正确映射：[ 1  3  8  2  9  7 10  0 11  5 13  4 12  6]
  - 预测映射：[ 8  2  9  3  1  7 13 12  5 11  6  4  0 10]
[test_sample_07459] [T1x_rxn1216] ❌ 错误 | 原子数：14
  - 正确映射：[13 11  2  5  9 12  8 10  4  7  6  3  0  1]
  - 预测映射：[ 5  2 11 13  9 12  0  7  3 10  6  4  8  1]
[test_sample_07460] [T1x_rxn1217] ❌ 错误 | 原子数：14
  - 正确映射：[13  4  0  8 10  3  6  1 12  7  2 11  5  9]
  - 预测映射：[ 0  8 13  4 10  3  7 11  2  6 12  1  9  5]
[test_sample_07461] [T1x_rxn1218] ❌ 错误 | 原子数：14
  - 正确映射：[12  2  9  7 10  4  5 11 13  3  0  8  6  1]
  - 预测映射：[12  2  9  7 10  4 11  5 13  8  0  3  1  6]
[test_sample_07462] [T1x_rxn1219] ❌ 错误 | 原子数：14
  - 正确映射：[13  6  2  5  3 11  0  8 10  4 12  7  1  9]
  - 预测映射：[ 2  6  5  3 13 11  4 10 12  9  7  1  0  8]
[test_sample_07463] [T1x_rxn1220] ❌ 错误 | 原子数：14
  - 正确映射：[ 3  9  5 13  0 12 10  2 11  8  4  7  1  6]
  - 预测映射：[ 0 13  5  9  3 12 10  6  1  8  7  4  2 11]
[test_sample_07464] [T1x_rxn1221] ✅ 严格正确 | 原子数：14
[test_sample_07465] [T1x_rxn1411] ❌ 错误 | 原子数：14
  - 正确映射：[ 9  7  3  6 10  1 13  8  2  4 11  0 12  5]
  - 预测映射：[ 9  7  3  6  1 10 13  5  2  4 11  0 12  8]
[test_sample_07466] [T1x_rxn1412] ❌ 错误 | 原子数：14
  - 正确映射：[11 13  3  6  2  9  0  4  7  1  5 10 12  8]
  - 预测映射：[11 13  3  6  2  9  0  8  4  7  1 10 12  5]
[test_sample_07467] [T1x_rxn1436] ❌ 错误 | 原子数：14
  - 正确映射：[ 2  8  5  6  7  3  1  9 10 13 11  4  0 12]
  - 预测映射：[ 2  3  7  6  5  8  9  1 12  0  4 11 13 10]
[test_sample_07468] [T1x_rxn1437] ✅ 严格正确 | 原子数：14
[test_sample_07469] [T1x_rxn1438] ✅ 严格正确 | 原子数：14
[test_sample_07470] [T1x_rxn1439] ❌ 错误 | 原子数：14
  - 正确映射：[ 6  9 12  3  7  0 10  1  2  5  4 13  8 11]
  - 预测映射：[ 6  0  7  3 12  9 10  1  8 11 13  4  2  5]
[test_sample_07471] [T1x_rxn1440] ❌ 错误 | 原子数：14
  - 正确映射：[13 11  7  8  3  6 10  5  9  4 12  2  1  0]
  - 预测映射：[ 6  3  7  8 11 13  0  5  1  2 12  4  9 10]
[test_sample_07472] [T1x_rxn1441] ❌ 错误 | 原子数：14
  - 正确映射：[ 5 10  6  4  8 11 12  7  3 13  0  9  1  2]
  - 预测映射：[ 5 10  6  4  8 11 12  7  3 13  0  2  9  1]
[test_sample_07473] [T1x_rxn1442] ❌ 错误 | 原子数：14
  - 正确映射：[ 2 13  3 11  1  0  7  4  6  9 12  5  8 10]
  - 预测映射：[13  3  1 11  2  0  6  5  9 12  4  7  8 10]
[test_sample_07474] [T1x_rxn1443] ❌ 错误 | 原子数：14
  - 正确映射：[ 7  3 11  6  1  4  5  8  9 12  0 10 13  2]
  - 预测映射：[ 3 11  1  6  4  7 12  9  0 10  8  2  5 13]
[test_sample_07475] [T1x_rxn1444] ❌ 错误 | 原子数：14
  - 正确映射：[13  0  2  5 12  1  6  3  4  7  9  8 10 11]
  - 预测映射：[13  0  2  5 12  1  3 11  6  7  9  8  4 10]
[test_sample_07476] [T1x_rxn1445] ❌ 错误 | 原子数：14
  - 正确映射：[13 10  4  2  1 11  7 12  5  6  9  0  8  3]
  - 预测映射：[11 13 10  2  4  1  7  3  8  5  6  9 12  0]
[test_sample_07477] [T1x_rxn1473] ❌ 错误 | 原子数：14
  - 正确映射：[ 6 12  8 11  7  1  5  3  2  9  4  0 10 13]
  - 预测映射：[ 6 12  8  7 11  1  2  3  5  9 13 10  0  4]
[test_sample_07478] [T1x_rxn1474] ❌ 错误 | 原子数：14
  - 正确映射：[10  8  1 11  5  3  4 12  2  9  6  0 13  7]
  - 预测映射：[11  8  1 10  5  3  6 12  2  0  4  9 13  7]
[test_sample_07479] [T1x_rxn1475] ❌ 错误 | 原子数：14
  - 正确映射：[ 6  8  1 13  4  5 11 10  9 12  0  2  3  7]
  - 预测映射：[ 6  8  1 13  4  5 11 10  9 12  7  2  3  0]
[test_sample_07480] [T1x_rxn1476] ❌ 错误 | 原子数：14
  - 正确映射：[ 2  6 11  7 13 12  5  4  8  9 10  0  3  1]
  - 预测映射：[ 2 11  6  7 13 12  9  5  4  8 10  0  3  1]
[test_sample_07481] [T1x_rxn1477] ❌ 错误 | 原子数：14
  - 正确映射：[ 1  8  6 11  7  0  3 12  2  5 10 13  9  4]
  - 预测映射：[ 1  8  6 11  7  0  3  5  2 12 13 10  4  9]
[test_sample_07482] [T1x_rxn1478] ❌ 错误 | 原子数：14
  - 正确映射：[10  8 11  7  9 12 13  5  6  2  3  0  1  4]
  - 预测映射：[ 8 10 11  7  9 12  6  5 13  2  0  3  4  1]
[test_sample_07483] [T1x_rxn1534] ❌ 错误 | 原子数：14
  - 正确映射：[ 5 13  7  3  0 10 12  2  4  6  9 11  1  8]
  - 预测映射：[ 5 13 10  3  0  7  2 12  4  6  1  8  9 11]
[test_sample_07484] [T1x_rxn1535] ❌ 错误 | 原子数：14
  - 正确映射：[ 1  9  0 12  8  5  4 11  3 13  2 10  7  6]
  - 预测映射：[ 1  9  0 12  8  5  3 11  4  6 10  2  7 13]
[test_sample_07485] [T1x_rxn1536] ❌ 错误 | 原子数：14
  - 正确映射：[ 8  2  3 11  5  9  1  4  7 10  0 12 13  6]
  - 预测映射：[ 2  8  9 11  5  3 13 10  4  7  1  6 12  0]
[test_sample_07486] [T1x_rxn1537] ✅ 严格正确 | 原子数：14
[test_sample_07487] [T1x_rxn1538] ✅ 严格正确 | 原子数：14
[test_sample_07488] [T1x_rxn1539] ❌ 错误 | 原子数：14
  - 正确映射：[ 3 10  4  6  0 12  1  5 13  9  2  8 11  7]
  - 预测映射：[12 10  3  6  0  4 11  9 13  1  5  7  2  8]
[test_sample_07489] [T1x_rxn1540] ❌ 错误 | 原子数：14
  - 正确映射：[ 8  7  3 10 11  1  2  5  0  6 13 12  4  9]
  - 预测映射：[ 8  7  1 10 11  3  2  0  5  6  4  9 12 13]
[test_sample_07490] [T1x_rxn1612] ❌ 错误 | 原子数：14
  - 正确映射：[ 6  5  2  7  8 10 12  1 13  0  4 11  9  3]
  - 预测映射：[ 6  5  2  7  8 10 13  1 12  9 11  0  4  3]
[test_sample_07491] [T1x_rxn1613] ✅ 严格正确 | 原子数：14
[test_sample_07492] [T1x_rxn1635] ✅ 严格正确 | 原子数：14
[test_sample_07493] [T1x_rxn1636] ❌ 错误 | 原子数：14
  - 正确映射：[ 2 10  8 12  6  3  9  1 11 13  7  5  0  4]
  - 预测映射：[ 2 10  8  3  6 12  9  1 11 13  7  5  4  0]
[test_sample_07494] [T1x_rxn1637] ❌ 错误 | 原子数：14
  - 正确映射：[ 8  5 12  7 10  0  1  9 11  4  2  6  3 13]
  - 预测映射：[ 8  5 12  7 10  0 13  9 11  1  6  2  3  4]
[test_sample_07495] [T1x_rxn1638] ✅ 严格正确 | 原子数：14
[test_sample_07496] [T1x_rxn1639] ✅ 严格正确 | 原子数：14
[test_sample_07497] [T1x_rxn1640] ❌ 错误 | 原子数：14
  - 正确映射：[ 6  2 11  4 10  3  9  8 13  5  0 12  1  7]
  - 预测映射：[ 6  2  3  4 10 11 13  0  8  5  9  7  1 12]
[test_sample_07498] [T1x_rxn1641] ❌ 错误 | 原子数：14
  - 正确映射：[ 8  6 13  1  7  5  2  9  0 12  4 11  3 10]
  - 预测映射：[13  6  8  5  7  1  4 11  0 12  2  9 10  3]
[test_sample_07499] [T1x_rxn1642] ❌ 错误 | 原子数：14
  - 正确映射：[ 3  6 13  8  7 11 12 10  4  2  9  0  1  5]
  - 预测映射：[ 3  6 13 11  7  8 10 12  4  9  2  0  5  1]
[test_sample_07500] [T1x_rxn1643] ❌ 错误 | 原子数：14
  - 正确映射：[ 4  8  9 10 13  2 11  0  3  1 12  6  5  7]
  - 预测映射：[ 4  8  2 10 13  9  0 11  3  6  1  7  5 12]
[test_sample_07501] [T1x_rxn1644] ❌ 错误 | 原子数：14
  - 正确映射：[ 5  0 10  6  1 12  8 13  3  2  7  4  9 11]
  - 预测映射：[ 6 10  5  0  1 12  8  9  4  2  7  3 13 11]
[test_sample_07502] [T1x_rxn1645] ✅ 严格正确 | 原子数：14
[test_sample_07503] [T1x_rxn1646] ✅ 严格正确 | 原子数：14
[test_sample_07504] [T1x_rxn1647] ✅ 严格正确 | 原子数：14
[test_sample_07505] [T1x_rxn1648] ❌ 错误 | 原子数：14
  - 正确映射：[ 2  4  6  5  0 13 11  1  3  7 12  8 10  9]
  - 预测映射：[ 2  4  6  5  0 13  9  1  3  7 11 12  8 10]
[test_sample_07506] [T1x_rxn1712] ❌ 错误 | 原子数：14
  - 正确映射：[ 4  3 11 10  1 12  7  0 13  8  6  5  2  9]
  - 预测映射：[ 4  3 11 10  1 12  8  7 13  9  6  5  2  0]
[test_sample_07507] [T1x_rxn1713] ❌ 错误 | 原子数：14
  - 正确映射：[ 8 13  0  6  9 12 10  2  1 11  3  4  7  5]
  - 预测映射：[ 9  6  0 13  8 12  7  3  4 11  2  1 10  5]
[test_sample_07508] [T1x_rxn1714] ✅ 严格正确 | 原子数：14
[test_sample_07509] [T1x_rxn1772] ✅ 严格正确 | 原子数：14
[test_sample_07510] [T1x_rxn1773] ✅ 严格正确 | 原子数：14
[test_sample_07511] [T1x_rxn1774] ❌ 错误 | 原子数：14
  - 正确映射：[ 9  5  7  1 13 11  0  3 12  4  8  2 10  6]
  - 预测映射：[ 9  5 11  7 13  1 10  0  6 12  2  8  3  4]
[test_sample_07512] [T1x_rxn1775] ✅ 严格正确 | 原子数：14
[test_sample_07513] [T1x_rxn1776] ✅ 严格正确 | 原子数：14
[test_sample_07514] [T1x_rxn1777] ❌ 错误 | 原子数：14
  - 正确映射：[ 2  9  8  7 11 12  5  1  3  6 13  0  4 10]
  - 预测映射：[ 2  9  8 11  7 12  5  6  3 13  0  1 10  4]
[test_sample_07515] [T1x_rxn1778] ❌ 错误 | 原子数：14
  - 正确映射：[10  6  1  5 12  4  9 13 11  0  8  2  3  7]
  - 预测映射：[10  6  1  5 12  4  9 13 11  7  8  0  3  2]
[test_sample_07516] [T1x_rxn1779] ❌ 错误 | 原子数：14
  - 正确映射：[ 1  3  4  5  9  6  2 11 12  7 10 13  8  0]
  - 预测映射：[ 1  6  9  5  4  3  8 13 10  0 12 11  2  7]
[test_sample_07517] [T1x_rxn1780] ✅ 严格正确 | 原子数：14
[test_sample_07518] [T1x_rxn1781] ✅ 严格正确 | 原子数：14
[test_sample_07519] [T1x_rxn1818] ❌ 错误 | 原子数：14
  - 正确映射：[ 6 12  5  0  3  9 13 10  2  7 11  8  4  1]
  - 预测映射：[ 6 12  5  0  3  9 13  2 10 11  7  8  4  1]
[test_sample_07520] [T1x_rxn2127] ❌ 错误 | 原子数：14
  - 正确映射：[ 2  5 10  3 11  1  0  6 13  9  4 12  7  8]
  - 预测映射：[11  5 10  3  2  1  8  0 13  7  9  4 12  6]
[test_sample_07521] [T1x_rxn2128] ❌ 错误 | 原子数：14
  - 正确映射：[ 7  9 12  0 13  8 11  1  2  3  5  6  4 10]
  - 预测映射：[ 7  9 12  0 13  8  2 10  1  5 11  6  4  3]
[test_sample_07522] [T1x_rxn2129] ❌ 错误 | 原子数：14
  - 正确映射：[10  6  9  1  5  3  8 13  7 12 11  2  0  4]
  - 预测映射：[10  6  1  9  5  3 11 13  7  8  2 12  0  4]
[test_sample_07523] [T1x_rxn2130] ❌ 错误 | 原子数：14
  - 正确映射：[ 4  5  8 11 13  9  1  2 12 10  3  0  7  6]
  - 预测映射：[ 8  5 11  4 13  9  3  7 10 12  0  1  2  6]
[test_sample_07524] [T1x_rxn2131] ❌ 错误 | 原子数：14
  - 正确映射：[10  9  5 11  2  4  1  7 12 13  0  8  3  6]
  - 预测映射：[ 5  9  2 10 11  4 13  3  0  6  1 12  7  8]
[test_sample_07525] [T1x_rxn2132] ❌ 错误 | 原子数：14
  - 正确映射：[ 8  3  9 12  1  5 13 10  0  2 11  7  6  4]
  - 预测映射：[12  9  8  3  1  5  6  7  2 10 13  4  0 11]
[test_sample_07526] [T1x_rxn2133] ✅ 严格正确 | 原子数：14
[test_sample_07527] [T1x_rxn2134] ❌ 错误 | 原子数：14
  - 正确映射：[ 1  8  0  9  2  5 13 10 11  6 12  7  4  3]
  - 预测映射：[ 1  0  9  8  2  5 11 10 12  4  7 13  6  3]
[test_sample_07528] [T1x_rxn2135] ❌ 错误 | 原子数：14
  - 正确映射：[ 6 12 13  3  1 11  4  8  5  0  7 10  9  2]
  - 预测映射：[13 12  1  6  3 11  7  0  9  8  4 10  5  2]
[test_sample_07529] [T1x_rxn2376] ❌ 错误 | 原子数：14
  - 正确映射：[ 7 13 11  1  4  3  2 10  5  6 12  8  0  9]
  - 预测映射：[ 7 13  3  1 11  4 10  0  9 12  5  6  2  8]
[test_sample_07530] [T1x_rxn2377] ❌ 错误 | 原子数：14
  - 正确映射：[ 2  9  6  3  8 10  7  0 11  4  5  1 12 13]
  - 预测映射：[ 2  9  6  3 10  8  7 11  0 13  5 12  4  1]
[test_sample_07531] [T1x_rxn2378] ❌ 错误 | 原子数：14
  - 正确映射：[ 9 13 12 11  5  0  4 10  2  7  3  8  6  1]
  - 预测映射：[ 9 13 12 11  0  5  4  2 10  7  1  6  8  3]
[test_sample_07532] [T1x_rxn2439] ✅ 严格正确 | 原子数：14
[test_sample_07533] [T1x_rxn2440] ❌ 错误 | 原子数：14
  - 正确映射：[ 3 13  4  9  8  1 11  5  7  2  6 10 12  0]
  - 预测映射：[ 3  1  8  9  4 13 11  5  0 10 12  2  6  7]
[test_sample_07534] [T1x_rxn2441] ❌ 错误 | 原子数：14
  - 正确映射：[ 4  6 10  3 13 12  5 11  2  9  1  7  0  8]
  - 预测映射：[12  4  6  3 10 13  8  0 11  2  9  1  5  7]
[test_sample_07535] [T1x_rxn2442] ❌ 错误 | 原子数：14
  - 正确映射：[12  4  7  2  1  0 13 10 11  9  6  8  5  3]
  - 预测映射：[ 0  4 12  2  7  1 13  3 11 10  9  8  6  5]
[test_sample_07536] [T1x_rxn2443] ❌ 错误 | 原子数：14
  - 正确映射：[12  8 10  3  9  0  1 13  6  7  2  5  4 11]
  - 预测映射：[ 8 12 10  3  9  0 13  6  1  2  7  4  5 11]
[test_sample_07537] [T1x_rxn2444] ❌ 错误 | 原子数：14
  - 正确映射：[ 3  6 10 11 13  9  4 12  8  2  0  7  5  1]
  - 预测映射：[10  6  3 11  9 13  2  8  0  4 12  7  1  5]
[test_sample_07538] [T1x_rxn2445] ❌ 错误 | 原子数：14
  - 正确映射：[12  5  4  1  6  8 10  2  3  7 13  0 11  9]
  - 预测映射：[12  8  6  1  4  5  3 10  9  0 11  7 13  2]
[test_sample_07539] [T1x_rxn2446] ✅ 严格正确 | 原子数：14
[test_sample_07540] [T1x_rxn2447] ❌ 错误 | 原子数：14
  - 正确映射：[ 6  5  3  9  7  8  4  0 10 12 13  2 11  1]
  - 预测映射：[ 5  8  3  9  7  6  1 10  4 13 12 11  2  0]
[test_sample_07541] [T1x_rxn2448] ❌ 错误 | 原子数：14
  - 正确映射：[ 9  2  6  5  1  8 12 10  3  7 13  0  4 11]
  - 预测映射：[ 9  6  1  5  8  2 12 10  7  0  4 11 13  3]
[test_sample_07542] [T1x_rxn2466] ✅ 严格正确 | 原子数：14
[test_sample_07543] [T1x_rxn2467] ❌ 错误 | 原子数：14
  - 正确映射：[ 9  3  2  5  1  4  0  8 10  6 11 13 12  7]
  - 预测映射：[ 9  3  2  5  1  4  0  8 11 10 13  6 12  7]
[test_sample_07544] [T1x_rxn2468] ❌ 错误 | 原子数：14
  - 正确映射：[ 5  8 13 12  0 10  4  2  7  9  6 11  1  3]
  - 预测映射：[ 5  8 13 12 10  0  4  1  7  2  9  3  6 11]
[test_sample_07545] [T1x_rxn2469] ❌ 错误 | 原子数：14
  - 正确映射：[ 4  8  6  0  5  2 10  1  3 11 12  7  9 13]
  - 预测映射：[ 4  8  6  0  5  2 10 12 11  3  1  7 13  9]
[test_sample_07546] [T1x_rxn2470] ❌ 错误 | 原子数：14
  - 正确映射：[10  6 11 13  0  4  2  8 12  3  9  7  5  1]
  - 预测映射：[10  4  6 11 13  0  5  1  2  8 12  3  9  7]
[test_sample_07547] [T1x_rxn2471] ❌ 错误 | 原子数：14
  - 正确映射：[11  6  5  0  4  7  9  3 13  1 12  8  2 10]
  - 预测映射：[11  6  7  5  0  4  2 10  9  3 13  1 12  8]
[test_sample_07548] [T1x_rxn2472] ❌ 错误 | 原子数：14
  - 正确映射：[11  0  7  8  6  3 12  1  5  9 10  4 13  2]
  - 预测映射：[11  0  7  3  6  8 12  1 13  2 10  4  5  9]
[test_sample_07549] [T1x_rxn2473] ❌ 错误 | 原子数：14
  - 正确映射：[ 4  0 10  8 11  2  6  7  3  5  1 12  9 13]
  - 预测映射：[ 4  0 10  8 11  2  6  9  5  3 12  1  7 13]
[test_sample_07550] [T1x_rxn2474] ✅ 严格正确 | 原子数：14
[test_sample_07551] [T1x_rxn2475] ✅ 严格正确 | 原子数：14
[test_sample_07552] [T1x_rxn2476] ❌ 错误 | 原子数：14
  - 正确映射：[ 0  8  5 13 10 11  9  1  3  6  4  7 12  2]
  - 预测映射：[ 0  8  5 13 10 11  9 12  6  3  7  4  1  2]
[test_sample_07553] [T1x_rxn2661] ✅ 严格正确 | 原子数：14
[test_sample_07554] [T1x_rxn2662] ❌ 错误 | 原子数：14
  - 正确映射：[ 3  4  0 12  1  2 11  9  5 10 13  6  7  8]
  - 预测映射：[ 3  4  0 12  1  2  9 10 11  5 13  6  7  8]
[test_sample_07555] [T1x_rxn2663] ❌ 错误 | 原子数：14
  - 正确映射：[13  9  7  0  6 12  8 11  4  2  1 10  3  5]
  - 预测映射：[12  6 13  0  9  7  1  5  3 10 11  4  8  2]
[test_sample_07556] [T1x_rxn2664] ❌ 错误 | 原子数：14
  - 正确映射：[ 0 11  7 13  5  6 12  8 10  1  3  2  4  9]
  - 预测映射：[ 0 11  7 13  5  6  8 12  9  1  3  4  2 10]
[test_sample_07557] [T1x_rxn2665] ❌ 错误 | 原子数：14
  - 正确映射：[ 0  9  8 10  4 13  1  6  2  3  5 11  7 12]
  - 预测映射：[ 0 13  8 10  4  9  1  6  7 12  5  2 11  3]
[test_sample_07558] [T1x_rxn2666] ❌ 错误 | 原子数：14
  - 正确映射：[12  0  8  5  2 10  7  4  9  3 13  6 11  1]
  - 预测映射：[12  0  8  5  2 10  9  7  6  3 13 11  1  4]
[test_sample_07559] [T1x_rxn2667] ❌ 错误 | 原子数：14
  - 正确映射：[ 0  9 12  4  1  3  6  5  2 10  7 13  8 11]
  - 预测映射：[ 0  9 12  4  1  3  5 10  6  2  7 13  8 11]
[test_sample_07560] [T1x_rxn2668] ✅ 严格正确 | 原子数：14
[test_sample_07561] [T1x_rxn2669] ❌ 错误 | 原子数：14
  - 正确映射：[11  9  2 13  0 12 10  1  5  8  7  6  4  3]
  - 预测映射：[11  9  2 13  0 12 10  3  5  1  8  6  4  7]
[test_sample_07562] [T1x_rxn2682] ❌ 错误 | 原子数：14
  - 正确映射：[ 7  4  0  8 10  3  1 11  6  5  9 13  2 12]
  - 预测映射：[ 7  4  0  8 10  3  5  6 13  1 11  2 12  9]
[test_sample_07563] [T1x_rxn2683] ✅ 严格正确 | 原子数：14
[test_sample_07564] [T1x_rxn2684] ❌ 错误 | 原子数：14
  - 正确映射：[ 2  1  4 12  3 13 10  9  0  6  5 11  8  7]
  - 预测映射：[ 2  1  4 12  3 13  6  9  0 10  5  8 11  7]
[test_sample_07565] [T1x_rxn2685] ✅ 严格正确 | 原子数：14
[test_sample_07566] [T1x_rxn2686] ❌ 错误 | 原子数：14
  - 正确映射：[ 4 12  0  6  7  2  8  1  5  9  3 11 10 13]
  - 预测映射：[ 4 12  0  6  7  2  9  3  1  8 11 10  5 13]
[test_sample_07567] [T1x_rxn2783] ❌ 错误 | 原子数：14
  - 正确映射：[ 6 10 12  7  8  2  9  4  5 13  0  1 11  3]
  - 预测映射：[ 8  2 12  7  6 10  1  0 11  3 13  9  4  5]
[test_sample_07568] [T1x_rxn2784] ❌ 错误 | 原子数：14
  - 正确映射：[ 1  0  3 13  2 11 10  4  6  7  9  5  8 12]
  - 预测映射：[ 1  0  3 13 11  2 10  7  6  4  8  5  9 12]
[test_sample_07569] [T1x_rxn2785] ❌ 错误 | 原子数：14
  - 正确映射：[ 6  8  1 11  0 13  3  9  5 10  2  7  4 12]
  - 预测映射：[ 6  8  1 11  0 13  5  9 10  3  2  7  4 12]
[test_sample_07570] [T1x_rxn2786] ❌ 错误 | 原子数：14
  - 正确映射：[ 2  4  9 10  7  0  3 11  8 13  5  1  6 12]
  - 预测映射：[ 2 10  9  7  4  0 11  8  3  5  1 13  6 12]
[test_sample_07571] [T1x_rxn2787] ❌ 错误 | 原子数：14
  - 正确映射：[ 9  1 12  7  8 13  0 10  3  4  5 11  2  6]
  - 预测映射：[ 8  7 12  1  9 13  2  6 11  5  0  3 10  4]
[test_sample_07572] [T1x_rxn2788] ✅ 严格正确 | 原子数：14
[test_sample_07573] [T1x_rxn2789] ❌ 错误 | 原子数：14
  - 正确映射：[ 2  9 13  4  8  7  6  3 10 12 11  5  0  1]
  - 预测映射：[ 2  7 13  9  4  8 10  6  3  1 12 11  0  5]
[test_sample_07574] [T1x_rxn2790] ✅ 严格正确 | 原子数：14
[test_sample_07575] [T1x_rxn2791] ❌ 错误 | 原子数：14
  - 正确映射：[13  5 11  0  6  8 10  9  3 12  7  2  4  1]
  - 预测映射：[13  5 11  0  6  8 10 12  3  9  7  2  1  4]
[test_sample_07576] [T1x_rxn2792] ✅ 严格正确 | 原子数：14
[test_sample_07577] [T1x_rxn2793] ✅ 严格正确 | 原子数：14
[test_sample_07578] [T1x_rxn2794] ✅ 严格正确 | 原子数：14
[test_sample_07579] [T1x_rxn2818] ❌ 错误 | 原子数：14
  - 正确映射：[ 9  2 10 13  7 12 11  4  5  1  8  3  0  6]
  - 预测映射：[ 9  2 10 13  7 12 11  4  5  1  6  8  0  3]
[test_sample_07580] [T1x_rxn2819] ❌ 错误 | 原子数：14
  - 正确映射：[10  2  1 12  9  6  4 13  8 11  5  3  7  0]
  - 预测映射：[10  2  1 12  9  6 13  4  8 11  5  3  7  0]
[test_sample_07581] [T1x_rxn2820] ❌ 错误 | 原子数：14
  - 正确映射：[ 7  4  2 12  1  8  3  9  5  6 11 10  0 13]
  - 预测映射：[ 7  4  2 12  1  8 10  3  5  9 11  0  6 13]
[test_sample_07582] [T1x_rxn2821] ✅ 严格正确 | 原子数：14
[test_sample_07583] [T1x_rxn2822] ❌ 错误 | 原子数：14
  - 正确映射：[ 5  9  4 13 12 10  3  2  7 11  8  0  1  6]
  - 预测映射：[ 5  9  4 13 12 10  3  2  7  8 11  0  1  6]
[test_sample_07584] [T1x_rxn2823] ❌ 错误 | 原子数：14
  - 正确映射：[13  6  8  9  0 11  4  3  5  7  2 10  1 12]
  - 预测映射：[13  6  8  9  0 11 10  4  3  7  2  5  1 12]
[test_sample_07585] [T1x_rxn2824] ❌ 错误 | 原子数：14
  - 正确映射：[ 0 12  2 13  6 10 11  5  8  7  9  4  3  1]
  - 预测映射：[ 0 12  2 10  6 13 11  5  8  9  1  7  3  4]
[test_sample_07586] [T1x_rxn2825] ❌ 错误 | 原子数：14
  - 正确映射：[ 5  0  7  6  2  9 11  3  4  8 13 10  1 12]
  - 预测映射：[ 5  9  7  6  2  0 12 11  4  3 13 10  1  8]
[test_sample_07587] [T1x_rxn2826] ❌ 错误 | 原子数：14
  - 正确映射：[ 9  0 11  4  7  5  1 12  6  8 10 13  3  2]
  - 预测映射：[ 9  0 11  4  7  5  1 12  6  8 10  3 13  2]
[test_sample_07588] [T1x_rxn2827] ❌ 错误 | 原子数：14
  - 正确映射：[12  4 10  9  6  0  2  7  3 11  1  8  5 13]
  - 预测映射：[12  4 10  0  6  9 13  7 11  3  8  1  5  2]
[test_sample_07589] [T1x_rxn2828] ❌ 错误 | 原子数：14
  - 正确映射：[ 9  7  6  4 12  0  5 10  2 13  1  8 11  3]
  - 预测映射：[ 9  7  6  4 12  0  5 10  2  3  1  8 11 13]
[test_sample_07590] [T1x_rxn2829] ❌ 错误 | 原子数：14
  - 正确映射：[ 7  0 12  4 11  9  6 10  3  1  2 13  8  5]
  - 预测映射：[ 0  7 12  9 11  4  1 10  3 13  8  5  2  6]
[test_sample_07591] [T1x_rxn2986] ❌ 错误 | 原子数：14
  - 正确映射：[ 0  7  2  3  8  1 11  6  4 10 12  9  5 13]
  - 预测映射：[ 2  7  0  3  8  1 10  9 12 11  4  6 13  5]
[test_sample_07592] [T1x_rxn2987] ❌ 错误 | 原子数：14
  - 正确映射：[ 1 11 12  0  6  7  2 13  8  3  5  9 10  4]
  - 预测映射：[ 1 11 12  0  7  6  2 13  8  3  5  9 10  4]
[test_sample_07593] [T1x_rxn2988] ❌ 错误 | 原子数：14
  - 正确映射：[ 2 11  1  6 10 13  8  7  5  0 12  9  3  4]
  - 预测映射：[13 10  2  6 11  1 12  9  7  3  8  5  4  0]
[test_sample_07594] [T1x_rxn2989] ❌ 错误 | 原子数：14
  - 正确映射：[ 9  6 11  2  8  7 12  4  5 10  3  0  1 13]
  - 预测映射：[11  6  7  2  8  9  3  0 10 13  5  1  4 12]
[test_sample_07595] [T1x_rxn2990] ❌ 错误 | 原子数：14
  - 正确映射：[ 4  5  3  8  2 13  1  0  7 10  6  9 11 12]
  - 预测映射：[13  2  3  8  5  4 12  6 11 10  9  7  1  0]
[test_sample_07596] [T1x_rxn3144] ❌ 错误 | 原子数：14
  - 正确映射：[ 6  5  2 12  4  8  1  7  9 10  0  3 13 11]
  - 预测映射：[ 2  5  6 12  4  8  1 10  9  7 13  3  0 11]
[test_sample_07597] [T1x_rxn3145] ❌ 错误 | 原子数：14
  - 正确映射：[10  7 11  0 13  3  9  5  1  8  2 12  4  6]
  - 预测映射：[ 7 10  0 11 13  3  8  1  5  9 12  2  6  4]
[test_sample_07598] [T1x_rxn3146] ❌ 错误 | 原子数：14
  - 正确映射：[10 11  2  7  8  3 12  1  5  6 13  0  9  4]
  - 预测映射：[ 2 11  7 10  8  3  6  5 13  0  1 12  4  9]
[test_sample_07599] [T1x_rxn3147] ✅ 严格正确 | 原子数：14
[test_sample_07600] [T1x_rxn3148] ✅ 严格正确 | 原子数：14
[test_sample_07601] [T1x_rxn3149] ❌ 错误 | 原子数：14
  - 正确映射：[ 8  2  0  1  4 11 10  5  3 12  6  9  7 13]
  - 预测映射：[ 1  8  2  0  4 11 10  9  5 12  3  6 13  7]
[test_sample_07602] [T1x_rxn3150] ❌ 错误 | 原子数：14
  - 正确映射：[ 7  2  6  8 13  9  3 12 10  1  4  0 11  5]
  - 预测映射：[ 6  7  2  9 13  8  1  4 12  3 10  5  0 11]
[test_sample_07603] [T1x_rxn3280] ❌ 错误 | 原子数：14
  - 正确映射：[ 6  7  1 12  4  3  2  8 11 13 10  9  5  0]
  - 预测映射：[ 6  7  1 12  4  3  2  0  8 13 10 11  9  5]
[test_sample_07604] [T1x_rxn3281] ❌ 错误 | 原子数：14
  - 正确映射：[ 5  1  7  2 12 11  6  4  3  9 10 13  8  0]
  - 预测映射：[11  1 12  2  7  5  6  4  0  9  8 13 10  3]
[test_sample_07605] [T1x_rxn3282] ❌ 错误 | 原子数：14
  - 正确映射：[ 7  2  8  3 13  1  0  4 10 12  9  5  6 11]
  - 预测映射：[ 7  2  8  3 13  1 10  4  0  6  5  9 12 11]
[test_sample_07606] [T1x_rxn3283] ✅ 严格正确 | 原子数：14
[test_sample_07607] [T1x_rxn3284] ✅ 严格正确 | 原子数：14
[test_sample_07608] [T1x_rxn3285] ❌ 错误 | 原子数：14
  - 正确映射：[ 6 11  9  4  2  1  5 13 10  7  8  3 12  0]
  - 预测映射：[ 6 11  9  4  2  1 13  5 10  3  8  7 12  0]
[test_sample_07609] [T1x_rxn3286] ❌ 错误 | 原子数：14
  - 正确映射：[ 1 10 13  5 11  8  2 12  7  0  9  4  3  6]
  - 预测映射：[ 1 11  8  5 10 13  2  7 12  0  6  3  9  4]
[test_sample_07610] [T1x_rxn3287] ❌ 错误 | 原子数：14
  - 正确映射：[11  6  1  5  2 13  4 12  8 10  7  3  9  0]
  - 预测映射：[11  6  1  5  2 13  8  4 12  3  7 10  9  0]
[test_sample_07611] [T1x_rxn3288] ❌ 错误 | 原子数：14
  - 正确映射：[ 5 11 12  1  9  4  0  8  6 13 10  7  3  2]
  - 预测映射：[12  9  4  1 11  5  7  6 10 13  3  0  2  8]
[test_sample_07612] [T1x_rxn3394] ❌ 错误 | 原子数：14
  - 正确映射：[ 1  6  3 12  7  8 11 13 10  2  0  5  4  9]
  - 预测映射：[ 1  6  3  8  7 12 11 13 10  2  0  5  9  4]
[test_sample_07613] [T1x_rxn3395] ❌ 错误 | 原子数：14
  - 正确映射：[12  0  3  2  6  8 11  5 13  7  1 10  9  4]
  - 预测映射：[12  0  3  2  6  8 11  5 13  1  7 10  9  4]
[test_sample_07614] [T1x_rxn3481] ❌ 错误 | 原子数：14
  - 正确映射：[ 7  2 12  9  1  0 13  8 11  3  5  4 10  6]
  - 预测映射：[12  2  7  0  1  9  8 13 10  6  5  4 11  3]
[test_sample_07615] [T1x_rxn3482] ❌ 错误 | 原子数：14
  - 正确映射：[12  1  5  3  9 13  6 10 11  2  7  4  8  0]
  - 预测映射：[12  1  5 13  9  3  6  2  8 10  0  4 11  7]
[test_sample_07616] [T1x_rxn3483] ❌ 错误 | 原子数：14
  - 正确映射：[ 4  5  3 10  7 11  1  2 12  9  8  6  0 13]
  - 预测映射：[ 4  5  3 11  7 10  1  2  0 13  8  6 12  9]
[test_sample_07617] [T1x_rxn3484] ❌ 错误 | 原子数：14
  - 正确映射：[ 8  9  1  3 10 12  6 11  5  2  7  0 13  4]
  - 预测映射：[ 8  9  3 10 12  1 11  6  7  5  4  0 13  2]
[test_sample_07618] [T1x_rxn3485] ❌ 错误 | 原子数：14
  - 正确映射：[ 8  3  0  2 11 13  4  1  9  7 10  6 12  5]
  - 预测映射：[13  3  0  8  2 11  1  5  9  4  7  6 12 10]
[test_sample_07619] [T1x_rxn3486] ❌ 错误 | 原子数：14
  - 正确映射：[ 7  8  9 12 13  0  2  5  3  4 11  6  1 10]
  - 预测映射：[ 7  8  9  0 13 12  2  4 10  5  1  6  3 11]
[test_sample_07620] [T1x_rxn3487] ❌ 错误 | 原子数：14
  - 正确映射：[ 9 12  1  4 10  0 11  3  5 13  7  8  6  2]
  - 预测映射：[ 9 12  1  4 10  0  3 11 13  5  8  7  2  6]
[test_sample_07621] [T1x_rxn3488] ✅ 严格正确 | 原子数：14
[test_sample_07622] [T1x_rxn3715] ❌ 错误 | 原子数：14
  - 正确映射：[ 6  3 12  2 11  8 10  1  0  9 13  7  5  4]
  - 预测映射：[ 6 12  2 11  8  3  9  0 13  7  5  4  1 10]
[test_sample_07623] [T1x_rxn3716] ✅ 严格正确 | 原子数：14
[test_sample_07624] [T1x_rxn3717] ❌ 错误 | 原子数：14
  - 正确映射：[ 9  0 13  2 11  6  7  4  1  5  8  3 12 10]
  - 预测映射：[ 9  0  6 11  2 13 10 12  8  3  1  5  4  7]
[test_sample_07625] [T1x_rxn3718] ❌ 错误 | 原子数：14
  - 正确映射：[ 2 12  6  7  3  8  4 13  1 10  9  5  0 11]
  - 预测映射：[ 2 12  8  3  7  6 11  0  5  9 10  1  4 13]
[test_sample_07626] [T1x_rxn3719] ❌ 错误 | 原子数：14
  - 正确映射：[ 8  3  6  1  9  0  4 10  2  5  7 11 13 12]
  - 预测映射：[ 8  3  0  9  1  6  4 12 13  7 11  2 10  5]
[test_sample_07627] [T1x_rxn3720] ❌ 错误 | 原子数：14
  - 正确映射：[ 3  5 13  7  0  1 11  4  6 12  8 10  9  2]
  - 预测映射：[ 3  5  0  7 13  1 11 10  6  8 12  4  2  9]
[test_sample_07628] [T1x_rxn3721] ❌ 错误 | 原子数：14
  - 正确映射：[12  3  9  6 10  7  4 13  5  8  2 11  1  0]
  - 预测映射：[12  3  9  6 10  7 13  4  8  5  1  2  0 11]
[test_sample_07629] [T1x_rxn3722] ❌ 错误 | 原子数：14
  - 正确映射：[ 2  7 13  0  3  4 10  1 12  8 11  5  6  9]
  - 预测映射：[ 2  7  4  3  0 13  6  9  5  8 11 12 10  1]
[test_sample_07630] [T1x_rxn3723] ❌ 错误 | 原子数：14
  - 正确映射：[ 8  9 11  0  5  3  2  7 10 13  6 12  1  4]
  - 预测映射：[ 8  9  3  5  0 11  4  1 13  6 10  7  2 12]
[test_sample_07631] [T1x_rxn4051] ❌ 错误 | 原子数：14
  - 正确映射：[ 3  5 13 11  1  9  6  7 10  2  0  8  4 12]
  - 预测映射：[ 3  5 13 11  1  9 10  6  7  2  0  8  4 12]
[test_sample_07632] [T1x_rxn4052] ❌ 错误 | 原子数：14
  - 正确映射：[10  0  3  1  6  8  4 13  7  2  5 12 11  9]
  - 预测映射：[10  0  3  1  6  8  7 13  4  9  5 11 12  2]
[test_sample_07633] [T1x_rxn4053] ❌ 错误 | 原子数：14
  - 正确映射：[ 9  4 10 13  5  2  0  7  8  1  6  3 11 12]
  - 预测映射：[ 9  4 10 13  5  2  7  8  0  6  1 11  3 12]
[test_sample_07634] [T1x_rxn4054] ❌ 错误 | 原子数：14
  - 正确映射：[12  0  6  9  1  5  3 13 11  7 10  8  4  2]
  - 预测映射：[12  0  9  6  1  5  3 11 13 10  7  4  8  2]
[test_sample_07635] [T1x_rxn4055] ✅ 严格正确 | 原子数：14
[test_sample_07636] [T1x_rxn4056] ❌ 错误 | 原子数：14
  - 正确映射：[ 4  1  7  3  6  9 13 12  0  8  2 11  5 10]
  - 预测映射：[ 4  7  1  3  6  9 13  0 12  5  2 11  8 10]
[test_sample_07637] [T1x_rxn4057] ❌ 错误 | 原子数：14
  - 正确映射：[11  6  2 13  4  5  0  8  9  7 12  3 10  1]
  - 预测映射：[11  6  2 13  4  5  0  9  8 10 12  3  7  1]
[test_sample_07638] [T1x_rxn4058] ✅ 严格正确 | 原子数：14
[test_sample_07639] [T1x_rxn4059] ❌ 错误 | 原子数：14
  - 正确映射：[12  3 11 13  9  0 10  5  6  7  2  1  4  8]
  - 预测映射：[ 9 13 11 12  3  0  4  2  1  7  5  6 10  8]
[test_sample_07640] [T1x_rxn4080] ❌ 错误 | 原子数：14
  - 正确映射：[ 0  2  7  1 12  9 10  4 13  6  3  5  8 11]
  - 预测映射：[ 0  2  9  1 12  7 13 11 10  8  5  3  6  4]
[test_sample_07641] [T1x_rxn4081] ❌ 错误 | 原子数：14
  - 正确映射：[ 3  5  0 12  2  9  1 13 11  6  8  4  7 10]
  - 预测映射：[ 3  5  0 12  2  9 13  1 11  4  8  6 10  7]
[test_sample_07642] [T1x_rxn4082] ✅ 严格正确 | 原子数：14
[test_sample_07643] [T1x_rxn4083] ❌ 错误 | 原子数：14
  - 正确映射：[ 3 13 11  5 10  1  4  9  0  8  6  2 12  7]
  - 预测映射：[11  5 13  3 10  1  2  8  6  9  0  4 12  7]
[test_sample_07644] [T1x_rxn4084] ✅ 严格正确 | 原子数：14
[test_sample_07645] [T1x_rxn4085] ✅ 严格正确 | 原子数：14
[test_sample_07646] [T1x_rxn4086] ❌ 错误 | 原子数：14
  - 正确映射：[ 0 13  8  7 12  3  5  2  6 10  4  1 11  9]
  - 预测映射：[ 0 13  8  7 12  3  6  2  5 10  1  4  9 11]
[test_sample_07647] [T1x_rxn4087] ❌ 错误 | 原子数：14
  - 正确映射：[ 0  5  4  7 11  8 12  9  6 10  2  3  1 13]
  - 预测映射：[ 0  5  4  7 11  8  3  9  6 10  2 12  1 13]
[test_sample_07648] [T1x_rxn4088] ❌ 错误 | 原子数：14
  - 正确映射：[11  8  6  5 13  9  3  7  1  2 12  4  0 10]
  - 预测映射：[11  8  6  5 13  9  1  7  3 12  2 10  0  4]
[test_sample_07649] [T1x_rxn4089] ❌ 错误 | 原子数：14
  - 正确映射：[12  9 11  8 10  5 13  1  3  0  4  2  6  7]
  - 预测映射：[12  9 11  8 10  5  3  1 13  4  0  6  2  7]
[test_sample_07650] [T1x_rxn4090] ✅ 严格正确 | 原子数：14
[test_sample_07651] [T1x_rxn4214] ❌ 错误 | 原子数：14
  - 正确映射：[12  5 13  0  4  6  1  7  3  9 11 10  8  2]
  - 预测映射：[12  4  0 13  5  6  8  7  2 10  1  9 11  3]
[test_sample_07652] [T1x_rxn4215] ❌ 错误 | 原子数：14
  - 正确映射：[ 6  9 10 13  1  4  7  0 11  2  3  8 12  5]
  - 预测映射：[ 9 10 13  1  6  4 11  5  2 12  3  8  7  0]
[test_sample_07653] [T1x_rxn4216] ✅ 严格正确 | 原子数：14
[test_sample_07654] [T1x_rxn4217] ❌ 错误 | 原子数：14
  - 正确映射：[ 2 11  5  6  9 13 10  1  3  7  8  4  0 12]
  - 预测映射：[ 2 11  9  6  5 13  8 10  3 12  1  4  0  7]
[test_sample_07655] [T1x_rxn4218] ✅ 严格正确 | 原子数：14
[test_sample_07656] [T1x_rxn4219] ❌ 错误 | 原子数：14
  - 正确映射：[ 2 13  5  4 10  3  9  7 11  8 12  1  6  0]
  - 预测映射：[ 5 13  2 10  4  3 12 11  1  7  9  0  6  8]
[test_sample_07657] [T1x_rxn4220] ❌ 错误 | 原子数：14
  - 正确映射：[ 9 13  7  3 12 11  1  8 10  0  4  2  6  5]
  - 预测映射：[ 3 12  9 13  7 11  0  2  6  8 10  5  1  4]
[test_sample_07658] [T1x_rxn4221] ❌ 错误 | 原子数：14
  - 正确映射：[ 0  8  7  5  6  2 12  9  1 11  3 13 10  4]
  - 预测映射：[ 6  5  7  8  0  2  4 13 10 11  3  1 12  9]
[test_sample_07659] [T1x_rxn4300] ❌ 错误 | 原子数：14
  - 正确映射：[ 4 13  8 12  2 10 11  7  3  0  1  5  6  9]
  - 预测映射：[ 4 13 10  2 12  8  7  3  6 11  9  5  1  0]
[test_sample_07660] [T1x_rxn4301] ❌ 错误 | 原子数：14
  - 正确映射：[ 3 13  4  7  5  8  9 10  6 11  1 12  2  0]
  - 预测映射：[ 3  4 13  8  5  7  9  6  0 10  2 12 11  1]
[test_sample_07661] [T1x_rxn4302] ✅ 严格正确 | 原子数：14
[test_sample_07662] [T1x_rxn4303] ❌ 错误 | 原子数：14
  - 正确映射：[ 6  1  5  0 10  4  9 12  2 11  7 13  8  3]
  - 预测映射：[ 6  1  4 10  0  5  9 12  2  8  3 13  7 11]
[test_sample_07663] [T1x_rxn4304] ❌ 错误 | 原子数：14
  - 正确映射：[13  5  9 10  3  1  7  6  4 12  0  2  8 11]
  - 预测映射：[13  5  9 10  3  1  6  7 12  4  0  2 11  8]
[test_sample_07664] [T1x_rxn4305] ❌ 错误 | 原子数：14
  - 正确映射：[ 0  7 10  4 12  3 11  5  9  6  2 13  8  1]
  - 预测映射：[ 0  3  7 10  4 12 11  5  1  6  9  2 13  8]
[test_sample_07665] [T1x_rxn4306] ❌ 错误 | 原子数：14
  - 正确映射：[ 3  9 13 10  4  8  6  0 11  5  1  2 12  7]
  - 预测映射：[ 3  9 10  8  4 13  1  6  0  7 12  2  5 11]
[test_sample_07666] [T1x_rxn4307] ❌ 错误 | 原子数：14
  - 正确映射：[ 8 13  3 11  6 10  9  5  1  7 12  0  2  4]
  - 预测映射：[ 8 13 10  6 11  3  9  5  4  2  0 12  7  1]
[test_sample_07667] [T1x_rxn4339] ❌ 错误 | 原子数：14
  - 正确映射：[11  7  8  0  6  5  2  4 12 13  3  1  9 10]
  - 预测映射：[ 0  6  8 11  7  5  9 10  3 13 12  1  2  4]
[test_sample_07668] [T1x_rxn4340] ❌ 错误 | 原子数：14
  - 正确映射：[ 9  4 12  7  1  5 10  0  3  6 13  8 11  2]
  - 预测映射：[ 9  4 12  7  1  5 10  3  0  6  8 11  2 13]
[test_sample_07669] [T1x_rxn4341] ❌ 错误 | 原子数：14
  - 正确映射：[11  3  7  6  9  8 12 13  2 10  4  0  1  5]
  - 预测映射：[ 6  7  3 11  9  8  1  5  0  4 10 12  2 13]
[test_sample_07670] [T1x_rxn4342] ❌ 错误 | 原子数：14
  - 正确映射：[10  6 13 11  1  9  0  4  5  8  3  2  7 12]
  - 预测映射：[10 13  6 11  1  9  4  0  5  2  3  8  7 12]
[test_sample_07671] [T1x_rxn4343] ❌ 错误 | 原子数：14
  - 正确映射：[ 2  0  6  1 12  7  3  9 10  8 11  5 13  4]
  - 预测映射：[ 6  1  2  0 12  7 13 11  5  4  9 10  3  8]
[test_sample_07672] [T1x_rxn4344] ❌ 错误 | 原子数：14
  - 正确映射：[ 1 10  5  6  4  7 12  8 13 11  2  9  3  0]
  - 预测映射：[ 6  5 10  1  4  7  9  0  2  8 11  3 13 12]
[test_sample_07673] [T1x_rxn4345] ❌ 错误 | 原子数：14
  - 正确映射：[11  2  7  3  4  8  5  1  6 10  0 12  9 13]
  - 预测映射：[11  2  7  3  4  8  5  1  6 10  0 12 13  9]
[test_sample_07674] [T1x_rxn4346] ✅ 严格正确 | 原子数：14
[test_sample_07675] [T1x_rxn4347] ❌ 错误 | 原子数：14
  - 正确映射：[10  8  1 13 12  0  7  4  2 11  6  3  5  9]
  - 预测映射：[10  8  1 13 12  0  7  2  6  4  3  5  9 11]
[test_sample_07676] [T1x_rxn4348] ❌ 错误 | 原子数：14
  - 正确映射：[ 2  4  7 10  6 13  9 11  0  8  1 12  3  5]
  - 预测映射：[10  4  7  2  6 13  8  1  3  5 11 12  9  0]
[test_sample_07677] [T1x_rxn4349] ❌ 错误 | 原子数：14
  - 正确映射：[10  1 11  7  0  6  3  5  2 12  4  8 13  9]
  - 预测映射：[10  1  7 11  0  6  3  2  4 12 13  8  5  9]
[test_sample_07678] [T1x_rxn4379] ❌ 错误 | 原子数：14
  - 正确映射：[ 1 13 11  2  7  0  9  3  8  6  5 12  4 10]
  - 预测映射：[ 1 13  0 11  2  7  3  9 10  8  5 12  6  4]
[test_sample_07679] [T1x_rxn4380] ❌ 错误 | 原子数：14
  - 正确映射：[10  9 12  3  1  0  8  2 13  6 11  7  5  4]
  - 预测映射：[10  9 12  0  1  3  2  8 11 13  7  5  4  6]
[test_sample_07680] [T1x_rxn4381] ❌ 错误 | 原子数：14
  - 正确映射：[ 1  2 11  7  6  0  3  8 10  5  4  9 12 13]
  - 预测映射：[ 1 11  0  2  6  7  3  5 10  8 13  9 12  4]
[test_sample_07681] [T1x_rxn4382] ❌ 错误 | 原子数：14
  - 正确映射：[ 0  6 12  7 13  4 10  2  5  1  8 11  9  3]
  - 预测映射：[ 0  6 12  7 13  4 10  3  5  1  8 11  9  2]
[test_sample_07682] [T1x_rxn4383] ❌ 错误 | 原子数：14
  - 正确映射：[ 3  7  5  6 11  1  9  0 13 12  8  4 10  2]
  - 预测映射：[ 3  7  5  6 11  1  0  2 13  9  8  4 12 10]
[test_sample_07683] [T1x_rxn4384] ✅ 严格正确 | 原子数：14
[test_sample_07684] [T1x_rxn4385] ❌ 错误 | 原子数：14
  - 正确映射：[ 2  1 13  5  6  4  9  0 12  8  7 11 10  3]
  - 预测映射：[ 2  1  4 13  5  6  3  0 11 12  7  8  9 10]
[test_sample_07685] [T1x_rxn4386] ❌ 错误 | 原子数：14
  - 正确映射：[ 3 13  2  9  0  6  8 10  4 11  1  5 12  7]
  - 预测映射：[ 3  9  0  2 13  6  8 11  5  1  4  7 10 12]
[test_sample_07686] [T1x_rxn4387] ❌ 错误 | 原子数：14
  - 正确映射：[ 8  6  5  4  7  1  0 12 10 11  9 13  2  3]
  - 预测映射：[ 8  6  5  4  7  1 12 10  3  0  9 11  2 13]
[test_sample_07687] [T1x_rxn4398] ❌ 错误 | 原子数：14
  - 正确映射：[ 8  6 13  0  1  4  2 10  3  5  9 12  7 11]
  - 预测映射：[ 0  1 13  8  6  4 12  7 11  5  9 10  3  2]
[test_sample_07688] [T1x_rxn4399] ❌ 错误 | 原子数：14
  - 正确映射：[11 13  6  9 10  5  8  3  4  7  2  0 12  1]
  - 预测映射：[11 13 10  9  6  5  8  4  3 12  1  0  2  7]
[test_sample_07689] [T1x_rxn4400] ✅ 严格正确 | 原子数：14
[test_sample_07690] [T1x_rxn4401] ❌ 错误 | 原子数：14
  - 正确映射：[ 9  0  1 12 11  5  8  3 13  4  2  7 10  6]
  - 预测映射：[ 1  9 12 11  0  5  4  8  3 10  7  2  6 13]
[test_sample_07691] [T1x_rxn4402] ✅ 严格正确 | 原子数：14
[test_sample_07692] [T1x_rxn4403] ❌ 错误 | 原子数：14
  - 正确映射：[ 8 10  6  4  7  9  3 12  1  2  5 11  0 13]
  - 预测映射：[ 8 10  6  4  7  9  3 12  1  5  0  2 11 13]
[test_sample_07693] [T1x_rxn4404] ❌ 错误 | 原子数：14
  - 正确映射：[10  0 12  6  1  7  4  3  5 13  9 11  8  2]
  - 预测映射：[ 6  0 10  1 12  7  9  8 11  3  5  4  2 13]
[test_sample_07694] [T1x_rxn4405] ❌ 错误 | 原子数：14
  - 正确映射：[ 1  9 10  8  4 13 11 12  6  7  3  5  2  0]
  - 预测映射：[ 1  9  8 10  4 13 11 12  6  3  2  7  5  0]
[test_sample_07695] [T1x_rxn4406] ✅ 严格正确 | 原子数：14
[test_sample_07696] [T1x_rxn4407] ❌ 错误 | 原子数：14
  - 正确映射：[ 0  6  1  3  5 13  2  4  8  7 11 12 10  9]
  - 预测映射：[ 0  6  1  3  5 13  2  4  8 10 11  7 12  9]
[test_sample_07697] [T1x_rxn4408] ❌ 错误 | 原子数：14
  - 正确映射：[ 0  6  9 10  7 11 12  1  5  4  2  3  8 13]
  - 预测映射：[10  7  9  0  6 11  2  8 13  3  4 12  1  5]
[test_sample_07698] [T1x_rxn4409] ✅ 严格正确 | 原子数：14
[test_sample_07699] [T1x_rxn4410] ❌ 错误 | 原子数：14
  - 正确映射：[ 7 12 10  6  8  1  0  2 13 11  3  9  5  4]
  - 预测映射：[ 7 12 10  6  8  1  0  2 13  3  5  9 11  4]
[test_sample_07700] [T1x_rxn4411] ❌ 错误 | 原子数：14
  - 正确映射：[ 2  5 13  6 12  9  8 10  7  4 11  3  0  1]
  - 预测映射：[ 2 12  5 13  6  9  8 10  7  4 11  3  0  1]
[test_sample_07701] [T1x_rxn4412] ❌ 错误 | 原子数：14
  - 正确映射：[ 0  4 13 11  1  9  3 10  7  5  2  8  6 12]
  - 预测映射：[13  4 11  1  0  9  8  5  3  6  2 12 10  7]
[test_sample_07702] [T1x_rxn4413] ❌ 错误 | 原子数：14
  - 正确映射：[ 8  1  2  0  5  6 13  4 12 10 11  3  7  9]
  - 预测映射：[ 8  1  2  0  5  6 12  4 13  3 10  7 11  9]
[test_sample_07703] [T1x_rxn4544] ❌ 错误 | 原子数：14
  - 正确映射：[11  1 13 10  4 12  5  0  8  7  9  2  3  6]
  - 预测映射：[11 13 10  4 12  1  5  7  9  2  8  3  6  0]
[test_sample_07704] [T1x_rxn4545] ❌ 错误 | 原子数：14
  - 正确映射：[ 8  5  4 10  1 11  9  3  7  0 13 12  2  6]
  - 预测映射：[ 8  5  4 10  1 11 12  3  7  0 13  2  9  6]
[test_sample_07705] [T1x_rxn4546] ❌ 错误 | 原子数：14
  - 正确映射：[ 7  3  9  4 12  6 10  8  0 13  2  1 11  5]
  - 预测映射：[ 7  6 12  4  9  3  0  8 11  5  1  2 13 10]
[test_sample_07706] [T1x_rxn4547] ✅ 严格正确 | 原子数：14
[test_sample_07707] [T1x_rxn4548] ✅ 严格正确 | 原子数：14
[test_sample_07708] [T1x_rxn4549] ❌ 错误 | 原子数：14
  - 正确映射：[ 8 10 11 12  1 13  7  2  5  6  4  0  9  3]
  - 预测映射：[ 8 11 10 12  1 13  2  6  4  7  0  9  3  5]
[test_sample_07709] [T1x_rxn4550] ❌ 错误 | 原子数：14
  - 正确映射：[ 2  0  1  8  9 10  7  4  5  6 13 11  3 12]
  - 预测映射：[ 2 10  9  8  1  0  4 12  3  7 13 11  6  5]
[test_sample_07710] [T1x_rxn4551] ❌ 错误 | 原子数：14
  - 正确映射：[11 13  7  1  9  6  8 10  2  3 12  4  5  0]
  - 预测映射：[11 13  9  1  7  6 10  0  5  8 12  4  2  3]
[test_sample_07711] [T1x_rxn4552] ❌ 错误 | 原子数：14
  - 正确映射：[ 6  0  4  1  5  2 13 11  7  8 12 10  3  9]
  - 预测映射：[ 6  0  2  1  4  5 13 11  3  9 12 10  7  8]
[test_sample_07712] [T1x_rxn4553] ❌ 错误 | 原子数：14
  - 正确映射：[ 1  2  3  4 12  5  9  0 13 10  6  7  8 11]
  - 预测映射：[ 1  2  3  4 12  5  9 11  0 10 13  7  6  8]
[test_sample_07713] [T1x_rxn4554] ✅ 严格正确 | 原子数：14
[test_sample_07714] [T1x_rxn4555] ✅ 严格正确 | 原子数：14
[test_sample_07715] [T1x_rxn4556] ❌ 错误 | 原子数：14
  - 正确映射：[ 9 13  5 10  1 11  0  6  7  2  3  4  8 12]
  - 预测映射：[ 9 13  5 10  1 11  0  6  3  7  4  2  8 12]
[test_sample_07716] [T1x_rxn4585] ❌ 错误 | 原子数：14
  - 正确映射：[11  8  9  3 12  4 13 10  7  6  0  1  2  5]
  - 预测映射：[11  8  9  3 12  4  6 10 13  7  0  1  2  5]
[test_sample_07717] [T1x_rxn4586] ✅ 严格正确 | 原子数：14
[test_sample_07718] [T1x_rxn4587] ❌ 错误 | 原子数：14
  - 正确映射：[ 5  7  6  2 12  4  8  0  1 10 13 11  9  3]
  - 预测映射：[12  2  6  5  7  4  3  8 11  9 13  0 10  1]
[test_sample_07719] [T1x_rxn4588] ✅ 严格正确 | 原子数：14
[test_sample_07720] [T1x_rxn4589] ❌ 错误 | 原子数：14
  - 正确映射：[ 7  0 13  1  5  9  3 11  2 12  6 10  8  4]
  - 预测映射：[ 7  0 13  1  5  9 11  4  2 12  6 10  3  8]
[test_sample_07721] [T1x_rxn4590] ✅ 严格正确 | 原子数：14
[test_sample_07722] [T1x_rxn4591] ❌ 错误 | 原子数：14
  - 正确映射：[ 4 13 10  0  8  5 11 12  1  3  6  2  9  7]
  - 预测映射：[13 10  0  8  4  5  1  9  6 12  2  7 11  3]
[test_sample_07723] [T1x_rxn4592] ✅ 严格正确 | 原子数：14
[test_sample_07724] [T1x_rxn4593] ❌ 错误 | 原子数：14
  - 正确映射：[ 9  0 10  4 12  3 11  2  1  5 13  7  8  6]
  - 预测映射：[12  4 10  0  9  3  8  6  7 13  1  5 11  2]
[test_sample_07725] [T1x_rxn4594] ❌ 错误 | 原子数：14
  - 正确映射：[ 2  8  1 11  5  4 12  7  6  9  0 10  3 13]
  - 预测映射：[ 2  8  1 11  5  4  7  6  9 12  0 10  3 13]
[test_sample_07726] [T1x_rxn4595] ❌ 错误 | 原子数：14
  - 正确映射：[ 4  2  3  8  6 11 10  1 13  7  9  5  0 12]
  - 预测映射：[ 6  4  2  3  8 11 10 12  1  7 13  9  5  0]
[test_sample_07727] [T1x_rxn4596] ❌ 错误 | 原子数：14
  - 正确映射：[ 7  9 11  6  8  0 10  5  2  4  1 12  3 13]
  - 预测映射：[ 9 11  6  8  7  0  4  2  1  3 12 13 10  5]
[test_sample_07728] [T1x_rxn4597] ❌ 错误 | 原子数：14
  - 正确映射：[ 5  3 13  1 10  6 12  0  2  9  4  7  8 11]
  - 预测映射：[ 5  3 13  1 10  6 12  0  9  2  4  8 11  7]
[test_sample_07729] [T1x_rxn4603] ❌ 错误 | 原子数：14
  - 正确映射：[ 1  8  6  5  4 12 11  0  2 10 13  9  7  3]
  - 预测映射：[ 1  8 12  4  5  6 11  2  3  7  0 13  9 10]
[test_sample_07730] [T1x_rxn4604] ❌ 错误 | 原子数：14
  - 正确映射：[10  2 12  0  1 13  9  4  8  7  5 11  6  3]
  - 预测映射：[10  2 12  0  1 13  9  4  3  7  5  8  6 11]
[test_sample_07731] [T1x_rxn4605] ❌ 错误 | 原子数：14
  - 正确映射：[ 4  6  1  7  8 13  0  5  3  9 12 11  2 10]
  - 预测映射：[ 4  6  1  7  8 13  3  5  0 12  9 10  2 11]
[test_sample_07732] [T1x_rxn4606] ❌ 错误 | 原子数：14
  - 正确映射：[ 8  9 13  2 10 12  0 11  1  3  6  5  7  4]
  - 预测映射：[ 8  9 13  2 10 12  1 11  0  6  3  7  5  4]
[test_sample_07733] [T1x_rxn4607] ❌ 错误 | 原子数：14
  - 正确映射：[ 1  0  8 12 11  7  9  3 10  4  2  6 13  5]
  - 预测映射：[ 7  0  1 11 12  8  5  3  6  9 10  4  2 13]
[test_sample_07734] [T1x_rxn4608] ❌ 错误 | 原子数：14
  - 正确映射：[12  3 13  9  1 10  5  4  6 11  2  0  7  8]
  - 预测映射：[12  3 13  9  1 10  4  5 11  2  6  0  7  8]
[test_sample_07735] [T1x_rxn4609] ❌ 错误 | 原子数：14
  - 正确映射：[12  1  0  9  4  7 13  5 10 11  8  6  2  3]
  - 预测映射：[12  1  0  9  4  7 13  5 10 11  8  2  6  3]
[test_sample_07736] [T1x_rxn4610] ❌ 错误 | 原子数：14
  - 正确映射：[13  4  9  1 11  6  2  7  3 12  5  0  8 10]
  - 预测映射：[13  4  9  1 11  6  2  7  3 12  5  8  0 10]
[test_sample_07737] [T1x_rxn4703] ❌ 错误 | 原子数：14
  - 正确映射：[ 5  7  4 11  1 12 13 10  0  3  9  8  2  6]
  - 预测映射：[ 5  7  4 11  1 12 10 13  0  3  9  8  2  6]
[test_sample_07738] [T1x_rxn4704] ❌ 错误 | 原子数：14
  - 正确映射：[12  9  3  4  7  5 13 10 11  2  8  1  6  0]
  - 预测映射：[12  9  3  4  7  5 13 10  2 11  1  8  0  6]
[test_sample_07739] [T1x_rxn4705] ❌ 错误 | 原子数：14
  - 正确映射：[10  6  0  8  9  5  1  2 12  4  7 13  3 11]
  - 预测映射：[10  6  0  8  5  9  2 12  4 11  3 13  1  7]
[test_sample_07740] [T1x_rxn4706] ❌ 错误 | 原子数：14
  - 正确映射：[ 3  8 12 10  5  1 13  9  0  4  6 11  2  7]
  - 预测映射：[ 3 12  8  5  1 10  9 13  7 11  6  2  0  4]
[test_sample_07741] [T1x_rxn4707] ❌ 错误 | 原子数：14
  - 正确映射：[12  4  3  9 11  8  6  5 13  2  1  7 10  0]
  - 预测映射：[12  4  8 11  9  3  6  0  7 10  2  1  5 13]
[test_sample_07742] [T1x_rxn4708] ✅ 严格正确 | 原子数：14
[test_sample_07743] [T1x_rxn4709] ✅ 严格正确 | 原子数：14
[test_sample_07744] [T1x_rxn4710] ❌ 错误 | 原子数：14
  - 正确映射：[ 9  0  8  4 12  5  6  1  3  7 11 10 13  2]
  - 预测映射：[ 9  0  5 12  4  8 13 10  2 11  7  3  6  1]
[test_sample_07745] [T1x_rxn4711] ❌ 错误 | 原子数：14
  - 正确映射：[ 2  7  0  4  8 13 10  6  3  9 12  1 11  5]
  - 预测映射：[ 2  7  4  8 13  0 10  9  1 12 11  5  6  3]
[test_sample_07746] [T1x_rxn4712] ✅ 严格正确 | 原子数：14
[test_sample_07747] [T1x_rxn4713] ❌ 错误 | 原子数：14
  - 正确映射：[ 1  7  5 12  6  8 13  9  4  3 10 11  2  0]
  - 预测映射：[ 1 12  8  6  5  7  3 10  2 11  4  0  9 13]
[test_sample_07748] [T1x_rxn4714] ❌ 错误 | 原子数：14
  - 正确映射：[12  1  7  6 13  0  8  3  2 11  5  9  4 10]
  - 预测映射：[12  1  7  6 13  0  2  3  9 11  5  4  8 10]
[test_sample_07749] [T1x_rxn4715] ❌ 错误 | 原子数：14
  - 正确映射：[ 1 13 11  5  3  4  2  7  6 12  9  8 10  0]
  - 预测映射：[ 1 13  4  3 11  5  0 10  9  8  2  6  7 12]
[test_sample_07750] [T1x_rxn4716] ❌ 错误 | 原子数：14
  - 正确映射：[ 0 13  4  6 11  3 10  8  7  1  9  5 12  2]
  - 预测映射：[ 0 13  4  6 11  3  8 10  7  9  1  2 12  5]
[test_sample_07751] [T1x_rxn4717] ✅ 严格正确 | 原子数：14
[test_sample_07752] [T1x_rxn4718] ✅ 严格正确 | 原子数：14
[test_sample_07753] [T1x_rxn4719] ❌ 错误 | 原子数：14
  - 正确映射：[ 5  6  7  0  8  3 11  4  9  1 13 12  2 10]
  - 预测映射：[ 5  6  7  0  8  3 11  4  9  1 13 12 10  2]
[test_sample_07754] [T1x_rxn4720] ❌ 错误 | 原子数：14
  - 正确映射：[10  7 11 13  9  1  6  5  2  8  3  0 12  4]
  - 预测映射：[10  7 11 13  9  1  5  6  8  2  0  3  4 12]
[test_sample_07755] [T1x_rxn4721] ❌ 错误 | 原子数：14
  - 正确映射：[ 0 12  1  5  9 13  4  8  2  7  6 10  3 11]
  - 预测映射：[12  0  1  5  9 13  7  2  8  4  6 10  3 11]
[test_sample_07756] [T1x_rxn4722] ❌ 错误 | 原子数：14
  - 正确映射：[ 1  7  0  4 10 13  3  9  5  8 11 12  6  2]
  - 预测映射：[ 1  7  0  4 10 13  3  9  8  5 11 12  6  2]
[test_sample_07757] [T1x_rxn4723] ❌ 错误 | 原子数：14
  - 正确映射：[ 8  3  5  4  2  7  6  1 12 11 13  0 10  9]
  - 预测映射：[ 4  2  8  5  3  7  0  1 10  9  6 13 12 11]
[test_sample_07758] [T1x_rxn4762] ✅ 严格正确 | 原子数：14
[test_sample_07759] [T1x_rxn4763] ✅ 严格正确 | 原子数：14
[test_sample_07760] [T1x_rxn4764] ✅ 严格正确 | 原子数：14
[test_sample_07761] [T1x_rxn4765] ❌ 错误 | 原子数：14
  - 正确映射：[ 4 10 12  1  6 11  8  2  5  7  0  3 13  9]
  - 预测映射：[12  4 10  1  6 11  0  2  9  8  7  5 13  3]
[test_sample_07762] [T1x_rxn4766] ❌ 错误 | 原子数：14
  - 正确映射：[ 5  3  4 13 11 12  7 10  2  6  9  8  0  1]
  - 预测映射：[ 5  3  4 13 11 12  7  2 10  6  0  8  9  1]
[test_sample_07763] [T1x_rxn4767] ✅ 严格正确 | 原子数：14
[test_sample_07764] [T1x_rxn4768] ✅ 严格正确 | 原子数：14
[test_sample_07765] [T1x_rxn4769] ❌ 错误 | 原子数：14
  - 正确映射：[13 11  2  6  5  3  1 12  4  7  0  9 10  8]
  - 预测映射：[11 13  2  6  5  3  7 12  4  1  9  0 10  8]
[test_sample_07766] [T1x_rxn4770] ❌ 错误 | 原子数：14
  - 正确映射：[ 2  7 10  1 13  6  4  8  3  0 11 12  5  9]
  - 预测映射：[ 2  7 13  1 10  6  8  4  0 11  5  3  9 12]
[test_sample_07767] [T1x_rxn4771] ❌ 错误 | 原子数：14
  - 正确映射：[10  0  7 12  6  5  3  1  8  4 11 13  9  2]
  - 预测映射：[10  0  7 12  6  5  1  4  8  2 11 13  9  3]
[test_sample_07768] [T1x_rxn4772] ❌ 错误 | 原子数：14
  - 正确映射：[ 6  2  5  4 12 11  9  1 13  3  0 10  7  8]
  - 预测映射：[ 5  4  6  2 12 11 10  0  7  9 13  1  3  8]
[test_sample_07769] [T1x_rxn4773] ✅ 严格正确 | 原子数：14
[test_sample_07770] [T1x_rxn4774] ❌ 错误 | 原子数：14
  - 正确映射：[ 1  3  6  0 11  8  9  5 10  4 12  2  7 13]
  - 预测映射：[ 1  3  6  0 11  8  4  5  9 12  7  2 13 10]
[test_sample_07771] [T1x_rxn4775] ❌ 错误 | 原子数：14
  - 正确映射：[13 12  0 10  6  3  4  2  1  7  9 11  5  8]
  - 预测映射：[ 0 12 13 10  6  3  9  2 11  7  4  1  5  8]
[test_sample_07772] [T1x_rxn4776] ❌ 错误 | 原子数：14
  - 正确映射：[ 4  8 12  3  2  5  6  9  7 10 11 13  1  0]
  - 预测映射：[ 4  8  3 12  2  5  6  7  9 11 10  1 13  0]
[test_sample_07773] [T1x_rxn4777] ❌ 错误 | 原子数：14
  - 正确映射：[ 3  5  0 11 13  2  9 12  6  1  7  8 10  4]
  - 预测映射：[ 0  5  3 13 11  2  7 12  8  1  9  6  4 10]
[test_sample_07774] [T1x_rxn4778] ❌ 错误 | 原子数：14
  - 正确映射：[ 0  7  3  9  1  5 12  6 13 10  2 11  4  8]
  - 预测映射：[ 0  7  9  1  3  5  4  6 11 12 10 13  8  2]
[test_sample_07775] [T1x_rxn8952] ❌ 错误 | 原子数：14
  - 正确映射：[11  1  9  3 12  5  0 10  7 13  4  6  8  2]
  - 预测映射：[ 5  1 11  3 12  9  7  2  8  0 10  6 13  4]
[test_sample_07776] [T1x_rxn8953] ❌ 错误 | 原子数：14
  - 正确映射：[ 8  1  3  6  0  4 12 13 10 11  2  9  7  5]
  - 预测映射：[ 8  1  3  6  0  4 13 12  5 10  2 11  9  7]
[test_sample_07777] [T1x_rxn8957] ❌ 错误 | 原子数：14
  - 正确映射：[13  8  9  2 12  0  3  1  7 10  4  6 11  5]
  - 预测映射：[ 8 13  0  2 12  9  7 10  3  1 11  6  5  4]
[test_sample_07778] [T1x_rxn8958] ❌ 错误 | 原子数：14
  - 正确映射：[10  6  1  8  9  0  4  7  3 11  2 12 13  5]
  - 预测映射：[ 6 10  1  0  9  8  3 11  4  7  5 13 12  2]
[test_sample_07779] [T1x_rxn8959] ❌ 错误 | 原子数：14
  - 正确映射：[ 1  6  3  9 12  8  4 13  5  2 11  0  7 10]
  - 预测映射：[ 6  1  3  9 12  8  2  5 13  4 11  0 10  7]
[test_sample_07780] [T1x_rxn8985] ❌ 错误 | 原子数：14
  - 正确映射：[ 7 11  0 12  1  5  6  9 13  8 10  4  2  3]
  - 预测映射：[ 7 11  0 12  1  5  2  9 13  6 10  3  4  8]
[test_sample_07781] [T1x_rxn8986] ❌ 错误 | 原子数：14
  - 正确映射：[ 7 13 11 10  4  2  8  9 12  0  6  5  3  1]
  - 预测映射：[ 7 11 10  2  4 13  0  8  9  6  5  1  3 12]
[test_sample_07782] [T1x_rxn8992] ❌ 错误 | 原子数：14
  - 正确映射：[10  2  1  7  3  0 12  9 13  6 11  5  4  8]
  - 预测映射：[10  1  2  0  3  7 11 13 12  9  8  5  4  6]
[test_sample_07783] [T1x_rxn9061] ❌ 错误 | 原子数：14
  - 正确映射：[ 8  2  6 11  1 12  0  5  9  3 10  4 13  7]
  - 预测映射：[11  6  1  8  2 12  5  4 13 10  0  9  7  3]
[test_sample_07784] [T1x_rxn9073] ❌ 错误 | 原子数：14
  - 正确映射：[ 3  2  9 10 11  4  8 12  5  1 13  0  7  6]
  - 预测映射：[11 10  3  9  2  4  1  7  6  5  0 12  8 13]
[test_sample_07785] [T1x_rxn9074] ❌ 错误 | 原子数：14
  - 正确映射：[ 2  0 12  6  3  9  8  1  7 11 13 10  5  4]
  - 预测映射：[ 2  0 12  6  3  9  1  8  7 10 13 11  4  5]
[test_sample_07786] [T1x_rxn9098] ❌ 错误 | 原子数：14
  - 正确映射：[ 7 12  5 11  2 10  4 13  6  0  8  1  9  3]
  - 预测映射：[10  2  5 11 12  7  9  4  8  1  6  0  3 13]
[test_sample_07787] [T1x_rxn9103] ❌ 错误 | 原子数：14
  - 正确映射：[ 9 12  1  2  4  0 11 13  3  6  7 10  5  8]
  - 预测映射：[ 9 12  1  2  4  0  6 11 13  3  7 10  8  5]
[test_sample_07788] [T1x_rxn9104] ❌ 错误 | 原子数：14
  - 正确映射：[ 8  6  9 10  4  3  7  1 13  5  0 12 11  2]
  - 预测映射：[10  9  4  6  8  3 11  0 12  2 13  5  7  1]
[test_sample_07789] [T1x_rxn9115] ❌ 错误 | 原子数：14
  - 正确映射：[ 2  9 12  6  1  7 13  4 10  8  3  5 11  0]
  - 预测映射：[ 2  9 12  6  1  7 13 10  5  8  3  0 11  4]
[test_sample_07790] [T1x_rxn9116] ❌ 错误 | 原子数：14
  - 正确映射：[10  4  1  5 11  9 12  0  6  7  8  2 13  3]
  - 预测映射：[10  4  1  5 11  9  3  0  6 12  2  8  7 13]
[test_sample_07791] [T1x_rxn9133] ❌ 错误 | 原子数：14
  - 正确映射：[ 7 12  6 11  9  4 13  3  2 10  8  5  0  1]
  - 预测映射：[ 7 12  6 11  9  4  2  3 13 10  8  5  0  1]
[test_sample_07792] [T1x_rxn9217] ❌ 错误 | 原子数：14
  - 正确映射：[ 2  9 13  7 12  1 10  0  3 11  6  4  5  8]
  - 预测映射：[ 2  9 12  7  1 13 10  4 11  8  5  6  0  3]
[test_sample_07793] [T1x_rxn9230] ❌ 错误 | 原子数：14
  - 正确映射：[13  4  2 12  7  9  1  5  8 11  0  3  6 10]
  - 预测映射：[13  9  7 12  2  4  1  5 10  3  6 11  0  8]
[test_sample_07794] [T1x_rxn9231] ❌ 错误 | 原子数：14
  - 正确映射：[12 10  1  7 13 11  6  0  4  5  9  3  2  8]
  - 预测映射：[12 11 13  7  1 10  8  6  0  3  2  5  9  4]
[test_sample_07795] [T1x_rxn9233] ❌ 错误 | 原子数：14
  - 正确映射：[ 2 10  4  0  6 13 11  3  7  5  9  1  8 12]
  - 预测映射：[ 2 10  4 13  6  0 11  3  9 12  1  8  7  5]
[test_sample_07796] [T1x_rxn9234] ❌ 错误 | 原子数：14
  - 正确映射：[ 5 13  0  8 11  6  3  9  2  1  4 12 10  7]
  - 预测映射：[ 5 13  0  6 11  8  9  3 10  7  4 12  2  1]
[test_sample_07797] [T1x_rxn9259] ❌ 错误 | 原子数：14
  - 正确映射：[11  8  7 12  9 10  1  4  0  5  6  2 13  3]
  - 预测映射：[11 10  9 12  8  7  1  4  2  3 13  0  5  6]
[test_sample_07798] [T1x_rxn9269] ❌ 错误 | 原子数：14
  - 正确映射：[ 8 10  5 12 13  7  4  3  9  0 11  6  1  2]
  - 预测映射：[10  8  5 12  7 13  4  2  0  9  3  6 11  1]
[test_sample_07799] [T1x_rxn9273] ❌ 错误 | 原子数：14
  - 正确映射：[ 4  9  1  5  2 12  8  3 11  6 13 10  0  7]
  - 预测映射：[ 5  1  9 12  2  4 10  0 13 11  6  7  3  8]
[test_sample_07800] [T1x_rxn9274] ❌ 错误 | 原子数：14
  - 正确映射：[ 8  2 13  7 11  1  6  5  0  4  9 12 10  3]
  - 预测映射：[ 8  2 13  7 11  1  4  0  5  6  9 12 10  3]
[test_sample_07801] [T1x_rxn9275] ❌ 错误 | 原子数：14
  - 正确映射：[ 2  9  8  1  3 13 12  0 10  4  7  6  5 11]
  - 预测映射：[ 2  9  8  1  3 13  0  4 10  7  5 12  6 11]
[test_sample_07802] [T1x_rxn9351] ❌ 错误 | 原子数：14
  - 正确映射：[ 5  8  1  2  0  3  6 12 11  7 13  9 10  4]
  - 预测映射：[ 5  8  1  3  0  2 12  6 10  4 13  9 11  7]
[test_sample_07803] [T1x_rxn9378] ❌ 错误 | 原子数：14
  - 正确映射：[ 9  8  6  5  7  4  2 13  0 10  3 11 12  1]
  - 预测映射：[ 9  8  4  7  5  6 12  1 11  3  0  2 13 10]
[test_sample_07804] [T1x_rxn9413] ❌ 错误 | 原子数：14
  - 正确映射：[ 8 11  7 12  4  6  0  9  1  2 10 13  5  3]
  - 预测映射：[ 8 11  7 12  4  6  0  9  1  2 13 10  5  3]
[test_sample_07805] [T1x_rxn9414] ❌ 错误 | 原子数：14
  - 正确映射：[ 5 10 13  3  2  6  9  7  4  1  8 12 11  0]
  - 预测映射：[ 5 13 10  3  2  6  8  9  7  4 12  1 11  0]
[test_sample_07806] [T1x_rxn9435] ✅ 严格正确 | 原子数：14
[test_sample_07807] [T1x_rxn9436] ❌ 错误 | 原子数：14
  - 正确映射：[ 7 13 10  0  6  3  4  1  5  9  2 11 12  8]
  - 预测映射：[ 0 10  7 13  6  3 12  8  2  9  5 11  4  1]
[test_sample_07808] [T1x_rxn9438] ❌ 错误 | 原子数：14
  - 正确映射：[ 8  3  0  1  5 11 13 12  9  4  2  7 10  6]
  - 预测映射：[ 8  3 11  5  1  0 13  9  6  4 10  7  2 12]
[test_sample_07809] [T1x_rxn9449] ❌ 错误 | 原子数：14
  - 正确映射：[ 5  6  2  1  8 11  3  0 10  7  4 13  9 12]
  - 预测映射：[ 5  6  2  1  8 11  0  3  7 10 13  4  9 12]
[test_sample_07810] [T1x_rxn9454] ❌ 错误 | 原子数：14
  - 正确映射：[ 1 11  8 12  0 10  5 13  4  7  2  3  9  6]
  - 预测映射：[ 1 11  8 12  0 10  7 13  4  2  3  9  5  6]
[test_sample_07811] [T1x_rxn9467] ❌ 错误 | 原子数：14
  - 正确映射：[13  4 12  2 10  7  8  1 11  9  5  6  3  0]
  - 预测映射：[13  4 12  2 10  7  8  1 11  9  5  6  0  3]
[test_sample_07812] [T1x_rxn10014] ❌ 错误 | 原子数：15
  - 正确映射：[11 12  2  4 14  6  3 10  8  1  7  9  0 13  5]
  - 预测映射：[11 12  2  4 14  6  3  7 10  1 13  9  0  8  5]
[test_sample_07813] [T1x_rxn10015] ❌ 错误 | 原子数：15
  - 正确映射：[ 3  7 13  6 14  0  5 10  9  4  2 11 12  1  8]
  - 预测映射：[ 0 14  6 13  7  3  5  4 11  2 12 10  9  1  8]
[test_sample_07814] [T1x_rxn10016] ❌ 错误 | 原子数：15
  - 正确映射：[14 12  0  3  2 13  1  6  8  9  4  7 11  5 10]
  - 预测映射：[14  1  0  3  2 13 12 10  6  5  9 11  7  8  4]
[test_sample_07815] [T1x_rxn10043] ❌ 错误 | 原子数：15
  - 正确映射：[ 5 10  8  9  7  4 11  0 14 12  6 13  1  2  3]
  - 预测映射：[ 7 10  4 11  8  5  9  1  0 14  6  2  3 12 13]
[test_sample_07816] [T1x_rxn10044] ❌ 错误 | 原子数：15
  - 正确映射：[12 13  0  1  9  8 14  3  2 10  4  5  7 11  6]
  - 预测映射：[12 13  0  1  8  9 14  3  2 10  4  5  6  7 11]
[test_sample_07817] [T1x_rxn10065] ❌ 错误 | 原子数：15
  - 正确映射：[ 6  0  7 14 13 11  4  9  3  5  8  2 10 12  1]
  - 预测映射：[ 6  0  7 11 14 13  4  9  3  5  8  1  2 12 10]
[test_sample_07818] [T1x_rxn10066] ✅ 严格正确 | 原子数：15
[test_sample_07819] [T1x_rxn5084] ❌ 错误 | 原子数：15
  - 正确映射：[ 1  8  4 13  5 14  9  6 10 11  2  7  3 12  0]
  - 预测映射：[ 1  8  4 13  5 14  9 11  6 10  2  7  3  0 12]
[test_sample_07820] [T1x_rxn5085] ❌ 错误 | 原子数：15
  - 正确映射：[11  4  5 13  8  7  2  9 12  1  3  6 10  0 14]
  - 预测映射：[13  4  2 11  7  8  5 10  0  6 14 12  1  3  9]
[test_sample_07821] [T1x_rxn5086] ❌ 错误 | 原子数：15
  - 正确映射：[ 2  6 11  1 14 12  8  3 10  7  5 13  0  4  9]
  - 预测映射：[ 2  6 11  1 14 12  8  3 10 13  7  9  0  5  4]
[test_sample_07822] [T1x_rxn5087] ❌ 错误 | 原子数：15
  - 正确映射：[ 3  7  2 12  4  1  6  9  0 14 13  8 10 11  5]
  - 预测映射：[12  4  2  7  3  1  6  8 11  5 13  9 10  0 14]
[test_sample_07823] [T1x_rxn5088] ❌ 错误 | 原子数：15
  - 正确映射：[11 14  6  1  4 10  9  7  3  2  5 12  0  8 13]
  - 预测映射：[11 14  6  1  4 10  9  7  3 12  2 13  0  8  5]
[test_sample_07824] [T1x_rxn5089] ❌ 错误 | 原子数：15
  - 正确映射：[ 9  6  7 13 11  2  5  0 10  4 14  3  8 12  1]
  - 预测映射：[ 9  6  7 13 11  2  5  4  0 10 14  3  8 12  1]
[test_sample_07825] [T1x_rxn5090] ❌ 错误 | 原子数：15
  - 正确映射：[14  6 11 13  4  1  7  9 10  3  5  0  2  8 12]
  - 预测映射：[ 4  1  7 13 14  6 11  8  5 12  0  2  3  9 10]
[test_sample_07826] [T1x_rxn5091] ❌ 错误 | 原子数：15
  - 正确映射：[ 7  2  1  3 10  4  0 14 11  5 12 13  9  6  8]
  - 预测映射：[10  4  0  3  7  2  1  6 11  5 12 13  8  9 14]
[test_sample_07827] [T1x_rxn5092] ❌ 错误 | 原子数：15
  - 正确映射：[13 10 11  0  2  7  6  3 12  9 14  1  8  4  5]
  - 预测映射：[10 13 11  0  2  7  6 14 12  4  3  8  1  5  9]
[test_sample_07828] [T1x_rxn5093] ❌ 错误 | 原子数：15
  - 正确映射：[11  7 12 10 14  3  4  5  0  8 13  9  2  1  6]
  - 预测映射：[ 7 11 12 10 14  3  4 13  5  0  8  2  9  6  1]
[test_sample_07829] [T1x_rxn5094] ❌ 错误 | 原子数：15
  - 正确映射：[ 2  9 10  8 11 12 14  7  1  6 13  0  5  4  3]
  - 预测映射：[ 2  9 10  8 11 12 14  7 13  1  0  5  6  4  3]
[test_sample_07830] [T1x_rxn5095] ❌ 错误 | 原子数：15
  - 正确映射：[13 10 14  1  6  8  4  3  5  7  2  0  9 12 11]
  - 预测映射：[10  1 14 13  8  6  4  3  0 12  2  5  7  9 11]
[test_sample_07831] [T1x_rxn5096] ❌ 错误 | 原子数：15
  - 正确映射：[ 4 12  8  0  7  2  3  9 11 13  5  1 10 14  6]
  - 预测映射：[ 7  0  3 12  4  2  8 10  6 13 14 11  9  1  5]
[test_sample_07832] [T1x_rxn5097] ❌ 错误 | 原子数：15
  - 正确映射：[ 4 12  1  3  7  5  2 13 10  6 11  8 14  9  0]
  - 预测映射：[ 4 12  1  3  7  5  2  6 10 13 11  9  8  0 14]
[test_sample_07833] [T1x_rxn5098] ❌ 错误 | 原子数：15
  - 正确映射：[ 2  5  8  4  1 10  7 13  9 12  0 11  6  3 14]
  - 预测映射：[ 4  5  8  2  1 10  7  6 11 13  0  9 12  3 14]
[test_sample_07834] [T1x_rxn5113] ❌ 错误 | 原子数：15
  - 正确映射：[ 4  1  3  7 13  8  9 12  5  6 11 10  2  0 14]
  - 预测映射：[ 4  1 13  7  3  9  8 12  5  2 10 11  6 14  0]
[test_sample_07835] [T1x_rxn5114] ❌ 错误 | 原子数：15
  - 正确映射：[ 8 14  0 11  6 13 12  4  7 10  3  2  5  1  9]
  - 预测映射：[ 8 14  0 11 12 13  6 10  7  4  3  2  9  1  5]
[test_sample_07836] [T1x_rxn5115] ❌ 错误 | 原子数：15
  - 正确映射：[11  9 13  8  7  5 14 10  0 12  6  4  2  3  1]
  - 预测映射：[11  9 13  8  7  5 14  0  6  4 12  2 10  3  1]
[test_sample_07837] [T1x_rxn5116] ✅ 严格正确 | 原子数：15
[test_sample_07838] [T1x_rxn5117] ❌ 错误 | 原子数：15
  - 正确映射：[ 0  5 10 11  3  6  8  9  2  1 14  4  7 12 13]
  - 预测映射：[ 0  5 10 11  3  6  8  9  2  1 14 13  4 12  7]
[test_sample_07839] [T1x_rxn5118] ✅ 严格正确 | 原子数：15
[test_sample_07840] [T1x_rxn5119] ❌ 错误 | 原子数：15
  - 正确映射：[ 2 12 10  3 13  0  6  5 14  1  7  4 11  9  8]
  - 预测映射：[ 2 12 10  3 13  0  6  5 14  1  7  9  8 11  4]
[test_sample_07841] [T1x_rxn5120] ✅ 严格正确 | 原子数：15
[test_sample_07842] [T1x_rxn5121] ❌ 错误 | 原子数：15
  - 正确映射：[ 5  6 12 13  8  7  3  2 14  0  1 11  4 10  9]
  - 预测映射：[ 5  6 12 13  8  7  3  2  1  0 14 11  9 10  4]
[test_sample_07843] [T1x_rxn5122] ❌ 错误 | 原子数：15
  - 正确映射：[10 12 11  5  1  9  0  7  4  2  8 13  3 14  6]
  - 预测映射：[10 12  1  5  9  0 11  8  2  4  7 13  6 14  3]
[test_sample_07844] [T1x_rxn5123] ✅ 严格正确 | 原子数：15
[test_sample_07845] [T1x_rxn5227] ❌ 错误 | 原子数：15
  - 正确映射：[ 3  8  1  6 11 14  7  9 13  4 12  2 10  0  5]
  - 预测映射：[ 3  8  1  6 11 14  7  9  5 13  4 12 10  0  2]
[test_sample_07846] [T1x_rxn5228] ✅ 严格正确 | 原子数：15
[test_sample_07847] [T1x_rxn5229] ❌ 错误 | 原子数：15
  - 正确映射：[ 5 10  3 12  2 11  8 13  0 14  7  9  6  4  1]
  - 预测映射：[ 3 12 10  5  2 11  8  9  7  6  4  1 13 14  0]
[test_sample_07848] [T1x_rxn5230] ❌ 错误 | 原子数：15
  - 正确映射：[12  5 10  8  3  0  2  9  7  6  1 11 14  4 13]
  - 预测映射：[12  5  8 10  3  0  2  9  6  7 14  4  1 11 13]
[test_sample_07849] [T1x_rxn5231] ❌ 错误 | 原子数：15
  - 正确映射：[ 9 12 14  5 13  7 10  6  8  2  0  3 11  4  1]
  - 预测映射：[ 5 12 14  9 10  7 13  3 11  4  2  0  8  6  1]
[test_sample_07850] [T1x_rxn5232] ❌ 错误 | 原子数：15
  - 正确映射：[14  4  3 11  7  8  9 13  0 10 12  6  1  5  2]
  - 预测映射：[14  4  3 11  7  8  9  0 10 13 12  6  1  5  2]
[test_sample_07851] [T1x_rxn5233] ❌ 错误 | 原子数：15
  - 正确映射：[10 11 14  8  4  5  3  6  9  0  1 12  2  7 13]
  - 预测映射：[14  8 11 10  4  5  3 12  2  1  6  7  0  9 13]
[test_sample_07852] [T1x_rxn5234] ❌ 错误 | 原子数：15
  - 正确映射：[ 1  6  9  5  3 14 10 12  4  2 13  7  8  0 11]
  - 预测映射：[ 5  6  1  9  3 14 10  0  8  4  2 12 13  7 11]
[test_sample_07853] [T1x_rxn5436] ✅ 严格正确 | 原子数：15
[test_sample_07854] [T1x_rxn5437] ❌ 错误 | 原子数：15
  - 正确映射：[ 9  0  7  6 10  2 12  5  1 11  8  3 14  4 13]
  - 预测映射：[ 9  0  7  6 10  2 12  5 11  8  1 14  3  4 13]
[test_sample_07855] [T1x_rxn5438] ❌ 错误 | 原子数：15
  - 正确映射：[12  4  0 11  1  5  7 14 13  3  8 10  2  9  6]
  - 预测映射：[12  4  7 11  1  5  0  3  8  6  9  2 14 13 10]
[test_sample_07856] [T1x_rxn5439] ❌ 错误 | 原子数：15
  - 正确映射：[ 9  5  8 12  3 10  0  7  2  4  1 14 13  6 11]
  - 预测映射：[ 9  0  8 12  3  5 10 11  2  4  1 13  7  6 14]
[test_sample_07857] [T1x_rxn5440] ❌ 错误 | 原子数：15
  - 正确映射：[14  8 12  9  4 10  3  6  0 11  1  5  2  7 13]
  - 预测映射：[14  3 12  9  4 10  8  7  1 13  6  5  2 11  0]
[test_sample_07858] [T1x_rxn5441] ✅ 严格正确 | 原子数：15
[test_sample_07859] [T1x_rxn5442] ❌ 错误 | 原子数：15
  - 正确映射：[ 6  9  4  3 10 13 12 11 14  0  8  2  5  1  7]
  - 预测映射：[10  4 12  3  6  9 13  8  5  1 11  7 14  0  2]
[test_sample_07860] [T1x_rxn5443] ❌ 错误 | 原子数：15
  - 正确映射：[ 1  8  9 13  6  5 12  2  4  7  3  0 11 10 14]
  - 预测映射：[ 6  5 12  8  1 13  9  2 14 11 10  0  7  3  4]
[test_sample_07861] [T1x_rxn5444] ❌ 错误 | 原子数：15
  - 正确映射：[ 7 11 13  5 10  3  9  1  0  4  6 14 12  8  2]
  - 预测映射：[ 7 11 13  5 10  3  9  0  2 14  6 12  1  4  8]
[test_sample_07862] [T1x_rxn5445] ❌ 错误 | 原子数：15
  - 正确映射：[11  1  6  0  2  7  8  3 12 10 14  9  4 13  5]
  - 预测映射：[11  1  6  0  2  7  8  3 10 14 12  9  4 13  5]
[test_sample_07863] [T1x_rxn5446] ✅ 严格正确 | 原子数：15
[test_sample_07864] [T1x_rxn5447] ❌ 错误 | 原子数：15
  - 正确映射：[ 2  8  3  1  7 14  6 11 13 10  0  5 12  4  9]
  - 预测映射：[ 2  8  6  1  7 14  3 10  0  4 11  9 12 13  5]
[test_sample_07865] [T1x_rxn5448] ❌ 错误 | 原子数：15
  - 正确映射：[14  4  8 13 11  1 10  6  2  5 12  0  9  3  7]
  - 预测映射：[14  4  8 13 11  1 10  6  2  5 12  9  3  7  0]
[test_sample_07866] [T1x_rxn5483] ❌ 错误 | 原子数：15
  - 正确映射：[ 7  6 10  2 14 12 13 11  1  5  4  8  9  3  0]
  - 预测映射：[ 7  6 10  2 14 12 13 11  5  1  4  8  9  3  0]
[test_sample_07867] [T1x_rxn5484] ✅ 严格正确 | 原子数：15
[test_sample_07868] [T1x_rxn5485] ✅ 严格正确 | 原子数：15
[test_sample_07869] [T1x_rxn5486] ❌ 错误 | 原子数：15
  - 正确映射：[ 4  7  6  0  2  9 10 13 14  1  8 11  3 12  5]
  - 预测映射：[ 4  7  6  2  0  9 10 13  1 14  3 11  8  5 12]
[test_sample_07870] [T1x_rxn5487] ✅ 严格正确 | 原子数：15
[test_sample_07871] [T1x_rxn5488] ❌ 错误 | 原子数：15
  - 正确映射：[11  8 12  7 10 13  3  9  4  0  2  1  5 14  6]
  - 预测映射：[11  8 12  7 10 13  3  9  4  0  1  5  2 14  6]
[test_sample_07872] [T1x_rxn5489] ❌ 错误 | 原子数：15
  - 正确映射：[ 9  0  3  7 13  1 14  8  2 10  5  4 12 11  6]
  - 预测映射：[ 9  0  3  7 13  1 14  8  2 11 10 12  5  6  4]
[test_sample_07873] [T1x_rxn5490] ❌ 错误 | 原子数：15
  - 正确映射：[ 7  9  4  2  0  1 14  3 10 13 12  6  5 11  8]
  - 预测映射：[ 7  9  4  2  0  1 14  3 13 10  5  6 12  8 11]
[test_sample_07874] [T1x_rxn5491] ❌ 错误 | 原子数：15
  - 正确映射：[12  1  2 14  7  4 13  6 11  9  3  5  8  0 10]
  - 预测映射：[12  1  2 14  7  4 13  6 11  9  3  5  8 10  0]
[test_sample_07875] [T1x_rxn5492] ❌ 错误 | 原子数：15
  - 正确映射：[12  8  1 14  0  4 13  3  9 10 11  7  2  6  5]
  - 预测映射：[13  8  1  4  0 14 12  9  3 10  2 11  6  5  7]
[test_sample_07876] [T1x_rxn5493] ❌ 错误 | 原子数：15
  - 正确映射：[14  0  3 10 13  4  1  9  5  2 11  6  7 12  8]
  - 预测映射：[14  0  3 10 13  4  1  9  5  2 11  7 12  8  6]
[test_sample_07877] [T1x_rxn5494] ❌ 错误 | 原子数：15
  - 正确映射：[ 1  3 11  0  9  5 10 13  4 12  8  6  7 14  2]
  - 预测映射：[ 1  5 11  3  0  9 10  8 13  2 14 12  4  6  7]
[test_sample_07878] [T1x_rxn5495] ❌ 错误 | 原子数：15
  - 正确映射：[12  6  3  8 14  7  4 10  1  0 11  5 13  2  9]
  - 预测映射：[12  6  8 14  7  3  4 10  1  0 13  5  2  9 11]
[test_sample_07879] [T1x_rxn5805] ✅ 严格正确 | 原子数：15
[test_sample_07880] [T1x_rxn5806] ❌ 错误 | 原子数：15
  - 正确映射：[12 13  8  1  6 14 11 10  7  9  5  3  0  4  2]
  - 预测映射：[ 8 13 12 11 14  6  1 10  7  3  5  9  2  0  4]
[test_sample_07881] [T1x_rxn5807] ✅ 严格正确 | 原子数：15
[test_sample_07882] [T1x_rxn5808] ✅ 严格正确 | 原子数：15
[test_sample_07883] [T1x_rxn5809] ✅ 严格正确 | 原子数：15
[test_sample_07884] [T1x_rxn5810] ✅ 严格正确 | 原子数：15
[test_sample_07885] [T1x_rxn5811] ❌ 错误 | 原子数：15
  - 正确映射：[ 5 11  8  7  4  9  0 14  2 12  6  1 13 10  3]
  - 预测映射：[ 5 11  9  0  4  8  7 14  2  6 10 12 13  1  3]
[test_sample_07886] [T1x_rxn5812] ❌ 错误 | 原子数：15
  - 正确映射：[ 1  3  5  4 12  7 14  0  9  2  6 10 13  8 11]
  - 预测映射：[ 1  3  7 14 12  5  4  2  9  0  6  8 11 13 10]
[test_sample_07887] [T1x_rxn5813] ❌ 错误 | 原子数：15
  - 正确映射：[ 5  3  0  2  6 14 10 11  9  7  8  1  4 13 12]
  - 预测映射：[ 0  3  5 10 14  6  2 11  9  1  8  7 12 13  4]
[test_sample_07888] [T1x_rxn5814] ❌ 错误 | 原子数：15
  - 正确映射：[13  0 14  6 10 11  2  9 12  8  4  7  3  1  5]
  - 预测映射：[14  0 10  6 11 13  2  4  1  7  9  3  5 12  8]
[test_sample_07889] [T1x_rxn5815] ✅ 严格正确 | 原子数：15
[test_sample_07890] [T1x_rxn5816] ✅ 严格正确 | 原子数：15
[test_sample_07891] [T1x_rxn5817] ❌ 错误 | 原子数：15
  - 正确映射：[ 1 14  4  7  9  5 11 10 12  8  3  0  6  2 13]
  - 预测映射：[ 9  4  5 11 14  1  7  6 13 10  0  2  8  3 12]
[test_sample_07892] [T1x_rxn5818] ❌ 错误 | 原子数：15
  - 正确映射：[11 10  0  9  3  5  6 13  8  2  1  4 12  7 14]
  - 预测映射：[11 10  3  9  0  5  6 13  8  2  1 12  4  7 14]
[test_sample_07893] [T1x_rxn5819] ✅ 严格正确 | 原子数：15
[test_sample_07894] [T1x_rxn5820] ✅ 严格正确 | 原子数：15
[test_sample_07895] [T1x_rxn5911] ❌ 错误 | 原子数：15
  - 正确映射：[14  2  5  7 13  8  1 12  4 11  6  9 10  0  3]
  - 预测映射：[14  2  5  7 13  8  1  3  4 12  6 11 10  9  0]
[test_sample_07896] [T1x_rxn5912] ❌ 错误 | 原子数：15
  - 正确映射：[13  2 10  4  7  3 12  1 14  9  0  8  6  5 11]
  - 预测映射：[10  2 13  4  7  3 12  0  6  8  1  9 14 11  5]
[test_sample_07897] [T1x_rxn5913] ✅ 严格正确 | 原子数：15
[test_sample_07898] [T1x_rxn5914] ❌ 错误 | 原子数：15
  - 正确映射：[ 9 10 14  2  5 12  6  0  7 11 13  1  3  4  8]
  - 预测映射：[ 9 10 14  2  5 12  6  7 11  3 13  1  0  4  8]
[test_sample_07899] [T1x_rxn5915] ❌ 错误 | 原子数：15
  - 正确映射：[ 7  5 14 11 12  4 13  3  8 10  6  0  9  1  2]
  - 预测映射：[14  5  7 11 12  4 13  6  0  2  3 10  8  1  9]
[test_sample_07900] [T1x_rxn5916] ❌ 错误 | 原子数：15
  - 正确映射：[ 4  5 10 13 14  9  2  7  6  8 11  3  0 12  1]
  - 预测映射：[ 4  5 10 13 14  9  2  1  7  8  3  6  0 11 12]
[test_sample_07901] [T1x_rxn6137] ❌ 错误 | 原子数：15
  - 正确映射：[13 12  3  0  1  8  9 14  7 10  6 11  4  2  5]
  - 预测映射：[ 3 12 13  1  0  8  9 14 10  7  2  4 11  6  5]
[test_sample_07902] [T1x_rxn6138] ❌ 错误 | 原子数：15
  - 正确映射：[12  7  3  9  1  8  5 14 13  0 11  4  2  6 10]
  - 预测映射：[ 3  7 12  1  8  9  5  0 10 14  2 13  6 11  4]
[test_sample_07903] [T1x_rxn6139] ❌ 错误 | 原子数：15
  - 正确映射：[ 8  4  2 14  9  3  5 13 10  1  0 12  7 11  6]
  - 预测映射：[ 3  5  8  2 14  9  4 11  6 13  1 10  0  7 12]
[test_sample_07904] [T1x_rxn6140] ❌ 错误 | 原子数：15
  - 正确映射：[ 0  9 10  7  1 12  4 11 13  3 14  5  2  6  8]
  - 预测映射：[ 0  9 10  7  1 12  4 11 13  3 14  5  2  8  6]
[test_sample_07905] [T1x_rxn6141] ❌ 错误 | 原子数：15
  - 正确映射：[ 5 12 11 10  9  1  2 13  8  3 14  6  7  0  4]
  - 预测映射：[10  2  1  5  9 11 12  6 14  4  8  0  7  3 13]
[test_sample_07906] [T1x_rxn6142] ❌ 错误 | 原子数：15
  - 正确映射：[ 2  7 10 13 14  5  4  6  0 12  8 11  3  9  1]
  - 预测映射：[10  4  5  2 14 13  7 12 11  9  3  0  6  8  1]
[test_sample_07907] [T1x_rxn6143] ❌ 错误 | 原子数：15
  - 正确映射：[ 9  2  6 11 14 12  1 10  3  8 13  4  7  0  5]
  - 预测映射：[ 9  2 12 14 11  6  1  3 10  5 13  0  7  8  4]
[test_sample_07908] [T1x_rxn6144] ❌ 错误 | 原子数：15
  - 正确映射：[ 4  7  1  9  8  3  5 13 11  6 12  2  0 14 10]
  - 预测映射：[ 3  5  1  9  8  4  7 10 14  2 13 12  0  6 11]
[test_sample_07909] [T1x_rxn6145] ✅ 严格正确 | 原子数：15
[test_sample_07910] [T1x_rxn6146] ✅ 严格正确 | 原子数：15
[test_sample_07911] [T1x_rxn6147] ❌ 错误 | 原子数：15
  - 正确映射：[ 9  6 13 14  7 11  2 10 12  1  0  8  3  5  4]
  - 预测映射：[13  6  9  7 14 11  2  8  0 12  5 10  3  1  4]
[test_sample_07912] [T1x_rxn6148] ✅ 严格正确 | 原子数：15
[test_sample_07913] [T1x_rxn6149] ❌ 错误 | 原子数：15
  - 正确映射：[11 14  1  0  5  3  8  9  6  7 10 12  4 13  2]
  - 预测映射：[ 1 14  3 11  0  5  8  9  7  6 13  4 12 10  2]
[test_sample_07914] [T1x_rxn6150] ❌ 错误 | 原子数：15
  - 正确映射：[ 1  5  7  2  3  4 11 10 13  0  6 14  9 12  8]
  - 预测映射：[ 2  5  4  3  1  7 11 14  6  8 12  9 10  0 13]
[test_sample_07915] [T1x_rxn6151] ❌ 错误 | 原子数：15
  - 正确映射：[ 8 14  2 10  0 11 12  5  6 13  9  1  3  7  4]
  - 预测映射：[ 0 12  8 10 11  2 14  7  6  5  3  1  4 13  9]
[test_sample_07916] [T1x_rxn6199] ❌ 错误 | 原子数：15
  - 正确映射：[ 6  4 12  1  0 13  9  7 10  3 11  8 14  5  2]
  - 预测映射：[ 0  1 13  9  6  4 12  5  8 11 14  3  2  7 10]
[test_sample_07917] [T1x_rxn6200] ✅ 严格正确 | 原子数：15
[test_sample_07918] [T1x_rxn6201] ❌ 错误 | 原子数：15
  - 正确映射：[ 7 10 14  3 13  8  9 12  5 11  2  4  6  0  1]
  - 预测映射：[13  8  9 10  7  3 14  0  1  6 11  4  5 12  2]
[test_sample_07919] [T1x_rxn6202] ❌ 错误 | 原子数：15
  - 正确映射：[ 1 13 10 14  5  6  3 11  2 12  9  8  7  4  0]
  - 预测映射：[ 1 13 10 14  5  6  3  9 12  2  7  8  0  4 11]
[test_sample_07920] [T1x_rxn6203] ❌ 错误 | 原子数：15
  - 正确映射：[ 8 13 12  3  7  4  1 10  6  0  2  9 14 11  5]
  - 预测映射：[ 8 13 12  3  7  1  4 10  6  0  2  9 14 11  5]
[test_sample_07921] [T1x_rxn6527] ✅ 严格正确 | 原子数：15
[test_sample_07922] [T1x_rxn6528] ❌ 错误 | 原子数：15
  - 正确映射：[ 6  2  9  8 12  7  5  0  3 10 13  1 11 14  4]
  - 预测映射：[ 6  2  9  8 12  7  5 10  3 13 11  1 14  4  0]
[test_sample_07923] [T1x_rxn6529] ❌ 错误 | 原子数：15
  - 正确映射：[ 7  1  6  2 11 12  0  3 10  5  4 14 13  9  8]
  - 预测映射：[ 7  1  6  2  0 12 11 10  4  3  5  9 13 14  8]
[test_sample_07924] [T1x_rxn6530] ✅ 严格正确 | 原子数：15
[test_sample_07925] [T1x_rxn6531] ❌ 错误 | 原子数：15
  - 正确映射：[14  9 10  4  5  7  3  0  8 12 11 13  2  6  1]
  - 预测映射：[14  9 10  4  5  7  3  0 11 12  8  2 13  1  6]
[test_sample_07926] [T1x_rxn6532] ✅ 严格正确 | 原子数：15
[test_sample_07927] [T1x_rxn6533] ❌ 错误 | 原子数：15
  - 正确映射：[ 5 13 14  7  8  4 10 11  0  6  2  3  1 12  9]
  - 预测映射：[ 5 13 14  7 10  4  8 11  6  0  9  1 12  2  3]
[test_sample_07928] [T1x_rxn6534] ❌ 错误 | 原子数：15
  - 正确映射：[ 1  2  8  9  3 12  5 14  0 13 10  6  4 11  7]
  - 预测映射：[ 1  2  8  9  3 12  5  0 14 13 10  4  6  7 11]
[test_sample_07929] [T1x_rxn6862] ❌ 错误 | 原子数：15
  - 正确映射：[ 0  1  4  7  5  2 14  3 11  9  6 12  8 13 10]
  - 预测映射：[ 1  7  2  5 14  4  0  9 12  6  8 13  3 10 11]
[test_sample_07930] [T1x_rxn6863] ✅ 严格正确 | 原子数：15
[test_sample_07931] [T1x_rxn6864] ❌ 错误 | 原子数：15
  - 正确映射：[ 8  7  5  6  1 11 13 10  3  9 12  2 14  0  4]
  - 预测映射：[ 1 13 11  8  7  5  6 12  0  4 10  3  9  2 14]
[test_sample_07932] [T1x_rxn6865] ❌ 错误 | 原子数：15
  - 正确映射：[ 4  6 11 10  2 13  5  9  1  0 14  7  3  8 12]
  - 预测映射：[10  6 11  4  5 13  2  8  7  0 14  1 12  9  3]
[test_sample_07933] [T1x_rxn6866] ❌ 错误 | 原子数：15
  - 正确映射：[ 9 11 10  5  2  3  0 12  4 13  1  6  8  7 14]
  - 预测映射：[ 9  0  3  2  5 10 11 12  4 14  7  8  6  1 13]
[test_sample_07934] [T1x_rxn6867] ❌ 错误 | 原子数：15
  - 正确映射：[ 5 14  2  3 11  7  1 12  6  8 13  9 10  4  0]
  - 预测映射：[ 3  1  2 14  5  7 11 10 13  9  0  8 12  6  4]
[test_sample_07935] [T1x_rxn6868] ❌ 错误 | 原子数：15
  - 正确映射：[ 6 13  8  9  0  4 12  2  5  7  3  1 14 10 11]
  - 预测映射：[13  6  4 12  0  8  9 14  5  2  7 11  3 10  1]
[test_sample_07936] [T1x_rxn6869] ❌ 错误 | 原子数：15
  - 正确映射：[ 2  1  7  0  4  5 10 13 11 14  8  6  9  3 12]
  - 预测映射：[ 2 10  5  4  0  7  1 13 11 12  8  3  9  6 14]
[test_sample_07937] [T1x_rxn6870] ❌ 错误 | 原子数：15
  - 正确映射：[14 11  9  6 10  2  3  1 12  7  5  0 13  8  4]
  - 预测映射：[10  3  2 14 11  9  6 13  8  5  4 12  1  7  0]
[test_sample_07938] [T1x_rxn6871] ❌ 错误 | 原子数：15
  - 正确映射：[ 8  4  1 13  2  5  3  6  9  0  7 14 11 12 10]
  - 预测映射：[ 4  2  5  3  8  1 13 11 14 12  0 10  6  9  7]
[test_sample_07939] [T1x_rxn6872] ✅ 严格正确 | 原子数：15
[test_sample_07940] [T1x_rxn6873] ✅ 严格正确 | 原子数：15
[test_sample_07941] [T1x_rxn6874] ❌ 错误 | 原子数：15
  - 正确映射：[ 5  6  8 11 10  1 12 14  0  9  7  3 13  2  4]
  - 预测映射：[12 10  8 11  6  1  5  4 13  2  7  3 14  9  0]
[test_sample_07942] [T1x_rxn6875] ❌ 错误 | 原子数：15
  - 正确映射：[13  9  3  2 10  7  8 12  0 11  4 14  1  6  5]
  - 预测映射：[13  8  7 10  2  3  9  5 11  0  1  6  4 14 12]
[test_sample_07943] [T1x_rxn6876] ❌ 错误 | 原子数：15
  - 正确映射：[ 1  0 14  4 10 12  3 11  7  5  6  9  8 13  2]
  - 预测映射：[ 3  1 12 10  4 14  0 11  2  7  8 13  6  9  5]
[test_sample_07944] [T1x_rxn6877] ❌ 错误 | 原子数：15
  - 正确映射：[ 9  5  1  8  3 12  0 14  6 10  4  2  7 13 11]
  - 预测映射：[ 9  5  1  8  3 12  0 10  6 14  4  2 11 13  7]
[test_sample_07945] [T1x_rxn6878] ❌ 错误 | 原子数：15
  - 正确映射：[ 6  8 14  9 13 11  3  0  1  4  7  2 10 12  5]
  - 预测映射：[11  9 13  8 14  6  3  2 10  5  7  0  1 12  4]
[test_sample_07946] [T1x_rxn6879] ❌ 错误 | 原子数：15
  - 正确映射：[ 9  0  1  7 11 10  3  5  6 12  4 14 13  2  8]
  - 预测映射：[ 9  0  1  7 11  3 10 12  6  5  4  8  2 13 14]
[test_sample_07947] [T1x_rxn6880] ❌ 错误 | 原子数：15
  - 正确映射：[ 6  1 11 12  3  8 10 14  2  0  7 13  4  5  9]
  - 预测映射：[ 6  1 11 12  3  8 10  2 14  0  7 13  4  5  9]
[test_sample_07948] [T1x_rxn6881] ❌ 错误 | 原子数：15
  - 正确映射：[ 1  0 10  6  8 12  4 13 11  2 14  9  5  3  7]
  - 预测映射：[ 1  0 10 12  8  6  4  2 13  5  9 14 11  3  7]
[test_sample_07949] [T1x_rxn6882] ❌ 错误 | 原子数：15
  - 正确映射：[ 2  7  5 13  3 12  6  9  1 11 10  8  0 14  4]
  - 预测映射：[ 2  7  5 13  3  6 12 14  1 11 10  8  4  9  0]
[test_sample_07950] [T1x_rxn6883] ❌ 错误 | 原子数：15
  - 正确映射：[ 5  1 13  7  9  4  6 11  0  3  8 10 12 14  2]
  - 预测映射：[ 5  1 13  7  9  4  6  3  2  0  8 10 12 14 11]
[test_sample_07951] [T1x_rxn7229] ❌ 错误 | 原子数：15
  - 正确映射：[ 7 14 12  9  5  3  4  2  8 13  0 11  6 10  1]
  - 预测映射：[ 7 14 12  9  5  3  4  8  2 11  0  1  6 13 10]
[test_sample_07952] [T1x_rxn7230] ❌ 错误 | 原子数：15
  - 正确映射：[ 3  1 13  5  8  7  2 12  6 14 11  9  0  4 10]
  - 预测映射：[ 3  7  5 13  8  1  2 12  0  9  4 14  6 11 10]
[test_sample_07953] [T1x_rxn7231] ✅ 严格正确 | 原子数：15
[test_sample_07954] [T1x_rxn7232] ✅ 严格正确 | 原子数：15
[test_sample_07955] [T1x_rxn7233] ❌ 错误 | 原子数：15
  - 正确映射：[12 14  7  1  0  2  4 10  8  6  5  9  3 11 13]
  - 预测映射：[12 14  7  2  0  1  4 10  5 11  6  3  9  8 13]
[test_sample_07956] [T1x_rxn7234] ✅ 严格正确 | 原子数：15
[test_sample_07957] [T1x_rxn7235] ❌ 错误 | 原子数：15
  - 正确映射：[ 4  1  9 13  7  0 10  8  6 11  2 12  5  3 14]
  - 预测映射：[ 4  1  9 13  7  0 10  6  8  2 11 12  3 14  5]
[test_sample_07958] [T1x_rxn7236] ❌ 错误 | 原子数：15
  - 正确映射：[ 9  1 13  5 12  7  3  6 10  2  8  4 14 11  0]
  - 预测映射：[ 9 13  1  3 12  7  5  6  2 10  8  0 14 11  4]
[test_sample_07959] [T1x_rxn7237] ✅ 严格正确 | 原子数：15
[test_sample_07960] [T1x_rxn7238] ❌ 错误 | 原子数：15
  - 正确映射：[ 0  9 10  8  5  7 14  4  2 11 13  1 12  6  3]
  - 预测映射：[ 5 10  8  9  0 14  7 13 11  2  1  4  3 12  6]
[test_sample_07961] [T1x_rxn7239] ❌ 错误 | 原子数：15
  - 正确映射：[ 8  0  9  2  1  3  7 12 11 10 14 13  5  6  4]
  - 预测映射：[ 1  2  3  0  8  9  7 13  4  5  6 12 10 14 11]
[test_sample_07962] [T1x_rxn7240] ✅ 严格正确 | 原子数：15
[test_sample_07963] [T1x_rxn7241] ❌ 错误 | 原子数：15
  - 正确映射：[10  1  6  0 12  7 11  8  3  4 14 13  2  9  5]
  - 预测映射：[12  0  6  1 10 11  7  2 13 14  4  8  3  5  9]
[test_sample_07964] [T1x_rxn7242] ✅ 严格正确 | 原子数：15
[test_sample_07965] [T1x_rxn7243] ❌ 错误 | 原子数：15
  - 正确映射：[ 6  5 12  8  1 10  0  2 14  9 13 11  4  3  7]
  - 预测映射：[ 6  5  0 10  1  8 12 13 14  7  2 11  4  3  9]
[test_sample_07966] [T1x_rxn7244] ❌ 错误 | 原子数：15
  - 正确映射：[ 5  2 14 13  0  1  6  3  9  7 10 11 12  4  8]
  - 预测映射：[ 5  2  1 13  0 14  6  3  8 12  4 11  7 10  9]
[test_sample_07967] [T1x_rxn7300] ❌ 错误 | 原子数：15
  - 正确映射：[ 1 13 11  0  4  2  3 14  6  5  7  9 12 10  8]
  - 预测映射：[ 1 11  3  0  4  2 13  6  7  5 10 12  8  9 14]
[test_sample_07968] [T1x_rxn7301] ❌ 错误 | 原子数：15
  - 正确映射：[ 4  7  5 10  1 11 14  8 12 13  0  3  9  2  6]
  - 预测映射：[ 4  7 14 10  1 11  5 12  8 13  2  3  9  0  6]
[test_sample_07969] [T1x_rxn7302] ❌ 错误 | 原子数：15
  - 正确映射：[ 6  4  2 12 14  5  1  7  8  0 11 10  3 13  9]
  - 预测映射：[ 6  4  2  1 14  5 12  7 11  0  3 13  9  8 10]
[test_sample_07970] [T1x_rxn7303] ✅ 严格正确 | 原子数：15
[test_sample_07971] [T1x_rxn7304] ✅ 严格正确 | 原子数：15
[test_sample_07972] [T1x_rxn7305] ❌ 错误 | 原子数：15
  - 正确映射：[ 6 13 12  1  4 11  9  3  8  5  2  7 14  0 10]
  - 预测映射：[ 6 13 12  1  4 11  9  5  8  2 14  3  7  0 10]
[test_sample_07973] [T1x_rxn7306] ❌ 错误 | 原子数：15
  - 正确映射：[ 4 11  7  0 14  8  6 12  3  5  2 13  9 10  1]
  - 预测映射：[ 4 14  6 11  7  8  0 12  5 13 10  3  2  9  1]
[test_sample_07974] [T1x_rxn7307] ❌ 错误 | 原子数：15
  - 正确映射：[11  0 13 10  8  4 12  2  3  1 14  9  6  7  5]
  - 预测映射：[11  0 13 10  8  4 12  2 14  3  5  9  6  1  7]
[test_sample_07975] [T1x_rxn7308] ❌ 错误 | 原子数：15
  - 正确映射：[ 2  0  3 13  9  4 11  7  6 10  8 14  5 12  1]
  - 预测映射：[ 2  0 11 13  9  4  3 10  8  6  1  5  7 14 12]
[test_sample_07976] [T1x_rxn7309] ❌ 错误 | 原子数：15
  - 正确映射：[ 3 14  0  1 11 13  9  7  4  8  6 12 10  5  2]
  - 预测映射：[ 3  0 14  1 11 13  9  8  4  6 10  7 12  5  2]
[test_sample_07977] [T1x_rxn7853] ❌ 错误 | 原子数：15
  - 正确映射：[14  1  2  3  7 12  9  6  4  0 11  8 10 13  5]
  - 预测映射：[ 9 12  2  3  7  1 14  5  4  0 11  8 13 10  6]
[test_sample_07978] [T1x_rxn7854] ❌ 错误 | 原子数：15
  - 正确映射：[13 12  1  8  9  6  7 10  0  5 11  3  4 14  2]
  - 预测映射：[13  8  9 12  1  6  7  0  2  3  4  5 10 11 14]
[test_sample_07979] [T1x_rxn7855] ❌ 错误 | 原子数：15
  - 正确映射：[ 8  4  5 14 13  2  0  1  6 12 10  7 11  3  9]
  - 预测映射：[ 8  4  5 14 13  2  0  9  6  1 10  7 11  3 12]
[test_sample_07980] [T1x_rxn7856] ❌ 错误 | 原子数：15
  - 正确映射：[ 4 10  7  5 11 12  0  6  2 14  3  9  1 13  8]
  - 预测映射：[ 4 10 11  5  7 12  0  1  6  2  9 14 13  3  8]
[test_sample_07981] [T1x_rxn7857] ❌ 错误 | 原子数：15
  - 正确映射：[11 14  6  9 12  7  1  2  8  0 13  4  5 10  3]
  - 预测映射：[ 1  7  6  9 12 14 11  3  8  0 10  5  4 13  2]
[test_sample_07982] [T1x_rxn7858] ❌ 错误 | 原子数：15
  - 正确映射：[ 4  7 10  3  1  8 13  0  6  5 14  9  2 11 12]
  - 预测映射：[ 4  7 10  3  1 13  8  0  6  5 14  9  2 11 12]
[test_sample_07983] [T1x_rxn7859] ❌ 错误 | 原子数：15
  - 正确映射：[ 0  6  5  8 10  1 14 11  3  9 13  4 12  7  2]
  - 预测映射：[14  1  5  8 10  6  0  2  3  9 13  4  7 12 11]
[test_sample_07984] [T1x_rxn7879] ❌ 错误 | 原子数：15
  - 正确映射：[ 8  5 12  6 13  3 11  9 10 14  4  1  2  0  7]
  - 预测映射：[ 8  5 12  6 13  3 11 10  9 14  0  1  2  4  7]
[test_sample_07985] [T1x_rxn7880] ❌ 错误 | 原子数：15
  - 正确映射：[12  1 11  9 14  4  3 10  7  0 13  5  8  2  6]
  - 预测映射：[ 1 11 12  9 14  4  3  7  5 13  8 10  2  0  6]
[test_sample_07986] [T1x_rxn7881] ❌ 错误 | 原子数：15
  - 正确映射：[ 5 10 11  1  8 14  0  4  7 13 12  3  2  9  6]
  - 预测映射：[ 5 10  1 14  8 11  0  4  7 13 12  3  2  9  6]
[test_sample_07987] [T1x_rxn7882] ❌ 错误 | 原子数：15
  - 正确映射：[10  1  3  2  0  5  8  6 11 14 13  7  4  9 12]
  - 预测映射：[10  2  1  3  0  5  8 11  7  6  4  9 14 13 12]
[test_sample_07988] [T1x_rxn7883] ❌ 错误 | 原子数：15
  - 正确映射：[ 6  4  1  9 14  2 10 11  8 12  5  7  3  0 13]
  - 预测映射：[ 6  4  1  9 14  2 10 12  8 11  7  5  0  3 13]
[test_sample_07989] [T1x_rxn7884] ❌ 错误 | 原子数：15
  - 正确映射：[ 7 14  2  3 11  9  8  0  1 13  4  5  6 10 12]
  - 预测映射：[ 7 14  2  3 11  9  8 13  1  0  5  4 10  6 12]
[test_sample_07990] [T1x_rxn7885] ❌ 错误 | 原子数：15
  - 正确映射：[ 6  0 10  4  2 13  3 14  7  5  1 12  8 11  9]
  - 预测映射：[ 6  0 10  4  2 13  3  5  7  1 12 11  8 14  9]
[test_sample_07991] [T1x_rxn7886] ✅ 严格正确 | 原子数：15
[test_sample_07992] [T1x_rxn8138] ❌ 错误 | 原子数：15
  - 正确映射：[ 7 12  8  2  9 14 10 11  0  3  6  4 13  1  5]
  - 预测映射：[ 7 12  8  2  9 14 10 11  0  3  6 13  4  1  5]
[test_sample_07993] [T1x_rxn8139] ❌ 错误 | 原子数：15
  - 正确映射：[ 2  3  7 10  1 11 12 13  8  6  0  4  9 14  5]
  - 预测映射：[ 2 10  7  3 12 11  1  9  8  6  0  4 13 14  5]
[test_sample_07994] [T1x_rxn8140] ❌ 错误 | 原子数：15
  - 正确映射：[ 8 13  2  5  0  3  1  7 11 14 10  6  4  9 12]
  - 预测映射：[ 3 13  8  5  0  2  1  9 12  4  7 14 11  6 10]
[test_sample_07995] [T1x_rxn8141] ✅ 严格正确 | 原子数：15
[test_sample_07996] [T1x_rxn8142] ❌ 错误 | 原子数：15
  - 正确映射：[ 2 11  6  8  0  7  4 13 12  1 10  5 14  9  3]
  - 预测映射：[ 2 11  6  8  0  7  4 12  5 13  3 10 14  9  1]
[test_sample_07997] [T1x_rxn8143] ❌ 错误 | 原子数：15
  - 正确映射：[ 4  3  1 11  5  8 14  9  7 10  6  0 12  2 13]
  - 预测映射：[ 4  3  1 11  5  8 14 10  7 13  0  9 12  6  2]
[test_sample_07998] [T1x_rxn8144] ❌ 错误 | 原子数：15
  - 正确映射：[10  5 14  8  0  4 11  6  2  1  9  7 13 12  3]
  - 预测映射：[10  8 14  5 11  4  0  7  2  1  9  6  3 12 13]
[test_sample_07999] [T1x_rxn8145] ❌ 错误 | 原子数：15
  - 正确映射：[ 9 13  7 11  8  3  1  2 14  6  5 10 12  0  4]
  - 预测映射：[ 9 13  7 11  8  3  1 14  6  5  4  2 12  0 10]
[test_sample_08000] [T1x_rxn8146] ❌ 错误 | 原子数：15
  - 正确映射：[12 10  3  9 11  4  1  2  5  7  6 13 14  8  0]
  - 预测映射：[12 10  3  4  1  9 11  2  7  5 13  6  8 14  0]
[test_sample_08001] [T1x_rxn8147] ❌ 错误 | 原子数：15
  - 正确映射：[ 0  2  5  4 14 10 13 12  1  7  3  6 11  9  8]
  - 预测映射：[ 0 10  2  4 14  5 13  7  8  9 12  1 11  6  3]
[test_sample_08002] [T1x_rxn8148] ❌ 错误 | 原子数：15
  - 正确映射：[ 5  8  9  3 12  4 11  0  1 13 14  6  7  2 10]
  - 预测映射：[ 5  8  9  4 11  3 12  0 13  1  6 14  2  7 10]
[test_sample_08003] [T1x_rxn8149] ❌ 错误 | 原子数：15
  - 正确映射：[12  6 10  7  9 14  2  1 13  8 11  3  4  5  0]
  - 预测映射：[12  6 10  7  9 14  2  1 13  8  5  3 11  0  4]
[test_sample_08004] [T1x_rxn8249] ❌ 错误 | 原子数：15
  - 正确映射：[ 1  8  4  7 13 14  9  5 10  3  6 11  0  2 12]
  - 预测映射：[ 1  8  4  9 13 14  7  5  3 10 11  6 12  2  0]
[test_sample_08005] [T1x_rxn8250] ❌ 错误 | 原子数：15
  - 正确映射：[ 8  7  3  6 14  9 13  4  5 10  0 11  1  2 12]
  - 预测映射：[ 8  7  3 13 14  9  6  1  5 11  0 10  4  2 12]
[test_sample_08006] [T1x_rxn8251] ❌ 错误 | 原子数：15
  - 正确映射：[ 5  4  8  2  7  1 14  3 12 11  0  6  9 10 13]
  - 预测映射：[ 5  4  8  2  7  1 14  9 12  3 11  0  6 10 13]
[test_sample_08007] [T1x_rxn8252] ❌ 错误 | 原子数：15
  - 正确映射：[12  0 13  5  8  1  4 10 14 11  6  7  2  9  3]
  - 预测映射：[ 4  0 13  5  8  1 12  3  6 11 14  2  7  9 10]
[test_sample_08008] [T1x_rxn8253] ❌ 错误 | 原子数：15
  - 正确映射：[13  0  9 14  4 10  2  5 12 11  6  7  8  3  1]
  - 预测映射：[13  0  9 14  4 10  2 12 11  5  6  7  8  3  1]
[test_sample_08009] [T1x_rxn8254] ❌ 错误 | 原子数：15
  - 正确映射：[ 0  9  4 14  1  7  8  6 10 11  2 13  3 12  5]
  - 预测映射：[ 0  8  7 14  1  4  9 10  6 11  5  3 13 12  2]
[test_sample_08010] [T1x_rxn8255] ❌ 错误 | 原子数：15
  - 正确映射：[ 3  8  2 14  9 10  5 13  4  1 12 11  0  6  7]
  - 预测映射：[14  9 10  5  8  2  3 13  0 11  6  1  4 12  7]
[test_sample_08011] [T1x_rxn8256] ❌ 错误 | 原子数：15
  - 正确映射：[ 1 14  9 10  2  5  8 12 11  4  3  0  6 13  7]
  - 预测映射：[ 1 14  9 10  2  5  8  7  3  4 11  6  0 13 12]
[test_sample_08012] [T1x_rxn8257] ❌ 错误 | 原子数：15
  - 正确映射：[12  0  1  3  8  6  7  4 11  9  5 14 13 10  2]
  - 预测映射：[12  0  1  3  7  6  8  4 11  9  5 14 13  2 10]
[test_sample_08013] [T1x_rxn8258] ❌ 错误 | 原子数：15
  - 正确映射：[ 1  4  9  3  5 14 11  2 10 12  8  6 13  0  7]
  - 预测映射：[ 1  3 14  5 11  9  4 12 13 10  2  0  6  7  8]
[test_sample_08014] [T1x_rxn8259] ❌ 错误 | 原子数：15
  - 正确映射：[ 9  2  7 14  6  3  4  1 13 12  5  0 11  8 10]
  - 预测映射：[ 9  2  7 14  6  3  4  5  1 12 13  0 11  8 10]
[test_sample_08015] [T1x_rxn8260] ❌ 错误 | 原子数：15
  - 正确映射：[ 3  0  9 13 14  4  8 11  2 12  6  5  7 10  1]
  - 预测映射：[ 3  0  9 13 14  4  8  7  2 11 12  6  5 10  1]
[test_sample_08016] [T1x_rxn8261] ❌ 错误 | 原子数：15
  - 正确映射：[11  5  8  4 14  7  1 12  2 13  9  6  3  0 10]
  - 预测映射：[ 4  5  8 11 14  7  1  3  2  6  9 13 12 10  0]
[test_sample_08017] [T1x_rxn8395] ✅ 严格正确 | 原子数：15
[test_sample_08018] [T1x_rxn8396] ❌ 错误 | 原子数：15
  - 正确映射：[ 2  3  1 11  7  5  9 12 10  0 14 13  4  6  8]
  - 预测映射：[ 2  3  9  5  7 11  1 12  0 10 14 13  6  8  4]
[test_sample_08019] [T1x_rxn8397] ❌ 错误 | 原子数：15
  - 正确映射：[ 3  1  4  7  0  8 13  6  5 14 10  9  2 12 11]
  - 预测映射：[ 7  1  4  3  0  8 13  6  5  9 10 14  2 12 11]
[test_sample_08020] [T1x_rxn8398] ✅ 严格正确 | 原子数：15
[test_sample_08021] [T1x_rxn8399] ❌ 错误 | 原子数：15
  - 正确映射：[10  6  3  5 13 14 12  8 11  9  4  0  2  1  7]
  - 预测映射：[10  6 12 14  5 13  3  8 11  9  4  2  0  7  1]
[test_sample_08022] [T1x_rxn8400] ❌ 错误 | 原子数：15
  - 正确映射：[ 3  6  2 10  4  8 14 12  0 13  9  1  5 11  7]
  - 预测映射：[ 3  6  2 10  4  8 14 12  0 13  9  7  5  1 11]
[test_sample_08023] [T1x_rxn8401] ❌ 错误 | 原子数：15
  - 正确映射：[ 8  1 11 12  2 14  3 10  0  4  6  5  7  9 13]
  - 预测映射：[ 8  1 11 12  2 14  3  0  6  4 13  5  7  9 10]
[test_sample_08024] [T1x_rxn8402] ✅ 严格正确 | 原子数：15
[test_sample_08025] [T1x_rxn8403] ❌ 错误 | 原子数：15
  - 正确映射：[13  6 14  9  3  0 12  4  8  2  1 11  5  7 10]
  - 预测映射：[13  6 12  0  9  3 14  2  4  8  7 10 11  1  5]
[test_sample_08026] [T1x_rxn8404] ❌ 错误 | 原子数：15
  - 正确映射：[14  1  9 13  4  6  0  5  2  7 11 10  8  3 12]
  - 预测映射：[13  4  9  1 14  6  0  8 10  3 11  2  7  5 12]
[test_sample_08027] [T1x_rxn8405] ❌ 错误 | 原子数：15
  - 正确映射：[ 4 12 10  2 13 14  9  7  8  3  1 11  5  0  6]
  - 预测映射：[ 4 12 10  2 13 14  9  3  7  8  1 11  5  0  6]
[test_sample_08028] [T1x_rxn8406] ❌ 错误 | 原子数：15
  - 正确映射：[11 12  4  0 10  5  1  2  6  8  3  7 14 13  9]
  - 预测映射：[10  0  4 11 12  5  1  3 14 13  7  2  8  6  9]
[test_sample_08029] [T1x_rxn8407] ✅ 严格正确 | 原子数：15
[test_sample_08030] [T1x_rxn8408] ✅ 严格正确 | 原子数：15
[test_sample_08031] [T1x_rxn8480] ❌ 错误 | 原子数：15
  - 正确映射：[12 11  2  3  4  7  6  0  9  8  5 13 10 14  1]
  - 预测映射：[ 3  4  2 12 11  6  7 14  5 10  8 13  0  9  1]
[test_sample_08032] [T1x_rxn8481] ❌ 错误 | 原子数：15
  - 正确映射：[13  4 10  9  0  7  3  6 14 11  2  8 12  1  5]
  - 预测映射：[13  4 10  9  0  3  7  6 14 11  2  8 12  1  5]
[test_sample_08033] [T1x_rxn8482] ✅ 严格正确 | 原子数：15
[test_sample_08034] [T1x_rxn8614] ❌ 错误 | 原子数：15
  - 正确映射：[ 7 11  1  5 10 13  0 14 12  9  2  4  6  8  3]
  - 预测映射：[ 7 11  1  5 10 13  0  2 14  9  8  4  3  6 12]
[test_sample_08035] [T1x_rxn8615] ❌ 错误 | 原子数：15
  - 正确映射：[ 7 14  5  1 11  3  0  8 13 10  4  9 12  2  6]
  - 预测映射：[ 7 11  5  1 14  3  0 10  8  4 12  6 13  2  9]
[test_sample_08036] [T1x_rxn8616] ✅ 严格正确 | 原子数：15
[test_sample_08037] [T1x_rxn8617] ❌ 错误 | 原子数：15
  - 正确映射：[ 4 13  9 10  3 12  2  1  6  0 14  8  7  5 11]
  - 预测映射：[ 4 13  2 10  3 12  9 14  1  6 11  8  7  0  5]
[test_sample_08038] [T1x_rxn8618] ❌ 错误 | 原子数：15
  - 正确映射：[ 6  8  0  2 11  7  1 12 10 13  4  3  9  5 14]
  - 预测映射：[ 6  8  1  2 11  7  0 12 10  5 14 13  3  9  4]
[test_sample_08039] [T1x_rxn8785] ❌ 错误 | 原子数：15
  - 正确映射：[ 8 10  1  2  5 11 13  6 14 12  9  3  0  7  4]
  - 预测映射：[ 8 10  1  2  5 11 13 14 12  6  9  3  0  7  4]
[test_sample_08040] [T1x_rxn8786] ❌ 错误 | 原子数：15
  - 正确映射：[ 2 14  1  5  3  0  6 13  9 10  4 12 11  8  7]
  - 预测映射：[ 2 14  1  5  3  0  6 13  9 10  4 12  7 11  8]
[test_sample_08041] [T1x_rxn8787] ❌ 错误 | 原子数：15
  - 正确映射：[12  2  0  4  6  5  7  3 13  9  8 14 10  1 11]
  - 预测映射：[12  2  0  4  6  5  7  9 13 11  8 14  3  1 10]
[test_sample_08042] [T1x_rxn8788] ✅ 严格正确 | 原子数：15
[test_sample_08043] [T1x_rxn8789] ❌ 错误 | 原子数：15
  - 正确映射：[ 2 13  1  7  5 12  6 11  3  8 10  9 14  4  0]
  - 预测映射：[ 2 13  1  7  5 12  6 11  4  3 10  9 14  0  8]
[test_sample_08044] [T1x_rxn8790] ❌ 错误 | 原子数：15
  - 正确映射：[ 5 14 10 11  7  9  0 12  4  1  8  3  6  2 13]
  - 预测映射：[ 5 14 10 11  7  9  0  4  2  1  8 12  6 13  3]
[test_sample_08045] [T1x_rxn8791] ❌ 错误 | 原子数：15
  - 正确映射：[ 5  6 11 14  1  9 13  4 10 12  3  2  8  0  7]
  - 预测映射：[ 5  6  1 14 11  9 13  4 12 10  0  8  3  2  7]
[test_sample_08046] [T1x_rxn8792] ❌ 错误 | 原子数：15
  - 正确映射：[ 6  8 13  3 10  1 12  0  5 11 14  9  2  4  7]
  - 预测映射：[ 6  8 13  3 10  1 12  9  0  5 11 14  2  4  7]
[test_sample_08047] [T1x_rxn8793] ✅ 严格正确 | 原子数：15
[test_sample_08048] [T1x_rxn8886] ❌ 错误 | 原子数：15
  - 正确映射：[ 1 12 14  7  2  9  5  8  4  0 13 10  3  6 11]
  - 预测映射：[ 1 12 14  7  2  9  5  8  4  0 13 10 11  3  6]
[test_sample_08049] [T1x_rxn8887] ❌ 错误 | 原子数：15
  - 正确映射：[ 6  9 11  5  4 14 10 12  3  1  8  7  0  2 13]
  - 预测映射：[ 6  9 11 14  4  5 10 12  3  1  8  0  7  2 13]
[test_sample_08050] [T1x_rxn8888] ❌ 错误 | 原子数：15
  - 正确映射：[ 0  5  9 12  6  2  7  1  8 13 11 14  4 10  3]
  - 预测映射：[ 0  2  6 12  9  5  7  1  3 10 14 11  4 13  8]
[test_sample_08051] [T1x_rxn8889] ✅ 严格正确 | 原子数：15
[test_sample_08052] [T1x_rxn8890] ❌ 错误 | 原子数：15
  - 正确映射：[11  8  4  7  9 10 13 12 14  5  6  0  3  1  2]
  - 预测映射：[11  8  4  7  9 10 13  6 12 14  5  0  3  1  2]
[test_sample_08053] [T1x_rxn8891] ✅ 严格正确 | 原子数：15
[test_sample_08054] [T1x_rxn8892] ❌ 错误 | 原子数：15
  - 正确映射：[ 2  1  8  5  6 14  4  3 13 10  7  0 11  9 12]
  - 预测映射：[ 2  1  8  5  6 14  4 13  3  7 10  0 12  9 11]
[test_sample_08055] [T1x_rxn8893] ✅ 严格正确 | 原子数：15
[test_sample_08056] [T1x_rxn8894] ❌ 错误 | 原子数：15
  - 正确映射：[ 2  6  0  8  7  4 12  5  1 14  3 13 11  9 10]
  - 预测映射：[ 2  4  6  0  8  7 12  5  1 13 14  3 11  9 10]
[test_sample_08057] [T1x_rxn8895] ❌ 错误 | 原子数：15
  - 正确映射：[ 4  6  9  3  1  7 11  0  5 10 12  8  2 14 13]
  - 预测映射：[ 4  6  9  3  1  7 11  0 10 12  8 14  2 13  5]
[test_sample_08058] [T1x_rxn8896] ❌ 错误 | 原子数：15
  - 正确映射：[ 6 10  8  4 13  1  2 11 12  0  3  5  7  9 14]
  - 预测映射：[ 6 10  1  4 13  8  2 11 12  9 14  5  0  7  3]
[test_sample_08059] [T1x_rxn8897] ✅ 严格正确 | 原子数：15
[test_sample_08060] [T1x_rxn8898] ❌ 错误 | 原子数：15
  - 正确映射：[ 9  7  3 14  4  1 11 10  2  0 13  6  5  8 12]
  - 预测映射：[ 9  3  7  1  4 14 11 10 13  2 12  5  6  8  0]
[test_sample_08061] [T1x_rxn8899] ❌ 错误 | 原子数：15
  - 正确映射：[13  7  4 11  6  8 10  3  5  0 12 14  2  9  1]
  - 预测映射：[13  7  4 11  6  8 10  3  5  0 12 14  1  9  2]
[test_sample_08062] [T1x_rxn9508] ❌ 错误 | 原子数：15
  - 正确映射：[12  4 14 11  2 10 13  6  9  3  0  5  8  7  1]
  - 预测映射：[ 2 11 14  4 12 10 13  5  1  7  8  0  9  6  3]
[test_sample_08063] [T1x_rxn9511] ❌ 错误 | 原子数：15
  - 正确映射：[ 6 13  3  1  8 14  9  5  0  7  2 12 10 11  4]
  - 预测映射：[ 6 13  3  1  8 14  9  5  4  7  0 12  2 11 10]
[test_sample_08064] [T1x_rxn9531] ❌ 错误 | 原子数：15
  - 正确映射：[ 5  8  0  7 14 12  3  6 10  1 13  9  2  4 11]
  - 预测映射：[ 5  8  0  7 14 12  3  6  1 13  9 10  2  4 11]
[test_sample_08065] [T1x_rxn9556] ❌ 错误 | 原子数：15
  - 正确映射：[ 6  7 10 12  2  3  4 11  0  8  1 13 14  9  5]
  - 预测映射：[ 6  7 10 12  2  4  3 11  0  8  1  5 13 14  9]
[test_sample_08066] [T1x_rxn9561] ❌ 错误 | 原子数：15
  - 正确映射：[ 7 11  0 12  8 14  2 10 13  6  3  4  1  5  9]
  - 预测映射：[ 7 11  0 12  8 14  2 13 10  3  6  4  1  5  9]
[test_sample_08067] [T1x_rxn9562] ❌ 错误 | 原子数：15
  - 正确映射：[ 8  7  6  3  9 12  2 10 13  4  0  1 14  5 11]
  - 预测映射：[ 8  7 12  6  3  9  2  4 13 10 11  0 14  5  1]
[test_sample_08068] [T1x_rxn9563] ❌ 错误 | 原子数：15
  - 正确映射：[ 2  0  5  6 12  4  1 14  9  7 13 11  8  3 10]
  - 预测映射：[ 2  6 12  5  0  4  1 11  3  8 10 13 14  7  9]
[test_sample_08069] [T1x_rxn9564] ✅ 严格正确 | 原子数：15
[test_sample_08070] [T1x_rxn9565] ✅ 严格正确 | 原子数：15
[test_sample_08071] [T1x_rxn9623] ❌ 错误 | 原子数：15
  - 正确映射：[ 1 13 11 10  2  5 12 14  4  7  9  3  6  0  8]
  - 预测映射：[11 13  1 10  2  5 12  0  6  9  7  3  4 14  8]
[test_sample_08072] [T1x_rxn9624] ❌ 错误 | 原子数：15
  - 正确映射：[ 7  6 13  1  3  9 14 10  4  0  8 11 12  5  2]
  - 预测映射：[ 6  1 13  3  7 14  9  4 12 11  0  8  5 10  2]
[test_sample_08073] [T1x_rxn9664] ❌ 错误 | 原子数：15
  - 正确映射：[13 11  7  9  3 10 14  4  8  1  2  6  5  0 12]
  - 预测映射：[ 3 11  9  7 13 10 14  8  0  4  2  5  6  1 12]
[test_sample_08074] [T1x_rxn9716] ❌ 错误 | 原子数：15
  - 正确映射：[ 7  1 14 11  2  4  0 10  5  8  6  9 12 13  3]
  - 预测映射：[ 7  1 14 11  2  4  0  5  6 10  8 12  9  3 13]
[test_sample_08075] [T1x_rxn9717] ✅ 严格正确 | 原子数：15
[test_sample_08076] [T1x_rxn9762] ❌ 错误 | 原子数：15
  - 正确映射：[ 2  4  6  1 12  7 13  0  3 14 10  9 11  5  8]
  - 预测映射：[ 2  4  6  1 12  7 13  0  3 14  9 10 11  5  8]
[test_sample_08077] [T1x_rxn9763] ❌ 错误 | 原子数：15
  - 正确映射：[ 9  1  2  8  5 13 10  7  0 11  3 12 14  4  6]
  - 预测映射：[10  1 13  5  8  2  9 11  6  7 14  4  3 12  0]
[test_sample_08078] [T1x_rxn9764] ❌ 错误 | 原子数：15
  - 正确映射：[ 0 11  3  1 13 10 14 12  8  5  6  7  2  9  4]
  - 预测映射：[ 0 11  3  1 13 10 14 12  8  5  7  6  9  2  4]
[test_sample_08079] [T1x_rxn9908] ❌ 错误 | 原子数：15
  - 正确映射：[ 9  4  8  3 13 11  5 12  2 14 10  1  7  0  6]
  - 预测映射：[ 5 11  8  3 13  4  9  6  2 14 10  7  1  0 12]
[test_sample_08080] [T1x_rxn9912] ❌ 错误 | 原子数：15
  - 正确映射：[14  8  2  5  3 10  4  6  1  7 13  9 11  0 12]
  - 预测映射：[14  8  2  5  3 10  4  7  1  6  9 13  0 11 12]
[test_sample_08081] [T1x_rxn9945] ❌ 错误 | 原子数：15
  - 正确映射：[ 1  2  6  8 10 11 12  7  3 13 14  5  9  0  4]
  - 预测映射：[ 1  2  6  8 10 11 12  7  3 13 14  9  0  5  4]
[test_sample_08082] [T1x_rxn9946] ❌ 错误 | 原子数：15
  - 正确映射：[ 5  4  0  7 13 12  8 14  3 10  9  2  1  6 11]
  - 预测映射：[ 5  4  0  7 13 12  8 10 14  3  2  1 11  9  6]
[test_sample_08083] [T1x_rxn9947] ❌ 错误 | 原子数：15
  - 正确映射：[11  3  4 12  9  8  7 13  1 10  2  0 14  6  5]
  - 预测映射：[ 8 12  4  3  9 11  7  5  6 10  0  2 14 13  1]
[test_sample_08084] [T1x_rxn9948] ❌ 错误 | 原子数：15
  - 正确映射：[12 14  5  0  2  6  1 11  7  3  4 10  9 13  8]
  - 预测映射：[12 14  5  6  1  0  2 11 10  3  7  4 13  9  8]
[test_sample_08085] [T1x_rxn9985] ❌ 错误 | 原子数：15
  - 正确映射：[ 4  3 13 10  6  7  0 14 11  8 12  2  9  5  1]
  - 预测映射：[ 4  3 13 10  6  7  0 14 11  8 12  2  5  9  1]
[test_sample_08086] [T1x_rxn0050] ❌ 错误 | 原子数：15
  - 正确映射：[12  8  5  4  6 11 10  2  3 14  7  9 13  1  0]
  - 预测映射：[ 5  8 12  4  6 11 13  9  7 14  3  2 10  0  1]
[test_sample_08087] [T1x_rxn0051] ❌ 错误 | 原子数：15
  - 正确映射：[11 13  8  0  2 12  9  1 14 10  6  7  3  4  5]
  - 预测映射：[ 8 13 11  0  2 12  7  6  3 10 14  1  9  5  4]
[test_sample_08088] [T1x_rxn0052] ❌ 错误 | 原子数：15
  - 正确映射：[ 3  8  1 13 10  5 14 11  0  9  4  7 12  2  6]
  - 预测映射：[ 1  8  3 13 10  5  4  7 12 11  9 14  0  6  2]
[test_sample_08089] [T1x_rxn0053] ✅ 严格正确 | 原子数：15
[test_sample_08090] [T1x_rxn0054] ❌ 错误 | 原子数：15
  - 正确映射：[ 3 14 12 10  8  9  0  4  5  1 13  7  2 11  6]
  - 预测映射：[ 3 14 12 10  8  9  0  5  6  1 13  4  7  2 11]
[test_sample_08091] [T1x_rxn0055] ❌ 错误 | 原子数：15
  - 正确映射：[ 4  1  9 10  2  7 11  6  8 12  3  5 13 14  0]
  - 预测映射：[10  4  1  9  2  7 14 11 12  8  5  6  3 13  0]
[test_sample_08092] [T1x_rxn0056] ❌ 错误 | 原子数：15
  - 正确映射：[14  4 13  3  9  1  8  0  6  2 10  7 12 11  5]
  - 预测映射：[14  4 13  3  9  1  0  6  8  7 11 10 12  5  2]
[test_sample_08093] [T1x_rxn0205] ❌ 错误 | 原子数：15
  - 正确映射：[ 6  8 13  3  9  0  5  1  2  7 10 11 12 14  4]
  - 预测映射：[ 6  8 13  3  9  0  2  1  5 10  7 12 11  4 14]
[test_sample_08094] [T1x_rxn0206] ❌ 错误 | 原子数：15
  - 正确映射：[ 7  8  5 10  9  3 12 14  2  0  4  6 11 13  1]
  - 预测映射：[ 7  8  5 10  9  3  2 14  4 12  0 11  1  6 13]
[test_sample_08095] [T1x_rxn0207] ❌ 错误 | 原子数：15
  - 正确映射：[ 4  3  9  6 12 13 11  0  8  2  5 14 10  1  7]
  - 预测映射：[ 3  4  9 12  6 13  2  0  5 11  8 14 10  7  1]
[test_sample_08096] [T1x_rxn0208] ❌ 错误 | 原子数：15
  - 正确映射：[ 2  1  0  9 11  7 10 14  5  3  4  6 12 13  8]
  - 预测映射：[ 2  1  0  9 11  7  5  4 14 12  3 10  6  8 13]
[test_sample_08097] [T1x_rxn0209] ✅ 严格正确 | 原子数：15
[test_sample_08098] [T1x_rxn0210] ❌ 错误 | 原子数：15
  - 正确映射：[ 9 10 14  7  1  3  2 13  6 11  5 12  4  8  0]
  - 预测映射：[ 9 14 10  7  1  3 13  2  6 12  4 11  5  0  8]
[test_sample_08099] [T1x_rxn1067] ❌ 错误 | 原子数：15
  - 正确映射：[14  6 11  9  4  8 12  0  5  2 10 13  1  7  3]
  - 预测映射：[ 6 14 11  9  4  8  2  5  0 12 10  3 13  1  7]
[test_sample_08100] [T1x_rxn1068] ❌ 错误 | 原子数：15
  - 正确映射：[ 4  9 10  3 12 14  2  8  5  0  7 11  1  6 13]
  - 预测映射：[ 9  4 10  3 14 12  0  5  8  2  7  6 13  1 11]
[test_sample_08101] [T1x_rxn1069] ✅ 严格正确 | 原子数：15
[test_sample_08102] [T1x_rxn1070] ❌ 错误 | 原子数：15
  - 正确映射：[ 4  5 10  7 14  2  6  0 11 13 12  9  1  8  3]
  - 预测映射：[ 5  4  2  7 10 14 11 13  6  0  3 12  9  1  8]
[test_sample_08103] [T1x_rxn1071] ❌ 错误 | 原子数：15
  - 正确映射：[ 0  9  6  5  2 10  7 11 12 14 13  4  8  1  3]
  - 预测映射：[ 9  0  6  5 10  2 11 12  7  3 14  1  4 13  8]
[test_sample_08104] [T1x_rxn1072] ❌ 错误 | 原子数：15
  - 正确映射：[10  7 12  3  0  8 14  6  9  4  5  2 13  1 11]
  - 预测映射：[ 8  0 12  3  7 10  1  5  9 13 11  2  4 14  6]
[test_sample_08105] [T1x_rxn1256] ✅ 严格正确 | 原子数：15
[test_sample_08106] [T1x_rxn1257] ❌ 错误 | 原子数：15
  - 正确映射：[ 5  8  7  4  0  2  3  9  6 14 12 13  1 11 10]
  - 预测映射：[ 5  8  7  4  0  2  6  9  3 12 14 11  1 13 10]
[test_sample_08107] [T1x_rxn1258] ✅ 严格正确 | 原子数：15
[test_sample_08108] [T1x_rxn1259] ❌ 错误 | 原子数：15
  - 正确映射：[ 2  8 14  4  1 11  9  6 10 12  3  5  7 13  0]
  - 预测映射：[ 4 14  8  2  1 11 13  0  7  3  5  6 12  9 10]
[test_sample_08109] [T1x_rxn1260] ❌ 错误 | 原子数：15
  - 正确映射：[ 7 12  3 10  6  1  8  0  2  5  9 11 13 14  4]
  - 预测映射：[10  3 12  7  6  1 14  0  4 13 11  9  5  8  2]
[test_sample_08110] [T1x_rxn1261] ❌ 错误 | 原子数：15
  - 正确映射：[ 9 14  5  0  4  8  7 12 11  2 13  3  1  6 10]
  - 预测映射：[ 9 14  4  0  5  8  2  7 12 11 13  3 10  6  1]
[test_sample_08111] [T1x_rxn1262] ❌ 错误 | 原子数：15
  - 正确映射：[13  0  1 11 12  6 14  7  5  3  8  4  9 10  2]
  - 预测映射：[13  0  1 12 11  6 14  7  5  3  8  4  9 10  2]
[test_sample_08112] [T1x_rxn1263] ❌ 错误 | 原子数：15
  - 正确映射：[ 0 10  5  1  6  8  9  7 13  3 11 14  4 12  2]
  - 预测映射：[ 1  5 10  0  6  8 12  7  2  4 14 11  3  9 13]
[test_sample_08113] [T1x_rxn3759] ❌ 错误 | 原子数：15
  - 正确映射：[ 7 11  5  0  4 14  1 10  9  6  8  2 13 12  3]
  - 预测映射：[ 7 11 14  0  5  4  9  1 10 12  3  6  8  2 13]
[test_sample_08114] [T1x_rxn3760] ❌ 错误 | 原子数：15
  - 正确映射：[11  1  8  3  7 12  0 10  6  4 13  9  5  2 14]
  - 预测映射：[11  1 12  3  7  8  6 10  0 14  2  5  9 13  4]
[test_sample_08115] [T1x_rxn3761] ❌ 错误 | 原子数：15
  - 正确映射：[14 12  0  9  4 11  5  1 10  2  7 13  6  8  3]
  - 预测映射：[14 12  4  9  0 11  1  5 10  2  6 13  7  8  3]
[test_sample_08116] [T1x_rxn3762] ❌ 错误 | 原子数：15
  - 正确映射：[14  0 10 11 12  8  9  5  1 13  3  6  7  2  4]
  - 预测映射：[14  0  8 11 10 12  1  9  5  4  2  3 13  6  7]
[test_sample_08117] [T1x_rxn4529] ❌ 错误 | 原子数：15
  - 正确映射：[ 1  6 11 14  2 13  0  7 10  4 12  9  3  8  5]
  - 预测映射：[ 2  6  1 11 14 13 12  4 10  0  5  7  9  3  8]
[test_sample_08118] [T1x_rxn4530] ❌ 错误 | 原子数：15
  - 正确映射：[ 7 10  0  2 13  9 12  1  6  4  8 11 14  5  3]
  - 预测映射：[ 0 10  2  7 13  9  8  4 11  3 14  5 12  6  1]
[test_sample_08119] [T1x_rxn4531] ❌ 错误 | 原子数：15
  - 正确映射：[14 11  1  8  0  4  5  9  2  7 10 12  3  6 13]
  - 预测映射：[ 8 11  1 14  0  4 13  6 12 10  3  7  9  2  5]
[test_sample_08120] [T1x_rxn8941] ❌ 错误 | 原子数：15
  - 正确映射：[12  6 13 14  1  3  4  9 11  5  8 10  0  2  7]
  - 预测映射：[13  6 12 14  1  3 10  8  0  5  4 11  9  7  2]
[test_sample_08121] [T1x_rxn9053] ❌ 错误 | 原子数：15
  - 正确映射：[ 4 12  8  5  0  2 14  1  9 11  7 13  6 10  3]
  - 预测映射：[12  4  8  5  0  2 11  9  1 14  7 13  3 10  6]
[test_sample_08122] [T1x_rxn10002] ❌ 错误 | 原子数：16
  - 正确映射：[ 8  6  3  4  5  2  9  1 11 15  7  0 14 13 12 10]
  - 预测映射：[ 8  6  4  3  5  2  9  0 11  1 10 13 12  7 15 14]
[test_sample_08123] [T1x_rxn10050] ❌ 错误 | 原子数：16
  - 正确映射：[ 5 12 11  9  1  6 13 10  2 15  4  8  7 14  0  3]
  - 预测映射：[ 6 12  5 11  1  9 13  3 10  8  2 15 14  4  7  0]
[test_sample_08124] [T1x_rxn4920] ❌ 错误 | 原子数：16
  - 正确映射：[ 5  1  0  9  2 12  7 14 10  3 11  4  8 13  6 15]
  - 预测映射：[ 5  1 12  9  0  2  7  6  3 10  4 13  8 11 15 14]
[test_sample_08125] [T1x_rxn4921] ✅ 严格正确 | 原子数：16
[test_sample_08126] [T1x_rxn4922] ❌ 错误 | 原子数：16
  - 正确映射：[12 11  6  5 15 10  7 14  8  0  2 13  1  4  9  3]
  - 预测映射：[12 11 10 15  6  5  7 13  0  8  3  2  9  4  1 14]
[test_sample_08127] [T1x_rxn4923] ❌ 错误 | 原子数：16
  - 正确映射：[ 0  8  1 15  2 14  9  4 12 13 11 10  5  6  3  7]
  - 预测映射：[ 0  8  1  2 15 14  9 12 13  4  7  3  6  5 10 11]
[test_sample_08128] [T1x_rxn4924] ❌ 错误 | 原子数：16
  - 正确映射：[ 2 12  7  6  9 11  5 14  8  0 13  3  1 10  4 15]
  - 预测映射：[ 2 12  7  6  9 11  5  4 14  0  8 13  3  1 10 15]
[test_sample_08129] [T1x_rxn4925] ❌ 错误 | 原子数：16
  - 正确映射：[13 11 12  8  6  4  7  3  5  0  9 15  2 10  1 14]
  - 预测映射：[13 11 12  8  6  4  7  3  5  0 14  9  2 10 15  1]
[test_sample_08130] [T1x_rxn4926] ❌ 错误 | 原子数：16
  - 正确映射：[14  0  5  4 13  2 10 15  7  3  6 12  9  8  1 11]
  - 预测映射：[ 4  0  5  2 13 14 10 12  6  9  1 15  7  3  8 11]
[test_sample_08131] [T1x_rxn4927] ❌ 错误 | 原子数：16
  - 正确映射：[10 12  9  1 14  4 13  6 15  3  2  7  8 11  0  5]
  - 预测映射：[ 1 12  9 10 14  4 13  8  5  2  7  6  3 15 11  0]
[test_sample_08132] [T1x_rxn5186] ✅ 严格正确 | 原子数：16
[test_sample_08133] [T1x_rxn5187] ✅ 严格正确 | 原子数：16
[test_sample_08134] [T1x_rxn5188] ❌ 错误 | 原子数：16
  - 正确映射：[ 9 14  0  3 11  4  8 12 15  6  5  2 10 13  7  1]
  - 预测映射：[ 9  0 14  3 11  4  8 12  6 15 10  2  5 13  7  1]
[test_sample_08135] [T1x_rxn5189] ❌ 错误 | 原子数：16
  - 正确映射：[ 7 12  4  1 13  3 10  2 15  0 11  8  6 14  5  9]
  - 预测映射：[ 7 12  4  1 13  3 10  6  2  0 11  8 14  9  5 15]
[test_sample_08136] [T1x_rxn5190] ❌ 错误 | 原子数：16
  - 正确映射：[11  7  2 14  1  3 10  5  8  0  6 13  4 12  9 15]
  - 预测映射：[11  1  7  2 14  3 10  5  0 15  8 13  6  9  4 12]
[test_sample_08137] [T1x_rxn5191] ❌ 错误 | 原子数：16
  - 正确映射：[10  2 13 12  3  1 14  5  9 15 11  8  7  0  6  4]
  - 预测映射：[10  2 13 12  3  1 14 15  5  9 11  8  7  0  6  4]
[test_sample_08138] [T1x_rxn5192] ❌ 错误 | 原子数：16
  - 正确映射：[15 12  6 10 13 11  5  0  1 14  4  2  7  9  3  8]
  - 预测映射：[13 12 15  6 10 11  5 14  7  3  4  0  1  9  2  8]
[test_sample_08139] [T1x_rxn5193] ❌ 错误 | 原子数：16
  - 正确映射：[12  0  6  8 14 11  7  5  9 15 10  4  3 13  1  2]
  - 预测映射：[12  0  6  8 14 11  7  9  5 15 10  3  4  1 13  2]
[test_sample_08140] [T1x_rxn5194] ❌ 错误 | 原子数：16
  - 正确映射：[11 13  6  2  9  5 10  4 14  0  7  1 12 15  3  8]
  - 预测映射：[11 13  6  2  9  5 10  4 14  0  7  1 12  3 15  8]
[test_sample_08141] [T1x_rxn5195] ✅ 严格正确 | 原子数：16
[test_sample_08142] [T1x_rxn5196] ✅ 严格正确 | 原子数：16
[test_sample_08143] [T1x_rxn5219] ❌ 错误 | 原子数：16
  - 正确映射：[10  4  5  8  0  1 15  9 13  6  7  2 12  3 14 11]
  - 预测映射：[10  4  5  8  0  1 15  2 13  9  6  7 12  3 14 11]
[test_sample_08144] [T1x_rxn5220] ❌ 错误 | 原子数：16
  - 正确映射：[ 9 14 10  4  1  6  0  2 15 13  8 11  7 12  3  5]
  - 预测映射：[ 9 14 10  4  1  6  0 13 15  7  8 11  3 12  5  2]
[test_sample_08145] [T1x_rxn5221] ❌ 错误 | 原子数：16
  - 正确映射：[ 8 15  1  0 14  5  7 12  3 11  4  6  9 10 13  2]
  - 预测映射：[ 8 15  1  0 14  5  7 12  3 11  4  6  9 10  2 13]
[test_sample_08146] [T1x_rxn5222] ❌ 错误 | 原子数：16
  - 正确映射：[ 0 13 15  4  9  2 12  1 14 11  6  5  3 10  7  8]
  - 预测映射：[ 0 13 15  4  9  2 12 14 11  1  6  5  3 10  7  8]
[test_sample_08147] [T1x_rxn5223] ❌ 错误 | 原子数：16
  - 正确映射：[ 6 15 13  8  2 12 11  4  3  0  7  5  9 10  1 14]
  - 预测映射：[ 6 15 11  8 13 12  2  4  7  0  3 14  9  5 10  1]
[test_sample_08148] [T1x_rxn5224] ❌ 错误 | 原子数：16
  - 正确映射：[15  6  7  3 12  5 10 14  9 11 13  8  4  0  2  1]
  - 预测映射：[15  6  7  3 12  5 10 14 11 13  8  9  4  0  2  1]
[test_sample_08149] [T1x_rxn5225] ❌ 错误 | 原子数：16
  - 正确映射：[ 9  1  5 13  6  0 15 14  7 11 10  4  2  8 12  3]
  - 预测映射：[ 9  1  5 13 15  0  6 14  3  7 11  2  8 12 10  4]
[test_sample_08150] [T1x_rxn5226] ❌ 错误 | 原子数：16
  - 正确映射：[ 3  6 12 15  9  2  1 11 14 10  5  8  4  7  0 13]
  - 预测映射：[ 3  6 12 15  9  2  1 11 14 10  5  8  4  0 13  7]
[test_sample_08151] [T1x_rxn5299] ✅ 严格正确 | 原子数：16
[test_sample_08152] [T1x_rxn5300] ❌ 错误 | 原子数：16
  - 正确映射：[15  2  8  4  5  0  1 14  7 10 11 13  6 12  3  9]
  - 预测映射：[15  0  5  4  8  2  1 14 12 10  3  9  6  7 13 11]
[test_sample_08153] [T1x_rxn5301] ❌ 错误 | 原子数：16
  - 正确映射：[ 9  0  8  2  5  4 10  7 11  1  6  3 12 15 13 14]
  - 预测映射：[ 9  0  8  2  5  4 10  7  1 15 11  3  6 12 13 14]
[test_sample_08154] [T1x_rxn5302] ❌ 错误 | 原子数：16
  - 正确映射：[15  5  8  2 10 11  6  9 14  7  4  0  1 12  3 13]
  - 预测映射：[15  5  8  2 10 11  6  4  9 14  1  7  0 12 13  3]
[test_sample_08155] [T1x_rxn5303] ❌ 错误 | 原子数：16
  - 正确映射：[10  2  5 12 14  3 11 15  9  1  4  8  6 13  0  7]
  - 预测映射：[ 2  5 14 12  3 10 11  4  8 13  1  6  9  0  7 15]
[test_sample_08156] [T1x_rxn5304] ❌ 错误 | 原子数：16
  - 正确映射：[ 4  9 12 13 14  2 11  7  1 15  3  8  6 10  5  0]
  - 预测映射：[ 4  9 12 13 14  2 11 15  1  7  8  3 10  5  0  6]
[test_sample_08157] [T1x_rxn5305] ❌ 错误 | 原子数：16
  - 正确映射：[ 2 15  9  5 13 12  7 14  0  3  6  1 11  4  8 10]
  - 预测映射：[ 2 15  9  5 13 12  7 14  3  0  4  1 11  6 10  8]
[test_sample_08158] [T1x_rxn5306] ❌ 错误 | 原子数：16
  - 正确映射：[ 1 14 12 13 11 15  6  3  5  4 10  8  9  7  0  2]
  - 预测映射：[ 1 14 12 13 11 15  6 10  5  3  8  4  9  7  0  2]
[test_sample_08159] [T1x_rxn5507] ❌ 错误 | 原子数：16
  - 正确映射：[14  1  7 10  3 12  5  8 13 11  6  4  0  2  9 15]
  - 预测映射：[14  1  7 10  3 12  5  0  8 11  6  2  4  9 13 15]
[test_sample_08160] [T1x_rxn5508] ❌ 错误 | 原子数：16
  - 正确映射：[ 8 13  9  2  0  3 11 15  5 14  1 12 10  7  4  6]
  - 预测映射：[ 8 13  9  2  0  3 11 14  5  4  1 10 15 12  7  6]
[test_sample_08161] [T1x_rxn5509] ❌ 错误 | 原子数：16
  - 正确映射：[ 2  0 12  8  9  4  1 14 10  6  7 11 13 15  3  5]
  - 预测映射：[ 8  0 12  2  9  4  1 15 10  3  7 13 11 14  6  5]
[test_sample_08162] [T1x_rxn5510] ❌ 错误 | 原子数：16
  - 正确映射：[11  4  9 14  6  8  1 13  0  7  3  2 12  5 15 10]
  - 预测映射：[ 9  4 11 14  6  8  1 12  7  2 13  0  3  5 15 10]
[test_sample_08163] [T1x_rxn5511] ❌ 错误 | 原子数：16
  - 正确映射：[ 2  1 11  0  7 14 13 12  9  3  6  4  8 10 15  5]
  - 预测映射：[ 0  1  2 11  7 14 13  3 15 10  8 12  9  4  6  5]
[test_sample_08164] [T1x_rxn5512] ❌ 错误 | 原子数：16
  - 正确映射：[ 6  0 13 14 15 10  8 11  4  5  3  2 12  7  9  1]
  - 预测映射：[ 0 14 13  6 15 10  8  7  9  5  3 12  2 11  4  1]
[test_sample_08165] [T1x_rxn5513] ❌ 错误 | 原子数：16
  - 正确映射：[11 15  5  0  4  8 14 12  3  6  2  7 13 10  1  9]
  - 预测映射：[ 5 15 11  0  4  8 14 13  2  7  3  6 12  1 10  9]
[test_sample_08166] [T1x_rxn5514] ✅ 严格正确 | 原子数：16
[test_sample_08167] [T1x_rxn5515] ❌ 错误 | 原子数：16
  - 正确映射：[ 6 15  1  7 11  3  4 12  5  2  8 13 14 10  0  9]
  - 预测映射：[ 1 15  6  7 11  3  4 14  8 13  5  2 12  0 10  9]
[test_sample_08168] [T1x_rxn5516] ❌ 错误 | 原子数：16
  - 正确映射：[ 5  0  7 14  2  1 10  8 12 15 11  6  4 13  3  9]
  - 预测映射：[ 0  1  7  5  2 14 10  9  4 15 11 13  6 12  8  3]
[test_sample_08169] [T1x_rxn5712] ✅ 严格正确 | 原子数：16
[test_sample_08170] [T1x_rxn5713] ❌ 错误 | 原子数：16
  - 正确映射：[ 1  3  0 11 13  9 15  2  5  7  4 12  8 10 14  6]
  - 预测映射：[ 1  3  0  9 13 11 15  2  7  5  8  4 10  6 12 14]
[test_sample_08171] [T1x_rxn5714] ❌ 错误 | 原子数：16
  - 正确映射：[ 3  6  8  1  0 12 13 14  4  7 15  9 10  5  2 11]
  - 预测映射：[ 0  6  3  1  8 12 13  5 14  2  4  7 11 10 15  9]
[test_sample_08172] [T1x_rxn5715] ❌ 错误 | 原子数：16
  - 正确映射：[ 3  8 10 15  6  2  0 11  9  1  7 12 14  4 13  5]
  - 预测映射：[ 3  8 10  2 15  6  0 11  9  1  7 12 14  4 13  5]
[test_sample_08173] [T1x_rxn5716] ❌ 错误 | 原子数：16
  - 正确映射：[ 9  3 14  2 12  8 11  6  7  4  5 10 13  0 15  1]
  - 预测映射：[ 9  3 14  2 12  8 11  7  6  4  5 13 10  1 15  0]
[test_sample_08174] [T1x_rxn5755] ❌ 错误 | 原子数：16
  - 正确映射：[ 2  7  5  9 14  3 15 10  1 11 13  4  0  6  8 12]
  - 预测映射：[ 2  7  5  9 14  3 15 13 11 10  1  4  0  6  8 12]
[test_sample_08175] [T1x_rxn5756] ❌ 错误 | 原子数：16
  - 正确映射：[13 11 15 10  1  6 12  0  5  3  4  8 14  7  9  2]
  - 预测映射：[ 1 10 15 11 13  6 12  7  8  9 14  4  3  0  5  2]
[test_sample_08176] [T1x_rxn5757] ✅ 严格正确 | 原子数：16
[test_sample_08177] [T1x_rxn5758] ❌ 错误 | 原子数：16
  - 正确映射：[ 8 10  5 15  2  3  6  4  9  7  1 12 11 13  0 14]
  - 预测映射：[ 8 10  5 15  2  3  6 13  9  4  7 12  1  0 11 14]
[test_sample_08178] [T1x_rxn5759] ❌ 错误 | 原子数：16
  - 正确映射：[ 4  7  8 12  2 11 13  0  1 15 10 14  3  5  9  6]
  - 预测映射：[ 4  7  8 12  2 11 13  0  1 15 14  3 10  5  9  6]
[test_sample_08179] [T1x_rxn5760] ✅ 严格正确 | 原子数：16
[test_sample_08180] [T1x_rxn5761] ❌ 错误 | 原子数：16
  - 正确映射：[ 9 11 12  5 15  6  2  1  4 10  7 14  0  8 13  3]
  - 预测映射：[ 9 11 12  5 15  6  2  7 10  1  4 14  8  0 13  3]
[test_sample_08181] [T1x_rxn5762] ❌ 错误 | 原子数：16
  - 正确映射：[ 7  0 12  2 13  4  5 11  3  1 14  8  6 15  9 10]
  - 预测映射：[ 7  0 12  2 13  4  5 11  1  6 14  3  8 15  9 10]
[test_sample_08182] [T1x_rxn5763] ❌ 错误 | 原子数：16
  - 正确映射：[ 0 11  1  3  2  4  6  9 12 13  5 14 15  7  8 10]
  - 预测映射：[ 0 11  1  3  2  4  6  7  9 13 12 14  5  8 15 10]
[test_sample_08183] [T1x_rxn5764] ❌ 错误 | 原子数：16
  - 正确映射：[13  2  3  6  9 11  5  4  7 14 10  1 12 15  8  0]
  - 预测映射：[13  2  3  6  9 11  5  4  7 14 10  1 12  0  8 15]
[test_sample_08184] [T1x_rxn5765] ✅ 严格正确 | 原子数：16
[test_sample_08185] [T1x_rxn5766] ✅ 严格正确 | 原子数：16
[test_sample_08186] [T1x_rxn5767] ❌ 错误 | 原子数：16
  - 正确映射：[13  2  7 11  1  9 12  0  5  4 15 14 10  3  8  6]
  - 预测映射：[13  2  7 11  1  9 12  0  5 15 14  3 10  4  8  6]
[test_sample_08187] [T1x_rxn5768] ✅ 严格正确 | 原子数：16
[test_sample_08188] [T1x_rxn5769] ❌ 错误 | 原子数：16
  - 正确映射：[13 12 15 14  9  7  4  1  8  0  2 11  5  3  6 10]
  - 预测映射：[12 13 15 14  9  7  4  0  8  2 11  1  5  3  6 10]
[test_sample_08189] [T1x_rxn5770] ❌ 错误 | 原子数：16
  - 正确映射：[10  7 15 13  2  3  6  0  8  9 14  5  1  4 12 11]
  - 预测映射：[10  7 15 13  2  3  6  4  0  8 14  5  1  9 12 11]
[test_sample_08190] [T1x_rxn6116] ✅ 严格正确 | 原子数：16
[test_sample_08191] [T1x_rxn6117] ❌ 错误 | 原子数：16
  - 正确映射：[13  0  8  3  1  9  5  7  2 11 12  4 10  6 14 15]
  - 预测映射：[13  0  8  3  1  9  5 11  2  7 12  4 10  6 14 15]
[test_sample_08192] [T1x_rxn6118] ❌ 错误 | 原子数：16
  - 正确映射：[10  3  5  1 14 13  8  2  7  9 11 12  4  6  0 15]
  - 预测映射：[ 8  3  5  1 10 13 14 11  0  7  9 15  4  6  2 12]
[test_sample_08193] [T1x_rxn6119] ✅ 严格正确 | 原子数：16
[test_sample_08194] [T1x_rxn6280] ❌ 错误 | 原子数：16
  - 正确映射：[12  5  8  3 10 11  6  2 15  4  7  1  0  9 14 13]
  - 预测映射：[12  5  8  3 11 10  6  2 15  4  7  1 13  0  9 14]
[test_sample_08195] [T1x_rxn6281] ❌ 错误 | 原子数：16
  - 正确映射：[ 4  8 10 12  1 15  7 14  0  9 13 11  5  6  2  3]
  - 预测映射：[ 4  8 10 12  1 15  7 14  0  9 13 11  6  3  2  5]
[test_sample_08196] [T1x_rxn6282] ❌ 错误 | 原子数：16
  - 正确映射：[ 3  5 15  7  2  6 14 11  0 10 13  1  8  9 12  4]
  - 预测映射：[ 3  5 15  7  2  6 14 11 10  0  8  1 13  9 12  4]
[test_sample_08197] [T1x_rxn6283] ❌ 错误 | 原子数：16
  - 正确映射：[ 2 11  7  8 10  4 14  5 13  9  0 15  3  6 12  1]
  - 预测映射：[ 2  7  8 10  4 11 14  9  0 15  3  6 12  1 13  5]
[test_sample_08198] [T1x_rxn6284] ✅ 严格正确 | 原子数：16
[test_sample_08199] [T1x_rxn6285] ✅ 严格正确 | 原子数：16
[test_sample_08200] [T1x_rxn6286] ✅ 严格正确 | 原子数：16
[test_sample_08201] [T1x_rxn6287] ❌ 错误 | 原子数：16
  - 正确映射：[11  5 15 12  3  1  0 14  6  7  2  8  9  4 13 10]
  - 预测映射：[11  5 15 12  3  1  0 14  8  6  2  4  9 13  7 10]
[test_sample_08202] [T1x_rxn6288] ❌ 错误 | 原子数：16
  - 正确映射：[ 2  1 15 11  4 14  5  7 12  3 13  9  0  8  6 10]
  - 预测映射：[ 2  1 15 11  4 14  5  7  3 12  0  9 13  8 10  6]
[test_sample_08203] [T1x_rxn6289] ❌ 错误 | 原子数：16
  - 正确映射：[ 1  3 13  2  4  0 11  5 10  8 15  7  6 14  9 12]
  - 预测映射：[ 1  3 13  2  4  0 11  5  8 10  7 15 14  6 12  9]
[test_sample_08204] [T1x_rxn6290] ❌ 错误 | 原子数：16
  - 正确映射：[12 15  3  1  4  8  0  5  9 14  2  7 11  6 10 13]
  - 预测映射：[12 15  8  4  1  3  0  5 10 13 11  6  2  7  9 14]
[test_sample_08205] [T1x_rxn6291] ❌ 错误 | 原子数：16
  - 正确映射：[ 0  6  1  9 11 10  3 12  7 15  8  4  5 13  2 14]
  - 预测映射：[ 0  6  1  9 11 10  3 12  7 15  8  4 14  5 13  2]
[test_sample_08206] [T1x_rxn6292] ❌ 错误 | 原子数：16
  - 正确映射：[ 7 12  3 10  8 13 15  0 11 14  9  6  4  5  1  2]
  - 预测映射：[ 7 12 13  8 10  3 15  0  1  2  4 11  9  5 14  6]
[test_sample_08207] [T1x_rxn6293] ❌ 错误 | 原子数：16
  - 正确映射：[12  7  6 11  4  8  2 15 13  0  3  1 10  9  5 14]
  - 预测映射：[12  8  7  6 11  4  2 14  5 15 13  0  3  1 10  9]
[test_sample_08208] [T1x_rxn6294] ✅ 严格正确 | 原子数：16
[test_sample_08209] [T1x_rxn6295] ❌ 错误 | 原子数：16
  - 正确映射：[11 15  7  3  4 13 10  1  5  9 12  6 14  2  8  0]
  - 预测映射：[11 15  7  3  4 13 10  5  9  1 12  6 14  2  8  0]
[test_sample_08210] [T1x_rxn6296] ✅ 严格正确 | 原子数：16
[test_sample_08211] [T1x_rxn6735] ❌ 错误 | 原子数：16
  - 正确映射：[11  5  7  8  0 13  1 12 10 15  2  6  3  9 14  4]
  - 预测映射：[11  5  7  8  0 13  1 12 10 15  2  6  3 14  9  4]
[test_sample_08212] [T1x_rxn6736] ❌ 错误 | 原子数：16
  - 正确映射：[12  1 15 10  2 11 14  8 13  7  5  4  3  0  9  6]
  - 预测映射：[12  1 15 10  2 11 14  8  7  4  5  3  6 13  9  0]
[test_sample_08213] [T1x_rxn6737] ❌ 错误 | 原子数：16
  - 正确映射：[13  9  7  4  8  5 10  6 15  0  2 11 12 14  1  3]
  - 预测映射：[13  9  7  4  8  5 10  6 15  0 11  1 12  2 14  3]
[test_sample_08214] [T1x_rxn6738] ❌ 错误 | 原子数：16
  - 正确映射：[ 4 11 15 10  6  7  5 14  0  9 13  3  8  2  1 12]
  - 预测映射：[ 7 11 15 10  6  4  5  0  9 13 14  8  3  2 12  1]
[test_sample_08215] [T1x_rxn6739] ❌ 错误 | 原子数：16
  - 正确映射：[15 12  4 11  3 14 10  5 13  2  0  1  7  8  6  9]
  - 预测映射：[ 3  4 12 11 15 14 10  9  8  6  1  0  7  5 13  2]
[test_sample_08216] [T1x_rxn6740] ❌ 错误 | 原子数：16
  - 正确映射：[ 1  2  0 13  6  7  4  9  3 12  8 14 11 15  5 10]
  - 预测映射：[ 1  2  0 13  6  7  4 12  3  9  8 11 14 15 10  5]
[test_sample_08217] [T1x_rxn6741] ❌ 错误 | 原子数：16
  - 正确映射：[ 1  3  7 10  6 12 11 13  4  9  2 14  8  0 15  5]
  - 预测映射：[ 1  3  7 10  6 12 11  9 13  4  2  0  8  5 15 14]
[test_sample_08218] [T1x_rxn6742] ❌ 错误 | 原子数：16
  - 正确映射：[12 14  9  4  3  6  0 13 11  7  5  8 15  1 10  2]
  - 预测映射：[ 3  9 14  4 12  6  0  2 10 15  1  8  5 11  7 13]
[test_sample_08219] [T1x_rxn6743] ❌ 错误 | 原子数：16
  - 正确映射：[ 9 14 10  7  5 11 13  6  4 15  3  8  2 12  1  0]
  - 预测映射：[ 9 14 10  7  5 11 13  6 15  4  3  8  2 12  1  0]
[test_sample_08220] [T1x_rxn6744] ❌ 错误 | 原子数：16
  - 正确映射：[10  9  6  1 11  5  4  7 13 14  0  3  2 15  8 12]
  - 预测映射：[10  9  6  1 11  5  4  0 13 14  7  2  3 12  8 15]
[test_sample_08221] [T1x_rxn6745] ✅ 严格正确 | 原子数：16
[test_sample_08222] [T1x_rxn6746] ❌ 错误 | 原子数：16
  - 正确映射：[ 0  6  1  8  7 13 12 14 11 10  3  5  2 15  4  9]
  - 预测映射：[ 7  1  6  8  0 13 12  4  9  5 15  2  3 14 10 11]
[test_sample_08223] [T1x_rxn6747] ❌ 错误 | 原子数：16
  - 正确映射：[ 9 12  6  4  2  8  0  3 11 10  7  5 14 15 13  1]
  - 预测映射：[ 9  8  2  4  6 12  0 10  7 11  3 15  1  5 13 14]
[test_sample_08224] [T1x_rxn7222] ❌ 错误 | 原子数：16
  - 正确映射：[ 7 13  3  8 12 14 11  9  6  1  2 15 10  5  4  0]
  - 预测映射：[ 7 13  3  8 12 14 11  2  6  5  9 10 15  1  4  0]
[test_sample_08225] [T1x_rxn7223] ✅ 严格正确 | 原子数：16
[test_sample_08226] [T1x_rxn7224] ❌ 错误 | 原子数：16
  - 正确映射：[ 2  0  1  5  3 14 15  8 10 12  7  6 13  9 11  4]
  - 预测映射：[ 2  0  1  5  3 14 15  7 10  9  8 13  6 12 11  4]
[test_sample_08227] [T1x_rxn7225] ❌ 错误 | 原子数：16
  - 正确映射：[ 3 14  2 12  4 15  6 10  0  9 11  8  1 13  7  5]
  - 预测映射：[ 2 14  4 12  3 15  6  1 13 11  7  5  9  0 10  8]
[test_sample_08228] [T1x_rxn7226] ❌ 错误 | 原子数：16
  - 正确映射：[ 4 14  5  2  6  7 10  1 13  8  0 11  9 12 15  3]
  - 预测映射：[ 4 14  6  2  5  7 10  3 13  1  8 15 12  0  9 11]
[test_sample_08229] [T1x_rxn7227] ❌ 错误 | 原子数：16
  - 正确映射：[ 9  6  8 11  0 10  3  4  7 15  1 12  5 14 13  2]
  - 预测映射：[ 9  6  8 11  0 10  3  5  4  7  1 12 13 14  2 15]
[test_sample_08230] [T1x_rxn7228] ❌ 错误 | 原子数：16
  - 正确映射：[13 15  6  0 12  1  8 11  9  4  2  7 10 14  3  5]
  - 预测映射：[ 6 15 13  0 12  1  8  2 10  7  9 11  4  3 14  5]
[test_sample_08231] [T1x_rxn7256] ❌ 错误 | 原子数：16
  - 正确映射：[ 8 14  7  6 12  2  5 13  3 15  1  0 10 11  4  9]
  - 预测映射：[ 8 14  7  6  2 12  5 13  3  1 15  0 10  9  4 11]
[test_sample_08232] [T1x_rxn7257] ❌ 错误 | 原子数：16
  - 正确映射：[ 2  0  1 10 11 14 13  9  3  6  4 15  7  8 12  5]
  - 预测映射：[ 2  0  1 10 11 14 13  6  3  9 15  4  8 12  5  7]
[test_sample_08233] [T1x_rxn7258] ❌ 错误 | 原子数：16
  - 正确映射：[ 5 10  8  6  0  2 12 14 11  4  1  7 13  3  9 15]
  - 预测映射：[ 5 10  8  6  0  2 12 14  4 11  1  7 13  3  9 15]
[test_sample_08234] [T1x_rxn7259] ✅ 严格正确 | 原子数：16
[test_sample_08235] [T1x_rxn7260] ✅ 严格正确 | 原子数：16
[test_sample_08236] [T1x_rxn7261] ✅ 严格正确 | 原子数：16
[test_sample_08237] [T1x_rxn7262] ❌ 错误 | 原子数：16
  - 正确映射：[ 9 15  2  6 10  1 14  5 13  3  7  8 11  0 12  4]
  - 预测映射：[ 9 15  2  6 10  1 14  5 13 11  7  3  8  0  4 12]
[test_sample_08238] [T1x_rxn7263] ❌ 错误 | 原子数：16
  - 正确映射：[12  4  6 15  1  8  2  9  0 10 11  7 14  3  5 13]
  - 预测映射：[12  4  6 15  1  8  2  9  0 10  7 13 11 14  3  5]
[test_sample_08239] [T1x_rxn7264] ❌ 错误 | 原子数：16
  - 正确映射：[ 5 13  9  0 11  1  3 15  2  7 12 10  4  8  6 14]
  - 预测映射：[13  5  9  0 11  1  3  2 12 10 15  4  8  7  6 14]
[test_sample_08240] [T1x_rxn7265] ❌ 错误 | 原子数：16
  - 正确映射：[12 14  4  7  6  9  3 11  0  2 13  5 10 15  1  8]
  - 预测映射：[12 14  4  7  6  9  3  2  0 15 11 13 10  1  5  8]
[test_sample_08241] [T1x_rxn7266] ❌ 错误 | 原子数：16
  - 正确映射：[12 10  8  5  9  0  6  7  4 15  1  2 13 14 11  3]
  - 预测映射：[12 10  8  5  9  0  6  7  4 15  1  2 13 14  3 11]
[test_sample_08242] [T1x_rxn7267] ✅ 严格正确 | 原子数：16
[test_sample_08243] [T1x_rxn7268] ✅ 严格正确 | 原子数：16
[test_sample_08244] [T1x_rxn7269] ✅ 严格正确 | 原子数：16
[test_sample_08245] [T1x_rxn7270] ❌ 错误 | 原子数：16
  - 正确映射：[ 6  0  8  4 15  1  2 11 14  3 12  7 13  5 10  9]
  - 预测映射：[ 6  0  8  4 15  1  2  3 14 11  7 12  5 10  9 13]
[test_sample_08246] [T1x_rxn7271] ❌ 错误 | 原子数：16
  - 正确映射：[13 15  0  9 10 11  6  2  8  5 12  7  4  1  3 14]
  - 预测映射：[13 10  0 15 11  9  6  8  2  5 12  1  7  3 14  4]
[test_sample_08247] [T1x_rxn7272] ❌ 错误 | 原子数：16
  - 正确映射：[ 5 15  9 10 14 12  1 11 13  6  0  8  4  2  3  7]
  - 预测映射：[ 5 15  9 10 14 12  1 11  6 13  0  8  4  7  3  2]
[test_sample_08248] [T1x_rxn7273] ❌ 错误 | 原子数：16
  - 正确映射：[ 1  5  0  3  4  8 11  6 15 12  2 14 13  7  9 10]
  - 预测映射：[ 8  4  0  3  1  5 11  9 10 15  7 14 13 12  6  2]
[test_sample_08249] [T1x_rxn7329] ❌ 错误 | 原子数：16
  - 正确映射：[ 1 10 15  9  6 11  0  3  4 13  2 14  5  8  7 12]
  - 预测映射：[ 1 10 15 11  6  9  0 12  3  4 13  7  2  8 14  5]
[test_sample_08250] [T1x_rxn7330] ✅ 严格正确 | 原子数：16
[test_sample_08251] [T1x_rxn7331] ❌ 错误 | 原子数：16
  - 正确映射：[ 8  5 10 12 15  9  1  0  7 13  3  4  6 14  2 11]
  - 预测映射：[ 5  1 10  9 15  8 12  7  3 14 11  0  2 13  4  6]
[test_sample_08252] [T1x_rxn7332] ❌ 错误 | 原子数：16
  - 正确映射：[15  6  4  8  1 11  5  9  0 10  3 13  7 14 12  2]
  - 预测映射：[15  6  4  8  1 11  5 14  0  9 10 13  7 12  3  2]
[test_sample_08253] [T1x_rxn7333] ❌ 错误 | 原子数：16
  - 正确映射：[10 15  5 12  7  4  0 14  1  2  9  6  8  3 13 11]
  - 预测映射：[10 15  5 12  7  4  0 14  1  2  9  6  8 13  3 11]
[test_sample_08254] [T1x_rxn7334] ✅ 严格正确 | 原子数：16
[test_sample_08255] [T1x_rxn7335] ❌ 错误 | 原子数：16
  - 正确映射：[10  5  0  7 12 15  3  1  8  9 14  6 11  2 13  4]
  - 预测映射：[10  5  0  7 12 15  3  4  8  1  9  2  6 13 14 11]
[test_sample_08256] [T1x_rxn7336] ✅ 严格正确 | 原子数：16
[test_sample_08257] [T1x_rxn7337] ❌ 错误 | 原子数：16
  - 正确映射：[10  8  3  0  6  4 15 14  9 11 13  2  5 12  1  7]
  - 预测映射：[ 0  8  3 10  6  4 15  2 13  5  9 14 11 12  1  7]
[test_sample_08258] [T1x_rxn7338] ❌ 错误 | 原子数：16
  - 正确映射：[ 4  0 15  6  9  7 14 13 12  2 11  5  8  3 10  1]
  - 预测映射：[ 4  0 15 14  9  7  6 13 12  8 11  2  1  3 10  5]
[test_sample_08259] [T1x_rxn7339] ❌ 错误 | 原子数：16
  - 正确映射：[10  9 15  0 14  7 11 13  5  3  6 12  2  4  8  1]
  - 预测映射：[10  9 15  0 14  7 11  1  5 13  3 12  2  4  8  6]
[test_sample_08260] [T1x_rxn7340] ❌ 错误 | 原子数：16
  - 正确映射：[ 3  4 11  2 12 13  6 15  7  8  5  1  0 10  9 14]
  - 预测映射：[ 2  4 11  3 12 13  6  0  5  7 15  1  8 10  9 14]
[test_sample_08261] [T1x_rxn7429] ✅ 严格正确 | 原子数：16
[test_sample_08262] [T1x_rxn7430] ❌ 错误 | 原子数：16
  - 正确映射：[ 1  6 12 11 14  7 13  0  5  3 15 10  2  4  8  9]
  - 预测映射：[ 1  6 14 11 12  7 13  3  0  5  2 10  4 15  8  9]
[test_sample_08263] [T1x_rxn7431] ❌ 错误 | 原子数：16
  - 正确映射：[14  2 15  1 11  6  0  3  5  9 10  4  7  8 13 12]
  - 预测映射：[14  2 15  1 11  6  0  3  5  9 10  8  7 12  4 13]
[test_sample_08264] [T1x_rxn7432] ❌ 错误 | 原子数：16
  - 正确映射：[ 8  7 11  6 15  0  3  9 10  5 14 13  4  2 12  1]
  - 预测映射：[ 8  7  3  6 15  0 11 10 14  1 12  2  4  9 13  5]
[test_sample_08265] [T1x_rxn7433] ❌ 错误 | 原子数：16
  - 正确映射：[ 8 13  4  9  3  2  0  6 12 10  7 14 15  1  5 11]
  - 预测映射：[ 8 13  3  0  9  2  4 12 10  6 15 14  1 11  7  5]
[test_sample_08266] [T1x_rxn7434] ❌ 错误 | 原子数：16
  - 正确映射：[ 8 15 12  3 13  2  9  4 14  1  7 10 11  0  6  5]
  - 预测映射：[ 8 15  9  3 13  2 12  7  4 14  6 11 10  0  5  1]
[test_sample_08267] [T1x_rxn7435] ❌ 错误 | 原子数：16
  - 正确映射：[ 5  2  1  0 12  7 10  4  9  8 11 14  6 15  3 13]
  - 预测映射：[ 5  2 10  0 12  7  1  4  9 13  3 15  6 14 11  8]
[test_sample_08268] [T1x_rxn7436] ❌ 错误 | 原子数：16
  - 正确映射：[10 11  0  2  5  9 15 13 14  6  1  4 12  3  7  8]
  - 预测映射：[10  2 15 11  5  9  0 14  1  8  7  3 12 13  4  6]
[test_sample_08269] [T1x_rxn7437] ✅ 严格正确 | 原子数：16
[test_sample_08270] [T1x_rxn7438] ❌ 错误 | 原子数：16
  - 正确映射：[13  3 10  2  1 15 14  9  8 11 12  6  4  7  0  5]
  - 预测映射：[13  3 14  2  1 15 10  9  8  7  5  0  4  6 12 11]
[test_sample_08271] [T1x_rxn7439] ❌ 错误 | 原子数：16
  - 正确映射：[ 9  7  1 11 15  8  3 14  0 13  6 10  2  5 12  4]
  - 预测映射：[ 9  7  3 11 15  8  1 13  0 14  4  2 10  5 12  6]
[test_sample_08272] [T1x_rxn7770] ❌ 错误 | 原子数：16
  - 正确映射：[ 0 12 11 15  3  7 10 14  1  9  6 13  5  2  4  8]
  - 预测映射：[ 0 12 11 15  3  7 10  6  1 14  5  9 13  2  4  8]
[test_sample_08273] [T1x_rxn7771] ❌ 错误 | 原子数：16
  - 正确映射：[11  3 14  6 10  8  5 15 12  0  1 13  4  2  9  7]
  - 预测映射：[11  3  6 14 10  8  5 15 12  7  9  2  4  0 13  1]
[test_sample_08274] [T1x_rxn7772] ❌ 错误 | 原子数：16
  - 正确映射：[14  9  8  7  4 12  1  0  3  5 15 10  6 11 13  2]
  - 预测映射：[12  9  7 14  4  8  1  0 11  2 13  3 10  5 15  6]
[test_sample_08275] [T1x_rxn7773] ❌ 错误 | 原子数：16
  - 正确映射：[ 7  5  0  2 11  1 10  8 15  6 13  3  4  9 12 14]
  - 预测映射：[ 1  5  7  0 11  2 10  4 15  6 14  8  9 13  3 12]
[test_sample_08276] [T1x_rxn7774] ❌ 错误 | 原子数：16
  - 正确映射：[12 15  6  7  9  5 10  3 13  8 14  0 11  1  4  2]
  - 预测映射：[12  7 15  6  9  5 10  4 13  1  3  8 14 11  0  2]
[test_sample_08277] [T1x_rxn7775] ❌ 错误 | 原子数：16
  - 正确映射：[ 5  2 15  0 14  4  1  7 10 11  3 13 12  9  6  8]
  - 预测映射：[ 0  2  5 15 14  4  1  9 13  7 10 11  3  6 12  8]
[test_sample_08278] [T1x_rxn7980] ❌ 错误 | 原子数：16
  - 正确映射：[ 3  1 15  5  2  7  6 11  4  0 13  8 10 14 12  9]
  - 预测映射：[ 1  3 15  5  2  7  6  8  0 13 11 14  9 10 12  4]
[test_sample_08279] [T1x_rxn7981] ❌ 错误 | 原子数：16
  - 正确映射：[15  0  2 10  7 13  4 14  3  8  1 11 12  5  6  9]
  - 预测映射：[ 4 13  2 10  7  0 15  5 14  9 12  6  1  8 11  3]
[test_sample_08280] [T1x_rxn7982] ❌ 错误 | 原子数：16
  - 正确映射：[ 9  1 10  5 11  7 12  3  4 14 15 13  6  8  0  2]
  - 预测映射：[ 9  1 10  5 11  7 12  3  0  4 15 14  6  2 13  8]
[test_sample_08281] [T1x_rxn7983] ✅ 严格正确 | 原子数：16
[test_sample_08282] [T1x_rxn7984] ❌ 错误 | 原子数：16
  - 正确映射：[ 3  4 12 13  2  9  1  6 11  5 15  0  7 10 14  8]
  - 预测映射：[ 3  4 12 13  2  9  1 11 15  5  0  6  7 10 14  8]
[test_sample_08283] [T1x_rxn7985] ❌ 错误 | 原子数：16
  - 正确映射：[ 3 12  0  5  1  7 11  4 13  9 15  6 10  8 14  2]
  - 预测映射：[ 3 12  0  5  1  7 11  4 13  9 15  6 14  2  8 10]
[test_sample_08284] [T1x_rxn7986] ❌ 错误 | 原子数：16
  - 正确映射：[ 8  0  3  4 15  1  9  2 11  7 12 14 10 13  6  5]
  - 预测映射：[ 8  0  3  9 15  4  1  2 11  7 12 14  6  5 13 10]
[test_sample_08285] [T1x_rxn7987] ❌ 错误 | 原子数：16
  - 正确映射：[ 5 14  9  2 13 15  7 11  3 10  6  0  4  1  8 12]
  - 预测映射：[ 7  2  9 14 13 15  5 11 12  1  8  0  4 10  6  3]
[test_sample_08286] [T1x_rxn7988] ❌ 错误 | 原子数：16
  - 正确映射：[ 0 10  8  2  5 12 11  9  4  1 14 15 13  3  6  7]
  - 预测映射：[ 0 10  8  2  5 11 12 14  4  1  7 15  6 13  3  9]
[test_sample_08287] [T1x_rxn7989] ✅ 严格正确 | 原子数：16
[test_sample_08288] [T1x_rxn7990] ❌ 错误 | 原子数：16
  - 正确映射：[ 6  7 15  0 14 12  8 11  5  9 13  4  2  1 10  3]
  - 预测映射：[ 6  7 15  0 14 12  8  9  5 13  2  4 10  1  3 11]
[test_sample_08289] [T1x_rxn7991] ✅ 严格正确 | 原子数：16
[test_sample_08290] [T1x_rxn8118] ❌ 错误 | 原子数：16
  - 正确映射：[11 10  4  8  7 12  3  1  5 15 14  0  2  9  6 13]
  - 预测映射：[12 10 11  8  7  4  3 15  5 14  9  1  2  6 13  0]
[test_sample_08291] [T1x_rxn8119] ✅ 严格正确 | 原子数：16
[test_sample_08292] [T1x_rxn8120] ❌ 错误 | 原子数：16
  - 正确映射：[13  6 10  7  8 14  0  3 15  5 12  1  2  9 11  4]
  - 预测映射：[13  6 10  7  8 14  0  3  5 12  1  2 15  9 11  4]
[test_sample_08293] [T1x_rxn8121] ❌ 错误 | 原子数：16
  - 正确映射：[11  5  9  3 14 12  4  7  2  0  6 15  1 10 13  8]
  - 预测映射：[12  5 11  3 14  9  4  2  0  1 15  7 10 13  6  8]
[test_sample_08294] [T1x_rxn8122] ❌ 错误 | 原子数：16
  - 正确映射：[ 9 11  0  8 15 12  1  7 10  5  4 14  2  3 13  6]
  - 预测映射：[ 9 11  0  8 15 12  1 10  7  5  4 14  2  3 13  6]
[test_sample_08295] [T1x_rxn8123] ❌ 错误 | 原子数：16
  - 正确映射：[11 10  9 12  3  6 15  7  2  1 14  8  5 13  4  0]
  - 预测映射：[11 10  9 12  3  6 15  7  2  1 14  8  5  0  4 13]
[test_sample_08296] [T1x_rxn8124] ❌ 错误 | 原子数：16
  - 正确映射：[13  6  3  5 15 12  4  0  7  1 14  8  2 10  9 11]
  - 预测映射：[ 5 12  3 13 15  6  4  9 10 11 14  8  2  1  7  0]
[test_sample_08297] [T1x_rxn8125] ❌ 错误 | 原子数：16
  - 正确映射：[12  6  5  7  8  9 10 11 13 14  1  3  0  4 15  2]
  - 预测映射：[12  6  5  7  8  9 10 11 13 14  1  3  0  2  4 15]
[test_sample_08298] [T1x_rxn8126] ❌ 错误 | 原子数：16
  - 正确映射：[13  4 14 10  2  3  9  0 15  8  5  7 11 12  1  6]
  - 预测映射：[13  4 14 10  2  3  9  0 15  8  5  7 11  6  1 12]
[test_sample_08299] [T1x_rxn8127] ✅ 严格正确 | 原子数：16
[test_sample_08300] [T1x_rxn8128] ❌ 错误 | 原子数：16
  - 正确映射：[ 7  5  3 10 11  0 15  1  9 12  6  2  8  4 13 14]
  - 预测映射：[ 3  5  0 10 11  7 15  2  1  9  8  4  6 12 13 14]
[test_sample_08301] [T1x_rxn8237] ❌ 错误 | 原子数：16
  - 正确映射：[ 2  7 12  1  0  9  5  6 14  3 10 15 11  4  8 13]
  - 预测映射：[ 2  7 12  0  1  9  5 15 14  6  3 10  4 11 13  8]
[test_sample_08302] [T1x_rxn8238] ❌ 错误 | 原子数：16
  - 正确映射：[ 7  5 11  9 14 13  8  3 10  6  4  0  2 15 12  1]
  - 预测映射：[ 9  8 11  5 14 13  7 15  2  0  1  3  4 12  6 10]
[test_sample_08303] [T1x_rxn8239] ❌ 错误 | 原子数：16
  - 正确映射：[10  2 13  9  1  0 11  5  6 15  7 12  8  3  4 14]
  - 预测映射：[10  2 13  1  9  0 11  6 15  5  3  7 14  8 12  4]
[test_sample_08304] [T1x_rxn8240] ❌ 错误 | 原子数：16
  - 正确映射：[ 4 10  5 15 12  1 11 13  6  9  3  8  7  2  0 14]
  - 预测映射：[11 12  5 15 10  1  4 14  0  7  3  8  9  2 13  6]
[test_sample_08305] [T1x_rxn8241] ❌ 错误 | 原子数：16
  - 正确映射：[ 8 10  3  2 15 13  1  4  9  6  0 12 11 14  7  5]
  - 预测映射：[ 8 10  3 15  2 13  1  4  9  6  0 12 11 14  7  5]
[test_sample_08306] [T1x_rxn8430] ❌ 错误 | 原子数：16
  - 正确映射：[ 8 15  7  0  3  9  1 11 12  2 10  5  4 14  6 13]
  - 预测映射：[ 8 15  7  0  3  9  1  2 12  6 11  5 10  4 14 13]
[test_sample_08307] [T1x_rxn8431] ❌ 错误 | 原子数：16
  - 正确映射：[ 3 14 12 15  1 11  9  8  6  7  0  4  2 10  5 13]
  - 预测映射：[ 3 14 12 15  1 11  9  8  6 13  0  7  2 10  5  4]
[test_sample_08308] [T1x_rxn8432] ❌ 错误 | 原子数：16
  - 正确映射：[14  0  4 12 15  1 11  6  8 10  5 13  2  7  9  3]
  - 预测映射：[14  0  4 12 15  1 11  9  8 10  6  5  2  3  7 13]
[test_sample_08309] [T1x_rxn8433] ❌ 错误 | 原子数：16
  - 正确映射：[10  1  2  3 15  5  7  6 14 12 11 13  9  4  0  8]
  - 预测映射：[10  1  2  5 15  3  7  0  6 12 11 14  9  4  8 13]
[test_sample_08310] [T1x_rxn8434] ✅ 严格正确 | 原子数：16
[test_sample_08311] [T1x_rxn8435] ❌ 错误 | 原子数：16
  - 正确映射：[ 5  9  1 13  4  8  3  6  0  7 14 15 11 12 10  2]
  - 预测映射：[ 5  9  1 13  4  8  3  6  0 14  7 15 10 12 11  2]
[test_sample_08312] [T1x_rxn8436] ❌ 错误 | 原子数：16
  - 正确映射：[14  3 11  5 15 13  0  8  4  9 10  2  1  6 12  7]
  - 预测映射：[15  5 11 14  3 13  0  1  7  6 12  2  9  8 10  4]
[test_sample_08313] [T1x_rxn8437] ✅ 严格正确 | 原子数：16
[test_sample_08314] [T1x_rxn8438] ✅ 严格正确 | 原子数：16
[test_sample_08315] [T1x_rxn8439] ✅ 严格正确 | 原子数：16
[test_sample_08316] [T1x_rxn8440] ❌ 错误 | 原子数：16
  - 正确映射：[ 7  3  9  5  4  8 15 14  0  1 11  6 10 12 13  2]
  - 预测映射：[ 7  3  9  5  4  8 15 12  1 14  0  6 10  2 13 11]
[test_sample_08317] [T1x_rxn8441] ❌ 错误 | 原子数：16
  - 正确映射：[12  5  9  0  7 14 13  4  6  3  2 15  1  8 10 11]
  - 预测映射：[ 7 12  9  5  0 14 13 10  3 11  4  6  2 15  8  1]
[test_sample_08318] [T1x_rxn8530] ❌ 错误 | 原子数：16
  - 正确映射：[ 7 13  8  4 10 11  2  1  9  3 14 15 12  6  5  0]
  - 预测映射：[ 4 13  7  8 10 11  2  5 14  3  1  6  9 12 15  0]
[test_sample_08319] [T1x_rxn8531] ✅ 严格正确 | 原子数：16
[test_sample_08320] [T1x_rxn8532] ✅ 严格正确 | 原子数：16
[test_sample_08321] [T1x_rxn8533] ❌ 错误 | 原子数：16
  - 正确映射：[ 0  5  4 13  7 15  3  9  8  2 11  6 12 14 10  1]
  - 预测映射：[ 4  5  0 13  7 15  3 14 12  6 11  9  2  8 10  1]
[test_sample_08322] [T1x_rxn8534] ❌ 错误 | 原子数：16
  - 正确映射：[ 2 15  7 12  4 13  6  9  5 14 11  8  1 10  0  3]
  - 预测映射：[15 13  7  2  4 12  6 11  3  1 10  8  0  9  5 14]
[test_sample_08323] [T1x_rxn8535] ✅ 严格正确 | 原子数：16
[test_sample_08324] [T1x_rxn8807] ❌ 错误 | 原子数：16
  - 正确映射：[ 9  0  2 13 15 14  3 10  1  5 12  6  7  8  4 11]
  - 预测映射：[13  0 14  2 15  9  3  5  4  1  8 11  7  6 12 10]
[test_sample_08325] [T1x_rxn8808] ❌ 错误 | 原子数：16
  - 正确映射：[ 3  6 12 11 14  0  8  2 10  9  4  5 13  7  1 15]
  - 预测映射：[12  6  3 11 14  0  8  5  4 13 10  2  9  1 15  7]
[test_sample_08326] [T1x_rxn8809] ❌ 错误 | 原子数：16
  - 正确映射：[11  2  7 14  3 12  4 10 15  9 13  8  5  1  0  6]
  - 预测映射：[ 2 12  7 11  3 14  4  1  8 10 13  5  0 15  9  6]
[test_sample_08327] [T1x_rxn8810] ❌ 错误 | 原子数：16
  - 正确映射：[ 5  7  0 13  2  3 14  1  8 12  4  6 15 11 10  9]
  - 预测映射：[ 0  3  5 13  2  7 14  6  8 15  1 12  4  9 11 10]
[test_sample_08328] [T1x_rxn8811] ✅ 严格正确 | 原子数：16
[test_sample_08329] [T1x_rxn8812] ❌ 错误 | 原子数：16
  - 正确映射：[ 5  9 12  8  6  2 10 11 14  0  3  1 13  4 15  7]
  - 预测映射：[ 8  9  5 12  6  2 10 14  4 15 11  0  3  1 13  7]
[test_sample_08330] [T1x_rxn8813] ❌ 错误 | 原子数：16
  - 正确映射：[ 0  1 11 10  8 13  3  6  4  7 12  5 15  2 14  9]
  - 预测映射：[11  1  0 10  8 13  3  5 12 15 14  4  6  7  2  9]
[test_sample_08331] [T1x_rxn8814] ❌ 错误 | 原子数：16
  - 正确映射：[10 11  6  9  1  7 12  0 13  3  8 15  4  5 14  2]
  - 预测映射：[ 9 11  6 10  1  7 12  2  5 14 15  4  8 13  3  0]
[test_sample_08332] [T1x_rxn8815] ❌ 错误 | 原子数：16
  - 正确映射：[14  5 11  2  3  0  6 12 15  1 10  7 13  4  8  9]
  - 预测映射：[11  5 14  2  3  0  6 10 15 13  1 12  7  8  4  9]
[test_sample_08333] [T1x_rxn8816] ❌ 错误 | 原子数：16
  - 正确映射：[13  3 11  5  2  8  4  7 14 10  6  0 12  1  9 15]
  - 预测映射：[ 8  3 13 11  2  5  4 15  7  6 14 10  9 12  0  1]
[test_sample_08334] [T1x_rxn8817] ❌ 错误 | 原子数：16
  - 正确映射：[ 8  3 13  0 10  1  4 14 11  2  5  6 12  9  7 15]
  - 预测映射：[ 0  3 13  8 10  1  4  5 14  9  2 12  6 11  7 15]
[test_sample_08335] [T1x_rxn8818] ❌ 错误 | 原子数：16
  - 正确映射：[14  2  3 12 13  9  6  1  8  7  4  5 11 15 10  0]
  - 预测映射：[ 3  2 14 12 13  9  6  5  4 11  8  1  7 10 15  0]
[test_sample_08336] [T1x_rxn8819] ❌ 错误 | 原子数：16
  - 正确映射：[11 13 15  9  1  7 14  2  0  4 12 10  6  8  5  3]
  - 预测映射：[ 7 13 15 11  1  9 14  3 10  2 12  6  8  0  4  5]
[test_sample_08337] [T1x_rxn9523] ❌ 错误 | 原子数：16
  - 正确映射：[ 8 10  1  4  7 14  3  5  6  9 13  2  0 11 12 15]
  - 预测映射：[ 8 10  1  4  7 14  3  6 13  9  5  2  0 11 12 15]
[test_sample_08338] [T1x_rxn9524] ❌ 错误 | 原子数：16
  - 正确映射：[ 9  4  8 11 13  5 15 14  2 10  3  0  1  6  7 12]
  - 预测映射：[11  8  4  9 13  5 15  0  7  6  1  3 10 14  2 12]
[test_sample_08339] [T1x_rxn9525] ❌ 错误 | 原子数：16
  - 正确映射：[ 1  2  9  4  3  6 12 15  7  8  0  5 14 10 11 13]
  - 预测映射：[ 2  4  9  1  3  6 12 11  5  0 10 15 14  8  7 13]
[test_sample_08340] [T1x_rxn9526] ❌ 错误 | 原子数：16
  - 正确映射：[ 1  0 10 15  5 11 13  3  4  8  9  7 12  6  2 14]
  - 预测映射：[ 1  0 10 15  5 11 13  3  4  8  9  2  7 12  6 14]
[test_sample_08341] [T1x_rxn9529] ✅ 严格正确 | 原子数：16
[test_sample_08342] [T1x_rxn9530] ❌ 错误 | 原子数：16
  - 正确映射：[ 0  7  9 12  8  5 10  2  1 15  4 11 13  3 14  6]
  - 预测映射：[ 0  7  9 12  8  5 10  2  1 15  4 11 13  6  3 14]
[test_sample_08343] [T1x_rxn9536] ❌ 错误 | 原子数：16
  - 正确映射：[ 5 10  2  0 14  3  1 15  7  8 11  9 13 12  6  4]
  - 预测映射：[ 5 10  2  0 14  3  1  8  7 15  9 11 12 13  4  6]
[test_sample_08344] [T1x_rxn9537] ✅ 严格正确 | 原子数：16
[test_sample_08345] [T1x_rxn9599] ❌ 错误 | 原子数：16
  - 正确映射：[ 0  1 12 13  5 11  6 14  9  2  7  8  3  4 15 10]
  - 预测映射：[ 0  1 12 13  5 11  6  3 14  2  8  9  7  4 15 10]
[test_sample_08346] [T1x_rxn9600] ✅ 严格正确 | 原子数：16
[test_sample_08347] [T1x_rxn9609] ❌ 错误 | 原子数：16
  - 正确映射：[ 6  0  1 13 11  5  8 12 14  2 15  4 10  3  9  7]
  - 预测映射：[ 6  0  1 13 11  5  8 12  2  7 15 14 10  3  4  9]
[test_sample_08348] [T1x_rxn9610] ❌ 错误 | 原子数：16
  - 正确映射：[14 13  2 10  3  9  8  4 11  0  1 15  6 12  5  7]
  - 预测映射：[14 13  2 10  3  9  8  1 11 15  4  0  6 12  5  7]
[test_sample_08349] [T1x_rxn9611] ❌ 错误 | 原子数：16
  - 正确映射：[ 5  3  2  8  7  1  6  0 14  4 12 11 10  9 15 13]
  - 预测映射：[ 5  3  2  8  7  1  6  0 14 12 11 15 10  9 13  4]
[test_sample_08350] [T1x_rxn9654] ❌ 错误 | 原子数：16
  - 正确映射：[ 6  2  3  4 10  5 15  7  1  9 14 11 13  0 12  8]
  - 预测映射：[ 6  2  3  4 10  5 15  7 14  1  9 11 13  0 12  8]
[test_sample_08351] [T1x_rxn9683] ❌ 错误 | 原子数：16
  - 正确映射：[12  3  8  6 14  1  2 13  9  4 10  0 15 11  7  5]
  - 预测映射：[12  1  3  8  6 14  2  7  4 13 10  0  9 11  5 15]
[test_sample_08352] [T1x_rxn9745] ❌ 错误 | 原子数：16
  - 正确映射：[ 8  0  2  9 15  7  6 14 11  3 12  4 13 10  5  1]
  - 预测映射：[ 8  0  2  9 15  7  6 14 10 11 12  4  3  5  1 13]
[test_sample_08353] [T1x_rxn9813] ❌ 错误 | 原子数：16
  - 正确映射：[ 4  9 12 10  7  3  5  1 13 11 15  0  2 14  8  6]
  - 预测映射：[ 4  9 12 10  7  3  5  1 13 11 15  0  2  8 14  6]
[test_sample_08354] [T1x_rxn9814] ❌ 错误 | 原子数：16
  - 正确映射：[11 10  0  7 15  3 13  4  2  5  1 14 12  6  9  8]
  - 预测映射：[11 10  0  7 15  3 13  2  4 14  5  1 12  6  9  8]
[test_sample_08355] [T1x_rxn9815] ✅ 严格正确 | 原子数：16
[test_sample_08356] [T1x_rxn9816] ❌ 错误 | 原子数：16
  - 正确映射：[10  8  1 14 13  5  0  4 15  7 11  3 12  2  9  6]
  - 预测映射：[10  8  1  5 14 13  0 11 15  4  3  7  6 12  2  9]
[test_sample_08357] [T1x_rxn9817] ❌ 错误 | 原子数：16
  - 正确映射：[ 8 14 10  5  2  0  6 11  1 12  7 13  9  3 15  4]
  - 预测映射：[ 8 14 10  0  5  2  6  7  1 11 13 12  4  9  3 15]
[test_sample_08358] [T1x_rxn9818] ❌ 错误 | 原子数：16
  - 正确映射：[14  9 13  2  8 11 12  7  1  6 10  4  5  0  3 15]
  - 预测映射：[14  9 13  2  8 11 12  7  1  6 10  4  5 15  0  3]
[test_sample_08359] [T1x_rxn9819] ❌ 错误 | 原子数：16
  - 正确映射：[ 9 11  6  7  1  2  4  5  0  3  8 10 12 13 14 15]
  - 预测映射：[ 9 11  6  7  1  2  4  5  3 10  0 12  8 13 14 15]
[test_sample_08360] [T1x_rxn9895] ❌ 错误 | 原子数：16
  - 正确映射：[ 3  2  1 10  6  5  8 15  9  7  4 11 12 14 13  0]
  - 预测映射：[ 1  2  3 10  6  5  8 12 11  4  7  9 15 13  0 14]
[test_sample_08361] [T1x_rxn9927] ❌ 错误 | 原子数：16
  - 正确映射：[ 6  1 10  0 11 15 14 13  9  3  8  5  2  7 12  4]
  - 预测映射：[ 6  1 10  0 11 15 14  5  9  3 13  7  4  2 12  8]
[test_sample_08362] [T1x_rxn9928] ❌ 错误 | 原子数：16
  - 正确映射：[14  2 11  8  4  1  9  7 10  0 15 13  5  6 12  3]
  - 预测映射：[14  2 11  8  4  1  9 15 13 10  7  0  6  5 12  3]
[test_sample_08363] [T1x_rxn9943] ❌ 错误 | 原子数：16
  - 正确映射：[ 9  7  8 10  5  1 13  6  2 12 14  4  0  3 15 11]
  - 预测映射：[ 9  1  8 10  5  7 13 14  6 12  4  0  2  3 15 11]
[test_sample_08364] [T1x_rxn9944] ❌ 错误 | 原子数：16
  - 正确映射：[10 11  6  0  4 12 15  9 14 13  2  3  1  7  5  8]
  - 预测映射：[10 11  6  0  4 12 15  5  3 14 13  7  1  2  8  9]
[test_sample_08365] [T1x_rxn9989] ❌ 错误 | 原子数：16
  - 正确映射：[10  3  6  7  5  0 13 12  1  4  8 14 11  2  9 15]
  - 预测映射：[ 3 10  6  7  5  0 13 14  1  8  4 12 11  2  9 15]
[test_sample_08366] [T1x_rxn0008] ❌ 错误 | 原子数：16
  - 正确映射：[ 5  6  2  8  3  7  9 13 11 15  4  0 14  1 10 12]
  - 预测映射：[ 2  5  6  7  3  8  0 15 13  4 11 12 14 10  1  9]
[test_sample_08367] [T1x_rxn0009] ❌ 错误 | 原子数：16
  - 正确映射：[12  8  2 13  7  5  1 11  4 14  3  6  0 15  9 10]
  - 预测映射：[ 5  7 13 12  2  8  9 11  0  6 15  1  3 14  4 10]
[test_sample_08368] [T1x_rxn0010] ❌ 错误 | 原子数：16
  - 正确映射：[ 9 11  7 15 10  4  8 13  5  0  2 14  1 12  6  3]
  - 预测映射：[ 7 11  9 15 10  4  3  0  5 13  8 14 12  1  2  6]
[test_sample_08369] [T1x_rxn0011] ✅ 严格正确 | 原子数：16
[test_sample_08370] [T1x_rxn0183] ✅ 严格正确 | 原子数：16
[test_sample_08371] [T1x_rxn0184] ✅ 严格正确 | 原子数：16
[test_sample_08372] [T1x_rxn0185] ❌ 错误 | 原子数：16
  - 正确映射：[11 12 13  2  8  5 14  3  7 15  4  1  0  6  9 10]
  - 预测映射：[11 13  2  8  5 12  4  3  7 14  0  1  6  9 10 15]
[test_sample_08373] [T1x_rxn0186] ❌ 错误 | 原子数：16
  - 正确映射：[10  9  0  8  1  2 12 13  7  4 15  5 14  3  6 11]
  - 预测映射：[ 8  0  9 10  2  1  3 14  7 13  5 15  4 12 11  6]
[test_sample_08374] [T1x_rxn0187] ✅ 严格正确 | 原子数：16
[test_sample_08375] [T1x_rxn0188] ❌ 错误 | 原子数：16
  - 正确映射：[ 9  3 13  6  1 15  0  5 10  8  7  2 12  4 11 14]
  - 预测映射：[ 1  6 13  9  3 15  8 11  4 12  2  7 10  0  5 14]
[test_sample_08376] [T1x_rxn0189] ✅ 严格正确 | 原子数：16
[test_sample_08377] [T1x_rxn0190] ❌ 错误 | 原子数：16
  - 正确映射：[ 2 11  5  9  4  7 12  3 14 15  8 10  1  6 13  0]
  - 预测映射：[11  5  7  4  9  2 12  3 15 10  8  0 13  6  1 14]
[test_sample_08378] [T1x_rxn0191] ❌ 错误 | 原子数：16
  - 正确映射：[13  9  7  8  5 15  3  6  1 10  4  0 14  2 11 12]
  - 预测映射：[13  9  7  8  5 15  3  6  1 10  0 14  2  4 11 12]
[test_sample_08379] [T1x_rxn0192] ✅ 严格正确 | 原子数：16
[test_sample_08380] [T1x_rxn0193] ❌ 错误 | 原子数：16
  - 正确映射：[ 0  4  3  7 13  8  5  6  2  1  9 15 10 11 14 12]
  - 预测映射：[ 7 13  3  4  0  8 10 11  9 14  1 15  2  6  5 12]
[test_sample_08381] [T1x_rxn0391] ❌ 错误 | 原子数：16
  - 正确映射：[12 10 14  6  0  9 11  1 15  3  2 13  4  8  5  7]
  - 预测映射：[ 6 14 10 12  9  0 13  3  2  1 15 11  4  7  5  8]
[test_sample_08382] [T1x_rxn0392] ❌ 错误 | 原子数：16
  - 正确映射：[ 3  6 15  4  9  0  2 12  1  5 11  7 10 13  8 14]
  - 预测映射：[ 9  4 15  3  6  0 13  7 10  5 12  2 11  1  8 14]
[test_sample_08383] [T1x_rxn0393] ❌ 错误 | 原子数：16
  - 正确映射：[ 2  6  9  1 14 12  5  4  3 13 11  7 10  8 15  0]
  - 预测映射：[ 2  6  9  1 14 12 11  4  5 13  7  3  8 10  0 15]
[test_sample_08384] [T1x_rxn0394] ❌ 错误 | 原子数：16
  - 正确映射：[13 12  2  8 11  6 10  4 14  3 15  7  5  1  9  0]
  - 预测映射：[13 12  2  8 11  6 14  4 10  3  7 15  1  5  0  9]
[test_sample_08385] [T1x_rxn0395] ✅ 严格正确 | 原子数：16
[test_sample_08386] [T1x_rxn0396] ❌ 错误 | 原子数：16
  - 正确映射：[15  4  8 11 14  3  6  0  1 12 10  7 13  5  9  2]
  - 预测映射：[15  4  8 11 14  3  0  6  1 12  7 10  9  5 13  2]
[test_sample_08387] [T1x_rxn0397] ❌ 错误 | 原子数：16
  - 正确映射：[ 3 15 13  6  8 11 10  5  2  9 14  7 12  1  4  0]
  - 预测映射：[ 3 15 11  8  6 13  2  4 10  0  1 12  7 14  9  5]
[test_sample_08388] [T1x_rxn0398] ❌ 错误 | 原子数：16
  - 正确映射：[ 5  3  6 13  1 10  7  9 14 12 11  2 15  0  8  4]
  - 预测映射：[ 5  3  6 13  1 10  7 14  9 12 11 15  8  0  4  2]
[test_sample_08389] [T1x_rxn0537] ❌ 错误 | 原子数：16
  - 正确映射：[15  6 13 10 11  5  7  1 12  8  0  4 14  2  9  3]
  - 预测映射：[ 6 11 10 15  5 13  3  2 12  4  9 14  1  7  8  0]
[test_sample_08390] [T1x_rxn0538] ❌ 错误 | 原子数：16
  - 正确映射：[ 2 10 15 12 13  5  7  6  8  1 11  4  3  0  9 14]
  - 预测映射：[15 10  2 12 13  5  4  3  1  8  7  6  0  9 11 14]
[test_sample_08391] [T1x_rxn0744] ❌ 错误 | 原子数：16
  - 正确映射：[15  7  9  5 13  3  4 14  8  2 10 11  6  0  1 12]
  - 预测映射：[15  7  9  5  3 13  8  4 12 14  2 10 11  1  0  6]
[test_sample_08392] [T1x_rxn1176] ❌ 错误 | 原子数：16
  - 正确映射：[ 5  9  7 11  6 10 15  2 12  8  4 13  3  1 14  0]
  - 预测映射：[ 5  9  6 10  7 11 12 15  2  1 14  8  0  4 13  3]
[test_sample_08393] [T1x_rxn1177] ❌ 错误 | 原子数：16
  - 正确映射：[ 6 13 15  5 11 10  3  0  9  2  7  8  4  1 14 12]
  - 预测映射：[ 5 15 13 10 11  6  8  7  4  3  9 12  2  1 14  0]
[test_sample_08394] [T1x_rxn1178] ❌ 错误 | 原子数：16
  - 正确映射：[11 12  2 15  0  9 10  5 13  1  7  3  8  6  4 14]
  - 预测映射：[11 12  0 15  2  9 10  8  1 13  6  3  5  7  4 14]
[test_sample_08395] [T1x_rxn1179] ❌ 错误 | 原子数：16
  - 正确映射：[ 0 15  9  1  2 11  3 12  7  6  8 14 13 10  5  4]
  - 预测映射：[ 0 15  1  2 11  9  7  4  6  3 12  5 10  8 14 13]
[test_sample_08396] [T1x_rxn1180] ❌ 错误 | 原子数：16
  - 正确映射：[ 8  7  6 13  3 10 11  1 15  9  4 12 14  2  0  5]
  - 预测映射：[13  6  3  8  7 10  0 12  4 14  2 15  1 11  9  5]
[test_sample_08397] [T1x_rxn1181] ❌ 错误 | 原子数：16
  - 正确映射：[12 15  4 10 14  7  5  3  6  8  2 13  9  1  0 11]
  - 预测映射：[12 15  7 14 10  4  8  6  5  2 11  0  1  3 13  9]
[test_sample_08398] [T1x_rxn1182] ❌ 错误 | 原子数：16
  - 正确映射：[11 12 10  0  3 13  7  5  6  9  4 15  2  1 14  8]
  - 预测映射：[11 12 10  0  3 13  7  5  6  9  4  2  1 14 15  8]
[test_sample_08399] [T1x_rxn1183] ❌ 错误 | 原子数：16
  - 正确映射：[ 8  2  4  3 14 12  9  6 13  1  0  5 11 10 15  7]
  - 预测映射：[ 8  2  4  3 14 12 13  1  9  6  7  0  5 11 15 10]
[test_sample_08400] [T1x_rxn1184] ❌ 错误 | 原子数：16
  - 正确映射：[ 5 10 11 13  6 15  9  0  2 12  7  4  1  3  8 14]
  - 预测映射：[ 5 10 11 13  6 15  9  0  2 12  7  1  3  8  4 14]
[test_sample_08401] [T1x_rxn1195] ❌ 错误 | 原子数：16
  - 正确映射：[ 6  1  7  0 13  8  5 11  3 10  4  2  9 12 14 15]
  - 预测映射：[ 6  7  1  0  8 13  5 11 10  3 14  2  9 15  4 12]
[test_sample_08402] [T1x_rxn1196] ❌ 错误 | 原子数：16
  - 正确映射：[ 6  7  1  3 12  0  8 10 15  5 13  4  9  2 11 14]
  - 预测映射：[ 6  7  3  1  0 12  5  8 10  4  2 13 11 14  9 15]
[test_sample_08403] [T1x_rxn1197] ❌ 错误 | 原子数：16
  - 正确映射：[15  9 13 12  8  1 11  6  2  4  7 10  3  0  5 14]
  - 预测映射：[15  9  1 12  8 13  2  6 11  5  0 14  3  7  4 10]
[test_sample_08404] [T1x_rxn1198] ✅ 严格正确 | 原子数：16
[test_sample_08405] [T1x_rxn1199] ✅ 严格正确 | 原子数：16
[test_sample_08406] [T1x_rxn1200] ✅ 严格正确 | 原子数：16
[test_sample_08407] [T1x_rxn1201] ❌ 错误 | 原子数：16
  - 正确映射：[13  9  6 10  2 11  3  4  1 14  0  8 12  5 15  7]
  - 预测映射：[13  9  6 10  2 11  4  1  3 14  0  8 12  5 15  7]
[test_sample_08408] [T1x_rxn1202] ❌ 错误 | 原子数：16
  - 正确映射：[ 0 11  1  7  9 10  4 14  2  5 12  8  6 13  3 15]
  - 预测映射：[ 0 11  7  9 10  1  2  4 14  8 13  6 15  3 12  5]
[test_sample_08409] [T1x_rxn1203] ❌ 错误 | 原子数：16
  - 正确映射：[ 2 11 13  4 10  1  5 12  8  0  6 14  7 15  9  3]
  - 预测映射：[ 2 11  1 10  4 13  8 12  5  9 15  3 14  7  6  0]
[test_sample_08410] [T1x_rxn1204] ❌ 错误 | 原子数：16
  - 正确映射：[ 7  4  3 14  8  6  5  0 11 12  2 13  1 15 10  9]
  - 预测映射：[ 8 14  3  6  7  4 15  1  9  2 12 10 11  0  5 13]
[test_sample_08411] [T1x_rxn1205] ❌ 错误 | 原子数：16
  - 正确映射：[ 7 13  9 15 11  0  5  4  1 14  2  3 12  6  8 10]
  - 预测映射：[ 7 13  0 11 15  9  4  5  2  8 10  6  3 12  1 14]
[test_sample_08412] [T1x_rxn1206] ❌ 错误 | 原子数：16
  - 正确映射：[ 4 14  1 11  2 10  0  5 12  6 15  9  3  7  8 13]
  - 预测映射：[11  1  4 14 10  2  6  9 15  0 12  5  8 13  3  7]
[test_sample_08413] [T1x_rxn1207] ✅ 严格正确 | 原子数：16
[test_sample_08414] [T1x_rxn1208] ✅ 严格正确 | 原子数：16
[test_sample_08415] [T1x_rxn1209] ❌ 错误 | 原子数：16
  - 正确映射：[14 12  6  8 11 13 10  3  1  2  4  5  0 15  9  7]
  - 预测映射：[14 12  6  8 11 13  2  3 10  4  9  5  0 15  7  1]
[test_sample_08416] [T1x_rxn2122] ❌ 错误 | 原子数：16
  - 正确映射：[ 7 10  2  1  0  9  6 14 12 11  3 15  5  8 13  4]
  - 预测映射：[ 0  1  2  9 10  7  3 15  5  8  4  6 13 11 12 14]
[test_sample_08417] [T1x_rxn2123] ❌ 错误 | 原子数：16
  - 正确映射：[ 6  1 10  2  5  9 14  4 15 11  8 12  0 13  3  7]
  - 预测映射：[ 6  1  2 10  5  9  4 14 15  8 11 13  0 12  3  7]
[test_sample_08418] [T1x_rxn2124] ❌ 错误 | 原子数：16
  - 正确映射：[ 5 13  8  4  7  2  0 14 15  9 11  3  6 10  1 12]
  - 预测映射：[13  5  8  4  7  2 11 15 14  9  0  3  6 10  1 12]
[test_sample_08419] [T1x_rxn2125] ✅ 严格正确 | 原子数：16
[test_sample_08420] [T1x_rxn2126] ❌ 错误 | 原子数：16
  - 正确映射：[13  2 11  7  5  8  9 10  6  3  0 15  1 14 12  4]
  - 预测映射：[ 8  5  7 11  2 13  4 14 12 15  1  3  0 10  6  9]
[test_sample_08421] [T1x_rxn2174] ❌ 错误 | 原子数：16
  - 正确映射：[ 9  6  5  2 10 13  7  1 11 15  8  0 12  3  4 14]
  - 预测映射：[ 9  6 13 10  2  5  1  7 11 15 12 14  4  3  0  8]
[test_sample_08422] [T1x_rxn2175] ✅ 严格正确 | 原子数：16
[test_sample_08423] [T1x_rxn2176] ❌ 错误 | 原子数：16
  - 正确映射：[13  6  9  0  3  4 10 14  7 12  8 11  2  5  1 15]
  - 预测映射：[ 0  9  6 13  4  3  8  1  2 11 14 12 10 15  7  5]
[test_sample_08424] [T1x_rxn2177] ❌ 错误 | 原子数：16
  - 正确映射：[11  4  9 10  2  3  0  8 12  5 13  6 15 14  7  1]
  - 预测映射：[10  9 11  4  2  3 15 13  6  5  0 12  8 14  7  1]
[test_sample_08425] [T1x_rxn2178] ✅ 严格正确 | 原子数：16
[test_sample_08426] [T1x_rxn2179] ❌ 错误 | 原子数：16
  - 正确映射：[ 0 15  5 13  3  4  1  9 10  2 11 12  7  8  6 14]
  - 预测映射：[ 0 15  5 13  3  4  1  9  2 10 12 11  7 14  6  8]
[test_sample_08427] [T1x_rxn2180] ✅ 严格正确 | 原子数：16
[test_sample_08428] [T1x_rxn2181] ❌ 错误 | 原子数：16
  - 正确映射：[13  8  0 14  2  5  7  3  6 12 10 15  4 11  1  9]
  - 预测映射：[13  8  0 14  2  5  7  3  6 12  4 15 10 11  1  9]
[test_sample_08429] [T1x_rxn2182] ❌ 错误 | 原子数：16
  - 正确映射：[ 7  5  4 15  6  2 14  8 12 10  0  1  9 13 11  3]
  - 预测映射：[ 7  5  4 15  6  2 14  8 12  3 10  1  0 13 11  9]
[test_sample_08430] [T1x_rxn2183] ❌ 错误 | 原子数：16
  - 正确映射：[12  0  4  3 11  6  2  1 15  8  9 14 10 13  7  5]
  - 预测映射：[11  3  4  6 12  0 13  7 14 10  8  9  5  2  1 15]
[test_sample_08431] [T1x_rxn2184] ✅ 严格正确 | 原子数：16
[test_sample_08432] [T1x_rxn2185] ❌ 错误 | 原子数：16
  - 正确映射：[ 9 15  6  3 14  0  5  2 13  1 11 10  4  8  7 12]
  - 预测映射：[ 9 15  0 14  6  3 13  2  5 12  7  8 10  1 11  4]
[test_sample_08433] [T1x_rxn2186] ❌ 错误 | 原子数：16
  - 正确映射：[ 4  5  8 11 12 10 13  1  7  6 15  2  3 14  9  0]
  - 预测映射：[ 4  5  8 11 12 10 13  1  7  6 15  2  0  3  9 14]
[test_sample_08434] [T1x_rxn2319] ❌ 错误 | 原子数：16
  - 正确映射：[ 6  8  7  2  9  1 11  3 15 13 10  5 12 14  4  0]
  - 预测映射：[ 7  8  6  1  9  2 12 10 15 13  3 14 11  5  4  0]
[test_sample_08435] [T1x_rxn2320] ❌ 错误 | 原子数：16
  - 正确映射：[12 13  9 15 10  1  4 14 11  8  2  0  5  6  7  3]
  - 预测映射：[13 12  1 10 15  9  8 11 14  4  3  7  6  5  0  2]
[test_sample_08436] [T1x_rxn2321] ✅ 严格正确 | 原子数：16
[test_sample_08437] [T1x_rxn2570] ❌ 错误 | 原子数：16
  - 正确映射：[ 6 12  0 14  2  3  8 10 11  4  5  1  7  9 13 15]
  - 预测映射：[ 3  2 14  0  6 12 15 13  9  7  1  8  5  4 10 11]
[test_sample_08438] [T1x_rxn2571] ✅ 严格正确 | 原子数：16
[test_sample_08439] [T1x_rxn2572] ❌ 错误 | 原子数：16
  - 正确映射：[13 11  3  2  9  6  7 12  0  5 15 14 10  1  8  4]
  - 预测映射：[11 13  3  2  6  9  0  5  7 12 15 14  8  4 10  1]
[test_sample_08440] [T1x_rxn2903] ❌ 错误 | 原子数：16
  - 正确映射：[15  5  9 10  8  7 11 13  2  1  4  0  3  6 12 14]
  - 预测映射：[ 5 15  8  9 10  7  4 14 13  2 11  1  6 12  0  3]
[test_sample_08441] [T1x_rxn2904] ❌ 错误 | 原子数：16
  - 正确映射：[14  8 10 12 13  0  4 11  7  1  9  5  6  2  3 15]
  - 预测映射：[14  8 10 12 13  0  4 11  7  1  9  2  6  3  5 15]
[test_sample_08442] [T1x_rxn2905] ✅ 严格正确 | 原子数：16
[test_sample_08443] [T1x_rxn2906] ❌ 错误 | 原子数：16
  - 正确映射：[ 1  2  7 12 10 14  8 13  5  9  4  0  3 11 15  6]
  - 预测映射：[ 1  2  7 12 10 14  5 13  8  9  0  4 15 11  3  6]
[test_sample_08444] [T1x_rxn2907] ❌ 错误 | 原子数：16
  - 正确映射：[ 7  0 14  2 11  3  5  9 15  1 13  4  8 10  6 12]
  - 预测映射：[ 7  0 14  2  3 11  5  9 15  1 13  4  8 10  6 12]
[test_sample_08445] [T1x_rxn2931] ❌ 错误 | 原子数：16
  - 正确映射：[ 5 15  8  6  7  3  0  1 12 10  9 13 11  2 14  4]
  - 预测映射：[15  5  8  6  7  3  9  1 10 12  0 11 13 14  2  4]
[test_sample_08446] [T1x_rxn2932] ❌ 错误 | 原子数：16
  - 正确映射：[ 8  0  6  1 14  3 13 10  4  7  9 15  2 12  5 11]
  - 预测映射：[ 8  0  6  1 14  3  4 10 13  9  7  2 15 12 11  5]
[test_sample_08447] [T1x_rxn2933] ❌ 错误 | 原子数：16
  - 正确映射：[14  1 15 12  6  2  8  5  9 11  4 10  0 13  7  3]
  - 预测映射：[15  1 14 12  6  2  4 10  0  9 11  5  8  3  7 13]
[test_sample_08448] [T1x_rxn2934] ✅ 严格正确 | 原子数：16
[test_sample_08449] [T1x_rxn2935] ❌ 错误 | 原子数：16
  - 正确映射：[ 5  6 12  2  8 14  7 10 15  1  9  4 11  3 13  0]
  - 预测映射：[14  2 12  6  8  5  0 13  3  1  9  4 11 15 10  7]
[test_sample_08450] [T1x_rxn2936] ❌ 错误 | 原子数：16
  - 正确映射：[11 14  5  7 15  0 12 13  8  1  4  6  9  2  3 10]
  - 预测映射：[11 14  5  7  0 15 13 12  8  1  2  3 10  9  4  6]
[test_sample_08451] [T1x_rxn2937] ❌ 错误 | 原子数：16
  - 正确映射：[10  9  5 12 14  6  2  3  4 13 11 15  7  8  0  1]
  - 预测映射：[10  5  9 12  6 14  2  4  3 13  8  0  1 11 15  7]
[test_sample_08452] [T1x_rxn2938] ❌ 错误 | 原子数：16
  - 正确映射：[ 1  4  9 13  8  0  6  7  3  2  5 15 14 10 11 12]
  - 预测映射：[ 1  4  9 13  0  8  7  3  6  2 10 11 12  5 15 14]
[test_sample_08453] [T1x_rxn2939] ✅ 严格正确 | 原子数：16
[test_sample_08454] [T1x_rxn3180] ❌ 错误 | 原子数：16
  - 正确映射：[ 6  3 11  7  0 14  5  4  9  1 10 13  2 12  8 15]
  - 预测映射：[ 6  3 11  7  0 14  4  9  5 10 13  2  1  8 15 12]
[test_sample_08455] [T1x_rxn3181] ❌ 错误 | 原子数：16
  - 正确映射：[15  4 10  2 13  6 12  8  5  9 11  7 14  1  3  0]
  - 预测映射：[15  4 10  2 13  6  8  5 12 11  7 14  9  3  1  0]
[test_sample_08456] [T1x_rxn3340] ❌ 错误 | 原子数：16
  - 正确映射：[ 0 13 11  5  4  6  2 14  1  9 12  8  7  3 10 15]
  - 预测映射：[ 4  0  6 13 11  5 10  3  7 15 14  2  1 12  9  8]
[test_sample_08457] [T1x_rxn3341] ❌ 错误 | 原子数：16
  - 正确映射：[ 4  7  2  0  6 14 13  3  8  1 11  9 12 10 15  5]
  - 预测映射：[ 0  2  7 14  4  6 12 15  1  8 11  9  5  3 13 10]
[test_sample_08458] [T1x_rxn3342] ❌ 错误 | 原子数：16
  - 正确映射：[ 2  1  4  3  8  0 11 10  7  6  9 12 15 13  5 14]
  - 预测映射：[ 0  2  1  4  3  8 14  5 11  9 10  7  6 15 12 13]
[test_sample_08459] [T1x_rxn3343] ❌ 错误 | 原子数：16
  - 正确映射：[ 0  2 12  5  8  4  7  3 13 11 15  1  6 14  9 10]
  - 预测映射：[ 5 12  8  4  0  2  1  6 11  9 14  7 10  3 13 15]
[test_sample_08460] [T1x_rxn3344] ❌ 错误 | 原子数：16
  - 正确映射：[10 12  9  0  1 11  6  5 14 13  7  3  4  8 15  2]
  - 预测映射：[10 12  9  0  1 11  6  5 14 13  7  3  4 15  8  2]
[test_sample_08461] [T1x_rxn3345] ❌ 错误 | 原子数：16
  - 正确映射：[ 9 12 13  3 10  0  4  6 14 15  7  8  5  1  2 11]
  - 预测映射：[ 9 12 13  3 10  0 11  4 14 15  7  8  5  1  2  6]
[test_sample_08462] [T1x_rxn3346] ❌ 错误 | 原子数：16
  - 正确映射：[ 4  8 11  0  2 13  5 10  3  6  1 14  7  9 12 15]
  - 预测映射：[13  4  8 11  0  2 15 12 10  5  3  6  1  7 14  9]
[test_sample_08463] [T1x_rxn3347] ✅ 严格正确 | 原子数：16
[test_sample_08464] [T1x_rxn3348] ✅ 严格正确 | 原子数：16
[test_sample_08465] [T1x_rxn3462] ❌ 错误 | 原子数：16
  - 正确映射：[ 5  8 12  6  1  3 10 13 14 11 15  0  2  7  4  9]
  - 预测映射：[ 3  1  6 12  8  5  4  9 10  7  2 15  0 11 13 14]
[test_sample_08466] [T1x_rxn3463] ❌ 错误 | 原子数：16
  - 正确映射：[10  5  0 12  6  4  3  9  1 13  7  8 15 11  2 14]
  - 预测映射：[10  4  6 12  0  5  3  9  2 14 11  8 15  7  1 13]
[test_sample_08467] [T1x_rxn3464] ❌ 错误 | 原子数：16
  - 正确映射：[10 13  2  9 11  4 12 14  3 15  6  7  1  8  5  0]
  - 预测映射：[11  4 10 13  2  9  7  8  5  0 14 12 15  3  1  6]
[test_sample_08468] [T1x_rxn3465] ❌ 错误 | 原子数：16
  - 正确映射：[ 0  9  5 14 11 15 12  3  4  6  7  1 10  8  2 13]
  - 预测映射：[ 0 15 11 14  5  9  4  3 10 13  8  2  7  1 12  6]
[test_sample_08469] [T1x_rxn3466] ❌ 错误 | 原子数：16
  - 正确映射：[ 2  5 14  4 12 15 10 13  7  3 11  1  0  9  8  6]
  - 预测映射：[ 5 14  4 12 15  2  7  3  6 11  1  0  9  8 10 13]
[test_sample_08470] [T1x_rxn3467] ❌ 错误 | 原子数：16
  - 正确映射：[ 7  1 10 14  4 13  5  0 11  3 12  2  9  8 15  6]
  - 预测映射：[ 1 10 14  4 13  7 11 12  2  5  9  8 15  6  0  3]
[test_sample_08471] [T1x_rxn3789] ✅ 严格正确 | 原子数：16
[test_sample_08472] [T1x_rxn3790] ❌ 错误 | 原子数：16
  - 正确映射：[ 1  8  5  3 12  0  4 15 10 14  2 11 13  7  6  9]
  - 预测映射：[ 1 12  5  3  8  0 15  7 13  4  2 11 14 10  6  9]
[test_sample_08473] [T1x_rxn3791] ❌ 错误 | 原子数：16
  - 正确映射：[13  0  3  5 12  2  4  8 14  1  7 10 11  6  9 15]
  - 预测映射：[13  5  3  0  2 12  4 10  7  1 14  8  9 15 11  6]
[test_sample_08474] [T1x_rxn3792] ❌ 错误 | 原子数：16
  - 正确映射：[ 1 14 13  9 11  4  8  3  7  6  5  0 15 12  2 10]
  - 预测映射：[ 1 14 13  4 11  9  8  6  7  3  2 10 15 12  5  0]
[test_sample_08475] [T1x_rxn3793] ❌ 错误 | 原子数：16
  - 正确映射：[15 11 10  1  7  0  3  4  5  9 14  6  2 12  8 13]
  - 预测映射：[ 1  7 10 15 11  0  6  2  8 12  4  3  5  9 13 14]
[test_sample_08476] [T1x_rxn4006] ❌ 错误 | 原子数：16
  - 正确映射：[11 12  3  6  4  2 15  7 14  9  5 13  1  8 10  0]
  - 预测映射：[11  4 12  3  6  2  7 15 14  8  9  5 13  1  0 10]
[test_sample_08477] [T1x_rxn4007] ❌ 错误 | 原子数：16
  - 正确映射：[ 2  6  9  1  3  5 11 12  4  0 15 13  7 14 10  8]
  - 预测映射：[ 2  6  5  3  1  9  4 12 11  0 10  8 14  7 15 13]
[test_sample_08478] [T1x_rxn4008] ❌ 错误 | 原子数：16
  - 正确映射：[14  7  6 11  9 12 13  3  8  1  2 10  0  5  4 15]
  - 预测映射：[14  7 12  9 11  6  8 13  1 10  4 15  5  0  3  2]
[test_sample_08479] [T1x_rxn4009] ❌ 错误 | 原子数：16
  - 正确映射：[ 7  4  0  6  8  5  2  3 11 13 12 10  1 14 15  9]
  - 预测映射：[ 7  4  5  8  6  0 11  3  2 13 15  9 14  1 12 10]
[test_sample_08480] [T1x_rxn8951] ❌ 错误 | 原子数：16
  - 正确映射：[10 14  6  9  2  5 13  1  3 12  8  4  0 15  7 11]
  - 预测映射：[ 2  9  6 14 10  5  0  7 15  8  4 13  3 12  1 11]
[test_sample_08481] [T1x_rxn8976] ❌ 错误 | 原子数：16
  - 正确映射：[13  6 11  0  2 14  9 12  3  7  8 10 15  5  1  4]
  - 预测映射：[13  6 11  0 14  2  3 12  9  7 10  8  1  5 15  4]
[test_sample_08482] [T1x_rxn8993] ❌ 错误 | 原子数：16
  - 正确映射：[ 9  4 11  5  2  6 12 13  7  1  0 14 10  3 15  8]
  - 预测映射：[11  4  9  6  2  5 10 14  1  7 13 12  0  8  3 15]
[test_sample_08483] [T1x_rxn9018] ❌ 错误 | 原子数：16
  - 正确映射：[12 10  5  8  0 15 11  9  1  4 14  3  6  7  2 13]
  - 预测映射：[12  5  0  8 15 10  9  1 11  7  6  3  2 13 14  4]
[test_sample_08484] [T1x_rxn9072] ❌ 错误 | 原子数：16
  - 正确映射：[11 14  1  8  7  5  9 13 12  6  0  4  3  2 10 15]
  - 预测映射：[ 7  8 11 14  1  5  2  3  4 12 13  9  0  6 15 10]
[test_sample_08485] [T1x_rxn9192] ❌ 错误 | 原子数：16
  - 正确映射：[ 8  9  0  2  7 14 12 15 13  5  3 10  4  1  6 11]
  - 预测映射：[ 8  9  0  2  7 14 13 12 15  3  4 10 11  1  6  5]
[test_sample_08486] [T1x_rxn9248] ❌ 错误 | 原子数：16
  - 正确映射：[ 6  7  8  0 14  2 11 12 10  1 15  3 13  4  9  5]
  - 预测映射：[14  2  0  8  6  7  4 13  5  9  3 15 12 11  1 10]
[test_sample_08487] [T1x_rxn9283] ✅ 严格正确 | 原子数：16
[test_sample_08488] [T1x_rxn9286] ❌ 错误 | 原子数：16
  - 正确映射：[ 3  0 13 15  4  5 11 10  7  2  9  8 14  6 12  1]
  - 预测映射：[ 3  0 13 15  4  5  7 10 11  9  2  8 14 12  6  1]
[test_sample_08489] [T1x_rxn9334] ❌ 错误 | 原子数：16
  - 正确映射：[ 2 12 14  5  1  3  6  0 10  8 11  9 15  7  4 13]
  - 预测映射：[14  5  1  2  3 12  8 15  9  7  4 13  6 10  0 11]
[test_sample_08490] [T1x_rxn9385] ❌ 错误 | 原子数：16
  - 正确映射：[ 6  9  8  1 10 13  7  4  0 14  5 12  3  2 11 15]
  - 预测映射：[10  1  8 13  6  9  3 12  5 11  4 15  7  2  0 14]
[test_sample_08491] [T1x_rxn9444] ❌ 错误 | 原子数：16
  - 正确映射：[15  7 12  1 13 10  5  3  9  0 11 14  4  2  6  8]
  - 预测映射：[15  7 12 10 13  1  5  0  9  3  4 14 11  2  8  6]
[test_sample_08492] [T1x_rxn9445] ❌ 错误 | 原子数：16
  - 正确映射：[ 8  4  2  1 12 14  9  5  3  7  0 15 13 10 11  6]
  - 预测映射：[ 8  4  2 14 12  1  9  3  5 13  0 15  7  6 11 10]
[test_sample_08493] [T1x_rxn9446] ❌ 错误 | 原子数：16
  - 正确映射：[14 13 12  2 15  5 10  3  6 11  9  1  8  4  7  0]
  - 预测映射：[12 13 14  2 15  5  9 11  7  8 10  1  6  4  3  0]
[test_sample_08494] [T1x_rxn10009] ❌ 错误 | 原子数：17
  - 正确映射：[ 9  8 16  4  7  6 13 10 14 11  1  2 15  0  5  3 12]
  - 预测映射：[ 7  6  4 16  9  8 13 12  5  0  3 15  2 14 10 11  1]
[test_sample_08495] [T1x_rxn5235] ❌ 错误 | 原子数：17
  - 正确映射：[ 6  1  8  3  2  9  4  7 15 13 10  5 12 11 14 16  0]
  - 预测映射：[ 6  1  8  3  2  9  4  7 15 13 10  5 12  0 11 14 16]
[test_sample_08496] [T1x_rxn5236] ❌ 错误 | 原子数：17
  - 正确映射：[16 15  3 10 14  0 11  8  9  5 12  4  6  7 13  1  2]
  - 预测映射：[14  0  3 10 15 16 11  7  2  1 13  6  4  8 12  5  9]
[test_sample_08497] [T1x_rxn5237] ❌ 错误 | 原子数：17
  - 正确映射：[ 2  0 13 11 12  6 15  9  5 10 14  1 16  8  3  7  4]
  - 预测映射：[ 2  0 13 11 12  6 15  9  5 10 14  1 16  7  3  8  4]
[test_sample_08498] [T1x_rxn5238] ✅ 严格正确 | 原子数：17
[test_sample_08499] [T1x_rxn5239] ✅ 严格正确 | 原子数：17
[test_sample_08500] [T1x_rxn5240] ❌ 错误 | 原子数：17
  - 正确映射：[15  1 11  4  5 12  2  3 16  9  7 10  6 13  0  8 14]
  - 预测映射：[15  1 11  4  5 12  2  7  3  9 13 10  6  8 16  0 14]
[test_sample_08501] [T1x_rxn5241] ✅ 严格正确 | 原子数：17
[test_sample_08502] [T1x_rxn5242] ❌ 错误 | 原子数：17
  - 正确映射：[16  5 11  2 13  0 10 14  9 15 12  3  1  4  8  7  6]
  - 预测映射：[16  5 11  2 13  0 10 14  9 15 12  3  1  4  6  7  8]
[test_sample_08503] [T1x_rxn5243] ❌ 错误 | 原子数：17
  - 正确映射：[ 2  7  6 16  5  0  3 10  4 14 11  8 12 15  9  1 13]
  - 预测映射：[ 2  7  6 16  5  0  3 10  4 14  8 15 12 13  9  1 11]
[test_sample_08504] [T1x_rxn5244] ❌ 错误 | 原子数：17
  - 正确映射：[ 4  7  0 14 16  5 15  1 12  9  6 11  2 13  3 10  8]
  - 预测映射：[ 4  7  0 14 16  5 15  1 12  9  6  2 10 13  3  8 11]
[test_sample_08505] [T1x_rxn5245] ❌ 错误 | 原子数：17
  - 正确映射：[ 5 11 16 15 10 12  8 13  4  6  7  9 14  3  2  0  1]
  - 预测映射：[12 10 16 15 11  5  8  2 13  0  3  9 14  7  4  6  1]
[test_sample_08506] [T1x_rxn5246] ❌ 错误 | 原子数：17
  - 正确映射：[14  4  8  3 11 10 15  7  2 12  9  5  0 13  6  1 16]
  - 预测映射：[14  4  8  3 11 10 15  7  2 12  9  5  0 13 16  6  1]
[test_sample_08507] [T1x_rxn5247] ❌ 错误 | 原子数：17
  - 正确映射：[ 2 11  5 15  9  8 10 16 13  3  7  0 12  6  4 14  1]
  - 预测映射：[ 2 11  5 15  9  8 10 16 13  3  7  0 12 14  1  4  6]
[test_sample_08508] [T1x_rxn5248] ❌ 错误 | 原子数：17
  - 正确映射：[14 13  9  8  4 16  7 11  5  6 12  3 15  2  0 10  1]
  - 预测映射：[14 13  9  8  4 16  7  6  5  1 12  3 11 15  0 10  2]
[test_sample_08509] [T1x_rxn5249] ✅ 严格正确 | 原子数：17
[test_sample_08510] [T1x_rxn5250] ❌ 错误 | 原子数：17
  - 正确映射：[ 7  9 13  8 16 12  0 10  6 15 11  1  5  4 14  3  2]
  - 预测映射：[16 12 13  8  9  7  0  4  2 14  3  5  1 10 11 15  6]
[test_sample_08511] [T1x_rxn5251] ❌ 错误 | 原子数：17
  - 正确映射：[ 2  4 16  8  3 10  6 11  1  7 15 13  0 14 12  5  9]
  - 预测映射：[ 2  4 16  8  3 10  6  7 11  1 15 13  0 14 12  5  9]
[test_sample_08512] [T1x_rxn5252] ❌ 错误 | 原子数：17
  - 正确映射：[10  2  9  8  6  0 16 14  5 12  4 13  3 11  1  7 15]
  - 预测映射：[10  2  9  8  0  6 16 14 12  5 13  3  4  7 15 11  1]
[test_sample_08513] [T1x_rxn5253] ❌ 错误 | 原子数：17
  - 正确映射：[ 3 11  8 15  7  1 10  5  6 14  0  9 12 13  4  2 16]
  - 预测映射：[ 7 15  8  3 11  1 10 13 12  9  0  5  6 14  4  2 16]
[test_sample_08514] [T1x_rxn5254] ❌ 错误 | 原子数：17
  - 正确映射：[ 0 11  8  3 14  7 10 15  1 16 12  9 13  2  5  6  4]
  - 预测映射：[ 7 14  8  0 11 10  3  5 13  6  2  1 15 16  9  4 12]
[test_sample_08515] [T1x_rxn5255] ❌ 错误 | 原子数：17
  - 正确映射：[ 6 12  7  9  2  1 11 10  3  5 15 14 16 13  8  0  4]
  - 预测映射：[ 6 12  7  9 11  2  1 10  3  5 15 14 16  4 13  8  0]
[test_sample_08516] [T1x_rxn5256] ❌ 错误 | 原子数：17
  - 正确映射：[ 2 15  5  1  8  0  6 12 13  7  9 14 10 16 11  3  4]
  - 预测映射：[ 8  1  5  2 15  6  0 14 16 10 11 13 12  7  9  4  3]
[test_sample_08517] [T1x_rxn5257] ❌ 错误 | 原子数：17
  - 正确映射：[ 3  6 11 12  2  9 13 15 10  8 16  0  1  4  7  5 14]
  - 预测映射：[ 3  6 11 12  9  2 13 15 16  8 10  1  0  7  5  4 14]
[test_sample_08518] [T1x_rxn5343] ❌ 错误 | 原子数：17
  - 正确映射：[ 7 16 12 10  4  9  0  2 14 11  1 13  8  6  5  3 15]
  - 预测映射：[ 7 16 10 12  4  9  0  2 14 11  6  1 13  8  5 15  3]
[test_sample_08519] [T1x_rxn5344] ❌ 错误 | 原子数：17
  - 正确映射：[ 3  0 15 11  1  9  6 13 10  8 16  5 14  7 12  4  2]
  - 预测映射：[ 3  1 11 15  0  9  6 12 10  8  7 14  5 16 13  4  2]
[test_sample_08520] [T1x_rxn5345] ❌ 错误 | 原子数：17
  - 正确映射：[ 3  0 11  4  5 10  1 12  8  6 15 13 14 16  9  2  7]
  - 预测映射：[10  0 11  4  5  3  1  2  7 12 13 15 16 14  9  8  6]
[test_sample_08521] [T1x_rxn5346] ❌ 错误 | 原子数：17
  - 正确映射：[13 10 15 11  5 14 16  7 12  3  4  8  6  0  2  9  1]
  - 预测映射：[14  5 11 15 10 13 16  8  9  1  6  4  7  0  2  3 12]
[test_sample_08522] [T1x_rxn5347] ❌ 错误 | 原子数：17
  - 正确映射：[ 9 14  8  4  0 10 15  7 13  2 16  1  6  3  5 12 11]
  - 预测映射：[ 0 14  9  8  4 10 15  2 13 11  7  1  3 16  5  6 12]
[test_sample_08523] [T1x_rxn5348] ✅ 严格正确 | 原子数：17
[test_sample_08524] [T1x_rxn5349] ❌ 错误 | 原子数：17
  - 正确映射：[15  8  7  1 13  0 11 10  3 12  5  6 16  2  4  9 14]
  - 预测映射：[15  1 13  0  8  7 11 12 10  3  4  2  9 14  5 16  6]
[test_sample_08525] [T1x_rxn5350] ❌ 错误 | 原子数：17
  - 正确映射：[15  4  2  8  6 12 10  0  3  7  9 14  1 16 13 11  5]
  - 预测映射：[15  4  2  8  6 12 10  0  7 13  3  9 14 16  1 11  5]
[test_sample_08526] [T1x_rxn5351] ❌ 错误 | 原子数：17
  - 正确映射：[ 6  9 15  8  1 10  3 16  0 14  5 13 11 12  2  4  7]
  - 预测映射：[10  1  8 15  6  9  3  2  7  4 11 12  0  5 13 14 16]
[test_sample_08527] [T1x_rxn5352] ✅ 严格正确 | 原子数：17
[test_sample_08528] [T1x_rxn5353] ❌ 错误 | 原子数：17
  - 正确映射：[15  7  5  1  3  6  8 11 12 10  4  0 13 16 14  9  2]
  - 预测映射：[15  7  5  1  3  6  8 12 10  2 11  4 13 16 14  0  9]
[test_sample_08529] [T1x_rxn5354] ❌ 错误 | 原子数：17
  - 正确映射：[ 3 12  5 15 13  4  2  1 11 10 16  8 14  6  0  7  9]
  - 预测映射：[ 3 12  5 15 13  4  2 16 11  1  6  8  7 14  0  9 10]
[test_sample_08530] [T1x_rxn5849] ❌ 错误 | 原子数：17
  - 正确映射：[ 1 11  9  8 13 10 16 14 12  4  5 15  0  7  6  3  2]
  - 预测映射：[ 9 11  1 10 13  8 16  0  7  5  4 14 12  3  6 15  2]
[test_sample_08531] [T1x_rxn5850] ❌ 错误 | 原子数：17
  - 正确映射：[ 9 10  7 15  0  1  2  6 11 13 14 16 12  4  5  8  3]
  - 预测映射：[ 0 10  9 15  7  1  2  8  4  5 11  6 13 14 12  3 16]
[test_sample_08532] [T1x_rxn5851] ✅ 严格正确 | 原子数：17
[test_sample_08533] [T1x_rxn5852] ❌ 错误 | 原子数：17
  - 正确映射：[ 3 16  9 11  8 14 13  2  7 15  5  0  1 12 10  4  6]
  - 预测映射：[ 3 16  9  8 11 14 13  4  7  2  5 15  1  0 10  6 12]
[test_sample_08534] [T1x_rxn5853] ❌ 错误 | 原子数：17
  - 正确映射：[12 16 14 11  8 15 10  0 13  6  3  4  1  7  2  9  5]
  - 预测映射：[12 16 14 11  8 15 10  0 13  6  3  1  7  2  4  9  5]
[test_sample_08535] [T1x_rxn5854] ❌ 错误 | 原子数：17
  - 正确映射：[ 9 12  6 10 16  2  1  5  3  8  4 13  7 15 11  0 14]
  - 预测映射：[ 2 12  9 10 16  6  1 14  8  3  5 13  7  4 15  0 11]
[test_sample_08536] [T1x_rxn5855] ❌ 错误 | 原子数：17
  - 正确映射：[ 5  7 15  2  8  6  0  1 11 12 13  4 16 14  3 10  9]
  - 预测映射：[ 5  7 15  2  8  6  0 11 12  1 13  4 16 10 14  9  3]
[test_sample_08537] [T1x_rxn5856] ❌ 错误 | 原子数：17
  - 正确映射：[11 16  5  0  3 12  6  7  1  8  9 10  2 13 14 15  4]
  - 预测映射：[11 16  0  3 12  5  6  8  7  1  2 10 14 13 15  4  9]
[test_sample_08538] [T1x_rxn5857] ❌ 错误 | 原子数：17
  - 正确映射：[ 0 16 11  8 10 15  6  5 12 14 13  9  2  4  3  1  7]
  - 预测映射：[10  8 11  0 16 15  6  3  4  9 13  5 14  2 12  1  7]
[test_sample_08539] [T1x_rxn5858] ✅ 严格正确 | 原子数：17
[test_sample_08540] [T1x_rxn5859] ✅ 严格正确 | 原子数：17
[test_sample_08541] [T1x_rxn5860] ❌ 错误 | 原子数：17
  - 正确映射：[ 8  5  4 14  2  7 13 10 12  6  1  9  3 16 11 15  0]
  - 预测映射：[ 8  7  5  4 14  2 13 10 12  0  6  9  1 16  3 15 11]
[test_sample_08542] [T1x_rxn5861] ❌ 错误 | 原子数：17
  - 正确映射：[16  1  5  9  4  8 15  0 14 11  7 12 13  2  3  6 10]
  - 预测映射：[16  1  5  9  4  8 15 10  0 11  7 12 13 14  2  6  3]
[test_sample_08543] [T1x_rxn5862] ❌ 错误 | 原子数：17
  - 正确映射：[ 9  2 15 13  4  7 16  5  1 10 11 14 12  6  8  3  0]
  - 预测映射：[ 9  2 15  4 13  7 16  5  1 10 11 12  3  8  6 14  0]
[test_sample_08544] [T1x_rxn5917] ❌ 错误 | 原子数：17
  - 正确映射：[ 8  2  1  7  6  5  0 16 11 12 15  4 10  9 14 13  3]
  - 预测映射：[ 8  2  1  7  6  5  0 11 10 12 15  4  9  3 14 13 16]
[test_sample_08545] [T1x_rxn5918] ❌ 错误 | 原子数：17
  - 正确映射：[12  3 16 13  1 14 11  6  5  2 10  7 15  8  0  4  9]
  - 预测映射：[12 14  3 16 13  1 11  2  5  6  9 10  7 15  8  0  4]
[test_sample_08546] [T1x_rxn5919] ❌ 错误 | 原子数：17
  - 正确映射：[ 5  6 10  0  2 14 16  4  9  3  1 11 12  8 13 15  7]
  - 预测映射：[ 2 14  6  5 10  0 16  7  8 13 15  4  3  9 12  1 11]
[test_sample_08547] [T1x_rxn5920] ❌ 错误 | 原子数：17
  - 正确映射：[13  1 12 14  9  5 15  6  7  2 11  3  0 10  8  4 16]
  - 预测映射：[13  1  5  9 14 12 15  2 11  7  0  4  8 10 16  3  6]
[test_sample_08548] [T1x_rxn5921] ❌ 错误 | 原子数：17
  - 正确映射：[12  3  2 16 15  5  0  9 11  1  4  7 10 14  6  8 13]
  - 预测映射：[12 15 16  2  3  5  0  1 11  9  7  4 14 10  8  6 13]
[test_sample_08549] [T1x_rxn5922] ❌ 错误 | 原子数：17
  - 正确映射：[ 2 12  4 10  1  5 16 13  6 15  9  0  8  3  7 14 11]
  - 预测映射：[ 2  4 10  1  5 12 16 13  8 15  6  0  3  7 14  9 11]
[test_sample_08550] [T1x_rxn5923] ❌ 错误 | 原子数：17
  - 正确映射：[12  0  9  2 14  8  5  1  4  6  7 11 15 13  3 16 10]
  - 预测映射：[12  0  9  2 14  8  5 15  4  1  6 11  7 13  3 16 10]
[test_sample_08551] [T1x_rxn5924] ✅ 严格正确 | 原子数：17
[test_sample_08552] [T1x_rxn5925] ❌ 错误 | 原子数：17
  - 正确映射：[ 2 11 16 15  8 12 13  7 10  9  5  6  1 14  0  4  3]
  - 预测映射：[12  8 15 16 11  2 13  4  0  3  6 14  1  5 10  7  9]
[test_sample_08553] [T1x_rxn5926] ✅ 严格正确 | 原子数：17
[test_sample_08554] [T1x_rxn5927] ❌ 错误 | 原子数：17
  - 正确映射：[16 12  7 11 15  3 13  4 14  6  8  0  2  5  1  9 10]
  - 预测映射：[16 12  7 11 15  3 13  9  6 10  4  2 14  0  5  1  8]
[test_sample_08555] [T1x_rxn6085] ❌ 错误 | 原子数：17
  - 正确映射：[ 7  9  6 16  5 11  2  8  1  3  4 15 13 10 14  0 12]
  - 预测映射：[ 7  9  2 16  5  6 11  3  1  0 13 12 15  8  4 14 10]
[test_sample_08556] [T1x_rxn6086] ❌ 错误 | 原子数：17
  - 正确映射：[ 7 10 16  0  5 11  9  4  6 15  1  3  8 12 14 13  2]
  - 预测映射：[ 7 10 16  0  5  9 11  6  4 15  3  1  8  2 13 14 12]
[test_sample_08557] [T1x_rxn6087] ❌ 错误 | 原子数：17
  - 正确映射：[ 5  7 12  4  2 15  3 11 10  6 13  8 14  1  0 16  9]
  - 预测映射：[ 5  7 12  4  2  3 15 10 16 11  8  6 14  9 13  0  1]
[test_sample_08558] [T1x_rxn6088] ❌ 错误 | 原子数：17
  - 正确映射：[14  0  9 11  8  5  7 16  1  6 12 15  3  4 10 13  2]
  - 预测映射：[14  0  7 11  8  9  5  6 16  1 13  2  3 15 12 10  4]
[test_sample_08559] [T1x_rxn6089] ❌ 错误 | 原子数：17
  - 正确映射：[ 2 15  5  9 11 10  8  4 13  1 12  3 16  7 14  0  6]
  - 预测映射：[ 2 15 10  9 11  5  8  4  1 13  7 14  6  3 16 12  0]
[test_sample_08560] [T1x_rxn6345] ❌ 错误 | 原子数：17
  - 正确映射：[ 0 14 16  7 10  4 12  8  5  3 11 13 15  2  6  9  1]
  - 预测映射：[ 0  4 10  7 16 14 12  8  6  2  9 13 15  3 11  5  1]
[test_sample_08561] [T1x_rxn6346] ❌ 错误 | 原子数：17
  - 正确映射：[ 6  8  2  5 11 10  3  1 15 13  4  7 16  0 14  9 12]
  - 预测映射：[ 6  2  5 11 10  3  8  7 13 16  4 14  0 12  9  1 15]
[test_sample_08562] [T1x_rxn6347] ❌ 错误 | 原子数：17
  - 正确映射：[ 0 16  9  5 15  1  6  2 14  8 13 10 12  3  7  4 11]
  - 预测映射：[ 0 16  1 15  5  9  6  2 14  4 12  7  3 10  8 13 11]
[test_sample_08563] [T1x_rxn6348] ✅ 严格正确 | 原子数：17
[test_sample_08564] [T1x_rxn6349] ❌ 错误 | 原子数：17
  - 正确映射：[ 2 14 11 15  5  8 12  0 10  4  3  1  6  7 13  9 16]
  - 预测映射：[ 2 14 15  5  8 12 11  0  3  4  1 13  7  6  9 16 10]
[test_sample_08565] [T1x_rxn6350] ❌ 错误 | 原子数：17
  - 正确映射：[ 4  0 10  9  6 16  1  8 13  5 11  2  7 12  3 15 14]
  - 预测映射：[ 4  6  9 10  0  1 16  3  8  2  7 12 11  5 13 14 15]
[test_sample_08566] [T1x_rxn6351] ❌ 错误 | 原子数：17
  - 正确映射：[10 16 11  1  6 12  8 14  0  7  9  3  2 15  5 13  4]
  - 预测映射：[10 16 11  1  6 12  8  0 14  7  4  9  2  3 15  5 13]
[test_sample_08567] [T1x_rxn6352] ❌ 错误 | 原子数：17
  - 正确映射：[13  6  1 11 10  8 15 16 14 12  4  0  2  5  3  7  9]
  - 预测映射：[13  6 15 10 11  1  8 16 14  9  7  3  5  4  2  0 12]
[test_sample_08568] [T1x_rxn6353] ❌ 错误 | 原子数：17
  - 正确映射：[15  9  3 16  5  6 13  1 14  4  0 12  7  2  8 11 10]
  - 预测映射：[15 13  9  3 16  5  6 14 10  1 12  7  4  8  0  2 11]
[test_sample_08569] [T1x_rxn6354] ❌ 错误 | 原子数：17
  - 正确映射：[ 3 14 12  9 13  7  8  4  6 10  1 15 11  2  0  5 16]
  - 预测映射：[ 3 14 12  9 13  7  8  1  4 10 15  6 11  0  2  5 16]
[test_sample_08570] [T1x_rxn6355] ❌ 错误 | 原子数：17
  - 正确映射：[ 2 14  8  1  6  0 16 12 10 15 11  3 13  9  4  7  5]
  - 预测映射：[ 2  8 14  1  6  0 16 11 10 15  4 12  3  9 13  7  5]
[test_sample_08571] [T1x_rxn6356] ❌ 错误 | 原子数：17
  - 正确映射：[14  4 11  3  6  1 12 10  9  0  8  2 15  5 16  7 13]
  - 预测映射：[14  4 11  3  6  1 12  9 10  0  8  2 15  5 16  7 13]
[test_sample_08572] [T1x_rxn6357] ❌ 错误 | 原子数：17
  - 正确映射：[ 2  3  9 12  7  4 14 10  0 13  5  8  6 11 16 15  1]
  - 预测映射：[ 2 14  4 12  7  9  3  5  1 15  8 13  6 16 11  0 10]
[test_sample_08573] [T1x_rxn6358] ❌ 错误 | 原子数：17
  - 正确映射：[ 8 16 11  2  9  1  6 13 15 14  4  7  5 10  3 12  0]
  - 预测映射：[ 8 16  2 11  9  1  6 15 13 14  7  4  5  3 10 12  0]
[test_sample_08574] [T1x_rxn6359] ❌ 错误 | 原子数：17
  - 正确映射：[12 14  0 10  2  9 16 15  3  1  7  8  5 11 13  4  6]
  - 预测映射：[12 14 16  9  2 10  0  8  3  6  7 15  4 11 13  5  1]
[test_sample_08575] [T1x_rxn6360] ❌ 错误 | 原子数：17
  - 正确映射：[14 15 11  2  7  8  5 13 12  9  1 16  4  6  0  3 10]
  - 预测映射：[14  5 15 11  2  7  8 13 10 12  1  0  9  4 16  6  3]
[test_sample_08576] [T1x_rxn6413] ✅ 严格正确 | 原子数：17
[test_sample_08577] [T1x_rxn6414] ❌ 错误 | 原子数：17
  - 正确映射：[12 14 13 16  7 10  4 11  0  8 15  2  3  1  5  6  9]
  - 预测映射：[12 14  4 16  7 10 13  3  0  8 15  9 11  1  6  5  2]
[test_sample_08578] [T1x_rxn6415] ✅ 严格正确 | 原子数：17
[test_sample_08579] [T1x_rxn6416] ❌ 错误 | 原子数：17
  - 正确映射：[ 6  5 11  2  7 15  0 13 16 12  9  1  4 10  8 14  3]
  - 预测映射：[ 6  5 11  2  7 15  0 12 16  9 13  1  4 10  8 14  3]
[test_sample_08580] [T1x_rxn6417] ❌ 错误 | 原子数：17
  - 正确映射：[ 4  3  7  5 15 16 10  0 14  9  6  8  1 12 11  2 13]
  - 预测映射：[ 4  3 10  7 15  5 16  0  9 14  6  8 12  1 13  2 11]
[test_sample_08581] [T1x_rxn6418] ❌ 错误 | 原子数：17
  - 正确映射：[ 3 13 11 16  9 10  5  7  0  2 12 14  6  1 15  4  8]
  - 预测映射：[11 13  3 10  9 16  5  1  0 14 12  7  2 15  6  4  8]
[test_sample_08582] [T1x_rxn6419] ❌ 错误 | 原子数：17
  - 正确映射：[ 9 14  2  0  8 15  5  4 12 13 10  3  1 16  6 11  7]
  - 预测映射：[ 9 14  2  0  8 15  5  4 12 13  1  3 16  7  6 11 10]
[test_sample_08583] [T1x_rxn6420] ❌ 错误 | 原子数：17
  - 正确映射：[ 8  3  5  2 15  9  4  1 12  7 10 14  6  0 13 11 16]
  - 预测映射：[ 8  3  5  4 15  9  2  1 12 10  7  6 14 16 11 13  0]
[test_sample_08584] [T1x_rxn6421] ❌ 错误 | 原子数：17
  - 正确映射：[ 0  2  6 15 11  7  1  4 12  3 14 10  8 13  9 16  5]
  - 预测映射：[ 0  2  1  7 11 15  6 12  4 14  3  5 13 16 10  8  9]
[test_sample_08585] [T1x_rxn6422] ❌ 错误 | 原子数：17
  - 正确映射：[12  5  4  7 11 10  6  0  2  1  8 13  9 16 15  3 14]
  - 预测映射：[12  5  4  7 11 10  6  0  2  1  9 13 15 16  3 14  8]
[test_sample_08586] [T1x_rxn6423] ❌ 错误 | 原子数：17
  - 正确映射：[ 8  4  9  0 12 16 15 14  2  7  6 13  3 10 11  1  5]
  - 预测映射：[ 9  4  8 16 12  0 15 13  2  3  6 14  7 11 10  5  1]
[test_sample_08587] [T1x_rxn6424] ❌ 错误 | 原子数：17
  - 正确映射：[ 5 13  4  7 12  0  8 11  9  3  2 14 10 15  1 16  6]
  - 预测映射：[ 5 13  4  7 12  0  8 11  2  9  6 14 10 15  3 16  1]
[test_sample_08588] [T1x_rxn6425] ❌ 错误 | 原子数：17
  - 正确映射：[ 3 14 16 13 15  8  0  2 11  9  7  1  5 12  4 10  6]
  - 预测映射：[16 14  3  8 15 13  0  1 11  5  7  2  9  4 12 10  6]
[test_sample_08589] [T1x_rxn6426] ❌ 错误 | 原子数：17
  - 正确映射：[12 16 14 13  4  5  6  8  1  3  9 11 10  0  2 15  7]
  - 预测映射：[12 16 14 13  4  5  6  8  1  3  7  9 11  0 10  2 15]
[test_sample_08590] [T1x_rxn6498] ❌ 错误 | 原子数：17
  - 正确映射：[15  8  5  3  7  1 11 10 13  9  6  2 12  4 16 14  0]
  - 预测映射：[15  8  5  3  7  1 11  6 10 13  0  2 12  4 14  9 16]
[test_sample_08591] [T1x_rxn6499] ✅ 严格正确 | 原子数：17
[test_sample_08592] [T1x_rxn6500] ❌ 错误 | 原子数：17
  - 正确映射：[11  2  9  5 13  8  6 12 14  0 15  4 10 16  1  3  7]
  - 预测映射：[11  2  9  5 13  8  6 14  0 12 15  4 10 16  1  3  7]
[test_sample_08593] [T1x_rxn6501] ❌ 错误 | 原子数：17
  - 正确映射：[11 12 13  8  2  7  9 15 14  5  4  3 16  1 10  6  0]
  - 预测映射：[11 12 13  8  2  7  9 15  5 14  4  6  3 16  1 10  0]
[test_sample_08594] [T1x_rxn6502] ❌ 错误 | 原子数：17
  - 正确映射：[13  9  0  1  5 11  6  7  8  2 15  3 12 10  4 16 14]
  - 预测映射：[13  9  0  1  5 11  6  7  2 15 12  8  3 10 16  4 14]
[test_sample_08595] [T1x_rxn6503] ❌ 错误 | 原子数：17
  - 正确映射：[ 5 12 15 16  2  8 13  1  7 10  3  4 14 11  9  6  0]
  - 预测映射：[ 5 12 13 16  2  8 15  7  4  1 10  0 11  9  6 14  3]
[test_sample_08596] [T1x_rxn6504] ✅ 严格正确 | 原子数：17
[test_sample_08597] [T1x_rxn6505] ✅ 严格正确 | 原子数：17
[test_sample_08598] [T1x_rxn6506] ❌ 错误 | 原子数：17
  - 正确映射：[ 6 12  3 10  1 11  5  4 14  8 15  0  9 16 13  2  7]
  - 预测映射：[ 6 12  5 11  1 10  3 14  9  4  2  7 13 16  8 15  0]
[test_sample_08599] [T1x_rxn6507] ❌ 错误 | 原子数：17
  - 正确映射：[14 13 12 16  3 10  0  5 11  7  9 15  8  2  6  1  4]
  - 预测映射：[14 13  0 10  3 16 12  5 11 15  9  7  4  2  6  1  8]
[test_sample_08600] [T1x_rxn6508] ❌ 错误 | 原子数：17
  - 正确映射：[ 6  2 12 13 16  3  9  8 14  5 15 10  1 11  7  4  0]
  - 预测映射：[ 6  2 12 13 16  3  9  8 14  5 15 10 11  1  7  4  0]
[test_sample_08601] [T1x_rxn6509] ❌ 错误 | 原子数：17
  - 正确映射：[15  0 12  7 11 10  6  3  2  4  1  8 16 14  5  9 13]
  - 预测映射：[15  0 12  7 11 10  6  3  1  4  2 16  8 14  5 13  9]
[test_sample_08602] [T1x_rxn6805] ❌ 错误 | 原子数：17
  - 正确映射：[ 9  2  7  5 14 16 10  4  6  1 11 15  0  8 13 12  3]
  - 预测映射：[ 9  2  7  5 14 16 10  4  6  1 11 15  0  3 13  8 12]
[test_sample_08603] [T1x_rxn6806] ❌ 错误 | 原子数：17
  - 正确映射：[16  5  7  8 11 15  0 10 13  2 14 12  4  6  9  1  3]
  - 预测映射：[ 7 11  8 16  5 15  0 12  6  4  9 13 10  2 14  1  3]
[test_sample_08604] [T1x_rxn6807] ❌ 错误 | 原子数：17
  - 正确映射：[11  6  0  8 13  2 14  4  7 12  9  3  1  5 10 15 16]
  - 预测映射：[11  6  0  8 13  2 14  4  7 12  9  3  1 10  5 15 16]
[test_sample_08605] [T1x_rxn6808] ❌ 错误 | 原子数：17
  - 正确映射：[10  8  7 11  1 12 16 13  9 14  3  6  4  5 15  2  0]
  - 预测映射：[10  8 11  7  1 12 16 13  9 14  3  4  5  6 15  2  0]
[test_sample_08606] [T1x_rxn6809] ❌ 错误 | 原子数：17
  - 正确映射：[ 1  7  8 13  2 16 10  3 14  6 15  5  9  0  4 11 12]
  - 预测映射：[ 1  7  8 13  2 16 10 14  6  3 15  5  9  0  4 11 12]
[test_sample_08607] [T1x_rxn6810] ❌ 错误 | 原子数：17
  - 正确映射：[13  6  1 11 12 10  0  7 15  2 16  4  3  5  8  9 14]
  - 预测映射：[10 12 11  1  6 13  0  8  4 14  9  3  5 16  7  2 15]
[test_sample_08608] [T1x_rxn6811] ❌ 错误 | 原子数：17
  - 正确映射：[12 14  9  5  8  6  0 13 10 11  7 15  1  3  4  2 16]
  - 预测映射：[12 14  9  5  8  6  0 13 10 11  7  1  3  4 16  2 15]
[test_sample_08609] [T1x_rxn6812] ❌ 错误 | 原子数：17
  - 正确映射：[ 9  3 12 10  6 16  0  5 14 11  1  8 15  4  2 13  7]
  - 预测映射：[ 3  9 12 10  6 16  0  5 15  1 11  8 14  4  2  7 13]
[test_sample_08610] [T1x_rxn6813] ❌ 错误 | 原子数：17
  - 正确映射：[16  9  2  6 11 12  8  7  5 14  1 10 15  0  4 13  3]
  - 预测映射：[16  9  2  6 11 12  8  7  1 14  5 15 10  0  4  3 13]
[test_sample_08611] [T1x_rxn6814] ❌ 错误 | 原子数：17
  - 正确映射：[ 1  8 14  0 11  3  6 13 12  9  7 15  4 16 10  5  2]
  - 预测映射：[ 1  8 14  0 11  3  6  4 12 13  7 15 16 10  5  9  2]
[test_sample_08612] [T1x_rxn6815] ❌ 错误 | 原子数：17
  - 正确映射：[ 1  9 11 12  7  0  2 14  8  3  5 15  6 16  4 10 13]
  - 预测映射：[ 1  9 11 12  7  0  2 14  3  8 15  5  6 16  4 13 10]
[test_sample_08613] [T1x_rxn6816] ✅ 严格正确 | 原子数：17
[test_sample_08614] [T1x_rxn6817] ❌ 错误 | 原子数：17
  - 正确映射：[ 9  0  2 11  3 13 10  5  1 16 12  6 15  8  7  4 14]
  - 预测映射：[ 9  0  2 11  3 13 10 16  5  1 12  6 15  8  7  4 14]
[test_sample_08615] [T1x_rxn7192] ❌ 错误 | 原子数：17
  - 正确映射：[16  9  6  3  2  8  0 13  5  1  7 15 10 14 11  4 12]
  - 预测映射：[ 2  9  3  6 16  8  0 14 10 15  7  1 13  4  5 11 12]
[test_sample_08616] [T1x_rxn7193] ❌ 错误 | 原子数：17
  - 正确映射：[ 3  0  5 13 11  2 12  8  7  1 14 16 15  4  6 10  9]
  - 预测映射：[ 3  0  5 12  2 11 13  8  1  7  9 16  6 10 15  4 14]
[test_sample_08617] [T1x_rxn7194] ❌ 错误 | 原子数：17
  - 正确映射：[16 13 11 10  2 12  8 14  6  9  5  4  3  7 15  0  1]
  - 预测映射：[16 13 11 10  8 12  2  6 14  9  5  4  3  1 15  0  7]
[test_sample_08618] [T1x_rxn7195] ❌ 错误 | 原子数：17
  - 正确映射：[ 0  7 15  9  2  5  8 12 14 16  1 11  4 10 13  6  3]
  - 预测映射：[ 0  7 15  2  9  8  5 16 14 12 10  4 11  1 13  3  6]
[test_sample_08619] [T1x_rxn7196] ✅ 严格正确 | 原子数：17
[test_sample_08620] [T1x_rxn7197] ❌ 错误 | 原子数：17
  - 正确映射：[ 6 13 15  9 14 10  5 11  2  1  4  8  3  0 12  7 16]
  - 预测映射：[ 6 13 15  5 10 14  9  2  8 11  4 16  7  1  3  0 12]
[test_sample_08621] [T1x_rxn7198] ❌ 错误 | 原子数：17
  - 正确映射：[10  1  5 12  8 15  6  7  4  9 14 16 13 11  0  2  3]
  - 预测映射：[10  1  5  6 15  8 12  7  4  9 14  3  0  2 13 11 16]
[test_sample_08622] [T1x_rxn7199] ❌ 错误 | 原子数：17
  - 正确映射：[15 16  2  5  0 12  8 10 14  9  7  4  6 13  1 11  3]
  - 预测映射：[15 16 12  0  5  2  8  9 14 10 11  6  4 13  3  7  1]
[test_sample_08623] [T1x_rxn7200] ✅ 严格正确 | 原子数：17
[test_sample_08624] [T1x_rxn7201] ❌ 错误 | 原子数：17
  - 正确映射：[16 10  0  6  5 12  3  2 13 14  7  1  9  8 15 11  4]
  - 预测映射：[16 10  0  5 12  3  6  2 13 14  7  9 15  8  4 11  1]
[test_sample_08625] [T1x_rxn7274] ✅ 严格正确 | 原子数：17
[test_sample_08626] [T1x_rxn7275] ❌ 错误 | 原子数：17
  - 正确映射：[15  4  2  3  8  0 10  1 14 13  6 11  7  9 16 12  5]
  - 预测映射：[15  4  2  3  8  0 10 13 14  6  7 11  1  9 16 12  5]
[test_sample_08627] [T1x_rxn7276] ❌ 错误 | 原子数：17
  - 正确映射：[ 4  0 15 10  9  5  6 13 11  3 14  2 12  8 16  7  1]
  - 预测映射：[ 4 15  0  5  9 10  6 11 13  3  8  1  7 16 12  2 14]
[test_sample_08628] [T1x_rxn7277] ❌ 错误 | 原子数：17
  - 正确映射：[ 9  6 10  0  1  2 16 12  4  8 13  3  7 15 11 14  5]
  - 预测映射：[ 9  6  2  1  0 10 16  4 12  8  5 14 11 15  7  3 13]
[test_sample_08629] [T1x_rxn7278] ❌ 错误 | 原子数：17
  - 正确映射：[ 6  2 15 14  5  3  4  0  9  7 16 12  8  1 13 11 10]
  - 预测映射：[14  2 15  5  3  6  4  9  8 12 16 13  1 10 11  0  7]
[test_sample_08630] [T1x_rxn7279] ❌ 错误 | 原子数：17
  - 正确映射：[ 9  0 12 14 13  1 10  6 11  5  8 15  4  3  2  7 16]
  - 预测映射：[ 9  0 12 14 13  1 10 11 15  5 16  8  4  3  2  6  7]
[test_sample_08631] [T1x_rxn7280] ❌ 错误 | 原子数：17
  - 正确映射：[ 8  1  2  5  6 16  4 15 11  3  9  7 10 14  0 12 13]
  - 预测映射：[ 8  2  5  1 16  6  4  3 11  9 10  7 13  0 12 15 14]
[test_sample_08632] [T1x_rxn7281] ❌ 错误 | 原子数：17
  - 正确映射：[ 9 11  6  5 16  2  7  1 14  3  8 12 13  0  4 15 10]
  - 预测映射：[ 9 11  6  5 16  2  7  1 14  3 12  8 13  0  4 15 10]
[test_sample_08633] [T1x_rxn7282] ❌ 错误 | 原子数：17
  - 正确映射：[ 0 14 11  4  5 16  8  7  3 10 12 13  2  9  6 15  1]
  - 预测映射：[ 5 16 11  4  0 14  8  6  2  1 12  9 13  3  7 15 10]
[test_sample_08634] [T1x_rxn7283] ❌ 错误 | 原子数：17
  - 正确映射：[15  2 16  4 11  9  8  3  5  0 14  1 13 10  6 12  7]
  - 预测映射：[15  2  4 16 11  9  8  5  3  0  6 13  1 10 14  7 12]
[test_sample_08635] [T1x_rxn7284] ❌ 错误 | 原子数：17
  - 正确映射：[ 5  0  4  9  1 10 14 12 11  8 16 15  3  6 13  7  2]
  - 预测映射：[ 5  0  4  9  1 10 14  7 12  8 15 11  3 13  6 16  2]
[test_sample_08636] [T1x_rxn7285] ❌ 错误 | 原子数：17
  - 正确映射：[ 9  3 12 10 14  0  4  1  8 16 15  2 13  6  5 11  7]
  - 预测映射：[ 9  0  3 12 10 14  4 11  1 16 15  8  2  6 13  5  7]
[test_sample_08637] [T1x_rxn7389] ✅ 严格正确 | 原子数：17
[test_sample_08638] [T1x_rxn7390] ❌ 错误 | 原子数：17
  - 正确映射：[ 2 14  3  4 12 15  9  5 10  6  0  1  8 16 13  7 11]
  - 预测映射：[12  4  3 14  2  9 15  1 16  8  0  5  6 10  7 13 11]
[test_sample_08639] [T1x_rxn7391] ❌ 错误 | 原子数：17
  - 正确映射：[ 5  9  6  2  7  3  4 12 15 16 10 11 13  0  8  1 14]
  - 预测映射：[ 5  9  6  7  2  3  4 12 15 10  1 16 13 11  0 14  8]
[test_sample_08640] [T1x_rxn7392] ❌ 错误 | 原子数：17
  - 正确映射：[ 4  7 12  1  9  3  8  6 13  2 10  0 14  5 15 16 11]
  - 预测映射：[ 8  4 12  7  1  9  3 16 11  2 13 10  0 14  5  6 15]
[test_sample_08641] [T1x_rxn7393] ❌ 错误 | 原子数：17
  - 正确映射：[14  2 16  5 12  8  1  7  6  3 13  4 15  0 10  9 11]
  - 预测映射：[ 2  5 16 12  8  1 14 13  3 15  4  0 10  9 11  7  6]
[test_sample_08642] [T1x_rxn7394] ❌ 错误 | 原子数：17
  - 正确映射：[ 5  4  9 13 12  3 15 14  7 11 10  1  8 16  0  2  6]
  - 预测映射：[12 13  9  4  5 15  3  2 16  8  1  7 10 14  6 11  0]
[test_sample_08643] [T1x_rxn7395] ✅ 严格正确 | 原子数：17
[test_sample_08644] [T1x_rxn7396] ✅ 严格正确 | 原子数：17
[test_sample_08645] [T1x_rxn7397] ❌ 错误 | 原子数：17
  - 正确映射：[15  5 12  6 14  0  1  3 10  4  9 16  7 11  8 13  2]
  - 预测映射：[ 6  5 12 15  1  0 14 16  7  4  9  3 10  2  8 13 11]
[test_sample_08646] [T1x_rxn7398] ❌ 错误 | 原子数：17
  - 正确映射：[ 1  6 11  5  0 13 12  2 14  9  3 16  7 10  8  4 15]
  - 预测映射：[12  1 11  6  5  0 13  9 15 14  4  3  7 16 10  2  8]
[test_sample_08647] [T1x_rxn7399] ❌ 错误 | 原子数：17
  - 正确映射：[11  2 16  7  6  4  0 15  5  9 10  8  3 14  1 13 12]
  - 预测映射：[11  2 16  7  0  4  6 14  5  8  9  3 13 12  1 10 15]
[test_sample_08648] [T1x_rxn7400] ❌ 错误 | 原子数：17
  - 正确映射：[ 6  1 10  5 14 16  8  0 11  2  9  7 13  3 15 12  4]
  - 预测映射：[14 16 10  8  6  1  5  2  3 15 13  4 12 11  0  7  9]
[test_sample_08649] [T1x_rxn7401] ❌ 错误 | 原子数：17
  - 正确映射：[ 3 13 10  6  5 12  4  8  7  2  9 15 14 11  1 16  0]
  - 预测映射：[ 4  3 10 13  6  5 12 14  0 16  8  7  9 15 11  2  1]
[test_sample_08650] [T1x_rxn7402] ❌ 错误 | 原子数：17
  - 正确映射：[ 1  0 14  3  8  7 10  9 15 13  6  4 11  5  2 12 16]
  - 预测映射：[ 1  0 14  7  8  3 10  2 12 13 15  6  9  5 11  4 16]
[test_sample_08651] [T1x_rxn7403] ❌ 错误 | 原子数：17
  - 正确映射：[ 7  3  6  1  4  2 15  9  0 11 12 10  5  8 13 16 14]
  - 预测映射：[15  7  6  3  1  4  2  9 14  0 16 11 12 10  5 13  8]
[test_sample_08652] [T1x_rxn7404] ❌ 错误 | 原子数：17
  - 正确映射：[14  6 11  2  3  5 13  4  0  1  8 12  9 15  7 16 10]
  - 预测映射：[13  5 11  3  2  6 14 16  0 10  4  7 15  9  1 12  8]
[test_sample_08653] [T1x_rxn7405] ❌ 错误 | 原子数：17
  - 正确映射：[14 15  4  5 11 13  1  2  6  9  8 12 10 16  7  0  3]
  - 预测映射：[15 14  4  1 13 11  5 10  9  8  6  0  3  7 16  2 12]
[test_sample_08654] [T1x_rxn7440] ❌ 错误 | 原子数：17
  - 正确映射：[ 3  6 10  5  0  8  7 11  4 13 16  9 14  2  1 15 12]
  - 预测映射：[ 3  6 10  5  0  8  7 11 13 12 16  4 14  1  9 15  2]
[test_sample_08655] [T1x_rxn7441] ❌ 错误 | 原子数：17
  - 正确映射：[14  7 12  1  4  6 16  3  8 15  0  2  9 11 13  5 10]
  - 预测映射：[14  7 16  1  4  6 12  3 15  8  0 10  5 13 11  9  2]
[test_sample_08656] [T1x_rxn7442] ✅ 严格正确 | 原子数：17
[test_sample_08657] [T1x_rxn7443] ❌ 错误 | 原子数：17
  - 正确映射：[ 0  7 14 12  4 15 10 16  9  3  6 11  8  1  2 13  5]
  - 预测映射：[ 0  7 10 12  4 15 14 13 16  9  6  3  5  2  1  8 11]
[test_sample_08658] [T1x_rxn7444] ❌ 错误 | 原子数：17
  - 正确映射：[ 0  8  3  6  1 13 16 11  2  4 10  5 12  7 15 14  9]
  - 预测映射：[ 0  8 16  6  1 13  3  9 10  4 12  5 14 15  7 11  2]
[test_sample_08659] [T1x_rxn7445] ❌ 错误 | 原子数：17
  - 正确映射：[15  8 16  0  3  4  1 12  7 11  9  6 10 13  2  5 14]
  - 预测映射：[15  8 16  0  3  4  1  7  9 11 14  6 10 13  2 12  5]
[test_sample_08660] [T1x_rxn7446] ❌ 错误 | 原子数：17
  - 正确映射：[ 0  6  9  7  8 13 12  1 16 10  3 14 11  4  5  2 15]
  - 预测映射：[ 0  6 12  7  8 13  9 16 10  3 15  2  1  5  4 11 14]
[test_sample_08661] [T1x_rxn7447] ❌ 错误 | 原子数：17
  - 正确映射：[ 0 16  2 14  6 10  4  7 12  9 15 13  8  3  1  5 11]
  - 预测映射：[ 0 16  4 14  6 10  2  7  9 12 15 11  5  1  3  8 13]
[test_sample_08662] [T1x_rxn7448] ✅ 严格正确 | 原子数：17
[test_sample_08663] [T1x_rxn7449] ✅ 严格正确 | 原子数：17
[test_sample_08664] [T1x_rxn7450] ❌ 错误 | 原子数：17
  - 正确映射：[ 9  5  4  0 11  7 13 16 14  8 10 12  6 15  3  2  1]
  - 预测映射：[ 5  4  0 13 11  7  9  1 10 14  6 12  2  3 15  8 16]
[test_sample_08665] [T1x_rxn7451] ❌ 错误 | 原子数：17
  - 正确映射：[15 13 16  5 14  7  2  9  3  8 10  6 12  0 11  1  4]
  - 预测映射：[15 13  2  5 14  7 16  1  8  9  3  0  4  6 11 12 10]
[test_sample_08666] [T1x_rxn7602] ✅ 严格正确 | 原子数：17
[test_sample_08667] [T1x_rxn7603] ❌ 错误 | 原子数：17
  - 正确映射：[ 0 13 15  9  7  3 10 11  2 14  4 12  5  1  6  8 16]
  - 预测映射：[ 0 13  9 15  7  3 10  4 14 11 12  1  6  5  8  2 16]
[test_sample_08668] [T1x_rxn7604] ❌ 错误 | 原子数：17
  - 正确映射：[ 3 14  0 13  9  7  4 10  8 12  1  5  6  2 16 15 11]
  - 预测映射：[ 3 14  0 13  9  7  4 10  8 12  1  6  2  5 16 15 11]
[test_sample_08669] [T1x_rxn7605] ❌ 错误 | 原子数：17
  - 正确映射：[ 2  4 14  1  3  0  7 13 10  8 12 16  5  9 15  6 11]
  - 预测映射：[ 2  4  1  3 14  0  7  8 13 10  6  9 12 15 11  5 16]
[test_sample_08670] [T1x_rxn7606] ❌ 错误 | 原子数：17
  - 正确映射：[ 4  6 10 14 11  0  2  5 15  8 12 16  1  3 13  9  7]
  - 预测映射：[ 4  6 10 11 14  0  2  5 15  8 12  3 16 13  9  1  7]
[test_sample_08671] [T1x_rxn7607] ❌ 错误 | 原子数：17
  - 正确映射：[11 10  4 13  2 15  5  3  6  8 14  1  9 16 12  0  7]
  - 预测映射：[11 10  4 13  2 15  5  3  0  8 14  1  9 16  6 12  7]
[test_sample_08672] [T1x_rxn7608] ❌ 错误 | 原子数：17
  - 正确映射：[ 6  4  3 16  5 13  2  7  1  0 12  9  8 10 15 14 11]
  - 预测映射：[ 6  4  3 16  5 13  2  7  0  1  8 12 10  9 14 15 11]
[test_sample_08673] [T1x_rxn7609] ❌ 错误 | 原子数：17
  - 正确映射：[ 6 12 13 14  1 11  0  2 15  5  4 16  3  9 10  8  7]
  - 预测映射：[14 13 12  6  1 11  0  4  9 16  3  2  5 15 10  8  7]
[test_sample_08674] [T1x_rxn7610] ❌ 错误 | 原子数：17
  - 正确映射：[12  5  3  7 13  1  6 15  8  9 10 16  0 14 11  2  4]
  - 预测映射：[12  5  3  7 13  1  6  9  8 15 10  0 16 11  2 14  4]
[test_sample_08675] [T1x_rxn7611] ✅ 严格正确 | 原子数：17
[test_sample_08676] [T1x_rxn7612] ✅ 严格正确 | 原子数：17
[test_sample_08677] [T1x_rxn7613] ✅ 严格正确 | 原子数：17
[test_sample_08678] [T1x_rxn7614] ❌ 错误 | 原子数：17
  - 正确映射：[ 6  7 12 14 15 11  4  8  3 10  1  2 13  9  0  5 16]
  - 预测映射：[ 6  7 12 14 11 15  4  8  3  1  2 13 16  9  0 10  5]
[test_sample_08679] [T1x_rxn7615] ❌ 错误 | 原子数：17
  - 正确映射：[12  5 10  2  8  0  9  3 14 16  4  6 15 13  7  1 11]
  - 预测映射：[12  5 10  2  8  0  9  3 15 14 16  4  6 13  7  1 11]
[test_sample_08680] [T1x_rxn7616] ✅ 严格正确 | 原子数：17
[test_sample_08681] [T1x_rxn7789] ❌ 错误 | 原子数：17
  - 正确映射：[12  5  8  2 14  6 16  7 13 15  1 10  9  4 11  0  3]
  - 预测映射：[12 14  5  8  2  6 16 15  4 11 13 10  0  1  9  3  7]
[test_sample_08682] [T1x_rxn7790] ✅ 严格正确 | 原子数：17
[test_sample_08683] [T1x_rxn7791] ❌ 错误 | 原子数：17
  - 正确映射：[12  9  4  8 16  7 15  6  2  1  0 11 13  3  5 10 14]
  - 预测映射：[12  9  4  8 16  7 15  6  2  1 13  0  3 11  5 10 14]
[test_sample_08684] [T1x_rxn7792] ❌ 错误 | 原子数：17
  - 正确映射：[ 7 10 14  4 16  3 13 15  8 12  9  0  1  5  2 11  6]
  - 预测映射：[ 7 10 14  4 16  3 13 15  5  8  9  0 11  1  2  6 12]
[test_sample_08685] [T1x_rxn7793] ❌ 错误 | 原子数：17
  - 正确映射：[11  8 12  9  0  2  6  5 13 10  1 15  7 14  4  3 16]
  - 预测映射：[11  8  0  9 12  2  6 13  5 10 14  4  7 15  1 16  3]
[test_sample_08686] [T1x_rxn7794] ❌ 错误 | 原子数：17
  - 正确映射：[12  1  0  6  7 11  9 14 15  5 10 13  4 16  3  8  2]
  - 预测映射：[12  1  7  6  0 11  9  3 15  5  4 16 13 10 14  2  8]
[test_sample_08687] [T1x_rxn7795] ❌ 错误 | 原子数：17
  - 正确映射：[ 0 12  5  9  6 14  1  8 13  7  4  2 11 15 16 10  3]
  - 预测映射：[ 0  5  6  1 12 14  9  2  7 13 16 15  3  8 10 11  4]
[test_sample_08688] [T1x_rxn7796] ❌ 错误 | 原子数：17
  - 正确映射：[ 9  7 11  3 16 13  4  2  5  1  0 12  8  6 15 14 10]
  - 预测映射：[ 9  7 11  3 16 13  4  2  5  1 14  0  8 12  6 10 15]
[test_sample_08689] [T1x_rxn7846] ❌ 错误 | 原子数：17
  - 正确映射：[ 7  0  1  5  9 12  8  4 16 15  6 10 11 14 13  3  2]
  - 预测映射：[ 7  0  1  5  9 12  8  6 16  3  4 10 11 13 14 15  2]
[test_sample_08690] [T1x_rxn7847] ❌ 错误 | 原子数：17
  - 正确映射：[ 9 13  3  1 16  2  6  5 12 11 14  7  4  0  8 15 10]
  - 预测映射：[ 1 13  3  9 16  2  6  8  0  4  7 14 11 12  5 10 15]
[test_sample_08691] [T1x_rxn7848] ❌ 错误 | 原子数：17
  - 正确映射：[ 0 10  6  2 14  3 16  7 12  9 15  4 13  1 11  8  5]
  - 预测映射：[ 0 10  6  2 14  3 16  9  7 12 15  4 13  1 11  8  5]
[test_sample_08692] [T1x_rxn7849] ❌ 错误 | 原子数：17
  - 正确映射：[13  9 14  1  8 15  3 16  5  4  6 10  7  0 11 12  2]
  - 预测映射：[13  9 14 15  8  3  1 16  6 10  5  4  7  2 12  0 11]
[test_sample_08693] [T1x_rxn7850] ❌ 错误 | 原子数：17
  - 正确映射：[ 4 12  5 15 13  7 14  3 16  2 10  1  6 11  8  0  9]
  - 预测映射：[ 4 12  5 15 13  7 14 16  2  3  0 10  6 11  8  1  9]
[test_sample_08694] [T1x_rxn7851] ❌ 错误 | 原子数：17
  - 正确映射：[12  0  8 14 13  7 10 15  6  3  9 11  1  2  4 16  5]
  - 预测映射：[14  8  0 12 13  7 10  1 16  2  4  9  3 11 15  6  5]
[test_sample_08695] [T1x_rxn7852] ❌ 错误 | 原子数：17
  - 正确映射：[16 13  3 10 12  6  0  8 11  9  1  7  2 14  4  5 15]
  - 预测映射：[10  6  3  0 12 13 16  2  5  4 14  7 11  9 15  1  8]
[test_sample_08696] [T1x_rxn7992] ❌ 错误 | 原子数：17
  - 正确映射：[ 0  3 10  2  8  4  6  7 14  1 13  9 12  5 16 11 15]
  - 预测映射：[ 0  6 10  3  2  8  4  7 14  1 15 13 12  9  5 11 16]
[test_sample_08697] [T1x_rxn7993] ❌ 错误 | 原子数：17
  - 正确映射：[ 5  0 10 16  2  7  6  9  4 15  3 11 13  1 14  8 12]
  - 预测映射：[ 5  0 10  2  7  6 16  9  4 15  3 13  8 14  1 12 11]
[test_sample_08698] [T1x_rxn7994] ❌ 错误 | 原子数：17
  - 正确映射：[12 15 11  1 13 10  3  2  6 16  7  9  0  8 14  4  5]
  - 预测映射：[12 15 11 13 10  3  1 16  7  6  2  8  9 14  4  5  0]
[test_sample_08699] [T1x_rxn7995] ✅ 严格正确 | 原子数：17
[test_sample_08700] [T1x_rxn7996] ❌ 错误 | 原子数：17
  - 正确映射：[ 2  0  9  1 11  5 12  4  7 16 15  3 14  6  8 13 10]
  - 预测映射：[ 2  0  9 12  5 11  1 16  7  4 15 10 13  8  6 14  3]
[test_sample_08701] [T1x_rxn7997] ❌ 错误 | 原子数：17
  - 正确映射：[ 3 14  7 16 15  4  8 13  2  1  0  6  5  9 12 10 11]
  - 预测映射：[ 3 14  7 16 15  4  8 11  2  1 13  5  6  9 12  0 10]
[test_sample_08702] [T1x_rxn7998] ✅ 严格正确 | 原子数：17
[test_sample_08703] [T1x_rxn7999] ❌ 错误 | 原子数：17
  - 正确映射：[15  5  9 14 16 13  6  4  0  7 10 12  2  1  8 11  3]
  - 预测映射：[13  6  9  5 14 16 15  3 11  8  7  0 10 12  1  2  4]
[test_sample_08704] [T1x_rxn8000] ✅ 严格正确 | 原子数：17
[test_sample_08705] [T1x_rxn8001] ❌ 错误 | 原子数：17
  - 正确映射：[ 3  6  0  2 16 15 13  9 10 14  5  7  8  1 11 12  4]
  - 预测映射：[ 3  6  0  2 16 15 13 10 14  9  5  7  8  1 11 12  4]
[test_sample_08706] [T1x_rxn8072] ❌ 错误 | 原子数：17
  - 正确映射：[ 2 15  5  7  1  4 11  6  8 12 10 13  0  3 14 16  9]
  - 预测映射：[ 2 15  5  7  4  1 11  6 10  8 12 14 13 16  0  9  3]
[test_sample_08707] [T1x_rxn8073] ❌ 错误 | 原子数：17
  - 正确映射：[ 8  9 16  7  5 15  6 13 10 12  1  0 14  2 11  4  3]
  - 预测映射：[ 8  6  9 16  7  5 15  3  4  0 12 13 11 14  1  2 10]
[test_sample_08708] [T1x_rxn8074] ❌ 错误 | 原子数：17
  - 正确映射：[14 13 12  3  0 10  5  7 16  1 11  9  6 15  4  8  2]
  - 预测映射：[14 12  3 13  5 10  0 16  9 11  7  4  2  6  1  8 15]
[test_sample_08709] [T1x_rxn8075] ✅ 严格正确 | 原子数：17
[test_sample_08710] [T1x_rxn8076] ❌ 错误 | 原子数：17
  - 正确映射：[ 1 11  3 13  0 15  5 12  8  9  4  6  2  7 10 16 14]
  - 预测映射：[ 1  3 13 11  0  5 15  8  4  6  9 12  2 16 14  7 10]
[test_sample_08711] [T1x_rxn8077] ❌ 错误 | 原子数：17
  - 正确映射：[14  1 16  9  0 10 13 12  7  4 15 11  8  3  2  5  6]
  - 预测映射：[14  1 16 13  0  9 10 12 15  4  5  6  8  7 11  3  2]
[test_sample_08712] [T1x_rxn8078] ❌ 错误 | 原子数：17
  - 正确映射：[10 13  0  1  9  7 12  3 15  4 14  2 11 16  8  6  5]
  - 预测映射：[10 13  0  7  1  9 12  3 15  4  8 16  2 14 11  5  6]
[test_sample_08713] [T1x_rxn8079] ✅ 严格正确 | 原子数：17
[test_sample_08714] [T1x_rxn8080] ❌ 错误 | 原子数：17
  - 正确映射：[11 14  3  6  8  0  5  9  1  4 13  2 15 12 16 10  7]
  - 预测映射：[11 14  3  6  8  0  5  9  1  4 13  2 10 15 12  7 16]
[test_sample_08715] [T1x_rxn8081] ❌ 错误 | 原子数：17
  - 正确映射：[ 2  1  9  7  5  0 14  8  3 15 16 11  6 10 12 13  4]
  - 预测映射：[ 2  1  9  7  5  0 14  8 15  3 11 16 12 10  6  4 13]
[test_sample_08716] [T1x_rxn8082] ✅ 严格正确 | 原子数：17
[test_sample_08717] [T1x_rxn8083] ❌ 错误 | 原子数：17
  - 正确映射：[ 9  5  2 15 10  4 16  6 12  1 13 11  0  7  3 14  8]
  - 预测映射：[ 9  5  2 15  4 16 10  6 12  3  1 11  7 14  8  0 13]
[test_sample_08718] [T1x_rxn8084] ❌ 错误 | 原子数：17
  - 正确映射：[ 7 14  9  4 11 12  8 10  5  6 13  0  3  2 16 15  1]
  - 预测映射：[ 7 14  9  4 12 11  8 10  5  6  1 16  0 13  3 15  2]
[test_sample_08719] [T1x_rxn8150] ✅ 严格正确 | 原子数：17
[test_sample_08720] [T1x_rxn8151] ❌ 错误 | 原子数：17
  - 正确映射：[ 4  0  9  2 13 11  1  8  3  7  5 15 10 12 16  6 14]
  - 预测映射：[ 2 13  9  0  4 11  1 12  3 15 10  5  8  7 16 14  6]
[test_sample_08721] [T1x_rxn8152] ❌ 错误 | 原子数：17
  - 正确映射：[ 6 13  7  2 12 15  8 10  1 14  9  4 16 11  5  0  3]
  - 预测映射：[ 6 13  7  2  8 15 12 10 14  1  4  3  0  9 11 16  5]
[test_sample_08722] [T1x_rxn8153] ✅ 严格正确 | 原子数：17
[test_sample_08723] [T1x_rxn8154] ❌ 错误 | 原子数：17
  - 正确映射：[11  5  2  3  0 12  9  7  4  8 13 10 15 16 14  6  1]
  - 预测映射：[ 3  0  2  5 11 12  9 15 16  8 13  7 14  4  1 10  6]
[test_sample_08724] [T1x_rxn8155] ❌ 错误 | 原子数：17
  - 正确映射：[ 0  3 15  9 11  2  8  4 16  7  6 14 10  1 12  5 13]
  - 预测映射：[ 0  3 15  9 11  2  8  4 16  7  6 14 10  1 13  5 12]
[test_sample_08725] [T1x_rxn8156] ✅ 严格正确 | 原子数：17
[test_sample_08726] [T1x_rxn8157] ❌ 错误 | 原子数：17
  - 正确映射：[15  4  1  5 11  3  7 12  0 16 14 13 10  2  9  6  8]
  - 预测映射：[15  4  1  3 11  5  7 16  0 12 14 10 13  2  6  9  8]
[test_sample_08727] [T1x_rxn8158] ✅ 严格正确 | 原子数：17
[test_sample_08728] [T1x_rxn8159] ✅ 严格正确 | 原子数：17
[test_sample_08729] [T1x_rxn8160] ❌ 错误 | 原子数：17
  - 正确映射：[12  0 13 15  1  7  3  4  9 14 16 11  2  5 10  6  8]
  - 预测映射：[12  0 13 15  1  7  3  4  9 14 11  8  2  5 16  6 10]
[test_sample_08730] [T1x_rxn8299] ❌ 错误 | 原子数：17
  - 正确映射：[ 5  4 15  2 13 11 10  8  6  9  3  1 12  0 14  7 16]
  - 预测映射：[ 5  4 15  2 13 11 10  8  9  6 12  1  3  0 14 16  7]
[test_sample_08731] [T1x_rxn8300] ✅ 严格正确 | 原子数：17
[test_sample_08732] [T1x_rxn8301] ❌ 错误 | 原子数：17
  - 正确映射：[ 9  3 12  1 15  8  2 14 10  4 16  6 13 11  5  0  7]
  - 预测映射：[ 9  3 12  1 15  8  2 16 14  4  6 10 13 11  5  0  7]
[test_sample_08733] [T1x_rxn8302] ✅ 严格正确 | 原子数：17
[test_sample_08734] [T1x_rxn8303] ✅ 严格正确 | 原子数：17
[test_sample_08735] [T1x_rxn8304] ❌ 错误 | 原子数：17
  - 正确映射：[13  4  8  2 14 16 11  9 15  1 10  5  3  7  0 12  6]
  - 预测映射：[13  4  8  2 14 16 11  9 15  1 10  5  3  6  0  7 12]
[test_sample_08736] [T1x_rxn8305] ❌ 错误 | 原子数：17
  - 正确映射：[10  2  0  3 13  7 14  9 15 16  5  1  4 12 11  8  6]
  - 预测映射：[10  2  0  3 13  7 14  4 15  9  5 16  1 12 11  8  6]
[test_sample_08737] [T1x_rxn8306] ✅ 严格正确 | 原子数：17
[test_sample_08738] [T1x_rxn8307] ❌ 错误 | 原子数：17
  - 正确映射：[ 5  0 10  3 12  2  6 15 14  8  1 11  9  7  4 13 16]
  - 预测映射：[ 5  0 10  3 12  2  6 15 14  8  1 11  9  4 16 13  7]
[test_sample_08739] [T1x_rxn8474] ❌ 错误 | 原子数：17
  - 正确映射：[ 2 15 14  1  6  0  5  4  9 13  3 11 16  7 10 12  8]
  - 预测映射：[ 2 15 14  1  6  0  5  4  9 13 12 16  3  7 10 11  8]
[test_sample_08740] [T1x_rxn8475] ✅ 严格正确 | 原子数：17
[test_sample_08741] [T1x_rxn8476] ❌ 错误 | 原子数：17
  - 正确映射：[16  8  0 13 15  5 11 14  9  7  1  6  2 10  3 12  4]
  - 预测映射：[16  8  0 11  5 15 13  7  9 14 10 12  1  3  2  6  4]
[test_sample_08742] [T1x_rxn8477] ❌ 错误 | 原子数：17
  - 正确映射：[ 7 12 11  3  9  6  8 16  0  1  5 15  4 14 10 13  2]
  - 预测映射：[ 7 12 11  8  6  9  3  1  0 16  5  2 13 10 14  4 15]
[test_sample_08743] [T1x_rxn8478] ❌ 错误 | 原子数：17
  - 正确映射：[ 7  2  1  3 11  0 12 13  5  8  6 16  9 15 10  4 14]
  - 预测映射：[ 7  2  1 12  0 11  3  8  5 13  6 14  4 10 15  9 16]
[test_sample_08744] [T1x_rxn8479] ❌ 错误 | 原子数：17
  - 正确映射：[10  2  6 11 12 16  1  7  8  4  0 15 13  5  9  3 14]
  - 预测映射：[10  2  6 11 12  1 16  4 15  7  9 13  0  5 14  8  3]
[test_sample_08745] [T1x_rxn8567] ❌ 错误 | 原子数：17
  - 正确映射：[ 2 16  1 15  0 12  9 14 13  6  3  7  5  8 10  4 11]
  - 预测映射：[ 2 16  1 15  0 12  9 14 13  6  3  7  5  4  8 11 10]
[test_sample_08746] [T1x_rxn8568] ❌ 错误 | 原子数：17
  - 正确映射：[ 4  0 15  7  8  2 14  3  1  6 12  5 13 16 11  9 10]
  - 预测映射：[ 4  0 15  7  8  2 14  3  1  6 12  5 13 11 10 16  9]
[test_sample_08747] [T1x_rxn8569] ❌ 错误 | 原子数：17
  - 正确映射：[14  5  3 16  4  1  7 12 15  2  6 10 13 11  0  8  9]
  - 预测映射：[14  5  3  1  4 16  7 12 15  2  6  9  8 11  0 13 10]
[test_sample_08748] [T1x_rxn8570] ❌ 错误 | 原子数：17
  - 正确映射：[11 15  6  3  0  7 13  4  8  2 12 16  9  1  5 14 10]
  - 预测映射：[15  6  3  0  7 11 13  2 12  9 16  1  5 10 14  4  8]
[test_sample_08749] [T1x_rxn8571] ❌ 错误 | 原子数：17
  - 正确映射：[10  6  1 16 13 11  0  5 15 14  7  3  8  2 12  9  4]
  - 预测映射：[10  6  1 16 13 11  0 14 15  3  7  5  8  2 12  9  4]
[test_sample_08750] [T1x_rxn8572] ❌ 错误 | 原子数：17
  - 正确映射：[11  2 10 13  7  5  4 12  1  8 16  3  9 14 15  0  6]
  - 预测映射：[ 2 11 10 13  7  5  4 16 12  1  8  3  9 14 15  0  6]
[test_sample_08751] [T1x_rxn8573] ❌ 错误 | 原子数：17
  - 正确映射：[ 6  3  8 11 13  5  7  2 15 10 14  9 12  0  1  4 16]
  - 预测映射：[ 3  8 11  6 13  5  7 15 10  9  2  1 14  0 12 16  4]
[test_sample_08752] [T1x_rxn8574] ❌ 错误 | 原子数：17
  - 正确映射：[12  4 16  2  0  3  1  6  7  9 10 15 14 13  5  8 11]
  - 预测映射：[ 3  0  2 12 16  4  1 11  8 13  5 14  6 15  7 10  9]
[test_sample_08753] [T1x_rxn8575] ✅ 严格正确 | 原子数：17
[test_sample_08754] [T1x_rxn8576] ❌ 错误 | 原子数：17
  - 正确映射：[15 10  8  5 14 11  0 12  1  3  7 16 13  2  9  6  4]
  - 预测映射：[15 10  8  5 14 11  0 12  1  3  7 16 13  2  6  4  9]
[test_sample_08755] [T1x_rxn8657] ❌ 错误 | 原子数：17
  - 正确映射：[ 3 12 13  7  6  4 16 14  8  0  5 15  9 11  2 10  1]
  - 预测映射：[ 3 12 13  7  6  4 16  0 14  8  5 15  9 11  2 10  1]
[test_sample_08756] [T1x_rxn8658] ❌ 错误 | 原子数：17
  - 正确映射：[ 0 14 15  3 11  1  7 10  4 12  9 13  2  6  5 16  8]
  - 预测映射：[11 14  1  7  3 15  0 16  6  5  8 12 13 10  2  9  4]
[test_sample_08757] [T1x_rxn8659] ❌ 错误 | 原子数：17
  - 正确映射：[ 9  8 12 10  0  2  7 15 13 14  5 16  3  6  4  1 11]
  - 预测映射：[ 9  8 12  0  2 10  7  3 13 15  4 16  5  6  1 14 11]
[test_sample_08758] [T1x_rxn8660] ❌ 错误 | 原子数：17
  - 正确映射：[13 12  7 15 10 16 14  0  5  6  3  4  1  8 11  9  2]
  - 预测映射：[15 12 16 13  7 14 10  4  1  3  0  9  2  6  5  8 11]
[test_sample_08759] [T1x_rxn9532] ❌ 错误 | 原子数：17
  - 正确映射：[ 1  8  2  5 16  0 11 14 13  7  6 15  9  4 12  3 10]
  - 预测映射：[ 1  8  2  5 16  0 11 13  7  6 14 15  9  4 12  3 10]
[test_sample_08760] [T1x_rxn9543] ❌ 错误 | 原子数：17
  - 正确映射：[ 6  9  0  4 12  8  2 11  1 14 13 15  7 10 16  5  3]
  - 预测映射：[ 6  9  0  4 12  8  2 11  1 14 13 15  7 10 16  3  5]
[test_sample_08761] [T1x_rxn9620] ✅ 严格正确 | 原子数：17
[test_sample_08762] [T1x_rxn9625] ❌ 错误 | 原子数：17
  - 正确映射：[10  0 16 12 14  6  7  2  1  3  5 13 11  4 15  8  9]
  - 预测映射：[10 16 12 14  6  0  7  1 11  3  2  8  4 15  9 13  5]
[test_sample_08763] [T1x_rxn9692] ❌ 错误 | 原子数：17
  - 正确映射：[15  6  3 14 11  5 13 10  0 12  2  8  9  4  1 16  7]
  - 预测映射：[15  6 14 11  5 13  3  0 12 10  9  8  1  4 16  7  2]
[test_sample_08764] [T1x_rxn9693] ❌ 错误 | 原子数：17
  - 正确映射：[ 0  2  4 16  5 11  9  3  6 15 13 14  8  7  1 12 10]
  - 预测映射：[ 0 11  9  2  4 16  5  7 12  3 10  6 15 14 13  8  1]
[test_sample_08765] [T1x_rxn9701] ❌ 错误 | 原子数：17
  - 正确映射：[ 0  2  9 16  5  4 12  6  3 15  1  7 14 11  8 13 10]
  - 预测映射：[ 0  2  9 16  5  4 12 15  6  3 10  1 14  7  8 13 11]
[test_sample_08766] [T1x_rxn9702] ❌ 错误 | 原子数：17
  - 正确映射：[14  6 15  0 11 10  7  1  8  9 12  4 16 13  5  2  3]
  - 预测映射：[14  6 15  0 11 10  7  1  8  9 12  4 16 13  2  5  3]
[test_sample_08767] [T1x_rxn9703] ❌ 错误 | 原子数：17
  - 正确映射：[ 4 16  7 11 15  3 10 13  6  8 14  0  9  1  2 12  5]
  - 预测映射：[16  7  4 11 15  3 10 14  6 13  0  9  8  1  2 12  5]
[test_sample_08768] [T1x_rxn9704] ❌ 错误 | 原子数：17
  - 正确映射：[ 0 12 14  9  2 16 13  7 15  1 11  4  5 10  3  8  6]
  - 预测映射：[14  9 16 13  2  0 12  4  5  1 10  8  3  6 15  7 11]
[test_sample_08769] [T1x_rxn9713] ❌ 错误 | 原子数：17
  - 正确映射：[ 1  6 10  3 16  2 12 11 14  9  8  7  4  0  5 13 15]
  - 预测映射：[ 1  6 10  3 16  2 12 14  9 11  4  7  0  5 15 13  8]
[test_sample_08770] [T1x_rxn9755] ❌ 错误 | 原子数：17
  - 正确映射：[14 13  4  2  5 15  0 10 16  3  6  7 11  8 12  1  9]
  - 预测映射：[14 13  2  4 15  5  0 10 16  3  6  8  7 11  1  9 12]
[test_sample_08771] [T1x_rxn9820] ❌ 错误 | 原子数：17
  - 正确映射：[12 11 13  0  6  4 10  1  5 16 15 14  2  9  7  8  3]
  - 预测映射：[12 11 13  0  6  4 10  1  5 16 14  2  7 15  9  8  3]
[test_sample_08772] [T1x_rxn9838] ❌ 错误 | 原子数：17
  - 正确映射：[11 10  8  0 15  4 16  9 14 13  3  5 12  7  6  1  2]
  - 预测映射：[ 4 15  8  0 10 11 16  9  6 12  7  5  3 13 14  1  2]
[test_sample_08773] [T1x_rxn9839] ❌ 错误 | 原子数：17
  - 正确映射：[ 1  7  0  6 15  8 12 13 16 11  2  4  9  3  5 14 10]
  - 预测映射：[ 1  7  0 12  8 15  6 13  9  2 11 16 14 10  5  3  4]
[test_sample_08774] [T1x_rxn9840] ❌ 错误 | 原子数：17
  - 正确映射：[15  4  2 14  9  7  3  8 13  5 11 10  6 16 12  1  0]
  - 预测映射：[ 2  4 15 14  3  7  9 13 11 10 12  5  8  1  0  6 16]
[test_sample_08775] [T1x_rxn9862] ❌ 错误 | 原子数：17
  - 正确映射：[ 2  5  9  0 13  7 15 14 11  8 10  3  1  4 16  6 12]
  - 预测映射：[ 2  5  9  7 13  0 15 14  8 11  1  3 10 12  6 16  4]
[test_sample_08776] [T1x_rxn9863] ❌ 错误 | 原子数：17
  - 正确映射：[16 10  6  3 15  4  1  9  5 13  8 14  7  0 12 11  2]
  - 预测映射：[16  6  3 10 15  4  1  8 13  9  7 14  0 11  5 12  2]
[test_sample_08777] [T1x_rxn9864] ✅ 严格正确 | 原子数：17
[test_sample_08778] [T1x_rxn9865] ❌ 错误 | 原子数：17
  - 正确映射：[15 16 12 11  5  9  7  8 13 10  1  4  3  2 14  6  0]
  - 预测映射：[15 16 12 11  5  9  7 13  3 10  8  1  4  0  2  6 14]
[test_sample_08779] [T1x_rxn9866] ❌ 错误 | 原子数：17
  - 正确映射：[ 6  2  7 13  1  9 10 11 12  0 15  8  4  5  3 16 14]
  - 预测映射：[ 2  6  7 13  1  9 10 15  8  5  0 11  4 12  3 16 14]
[test_sample_08780] [T1x_rxn9897] ❌ 错误 | 原子数：17
  - 正确映射：[10  3 12 14  5  7  9 15  1 11  2  8  4 16  6 13  0]
  - 预测映射：[10  3  5 12 14  7  9 11  1 15  6  2 16  8  4  0 13]
[test_sample_08781] [T1x_rxn9898] ❌ 错误 | 原子数：17
  - 正确映射：[11 15  2  0  7  9 12 14  6  5 13  3 10  4  8  1 16]
  - 预测映射：[11 15  7  0  2  9 12  8 14  5  6  4 10  3 13 16  1]
[test_sample_08782] [T1x_rxn9918] ❌ 错误 | 原子数：17
  - 正确映射：[ 1 12 10  3 13 15  0 16  4  7 14  6 11  8  2  5  9]
  - 预测映射：[13  3 15 12  1 10  0 11  8  2  9  5 16  4  7  6 14]
[test_sample_08783] [T1x_rxn9919] ❌ 错误 | 原子数：17
  - 正确映射：[ 6  3  8  2 15 11 10  1  5  4  9  0 16  7 13 14 12]
  - 预测映射：[ 6  3 15  2 11  8 10  4  5  1  7  9 16 13 12  0 14]
[test_sample_08784] [T1x_rxn9934] ❌ 错误 | 原子数：17
  - 正确映射：[ 6  8 11  1  9 15  7 16 13  4 10 12  5  3  2  0 14]
  - 预测映射：[ 6  8 11  1  9 15  7 16 12  4 10 13 14  2  3  0  5]
[test_sample_08785] [T1x_rxn9935] ❌ 错误 | 原子数：17
  - 正确映射：[ 3 12 13  5  9 14  0  1 11  2  4 15 16  6  7 10  8]
  - 预测映射：[ 3 14 13 12  9  5  0  1  2 11  6  7 16  4 15 10  8]
[test_sample_08786] [T1x_rxn9949] ❌ 错误 | 原子数：17
  - 正确映射：[15 14 11  6  7 12  9  3  2  8  5 10 13  4  0  1 16]
  - 预测映射：[ 6  7 11 14 15 12  9 13  4 10  5  8  3  2 16  1  0]
[test_sample_08787] [T1x_rxn9950] ❌ 错误 | 原子数：17
  - 正确映射：[ 1  3  6 15 10  0  8 13  4 12  7 11 14  9 16  5  2]
  - 预测映射：[15 10  6  8  0  3  1  9 14 11  2  5  7 16  4 12 13]
[test_sample_08788] [T1x_rxn9964] ❌ 错误 | 原子数：17
  - 正确映射：[ 8  2  9  0 16 13 12 10  4 11  6  7 14  3 15  5  1]
  - 预测映射：[ 8  2  9  0 12 13 16  4 10 11  5  6 14  1 15  7  3]
[test_sample_08789] [T1x_rxn9965] ❌ 错误 | 原子数：17
  - 正确映射：[ 5  3  7  0  6  1  4 11 13  9  8 14 10  2 15 12 16]
  - 预测映射：[ 5  3  7  0  6  1  4 10 14 13 11  9  8  2 15 12 16]
[test_sample_08790] [T1x_rxn9966] ❌ 错误 | 原子数：17
  - 正确映射：[ 4 13 10 12 11 16  6  8  7  2  9  5  0 15  1  3 14]
  - 预测映射：[ 4 13 10 12 11 16  6  8  7  2  9  5  0  3  1 14 15]
[test_sample_08791] [T1x_rxn9994] ❌ 错误 | 原子数：17
  - 正确映射：[ 2 15 10 12  0  1  5 14  9  8  6  3 11 16  7  4 13]
  - 预测映射：[ 2 15 10 12  0  1  5  8 14  6  4  3 11 16  7 13  9]
[test_sample_08792] [T1x_rxn5004] ✅ 严格正确 | 原子数：18
[test_sample_08793] [T1x_rxn5005] ❌ 错误 | 原子数：18
  - 正确映射：[ 8  5 15  2 12 13  9 10 17  0  3  1  4  7  6 11 14 16]
  - 预测映射：[ 8  5 15  2 12 13  9 10  1 17  0  3  4  7  6 11 14 16]
[test_sample_08794] [T1x_rxn5006] ✅ 严格正确 | 原子数：18
[test_sample_08795] [T1x_rxn5007] ❌ 错误 | 原子数：18
  - 正确映射：[11  2  6  0 17  4 15  7 14  1 16  5  3 10 12  9  8 13]
  - 预测映射：[11  2  6  0 17  4 15  7 14  1 16  5  3 12 13 10  8  9]
[test_sample_08796] [T1x_rxn5008] ✅ 严格正确 | 原子数：18
[test_sample_08797] [T1x_rxn5009] ❌ 错误 | 原子数：18
  - 正确映射：[13  3  2 14  9 10  5  7  4  1 15 17 16 11 12  8  6  0]
  - 预测映射：[ 9 14  2  3 13 10  5  6  0 12 11  8  4 15 16 17  7  1]
[test_sample_08798] [T1x_rxn5178] ❌ 错误 | 原子数：18
  - 正确映射：[14  9 15  8  7  0 16 13 11  5  6 17 12 10  3  2  4  1]
  - 预测映射：[ 7  8 15  0  9 14 16  1  4  2 13  3 12 10  6 17 11  5]
[test_sample_08799] [T1x_rxn5179] ❌ 错误 | 原子数：18
  - 正确映射：[ 5  2 17 14  7  3 13  4 16 12 11  8 15  1 10  9  0  6]
  - 预测映射：[ 5  2 17 14  7  3 13 12 16  8  4 11 15  1 10  9  0  6]
[test_sample_08800] [T1x_rxn5180] ✅ 严格正确 | 原子数：18
[test_sample_08801] [T1x_rxn5181] ❌ 错误 | 原子数：18
  - 正确映射：[ 8  3  5  6 13 14  1 11 17  2  9  7  4 15 16  0 10 12]
  - 预测映射：[ 3  8  5  6 13 14  1 11  2  7 17  9  4 15 16  0 10 12]
[test_sample_08802] [T1x_rxn5182] ❌ 错误 | 原子数：18
  - 正确映射：[16  0 15 11  5  1  6  7  8  9  3  4 17  2 13 12 10 14]
  - 预测映射：[16  0 15 11  5  1  6  7  4  9  3  8 17 13  2 12 14 10]
[test_sample_08803] [T1x_rxn5183] ❌ 错误 | 原子数：18
  - 正确映射：[10  1  8 15 14  0  6  5  9 12  3  4 13 17 11 16  7  2]
  - 预测映射：[10  1  8 15 14  0  6  5  9 12  3  4 13 17 11  2  7 16]
[test_sample_08804] [T1x_rxn5184] ✅ 严格正确 | 原子数：18
[test_sample_08805] [T1x_rxn5185] ❌ 错误 | 原子数：18
  - 正确映射：[ 7  2  1 12 13  8  9 11 10  6 16 17 15 14  4  3  5  0]
  - 预测映射：[ 7  2  1 12 13  8  9 10  6 11 14 16 17 15  4  3  5  0]
[test_sample_08806] [T1x_rxn5707] ❌ 错误 | 原子数：18
  - 正确映射：[11  5  1  9 16 14  3  6 12  2 10  0  7 17  4  8 15 13]
  - 预测映射：[11  5  1 14  9 16  3  0 10 12  2  7 15 13 17  8  6  4]
[test_sample_08807] [T1x_rxn5708] ❌ 错误 | 原子数：18
  - 正确映射：[ 3 14 10  6 16 12  4  2  7 17  1 15  5  9 11  8 13  0]
  - 预测映射：[16 14 10  6  3 12  4  2  0  8 11 15  9  5  1 17 13  7]
[test_sample_08808] [T1x_rxn5709] ✅ 严格正确 | 原子数：18
[test_sample_08809] [T1x_rxn5710] ❌ 错误 | 原子数：18
  - 正确映射：[12  9 17  8 10 16 13  0  2  3  5  6  1  4 14  7 15 11]
  - 预测映射：[ 8 17  9 12 10 16 13 11  4  7  1 14  2  0  5  3 15  6]
[test_sample_08810] [T1x_rxn5711] ❌ 错误 | 原子数：18
  - 正确映射：[ 3 14  7 11  1 16  4  8  2  0 15  9 12  5 17  6 13 10]
  - 预测映射：[ 3 14  7 11  1 16  4  0  2 15  9  8 12  5 17  6 13 10]
[test_sample_08811] [T1x_rxn5961] ✅ 严格正确 | 原子数：18
[test_sample_08812] [T1x_rxn5962] ❌ 错误 | 原子数：18
  - 正确映射：[16  1  8 12  7  0 14 15  2  9  4 10  6 17 13  5 11  3]
  - 预测映射：[ 7 16 12  1  8  0 14  3  2 11  4  9 17 13  5 15 10  6]
[test_sample_08813] [T1x_rxn5963] ✅ 严格正确 | 原子数：18
[test_sample_08814] [T1x_rxn5964] ❌ 错误 | 原子数：18
  - 正确映射：[13  2  3 10  6  1  9 12  7 14 17 15  0 16  5 11  8  4]
  - 预测映射：[13  1  3 10  2  6  9 12 14 11 15  7 16  4  5  8 17  0]
[test_sample_08815] [T1x_rxn5965] ❌ 错误 | 原子数：18
  - 正确映射：[ 9 15 10 14 13  3 16  4  7  8  5  2  1 11  6 17 12  0]
  - 预测映射：[10  9 15 14 13  3 16  8  1  2  4  7  5 11  6 17 12  0]
[test_sample_08816] [T1x_rxn5966] ❌ 错误 | 原子数：18
  - 正确映射：[ 6  4  2  8  9 10  5 14 12  3 16  1  7 13 15  0 11 17]
  - 预测映射：[ 6  4  8  2  9 10  5 13 12  3  1 14 16 15 17 11  7  0]
[test_sample_08817] [T1x_rxn9521] ❌ 错误 | 原子数：18
  - 正确映射：[ 5  8  6  1 15 13 14  7  3  4 11 12  9  0 10 17  2 16]
  - 预测映射：[ 5  8  6  1 15 13 14  7  4  3 12 11  0  9  2 17 10 16]
[test_sample_08818] [T1x_rxn9522] ❌ 错误 | 原子数：18
  - 正确映射：[14 17 11 15  4  9  8  6  1  3  2 12  0 10  5 16  7 13]
  - 预测映射：[14 17 11 15  4  9  8  6  2  1 12  3  0 10  5 13  7 16]
[test_sample_08819] [T1x_rxn9596] ❌ 错误 | 原子数：18
  - 正确映射：[11 14  0  9 17 13  2 10 15  3  5  4  8  7 12 16  1  6]
  - 预测映射：[ 9 14  0 17 11 13  2  5 12  7  6  4 16  1 10  3  8 15]
[test_sample_08820] [T1x_rxn9597] ❌ 错误 | 原子数：18
  - 正确映射：[13 14  9 17 11  8 10  3  7  4  1 15  5 12  0  6  2 16]
  - 预测映射：[13 14  9 17 11  8 10  4  3  7 15 16  5 12  0  1  2  6]
[test_sample_08821] [T1x_rxn9598] ❌ 错误 | 原子数：18
  - 正确映射：[ 0  3 17  9  4 12  5 14  7 13 11 10 15  1  6  8  2 16]
  - 预测映射：[ 9 17 12  0  4  3  5  6  1 15 13  8 14  7  2 10 11 16]
[test_sample_08822] [T1x_rxn9631] ❌ 错误 | 原子数：18
  - 正确映射：[10  0 16  1 14  3  8  9  2 13  4  6 11 17 15 12  7  5]
  - 预测映射：[16  0 10  1 14  3  8  4  6 11  9  2 13 17  5  7 12 15]
[test_sample_08823] [T1x_rxn0618] ❌ 错误 | 原子数：18
  - 正确映射：[ 2  8 14  3  6  1  7  4  9 12 17 16 13 10  0  5 15 11]
  - 预测映射：[ 1  6  3 14  8  2 10 11 15  0  5 16 13 17 12  9  7  4]
[test_sample_08824] [T1x_rxn0619] ✅ 严格正确 | 原子数：18
[test_sample_08825] [T1x_rxn0620] ❌ 错误 | 原子数：18
  - 正确映射：[10 15 17 14  9  1  3  5  4 13  0  7 16  8 12  2  6 11]
  - 预测映射：[15 10  1  9 14 17  0  5 13  4  3 11 12  6  2  8  7 16]
[test_sample_08826] [T1x_rxn0621] ❌ 错误 | 原子数：18
  - 正确映射：[10 13  2  8 16 14  7 17  1  5 15  3  4  6 11  0 12  9]
  - 预测映射：[10 13  2  8 16 14  7 17  1  5 15  3  4 11  9  0 12  6]
[test_sample_08827] [T1x_rxn0622] ❌ 错误 | 原子数：18
  - 正确映射：[14 17  8 13 10  6  0  2  4  1 15 11  5  3 12 16  9  7]
  - 预测映射：[ 6 14 17  8 13 10  0  9  7  4  2  1 15  5 11 12 16  3]
[test_sample_08828] [T1x_rxn0677] ❌ 错误 | 原子数：18
  - 正确映射：[11 10  5  7  2 16  4  1 14 13 17  8  9  6 15 12  3  0]
  - 预测映射：[16  2  7  5 10 11  0  1  3 15 12  9  6  8 17 14 13  4]
[test_sample_08829] [T1x_rxn0678] ✅ 严格正确 | 原子数：18
[test_sample_08830] [T1x_rxn0679] ✅ 严格正确 | 原子数：18
[test_sample_08831] [T1x_rxn0680] ❌ 错误 | 原子数：18
  - 正确映射：[14 17 11 12 13 10  1  8  7 15 16  2  6  3  5  9  0  4]
  - 预测映射：[14 17 11 12 13 10  7  4  1 15 16  2  6  3  5  8  0  9]
[test_sample_08832] [T1x_rxn0681] ❌ 错误 | 原子数：18
  - 正确映射：[ 9  1  6 10  0  5 16 13 11 15  3  7  8 17  4 12 14  2]
  - 预测映射：[ 9  1  6 10  0  5  3 13 16 11 15  7  8 17  4 12 14  2]
[test_sample_08833] [T1x_rxn0682] ❌ 错误 | 原子数：18
  - 正确映射：[ 5  7 15  9  8  4  2  1 13 16  0 17 10 12 11 14  6  3]
  - 预测映射：[ 9  7 15  4  8  5 12 17  0 16 10 14  3  6 11  1  2 13]
[test_sample_08834] [T1x_rxn0683] ❌ 错误 | 原子数：18
  - 正确映射：[ 7 15 13 10  1  8  5  6 11  4 16 17 12  3  0 14  2  9]
  - 预测映射：[ 7 15 13 10  1  8  5 11  4 12 16  6  3 17  0 14  2  9]
[test_sample_08835] [T1x_rxn0684] ✅ 严格正确 | 原子数：18
[test_sample_08836] [T1x_rxn0685] ❌ 错误 | 原子数：18
  - 正确映射：[ 1  7 13 14 11  3 16  6  5 12  8  4  2  9 10 15  0 17]
  - 预测映射：[ 1  7 13 14 11  3 16  5  6 12  8  4  2  9 10 15  0 17]
[test_sample_08837] [T1x_rxn0686] ❌ 错误 | 原子数：18
  - 正确映射：[11  8  2 13  3 15  7 10  6  0 14  4 17  9  5 16 12  1]
  - 预测映射：[11  8  2 13  3 15  7 10  6  0 14  9 17  4  5 16 12  1]
[test_sample_08838] [T1x_rxn0799] ✅ 严格正确 | 原子数：18
[test_sample_08839] [T1x_rxn0800] ❌ 错误 | 原子数：18
  - 正确映射：[14  2 11  4  7 13  6  0 12 15 17  9  1  5  3 10  8 16]
  - 预测映射：[13  2  4 11 14  7  8 10 15  9 16  1  0 12  6  3 17  5]
[test_sample_08840] [T1x_rxn0801] ✅ 严格正确 | 原子数：18
[test_sample_08841] [T1x_rxn0802] ❌ 错误 | 原子数：18
  - 正确映射：[ 7  6  1 17 10  0 13 12  8  4 16 15  5  3  2 14  9 11]
  - 预测映射：[ 7  6  1 17 10  0 13  8  3  4 12 15  5 16  2 14  9 11]
[test_sample_08842] [T1x_rxn1405] ❌ 错误 | 原子数：18
  - 正确映射：[ 8  0  3 12  2  7 11 16 17  5  6 13 10  9 14  1  4 15]
  - 预测映射：[ 7 12  8  0  3  2  1 15  4  9 16 11 17  5 10 13 14  6]
[test_sample_08843] [T1x_rxn1406] ❌ 错误 | 原子数：18
  - 正确映射：[17 13  6 10 15  1  8 12 16  4  7  3 11  5  2  0 14  9]
  - 预测映射：[ 1 15 17 10  6 13 14 16  9  2  5  8 12  4 11  3  0  7]
[test_sample_08844] [T1x_rxn1407] ✅ 严格正确 | 原子数：18
[test_sample_08845] [T1x_rxn1408] ❌ 错误 | 原子数：18
  - 正确映射：[13  9  8 16 17 15 10  5  4 11 14  3  1  2  7 12  6  0]
  - 预测映射：[ 8  9 13 16 15 17 14  1  3 11 10  4  5  0  2  6 12  7]
[test_sample_08846] [T1x_rxn1409] ❌ 错误 | 原子数：18
  - 正确映射：[13  7  1 17  4  3 11  2 15 14  0  6 12 10  5  9  8 16]
  - 预测映射：[ 1  7 13 17  3  4  6 12  0 15 11 14  2  8 16 10  5  9]
[test_sample_08847] [T1x_rxn1410] ❌ 错误 | 原子数：18
  - 正确映射：[ 6  0  2  5  1  4 15 12 11  3 10  9 13 17  7 14  8 16]
  - 预测映射：[ 1  5  4  0  6  2 10  7 14 17 15  8 16  3 12 11  9 13]
[test_sample_08848] [T1x_rxn2035] ❌ 错误 | 原子数：18
  - 正确映射：[10 14  5 16  1 15  4 17  3  2 12  6  9 13  7  8  0 11]
  - 预测映射：[16  5 14  1 15 10  2  4 13  9  6 12  7  8 11  0 17  3]
[test_sample_08849] [T1x_rxn2036] ✅ 严格正确 | 原子数：18
[test_sample_08850] [T1x_rxn2037] ❌ 错误 | 原子数：18
  - 正确映射：[ 2 12 17 11  0  8 16  5  4  1 10  6  7  9 14 13  3 15]
  - 预测映射：[ 2 12 17  8  0 11 16  1  4  5 10  6 15  3 14 13  9  7]
[test_sample_08851] [T1x_rxn2038] ✅ 严格正确 | 原子数：18
[test_sample_08852] [T1x_rxn2236] ❌ 错误 | 原子数：18
  - 正确映射：[ 6  7 11 15 14 13 12  4  1  2  8  0  3 10  9 16  5 17]
  - 预测映射：[15 14 11 13  7  6 10  0  3  9 16 17 12  5  2  4  1  8]
[test_sample_08853] [T1x_rxn2237] ❌ 错误 | 原子数：18
  - 正确映射：[17  9  8  1  5 16  4  7 11  6 14  2 10  0 15 13  3 12]
  - 预测映射：[17  9 16  5  8  1 11  7  4 14  6 15 13 12  0  2 10  3]
[test_sample_08854] [T1x_rxn2541] ✅ 严格正确 | 原子数：18
[test_sample_08855] [T1x_rxn2542] ❌ 错误 | 原子数：18
  - 正确映射：[15  7 14  3  4 13 12 17  2  9  8 16  0 10  5  6  1 11]
  - 预测映射：[ 3  4 13 15  7 14  8  0 10  5  1 11  6 12  9 17 16  2]
[test_sample_08856] [T1x_rxn2543] ❌ 错误 | 原子数：18
  - 正确映射：[ 3 10  8 12 17  6 14  4 16  2  0  7 13  9  5  1 11 15]
  - 预测映射：[ 3 10  6 17  8 12 16  4 14  2 15 11  1  5  0 13  7  9]
[test_sample_08857] [T1x_rxn2544] ❌ 错误 | 原子数：18
  - 正确映射：[16  5 13 10 14  4  6  8  7  0  2  9  1 15  3 11 12 17]
  - 预测映射：[16  5 10 13 14  4  6  0  7  8 15  9  2  3  1 12 11 17]
[test_sample_08858] [T1x_rxn2830] ❌ 错误 | 原子数：18
  - 正确映射：[16 14  1 15  9 11  4  3  5 12 13  2  7 17  6  8 10  0]
  - 预测映射：[15  1  9 11 14 16  2 17 13  6  7  0  8 10 12  3  5  4]
[test_sample_08859] [T1x_rxn2831] ❌ 错误 | 原子数：18
  - 正确映射：[12  4  7  3  0  1 16 13 15  2  8  6 11 10  9 17 14  5]
  - 预测映射：[ 3  7  0  1  4 12  6 11 10  8  9  5 17 14  2 13 15 16]
[test_sample_08860] [T1x_rxn2832] ❌ 错误 | 原子数：18
  - 正确映射：[ 5  6 14 13  4 17  7 15  3 12 16  2 11  8  9  1 10  0]
  - 预测映射：[ 5  6  4 17 14 13 12  3 15  7 10  0  1  9 16 11  2  8]
[test_sample_08861] [T1x_rxn2833] ❌ 错误 | 原子数：18
  - 正确映射：[ 1  5  7 14  4 11 13 16  2  8  0 15  3 10 12  6  9 17]
  - 预测映射：[11  4  5  1  7 14 17  6  9 12  8  2 13 16  0  3 10 15]
[test_sample_08862] [T1x_rxn3627] ❌ 错误 | 原子数：18
  - 正确映射：[ 2  3 14 15  8  0  1  9  7 17  5 13 12 11 16  4 10  6]
  - 预测映射：[ 2  3 14 15  8  0  1  5  9 11 12 13 16  4  6 17  7 10]
[test_sample_08863] [T1x_rxn3628] ❌ 错误 | 原子数：18
  - 正确映射：[ 7 12 10 11  8  6 14 17  1  4  2  3  5 15  9 16  0 13]
  - 预测映射：[ 7 12  6 10 11  8  1 17 14  4 13  0 15 16  2  3  9  5]
[test_sample_08864] [T1x_rxn3629] ❌ 错误 | 原子数：18
  - 正确映射：[10  1  5  3 12  8  4 17  6  7  2  9 11 15 16  0 13 14]
  - 预测映射：[ 3 12  8  1 10  5  2 15  9 11 16  0 14 13 17  6  7  4]
[test_sample_08865] [T1x_rxn3630] ❌ 错误 | 原子数：18
  - 正确映射：[13  0 15 11  8  6 14  1  9  2  5  4 10  7 16 17  3 12]
  - 预测映射：[13  0 15 11  8  6 14  1  9  3  5  4 10  7 16 17 12  2]
[test_sample_08866] [T1x_rxn3907] ❌ 错误 | 原子数：18
  - 正确映射：[ 7  2  9 17 16  4 11 10 12  1 15  3  0  5  6 14  8 13]
  - 预测映射：[16 17  4  2  7  9 14  6  5  0 13  8  3 12 10 11  1 15]
[test_sample_08867] [T1x_rxn3908] ❌ 错误 | 原子数：18
  - 正确映射：[ 5  6  4 10  1  9 14 11  8  3  7  2 17 15 16 13 12  0]
  - 预测映射：[ 1 10  4  6  5  9 13 15 16 17  7  2  3 11  8 14 12  0]
[test_sample_08868] [T1x_rxn3909] ❌ 错误 | 原子数：18
  - 正确映射：[12  1  5  4 13  3  7  0 14  9 17  6  2 15 16 11  8 10]
  - 预测映射：[ 1  5 12  3 13  4  8  9 14  6  0  7 17 11 15 16  2 10]
[test_sample_08869] [T1x_rxn3924] ❌ 错误 | 原子数：18
  - 正确映射：[ 7  0  5 15 11  9 10  8  6  2 12 16 13  4  3  1 17 14]
  - 预测映射：[15  0  5  7  9 11 13  4  6 12  2 16 10  8 17 14  3  1]
[test_sample_08870] [T1x_rxn3925] ❌ 错误 | 原子数：18
  - 正确映射：[17  1  9 12  6 14  3 11  4  5  8 10 13  0 15  7  2 16]
  - 预测映射：[17  1  6 12  9 14 11  3  4  2  7 15  0 13 10  8  5 16]
[test_sample_08871] [T1x_rxn3926] ❌ 错误 | 原子数：18
  - 正确映射：[ 4 10  3  2  0  5  7  6  1  8 13  9 14 11 12 16 15 17]
  - 预测映射：[ 4 10  3  2  0  5  7  6  1  8 13  9 11 14 12 16 15 17]
[test_sample_08872] [T1x_rxn3927] ❌ 错误 | 原子数：18
  - 正确映射：[ 3 15  0  2 12  1 17 14  4  5 10  7  8  9 11 13 16  6]
  - 预测映射：[ 0  1 12 15  3  2 10  7  5 13 11  6 17 16  4 14  8  9]
[test_sample_08873] [T1x_rxn3928] ❌ 错误 | 原子数：18
  - 正确映射：[13  9  5  8  6 15 12  1  0 16 10  2  4  7  3 14 17 11]
  - 预测映射：[13  9  8 15  6  5  0 12  1  2 14  4  7 17 11  3 16 10]
[test_sample_08874] [T1x_rxn9006] ❌ 错误 | 原子数：18
  - 正确映射：[ 6  1 10  3  0 12  9 11 17 14  4  8 13  2 15  7  5 16]
  - 预测映射：[10  1  6 12  0  3  4  8 14 11 17  9 13 16  7 15  5  2]
[test_sample_08875] [T1x_rxn9013] ❌ 错误 | 原子数：18
  - 正确映射：[ 6  8  9 17 15  0  1 11  5 10 12 16  7 14  2  3 13  4]
  - 预测映射：[ 0 15 17  9  8  6  3  4 13 10  2  7 16 14 12  1  5 11]
[test_sample_08876] [T1x_rxn9364] ❌ 错误 | 原子数：18
  - 正确映射：[ 6  1 14 13  5  7 15 16  3  8  0  2  4  9 17 12 11 10]
  - 预测映射：[14  1  6  7  5 13  0 16  2 15  3  8 10 11 12 17  9  4]
[test_sample_08877] [T1x_rxn9365] ❌ 错误 | 原子数：18
  - 正确映射：[ 4 13  9 15  0 12  3  7  2 16 14  6 17 10  8 11  1  5]
  - 预测映射：[ 0 12 13  4  9 15 11  5  8  1  2 16  7  3 14  6 10 17]
[test_sample_08878] [T1x_rxn10001] ❌ 错误 | 原子数：19
  - 正确映射：[ 2 12  9 16  5  7 11 17 14 10  8 18  3 13  1  4  6 15  0]
  - 预测映射：[12  2  9 16  5  7 11 17  8 18 14 10  3  6  1  4 13 15  0]
[test_sample_08879] [T1x_rxn10062] ❌ 错误 | 原子数：19
  - 正确映射：[18  0 14 11  6 15  2  8 17  9 13  7  1  4 10  3 16  5 12]
  - 预测映射：[ 0 18 14 15  6 11  2  8  7  9 13 17  5  3 16 12 10  4  1]
[test_sample_08880] [T1x_rxn10063] ❌ 错误 | 原子数：19
  - 正确映射：[12 13  0  6  8 14  3  2 11  5  9  4  1 10 18 17  7 15 16]
  - 预测映射：[14  8  6  0 12 13  3 17 15  7 10 18 16  1 11  5  9  4  2]
[test_sample_08881] [T1x_rxn10064] ❌ 错误 | 原子数：19
  - 正确映射：[15  9  6 13  1  5  4 12  0 10 11 16 14  3  7  2 17 18  8]
  - 预测映射：[15  9  6  5  1 13  4 10 16 12 14  0 11  8 17  2  3  7 18]
[test_sample_08882] [T1x_rxn4964] ❌ 错误 | 原子数：19
  - 正确映射：[13  8 15  4  2 16 18  6 14  1 12 10  7  5  0  9 17 11  3]
  - 预测映射：[18  2 13  4 16 15  8  3 17 11  1 14  5 12 10  0  7  9  6]
[test_sample_08883] [T1x_rxn4965] ❌ 错误 | 原子数：19
  - 正确映射：[13 17 16 18  3 15  6  8  2 12 11  9  1 14  0  4 10  7  5]
  - 预测映射：[13 17 16 18  3  6 15 12  2  7  9  8  1  5 14 11  0  4 10]
[test_sample_08884] [T1x_rxn4966] ❌ 错误 | 原子数：19
  - 正确映射：[ 1  5 10 16  6  8 11 18 13  7 17  3  2 14  9  0 15  4 12]
  - 预测映射：[ 1  6  8 16  5 10 11 13 18  7  0 15  9 17  3  2  4 12 14]
[test_sample_08885] [T1x_rxn4967] ❌ 错误 | 原子数：19
  - 正确映射：[ 0 10  3  6  7  2 14 16  8  1 12  5 11  4  9 13 15 17 18]
  - 预测映射：[14  7  2  6 10  0  3 17 15 18 13  4  9  1 16  8 11  5 12]
[test_sample_08886] [T1x_rxn4968] ❌ 错误 | 原子数：19
  - 正确映射：[15  2 17 13 12  7  1 18 16  3  6  5  9  8 11  0 10 14  4]
  - 预测映射：[15  2 17 13 12  7  1  9 11 18  6 10  5 16  8  0  4 14  3]
[test_sample_08887] [T1x_rxn5010] ❌ 错误 | 原子数：19
  - 正确映射：[ 4 15  9  7 11  8 13  6  1  2  0  5 16 10 14  3 18 12 17]
  - 预测映射：[ 4 15  9  7 11  8 13  0  1  6 16  5 10 14 12  3 18  2 17]
[test_sample_08888] [T1x_rxn5011] ❌ 错误 | 原子数：19
  - 正确映射：[12  6  1  5 13  0 14  2 16 11 18  8 15  9 10  3  4  7 17]
  - 预测映射：[12  6  1 14 13  5  0  2 16 11 18 17 15  8  9  3 10  4  7]
[test_sample_08889] [T1x_rxn5012] ❌ 错误 | 原子数：19
  - 正确映射：[16  5  7  6 12  2 17  1  3 14 13  8  9 10 18  4 11  0 15]
  - 预测映射：[ 6  5  7 16 12 17  2  1  8  9 14 13  3  0 18 15  4 10 11]
[test_sample_08890] [T1x_rxn5013] ❌ 错误 | 原子数：19
  - 正确映射：[ 5 10  0  3 17  6 18  7  1 13  9  8 15 16 12  2  4 11 14]
  - 预测映射：[ 3 10  0 18 17  6  5  8  9  7 15 11 14 16 12  2  1 13  4]
[test_sample_08891] [T1x_rxn5014] ❌ 错误 | 原子数：19
  - 正确映射：[16  1  9  5 10 18 14  7  8 13 12 15  4  6  0  3 17 11  2]
  - 预测映射：[16  5  9 18 10 14  1  4 13  7 15  6  3  2 11 17  8 12  0]
[test_sample_08892] [T1x_rxn5015] ✅ 严格正确 | 原子数：19
[test_sample_08893] [T1x_rxn5016] ❌ 错误 | 原子数：19
  - 正确映射：[17  8 16  2 13  4 12  6  0  3  7 18 14  9 10  1 15  5 11]
  - 预测映射：[17 13 16 12  2  4  8  3  6  0 18  5 11 14  9  1 10  7 15]
[test_sample_08894] [T1x_rxn5017] ✅ 严格正确 | 原子数：19
[test_sample_08895] [T1x_rxn5018] ❌ 错误 | 原子数：19
  - 正确映射：[ 0  7  5 17  6  1 12  8  2 18  3 15 13 10  4 11 14  9 16]
  - 预测映射：[ 0  7  5 17  6  1 12  8  2 18  3 13 10  4 14 11  9 15 16]
[test_sample_08896] [T1x_rxn5019] ❌ 错误 | 原子数：19
  - 正确映射：[ 8  3 18  0 15 11  1  6  5 14  4  9 17  7 10 13  2 16 12]
  - 预测映射：[11  0 18  8 15  3  1  9 13 12 17 14  6  4  7  5 10 16  2]
[test_sample_08897] [T1x_rxn5124] ❌ 错误 | 原子数：19
  - 正确映射：[ 9  7 10 17 12  4  8 18  5 14 16 11  2  6  3 13 15  1  0]
  - 预测映射：[ 9  7 10 17 12  4  8  5 13  1 18  2 14  6  3 16 11  0 15]
[test_sample_08898] [T1x_rxn5125] ❌ 错误 | 原子数：19
  - 正确映射：[ 9 17  3  2  4  0 13 18 16  5 11 12  8 15  1 14 10  7  6]
  - 预测映射：[ 9 17 13  0  4  3  2 18 11  5 16  7  6 10 14  1 12  8 15]
[test_sample_08899] [T1x_rxn5126] ❌ 错误 | 原子数：19
  - 正确映射：[10 12  7  8  4  2  5 17 13 15  9  6 11  3 14  0  1 18 16]
  - 预测映射：[10 12  2  5  4  8  7 13 17 15  9 18  0  1 16 14  6 11  3]
[test_sample_08900] [T1x_rxn5127] ❌ 错误 | 原子数：19
  - 正确映射：[ 3 15  7 13 17  6 14  0 11  8 16  4  2  9  1  5 18 12 10]
  - 预测映射：[ 3  7 15 13 17  6 14  0  8 11  2  5 16  1  9  4 10 12 18]
[test_sample_08901] [T1x_rxn5128] ❌ 错误 | 原子数：19
  - 正确映射：[18 12 16  3  4 17  2  5 10  0  7  8 14  9 11  6 15  1 13]
  - 预测映射：[18 12  2 17  4 16  3 10  0  5 15  7  1  6 13  8 11 14  9]
[test_sample_08902] [T1x_rxn5129] ❌ 错误 | 原子数：19
  - 正确映射：[ 2  4 13 16  7  5 15 12  0 17 11  6 10  8  9  3 14 18  1]
  - 预测映射：[13  4  5 15  7  2 16 11 12 10  0  3 18  1 14 17  6  8  9]
[test_sample_08903] [T1x_rxn5130] ❌ 错误 | 原子数：19
  - 正确映射：[13  0 15  2  1  9  7 18 17  4 16  3 14 10 11 12  6  5  8]
  - 预测映射：[13  0  2 15  1  9  7 17 16  4 18 11 10 14  3 12  6  5  8]
[test_sample_08904] [T1x_rxn5131] ❌ 错误 | 原子数：19
  - 正确映射：[ 6  9 12  5 13  4 17  7 18  8 16 14  0  2 11 10  1 15  3]
  - 预测映射：[ 6 12  4 17 13  5  9  8  7 18  0 14 15  3  1  2 10 16 11]
[test_sample_08905] [T1x_rxn5132] ❌ 错误 | 原子数：19
  - 正确映射：[17  7 11  5  6 15  0 18 10  8  2  3 13  4  9 12 16  1 14]
  - 预测映射：[17  7 11  5  6 15  0 18  8 10  3  2 13  9  4 14 12 16  1]
[test_sample_08906] [T1x_rxn5133] ❌ 错误 | 原子数：19
  - 正确映射：[ 7 11  1  6 17 12 13  9  3 14  8 15 18 10  4  2  5 16  0]
  - 预测映射：[13 12  1  6 17 11  7  0  5 16 15  2  4 18 10 14  8  3  9]
[test_sample_08907] [T1x_rxn5134] ❌ 错误 | 原子数：19
  - 正确映射：[ 5  1 16 10 17  2 12 14 13  4  8  7 15 18  9  6  0 11  3]
  - 预测映射：[ 5  1  2 12 17 10 16 13 14  4  8 11  6  0  3  9  7 15 18]
[test_sample_08908] [T1x_rxn5135] ✅ 严格正确 | 原子数：19
[test_sample_08909] [T1x_rxn5731] ❌ 错误 | 原子数：19
  - 正确映射：[ 9  3  4  6  5  2 11  0 10 18  1 15 14 16 12 13  7 17  8]
  - 预测映射：[ 9  3  4  6 11  5  2 10 15 18  1 14  0  8  7 16 13 17 12]
[test_sample_08910] [T1x_rxn5732] ❌ 错误 | 原子数：19
  - 正确映射：[12  8  6 10  3  9  2 18 13  4  0  5 15  1 16 14 17  7 11]
  - 预测映射：[12  8  6 10  3  9  2 18 13  4  0  5 16  1 15 14 17  7 11]
[test_sample_08911] [T1x_rxn5733] ✅ 严格正确 | 原子数：19
[test_sample_08912] [T1x_rxn5734] ❌ 错误 | 原子数：19
  - 正确映射：[ 9 15 17 18 10 12 11  7 16  1 14  4  6  5  8 13  3  2  0]
  - 预测映射：[ 9 15 17 18 10 11 12  7  1 16  6  4 14  5  3  0  8  2 13]
[test_sample_08913] [T1x_rxn5735] ❌ 错误 | 原子数：19
  - 正确映射：[ 1 10 12  6  3  4 11 14  9  0 13 18  2 15 17 16  7  5  8]
  - 预测映射：[ 1 10 12  6  3  4 11  0  9 14 18  7 13  2 17 15 16  5  8]
[test_sample_08914] [T1x_rxn5736] ❌ 错误 | 原子数：19
  - 正确映射：[ 5  6  0  9 15  7  1 17  8 11 18 12 13  2  3  4 10 16 14]
  - 预测映射：[ 7 15  0  9  5  6  1 13  3  4 18  2 12 17  8 11 16 10 14]
[test_sample_08915] [T1x_rxn5737] ❌ 错误 | 原子数：19
  - 正确映射：[18  3 11 14  1  6  4 13 17  9  0 12  2 15  5 16  7  8 10]
  - 预测映射：[18  3 11 14  1  6  4 13 17  9  0 12  2 15 16  5  7  8 10]
[test_sample_08916] [T1x_rxn5738] ❌ 错误 | 原子数：19
  - 正确映射：[ 9  0 10  6  5  8  3  2 12 15 14  7  1 16 13 11 17 18  4]
  - 预测映射：[ 9  0 10  6  5  8  3  2 12 15 14 11  1 16 13 18 17  4  7]
[test_sample_08917] [T1x_rxn5739] ❌ 错误 | 原子数：19
  - 正确映射：[10  2 16 15 17  4 12 11 13  1  8 14  6  5 18  3  9  7  0]
  - 预测映射：[12  4 16 17 15  2 10  7  9  0  5 14  3 18  6  1  8 11 13]
[test_sample_08918] [T1x_rxn5740] ❌ 错误 | 原子数：19
  - 正确映射：[18  0 16  5  6 11  7  8 10 13 17  4  3 12  1  9 15  2 14]
  - 预测映射：[18  0 16  5  6 11  7  8 10 13 17  4  3 12  1 14 15  2  9]
[test_sample_08919] [T1x_rxn5741] ❌ 错误 | 原子数：19
  - 正确映射：[16 17  6 14  7  1 11 12 10 13  9  5  2  3  8 15  0 18  4]
  - 预测映射：[17 16  6 14 11  1  7  5 13  2 10 12  9  4 18 15  0  3  8]
[test_sample_08920] [T1x_rxn5742] ❌ 错误 | 原子数：19
  - 正确映射：[11 13 18 14 12  4  0  5  8  1  9  3  2 10 17 16  7 15  6]
  - 预测映射：[11 13 18 14 12  4  0  5  8  1  9  3  2 10 17 16 15  6  7]
[test_sample_08921] [T1x_rxn5743] ❌ 错误 | 原子数：19
  - 正确映射：[10  0 12 13  5 17  3  7 11  2 15  6  1 18  4  8  9 16 14]
  - 预测映射：[10  5 12 13  0 17  3 11  7  2 18  4  1 15  6  8  9 14 16]
[test_sample_08922] [T1x_rxn5821] ✅ 严格正确 | 原子数：19
[test_sample_08923] [T1x_rxn5822] ✅ 严格正确 | 原子数：19
[test_sample_08924] [T1x_rxn5823] ❌ 错误 | 原子数：19
  - 正确映射：[ 0  7 16  5 12 18  4  6  2 10 17 11 13  8 14  1  9  3 15]
  - 预测映射：[ 0  7 16  5 12 18  4  6  2 10 17 11 13  9  8 14  3  1 15]
[test_sample_08925] [T1x_rxn5824] ❌ 错误 | 原子数：19
  - 正确映射：[ 0  9  6  7  5 11  2  8 18 16 10  3 12 15 17  1 14  4 13]
  - 预测映射：[ 9  7  6  0  5 11  2 10  8 16 18  3 12 15 17  1 13 14  4]
[test_sample_08926] [T1x_rxn5825] ❌ 错误 | 原子数：19
  - 正确映射：[ 4 17  0 10  2 15  3 12  7  5  6 13  9 11 16 14  8 18  1]
  - 预测映射：[ 0  4 17 10  2 15  3  9  5 13 12 11  6  1 16 14  8  7 18]
[test_sample_08927] [T1x_rxn5826] ❌ 错误 | 原子数：19
  - 正确映射：[ 2 12  0 13  9 14  7  8  5  4 10  1 11 18 15 16  6  3 17]
  - 预测映射：[ 2 12  0 13  9 14  7 11  8  4 10  1 18 17 15 16  6  5  3]
[test_sample_08928] [T1x_rxn5827] ✅ 严格正确 | 原子数：19
[test_sample_08929] [T1x_rxn5828] ❌ 错误 | 原子数：19
  - 正确映射：[ 6  4 16 17  2  0 13 18  5 15  9 10 11  1  7  8 14  3 12]
  - 预测映射：[13  0 16 17  2  4  6  3  8 12  9  1 14 11 10  7 18  5 15]
[test_sample_08930] [T1x_rxn5829] ❌ 错误 | 原子数：19
  - 正确映射：[ 6  7 17 15 10  2 16  4  3 12  1  8 14 18  5  0  9 13 11]
  - 预测映射：[ 6  7 17 15 10  2 16  4 12 14  3  8  1 18  5  0  9 13 11]
[test_sample_08931] [T1x_rxn5830] ❌ 错误 | 原子数：19
  - 正确映射：[11 10  3  7  1 17 13  9 15  5 14  4  6 16  0  8  2 18 12]
  - 预测映射：[ 3 10 11  7  1 17 13  6 16  4 14  5  9 15  0  8 12 18  2]
[test_sample_08932] [T1x_rxn5831] ❌ 错误 | 原子数：19
  - 正确映射：[10 12  3  5  8  7  1 18 15  9 16  4 17  2 13 11  6  0 14]
  - 预测映射：[10 12  3  5  8  7  1  9 15 18 13 17  4  2 16  6 11  0 14]
[test_sample_08933] [T1x_rxn5832] ✅ 严格正确 | 原子数：19
[test_sample_08934] [T1x_rxn5833] ❌ 错误 | 原子数：19
  - 正确映射：[10  9  2  4  1  0  7  5 13  6 18 11 12  3 14 17 15  8 16]
  - 预测映射：[10  9  2  4  1  0  7  5 13  6 18 11 12  3 14 17  8 16 15]
[test_sample_08935] [T1x_rxn5940] ❌ 错误 | 原子数：19
  - 正确映射：[ 1  5 13 12 15  0 11  6  3  4 10 17  9  7 14 18 16  8  2]
  - 预测映射：[ 1  5  0 12 13 11 15 18  3  6 16  4  8 17 10  2  7 14  9]
[test_sample_08936] [T1x_rxn5941] ❌ 错误 | 原子数：19
  - 正确映射：[ 1  7  3 11  9 18  2  6 14 17  5  4 15 16 12 13 10  0  8]
  - 预测映射：[ 1  7  3 11 18  9  2  4 14 17 15  5  6 13 10 16 12  0  8]
[test_sample_08937] [T1x_rxn5942] ❌ 错误 | 原子数：19
  - 正确映射：[16 11 15 12 17  5  0  2  4 10  1 13  7  3 14 18  9  6  8]
  - 预测映射：[16 11 15 12 17  0  5  4  2 10 13  1  3 18  7  8 14  6  9]
[test_sample_08938] [T1x_rxn5943] ❌ 错误 | 原子数：19
  - 正确映射：[17 10 12 16  8  7  0 15 11  4  1 18  9  3 14  6  5 13  2]
  - 预测映射：[17 10 12  7  0  8 16 11 15  4 18  1  6 13  2  5 14  9  3]
[test_sample_08939] [T1x_rxn5944] ❌ 错误 | 原子数：19
  - 正确映射：[12 11  0  9  3  8 17  4  5  1 14 15  7 16  6 18 10  2 13]
  - 预测映射：[ 8 11  0  9 17  3 12  7 14 18 15  2 10 13 16  6  1  4  5]
[test_sample_08940] [T1x_rxn6255] ❌ 错误 | 原子数：19
  - 正确映射：[18  4 10  1  0  3  7  8 17 11 12  9 15  6 14  5 16 13  2]
  - 预测映射：[10  4 18  1  0  3  7  9 17 15 12  8 11 14  6  5 13 16  2]
[test_sample_08941] [T1x_rxn6256] ❌ 错误 | 原子数：19
  - 正确映射：[ 4 13 18  3  5 17 12 14  1  6  8 11  2  0  9  7 10 15 16]
  - 预测映射：[ 4 13 18  3  5 17 12 14  1  6  8 11  2  0  7  9 10 15 16]
[test_sample_08942] [T1x_rxn6257] ❌ 错误 | 原子数：19
  - 正确映射：[12 18  6  9 11 10  4  1 14  7 17  8  2 13 16  5 15  0  3]
  - 预测映射：[12 18  6  9 11 10  4  1 14  7 17  8  2 13 16  0 15  5  3]
[test_sample_08943] [T1x_rxn6258] ❌ 错误 | 原子数：19
  - 正确映射：[ 8 13 10 15  2 18  3 14  5 16  9 12  7  4 17 11  1  0  6]
  - 预测映射：[ 8 13 10 15  2 18  3 14  5 16  9 12  7  4 17  0 11  1  6]
[test_sample_08944] [T1x_rxn6259] ❌ 错误 | 原子数：19
  - 正确映射：[10 17  2  8  5  1 14 13 15  9  6 18  3 11 12  4  0 16  7]
  - 预测映射：[10 17  2  8  1  5 14 13 15  6  9 18 11  3 12  4 16  0  7]
[test_sample_08945] [T1x_rxn6260] ✅ 严格正确 | 原子数：19
[test_sample_08946] [T1x_rxn6261] ❌ 错误 | 原子数：19
  - 正确映射：[ 2  4  7 18  8 14 17 16 11  5  9 15  1 12  3  0 10 13  6]
  - 预测映射：[ 8 14 18  4  2  7 17  9  0 10 13  3  1 16 12  5 11 15  6]
[test_sample_08947] [T1x_rxn6262] ❌ 错误 | 原子数：19
  - 正确映射：[ 3 18 14  1  6  2 15 13  4  8  7 16 17 10  9  0  5 11 12]
  - 预测映射：[ 3 18 14  1  6  2 15 12  4 13  7  8 16 10 17  0  5  9 11]
[test_sample_08948] [T1x_rxn6263] ❌ 错误 | 原子数：19
  - 正确映射：[14 18  2 11 15  6  3  7  9  0  1  4  8 17 13 16 10 12  5]
  - 预测映射：[ 2 18 14 11  6 15  3 17  4  8  1  9  0  7 13 12  5 16 10]
[test_sample_08949] [T1x_rxn6264] ❌ 错误 | 原子数：19
  - 正确映射：[ 1  7  0 18  3 13 11 17  9 15 10 14  4 12 16  5  2  6  8]
  - 预测映射：[ 3 18  0  7  1 13 11  2 12  5 10 14  4  9 16 15 17  6  8]
[test_sample_08950] [T1x_rxn6265] ❌ 错误 | 原子数：19
  - 正确映射：[ 0  8  4 11  7  5  9  1 14 13 16 15 10  3 17 12  6  2 18]
  - 预测映射：[ 0  8  4 11  7  5  9  1 14 13 16 15 10  3  2 12  6 17 18]
[test_sample_08951] [T1x_rxn6266] ✅ 严格正确 | 原子数：19
[test_sample_08952] [T1x_rxn6267] ❌ 错误 | 原子数：19
  - 正确映射：[ 2  8  5  9 11 12  1  7 15  3  4 16 17  0 14 10  6 18 13]
  - 预测映射：[ 9  8  5 11  2 12  1 10 14 17  6  0 16  4  3  7 15 13 18]
[test_sample_08953] [T1x_rxn6337] ❌ 错误 | 原子数：19
  - 正确映射：[18  2 14  7 17  8 15  3  5 11 12  6  9 16 10  1 13  4  0]
  - 预测映射：[18  2 14 15  8 17  7  3 11  5  1  0  4 16 13 10  6  9 12]
[test_sample_08954] [T1x_rxn6338] ❌ 错误 | 原子数：19
  - 正确映射：[ 8 13 17 14  5  0  2 15  9  3  7 18 11  4 12  6  1 16 10]
  - 预测映射：[ 8 13 17 14  5  0  2  9 15  3  7 18 11  4 12  6  1 16 10]
[test_sample_08955] [T1x_rxn6339] ❌ 错误 | 原子数：19
  - 正确映射：[ 1 17 14 13 11  7  4  5  6  0 15  8 12  2 16 18 10  9  3]
  - 预测映射：[ 1 17 14 13 11  7  4  0  5  6 15  8 12  2 16 18 10  9  3]
[test_sample_08956] [T1x_rxn6340] ❌ 错误 | 原子数：19
  - 正确映射：[ 8  1  2 15  4  9  5 17 14 13  7  3  6 16 10 18 11  0 12]
  - 预测映射：[ 8  1  2 15  4  9  5 17 14 13  7  6 16 10  3 18 12 11  0]
[test_sample_08957] [T1x_rxn6341] ❌ 错误 | 原子数：19
  - 正确映射：[14 16  7  6  9  1  4 15 18  2  0 10 13  3  8  5 11 12 17]
  - 预测映射：[ 7 16  6 14  4  1  9 15 18  0  2 17 13 12 11  5  3 10  8]
[test_sample_08958] [T1x_rxn6342] ❌ 错误 | 原子数：19
  - 正确映射：[ 1 12  9  7  0  3  5 16  4 11 14 17 18 10  8 15  6 13  2]
  - 预测映射：[ 1 12  9  7  0  3  5  4 16 11 18 17 14  8 10 13  6 15  2]
[test_sample_08959] [T1x_rxn6343] ❌ 错误 | 原子数：19
  - 正确映射：[ 5  0  6  3  8 18 10 17 14 13  1 11  7  4 15  2  9 16 12]
  - 预测映射：[ 5  0  6 10 18  8  3 17 13 14  1 12 16  9  2 15  4  7 11]
[test_sample_08960] [T1x_rxn6344] ❌ 错误 | 原子数：19
  - 正确映射：[ 3 15 10 17  9  4  6  1 12  8 13  5 11  2 18 14  7 16  0]
  - 预测映射：[ 3 15 10  9 17  4  6  1 12  8 11 18  2 14  5 13  7 16  0]
[test_sample_08961] [T1x_rxn6539] ❌ 错误 | 原子数：19
  - 正确映射：[ 8  0  4 12 10  3 16 11 14 15  1 18  5  2  9  6  7 13 17]
  - 预测映射：[ 8  0  4 12 10  3 16 15 11 14  1 18  5  2  9  6  7 13 17]
[test_sample_08962] [T1x_rxn6540] ❌ 错误 | 原子数：19
  - 正确映射：[ 0 18  7  3 17 13  2  9 16 15  1 11 10  8 12  6  4 14  5]
  - 预测映射：[ 0  2  7 17 13  3 18  8  1 15  5  4 12 14  6 11 10  9 16]
[test_sample_08963] [T1x_rxn6541] ❌ 错误 | 原子数：19
  - 正确映射：[ 0  5 13 16 17  9 14  2 15 10  6 18  7 12  3  1 11  4  8]
  - 预测映射：[ 0  5 13 14  9 17 16  2 15 18  6  4  1 10  8 11  3  7 12]
[test_sample_08964] [T1x_rxn6542] ❌ 错误 | 原子数：19
  - 正确映射：[ 4  5  9 15  1 13 16 12  8  6 18  2  0  7  3 10 17 11 14]
  - 预测映射：[ 4  5  9 16 13  1 15  6  8 12 14 11 10 17  3  2  7  0 18]
[test_sample_08965] [T1x_rxn6543] ❌ 错误 | 原子数：19
  - 正确映射：[18 11  0  6 15 13  8  5  9 12  2 10 17 14  3 16  4  7  1]
  - 预测映射：[11  6  0 15 13  8 18  2 12  5 10  3 14 16  4  1  7  9 17]
[test_sample_08966] [T1x_rxn6544] ❌ 错误 | 原子数：19
  - 正确映射：[ 7  4 13 14  3  5  2 18 16  1 12 15  9  6  0 11 17 10  8]
  - 预测映射：[ 3  5 13  7  4 14  2 12  6 17  8  1  0 16 18 15  9 11 10]
[test_sample_08967] [T1x_rxn6545] ❌ 错误 | 原子数：19
  - 正确映射：[14 15  6  1 18  2  9 13  5  3 17  8 11  0 12  7  4 10 16]
  - 预测映射：[14 15  6  2 18  1  9  3  5 13 17  4 16 12  7  8 11 10  0]
[test_sample_08968] [T1x_rxn6546] ❌ 错误 | 原子数：19
  - 正确映射：[14  3 16 10  7  1  9  4  6 13 18  5 15 11  2 17  8 12  0]
  - 预测映射：[14  3 16  9  1  7 10 13 12  6  4 18  0 11  8 17  2  5 15]
[test_sample_08969] [T1x_rxn6547] ❌ 错误 | 原子数：19
  - 正确映射：[14 16  7  3  9 10 11 13 15  6  8  5  1 12 17  2 18  0  4]
  - 预测映射：[14 16  7 11 10  9  3 15  6 13  0 18  4  2 17 12  5  8  1]
[test_sample_08970] [T1x_rxn6548] ❌ 错误 | 原子数：19
  - 正确映射：[ 2  5 11  6 14 13 17  8  7  9 15  4 16 10  3 12  0  1 18]
  - 预测映射：[14 13 11  5  6  2 17 10  3 12  0 15 16  8  4  7  9  1 18]
[test_sample_08971] [T1x_rxn7099] ❌ 错误 | 原子数：19
  - 正确映射：[ 2 10  0  6 15  7  9 13  3 14 17  8  5  1 16  4 12 11 18]
  - 预测映射：[ 2 10  0  6 15  7  9 13  3 14 17  8  5  1  4 16 12 11 18]
[test_sample_08972] [T1x_rxn7100] ❌ 错误 | 原子数：19
  - 正确映射：[18  7 17 14 13  0 10  8  6  2  9  5  4 11  3 16 12  1 15]
  - 预测映射：[18  7 17 14 10  0 13  5  6  2  9  8 15  1 12  4  3 16 11]
[test_sample_08973] [T1x_rxn7101] ❌ 错误 | 原子数：19
  - 正确映射：[18 13 10  0  6 16 17  9  2 15  7  4 12  3  8  1  5 11 14]
  - 预测映射：[18 13 10  0  6 16 17  9  2 15  7  4 14  3  8 12  5  1 11]
[test_sample_08974] [T1x_rxn7102] ❌ 错误 | 原子数：19
  - 正确映射：[13  1 12 18 16  9 11  5  2  7 17  3 10 14  0  4  6  8 15]
  - 预测映射：[13  1 12 18 16  9 11  3  2  7 17  5 10  4  0 14 15  8  6]
[test_sample_08975] [T1x_rxn7103] ❌ 错误 | 原子数：19
  - 正确映射：[14  9  7 12 16 17  4  3  1  6 11 18 10  8 15 13  2  0  5]
  - 预测映射：[14  9  7 12 17 16  4  6  1  3 11  2 10 18 15  8  5  0 13]
[test_sample_08976] [T1x_rxn7104] ✅ 严格正确 | 原子数：19
[test_sample_08977] [T1x_rxn7105] ❌ 错误 | 原子数：19
  - 正确映射：[ 6  2 11 14 10  0  1  5  7 16 17 15 12  9 13  3  4  8 18]
  - 预测映射：[ 6  2 11 14  1  0 10 15  7 16  5 12 17 18  4  3 13  8  9]
[test_sample_08978] [T1x_rxn7106] ❌ 错误 | 原子数：19
  - 正确映射：[ 1 13 16  6 14 12  0  2  9 15  7  5 18  4 10 11  3 17  8]
  - 预测映射：[13  1 16 14  6 12  0  9 15  5  2  8 10  7 18  4 17 11  3]
[test_sample_08979] [T1x_rxn7107] ❌ 错误 | 原子数：19
  - 正确映射：[ 0  3  8 16  2  1 17  4  6 18 15  7  5  9 13 11 14 10 12]
  - 预测映射：[ 0  3  8 16 17  2  1  6 18  4 15  5  7 14 12  9 13 10 11]
[test_sample_08980] [T1x_rxn7108] ❌ 错误 | 原子数：19
  - 正确映射：[13 16  2 10 14  7  5 12 17  8  0  9  3  4  1 15 11  6 18]
  - 预测映射：[14 10  2  7 13 16  5  1  6  4  3 15 12 17  8  0 11  9 18]
[test_sample_08981] [T1x_rxn7109] ❌ 错误 | 原子数：19
  - 正确映射：[ 3  8  0  9  2  6 16 13  4 12  1 14 17 15 10 11  5  7 18]
  - 预测映射：[ 3  8  0  9  2  6 16 13  4 12 14  5  1 10 17 11  7 18 15]
[test_sample_08982] [T1x_rxn7488] ❌ 错误 | 原子数：19
  - 正确映射：[ 5  4 15 18  3 17 16 13  8  9 10  7  1 12 11  0 14  6  2]
  - 预测映射：[ 5  4 15 18  3 17 16 13  8  9 10  7  1 12  2 11  0 14  6]
[test_sample_08983] [T1x_rxn7489] ❌ 错误 | 原子数：19
  - 正确映射：[ 0 18 11 10 12  7  1 14  2 17 13  4  3  9  6 16 15  8  5]
  - 预测映射：[ 0 18 11 10 12  7  1 14  2 17 13  4  3  9  6 15 16  8  5]
[test_sample_08984] [T1x_rxn7490] ❌ 错误 | 原子数：19
  - 正确映射：[ 7  0 14  8 17  4 10 18 12 16 11 13  3  2 15  6  5  1  9]
  - 预测映射：[ 7  0 14  8 17  4 10 12 16 18 13  3  2 11 15  6  5  1  9]
[test_sample_08985] [T1x_rxn7491] ✅ 严格正确 | 原子数：19
[test_sample_08986] [T1x_rxn7492] ❌ 错误 | 原子数：19
  - 正确映射：[ 5 14  7  3 18 13 11 10 16 12  1 15  9  2  8 17  0  4  6]
  - 预测映射：[ 5 14  7  3 18 13 11 15 16 12 10  9  1  2  4  0 17  8  6]
[test_sample_08987] [T1x_rxn7493] ✅ 严格正确 | 原子数：19
[test_sample_08988] [T1x_rxn7573] ❌ 错误 | 原子数：19
  - 正确映射：[16  6  8 13 14  4 17  1 15  0 11 18 10  7  9  3  5  2 12]
  - 预测映射：[16  6  8 13 14  4 17  1 15  0 11 18 10  7  9  3  2  5 12]
[test_sample_08989] [T1x_rxn7574] ✅ 严格正确 | 原子数：19
[test_sample_08990] [T1x_rxn7575] ❌ 错误 | 原子数：19
  - 正确映射：[18 16  2  0  3  9 10  1  6  4  8 11 14 15  7 12 17 13  5]
  - 预测映射：[18 16  2  0  3  9 10  1  6  4  8 11 15 14  7 12 17 13  5]
[test_sample_08991] [T1x_rxn7576] ❌ 错误 | 原子数：19
  - 正确映射：[17 11 13  0 12 14  8 15  1 16 10  5  2 18  6  3  7  4  9]
  - 预测映射：[11 17 12 14  0 13  8 10  1  5 15 16  6  7  4 18  3  2  9]
[test_sample_08992] [T1x_rxn7577] ✅ 严格正确 | 原子数：19
[test_sample_08993] [T1x_rxn7578] ❌ 错误 | 原子数：19
  - 正确映射：[ 9 12 13  8  6 15  3  5  7  1  2 18 10 16 11 17  0  4 14]
  - 预测映射：[ 9 12 13  8  6 15  3  1  7 10  2 18  5 16 11 17  0  4 14]
[test_sample_08994] [T1x_rxn7579] ❌ 错误 | 原子数：19
  - 正确映射：[ 0 16  3 14 11  9 13 18  1 12  7  4 15  8  5  2  6 10 17]
  - 预测映射：[ 0 16  9 11  3 14 13  1 18  4 15 12  6 10  2  7  5 17  8]
[test_sample_08995] [T1x_rxn7580] ❌ 错误 | 原子数：19
  - 正确映射：[ 2  5 11  9  0 10  3 16 17  4  1  6 15 18 13 12  8  7 14]
  - 预测映射：[ 2  5 11  9  0 10  3 16 17  4  1  6 15 12 13 18  8  7 14]
[test_sample_08996] [T1x_rxn7581] ✅ 严格正确 | 原子数：19
[test_sample_08997] [T1x_rxn7659] ❌ 错误 | 原子数：19
  - 正确映射：[ 5  0  8  2 15  4  9 13 11  1 14  3 18 17 12 16  7 10  6]
  - 预测映射：[ 2  4  8  0  5 15  9  7 17 12 10 18  3 11  1  6 13 14 16]
[test_sample_08998] [T1x_rxn7660] ❌ 错误 | 原子数：19
  - 正确映射：[18  1 16  9 14  4 15  0 12  5  6 10 11  3 13  8  2 17  7]
  - 预测映射：[18  1 16  9 14  4 15  0 12  5  6 10 11  3 13  8  2  7 17]
[test_sample_08999] [T1x_rxn7661] ❌ 错误 | 原子数：19
  - 正确映射：[ 0  1 16 14  4 17  9  8 10 15  5 13  2 12 11  3  6 18  7]
  - 预测映射：[ 1  4 17  0 14 16  9  5 15 13  3  6  8 10 12 18 11  2  7]
[test_sample_09000] [T1x_rxn7662] ✅ 严格正确 | 原子数：19
[test_sample_09001] [T1x_rxn7663] ❌ 错误 | 原子数：19
  - 正确映射：[15  6  0  9 14 12  1 17 18  3 16  5 13  4  8  2 11 10  7]
  - 预测映射：[ 0  9  6 15 12 14  1  8  5  4 13 18 16  3 17  7 10 11  2]
[test_sample_09002] [T1x_rxn7664] ❌ 错误 | 原子数：19
  - 正确映射：[ 0 14 15 16  9 17  6 12 11  3 13  8 10  4  7  5  2  1 18]
  - 预测映射：[ 0 17  9 14 16 15  6  5 12 18  1 11  3 13  8  7 10  4  2]
[test_sample_09003] [T1x_rxn7665] ❌ 错误 | 原子数：19
  - 正确映射：[ 8 18  3 12 13 11  4  1  2 17 15 14 10  5  0 16  6  9  7]
  - 预测映射：[13 18  3 12  8 11  4 16  5  6 15 14  0 10  2 17  1  9  7]
[test_sample_09004] [T1x_rxn7666] ❌ 错误 | 原子数：19
  - 正确映射：[14 16  9  0  1 18 12  4  2  3 15  6  7 13  5 17 11  8 10]
  - 预测映射：[14 16  9  0  1 18 12  4  2  3  6 13  7  5  8 17 11 10 15]
[test_sample_09005] [T1x_rxn7667] ❌ 错误 | 原子数：19
  - 正确映射：[ 0 17 12  2 13 15  6  4  8 10  3  9 11  1  5 16  7 14 18]
  - 预测映射：[ 2 13 12 17  0 15  6 14  1  5  7 16 11  4  3  8 10 18  9]
[test_sample_09006] [T1x_rxn7668] ❌ 错误 | 原子数：19
  - 正确映射：[18  1  7 15  3  8 14 16  6  2 10 12 17  5  4 13  0  9 11]
  - 预测映射：[ 3  8  7 15 18  1 14 13  5  0  9  4 10 17 12  6  2 16 11]
[test_sample_09007] [T1x_rxn7669] ❌ 错误 | 原子数：19
  - 正确映射：[12  8  7  5  9 15  4 13  3 17 11  0 18  2 10 16  1 14  6]
  - 预测映射：[12  8  7  5  9 15  4  3 18 17 11  0 10  2 14 16  1  6 13]
[test_sample_09008] [T1x_rxn8171] ❌ 错误 | 原子数：19
  - 正确映射：[10 11 18 16  2 12  1  6  5 17 15  9  0  4 14  3  8 13  7]
  - 预测映射：[10 11 18 12  2 16  1  6  5 17 15  9  0  3  7  8 14  4 13]
[test_sample_09009] [T1x_rxn8172] ✅ 严格正确 | 原子数：19
[test_sample_09010] [T1x_rxn8173] ❌ 错误 | 原子数：19
  - 正确映射：[ 3 15  8  5  4  9 18  6 11 16  0 13 10  1  2 14 12 17  7]
  - 预测映射：[15  3  8  5  4  9 18  0 10  6 16 11 12  1 13  2 14 17  7]
[test_sample_09011] [T1x_rxn8174] ❌ 错误 | 原子数：19
  - 正确映射：[ 3 10  1  8  0  4  2 18  9 16 11 12 17 13 15 14  7  6  5]
  - 预测映射：[ 3 10  1  8  0  4  2  9 16 18 13 11 17 14 15  6  7 12  5]
[test_sample_09012] [T1x_rxn8175] ❌ 错误 | 原子数：19
  - 正确映射：[ 5  0 18  2 16 14  4  3  8 10  6  1  7 11  9 13 12 17 15]
  - 预测映射：[ 5  0 18  2 16 14  4  3  8 10  6  1  7 12 11 13 15 17  9]
[test_sample_09013] [T1x_rxn8176] ❌ 错误 | 原子数：19
  - 正确映射：[11  8  5  2 18 10 14  9  7 15 13 16  0 17  4  6  1 12  3]
  - 预测映射：[11  8  5  2 18 10 14 15  7  9 16 13  3  4  0 17  6 12  1]
[test_sample_09014] [T1x_rxn8177] ❌ 错误 | 原子数：19
  - 正确映射：[ 0 16  2  5 14  1  7  4  9 13 11  3  6  8 12 18 10 17 15]
  - 预测映射：[ 0 16  2  1 14  5  7  9  6  4 13 11 10 15  3 18 17  8 12]
[test_sample_09015] [T1x_rxn8178] ❌ 错误 | 原子数：19
  - 正确映射：[11 13  6  2 15 16 18  8  1  3 17  4 12  9 10 14  5  0  7]
  - 预测映射：[11 13  6  2 15 16 18  1  8  3 17 12  4  9  5 14 10  7  0]
[test_sample_09016] [T1x_rxn8179] ❌ 错误 | 原子数：19
  - 正确映射：[ 7  6  4  8  9 14  1 10 18  2 13  0 16 11 12  5 17 15  3]
  - 预测映射：[ 7  6  4  8  9 14  1 13 10  2  0 18 16 17 11  5 15  3 12]
[test_sample_09017] [T1x_rxn8180] ❌ 错误 | 原子数：19
  - 正确映射：[16 18  3 10 15 12  8  7  1  4 17  2  6 14  5  9 13  0 11]
  - 预测映射：[16 18  3 10 15 12  8  1  4  7  2 17  6 14  5  9 13  0 11]
[test_sample_09018] [T1x_rxn8181] ❌ 错误 | 原子数：19
  - 正确映射：[13 14  8 15  0 10  4  5  6  9  2  1 17 11 16 12 18  3  7]
  - 预测映射：[13 14  8  0 15 10  4  9  6  5  2 16  1 12 11  7 18  3 17]
[test_sample_09019] [T1x_rxn8182] ❌ 错误 | 原子数：19
  - 正确映射：[ 2  3  0 16  1  5  4  9  8 10 14 11 15 13 12  7 18  6 17]
  - 预测映射：[ 2  5  1 16  0  3  4  9 10  8  6 17 18  7 12 13 15 14 11]
[test_sample_09020] [T1x_rxn8262] ❌ 错误 | 原子数：19
  - 正确映射：[ 3 11 10  1 14  7 12  2 13  9  4  6 15 18  0 16  5 17  8]
  - 预测映射：[ 3 11 10  1 14  7 12  2 13  9  8 15  6  4  0 18  5 16 17]
[test_sample_09021] [T1x_rxn8263] ❌ 错误 | 原子数：19
  - 正确映射：[ 4  3  1 14  2 16 18 17  7 15  8 13  5  6  0  9 11 12 10]
  - 预测映射：[16  2  1 14  3  4 18 13  6  0 11  5 10  8 17  7 15 12  9]
[test_sample_09022] [T1x_rxn8264] ✅ 严格正确 | 原子数：19
[test_sample_09023] [T1x_rxn8265] ✅ 严格正确 | 原子数：19
[test_sample_09024] [T1x_rxn8266] ✅ 严格正确 | 原子数：19
[test_sample_09025] [T1x_rxn8267] ❌ 错误 | 原子数：19
  - 正确映射：[ 4 17  7 18  0  6  1 12 13 16  2  9  3 15  8 11 14  5 10]
  - 预测映射：[ 4 17  7 18  0  6  1  2 12 16  5 10  9 11 15  8 14  3 13]
[test_sample_09026] [T1x_rxn8268] ❌ 错误 | 原子数：19
  - 正确映射：[11 16  1 14 13  5  3 15  0 17  4  7  2  6  8  9 10 18 12]
  - 预测映射：[ 3 13  5 14 16  1 11  9 10 18 12  6  8  4  2  7  0 17 15]
[test_sample_09027] [T1x_rxn8269] ❌ 错误 | 原子数：19
  - 正确映射：[ 1  7 17  4 16 18  6 11 12 14 13 15  2  5  0 10  3  9  8]
  - 预测映射：[ 7  6  1  4 16 18 17 14 13  8  9 12 11  3 10  5  0 15  2]
[test_sample_09028] [T1x_rxn8270] ✅ 严格正确 | 原子数：19
[test_sample_09029] [T1x_rxn8271] ❌ 错误 | 原子数：19
  - 正确映射：[11  4 17  1 15 14  2 18 16  5 10  8  3 13  9 12  7  6  0]
  - 预测映射：[11  4 17  1 15 14  2 10 18  5  6  8  3  0 13 12  9 16  7]
[test_sample_09030] [T1x_rxn8272] ❌ 错误 | 原子数：19
  - 正确映射：[11 14  0  5 15  8  2 17 16  6  9 18  7  4  3 13 10 12  1]
  - 预测映射：[ 8 15  2  5 14 11  0 13  3 10 12  1  4 16  6 17  9 18  7]
[test_sample_09031] [T1x_rxn8273] ❌ 错误 | 原子数：19
  - 正确映射：[13  3 14  8  2 16  7 17  6  0  1  4 11 18 15  5  9 12 10]
  - 预测映射：[13  7 16  8  2 14  3  0  6 17 12  5  9 15  4 18 11  1 10]
[test_sample_09032] [T1x_rxn8274] ✅ 严格正确 | 原子数：19
[test_sample_09033] [T1x_rxn8275] ❌ 错误 | 原子数：19
  - 正确映射：[ 6 14  3  9  0 18  5  1 17 11 13 15  4  8 16  2  7 12 10]
  - 预测映射：[ 6 14  3  9  0 18  5 15 17  1 13 12  4  8 16  2  7 10 11]
[test_sample_09034] [T1x_rxn8276] ❌ 错误 | 原子数：19
  - 正确映射：[12  1  0 16  5  2 15  6  9 11 10 18 13  4  7 17  3 14  8]
  - 预测映射：[15  5  1 16  0 12  2 10  8 17  4 18 13  9  6 11 14  3  7]
[test_sample_09035] [T1x_rxn8277] ❌ 错误 | 原子数：19
  - 正确映射：[11  8  5  7  9 17  0 10  2  4 12  6 18  1 13 16  3 15 14]
  - 预测映射：[11  8  5  7  9 17  0  2  4 14 15  6 10 18 13  3  1 12 16]
[test_sample_09036] [T1x_rxn8278] ❌ 错误 | 原子数：19
  - 正确映射：[ 8 15 11  6  1 16  5  3  4 14  2  0  9 17  7 13 10 12 18]
  - 预测映射：[ 8 15 11  6  1 16  5  3  4 14  9  2  0 17  7 13 10 12 18]
[test_sample_09037] [T1x_rxn8286] ❌ 错误 | 原子数：19
  - 正确映射：[ 9 12 14  2 11 15 18  5 10  7  6  8 13  1 17  4  0  3 16]
  - 预测映射：[11  2 14 12  9 15 18  0  4 17 13  3  6  8  5 10  7 16  1]
[test_sample_09038] [T1x_rxn8287] ❌ 错误 | 原子数：19
  - 正确映射：[16 11 10  9  8 12  5  7 15 14  1  4  0  3  2 18 13 17  6]
  - 预测映射：[16 11 10  9  8 12  5 15  1 14  4  7  3  2 17 18 13  6  0]
[test_sample_09039] [T1x_rxn8288] ✅ 严格正确 | 原子数：19
[test_sample_09040] [T1x_rxn8289] ❌ 错误 | 原子数：19
  - 正确映射：[ 0  1  3 10 16 11  8 12  2  6 13 18 17  9  7 15  5 14  4]
  - 预测映射：[ 3 10  1  0 16 11  8 17 13  9 18  7 15  6 12  2  4 14  5]
[test_sample_09041] [T1x_rxn8290] ❌ 错误 | 原子数：19
  - 正确映射：[ 7 12 17  3  9  4 11 13  1 18  2 14 10 15  8  0  6  5 16]
  - 预测映射：[ 7 12 17  3  9  4 11 18 13  1 15  2 14 10  6 16  0  5  8]
[test_sample_09042] [T1x_rxn8291] ✅ 严格正确 | 原子数：19
[test_sample_09043] [T1x_rxn8292] ❌ 错误 | 原子数：19
  - 正确映射：[14 15  9  6  0 13 11 17  5 16  3 12 10 18  4  7  8  1  2]
  - 预测映射：[14 15  9  6  0 13 11 17  5 16 12  2 10 18  3  8  4  1  7]
[test_sample_09044] [T1x_rxn8293] ✅ 严格正确 | 原子数：19
[test_sample_09045] [T1x_rxn8294] ❌ 错误 | 原子数：19
  - 正确映射：[15 10 13  2  3  1  7  4 17 12 11  0  5  6 14  8 18  9 16]
  - 预测映射：[15 10  2 13  3  1  7  6 17  4 12 11  5 14 18  8  9  0 16]
[test_sample_09046] [T1x_rxn8357] ❌ 错误 | 原子数：19
  - 正确映射：[ 6  0 13  7  1 14 11  5  2 16  8 15 18 10  9  4 12 17  3]
  - 预测映射：[ 0  6 13  7  1 11 14 15  5  2 10 16  8 18  9 17  3  4 12]
[test_sample_09047] [T1x_rxn8358] ✅ 严格正确 | 原子数：19
[test_sample_09048] [T1x_rxn8359] ❌ 错误 | 原子数：19
  - 正确映射：[16  3 12  5  9  8 10 18 17 13  6 14  2  7 11 15  1  0  4]
  - 预测映射：[16  3 12 10  8  9  5 18 13  6 14 17  4  0 15  1  2 11  7]
[test_sample_09049] [T1x_rxn8360] ❌ 错误 | 原子数：19
  - 正确映射：[12  7  9  1  0 14  2  8 13 15  5 18 16 17 11  3 10  4  6]
  - 预测映射：[12  7  9  2 14  0  1  8 15  5 18 13  6  4  3 11 10 17 16]
[test_sample_09050] [T1x_rxn8522] ❌ 错误 | 原子数：19
  - 正确映射：[17 15  3  4 18  7 12  8  0 16  5 14 11  2  1 10  6 13  9]
  - 预测映射：[18  4  3 15 17  7 12  6 13 10  5  1 11 14  8 16  0  9  2]
[test_sample_09051] [T1x_rxn8523] ❌ 错误 | 原子数：19
  - 正确映射：[ 2 18 15 17  7 14  5 10  0  3 16 13  4 12 11  8  6  1  9]
  - 预测映射：[ 7 17 15 18  2 14  5  6  1  8 11 12  4 16  0 10  3 13  9]
[test_sample_09052] [T1x_rxn8524] ❌ 错误 | 原子数：19
  - 正确映射：[ 5  6  7 10 16 11 15 14  8  9  0  4 12 13 18 17  2  3  1]
  - 预测映射：[16 10  7  6  5 11 15 17 13  3 18  2  1 14  0  9  4  8 12]
[test_sample_09053] [T1x_rxn8525] ❌ 错误 | 原子数：19
  - 正确映射：[ 8  7 18  5  4 14 10  2 11  0 17 16  3  1 15 12 13  6  9]
  - 预测映射：[ 8  7 18  5  4 14 10  2  0 11 16 17  3 15  1 12  6 13  9]
[test_sample_09054] [T1x_rxn8526] ❌ 错误 | 原子数：19
  - 正确映射：[13  2  1  5  8  3 18  7 17 10  9 11  0 16  6 15 12  4 14]
  - 预测映射：[ 8  5  1  2 13  3 18 15 16  4  6  0 14 17  9  7 11 10 12]
[test_sample_09055] [T1x_rxn8527] ❌ 错误 | 原子数：19
  - 正确映射：[15  5 11 13  7  4  1 14  9  0  8 18 12 10 17  3  6  2 16]
  - 预测映射：[ 7 13 11  5 15  4  1  2  3  6 17 10 12 18  8 14  9  0 16]
[test_sample_09056] [T1x_rxn8528] ❌ 错误 | 原子数：19
  - 正确映射：[ 1 11  5 12  0  4 16  7  3 18  9 10 15  6  8  2 13 17 14]
  - 预测映射：[ 1 11  5  0  4 12 16  7  3 18  9  8 15  6 13  2 17 14 10]
[test_sample_09057] [T1x_rxn8529] ✅ 严格正确 | 原子数：19
[test_sample_09058] [T1x_rxn8859] ❌ 错误 | 原子数：19
  - 正确映射：[ 3  7 11 18 15  8 13 16  2  0  1 12  5 14  4 17  9 10  6]
  - 预测映射：[ 3  7 15 18  8 11 13 16  0  2 12  1 10 14 17  4  6  5  9]
[test_sample_09059] [T1x_rxn8860] ❌ 错误 | 原子数：19
  - 正确映射：[12 11 17 10 13  4 14  2  0 16  5  9  8 15  6  3  1  7 18]
  - 预测映射：[12 11 17 10 13  4 14  2  0 16  5  9  8 15  6  1 18  7  3]
[test_sample_09060] [T1x_rxn8861] ❌ 错误 | 原子数：19
  - 正确映射：[ 0  4 12  7  1  9  3  6  5 15 14 13 16  2 11  8 18 10 17]
  - 预测映射：[ 0  4 12  9  1  7  3 15 16  5 13  6 14 10 18  8 11  2 17]
[test_sample_09061] [T1x_rxn8862] ❌ 错误 | 原子数：19
  - 正确映射：[16  0  7 13  2  1  5 11  3  8  9 18 14 12  4 17 15 10  6]
  - 预测映射：[16  0  7 13  2  1  5 11  8 18  3  9  4 10 12 17  6 15 14]
[test_sample_09062] [T1x_rxn8863] ❌ 错误 | 原子数：19
  - 正确映射：[11 17 10  1  4 13  6  0 15  9 12  8  3  7 14 18  5 16  2]
  - 预测映射：[11 17  4 13 10  1  6  0  9 15  8 12  5  7 16 18  3 14  2]
[test_sample_09063] [T1x_rxn8864] ❌ 错误 | 原子数：19
  - 正确映射：[15  1  7 13 11  3  5  9 12 17 10  8 18 14  6  4 16  2  0]
  - 预测映射：[ 3 13  7 11  1 15  5  4  2 16 14  6 10 18  0 17  9  8 12]
[test_sample_09064] [T1x_rxn8865] ❌ 错误 | 原子数：19
  - 正确映射：[ 6 16  8 11  5 17 10 12 18 13  0  9  1  3  4  7  2 14 15]
  - 预测映射：[17  5  6 16  8 11 10  7 15  2  0 14 18 12 13  9  4  3  1]
[test_sample_09065] [T1x_rxn8866] ❌ 错误 | 原子数：19
  - 正确映射：[11  9  7  0  4 10  3 12 17 13 16  6  5  8  2 15  1 14 18]
  - 预测映射：[11  4  7  9  0 10  3 12 18 13 17  6  5 16  8 14 15  1  2]
[test_sample_09066] [T1x_rxn8867] ❌ 错误 | 原子数：19
  - 正确映射：[14 10 17 16  5  9 12  1 13  2  0  3  6  7  8 18 15  4 11]
  - 预测映射：[10 16 17  9  5 14 12  8  3  6  0  7 11 18 15 13  1  4  2]
[test_sample_09067] [T1x_rxn9499] ❌ 错误 | 原子数：19
  - 正确映射：[17  9 16 10  2  5 13  1 11  3  0 12 14  6  8 18  7 15  4]
  - 预测映射：[10  2 16  9  5 17 13 12 18  4 14  0  1 11  6  3  8 15  7]
[test_sample_09068] [T1x_rxn9500] ❌ 错误 | 原子数：19
  - 正确映射：[18  6  8 17 16  7 15 10  3  4 14  0  5 13  9 12  1 11  2]
  - 预测映射：[18  6  8 17 16 15  7  3  4 14 10  5  0 11  1  2  9 13 12]
[test_sample_09069] [T1x_rxn9512] ✅ 严格正确 | 原子数：19
[test_sample_09070] [T1x_rxn9513] ❌ 错误 | 原子数：19
  - 正确映射：[14 15  2  3  0  7 11  9  1  4 16 17  5 13 12 10 18  8  6]
  - 预测映射：[11 15  2  3  0  7 14 18  8  4 17  9  5 12 13  6 16  1 10]
[test_sample_09071] [T1x_rxn9514] ❌ 错误 | 原子数：19
  - 正确映射：[ 2 11  1  5 15 13  9  0 18 16 12  3  8  6 17  7 14  4 10]
  - 预测映射：[ 2 11  9 13 15  1  5 16  8  3  0  4 18 10  7 12 14  6 17]
[test_sample_09072] [T1x_rxn9515] ❌ 错误 | 原子数：19
  - 正确映射：[14  3  8 13 11 15  6 12  0  1  7  2  5 17 18  9 16 10  4]
  - 预测映射：[14  8  3 13 11 15  6  5  2 12 17  0  7  9 18 16  1 10  4]
[test_sample_09073] [T1x_rxn9516] ❌ 错误 | 原子数：19
  - 正确映射：[ 1 10 17 18  7  0  5  9 11 14  8  3  6  2 12 13 16 15  4]
  - 预测映射：[ 5  0 18 17  7  1 10  4 16 15 14  6 12  3  2 11  8 13  9]
[test_sample_09074] [T1x_rxn9605] ❌ 错误 | 原子数：19
  - 正确映射：[10  0  6 17  5  7 12 13 15 14  2  1 16 11 18  9  8  4  3]
  - 预测映射：[10  0  6 17  5  7 12 13 15 14  2  3  1 11 18 16  8  4  9]
[test_sample_09075] [T1x_rxn9606] ❌ 错误 | 原子数：19
  - 正确映射：[ 4 18 12 17  9 10  0  3 13  5 14 11  7  2 16 15  8  6  1]
  - 预测映射：[ 4 18 12 17  0  9 10  3 13  5 14 11  7  1  6  2  8 15 16]
[test_sample_09076] [T1x_rxn9617] ❌ 错误 | 原子数：19
  - 正确映射：[17  5  7 15  4  2  9 10  1 14  3  8 18  0 11 16 13  6 12]
  - 预测映射：[ 7  5 17 15  4  2  9 18  0  8  3 14 10  1 11  6 16 12 13]
[test_sample_09077] [T1x_rxn9618] ❌ 错误 | 原子数：19
  - 正确映射：[ 0  2 16 17 18 13 10  7 11  4  8 12 14  6 15  5  3  1  9]
  - 预测映射：[16  2  0 17 18 13 10 14  6 12  8  4  7 11 15  5  3  9  1]
[test_sample_09078] [T1x_rxn9619] ❌ 错误 | 原子数：19
  - 正确映射：[15  3  8 17 18 10  4 11  5  9  7 14  2 16 13 12  1  6  0]
  - 预测映射：[15  3  8 17 18 10  4  9  5 11 13  2 14 16  7 12  1  0  6]
[test_sample_09079] [T1x_rxn9679] ❌ 错误 | 原子数：19
  - 正确映射：[16  8  0 14  1 11  6  2 12  3 17 10  7 15  5 18  4  9 13]
  - 预测映射：[16  8  0 14 11  1  6  2  3 12 13  7 10 15 17  5  9 18  4]
[test_sample_09080] [T1x_rxn9680] ❌ 错误 | 原子数：19
  - 正确映射：[ 3  4  6  0 12 14 13  7  8 18 10 16 17  2  5 15  1  9 11]
  - 预测映射：[ 6  4  3  0 12 14 13  2 16 17 10  8 18  7  5 15  9  1 11]
[test_sample_09081] [T1x_rxn9690] ❌ 错误 | 原子数：19
  - 正确映射：[ 5  7 18  4 15  6 14  3 13  8 17  9  2 11  1  0 12 10 16]
  - 预测映射：[14  7  5 15  6 18  4 10 16 12 13  8  3 11  0 17  1  2  9]
[test_sample_09082] [T1x_rxn9691] ❌ 错误 | 原子数：19
  - 正确映射：[14  0 11  1 16  7 10 17  6 13  4 15  9 12  5  3  8  2 18]
  - 预测映射：[ 1  0 11 14 10  7 16 15 17  9  4 13  6  2 18  3  8 12  5]
[test_sample_09083] [T1x_rxn9718] ❌ 错误 | 原子数：19
  - 正确映射：[ 1  4  8 11 17 18  6 13  3  5  2 15  0  7  9 10 16 14 12]
  - 预测映射：[11  4  8  1  6 18 17  5  0  2  3 13 12 16 14  9 10 15  7]
[test_sample_09084] [T1x_rxn9719] ❌ 错误 | 原子数：19
  - 正确映射：[18 11  6  3 13 12  8  0 14  5 15  4  2  7 17  1  9 16 10]
  - 预测映射：[ 8 11  6 18  3 13 12 16  1 10  5 14  0  7  4  2 17  9 15]
[test_sample_09085] [T1x_rxn9720] ❌ 错误 | 原子数：19
  - 正确映射：[14  9  2  7  4 18 15 17 11  8  3 12  5  6 13 16  1  0 10]
  - 预测映射：[15  9  2 18  4  7 14 10 11  0  3  1 16  6 13  5 12 17  8]
[test_sample_09086] [T1x_rxn9721] ❌ 错误 | 原子数：19
  - 正确映射：[ 3  8 12  1  2  6 16  9 14  5 15 17 13 18  4 10  7 11  0]
  - 预测映射：[ 3  8 12  1 16  6  2  9 17  5 14 11 13  0 10  4  7 18 15]
[test_sample_09087] [T1x_rxn9797] ❌ 错误 | 原子数：19
  - 正确映射：[ 3  8  5  6  2  0 15  4 16 10 12 17  7 14 11 13 18  9  1]
  - 预测映射：[ 3  8  5  6  0 15  2 12  4 10 17 16  7 13 18  1 14  9 11]
[test_sample_09088] [T1x_rxn9798] ❌ 错误 | 原子数：19
  - 正确映射：[ 4 13  5 11 17  7 12  0  3 15 10  6  2  1 14 16  9 18  8]
  - 预测映射：[11 12  5  7 13  4 17  2 16  9  8 18  6 10 15  3  1  0 14]
[test_sample_09089] [T1x_rxn9858] ✅ 严格正确 | 原子数：19
[test_sample_09090] [T1x_rxn9859] ❌ 错误 | 原子数：19
  - 正确映射：[ 0  3  5 17  9 10  1  8 15  2 18 14  7 13 12 16  4  6 11]
  - 预测映射：[ 0  3  5 17  9 10  1 14 15  8  2 18  7 13 12 16  4  6 11]
[test_sample_09091] [T1x_rxn9874] ❌ 错误 | 原子数：19
  - 正确映射：[ 4 13  6  1  8  9  5  0 18 16  7 17 15 11 12 10  2  3 14]
  - 预测映射：[ 8  9  6  1  4 13  5 10 12  2  3 18 11 15 16 14  0  7 17]
[test_sample_09092] [T1x_rxn9875] ❌ 错误 | 原子数：19
  - 正确映射：[17 14  8  9  6  3  1 18 13  2  5  7 15 16  0 10 12 11  4]
  - 预测映射：[ 9  6  3  8 14 17  1 12 15  0 10 16 11  7 13  5  2 18  4]
[test_sample_09093] [T1x_rxn9876] ❌ 错误 | 原子数：19
  - 正确映射：[ 1  5  2  6 10 16  8  7 13  3  4 14 12 18 17  0 11 15  9]
  - 预测映射：[ 1  5  2  6 16 10  8 14 13  3  4  7 12  9 17 11 15 18  0]
[test_sample_09094] [T1x_rxn9952] ❌ 错误 | 原子数：19
  - 正确映射：[ 4 17 15  7 10  6  8 12  0  9  2 18  5 11  3 16  1 14 13]
  - 预测映射：[ 4 17 15  7 10  6  8 12 18  0  9  2  5 11  3 13  1 16 14]
[test_sample_09095] [T1x_rxn9953] ❌ 错误 | 原子数：19
  - 正确映射：[15 11  1  0 10  2  7  3 12  5  6  9 14 18 17  8 16  4 13]
  - 预测映射：[11  1  0 10  2 15  7  6  5  9 17  8 14 18 16  4  3 12 13]
[test_sample_09096] [T1x_rxn9960] ✅ 严格正确 | 原子数：19
[test_sample_09097] [T1x_rxn9961] ❌ 错误 | 原子数：19
  - 正确映射：[17 11  5  7  3  0 15  4 13 10  2  8 14 16 12  6  1 18  9]
  - 预测映射：[ 5 11 17  0  7  3 15 14  4  8 10  9 16 13  2 12 18  1  6]
[test_sample_09098] [T1x_rxn9962] ❌ 错误 | 原子数：19
  - 正确映射：[ 3  5 10 12  1  6  0  9 16 13 11 14 17  7 15  8  2 18  4]
  - 预测映射：[ 3  5 10 12  1  6  0  9 16 13 11 14 17  7 18  8  2 15  4]
[test_sample_09099] [T1x_rxn9975] ❌ 错误 | 原子数：19
  - 正确映射：[ 7  0 15 16  5  6 13  1  9 11 14  8 18  3 17 10 12  2  4]
  - 预测映射：[ 0  7 15 13  5  6 16  1  9  8 14 11  2  4 17 10 12 18  3]
[test_sample_09100] [T1x_rxn9976] ❌ 错误 | 原子数：19
  - 正确映射：[ 2 17  0  1 18 12 10  9  5  4  6  7 11 16 14 15 13  3  8]
  - 预测映射：[10 12  0  2 17  1 18  8 15 13  5  3  4  9  7  6 11 14 16]
[test_sample_09101] [T1x_rxn6884] ❌ 错误 | 原子数：20
  - 正确映射：[19 15 11  5  6  3 16 10  8 17 12  9 13  0  4 18  1  7  2 14]
  - 预测映射：[ 5  6 11  3 15 16 19 13  0 18  9  4  2  1 17  7 14 12  8 10]
[test_sample_09102] [T1x_rxn6885] ✅ 严格正确 | 原子数：20
[test_sample_09103] [T1x_rxn6886] ❌ 错误 | 原子数：20
  - 正确映射：[12  6  8  3 16 18 11 15 13  7  4 10 14  2 17 19  9  5  0  1]
  - 预测映射：[12  6  8 18 16  3 11 13 15  7  4  9 19 17  2 14 10  5  1  0]
[test_sample_09104] [T1x_rxn6887] ❌ 错误 | 原子数：20
  - 正确映射：[13  2  4 14  5 19 11 10  0 17  8  9 15 12  1  7 18  6  3 16]
  - 预测映射：[19  5  4 14  2 13 11 18  1  3  7  9 12 15  0  8 10  6 17 16]
[test_sample_09105] [T1x_rxn6888] ❌ 错误 | 原子数：20
  - 正确映射：[18  0 17  8 11 13  7 19  3 12 10 15  9  5  4  1 16  6  2 14]
  - 预测映射：[11 13 17  8 18  0  7  4  1 14 16  5  9 15  3 10 19  6 12  2]
[test_sample_09106] [T1x_rxn6889] ❌ 错误 | 原子数：20
  - 正确映射：[12  4  3 11  8 17 18 10 16  2 14  0  6  7  5 13  1  9 15 19]
  - 预测映射：[18 17  3 11  8  4 12 15  5  9  1  6  7  0 16 13 14 19 10  2]
[test_sample_09107] [T1x_rxn6890] ❌ 错误 | 原子数：20
  - 正确映射：[12  1  2  5 19  6 17 16 11  4  9 10 15  0  3 13  7  8 14 18]
  - 预测映射：[ 6 19  2  5  1 12 17  7  3 14 13  0 15 10 11  9 16  8  4 18]
[test_sample_09108] [T1x_rxn6891] ❌ 错误 | 原子数：20
  - 正确映射：[ 2  8  9  6  3 19  5 13 11 14 15 10 16 12  0  4 17  1  7 18]
  - 预测映射：[ 2  8  9  5  3 19  6 11 13 14 15  7 18  1 16  4  0 10 17 12]
[test_sample_09109] [T1x_rxn6892] ❌ 错误 | 原子数：20
  - 正确映射：[13 10 19 14 17  4  3 16 15  0 18 12  1  7  9  2  5 11  8  6]
  - 预测映射：[14 13 19  3 17  4 10 15 12  7 16  6 11  0  5  8  9 18  2  1]
[test_sample_09110] [T1x_rxn7385] ❌ 错误 | 原子数：20
  - 正确映射：[14  9  3 15 10  4  2 19 16  6 18  8  1 13  5  0 17  7 12 11]
  - 预测映射：[14  9  3 15 10  4  2  6 19 16  1 18 13  8  0 17  7 12  5 11]
[test_sample_09111] [T1x_rxn7386] ✅ 严格正确 | 原子数：20
[test_sample_09112] [T1x_rxn7387] ❌ 错误 | 原子数：20
  - 正确映射：[ 8 16  4 19 18  1  0 12 14  3  7  5 11 15 10  6  2 13 17  9]
  - 预测映射：[ 8 16  4 19 18  1  0 14  3 12  5 15  7 11 10  6  2 13 17  9]
[test_sample_09113] [T1x_rxn7388] ✅ 严格正确 | 原子数：20
[test_sample_09114] [T1x_rxn9765] ❌ 错误 | 原子数：20
  - 正确映射：[12  1  8  3  2 18  9  7 19 14  6 10 13 11 16 15  0  5  4 17]
  - 预测映射：[12  1  8  3  2 18  9  7 19 14  5 10 11  4 15  6 13 17  0 16]
[test_sample_09115] [T1x_rxn9766] ❌ 错误 | 原子数：20
  - 正确映射：[ 2 11  6 12 15  9 13  0  4  5 14  1 17 10  7 19 16 18  3  8]
  - 预测映射：[ 2 11  6 12 15  9 13  0  4  5 14  1 17 10 19  7 16 18  3  8]
[test_sample_09116] [T1x_rxn9834] ✅ 严格正确 | 原子数：20
[test_sample_09117] [T1x_rxn9835] ❌ 错误 | 原子数：20
  - 正确映射：[ 5  9  6 12  7 14  8 17  4  3 15 16 10  0 11  2 18 13 19  1]
  - 预测映射：[ 5  9  6 12  7  8 14  4 17  3 16 15  0 10 11  2  1 19 18 13]
[test_sample_09118] [T1x_rxn9836] ❌ 错误 | 原子数：20
  - 正确映射：[ 0 18  4  9  5 17 10  6  1  3 13  8 11 12 16  7 19  2 15 14]
  - 预测映射：[ 0 10 18  9  4 17  5  6  1  3 15 14  8 12 13 11 19  7 16  2]
[test_sample_09119] [T1x_rxn9837] ❌ 错误 | 原子数：20
  - 正确映射：[ 0 14  8 13  6 19 10  5 11 18  9  4  1  2 17 15  3  7 12 16]
  - 预测映射：[ 0 14  8 13  6 19 10  5 11 18  4  2  9  1 17 15 16  7  3 12]
[test_sample_09120] [T1x_rxn0995] ❌ 错误 | 原子数：20
  - 正确映射：[18 19 13  8 12 16 15  2 11  6 10  9  7  5 17  0  1 14  4  3]
  - 预测映射：[18 19 13  8 12 16 11  2 15  9  6 17  7  5 10  0  3 14  4  1]
[test_sample_09121] [T1x_rxn1521] ❌ 错误 | 原子数：20
  - 正确映射：[15 14  2 10  3 12 11  0  7 16  4 18  9  5  6  8  1 19 17 13]
  - 预测映射：[15 14  2 10  3 12  0 16 11  7  4  9 18  6  5  1  8 13 17 19]
[test_sample_09122] [T1x_rxn2569] ❌ 错误 | 原子数：20
  - 正确映射：[12  9 16  0 19 10  2  7 18 14  6  8 11  3 13 15  4  1 17  5]
  - 预测映射：[16  9 12  0 10 19  6 11  8  7 14 18  2  5  3  1 17 13  4 15]
[test_sample_09123] [T1x_rxn2626] ❌ 错误 | 原子数：20
  - 正确映射：[ 8 17 18 13  1 11  6  0 10  2 16 15 12  5 19  3  7  4 14  9]
  - 预测映射：[ 8 17 18 13  1 11 10  6  0 15  2 12  4  5 19  3  7 16 14  9]
[test_sample_09124] [T1x_rxn4167] ❌ 错误 | 原子数：20
  - 正确映射：[ 3  4 18  2 14  8 17 12  0 11 13 15  1  6  5 10 16  7 19  9]
  - 预测映射：[ 3  4 18  2 14  8 17  0 13 11 12 15  1  6  5 10 16  7 19  9]
[test_sample_09125] [T1x_rxn4168] ❌ 错误 | 原子数：20
  - 正确映射：[10 14 16  6 13 15  5 11  3  8  4 18  0  7 17  1  9  2 12 19]
  - 预测映射：[10 14 16  6 13 15  3 11  5  4  8  7  0 18 17  9  1  2 19 12]
[test_sample_09126] [T1x_rxn4169] ✅ 严格正确 | 原子数：20
[test_sample_09127] [T1x_rxn9247] ❌ 错误 | 原子数：20
  - 正确映射：[17  5 11  4  9  8  6  2 12 16  1 15  0 10  7 19  3 13 18 14]
  - 预测映射：[ 9  4  8  5 11 17  7 19  3 14 10 18 13  0  2  1 15 12 16  6]
[test_sample_09128] [T1x_rxn10025] ❌ 错误 | 原子数：21
  - 正确映射：[20  5  1 13  6  0 15  4 11 17  2 16  9 19  7  8 12 10 14  3 18]
  - 预测映射：[20  5  1 13  6  0 15 11  2 17 19 16  8  4  7  9 14 10 12  3 18]
[test_sample_09129] [T1x_rxn5844] ❌ 错误 | 原子数：21
  - 正确映射：[ 6  0  2  5 11 14  4 18  1 13  7 17 12  3  9 10 16 15  8 20 19]
  - 预测映射：[ 6  0  2  5 11 14  4  7 13 18 12 17  3  1 10  9 15 16 19 20  8]
[test_sample_09130] [T1x_rxn5845] ❌ 错误 | 原子数：21
  - 正确映射：[19 10 12 15 11 20 13  3  7 16  4 18  8  9  0 14 17  1  5  6  2]
  - 预测映射：[12 10 15 19 11 20 13  9 14  8  4 18  0 17  3 16  1  5  7  6  2]
[test_sample_09131] [T1x_rxn5846] ❌ 错误 | 原子数：21
  - 正确映射：[13 15  9 10 16 12  1 18 20  4 11  8  3  5  7  6 14 19 17  2  0]
  - 预测映射：[15  9 13 10 16 12  1  8 18  5 11  3 20  4  7  6 14 19 17  2  0]
[test_sample_09132] [T1x_rxn5847] ❌ 错误 | 原子数：21
  - 正确映射：[ 6  9 17 13  0 14 10  2 15  8  4 11  3 18  5 19  7  1 12 16 20]
  - 预测映射：[ 6  9 17 13  0 14 10  2  8 15 11  4 18  3 19  5 20  1 16  7 12]
[test_sample_09133] [T1x_rxn5848] ❌ 错误 | 原子数：21
  - 正确映射：[ 2 20  1 18  4  7 14 17  9 16 11 12 10 13  0 19  3 15  8  6  5]
  - 预测映射：[ 2  1 20 18  4  7 14  9 16 17 12 10 13 11 15  0  6 19  5  3  8]
[test_sample_09134] [T1x_rxn6535] ❌ 错误 | 原子数：21
  - 正确映射：[19  7  3 14 20 17 11  2  0  9 12 10  5  1  8 18 16  4 13 15  6]
  - 预测映射：[19  7  3 14 17 11 20  2  9 10  0 18 16  1  4  6 13 15 12  5  8]
[test_sample_09135] [T1x_rxn6536] ❌ 错误 | 原子数：21
  - 正确映射：[17  1 16 13  4 10 11 20  7  5 19  8 12 18  3  6 14  9 15  0  2]
  - 预测映射：[17  1 16 13  4 10 11  5 20  7 19  8 12 18  3  6 14  9 15  0  2]
[test_sample_09136] [T1x_rxn6537] ❌ 错误 | 原子数：21
  - 正确映射：[ 9  4 10  5  0 16 11 20  7 18 13  2  3  6 15 14 19 17  8  1 12]
  - 预测映射：[ 9  4 10  5  0 16 11  8  7 20 18  2 13  3 15 17 19  6 14 12  1]
[test_sample_09137] [T1x_rxn6538] ❌ 错误 | 原子数：21
  - 正确映射：[ 7 12  9 10  5  1  0  2  8 18 11 13 16 17 14  6 19 20  3 15  4]
  - 预测映射：[ 0 12  1  9  5 10  7 20  4 15 19  6 17 14 16 18  3 13  8  2 11]
[test_sample_09138] [T1x_rxn7742] ❌ 错误 | 原子数：21
  - 正确映射：[10 11 16  2 13 17  7  1  0  8 20  3 15 12 14  9 18  5  4 19  6]
  - 预测映射：[ 7 17 13  2 16 11 10  4  6 19 18  5  9 14 12  3 15 20  0  1  8]
[test_sample_09139] [T1x_rxn7751] ✅ 严格正确 | 原子数：21
[test_sample_09140] [T1x_rxn7752] ❌ 错误 | 原子数：21
  - 正确映射：[14 16  4 17  9  2  0  5  8 15 20 18 10 13 19  3 11  6 12  7  1]
  - 预测映射：[ 4 16 14 17  9  2  0 13 19 10 20 18 15  5  8  7  3 11 12  6  1]
[test_sample_09141] [T1x_rxn7753] ❌ 错误 | 原子数：21
  - 正确映射：[14 19  8 16  3 20 17 13  1 12  5  7 15 11  2  9  6 10  0 18  4]
  - 预测映射：[ 8 19 14 16  3 20 17  7 11 15  5 13 12  1  9  2 10  6  0 18  4]
[test_sample_09142] [T1x_rxn7754] ❌ 错误 | 原子数：21
  - 正确映射：[ 7  8 20  0 19  9  5 16 12 15 10  3 13  2  6  1 18 17  4 11 14]
  - 预测映射：[20  8  7  0 19  9  5  3  2 13 10 12 15 16  6 14 18 17 11  4  1]
[test_sample_09143] [T1x_rxn7755] ❌ 错误 | 原子数：21
  - 正确映射：[19  2  0 12 14 16  4 20 15 18 10  5 11 13  3 17  8  1  6  7  9]
  - 预测映射：[19  2  0 12 14 16  4 18 20 15 10  5 11 13 17  6  8  1  7  9  3]
[test_sample_09144] [T1x_rxn7756] ❌ 错误 | 原子数：21
  - 正确映射：[19  6  7 10  4  3 18 17  0  1  2 20  5 15  9 14  8 12 11 13 16]
  - 预测映射：[19  6  7 10  4  3 18 17  2  0  9 20  5 15 14  1  8 12 11 13 16]
[test_sample_09145] [T1x_rxn8682] ❌ 错误 | 原子数：21
  - 正确映射：[16  1 19  2 17 13 11 18 12  5  6  0 10 15  3 14 20  7  9  8  4]
  - 预测映射：[16  1 19  2 17 13 11 18 12  5  6  0 10 15  3 14 20  4  7  8  9]
[test_sample_09146] [T1x_rxn8683] ❌ 错误 | 原子数：21
  - 正确映射：[ 7  0  3  5 20  8 17 19  6 10 11 15 16 14  2  9  4 12 18 13  1]
  - 预测映射：[ 0  3  7  5 20  8 17 15 19 14 11 16  6 10  2  9  4 12 18 13  1]
[test_sample_09147] [T1x_rxn9891] ❌ 错误 | 原子数：21
  - 正确映射：[ 8 13 19  2  5 10  0 18 17  9  3 20 11  7  1 12  4  6 16 14 15]
  - 预测映射：[ 8 13  2  5 19 10  0 18 20  9  3 17  1 12  4 16 11 14  6 15  7]
[test_sample_09148] [T1x_rxn9892] ❌ 错误 | 原子数：21
  - 正确映射：[ 6 20 18 19  8 16  3 13 10  4 15 12  0  7  1  5 14  9 17  2 11]
  - 预测映射：[18 20  6 19  8 16  3 12  0  5  7 15  4 13 14 10  1  2 17  9 11]
[test_sample_09149] [T1x_rxn7170] ❌ 错误 | 原子数：11
  - 正确映射：[ 9  1  6  4  0  5 10  2  7  8  3]
  - 预测映射：[ 1  9  6  5  4  0 10  2  8  7  3]
[test_sample_09150] [T1x_rxn7171] ❌ 错误 | 原子数：11
  - 正确映射：[ 7  1  0  4 10  3  9  5  8  6  2]
  - 预测映射：[ 7  1  0  4 10  3  9  5  8  2  6]
[test_sample_09151] [T1x_rxn7172] ✅ 严格正确 | 原子数：11
[test_sample_09152] [T1x_rxn7173] ✅ 严格正确 | 原子数：11
[test_sample_09153] [T1x_rxn7174] ❌ 错误 | 原子数：11
  - 正确映射：[ 5  1  8 10  6  2  3  9  4  7  0]
  - 预测映射：[ 5  1  8 10  6  2  3  9  7  4  0]
[test_sample_09154] [T1x_rxn8013] ❌ 错误 | 原子数：11
  - 正确映射：[ 0  2  8  5  6  7  9  1  3 10  4]
  - 预测映射：[ 8  7  2  6  5  0  9  4 10  3  1]
[test_sample_09155] [T1x_rxn8014] ✅ 严格正确 | 原子数：11
[test_sample_09156] [T1x_rxn8015] ✅ 严格正确 | 原子数：11
[test_sample_09157] [T1x_rxn8016] ✅ 严格正确 | 原子数：11
[test_sample_09158] [T1x_rxn8017] ❌ 错误 | 原子数：11
  - 正确映射：[ 3  6  4  9  8  5  7  2 10  1  0]
  - 预测映射：[ 6  3  4  9  8  5  7  2 10  1  0]
[test_sample_09159] [T1x_rxn8018] ❌ 错误 | 原子数：11
  - 正确映射：[ 1  7  3  9  0  4  8  5  2 10  6]
  - 预测映射：[ 4  0  3  9  1  7  8  6 10  2  5]
[test_sample_09160] [T1x_rxn8019] ✅ 严格正确 | 原子数：11
[test_sample_09161] [T1x_rxn8020] ❌ 错误 | 原子数：11
  - 正确映射：[ 3  6  0  7 10  5  2  1  4  9  8]
  - 预测映射：[ 3  6  7 10  5  0  2  1  9  8  4]
[test_sample_09162] [T1x_rxn8021] ✅ 严格正确 | 原子数：11
[test_sample_09163] [T1x_rxn8022] ❌ 错误 | 原子数：11
  - 正确映射：[ 8 10  5  6  1  7  2  0  4  3  9]
  - 预测映射：[ 8 10  5  6  1  7  2  0  4  9  3]
[test_sample_09164] [T1x_rxn8497] ❌ 错误 | 原子数：11
  - 正确映射：[ 5  3  4  7  1  2 10  6  0  8  9]
  - 预测映射：[ 5  3  4  7  1  2 10  6  8  0  9]
[test_sample_09165] [T1x_rxn8498] ❌ 错误 | 原子数：11
  - 正确映射：[ 9  4 10  3  5  1  2  6  0  7  8]
  - 预测映射：[ 3 10  9  4  5  1  2  0  7  6  8]
[test_sample_09166] [T1x_rxn8499] ❌ 错误 | 原子数：11
  - 正确映射：[ 4  0  8  1  3  2  5  6  7  9 10]
  - 预测映射：[ 4  0  8  1  3  2  5  7  9  6 10]
[test_sample_09167] [T1x_rxn8500] ✅ 严格正确 | 原子数：11
[test_sample_09168] [T1x_rxn8501] ❌ 错误 | 原子数：11
  - 正确映射：[ 5  0 10  1  9  7  8  4  3  2  6]
  - 预测映射：[ 5 10  0  1  9  7  8  3  2  4  6]
[test_sample_09169] [T1x_rxn9931] ✅ 严格正确 | 原子数：11
[test_sample_09170] [T1x_rxn9932] ❌ 错误 | 原子数：11
  - 正确映射：[ 0  8  5  3  2  4  6  7  9 10  1]
  - 预测映射：[ 0  8  5  3  4  2  6  9  7  1 10]
[test_sample_09171] [T1x_rxn9997] ❌ 错误 | 原子数：11
  - 正确映射：[ 9  3  4  0  5  1 10  8  7  6  2]
  - 预测映射：[ 9  3  4  0  5 10  1  8  7  6  2]
[test_sample_09172] [T1x_rxn9998] ❌ 错误 | 原子数：11
  - 正确映射：[ 6  4  7  1 10  8  3  9  5  0  2]
  - 预测映射：[ 6  4  7  1 10  8  3  0  9  5  2]
[test_sample_09173] [T1x_rxn8279] ❌ 错误 | 原子数：12
  - 正确映射：[ 1  3 11  7 10  2  0  8  6  4  5  9]
  - 预测映射：[ 0  2 10  7 11  1  3  9  5  4  6  8]
[test_sample_09174] [T1x_rxn8280] ❌ 错误 | 原子数：12
  - 正确映射：[ 7  8  2  5  3  0 10  1  4  9  6 11]
  - 预测映射：[10  7  8  5  2  0  3 11  1  9  4  6]
[test_sample_09175] [T1x_rxn8281] ❌ 错误 | 原子数：12
  - 正确映射：[ 6  3 11  9  4  8  0  7  5 10  2  1]
  - 预测映射：[ 0  8  6  9  3 11  4  1  7 10  5  2]
[test_sample_09176] [T1x_rxn8282] ✅ 严格正确 | 原子数：12
[test_sample_09177] [T1x_rxn8283] ❌ 错误 | 原子数：12
  - 正确映射：[ 7  4  6  5 10  1  0  2 11  8  3  9]
  - 预测映射：[ 7  4  6  5 10  1  0  2 11  3  8  9]
[test_sample_09178] [T1x_rxn8284] ❌ 错误 | 原子数：12
  - 正确映射：[10  6  2  3  0  8  9  4  1 11  7  5]
  - 预测映射：[ 9  8  0  3  2  6 10  5 11  7  1  4]
[test_sample_09179] [T1x_rxn8285] ❌ 错误 | 原子数：12
  - 正确映射：[ 5  1 11  2  4  3  0  7  8  9  6 10]
  - 预测映射：[ 5  1 11  2  4  3  0  7  9  8  6 10]
[test_sample_09180] [T1x_rxn9959] ❌ 错误 | 原子数：12
  - 正确映射：[ 2 10  0  6  5  8  3  4  9  1 11  7]
  - 预测映射：[ 3  8  5  6  0 10  2  7 11  1  9  4]
[test_sample_09181] [T1x_rxn0912] ❌ 错误 | 原子数：12
  - 正确映射：[ 8  1  0  2  5  3 11  9  6  7  4 10]
  - 预测映射：[ 3  5  2  0  1  8  9  4  7 11 10  6]
[test_sample_09182] [T1x_rxn0913] ❌ 错误 | 原子数：12
  - 正确映射：[ 2  6  9 11  0 10  7  5  8  1  3  4]
  - 预测映射：[ 2 10  0 11  9  6  3  7  5  8  4  1]
[test_sample_09183] [T1x_rxn1903] ❌ 错误 | 原子数：12
  - 正确映射：[ 7  4  9  6 10  2  8  3  0  1  5 11]
  - 预测映射：[ 6  9  4  7  2 10  0  5  3  8 11  1]
[test_sample_09184] [T1x_rxn1904] ❌ 错误 | 原子数：12
  - 正确映射：[ 6  4  3 11  8  0 10  9  1  2  7  5]
  - 预测映射：[11  8  0  6  4  3  2  7  5 10  9  1]
[test_sample_09185] [T1x_rxn1992] ❌ 错误 | 原子数：12
  - 正确映射：[ 9  0 10 11  1  2  5  6  3  8  4  7]
  - 预测映射：[ 9  0 10 11  1  2  5  6  4  8  3  7]
[test_sample_09186] [T1x_rxn1993] ✅ 严格正确 | 原子数：12
[test_sample_09187] [T1x_rxn2874] ❌ 错误 | 原子数：12
  - 正确映射：[ 7 11  5  3  9  1  8  6  0  2  4 10]
  - 预测映射：[ 7  5  3  1  9 11  8  0  4  2 10  6]
[test_sample_09188] [T1x_rxn2875] ❌ 错误 | 原子数：12
  - 正确映射：[ 5  4  0 10  1  3  6  7  8  9  2 11]
  - 预测映射：[ 0  5  1 10  3  4  8  6  2 11  9  7]
[test_sample_09189] [T1x_rxn3177] ❌ 错误 | 原子数：12
  - 正确映射：[ 6  2  5  1 10  4  7 11  3  8  0  9]
  - 预测映射：[ 6  2  5  1 10  4  3 11  7  8  0  9]
[test_sample_09190] [T1x_rxn3178] ❌ 错误 | 原子数：12
  - 正确映射：[ 0  3  6  5 10  4  2  9  8 11  1  7]
  - 预测映射：[ 0  3  6  5  4 10  2  9  8 11  1  7]
[test_sample_09191] [T1x_rxn3179] ❌ 错误 | 原子数：12
  - 正确映射：[ 1  7 10  8  9  4  5  3  6  0 11  2]
  - 预测映射：[ 7  9  4  1 10  8  6  3  0  2  5 11]
[test_sample_09192] [T1x_rxn3454] ❌ 错误 | 原子数：12
  - 正确映射：[ 7  2 10  3  5  9  4  8 11  6  1  0]
  - 预测映射：[ 7 10  2  3  5  9  8 11  4  1  6  0]
[test_sample_09193] [T1x_rxn3455] ❌ 错误 | 原子数：12
  - 正确映射：[11  7 10  0  3  6  5  1  2  8  4  9]
  - 预测映射：[11  7 10  0  6  3  2  1  5  4  8  9]
[test_sample_09194] [T1x_rxn9154] ✅ 严格正确 | 原子数：12
[test_sample_09195] [T1x_rxn9172] ❌ 错误 | 原子数：12
  - 正确映射：[11  6  2  0 10  5  3  7  1  8  9  4]
  - 预测映射：[11  6  2  0 10  5  3  1  8  9  7  4]
[test_sample_09196] [T1x_rxn9173] ❌ 错误 | 原子数：12
  - 正确映射：[ 5  6  0 10  2  3  8  7 11  4  9  1]
  - 预测映射：[ 5  6  0  3 10  2  8  7 11  4  9  1]
[test_sample_09197] [T1x_rxn9174] ❌ 错误 | 原子数：12
  - 正确映射：[10  6  9  4  7  1  5  2  8 11  0  3]
  - 预测映射：[10  6  9  4  7  1  2  8  5 11  0  3]
[test_sample_09198] [T1x_rxn9311] ❌ 错误 | 原子数：12
  - 正确映射：[ 4  7  6 10  5  8 11  1  0  9  3  2]
  - 预测映射：[ 6  5  7  4 10  8 11  1  3  9  0  2]
[test_sample_09199] [T1x_rxn9312] ❌ 错误 | 原子数：12
  - 正确映射：[ 9  2  8  7 11  0  1 10  3  6  4  5]
  - 预测映射：[ 2  8 11  0  7  9  6  3 10  1  5  4]
[test_sample_09200] [T1x_rxn9313] ❌ 错误 | 原子数：12
  - 正确映射：[ 8  7 11  3  2  6  5  4  9 10  0  1]
  - 预测映射：[ 3 11  7  8  2  6  9  5  0 10  4  1]
[test_sample_09201] [T1x_rxn9314] ❌ 错误 | 原子数：12
  - 正确映射：[ 9  0  5  1  3  2  4 11  8  6  7 10]
  - 预测映射：[ 9  0  3  2  5  1  4 11  7  6  8 10]
[test_sample_09202] [T1x_rxn9315] ❌ 错误 | 原子数：12
  - 正确映射：[ 8  2  6  3  5  1  9 10  7  0  4 11]
  - 预测映射：[ 8  2  5  1  6  3  9  7 10  0 11  4]
[test_sample_09203] [T1x_rxn9320] ❌ 错误 | 原子数：12
  - 正确映射：[ 2  1 10  5  3  7  9  0 11  6  4  8]
  - 预测映射：[ 2  1 10  5  3  7  9 11  4  0  8  6]
[test_sample_09204] [T1x_rxn9321] ❌ 错误 | 原子数：12
  - 正确映射：[ 2  5  7  6  3  8  9 10  0  1 11  4]
  - 预测映射：[ 2  5  7  6  3  8  9  0 10 11  1  4]
[test_sample_09205] [T1x_rxn9349] ❌ 错误 | 原子数：12
  - 正确映射：[ 6  9  4  5 11  1  0  7  8 10  2  3]
  - 预测映射：[ 6  9  4  5 11  1  0  8  7 10  2  3]
[test_sample_09206] [T1x_rxn9350] ❌ 错误 | 原子数：12
  - 正确映射：[ 0 11  7  5  8  6  4  2  3  1  9 10]
  - 预测映射：[ 0 11  6  8  7  5  2  3  4  9 10  1]
[test_sample_09207] [T1x_rxn4957] ❌ 错误 | 原子数：13
  - 正确映射：[ 5 12  2  0 10  7  4  1  8  3  6 11  9]
  - 预测映射：[ 5 12  2  0 10  7  4  1  6  3  8  9 11]
[test_sample_09208] [T1x_rxn4958] ✅ 严格正确 | 原子数：13
[test_sample_09209] [T1x_rxn4959] ❌ 错误 | 原子数：13
  - 正确映射：[ 1  8  2  9 12 10  6 11  4  5  0  3  7]
  - 预测映射：[ 1  8 12  2  9 10  6 11  4  5  0  7  3]
[test_sample_09210] [T1x_rxn4960] ✅ 严格正确 | 原子数：13
[test_sample_09211] [T1x_rxn4961] ✅ 严格正确 | 原子数：13
[test_sample_09212] [T1x_rxn4962] ❌ 错误 | 原子数：13
  - 正确映射：[ 2  3 10  4  9 12  6  7 11  5  1  8  0]
  - 预测映射：[ 2  3  4 10  6 12  9  7  0  5  8  1 11]
[test_sample_09213] [T1x_rxn4963] ❌ 错误 | 原子数：13
  - 正确映射：[ 6  4  7  8  3 12 10  1  0  9  5  2 11]
  - 预测映射：[ 6  4  7 10  8 12  3  1  0 11  2  5  9]
[test_sample_09214] [T1x_rxn6066] ❌ 错误 | 原子数：13
  - 正确映射：[ 2 12  9  7  1  6 10  8  4  3  5  0 11]
  - 预测映射：[ 2 12  9  6 10  7  1  3  4  8 11  5  0]
[test_sample_09215] [T1x_rxn6067] ❌ 错误 | 原子数：13
  - 正确映射：[ 1 12 10  9 11  2  5  7  3  8  6  0  4]
  - 预测映射：[ 1 12 10  9 11  2  5  7  8  3  6  0  4]
[test_sample_09216] [T1x_rxn6068] ✅ 严格正确 | 原子数：13
[test_sample_09217] [T1x_rxn6069] ✅ 严格正确 | 原子数：13
[test_sample_09218] [T1x_rxn6070] ✅ 严格正确 | 原子数：13
[test_sample_09219] [T1x_rxn6071] ❌ 错误 | 原子数：13
  - 正确映射：[ 3  2  0  4  5  6 10 11 12  9  8  1  7]
  - 预测映射：[ 3  2  0  5  4  6 10 11 12  9  8  1  7]
[test_sample_09220] [T1x_rxn6297] ❌ 错误 | 原子数：13
  - 正确映射：[ 4 12  5  3  0 11 10  2  7  1  8  9  6]
  - 预测映射：[ 4 11 10 12  5  3  0  2  6  7  8  1  9]
[test_sample_09221] [T1x_rxn6298] ✅ 严格正确 | 原子数：13
[test_sample_09222] [T1x_rxn6299] ❌ 错误 | 原子数：13
  - 正确映射：[ 7  9  6  4 11  8  3  2  0  5  1 10 12]
  - 预测映射：[ 7  9  6  4 11  8  3  5  0  1 12 10  2]
[test_sample_09223] [T1x_rxn6300] ❌ 错误 | 原子数：13
  - 正确映射：[ 9  0  7  1  5  2  3 10  8 12  4 11  6]
  - 预测映射：[ 9  0  7  1  5  2  3  8  4 12 11 10  6]
[test_sample_09224] [T1x_rxn6301] ❌ 错误 | 原子数：13
  - 正确映射：[ 2  9 12  8  4 10  5  1  3  7  0  6 11]
  - 预测映射：[ 2 12  8  5  4  9 10  1  7  6  0 11  3]
[test_sample_09225] [T1x_rxn6302] ✅ 严格正确 | 原子数：13
[test_sample_09226] [T1x_rxn6303] ❌ 错误 | 原子数：13
  - 正确映射：[ 0 11 12  4  7  9  6  8  1 10  5  3  2]
  - 预测映射：[ 0 11 12  4  7  6  9  8  1 10  5  3  2]
[test_sample_09227] [T1x_rxn6304] ❌ 错误 | 原子数：13
  - 正确映射：[ 8 12  2  0  6 11  7  1  3 10  4  9  5]
  - 预测映射：[ 8 12  6  0  2 11  7  4  1  9 10  3  5]
[test_sample_09228] [T1x_rxn6305] ✅ 严格正确 | 原子数：13
[test_sample_09229] [T1x_rxn6306] ❌ 错误 | 原子数：13
  - 正确映射：[ 7  0 11  3  5  9  1 10  4 12  8  6  2]
  - 预测映射：[ 7  0 11  3  5  9  1 10  8  4 12  6  2]
[test_sample_09230] [T1x_rxn6307] ❌ 错误 | 原子数：13
  - 正确映射：[ 0  4  6  2  8 10 12  1 11  7  3  5  9]
  - 预测映射：[ 0  4  6  2  8 10 12  1 11  3  7  5  9]
[test_sample_09231] [T1x_rxn6308] ✅ 严格正确 | 原子数：13
[test_sample_09232] [T1x_rxn6309] ❌ 错误 | 原子数：13
  - 正确映射：[ 0  2  7  8  4  1  3  9  6 12  5 10 11]
  - 预测映射：[ 0  2  7  3  4  1  8  9 10 11  5  6 12]
[test_sample_09233] [T1x_rxn6310] ❌ 错误 | 原子数：13
  - 正确映射：[ 1  4  8 12  5 11  2  6  3  7 10  9  0]
  - 预测映射：[ 1  4  8  2  5 11 12  6  9  7  0  3 10]
[test_sample_09234] [T1x_rxn6311] ❌ 错误 | 原子数：13
  - 正确映射：[ 4 11  3  7  1  2  6 12  5 10  0  8  9]
  - 预测映射：[ 4 11  7  1  6  2  3 12 10  8  0  5  9]
[test_sample_09235] [T1x_rxn6312] ❌ 错误 | 原子数：13
  - 正确映射：[ 4  7  5  2  8 11  0 10  6 12  1  3  9]
  - 预测映射：[ 4  7  5  2  8 11  0 10  6  1 12  9  3]
[test_sample_09236] [T1x_rxn8061] ❌ 错误 | 原子数：13
  - 正确映射：[10  3  6  9  1  7 11  5 12  2  4  0  8]
  - 预测映射：[10  3  6  9  1  7 11 12  8  2  4  5  0]
[test_sample_09237] [T1x_rxn8062] ❌ 错误 | 原子数：13
  - 正确映射：[ 7  6 10  4  5  1  3 11  8  0  2 12  9]
  - 预测映射：[ 7  6  1  5  4 10  3 11 12  2  0  8  9]
[test_sample_09238] [T1x_rxn8063] ✅ 严格正确 | 原子数：13
[test_sample_09239] [T1x_rxn8064] ❌ 错误 | 原子数：13
  - 正确映射：[ 9 10  7  3 12  4  0  1  6  5  2  8 11]
  - 预测映射：[ 9  0  4 12  3  7 10 11  8  2  5  6  1]
[test_sample_09240] [T1x_rxn8065] ❌ 错误 | 原子数：13
  - 正确映射：[ 9  0  5  6  1  3 10 12  8  4 11  2  7]
  - 预测映射：[ 9 10  3  1  6  5  0  7  2 11  4  8 12]
[test_sample_09241] [T1x_rxn9493] ❌ 错误 | 原子数：13
  - 正确映射：[ 5  7  2  4  3  6  8 10  0 11  9  1 12]
  - 预测映射：[ 5  7  2  3  4  6  8 10  9  0 11 12  1]
[test_sample_09242] [T1x_rxn9494] ❌ 错误 | 原子数：13
  - 正确映射：[10  4  6  2  9  5  1 12  0 11  7  8  3]
  - 预测映射：[10  4  6  2  9  5  1 12  7 11  0  3  8]
[test_sample_09243] [T1x_rxn9647] ✅ 严格正确 | 原子数：13
[test_sample_09244] [T1x_rxn9684] ❌ 错误 | 原子数：13
  - 正确映射：[10  8  7  9 11  5  6  3  1  0 12  2  4]
  - 预测映射：[10  6  9 11  7  5  8  1  4  2  0 12  3]
[test_sample_09245] [T1x_rxn9685] ❌ 错误 | 原子数：13
  - 正确映射：[ 2  7  4  8 10  5  3  6  1  0 11 12  9]
  - 预测映射：[ 2  3 10  8  4  5  7  1  9 12  0 11  6]
[test_sample_09246] [T1x_rxn9686] ❌ 错误 | 原子数：13
  - 正确映射：[ 9  3 12  1  7  5  2  0 10  8 11  6  4]
  - 预测映射：[ 9  3  7  1 12  5  2 10  0  8  6 11  4]
[test_sample_09247] [T1x_rxn9687] ❌ 错误 | 原子数：13
  - 正确映射：[11  3  4 12 10  2  7  8  1  0  6  5  9]
  - 预测映射：[11  3 12  4  7  2 10  8  1  5  9  0  6]
[test_sample_09248] [T1x_rxn10041] ❌ 错误 | 原子数：14
  - 正确映射：[10  1  3 12  7  0 13  6  2  5  8  9 11  4]
  - 预测映射：[10  1 13 12  7  0  3  2  6  5  4  9 11  8]
[test_sample_09249] [T1x_rxn10042] ❌ 错误 | 原子数：14
  - 正确映射：[ 6 11  3 10  9  5 13  0  2 12  4  1  7  8]
  - 预测映射：[ 6 11  3 10  9  5 13 12  0  2  4  1  7  8]
[test_sample_09250] [T1x_rxn7341] ✅ 严格正确 | 原子数：14
[test_sample_09251] [T1x_rxn7342] ❌ 错误 | 原子数：14
  - 正确映射：[ 8  7  0  9  6  5  2 13 10  4  1 11  3 12]
  - 预测映射：[ 0  5  7  9  6  2  8  3 11 12 13  1 10  4]
[test_sample_09252] [T1x_rxn7343] ❌ 错误 | 原子数：14
  - 正确映射：[12 10 11  6  2  9  7  0  1  4 13  3  5  8]
  - 预测映射：[11  9  7  6  2 10 12  5  3  1 13  0  8  4]
[test_sample_09253] [T1x_rxn7344] ❌ 错误 | 原子数：14
  - 正确映射：[13 10  3 12  2 11  8  7  4  0  9  1  5  6]
  - 预测映射：[13 10  3 12  2  8 11  7  4  0  9  1  5  6]
[test_sample_09254] [T1x_rxn7345] ✅ 严格正确 | 原子数：14
[test_sample_09255] [T1x_rxn8331] ❌ 错误 | 原子数：14
  - 正确映射：[ 3  5  9 11  4  1 12  0 13  2  7  6 10  8]
  - 预测映射：[ 1  3  5 11  4 12  9  0 10 13  2  6  8  7]
[test_sample_09256] [T1x_rxn8332] ❌ 错误 | 原子数：14
  - 正确映射：[ 7 13  0  5  6 11  4  2 12 10  1  3  8  9]
  - 预测映射：[ 7 13  0  5  6 11  4  2 12  1 10  3  8  9]
[test_sample_09257] [T1x_rxn8333] ❌ 错误 | 原子数：14
  - 正确映射：[ 5 13  1  9 11  6  3 10  8  2  0 12  7  4]
  - 预测映射：[13  5  3  6 11  9  1  2  8 10  4  7 12  0]
[test_sample_09258] [T1x_rxn8334] ❌ 错误 | 原子数：14
  - 正确映射：[ 6  5  3  8  7 12 13  0  1 10  4  2 11  9]
  - 预测映射：[12 13  3  8  7  6  5  0 11  9  4  2  1 10]
[test_sample_09259] [T1x_rxn8335] ❌ 错误 | 原子数：14
  - 正确映射：[ 5  6 11  9  3  2  4  7  0  8 10 12 13  1]
  - 预测映射：[ 2  5  6  9  3  4 11 13  0  7  8 12  1 10]
[test_sample_09260] [T1x_rxn8336] ✅ 严格正确 | 原子数：14
[test_sample_09261] [T1x_rxn8337] ❌ 错误 | 原子数：14
  - 正确映射：[10  6  5  9 13  1  3  8 12  7  0 11  2  4]
  - 预测映射：[ 6 10  3  1 13  5  9  8  7 12  4  2 11  0]
[test_sample_09262] [T1x_rxn8338] ✅ 严格正确 | 原子数：14
[test_sample_09263] [T1x_rxn8339] ❌ 错误 | 原子数：14
  - 正确映射：[ 2  4  3  1 13 11  6  9 12  8  0  5  7 10]
  - 预测映射：[ 3  6  2 11 13  1  4  0  5 10  9  7  8 12]
[test_sample_09264] [T1x_rxn8340] ❌ 错误 | 原子数：14
  - 正确映射：[13  6  8  9  1 10  4  2  3 11  7 12  0  5]
  - 预测映射：[10 13  6  8  1  4  9  3  0  2 11  7  5 12]
[test_sample_09265] [T1x_rxn8341] ❌ 错误 | 原子数：14
  - 正确映射：[ 0  1  2 11  5  3 12  6  9 13  8  4  7 10]
  - 预测映射：[ 2  1 11  0  5  3 12  8  6 13  4  9  7 10]
[test_sample_09266] [T1x_rxn8342] ❌ 错误 | 原子数：14
  - 正确映射：[ 5  6  4 11  0 12  1  3  7 10 13  2  8  9]
  - 预测映射：[ 6  4  1 11  0  5 12 10  7 13  9  2  3  8]
[test_sample_09267] [T1x_rxn8343] ❌ 错误 | 原子数：14
  - 正确映射：[11  2  4  0  5  9  6 13 10 12  3  8  1  7]
  - 预测映射：[ 9  6  4  0  5 11  2 13  1  7  3  8 10 12]
[test_sample_09268] [T1x_rxn8344] ❌ 错误 | 原子数：14
  - 正确映射：[ 9  2  1  4  7  3 13  8  5  6 10  0 12 11]
  - 预测映射：[ 9  3 13  4  7  2  1  8  5 12 11  0  6 10]
[test_sample_09269] [T1x_rxn8345] ❌ 错误 | 原子数：14
  - 正确映射：[12  5 10 11  2  0  7  8  3  1 13  6  4  9]
  - 预测映射：[ 0 12  5 10  2  7 11  4  8  3  1 13  9  6]
[test_sample_09270] [T1x_rxn8346] ❌ 错误 | 原子数：14
  - 正确映射：[12  7  3  0  8  4 13 10  5  1  9  2  6 11]
  - 预测映射：[12  4 13  3  8  7  0  5 10  6 11  9  1  2]
[test_sample_09271] [T1x_rxn8347] ❌ 错误 | 原子数：14
  - 正确映射：[ 9 11  3 13 10  5  4 12  1  7  2  0  6  8]
  - 预测映射：[13  3  4  9 10 11  5  2  0  7 12  1  8  6]
[test_sample_09272] [T1x_rxn8348] ❌ 错误 | 原子数：14
  - 正确映射：[ 0  4  3  5  1 13  8 11  7 12 10  6  9  2]
  - 预测映射：[13  0  4  5  1  8  3 11  9  7 12  6  2 10]
[test_sample_09273] [T1x_rxn8409] ❌ 错误 | 原子数：14
  - 正确映射：[ 7 10 13  1  3  8  2  4 12 11  9  5  0  6]
  - 预测映射：[ 7 10 13  2  8  3  1  4  0  6  5  9 12 11]
[test_sample_09274] [T1x_rxn8410] ✅ 严格正确 | 原子数：14
[test_sample_09275] [T1x_rxn8411] ❌ 错误 | 原子数：14
  - 正确映射：[13  2  5 10  6  3 12  8  9  1 11  0  7  4]
  - 预测映射：[13  2 12  3  6 10  5  7 11  0  9  1  8  4]
[test_sample_09276] [T1x_rxn8412] ❌ 错误 | 原子数：14
  - 正确映射：[ 8  9 11  5  2  0  1 10  3 13  4 12  7  6]
  - 预测映射：[ 8  9 11  1  0  2  5  3 12  7  6  4 10 13]
[test_sample_09277] [T1x_rxn8413] ❌ 错误 | 原子数：14
  - 正确映射：[ 7  6  1  9  2  4  5 13 10  8 11  3  0 12]
  - 预测映射：[ 7  6  1  5  4  2  9 13  3  0 12  8 11 10]
[test_sample_09278] [T1x_rxn8414] ❌ 错误 | 原子数：14
  - 正确映射：[ 2 11  4  1 10  7  6 12  0 13  9  5  3  8]
  - 预测映射：[ 2 11  6  7 10  1  4  8  3  5  9 13  0 12]
[test_sample_09279] [T1x_rxn8415] ❌ 错误 | 原子数：14
  - 正确映射：[10 12  0  4 13  7  6  9  1 11  3  8  2  5]
  - 预测映射：[10 12  6  0  4 13  7  2  1  9 11  5  3  8]
[test_sample_09280] [T1x_rxn8416] ❌ 错误 | 原子数：14
  - 正确映射：[ 7  8  9  4  1 12  6  5  2 13 11 10  3  0]
  - 预测映射：[ 7  8  9 12  4  1  6  5 10  2 13 11  3  0]
[test_sample_09281] [T1x_rxn8417] ❌ 错误 | 原子数：14
  - 正确映射：[ 0  7 11  1  4  3 10 13 12  9  6  2  5  8]
  - 预测映射：[ 0  7 11 10  3  4  1 13  5  8  2  6 12  9]
[test_sample_09282] [T1x_rxn8418] ❌ 错误 | 原子数：14
  - 正确映射：[ 5  0  9  2  6 12 11  3  8 13  1  4 10  7]
  - 预测映射：[ 5  6  0  9 11  2 12  8 10  3  7 13  4  1]
[test_sample_09283] [T1x_rxn8419] ❌ 错误 | 原子数：14
  - 正确映射：[13  7  0  3  9 11  5  2 12  8  1  6  4 10]
  - 预测映射：[13  9  7  0  5  3 11 12  4  2 10  8  6  1]
[test_sample_09284] [T1x_rxn8420] ✅ 严格正确 | 原子数：14
[test_sample_09285] [T1x_rxn8421] ❌ 错误 | 原子数：14
  - 正确映射：[ 9  0  3 12  6 10 13  1  2  8  4  5  7 11]
  - 预测映射：[ 9  0  3 12 10  6 13  1  2  8  4  5  7 11]
[test_sample_09286] [T1x_rxn8422] ❌ 错误 | 原子数：14
  - 正确映射：[10  4  5  6  3  9 13 12  1  2  8 11  7  0]
  - 预测映射：[10  4  5 13  9  3  6  1 12  7  0 11  2  8]
[test_sample_09287] [T1x_rxn8778] ❌ 错误 | 原子数：14
  - 正确映射：[ 8  6 13 11  3 12  7  5  0  4  1  2  9 10]
  - 预测映射：[ 8  6  7 11 13 12  3  4  5  0  1  2  9 10]
[test_sample_09288] [T1x_rxn8779] ✅ 严格正确 | 原子数：14
[test_sample_09289] [T1x_rxn8780] ❌ 错误 | 原子数：14
  - 正确映射：[ 4  7 10  9  8  6  2 13 12  1  0  3 11  5]
  - 预测映射：[ 4  7  8  9 10  6  2  1 12 13 11  3  0  5]
[test_sample_09290] [T1x_rxn8781] ✅ 严格正确 | 原子数：14
[test_sample_09291] [T1x_rxn8782] ❌ 错误 | 原子数：14
  - 正确映射：[10  1 12  8  5  2  7 13  6  3  4  0  9 11]
  - 预测映射：[10  1  5  8 12  2  7  6 13  3  9  0  4 11]
[test_sample_09292] [T1x_rxn8783] ❌ 错误 | 原子数：14
  - 正确映射：[13 11  9  1  6  2  8 12  4  5  7  0 10  3]
  - 预测映射：[13 11  9  1  6  2  8 12  5  4  7  0 10  3]
[test_sample_09293] [T1x_rxn8784] ❌ 错误 | 原子数：14
  - 正确映射：[ 6  0  8  1  5 12  4  2  7 10 11 13  3  9]
  - 预测映射：[ 6  0  5  1  4 12  8  7 10  2  3 13  9 11]
[test_sample_09294] [T1x_rxn9986] ❌ 错误 | 原子数：14
  - 正确映射：[13 10 12  8  5  9  0  2  6  3 11  4  1  7]
  - 预测映射：[13 10 12  8  5  9  0  1  2  3 11  4  7  6]
[test_sample_09295] [T1x_rxn0651] ❌ 错误 | 原子数：14
  - 正确映射：[ 7 10  8  3 13 12  0  9  4 11  1  6  5  2]
  - 预测映射：[ 8  3 13 12  7 10  1 11  6  4  5  2  9  0]
[test_sample_09296] [T1x_rxn0652] ❌ 错误 | 原子数：14
  - 正确映射：[ 2 13 10  5  3  7  8  0 12  9  4  6  1 11]
  - 预测映射：[ 3  5 10 13  2  7 11  1  6  4  9 12  0  8]
[test_sample_09297] [T1x_rxn0653] ❌ 错误 | 原子数：14
  - 正确映射：[10 13 12  9  8  4  0  7  6  1 11  3  5  2]
  - 预测映射：[ 9 12 13 10  4  8  0  3 11  1  6  7  2  5]
[test_sample_09298] [T1x_rxn0654] ❌ 错误 | 原子数：14
  - 正确映射：[ 0  1  7 10  9 13 11 12  3  2  4  8  6  5]
  - 预测映射：[ 0 13  9 10  7  1 11 12  5  6  8  4  2  3]
[test_sample_09299] [T1x_rxn0655] ❌ 错误 | 原子数：14
  - 正确映射：[ 9  3  2  7  1 10  6  5  4 11  8 12  0 13]
  - 预测映射：[ 9  3  2  7  1 10 13  8  5  4 11 12  0  6]
[test_sample_09300] [T1x_rxn0656] ❌ 错误 | 原子数：14
  - 正确映射：[ 6 10  2  3  9  8  5  0  4  1 12  7 11 13]
  - 预测映射：[10  8  9  3  2  6  4  0  1 13 11  7 12  5]
[test_sample_09301] [T1x_rxn0657] ❌ 错误 | 原子数：14
  - 正确映射：[ 2  6  5  4  1 11  8 10  3 13  0 12  9  7]
  - 预测映射：[ 1  2 11  6  5  4  9 12  8  7 10  3  0 13]
[test_sample_09302] [T1x_rxn0658] ❌ 错误 | 原子数：14
  - 正确映射：[ 8  4  7 12  2  6  3  1  5  9  0 11 13 10]
  - 预测映射：[ 8 12  2  6  4  7  3  1  0 11 13 10  5  9]
[test_sample_09303] [T1x_rxn0659] ❌ 错误 | 原子数：14
  - 正确映射：[13  4  3  6  1 12  9  0 11 10  2  5  8  7]
  - 预测映射：[13  4  3  6  1 12 11  0  7 10  2  5  8  9]
[test_sample_09304] [T1x_rxn0660] ✅ 严格正确 | 原子数：14
[test_sample_09305] [T1x_rxn0661] ❌ 错误 | 原子数：14
  - 正确映射：[ 9 13  1  3  2  6  5 10 12  4 11  8  7  0]
  - 预测映射：[ 9 13  1  3  2  6  5 10 12  4 11  7  8  0]
[test_sample_09306] [T1x_rxn0662] ❌ 错误 | 原子数：14
  - 正确映射：[13  3  9 12  5  8 11  1  6 10  7  2  4  0]
  - 预测映射：[ 3 13  9 12  5  8 11  6  1  7 10  2  4  0]
[test_sample_09307] [T1x_rxn0663] ❌ 错误 | 原子数：14
  - 正确映射：[ 1  0  2  9  6 12 13 10  4  8  3  5  7 11]
  - 预测映射：[12  1  0  2  9  6 11 10  8  4 13  3  5  7]
[test_sample_09308] [T1x_rxn0694] ❌ 错误 | 原子数：14
  - 正确映射：[10  0  2  6 12  4  3  8  5 11 13  7  1  9]
  - 预测映射：[12  0  6 10  4  2  8  9 13  1  5  3  7 11]
[test_sample_09309] [T1x_rxn0695] ❌ 错误 | 原子数：14
  - 正确映射：[ 9 11  8  2  7 12  0  5 10 13  1  4  6  3]
  - 预测映射：[12  7  2  8 11  9  3 10  5  1  4  6 13  0]
[test_sample_09310] [T1x_rxn0696] ❌ 错误 | 原子数：14
  - 正确映射：[10  3  0  7  9  5  2  1  4 11 13 12  8  6]
  - 预测映射：[10  3  0  7  9  5  1  4  2  8 11 13 12  6]
[test_sample_09311] [T1x_rxn2061] ❌ 错误 | 原子数：14
  - 正确映射：[ 7  3  4  8 11  5  9 10  6  2  0  1 13 12]
  - 预测映射：[11  3  5  8  4  7  1 13  9 12  6  0  2 10]
[test_sample_09312] [T1x_rxn2062] ❌ 错误 | 原子数：14
  - 正确映射：[ 2 11  9  8  5  0 10  1  3  6  4 13 12  7]
  - 预测映射：[11  9  8  0  5  2 10  3  6  4 13  7 12  1]
[test_sample_09313] [T1x_rxn2063] ✅ 严格正确 | 原子数：14
[test_sample_09314] [T1x_rxn2064] ❌ 错误 | 原子数：14
  - 正确映射：[ 1  5  4  6  3  0  9  8 11 13 12 10  7  2]
  - 预测映射：[ 5  0  4  1  6  3 11 12  2 13 10  8  9  7]
[test_sample_09315] [T1x_rxn2605] ❌ 错误 | 原子数：14
  - 正确映射：[ 1 13 11  9  3  2 10  4  7  8 12  6  0  5]
  - 预测映射：[11  1 13  2  3  9  6 12  7 10  8  4  5  0]
[test_sample_09316] [T1x_rxn2606] ✅ 严格正确 | 原子数：14
[test_sample_09317] [T1x_rxn2607] ❌ 错误 | 原子数：14
  - 正确映射：[ 7  4  0 11  9  6  3  1 13  8  2  5 12 10]
  - 预测映射：[ 0  4  7 11  9  6  2  5 13  8  3  1 12 10]
[test_sample_09318] [T1x_rxn2608] ❌ 错误 | 原子数：14
  - 正确映射：[13  9  6  2 11  1  4  3  0  8 10 12  7  5]
  - 预测映射：[ 9 13  1 11  2  6  0  8  4  3 10  5  7 12]
[test_sample_09319] [T1x_rxn2609] ✅ 严格正确 | 原子数：14
[test_sample_09320] [T1x_rxn2610] ❌ 错误 | 原子数：14
  - 正确映射：[ 0  4 13  2  5 12  1  8  6 10 11  3  9  7]
  - 预测映射：[13  4  0  2  5 12 11  3  6 10  1  8  9  7]
[test_sample_09321] [T1x_rxn2611] ❌ 错误 | 原子数：14
  - 正确映射：[12  3  9  2  8  4  1 13 10  6  0 11  5  7]
  - 预测映射：[12  3  9  2  8  4 13 10  1  6  0 11  5  7]
[test_sample_09322] [T1x_rxn2767] ❌ 错误 | 原子数：14
  - 正确映射：[ 0  4  1 10  9  6  2 12  8 11 13  5  7  3]
  - 预测映射：[ 0  1  4 10  9  6 12  8  2 11 13  5  7  3]
[test_sample_09323] [T1x_rxn2768] ❌ 错误 | 原子数：14
  - 正确映射：[ 0  7 10  9  6 12 13  1 11  8  3  2  4  5]
  - 预测映射：[ 0  7 10  9  6 12 13 11  1  8  3  2  4  5]
[test_sample_09324] [T1x_rxn3956] ❌ 错误 | 原子数：14
  - 正确映射：[ 5  1  8  7 13  3  4 10  2  9 12 11  6  0]
  - 预测映射：[ 5  7  8  3  1 13  4 10 11 12  0  9  2  6]
[test_sample_09325] [T1x_rxn3957] ❌ 错误 | 原子数：14
  - 正确映射：[12  0 10  8  9  6  4  3 11  7  5  2  1 13]
  - 预测映射：[ 6  9  8 10  0 12  4 13  1  5  2  7 11  3]
[test_sample_09326] [T1x_rxn3958] ❌ 错误 | 原子数：14
  - 正确映射：[ 9  4  0  7 13  3  5  2 12  6  1  8 10 11]
  - 预测映射：[ 7  0  4  9 13  3  1  8  6 12  5  2 10 11]
[test_sample_09327] [T1x_rxn3959] ❌ 错误 | 原子数：14
  - 正确映射：[ 6 11  3  1  4 12  2  0 10  8  7  9  5 13]
  - 预测映射：[ 4  1  3 11  6 12  2  0  9  8 13 10  5  7]
[test_sample_09328] [T1x_rxn3960] ❌ 错误 | 原子数：14
  - 正确映射：[ 4  9  5  7 11 12  1 13  8 10  6  0  2  3]
  - 预测映射：[ 4  9  5  7 11 12  2  1  8 10  0 13  6  3]
[test_sample_09329] [T1x_rxn3961] ❌ 错误 | 原子数：14
  - 正确映射：[ 9  2 10  3  6  1  0  8  5 13 12  7 11  4]
  - 预测映射：[ 3 10  1  6  9  2  7 11 12  4  0  8  5 13]
[test_sample_09330] [T1x_rxn3962] ❌ 错误 | 原子数：14
  - 正确映射：[12  9  7  8  6 10  3  0 11 13  1  2  4  5]
  - 预测映射：[ 8  7 12  6 10  9  2  1 13  3  4  0  5 11]
[test_sample_09331] [T1x_rxn3963] ✅ 严格正确 | 原子数：14
[test_sample_09332] [T1x_rxn3964] ❌ 错误 | 原子数：14
  - 正确映射：[ 6 10 12  7 13  2  4  0  9  8  5 11  3  1]
  - 预测映射：[ 6  7 10 12  2 13  0  4 11  5  8  9  1  3]
[test_sample_09333] [T1x_rxn4233] ❌ 错误 | 原子数：14
  - 正确映射：[ 2  3 10  9  7 12  0 11  6  8  1  4  5 13]
  - 预测映射：[ 2  3 10  9  7 12  0  1 11  8  4  6  5 13]
[test_sample_09334] [T1x_rxn4234] ❌ 错误 | 原子数：14
  - 正确映射：[ 9  2  4  6 12  1  8 10 11  5  7 13  3  0]
  - 预测映射：[ 9  2  4  1 12  6  8 10  0  3  7 13  5 11]
[test_sample_09335] [T1x_rxn4235] ✅ 严格正确 | 原子数：14
[test_sample_09336] [T1x_rxn4236] ✅ 严格正确 | 原子数：14
[test_sample_09337] [T1x_rxn4237] ❌ 错误 | 原子数：14
  - 正确映射：[10 11  0  9  2  5  7  3  6 13 12  1  8  4]
  - 预测映射：[11 10  0  5  2  9  7  3  4  8 12  1 13  6]
[test_sample_09338] [T1x_rxn4238] ❌ 错误 | 原子数：14
  - 正确映射：[ 2  8 11 10  4  9 13  6  5 12  0  3  1  7]
  - 预测映射：[ 2  8 11 10  4  9 13 12  0  5  3  6  1  7]
[test_sample_09339] [T1x_rxn4269] ❌ 错误 | 原子数：14
  - 正确映射：[ 7  2 13  4 10  8  5  0  3  6 12  1  9 11]
  - 预测映射：[ 7  2 13 10  8  4  5  3  1  0  9 12  6 11]
[test_sample_09340] [T1x_rxn4270] ❌ 错误 | 原子数：14
  - 正确映射：[ 8  1  9 13  5  6  3  7 12  2 11 10  0  4]
  - 预测映射：[ 8  1  9 13  5  6  3  7 12 11 10  2  4  0]
[test_sample_09341] [T1x_rxn4271] ❌ 错误 | 原子数：14
  - 正确映射：[ 8 11  4  0 12  3  5  1  2 10 13  7  9  6]
  - 预测映射：[ 3 12  0 11  4  8  6 10 13  7  1  2  9  5]
[test_sample_09342] [T1x_rxn4272] ❌ 错误 | 原子数：14
  - 正确映射：[ 6  7 10 12  8  3  9  5  4  1 13  2  0 11]
  - 预测映射：[ 7  6 10 12  8  3  9  5  4  1 13  2  0 11]
[test_sample_09343] [T1x_rxn4273] ✅ 严格正确 | 原子数：14
[test_sample_09344] [T1x_rxn4611] ❌ 错误 | 原子数：14
  - 正确映射：[10  5 13  7  9  3  8 11 12  1  4  2  6  0]
  - 预测映射：[ 9  3  7 13 10  5  4  6  2  0  1 11  8 12]
[test_sample_09345] [T1x_rxn4612] ❌ 错误 | 原子数：14
  - 正确映射：[ 5  6 11 13  1  0 12  2 10  7  8  9  3  4]
  - 预测映射：[11 13  5  6  0  1 10  7  8  2 12  9  4  3]
[test_sample_09346] [T1x_rxn4613] ❌ 错误 | 原子数：14
  - 正确映射：[ 5  8  1 12  9 13  7  2  0  3  6 10 11  4]
  - 预测映射：[ 9 13 12  1  5  8 10 11  4  6  3  2  7  0]
[test_sample_09347] [T1x_rxn4614] ❌ 错误 | 原子数：14
  - 正确映射：[ 7  3 11  2  8  9  1 13 10  6 12  5  4  0]
  - 预测映射：[ 3 11  7  8  9  2  4 10  6 13  1  5  0 12]
[test_sample_09348] [T1x_rxn9011] ❌ 错误 | 原子数：14
  - 正确映射：[ 4  1 11  3  9  7 10 13  2  8  5 12  6  0]
  - 预测映射：[ 4 11  3  9  7  1 12 13  2  8  5  6  0 10]
[test_sample_09349] [T1x_rxn9012] ✅ 严格正确 | 原子数：14
[test_sample_09350] [T1x_rxn9268] ❌ 错误 | 原子数：14
  - 正确映射：[ 2  7  0  3  4  1 13 10 11  8 12  5  9  6]
  - 预测映射：[ 2  7  0  4  3  1 11 13 10  5  6  8  9 12]
[test_sample_09351] [T1x_rxn9428] ❌ 错误 | 原子数：14
  - 正确映射：[12  7  0  6  9 10  1  5  2 11  4 13  8  3]
  - 预测映射：[12  7  0  6 10  9  1  5  2 11  3  4 13  8]
[test_sample_09352] [T1x_rxn9429] ❌ 错误 | 原子数：14
  - 正确映射：[ 6  1  9 11 13 10  5  8  0  7 12  4  2  3]
  - 预测映射：[ 9  1  6 10 11 13  0  8  5  7  3  2  4 12]
[test_sample_09353] [T1x_rxn9430] ❌ 错误 | 原子数：14
  - 正确映射：[ 4  1 11  7  8 12  3 10  2  5  6  9  0 13]
  - 预测映射：[ 4  1 11  7  8 12 10  3  2  9  6  5 13  0]
[test_sample_09354] [T1x_rxn10003] ❌ 错误 | 原子数：15
  - 正确映射：[ 3 12  2 13  5  0  7 11 10  4  8  6  9  1 14]
  - 预测映射：[ 3 12  7  0  5 13  2  4  6 11 10 14  1  9  8]
[test_sample_09355] [T1x_rxn10004] ❌ 错误 | 原子数：15
  - 正确映射：[ 1  9 13  8  3 11  6  5  7  2  4 14 12  0 10]
  - 预测映射：[ 1  9 13  8  3 11  6  2  5  7  4 14 12  0 10]
[test_sample_09356] [T1x_rxn10036] ✅ 严格正确 | 原子数：15
[test_sample_09357] [T1x_rxn10057] ✅ 严格正确 | 原子数：15
[test_sample_09358] [T1x_rxn10058] ✅ 严格正确 | 原子数：15
[test_sample_09359] [T1x_rxn4969] ❌ 错误 | 原子数：15
  - 正确映射：[ 4 13  5 10  8  9 14  3 11  0  6  7  1 12  2]
  - 预测映射：[13  5  8 10  9 14  4  1  0  3  7  6 12  2 11]
[test_sample_09360] [T1x_rxn4970] ❌ 错误 | 原子数：15
  - 正确映射：[13 10  8  9 12  5  3  7  6  0  1 11 14  2  4]
  - 预测映射：[ 8 10 13  9 12  5  3  7 11 14  1  0  6  2  4]
[test_sample_09361] [T1x_rxn4971] ❌ 错误 | 原子数：15
  - 正确映射：[10  2  8 11  0 13  7  3  9  5 14 12  4  6  1]
  - 预测映射：[10  2  8 11  0  7 13  3  9  5 14 12  4  6  1]
[test_sample_09362] [T1x_rxn4972] ❌ 错误 | 原子数：15
  - 正确映射：[ 3  5  7 14  8  4 11  6  1 10  2  0  9 13 12]
  - 预测映射：[ 3  5  7 14  8  4 11  6  1  2 10 13  9  0 12]
[test_sample_09363] [T1x_rxn4973] ❌ 错误 | 原子数：15
  - 正确映射：[11  6  4  2  3  5  0 12  7  9  8 10 13 14  1]
  - 预测映射：[ 6 11  0  2  5  3  4  9  8 10 12  1  7 14 13]
[test_sample_09364] [T1x_rxn4974] ❌ 错误 | 原子数：15
  - 正确映射：[ 6  9  4 10  5  3  2  7  1  0 11 13  8 12 14]
  - 预测映射：[ 6  3  2 10  5  9  4  1  7  0 11 13 14 12  8]
[test_sample_09365] [T1x_rxn4975] ❌ 错误 | 原子数：15
  - 正确映射：[ 2  9 11 12  0  3  5 14 10  6  7 13  1  8  4]
  - 预测映射：[11  9  2 12  0  3  5  1  8 13 14  6 10  7  4]
[test_sample_09366] [T1x_rxn4976] ❌ 错误 | 原子数：15
  - 正确映射：[11  9  4  0  5  1 12  2  6 10 14 13  7  8  3]
  - 预测映射：[11  9  4  0  5  1 12  2  6  8 10 14  7 13  3]
[test_sample_09367] [T1x_rxn4977] ❌ 错误 | 原子数：15
  - 正确映射：[ 9 12 14  8  1  3  5 10  0  2  4 13 11  6  7]
  - 预测映射：[ 5  3  9  8  1 12 14  7 13  4  2 10  0  6 11]
[test_sample_09368] [T1x_rxn4978] ✅ 严格正确 | 原子数：15
[test_sample_09369] [T1x_rxn5081] ❌ 错误 | 原子数：15
  - 正确映射：[ 4  3  0 10  6 13  8  7 11  2 14  5  9 12  1]
  - 预测映射：[ 4  3  0 10  6 13  8  7 11  2 14  5  9  1 12]
[test_sample_09370] [T1x_rxn5082] ❌ 错误 | 原子数：15
  - 正确映射：[ 7 10  8  4  2  3 11  9  6 14  5  1 12 13  0]
  - 预测映射：[ 7 10  8  4 11  3  2 14  6  9  5  1  0 13 12]
[test_sample_09371] [T1x_rxn5083] ✅ 严格正确 | 原子数：15
[test_sample_09372] [T1x_rxn5546] ❌ 错误 | 原子数：15
  - 正确映射：[ 6 10  4 14 12  7  5  9  2  1  3  0  8 11 13]
  - 预测映射：[ 6 10  4 14 12  7  5  1  2  3  0  9 11  8 13]
[test_sample_09373] [T1x_rxn5547] ❌ 错误 | 原子数：15
  - 正确映射：[14  0  8  2  5 11  9  6 10 12 13  4  3  7  1]
  - 预测映射：[14  0  8  2 11  5  9  6 10 12 13  4  3  7  1]
[test_sample_09374] [T1x_rxn5548] ❌ 错误 | 原子数：15
  - 正确映射：[ 3  7  6 11  2 14 13  5  0 12  4  9  8 10  1]
  - 预测映射：[ 6  3  7 11  2 14 13  4  0 12  5  9 10  8  1]
[test_sample_09375] [T1x_rxn5549] ❌ 错误 | 原子数：15
  - 正确映射：[14 11  7 10  9 13 12  8  5  1  3  2  6  4  0]
  - 预测映射：[14 11  7 10  9 13 12  8  1  5  3  2  6  4  0]
[test_sample_09376] [T1x_rxn5590] ❌ 错误 | 原子数：15
  - 正确映射：[ 3  1 12  8 14 13  7 10  2  4  6  9 11  0  5]
  - 预测映射：[ 3  1 12  7 14 13  8  2 10  6  4  9  5  0 11]
[test_sample_09377] [T1x_rxn5591] ❌ 错误 | 原子数：15
  - 正确映射：[14  9 11 12  2  1 13  0  4  5  7  3  6 10  8]
  - 预测映射：[14  9 11 12  2  1 13  0  4  5  7  3  6  8 10]
[test_sample_09378] [T1x_rxn5592] ❌ 错误 | 原子数：15
  - 正确映射：[ 9  0 11  4  1  6 14 12  8 10 13  7  3  5  2]
  - 预测映射：[ 0  9 11  4  1  6 14 13 10  8 12  3  7  5  2]
[test_sample_09379] [T1x_rxn5593] ❌ 错误 | 原子数：15
  - 正确映射：[ 5 13  0  8  7  9 10 14  1 11  2 12  3  4  6]
  - 预测映射：[13  5  0  8  7  9 10  2 11  1 14  3 12  4  6]
[test_sample_09380] [T1x_rxn5594] ❌ 错误 | 原子数：15
  - 正确映射：[ 2  1  9  4  7 14 11 10 13  5  6  8 12  0  3]
  - 预测映射：[ 1  2  9  4  7 14 11  6  5 13 10 12  8  0  3]
[test_sample_09381] [T1x_rxn5595] ❌ 错误 | 原子数：15
  - 正确映射：[10 11 13  9  0  5  4  6  3  8  2 14  1  7 12]
  - 预测映射：[11 10 13  4  9  5  0  8  3  6  2 14 12  1  7]
[test_sample_09382] [T1x_rxn5596] ❌ 错误 | 原子数：15
  - 正确映射：[ 8 10  7 14 12  4  6  5  3 13 11  0  1  2  9]
  - 预测映射：[ 8 10 12 14  7  4  6  5  3 13 11  0  1  2  9]
[test_sample_09383] [T1x_rxn5597] ❌ 错误 | 原子数：15
  - 正确映射：[14  7  4 13 10  9 11  1  0 12  6  8  5  2  3]
  - 预测映射：[ 7 14  4 13 10  9 11  6 12  0  1  5  8  2  3]
[test_sample_09384] [T1x_rxn5598] ✅ 严格正确 | 原子数：15
[test_sample_09385] [T1x_rxn5599] ❌ 错误 | 原子数：15
  - 正确映射：[ 7 10  8  2 14  5 12 13  1  0  9 11  3  6  4]
  - 预测映射：[ 8  7 12  2 14  5 10  1  4  9 13 11  3  6  0]
[test_sample_09386] [T1x_rxn5600] ✅ 严格正确 | 原子数：15
[test_sample_09387] [T1x_rxn5601] ✅ 严格正确 | 原子数：15
[test_sample_09388] [T1x_rxn5602] ❌ 错误 | 原子数：15
  - 正确映射：[10  3  4  1 12 11 13  7  5 14  2  6  0  8  9]
  - 预测映射：[10  3  4 13 12 11  1  7  0  2 14  9  5  8  6]
[test_sample_09389] [T1x_rxn5603] ❌ 错误 | 原子数：15
  - 正确映射：[ 9  5  0  8 11 10  4 13 14  1  7  6  3 12  2]
  - 预测映射：[ 9  5  0  8 11 10  4 13 14  1  7  6  3  2 12]
[test_sample_09390] [T1x_rxn5604] ❌ 错误 | 原子数：15
  - 正确映射：[11 14 10  8 12  6  0  9  3  4 13  1  2  7  5]
  - 预测映射：[14 11 10  8 12  6  0 13  4  3  9  2  1  7  5]
[test_sample_09391] [T1x_rxn6160] ❌ 错误 | 原子数：15
  - 正确映射：[ 1  4  8  5  7 13 10 14 11  2  9  0  3  6 12]
  - 预测映射：[ 1  4  8  5  7 13 10 14 11  2  9  6  0  3 12]
[test_sample_09392] [T1x_rxn6161] ❌ 错误 | 原子数：15
  - 正确映射：[ 4  3  1 12 14 10 13  7  5 11  9  6  2  8  0]
  - 预测映射：[ 4  3  1 14 10 13 12  7  5 11  2  6  8  0  9]
[test_sample_09393] [T1x_rxn6162] ❌ 错误 | 原子数：15
  - 正确映射：[ 8 14 13 11  0  1  3  7  4 10  5  9 12  2  6]
  - 预测映射：[ 8 14  3 11  0  1 13  7  6 10  5  9  2 12  4]
[test_sample_09394] [T1x_rxn6163] ❌ 错误 | 原子数：15
  - 正确映射：[11  3 10  4  6 12 14  9  5  7  0  1  8 13  2]
  - 预测映射：[11  3 14 12  6  4 10  9  2  7 13  1  0  5  8]
[test_sample_09395] [T1x_rxn6164] ❌ 错误 | 原子数：15
  - 正确映射：[13 10  7  2  9  6  8  3  1  4  0 12  5 11 14]
  - 预测映射：[13  8  6  9 10  7  2  3 11 14 12  1  5  4  0]
[test_sample_09396] [T1x_rxn6165] ❌ 错误 | 原子数：15
  - 正确映射：[12  9  6  4  1 13  8  3  2  5 14  0 11  7 10]
  - 预测映射：[12  9  6  4  1  8 13  3  5  2 11  0 14 10  7]
[test_sample_09397] [T1x_rxn6166] ❌ 错误 | 原子数：15
  - 正确映射：[ 9 14  3 10 11 12  5  7  6  0  4 13  2  1  8]
  - 预测映射：[ 9 14 10 11 12  5  3  7  4  0  2  1 13  8  6]
[test_sample_09398] [T1x_rxn6167] ❌ 错误 | 原子数：15
  - 正确映射：[ 1  8  6 14 10  5  0 13  3 12 11  7  2  9  4]
  - 预测映射：[ 1  8  5  6 10  0 14 13  9 12  3  2  7  4 11]
[test_sample_09399] [T1x_rxn6168] ❌ 错误 | 原子数：15
  - 正确映射：[ 4 10  3  8  6  5 12  1  9  2 11 13  0 14  7]
  - 预测映射：[ 4 10  5  6  8 12  3  1 13 14  0  2 11  7  9]
[test_sample_09400] [T1x_rxn6169] ❌ 错误 | 原子数：15
  - 正确映射：[ 2  6  0  8 12  1  4 11 13  5  7  3 14  9 10]
  - 预测映射：[ 2  8  0  1 12  6  4  5 13  7 14  9  3 11 10]
[test_sample_09401] [T1x_rxn6170] ✅ 严格正确 | 原子数：15
[test_sample_09402] [T1x_rxn6171] ✅ 严格正确 | 原子数：15
[test_sample_09403] [T1x_rxn6172] ✅ 严格正确 | 原子数：15
[test_sample_09404] [T1x_rxn6173] ✅ 严格正确 | 原子数：15
[test_sample_09405] [T1x_rxn6174] ❌ 错误 | 原子数：15
  - 正确映射：[ 9 10 12  1 13  7  3  0  5  2 11  8 14  4  6]
  - 预测映射：[ 9 10  3 12  1  7 13  6  2  0  5  8 11  4 14]
[test_sample_09406] [T1x_rxn6175] ❌ 错误 | 原子数：15
  - 正确映射：[11 14  6  0  9  1  2 10  7  4 13 12  3  5  8]
  - 预测映射：[ 1  9  6  0 14 11  2 12  5  3 13  4 10  7  8]
[test_sample_09407] [T1x_rxn6176] ❌ 错误 | 原子数：15
  - 正确映射：[ 5 14 11  7  6 13  9  0 10  3  1  2  4 12  8]
  - 预测映射：[13  6 11  7  5 14  9  4 12  2  1 10  0  3  8]
[test_sample_09408] [T1x_rxn6177] ❌ 错误 | 原子数：15
  - 正确映射：[12  0  7  4 10  1  3  5 11  9 14  8 13  2  6]
  - 预测映射：[10  4  7  0 12  3  1  8 13  5  9 11  6 14  2]
[test_sample_09409] [T1x_rxn6178] ❌ 错误 | 原子数：15
  - 正确映射：[14  2 10  5  0 11 13  7  3  6  4  1  9  8 12]
  - 预测映射：[13 14 10  2  5  0 11 12  9  3  6  7  4  1  8]
[test_sample_09410] [T1x_rxn6179] ❌ 错误 | 原子数：15
  - 正确映射：[ 7  6  1  3  0  4  9 10 13  2 12 11 14  5  8]
  - 预测映射：[ 6  7  1  9  4  0  3  2 12 10 13  8  5 14 11]
[test_sample_09411] [T1x_rxn6180] ❌ 错误 | 原子数：15
  - 正确映射：[ 6  3  1 10  2  8 11  7  5 14 12 13  0  9  4]
  - 预测映射：[ 6  3  1  8  2 10 11  5  7 14  9 13  0 12  4]
[test_sample_09412] [T1x_rxn6181] ❌ 错误 | 原子数：15
  - 正确映射：[ 8  9  5  6  3  1 14  4  2 10 13  0 12  7 11]
  - 预测映射：[ 8  9  5  6  3  1 14 10  4  7 13  0 12  2 11]
[test_sample_09413] [T1x_rxn6182] ❌ 错误 | 原子数：15
  - 正确映射：[11  6  8  0 10  4 13 12  7  3  1 14  9  2  5]
  - 预测映射：[10  6  8 13 11  4  0 14  9  3 12  2  7  5  1]
[test_sample_09414] [T1x_rxn6183] ❌ 错误 | 原子数：15
  - 正确映射：[ 0 11 14 12  2  8  6  7  4  5  9 13 10  1  3]
  - 预测映射：[ 2 12 14 11  0  6  8 13  1 10  5  9  7  3  4]
[test_sample_09415] [T1x_rxn6184] ❌ 错误 | 原子数：15
  - 正确映射：[14 13  1  0 12  2  6 11  7  3 10  9  8  4  5]
  - 预测映射：[ 0  6  1 14 13  2 12  3 10  5 11  7  4  8  9]
[test_sample_09416] [T1x_rxn6185] ❌ 错误 | 原子数：15
  - 正确映射：[ 8  0  5  7 13  6  2 14 10 11  3  4  1 12  9]
  - 预测映射：[13  6  5  0  8  2  7 12  4  9 11 10 14  1  3]
[test_sample_09417] [T1x_rxn6186] ❌ 错误 | 原子数：15
  - 正确映射：[ 3  8  4 14  7 12  0  5 10  9  1  6 13 11  2]
  - 预测映射：[ 7 14  4  3  0 12  8  6 13  1  5  2 10 11  9]
[test_sample_09418] [T1x_rxn6204] ❌ 错误 | 原子数：15
  - 正确映射：[ 6 11  2  0  7 10 14  3  4 12 13  1  5  9  8]
  - 预测映射：[ 6 11  2  0  7 10 14  3  4 12  1 13  5  9  8]
[test_sample_09419] [T1x_rxn6205] ❌ 错误 | 原子数：15
  - 正确映射：[ 7  8 14 12  9 11  3  0  4 13  1 10  6  2  5]
  - 预测映射：[ 7  8  3 14 12  9 11  2  0  4 13  1  6 10  5]
[test_sample_09420] [T1x_rxn6206] ❌ 错误 | 原子数：15
  - 正确映射：[ 3  4 14  9  1  0  8 10 12  6  7 11 13  2  5]
  - 预测映射：[ 3  4 14  9  1  0  8  2 10 12  7  6 11 13  5]
[test_sample_09421] [T1x_rxn6207] ✅ 严格正确 | 原子数：15
[test_sample_09422] [T1x_rxn6208] ❌ 错误 | 原子数：15
  - 正确映射：[13  1 10 11  5  9  2  6  8  0 12  3 14  7  4]
  - 预测映射：[10  1 11  5  9  2 13  0  8 12  3 14  7  4  6]
[test_sample_09423] [T1x_rxn6209] ❌ 错误 | 原子数：15
  - 正确映射：[ 6 13  2 11 12 14  3  4  8  9  0 10  5  7  1]
  - 预测映射：[11 13  2  3  6 14 12  0  9  5  1  8  4 10  7]
[test_sample_09424] [T1x_rxn6210] ❌ 错误 | 原子数：15
  - 正确映射：[12  3 13  9  6  1  4  0 14  5  8  2 10 11  7]
  - 预测映射：[12  3 13  9  6  1  4  0 14  5  2  8 10 11  7]
[test_sample_09425] [T1x_rxn6211] ❌ 错误 | 原子数：15
  - 正确映射：[ 6 12 13 10  8  4  3  2  1  7  5 11  0 14  9]
  - 预测映射：[13 12  6  3  4  8 10 11  7  1  2 14  0  5  9]
[test_sample_09426] [T1x_rxn6212] ❌ 错误 | 原子数：15
  - 正确映射：[ 1  4  3  7 10  8 11  0  5  2 14 12  9 13  6]
  - 预测映射：[ 3  4  1 11  8 10  7 14  2  5  0 13  9 12  6]
[test_sample_09427] [T1x_rxn6213] ✅ 严格正确 | 原子数：15
[test_sample_09428] [T1x_rxn6214] ✅ 严格正确 | 原子数：15
[test_sample_09429] [T1x_rxn6215] ❌ 错误 | 原子数：15
  - 正确映射：[ 5  3 13  2  0 14 10  7  1  4 12  8 11  9  6]
  - 预测映射：[ 5  3 13  2  0 14 10  7  1 12  4  8 11  9  6]
[test_sample_09430] [T1x_rxn6216] ❌ 错误 | 原子数：15
  - 正确映射：[ 4  1  2 10  0  5 13  8 12 11  7  6  9 14  3]
  - 预测映射：[ 4  1  2 10  0  5 13  8 12 11  7  6 14  9  3]
[test_sample_09431] [T1x_rxn6217] ❌ 错误 | 原子数：15
  - 正确映射：[ 3  8  4  2  5 11 10  0  1  7  9 14  6 13 12]
  - 预测映射：[ 2  8  4 10  3 11  5  1  9  7 12  0 13 14  6]
[test_sample_09432] [T1x_rxn6361] ❌ 错误 | 原子数：15
  - 正确映射：[13  8  7 11  9  4 12  1 14  3 10  6  2  5  0]
  - 预测映射：[ 8 13  9 11  7 12  4  3  1  6  2 10  0 14  5]
[test_sample_09433] [T1x_rxn6362] ❌ 错误 | 原子数：15
  - 正确映射：[ 3 13  8  1  9 14 12  7 11  6 10  5  0  4  2]
  - 预测映射：[ 3 13  8  1  9 14 12  7  2 11  6  5  0  4 10]
[test_sample_09434] [T1x_rxn6363] ✅ 严格正确 | 原子数：15
[test_sample_09435] [T1x_rxn6364] ❌ 错误 | 原子数：15
  - 正确映射：[10 14  8  3  6  1  7 11  4  2 13 12  5  0  9]
  - 预测映射：[ 6  8 14  3 10  1  7 11 12 13  2  4  9  0  5]
[test_sample_09436] [T1x_rxn6365] ✅ 严格正确 | 原子数：15
[test_sample_09437] [T1x_rxn6366] ✅ 严格正确 | 原子数：15
[test_sample_09438] [T1x_rxn6367] ❌ 错误 | 原子数：15
  - 正确映射：[12  8 14 11  5 10  7  0  3  1  4  9  6  2 13]
  - 预测映射：[12 10 14 11  7  8  5  0  3  2  9  4 13  1  6]
[test_sample_09439] [T1x_rxn6368] ❌ 错误 | 原子数：15
  - 正确映射：[ 1 13 11  2 14  6  8  3  7  9  0  4  5 12 10]
  - 预测映射：[ 1  6  8  2 14 13 11  3  7 12 10  4  5  9  0]
[test_sample_09440] [T1x_rxn6369] ❌ 错误 | 原子数：15
  - 正确映射：[ 4  7  9  6  2  5 14  0 11 13  1 10  8  3 12]
  - 预测映射：[ 7  4  5  6  2  9 14 10 13 11  3  0  8  1 12]
[test_sample_09441] [T1x_rxn6370] ✅ 严格正确 | 原子数：15
[test_sample_09442] [T1x_rxn6371] ❌ 错误 | 原子数：15
  - 正确映射：[ 5  3  8  2 12  7  1  0  6 10 14 11  9  4 13]
  - 预测映射：[ 1  3  5  2 12  8  7  4 13 10  6  9 11 14  0]
[test_sample_09443] [T1x_rxn6372] ✅ 严格正确 | 原子数：15
[test_sample_09444] [T1x_rxn6373] ❌ 错误 | 原子数：15
  - 正确映射：[ 4  2  3  9 12  6  5  1  7 14  8 11 10 13  0]
  - 预测映射：[ 6 12  3  9  2  4  5  0 13 10  8 14  1  7 11]
[test_sample_09445] [T1x_rxn6374] ✅ 严格正确 | 原子数：15
[test_sample_09446] [T1x_rxn6375] ❌ 错误 | 原子数：15
  - 正确映射：[ 8 11  1  2  9  4 13  6  0 10  5 12  3  7 14]
  - 预测映射：[ 8 11  9  2  4 13  1 12  0  6  5  7  3 14 10]
[test_sample_09447] [T1x_rxn6376] ❌ 错误 | 原子数：15
  - 正确映射：[ 5  6 14 11 12 10  8  1  4  9 13  3  7  0  2]
  - 预测映射：[ 6 14 12 11 10  5  8  1  4  9 13  3  7  0  2]
[test_sample_09448] [T1x_rxn6377] ❌ 错误 | 原子数：15
  - 正确映射：[ 3 11  8 12  0  7  1  5 13 10  9 14  6  2  4]
  - 预测映射：[ 7  0  8 12  1 11  3 10  2  6 14  4  9 13  5]
[test_sample_09449] [T1x_rxn6378] ✅ 严格正确 | 原子数：15
[test_sample_09450] [T1x_rxn6379] ❌ 错误 | 原子数：15
  - 正确映射：[ 3 12  6  2 14  5  4  7 13  0 10  8  9 11  1]
  - 预测映射：[12  3 14  2  6  4  5  7 13  8  9  0 10  1 11]
[test_sample_09451] [T1x_rxn6380] ✅ 严格正确 | 原子数：15
[test_sample_09452] [T1x_rxn6381] ❌ 错误 | 原子数：15
  - 正确映射：[ 1  7  6  5 12 11  9 10  2  3  4  8 13  0 14]
  - 预测映射：[11  1  7  5 12  9  6 10  0  2  4  8 13 14  3]
[test_sample_09453] [T1x_rxn6382] ❌ 错误 | 原子数：15
  - 正确映射：[ 6 14  5  9  2 11 12  3  4 10  7 13  8  1  0]
  - 预测映射：[ 6 14  5  9  2 11 12  4  1 10  7  3 13  8  0]
[test_sample_09454] [T1x_rxn6383] ❌ 错误 | 原子数：15
  - 正确映射：[ 2 11 14 12  7  0  8  4  6  5  1 10  3  9 13]
  - 预测映射：[11  2  7 12 14  8  0 10  5  4  3  1  9 13  6]
[test_sample_09455] [T1x_rxn6384] ❌ 错误 | 原子数：15
  - 正确映射：[ 2  8  0 11  5 13  7 14  9  6  1  4 12 10  3]
  - 预测映射：[ 7  8  0 11  5 13  2  3  6  1 14 12  4 10  9]
[test_sample_09456] [T1x_rxn6385] ❌ 错误 | 原子数：15
  - 正确映射：[ 1 11 13  9  5  4 10 12  2 14  3  7  0  8  6]
  - 预测映射：[ 4 11 13  9  5 10  1  6  8 14  3  0  7  2 12]
[test_sample_09457] [T1x_rxn6386] ✅ 严格正确 | 原子数：15
[test_sample_09458] [T1x_rxn6387] ❌ 错误 | 原子数：15
  - 正确映射：[ 5  3  0  7 11  2 13 14 12  6  8  4  1 10  9]
  - 预测映射：[13  3  0  7 11  2  5  9 12  6  8 10  1 14  4]
[test_sample_09459] [T1x_rxn6388] ❌ 错误 | 原子数：15
  - 正确映射：[14  1 11  4 13 10  6  2 12  9  3  5  7  0  8]
  - 预测映射：[10 13 11  4  6 14  1  8  0  7  3 12  9  2  5]
[test_sample_09460] [T1x_rxn6389] ❌ 错误 | 原子数：15
  - 正确映射：[ 9  4 12  6  2 11 10 14  8  5  7 13  1  0  3]
  - 预测映射：[ 9  4 12  6  2 11 10  0  8  5  3  1 13 14  7]
[test_sample_09461] [T1x_rxn6390] ❌ 错误 | 原子数：15
  - 正确映射：[14  2  6  9  3  7  1 11 13  8  5 12  0  4 10]
  - 预测映射：[ 1  2  6  9  3  7 14 10  4  8  5 12  0 11 13]
[test_sample_09462] [T1x_rxn6391] ❌ 错误 | 原子数：15
  - 正确映射：[ 4  5  0  2  8  6 14 10 12 13 11  7  1  9  3]
  - 预测映射：[ 6  4 14  2  0  8  5  9 10 12  3  1 11  7 13]
[test_sample_09463] [T1x_rxn6392] ✅ 严格正确 | 原子数：15
[test_sample_09464] [T1x_rxn6607] ❌ 错误 | 原子数：15
  - 正确映射：[14  6 11  9  4 13 12 10  1  5  3  8  0  7  2]
  - 预测映射：[14  6 11  4  9 13 12 10  1  3  0  5  8  7  2]
[test_sample_09465] [T1x_rxn6608] ❌ 错误 | 原子数：15
  - 正确映射：[13 11  5 14  6  8  7  3  0 12 10  4  1  2  9]
  - 预测映射：[13 11  5 14  6  8  7  3  0 12 10  4  1  9  2]
[test_sample_09466] [T1x_rxn6609] ❌ 错误 | 原子数：15
  - 正确映射：[ 2 10 13  9  1  5  7 12  4  8  6  3 14 11  0]
  - 预测映射：[ 2  7  5  1  9 13 10 14 11  8  3  6 12  4  0]
[test_sample_09467] [T1x_rxn6610] ✅ 严格正确 | 原子数：15
[test_sample_09468] [T1x_rxn6611] ❌ 错误 | 原子数：15
  - 正确映射：[ 1  7  6  9  4  0 11  3 13 10  5 12  8  2 14]
  - 预测映射：[ 1  7  6  9  4  0 11  3 13 12 10  8  5  2 14]
[test_sample_09469] [T1x_rxn6612] ❌ 错误 | 原子数：15
  - 正确映射：[ 7  2  1  5  9 11  8  0 14 13 12  6  3  4 10]
  - 预测映射：[ 7  8 11  9  5  1  2 10  4 12  0  3  6 13 14]
[test_sample_09470] [T1x_rxn6613] ❌ 错误 | 原子数：15
  - 正确映射：[12  7  2 13  0  3 14  1 11 10  9  4  5  6  8]
  - 预测映射：[12  7 14  2 13  0  3  8  1 11  4  9 10  5  6]
[test_sample_09471] [T1x_rxn6614] ❌ 错误 | 原子数：15
  - 正确映射：[ 5  3  8  0 12  1  4  6  7  2 10 13  9 14 11]
  - 预测映射：[ 5  4  1 12  0  8  3  9 14 13  2 10  6  7 11]
[test_sample_09472] [T1x_rxn6615] ❌ 错误 | 原子数：15
  - 正确映射：[ 5 10 14 13  2  0 12  4  8  3  6 11  9  1  7]
  - 预测映射：[ 5 10 14 13  2  0 12 11  4  6  8  3  9  1  7]
[test_sample_09473] [T1x_rxn6616] ❌ 错误 | 原子数：15
  - 正确映射：[ 2  5  7 10  0 11  9  1  3 14 12 13  8  6  4]
  - 预测映射：[ 2  5  7  0 10 11  9  1  3  8  6 12 13 14  4]
[test_sample_09474] [T1x_rxn6617] ❌ 错误 | 原子数：15
  - 正确映射：[14  7  8  2 10 12  5  1  0  9  3 13  4 11  6]
  - 预测映射：[14  8  2 10 12  5  7  3  9 13  1  4 11  6  0]
[test_sample_09475] [T1x_rxn6618] ❌ 错误 | 原子数：15
  - 正确映射：[ 1 12  3 13 10  6  8  7  9  4  0 14  5 11  2]
  - 预测映射：[ 1  8  6 10 13  3 12  0 11  5 14  4  7  9  2]
[test_sample_09476] [T1x_rxn6619] ❌ 错误 | 原子数：15
  - 正确映射：[10 12  9  2  8  3 11 13  0  6  4  7 14  1  5]
  - 预测映射：[10 12  9  2  3  8 11 13  0  6  4 14  1  7  5]
[test_sample_09477] [T1x_rxn6620] ✅ 严格正确 | 原子数：15
[test_sample_09478] [T1x_rxn6621] ❌ 错误 | 原子数：15
  - 正确映射：[ 1  0  5  9 11  2  7  3  8 10  4  6 13 12 14]
  - 预测映射：[ 1  7  2 11  9  5  0 12 14 13  6  4 10  8  3]
[test_sample_09479] [T1x_rxn6622] ✅ 严格正确 | 原子数：15
[test_sample_09480] [T1x_rxn6623] ❌ 错误 | 原子数：15
  - 正确映射：[ 6 11  9 14  4 13 12 10  7  1  8  0  5  2  3]
  - 预测映射：[ 6 11  9 14  4 13 12  8  7  1 10  5  0  2  3]
[test_sample_09481] [T1x_rxn6624] ❌ 错误 | 原子数：15
  - 正确映射：[11  2  4  6  0  3 13  7  8 12 10  9  1 14  5]
  - 预测映射：[11 13  2  4  6  0  3 12  1  7  8 10  9 14  5]
[test_sample_09482] [T1x_rxn6625] ✅ 严格正确 | 原子数：15
[test_sample_09483] [T1x_rxn6626] ❌ 错误 | 原子数：15
  - 正确映射：[11  7  8 14  0  6  4  2  5 10 13  3  1 12  9]
  - 预测映射：[11  7 14  8  0  6  4 13  5 10  2  1  3 12  9]
[test_sample_09484] [T1x_rxn6627] ❌ 错误 | 原子数：15
  - 正确映射：[11  6  0 10  3  8  5 14  1  2 12  9  4  7 13]
  - 预测映射：[11  6  0 10  3  8  5  1 14  2  9 12  4  7 13]
[test_sample_09485] [T1x_rxn6628] ❌ 错误 | 原子数：15
  - 正确映射：[10 12  0  4  7  2  3  1 13  6  9  8 14 11  5]
  - 预测映射：[10  3 12  0  4  7  2  6  9 13  1 14  8 11  5]
[test_sample_09486] [T1x_rxn6629] ❌ 错误 | 原子数：15
  - 正确映射：[11  3  6  5  7 13  8  1 12  9  0  2 10 14  4]
  - 预测映射：[11  3  6  7  5 13  8  2  1  9 10 12  0 14  4]
[test_sample_09487] [T1x_rxn6630] ❌ 错误 | 原子数：15
  - 正确映射：[12  5  2 14  4 13  6  9  1  7  3  8 10 11  0]
  - 预测映射：[12  5  2 14  4 13  6  1  9  7  3  8 10 11  0]
[test_sample_09488] [T1x_rxn6631] ❌ 错误 | 原子数：15
  - 正确映射：[ 5  3  7  0 12  9  2  1  4  8 13  6 10 14 11]
  - 预测映射：[ 5  3  7  0 12  9  2  6  1  8  4 10 13 14 11]
[test_sample_09489] [T1x_rxn6791] ❌ 错误 | 原子数：15
  - 正确映射：[ 7  2  8 12 10  4 14  0  5  9  3  1 11  6 13]
  - 预测映射：[10  4  8 12 14  7  2  1 11  6  3  0 13  5  9]
[test_sample_09490] [T1x_rxn6792] ❌ 错误 | 原子数：15
  - 正确映射：[ 7  2 10 12 14  4  3  9 11  1 13  6  5  0  8]
  - 预测映射：[ 7  2 10 12 14  3  4  1 11  9  5  6 13  8  0]
[test_sample_09491] [T1x_rxn6793] ✅ 严格正确 | 原子数：15
[test_sample_09492] [T1x_rxn6794] ❌ 错误 | 原子数：15
  - 正确映射：[ 5  7 11  4  1  8 13  3  9  6  0 12  2 14 10]
  - 预测映射：[ 5  7 11  1  8 13  4  6  3  9 12 14  2 10  0]
[test_sample_09493] [T1x_rxn6795] ❌ 错误 | 原子数：15
  - 正确映射：[ 3  5  4  9  2 12  0  7 13  8 11 10  1 14  6]
  - 预测映射：[ 3  5  4  2  9  0 12  8 13  7  1 10 11  6 14]
[test_sample_09494] [T1x_rxn6796] ❌ 错误 | 原子数：15
  - 正确映射：[12  1 11  0 10  8  3  7  2  5 13  4  6 14  9]
  - 预测映射：[12  1 11  0 10  8  3  7  2  5 13  4  6  9 14]
[test_sample_09495] [T1x_rxn6797] ❌ 错误 | 原子数：15
  - 正确映射：[ 2  1  5  8 10  9 14  0 13  4  7 12  3  6 11]
  - 预测映射：[ 2  1  5 10  8 14  9  4 13  0  3  7 12 11  6]
[test_sample_09496] [T1x_rxn6798] ✅ 严格正确 | 原子数：15
[test_sample_09497] [T1x_rxn6799] ✅ 严格正确 | 原子数：15
[test_sample_09498] [T1x_rxn6800] ❌ 错误 | 原子数：15
  - 正确映射：[ 1  4 14  5 12  0 13  8  3  2  7 11 10  6  9]
  - 预测映射：[12  5 14  4  1 13  0 10 11  7  2  3  8  9  6]
[test_sample_09499] [T1x_rxn6801] ❌ 错误 | 原子数：15
  - 正确映射：[ 0  9  6 10  1 12 14  5 11  3  7 13  4  8  2]
  - 预测映射：[ 0 12  6  9 10  1 14 11  8  3  5  7  4 13  2]
[test_sample_09500] [T1x_rxn6802] ❌ 错误 | 原子数：15
  - 正确映射：[ 4 14  0 12  2  9  5 13  1 11  8 10  6  3  7]
  - 预测映射：[12  2  0  4 14  5  9  6 10  8 11  1 13  7  3]
[test_sample_09501] [T1x_rxn6803] ❌ 错误 | 原子数：15
  - 正确映射：[ 5  8 11  2  0  6  1 13 12  9  3 10  7 14  4]
  - 预测映射：[ 0  6 11  2  5  1  8  7 10 14  3 13  9  4 12]
[test_sample_09502] [T1x_rxn6804] ❌ 错误 | 原子数：15
  - 正确映射：[ 1  9 14  8  5 13  0  3  6  7  4 12 10 11  2]
  - 预测映射：[ 1  9 14  8  5  0 13  3  6  7  4 12 10  2 11]
[test_sample_09503] [T1x_rxn6945] ❌ 错误 | 原子数：15
  - 正确映射：[ 1  6  3 14  8  9  4 11  7  2 13  5 10 12  0]
  - 预测映射：[ 1  6  3 14  8  9  4  7 11  2  5 13 10  0 12]
[test_sample_09504] [T1x_rxn6946] ❌ 错误 | 原子数：15
  - 正确映射：[ 2  5 12  6 10  8  7  9 13  3 14  1  4 11  0]
  - 预测映射：[ 2  5 12  6 10  8  7  9  3 13  1 14  0 11  4]
[test_sample_09505] [T1x_rxn6947] ❌ 错误 | 原子数：15
  - 正确映射：[ 2  7  6  9 13  4 11  3 10  5  0 14  1  8 12]
  - 预测映射：[ 2  7  6  9 13  4 11  3 10  5  0 14  1 12  8]
[test_sample_09506] [T1x_rxn6948] ❌ 错误 | 原子数：15
  - 正确映射：[10  9  0  3 11  7  1  6 14  2  5 13  8  4 12]
  - 预测映射：[10  0  9  7 11  3  1 14  6  2  4 12  8  5 13]
[test_sample_09507] [T1x_rxn6949] ❌ 错误 | 原子数：15
  - 正确映射：[ 4  7  9 11 13  5 10  8 14  6  3  1  2 12  0]
  - 预测映射：[ 4  7  9 11 13  5 10  6 14  8  3  1  2 12  0]
[test_sample_09508] [T1x_rxn6950] ✅ 严格正确 | 原子数：15
[test_sample_09509] [T1x_rxn6951] ✅ 严格正确 | 原子数：15
[test_sample_09510] [T1x_rxn6952] ❌ 错误 | 原子数：15
  - 正确映射：[13  6  8  0 12  4  3  5 14  2  1  7 10 11  9]
  - 预测映射：[13  6  8  0 12  4  3  1  2  5  7 10 14  9 11]
[test_sample_09511] [T1x_rxn6953] ❌ 错误 | 原子数：15
  - 正确映射：[ 3 12 13 10  0  5  2 11  6  1  4  9  8 14  7]
  - 预测映射：[ 3 13 12 10  0  5  2  6 11  1  4  9  8 14  7]
[test_sample_09512] [T1x_rxn6995] ❌ 错误 | 原子数：15
  - 正确映射：[ 6  0  2 13  1 10 12  7  3  8  5  9  4 11 14]
  - 预测映射：[ 6  2  0 13  1 10 12  7  9  8 11  3  4  5 14]
[test_sample_09513] [T1x_rxn6996] ✅ 严格正确 | 原子数：15
[test_sample_09514] [T1x_rxn6997] ✅ 严格正确 | 原子数：15
[test_sample_09515] [T1x_rxn6998] ❌ 错误 | 原子数：15
  - 正确映射：[13  2 11  9 14  4  5  6  0 12  3  1  7 10  8]
  - 预测映射：[11  2 13  5 14  4  9 10  7  8  3  1  0  6 12]
[test_sample_09516] [T1x_rxn6999] ❌ 错误 | 原子数：15
  - 正确映射：[ 8  9 14 13  2  1  4  6 12 10  3  5  0  7 11]
  - 预测映射：[ 9  8 14 13  2  1  4  6 12 10  3  5  0  7 11]
[test_sample_09517] [T1x_rxn7000] ❌ 错误 | 原子数：15
  - 正确映射：[13  4  5 11  9  3  0  8  2  6 12  7 10 14  1]
  - 预测映射：[ 4  5  0 13  9 11  3  8 10  2 12  7 14  1  6]
[test_sample_09518] [T1x_rxn7001] ✅ 严格正确 | 原子数：15
[test_sample_09519] [T1x_rxn7002] ❌ 错误 | 原子数：15
  - 正确映射：[ 4  6 12 13  3  7  8 14  5 11  2  9 10  0  1]
  - 预测映射：[ 4  7  8 13  3  6 12 14 11  5 10  1  2  0  9]
[test_sample_09520] [T1x_rxn7003] ❌ 错误 | 原子数：15
  - 正确映射：[13  0 11  2  4  3  1  6  8  5 12  7 14  9 10]
  - 预测映射：[13  0 11  2  4  3  1  8  6  5 12 14  7  9 10]
[test_sample_09521] [T1x_rxn7004] ✅ 严格正确 | 原子数：15
[test_sample_09522] [T1x_rxn7005] ❌ 错误 | 原子数：15
  - 正确映射：[ 4  0 13  2  3  9  7 12  8  5 11  6  1 14 10]
  - 预测映射：[ 4  0 13  2  3  9  7  5 12  8 14 11  1  6 10]
[test_sample_09523] [T1x_rxn7713] ❌ 错误 | 原子数：15
  - 正确映射：[ 6  4 14  8  2  0  3 12 13  1 11 10  5  7  9]
  - 预测映射：[ 6  4 14  8  2  0  3 13  9  1 11 10  5 12  7]
[test_sample_09524] [T1x_rxn7714] ❌ 错误 | 原子数：15
  - 正确映射：[ 5  4  7 13  8 11  3 10  9  6  2  1  0 14 12]
  - 预测映射：[13  4  7  5  8 11  3  0 12  1  2 10  9 14  6]
[test_sample_09525] [T1x_rxn7715] ❌ 错误 | 原子数：15
  - 正确映射：[ 8 12 10  6  1 13 14  7  0  2  3  9 11  4  5]
  - 预测映射：[ 6 12  8 10  1 13 14  3 11  0  4  2  9  7  5]
[test_sample_09526] [T1x_rxn7716] ❌ 错误 | 原子数：15
  - 正确映射：[ 2 14  0 11 10  7  3  1 12 13  5  4  6  9  8]
  - 预测映射：[ 2 14  0 11 10  7  3  5  1  8 13  6  4  9 12]
[test_sample_09527] [T1x_rxn7717] ❌ 错误 | 原子数：15
  - 正确映射：[ 1 14  0  7 12  5  6 10  4  2 11  8  9 13  3]
  - 预测映射：[ 0 14  1  7 12  5  6 13  9  8  3  2  4 10 11]
[test_sample_09528] [T1x_rxn7718] ✅ 严格正确 | 原子数：15
[test_sample_09529] [T1x_rxn7719] ❌ 错误 | 原子数：15
  - 正确映射：[12 13  0  6 11  9 10  5  3 14  4  8  2  7  1]
  - 预测映射：[ 0 13 12  6 11  9 10 14  8  7  2  5  4  3  1]
[test_sample_09530] [T1x_rxn7720] ❌ 错误 | 原子数：15
  - 正确映射：[ 3  4  7  8 12  9  0  6 13  1 10 14  5  2 11]
  - 预测映射：[ 7  8  4 12  9  3  0  5 14  6  1  2 11 10 13]
[test_sample_09531] [T1x_rxn7721] ❌ 错误 | 原子数：15
  - 正确映射：[ 3  7 12  2  0  6 10 13 14  9  4  1 11  8  5]
  - 预测映射：[12  7  3  2  0  6 10  8 11  1  4  9 14 13  5]
[test_sample_09532] [T1x_rxn7722] ❌ 错误 | 原子数：15
  - 正确映射：[12  2  7 13  0 11 10  1  6  9  3 14  4  5  8]
  - 预测映射：[ 7  2 12 13  0 11 10  5  4 14  6  9  1  3  8]
[test_sample_09533] [T1x_rxn7962] ❌ 错误 | 原子数：15
  - 正确映射：[ 0  7  2  4 14  9  1  8  5  3  6 11 10 12 13]
  - 预测映射：[ 0  7  2  4 14  1  9  3  5  8  6 11 13 12 10]
[test_sample_09534] [T1x_rxn7963] ✅ 严格正确 | 原子数：15
[test_sample_09535] [T1x_rxn7964] ❌ 错误 | 原子数：15
  - 正确映射：[ 6 14 10  7  8  4  3  5  0  1 13 11  9  2 12]
  - 预测映射：[ 6 14 10  7  8  4  3  0  5  1 13 11  9  2 12]
[test_sample_09536] [T1x_rxn7965] ❌ 错误 | 原子数：15
  - 正确映射：[ 9  0  8 11  7 12  4  2 14 10  6  3  1  5 13]
  - 预测映射：[ 9 12  7 11  8  0  4  5  3 10  6 14  1  2 13]
[test_sample_09537] [T1x_rxn7966] ❌ 错误 | 原子数：15
  - 正确映射：[ 6  5 11 10  9  2  8 12  0 14  4  3  1 13  7]
  - 预测映射：[ 6  5 11 10  2  9  8 12  0 14  4 13  1  3  7]
[test_sample_09538] [T1x_rxn7967] ❌ 错误 | 原子数：15
  - 正确映射：[ 5  4 14  0  9  8  1  7 10  6 11  3 12 13  2]
  - 预测映射：[ 5  4  1  8  9 14  0  2 13  3 12 11  7 10  6]
[test_sample_09539] [T1x_rxn7968] ❌ 错误 | 原子数：15
  - 正确映射：[ 4 13  6  1  5  9  8 14 10  2  7  3 11  0 12]
  - 预测映射：[ 4 13  6  1  9  5  8  2 10 14  7 11 12  0  3]
[test_sample_09540] [T1x_rxn7969] ❌ 错误 | 原子数：15
  - 正确映射：[ 3  5 10  9  6  2  7  4 13 11  8  0 14  1 12]
  - 预测映射：[ 3  5 10  9  6  2  7 13  4  8 11 14  0  1 12]
[test_sample_09541] [T1x_rxn7970] ❌ 错误 | 原子数：15
  - 正确映射：[ 4 12 11  6  8  1  9 14  7  5 10  2 13  3  0]
  - 预测映射：[ 4  9  1  8  6 11 12 13  0  2  3 10 14  7  5]
[test_sample_09542] [T1x_rxn7971] ❌ 错误 | 原子数：15
  - 正确映射：[ 7  1 10  3  6 11 14  0  4  9  2 13  5  8 12]
  - 预测映射：[ 7  1 14  6  3 10 11  9 12 13  2  5  4  0  8]
[test_sample_09543] [T1x_rxn7972] ❌ 错误 | 原子数：15
  - 正确映射：[ 3  9 13  5 14  1 12  0  7  2  8  6 11  4 10]
  - 预测映射：[ 3  5  9 14 12  1 13  2  8 10  6  4  0 11  7]
[test_sample_09544] [T1x_rxn7973] ❌ 错误 | 原子数：15
  - 正确映射：[ 4  1  0  6  8  3  5  7 10  2  9 14 11 13 12]
  - 预测映射：[ 4  1  0  6  8  3  5 10  7  9  2 11 14 13 12]
[test_sample_09545] [T1x_rxn7974] ❌ 错误 | 原子数：15
  - 正确映射：[ 4 11  5  7 12  9  0  1  2  3  8 14  6 10 13]
  - 预测映射：[ 4  0  9  7 12  5 11  6 10  3  8 14  1  2 13]
[test_sample_09546] [T1x_rxn7975] ✅ 严格正确 | 原子数：15
[test_sample_09547] [T1x_rxn7976] ❌ 错误 | 原子数：15
  - 正确映射：[ 6  1  0 12  7 10 14  4  9 13  3  2  5  8 11]
  - 预测映射：[ 6  1  0 12  7 14 10  9  4  3 13  2 11  8  5]
[test_sample_09548] [T1x_rxn7977] ❌ 错误 | 原子数：15
  - 正确映射：[12  6 11  5 10  4  9  1  2  7  8  0 14  3 13]
  - 预测映射：[12  6  4  9 10  5 11  3 14 13  0  7  1  8  2]
[test_sample_09549] [T1x_rxn7978] ✅ 严格正确 | 原子数：15
[test_sample_09550] [T1x_rxn7979] ❌ 错误 | 原子数：15
  - 正确映射：[ 0 13  8  9  7  1 11 14  4  2 10  3 12  5  6]
  - 预测映射：[ 0 11  1  7  9  8 13 10  5  6  3  2 14  4 12]
[test_sample_09551] [T1x_rxn8222] ❌ 错误 | 原子数：15
  - 正确映射：[ 6 10  4  9  8 14  1 13  5  2  7 12 11  0  3]
  - 预测映射：[ 4 10  9  8  1 14  6 13  7  5 12  0 11  3  2]
[test_sample_09552] [T1x_rxn8223] ✅ 严格正确 | 原子数：15
[test_sample_09553] [T1x_rxn8224] ❌ 错误 | 原子数：15
  - 正确映射：[14  6 13 11  7  8  1  3  9 10  4  5  0 12  2]
  - 预测映射：[14  6 13 11  7  8  1 10  9  4  3  5  0 12  2]
[test_sample_09554] [T1x_rxn8225] ❌ 错误 | 原子数：15
  - 正确映射：[ 7  2 11 14  9  8 13  1 12  3 10  5  0  6  4]
  - 预测映射：[ 7  2 11 14  9  8 13 12  3  1 10  5  0  6  4]
[test_sample_09555] [T1x_rxn8226] ❌ 错误 | 原子数：15
  - 正确映射：[ 2  0  3 12  4  8 13  1  7 11  5 10  6 14  9]
  - 预测映射：[ 2  0  3 12  4  8 13  9  1  7  5 10  6 14 11]
[test_sample_09556] [T1x_rxn8227] ✅ 严格正确 | 原子数：15
[test_sample_09557] [T1x_rxn8228] ❌ 错误 | 原子数：15
  - 正确映射：[ 6 11  3  2  5  1 12  8 13 14 10  4  7  0  9]
  - 预测映射：[ 6 11  3  2  5  1 12 13 14  8  7 10  4  0  9]
[test_sample_09558] [T1x_rxn8229] ❌ 错误 | 原子数：15
  - 正确映射：[ 0  3  1  2  5 14  7 12  4  6  8  9 13 10 11]
  - 预测映射：[ 0  3  1  2  5 14  7 12  4  6  8  9 13 11 10]
[test_sample_09559] [T1x_rxn8230] ❌ 错误 | 原子数：15
  - 正确映射：[ 1 14 13  0  3  4 11  5  8 10  2  6  9  7 12]
  - 预测映射：[13  3  1 14 11  4  0  7  2  6  8  5 10 12  9]
[test_sample_09560] [T1x_rxn8231] ❌ 错误 | 原子数：15
  - 正确映射：[ 3 11  0  6  9 14 13  1  8  2  4  5 10 12  7]
  - 预测映射：[ 9  6  0 11  3 14 13 10  5 12  4  8  7  1  2]
[test_sample_09561] [T1x_rxn8232] ✅ 严格正确 | 原子数：15
[test_sample_09562] [T1x_rxn8233] ❌ 错误 | 原子数：15
  - 正确映射：[ 9 12  0  1  7  8  5 14 11 10  6  2 13  3  4]
  - 预测映射：[ 9  0  1  7  5  8 12 10 11 14  2 13  3  4  6]
[test_sample_09563] [T1x_rxn8234] ❌ 错误 | 原子数：15
  - 正确映射：[ 8 13  2  6  5  3  0 12 14  7  9  1 11 10  4]
  - 预测映射：[ 8 13  2  6  5  3  0  7  9 14  1 11 10  4 12]
[test_sample_09564] [T1x_rxn8235] ✅ 严格正确 | 原子数：15
[test_sample_09565] [T1x_rxn8236] ❌ 错误 | 原子数：15
  - 正确映射：[ 2 13  4  0  7  9  5 12  6  1 10 14  3 11  8]
  - 预测映射：[ 2 13  4  0  7  9  5 12  6  1 10 14  3  8 11]
[test_sample_09566] [T1x_rxn8361] ❌ 错误 | 原子数：15
  - 正确映射：[12  7  5  0  1  4 10  6  9  8 13 11  2  3 14]
  - 预测映射：[12  7  5  0  1  4 10  6  8 13 11  9  2  3 14]
[test_sample_09567] [T1x_rxn8362] ❌ 错误 | 原子数：15
  - 正确映射：[13  0 12  6  2  9  1  5 10  4 14  7  3  8 11]
  - 预测映射：[13  0 12  6  2  9  1  5  4 14  7 10  3  8 11]
[test_sample_09568] [T1x_rxn8363] ❌ 错误 | 原子数：15
  - 正确映射：[ 2  9 10 13  1 14  7  3 11  5  0  4  8  6 12]
  - 预测映射：[ 2  9 14  7  1 10 13  3  5 11  4  0  8 12  6]
[test_sample_09569] [T1x_rxn8364] ✅ 严格正确 | 原子数：15
[test_sample_09570] [T1x_rxn8365] ❌ 错误 | 原子数：15
  - 正确映射：[ 6 11  5  2  0 12  4  7  1 13 10  8  3 14  9]
  - 预测映射：[ 6 11  5  2  0  4 12  7  1 13 10  8  3 14  9]
[test_sample_09571] [T1x_rxn8366] ❌ 错误 | 原子数：15
  - 正确映射：[11  5  4  2  7  0  9 10  6  1  8 12 14  3 13]
  - 预测映射：[11  5  4  2  7  0  9 10  6  1  8 12  3 14 13]
[test_sample_09572] [T1x_rxn8367] ❌ 错误 | 原子数：15
  - 正确映射：[ 7 12 11  4  0  8  5 13 10  3 14  9  6  1  2]
  - 预测映射：[ 7 12  8  5  0 11  4 13 14  3 10  9  6  2  1]
[test_sample_09573] [T1x_rxn8368] ❌ 错误 | 原子数：15
  - 正确映射：[ 1  9 11  0 13  6  2  8  3  4 14  5 10 12  7]
  - 预测映射：[ 1  9 11  0 13  6  2  8  3  4 14  5 12 10  7]
[test_sample_09574] [T1x_rxn8369] ❌ 错误 | 原子数：15
  - 正确映射：[ 7 14  4  0 11 13 10  9  2 12  5  8  1  3  6]
  - 预测映射：[14  7 13 10 11  4  0  9  5  8  2 12  3  6  1]
[test_sample_09575] [T1x_rxn8536] ✅ 严格正确 | 原子数：15
[test_sample_09576] [T1x_rxn8537] ❌ 错误 | 原子数：15
  - 正确映射：[ 8 12 10  0  5  4  3  2 11  7  6  1 13  9 14]
  - 预测映射：[ 8 12  3  0  5  4 10  2  7 11  9 14 13  6  1]
[test_sample_09577] [T1x_rxn8538] ❌ 错误 | 原子数：15
  - 正确映射：[ 2 13 10  5  8  0  7 11  1 14  4 12  6  3  9]
  - 预测映射：[ 2 13  0  5  8 10  7  1 11 14  3  9  6  4 12]
[test_sample_09578] [T1x_rxn8539] ❌ 错误 | 原子数：15
  - 正确映射：[ 3  5  0  2 13 14  8  6  1 11 10  7 12  9  4]
  - 预测映射：[ 3  5  8  2 13 14  0  6 11  1  4  7 12  9 10]
[test_sample_09579] [T1x_rxn8540] ❌ 错误 | 原子数：15
  - 正确映射：[14 13  3 12  2  4  1  0 11  7  9 10  5  8  6]
  - 预测映射：[14 13 12  3  2  1  4  7 11  0  5 10  9  6  8]
[test_sample_09580] [T1x_rxn8541] ❌ 错误 | 原子数：15
  - 正确映射：[ 0  5  2  3  6  9  1  7 13  8 14 10  4 11 12]
  - 预测映射：[ 0  5  2  3  6  9  1  7 13  8 14 10 11 12  4]
[test_sample_09581] [T1x_rxn8542] ✅ 严格正确 | 原子数：15
[test_sample_09582] [T1x_rxn8543] ✅ 严格正确 | 原子数：15
[test_sample_09583] [T1x_rxn8544] ✅ 严格正确 | 原子数：15
[test_sample_09584] [T1x_rxn8545] ❌ 错误 | 原子数：15
  - 正确映射：[ 0  7 11  5  3 12 10 13  4 14  9  2  8  6  1]
  - 预测映射：[ 0  7 11 10  3  5 12  9  4 13  8  2  1 14  6]
[test_sample_09585] [T1x_rxn8546] ❌ 错误 | 原子数：15
  - 正确映射：[ 6  3  0  4  5 14  9 13 12  8  2 10  7 11  1]
  - 预测映射：[ 4  3  6 14  5  0  9 13  7 10  8 12 11  2  1]
[test_sample_09586] [T1x_rxn8547] ❌ 错误 | 原子数：15
  - 正确映射：[ 3  9 11  8  6 13 14  0  4  2 10  7 12  5  1]
  - 预测映射：[ 3 14 11  9  6  8 13  2  4  0 12  7 10  1  5]
[test_sample_09587] [T1x_rxn8733] ❌ 错误 | 原子数：15
  - 正确映射：[ 4  7 11  5  3  1 13 10  2  9  0 12  8 14  6]
  - 预测映射：[ 4  7  1 13  3 11  5  0  2  9 10  6  8 14 12]
[test_sample_09588] [T1x_rxn8734] ❌ 错误 | 原子数：15
  - 正确映射：[ 9 12 11  4  5  0  6 13 10 14  2  7  3  8  1]
  - 预测映射：[ 9 12  6 11  0  4  5 13  2 14 10  3  7  1  8]
[test_sample_09589] [T1x_rxn8735] ❌ 错误 | 原子数：15
  - 正确映射：[ 0  7  1 12  9 11  2  4  8  5 10  6 14  3 13]
  - 预测映射：[ 0  7  1 12  9  2 11  4  8  5 10  6 14  3 13]
[test_sample_09590] [T1x_rxn8736] ❌ 错误 | 原子数：15
  - 正确映射：[ 0 11  3  1 13  9  4  6  5 14 10  8  2  7 12]
  - 预测映射：[ 0 11  3  1 13  9  4  5 14  6 10  8  2  7 12]
[test_sample_09591] [T1x_rxn8737] ❌ 错误 | 原子数：15
  - 正确映射：[ 7  5 11  4  2 14  0 10  8  6  1  3 13 12  9]
  - 预测映射：[ 7  5 11  4  2  0 14  8  6 10  1  3 13 12  9]
[test_sample_09592] [T1x_rxn8738] ❌ 错误 | 原子数：15
  - 正确映射：[ 8 11  9  5 13  0  7  6  4  3  1 10  2 12 14]
  - 预测映射：[ 8  7  0  5 13  9 11  3  2  6 14 12 10  1  4]
[test_sample_09593] [T1x_rxn8739] ❌ 错误 | 原子数：15
  - 正确映射：[ 9 10  5  0 11  6  2 12 13  1  4  7 14  3  8]
  - 预测映射：[ 9 10  6  2 11  0  5  1  4 12  8 13  3 14  7]
[test_sample_09594] [T1x_rxn8740] ❌ 错误 | 原子数：15
  - 正确映射：[12  5  2  1 10  6 13 11  7  3  9  4  0  8 14]
  - 预测映射：[12  5  1  2 10  6 13  7  3  4  0  8  9 14 11]
[test_sample_09595] [T1x_rxn8741] ❌ 错误 | 原子数：15
  - 正确映射：[10  7  9  6  2  8 12  1  4 11 14  0  3  5 13]
  - 预测映射：[10  7  9 12  8  2  6 14  4 11  1 13  3  5  0]
[test_sample_09596] [T1x_rxn8851] ❌ 错误 | 原子数：15
  - 正确映射：[ 6  0 10 11  3  4 14  8  5 12  1  2  9  7 13]
  - 预测映射：[ 6  0 10 11  3  4 14  8  2  5 12  1  9  7 13]
[test_sample_09597] [T1x_rxn8852] ❌ 错误 | 原子数：15
  - 正确映射：[11 10  5  1  0  7 12  8  4  6 13  2  9  3 14]
  - 预测映射：[11 10  5  1  0  7 12  8  6  4 13  2  9 14  3]
[test_sample_09598] [T1x_rxn8853] ❌ 错误 | 原子数：15
  - 正确映射：[ 1 12  8  3  6  4  2  7 11 14  9 10  5  0 13]
  - 预测映射：[ 1 12  8  3  6  4  2  7 10 11  9  5  0 14 13]
[test_sample_09599] [T1x_rxn8854] ❌ 错误 | 原子数：15
  - 正确映射：[ 9 11  4 10 14  3  7  2 13  5  1  6  0 12  8]
  - 预测映射：[ 9 11  4 10 14  3  7  2  5 13  6  1 12  0  8]
[test_sample_09600] [T1x_rxn9495] ✅ 严格正确 | 原子数：15
[test_sample_09601] [T1x_rxn9496] ❌ 错误 | 原子数：15
  - 正确映射：[13  9  2  4  0  5  6 11  3  8 12  1  7 10 14]
  - 预测映射：[ 2  9 13  4  5  0  6  1  7 10 12  8 11  3 14]
[test_sample_09602] [T1x_rxn9507] ❌ 错误 | 原子数：15
  - 正确映射：[12 10  5  0  8  1  7 13 14  3  2  9 11  4  6]
  - 预测映射：[ 8 12  1  0 10  5  7  9 11  3 14  4  2 13  6]
[test_sample_09603] [T1x_rxn9573] ❌ 错误 | 原子数：15
  - 正确映射：[ 3  0  2  8  5 11 10  9  4 13 12  1  6 14  7]
  - 预测映射：[ 3  0  2  8  5 11 10 12  4  1  9 13 14  7  6]
[test_sample_09604] [T1x_rxn9574] ❌ 错误 | 原子数：15
  - 正确映射：[ 9  4  7  2  6  5  1  8  0 11 14 12 13 10  3]
  - 预测映射：[ 9  4  7  2  6  5  1  8  0 12 14 11 10 13  3]
[test_sample_09605] [T1x_rxn9660] ❌ 错误 | 原子数：15
  - 正确映射：[ 1  2  6 11 13 14  9  7  8  5 10  4 12  3  0]
  - 预测映射：[ 1  2  6 11 13 14  9  7  8 10  5  4 12  3  0]
[test_sample_09606] [T1x_rxn9665] ✅ 严格正确 | 原子数：15
[test_sample_09607] [T1x_rxn9694] ❌ 错误 | 原子数：15
  - 正确映射：[ 7  8  1 10 12 13  0 11 14  6  2  3  4  9  5]
  - 预测映射：[ 7 13 12 10  1  8  0 11 14  3  4  6  2  9  5]
[test_sample_09608] [T1x_rxn9695] ❌ 错误 | 原子数：15
  - 正确映射：[10  7 13  1  2  6 14  4  5  9  3  0  8 12 11]
  - 预测映射：[13  7  2  1  6 14 10  3  9  5  0  8 12 11  4]
[test_sample_09609] [T1x_rxn9732] ❌ 错误 | 原子数：15
  - 正确映射：[ 1  4 14  2  9 12 10  6 13  7  0  3  8 11  5]
  - 预测映射：[ 1 14  2 12  9 10  4  7  0 13  5  3 11  8  6]
[test_sample_09610] [T1x_rxn9733] ❌ 错误 | 原子数：15
  - 正确映射：[ 0 11  1 10  5 14  3  8 12  7  9  2  6 13  4]
  - 预测映射：[ 0  3 11  1 10  5 14  6  4  9 12  7  8  2 13]
[test_sample_09611] [T1x_rxn9734] ✅ 严格正确 | 原子数：15
[test_sample_09612] [T1x_rxn9735] ❌ 错误 | 原子数：15
  - 正确映射：[ 0  7  3  6  4  5 13  8  1 10 12 11 14  9  2]
  - 预测映射：[ 0  7  3  6  4  5 13  8  1 12 10 14 11  9  2]
[test_sample_09613] [T1x_rxn9753] ❌ 错误 | 原子数：15
  - 正确映射：[ 0 10  9 11 13  6  3  8 12  7  1  5 14  2  4]
  - 预测映射：[11 13  9  6 10  0  3  5  1 14  2 12  7  8  4]
[test_sample_09614] [T1x_rxn9754] ❌ 错误 | 原子数：15
  - 正确映射：[13  1  4 14  2 11  3 12  7 10  5  0  9  8  6]
  - 预测映射：[13  1  4 14  3 11  2 12  7 10  5  0  6  8  9]
[test_sample_09615] [T1x_rxn9772] ✅ 严格正确 | 原子数：15
[test_sample_09616] [T1x_rxn9773] ❌ 错误 | 原子数：15
  - 正确映射：[ 8 11  2 14  3  9  5  0  1  7  6 12  4 10 13]
  - 预测映射：[ 8 11  2 14  3  9  5  0  7  1 12  6 13 10  4]
[test_sample_09617] [T1x_rxn9774] ❌ 错误 | 原子数：15
  - 正确映射：[14 13  2  0  8  7  6 10  3 11  9  4  5  1 12]
  - 预测映射：[14 13  2  0  8  7  6 10  3 11  4  9  5  1 12]
[test_sample_09618] [T1x_rxn9779] ❌ 错误 | 原子数：15
  - 正确映射：[ 7  0 13  8  6  1  2 11  5 12 10  4 14  9  3]
  - 预测映射：[ 7  0 13  8  6  1  2  5  4 11 12 14  9 10  3]
[test_sample_09619] [T1x_rxn9780] ❌ 错误 | 原子数：15
  - 正确映射：[10  0  6  1  9 13  3  7 11  4  8 12  5  2 14]
  - 预测映射：[10  0  6  1  9 13  3  7 11  4  8 12  2  5 14]
[test_sample_09620] [T1x_rxn9781] ❌ 错误 | 原子数：15
  - 正确映射：[ 6  4  5  2 11  1  0 13 12  9  7  3  8 10 14]
  - 预测映射：[ 6  2  4  1 11  0  5 13  9 14 10 12  7  8  3]
[test_sample_09621] [T1x_rxn9885] ❌ 错误 | 原子数：15
  - 正确映射：[ 2  5  4 13  8  9  1 14  0 12  6  7  3 10 11]
  - 预测映射：[ 4  5  2  9  8 13  1 14 10  7  6  3  0 12 11]
[test_sample_09622] [T1x_rxn9926] ✅ 严格正确 | 原子数：15
[test_sample_09623] [T1x_rxn9957] ❌ 错误 | 原子数：15
  - 正确映射：[12 11  3 13  5  1  0 10  7  4  8  9  6  2 14]
  - 预测映射：[12 11  3 13  5  1  0  7  4 10  8  9  6  2 14]
[test_sample_09624] [T1x_rxn9977] ❌ 错误 | 原子数：15
  - 正确映射：[ 7 14 10 13  1  5 11 12  6  8  3  2  4  9  0]
  - 预测映射：[14  7 10 13  1  5 11 12  2  6  8  3  9  4  0]
[test_sample_09625] [T1x_rxn9978] ❌ 错误 | 原子数：15
  - 正确映射：[12  2 13  0 11  7  4 10  5  3 14  8  6  1  9]
  - 预测映射：[ 2 12 13  0 11  7  4 10  8 14  3  5  1  6  9]
[test_sample_09626] [T1x_rxn9979] ❌ 错误 | 原子数：15
  - 正确映射：[ 3  1  0  8  7  6  2  5 13 11  4 12  9 14 10]
  - 预测映射：[ 3  6  2  8  7  0  1 13  5 11 10 12 14  9  4]
[test_sample_09627] [T1x_rxn9980] ❌ 错误 | 原子数：15
  - 正确映射：[ 8 12  4  6  1  5  3 13 14  9 10  0  7 11  2]
  - 预测映射：[12  6  5  3  1  4  8 13 10  0 11  9  2  7 14]
[test_sample_09628] [T1x_rxn10000] ❌ 错误 | 原子数：16
  - 正确映射：[ 8  1 12  7  9  0  4 15  3  2  6 14  5 13 10 11]
  - 预测映射：[ 0  9  1  8 12  7  4  2 13 10  3 15 11 14  6  5]
[test_sample_09629] [T1x_rxn10039] ❌ 错误 | 原子数：16
  - 正确映射：[ 1 14  9 13 11  3  8  4  2  0 12  5  7 10 15  6]
  - 预测映射：[14  1  9 13 11  8  3  0  2  4  5 12  6 15 10  7]
[test_sample_09630] [T1x_rxn10040] ❌ 错误 | 原子数：16
  - 正确映射：[10 12 13  1  4 11  0  7 14  9  3  2 15  8  6  5]
  - 预测映射：[10 12 13  1  4  0 11  9 14  7  2  3  5  6  8 15]
[test_sample_09631] [T1x_rxn5463] ❌ 错误 | 原子数：16
  - 正确映射：[15 13 12 14  4 11 10  7  3  5  9  2  6  8  1  0]
  - 预测映射：[11 14  4 12 13 15 10  8  1  6  2  0  5  7  3  9]
[test_sample_09632] [T1x_rxn5464] ✅ 严格正确 | 原子数：16
[test_sample_09633] [T1x_rxn5465] ❌ 错误 | 原子数：16
  - 正确映射：[ 6  9  8  0 11 10 12  1  7 13  5  3 14 15  2  4]
  - 预测映射：[10 11  0  8  9  6 12 14 15  2  3  5  1  7 13  4]
[test_sample_09634] [T1x_rxn5466] ❌ 错误 | 原子数：16
  - 正确映射：[ 6  0 10  7 13  9 11  2  8  3 14  4  1  5 15 12]
  - 预测映射：[ 6  0 10  7 13  9 11  2  8  3 14  4  5 15  1 12]
[test_sample_09635] [T1x_rxn5467] ❌ 错误 | 原子数：16
  - 正确映射：[10  3  4 12 15 14  8  1  7  9  0  6  5  2 11 13]
  - 预测映射：[10  3  4 12 15 14  8  9  7  1  0  6  2  5 11 13]
[test_sample_09636] [T1x_rxn5468] ❌ 错误 | 原子数：16
  - 正确映射：[ 5  2  9  3 14  8 11 13  0  6 12  1 15 10  7  4]
  - 预测映射：[ 2  9  3  5 14  8 11  7 12  0  1  6 13 10 15  4]
[test_sample_09637] [T1x_rxn5469] ✅ 严格正确 | 原子数：16
[test_sample_09638] [T1x_rxn5470] ❌ 错误 | 原子数：16
  - 正确映射：[ 9 14  3 13  2  0 12 11  5  4  6  7  1 15  8 10]
  - 预测映射：[ 0  2 13  3 14  9 12  1 15  8  7  6 11  5  4 10]
[test_sample_09639] [T1x_rxn5471] ❌ 错误 | 原子数：16
  - 正确映射：[ 6  2  4 15  3 12  0  1  8  5 10 14 11  7  9 13]
  - 预测映射：[12  3 15  4  2  6  0  9  7 11 14 10  5  8  1 13]
[test_sample_09640] [T1x_rxn5725] ❌ 错误 | 原子数：16
  - 正确映射：[ 8 13 15 14  3  9  1  6  5 11 12  0  4  2  7 10]
  - 预测映射：[ 9 13 15 14  3  8  1  7 10  2  0 12  4  6  5 11]
[test_sample_09641] [T1x_rxn5726] ❌ 错误 | 原子数：16
  - 正确映射：[ 1  5  8 14  6  0  3  4 11  7  9 12 10 13  2 15]
  - 预测映射：[ 0  5  8 14  6  1  3  2 11 15 13 12 10  9  4  7]
[test_sample_09642] [T1x_rxn5727] ❌ 错误 | 原子数：16
  - 正确映射：[ 2  6  4  8 11  7 10  3 12  0 14 13  5  9 15  1]
  - 预测映射：[ 7  6  4  8 11  2 10 15  1  9 13 14  5  3 12  0]
[test_sample_09643] [T1x_rxn5728] ❌ 错误 | 原子数：16
  - 正确映射：[ 3 11 14  4 15 12  5  2  7  9  0  8  1  6 13 10]
  - 预测映射：[ 3 11 14  4 15 12  5  2  7  9  0  8  1 13  6 10]
[test_sample_09644] [T1x_rxn5729] ❌ 错误 | 原子数：16
  - 正确映射：[ 2 14  9  5 11  6 13 15 10  3 12  7  4  1  8  0]
  - 预测映射：[ 2  9 14  5 11  6 13  7  3 15 12  8  4  1  0 10]
[test_sample_09645] [T1x_rxn5730] ❌ 错误 | 原子数：16
  - 正确映射：[ 0 13 11  4  6  1 12  7  3 15  8 10  2  9  5 14]
  - 预测映射：[ 0 13 11  4  6  1 12  7  3 15 10  8  2  9  5 14]
[test_sample_09646] [T1x_rxn5771] ✅ 严格正确 | 原子数：16
[test_sample_09647] [T1x_rxn5772] ❌ 错误 | 原子数：16
  - 正确映射：[ 4  0  7  3 13  5 15  6  9 14 10 11 12  2  1  8]
  - 预测映射：[ 4  0 15 13  3  5  7 10  9 14  6  8  2 12  1 11]
[test_sample_09648] [T1x_rxn5773] ❌ 错误 | 原子数：16
  - 正确映射：[15  8  0  7  9 10 11  6 12  1  2 14  5 13  3  4]
  - 预测映射：[15  8  7  0 11 10  9  1  2 12  5 13 14  4  3  6]
[test_sample_09649] [T1x_rxn5774] ❌ 错误 | 原子数：16
  - 正确映射：[10  0 14  5  7  3  9  8  6 11 12  1 15  2 13  4]
  - 预测映射：[10  0 14  5  7  3  9  4 11  8 12  6  1 13 15  2]
[test_sample_09650] [T1x_rxn5775] ❌ 错误 | 原子数：16
  - 正确映射：[ 6  7  0 13  8 10  5 12 15  4  3  1 14  2  9 11]
  - 预测映射：[ 6  7  8  5  0 10 13 15  4 12 14  2 11  9  1  3]
[test_sample_09651] [T1x_rxn5776] ❌ 错误 | 原子数：16
  - 正确映射：[ 7 10 11 13 12  0 14  4  3  8 15  2  1  6  9  5]
  - 预测映射：[ 7 10 11 13 12  0 14  8  3  4  1 15  2  9  6  5]
[test_sample_09652] [T1x_rxn5777] ❌ 错误 | 原子数：16
  - 正确映射：[ 0  9 12 14 15  4  1  8 13  6 10  5  2 11  3  7]
  - 预测映射：[ 0  9  1 15 14  4 12 13  8  6  7  3 11  2 10  5]
[test_sample_09653] [T1x_rxn5778] ✅ 严格正确 | 原子数：16
[test_sample_09654] [T1x_rxn5779] ❌ 错误 | 原子数：16
  - 正确映射：[15  5 14  7 11  2  0  4 12  1  6  8  9 13  3 10]
  - 预测映射：[15  5 14  7 11  2  0  4 12  1  6  8  9 10 13  3]
[test_sample_09655] [T1x_rxn5780] ❌ 错误 | 原子数：16
  - 正确映射：[ 7 11 14  2  5  4  8  9  6 13 15 12 10  3  0  1]
  - 预测映射：[ 7 11 14  2  5  4  8  9  6 13 15  0 10  3 12  1]
[test_sample_09656] [T1x_rxn5781] ✅ 严格正确 | 原子数：16
[test_sample_09657] [T1x_rxn5782] ✅ 严格正确 | 原子数：16
[test_sample_09658] [T1x_rxn5783] ✅ 严格正确 | 原子数：16
[test_sample_09659] [T1x_rxn5784] ❌ 错误 | 原子数：16
  - 正确映射：[ 4 11  1 13 12  3  8 14  2 10  6  5  7  0  9 15]
  - 预测映射：[ 4 11  1  8 12  3 13 14 10  2  6  9  5 15  0  7]
[test_sample_09660] [T1x_rxn5785] ❌ 错误 | 原子数：16
  - 正确映射：[ 8  4  9  2  7  5 10  1 14 12  6 11 13 15  0  3]
  - 预测映射：[ 8  4  9  2  7  5 10  1 14 12  6 11 13  0  3 15]
[test_sample_09661] [T1x_rxn5786] ❌ 错误 | 原子数：16
  - 正确映射：[ 9  8 14  1  0 11 15 10 12  6  5 13  3  4  7  2]
  - 预测映射：[ 9  8 14  1  0 11 15 10 12  6  5 13  3  7  2  4]
[test_sample_09662] [T1x_rxn5787] ❌ 错误 | 原子数：16
  - 正确映射：[ 6 13  0  8 14  3 10  5 15  4  2 12  7 11  1  9]
  - 预测映射：[ 0 13  6  8 14  3 10  2 15 12  4  9  5  7 11  1]
[test_sample_09663] [T1x_rxn5788] ✅ 严格正确 | 原子数：16
[test_sample_09664] [T1x_rxn5789] ❌ 错误 | 原子数：16
  - 正确映射：[ 2  1  7 15 12 14 13  6 10  8  4 11  5  0  9  3]
  - 预测映射：[ 7  1  2 15 12 14 13 11  4  8 10  5  9  0  6  3]
[test_sample_09665] [T1x_rxn6047] ❌ 错误 | 原子数：16
  - 正确映射：[ 9  8 15  0  1  2 14  3  7 12  5 11  6 13  4 10]
  - 预测映射：[ 9  8 15  0  1  2 14  7 12  3  5 11  6 13  4 10]
[test_sample_09666] [T1x_rxn6048] ❌ 错误 | 原子数：16
  - 正确映射：[ 7  9  1  6 14  0  5  2 15 12  8 13  4 10  3 11]
  - 预测映射：[ 7  1  9  6 14  0  5  2 15 12 13 10  8  3  4 11]
[test_sample_09667] [T1x_rxn6049] ✅ 严格正确 | 原子数：16
[test_sample_09668] [T1x_rxn6050] ❌ 错误 | 原子数：16
  - 正确映射：[10 13  9  7  3  6  0  1 11 15  8 14 12  5  2  4]
  - 预测映射：[10 13  9  7  3  6  0 11 15  1  8 14 12  5  2  4]
[test_sample_09669] [T1x_rxn6051] ❌ 错误 | 原子数：16
  - 正确映射：[14 15 11 13 12  7  0  1  5  9  3 10  8  4  6  2]
  - 预测映射：[14 15 11 13 12  7  0  5  9  1  3 10  8  2  4  6]
[test_sample_09670] [T1x_rxn6052] ❌ 错误 | 原子数：16
  - 正确映射：[14 12 15  4  9  3  5  0 13  7  1  6 11 10  8  2]
  - 预测映射：[ 4 15 12 14  9  3  5  6 13  1  7  0 11  2  8 10]
[test_sample_09671] [T1x_rxn6053] ❌ 错误 | 原子数：16
  - 正确映射：[ 2  3  5  9  0 11 15 10 12  8  7 13 14  1  6  4]
  - 预测映射：[ 2  3  5  9  0 11 15 10 12  7 13  1  8  6 14  4]
[test_sample_09672] [T1x_rxn6054] ❌ 错误 | 原子数：16
  - 正确映射：[12  8  0 11  4 13 14  5  9  7 15  2  6  3 10  1]
  - 预测映射：[12  8  0 11  4 13 14  3  5  9 15  2 10  1  7  6]
[test_sample_09673] [T1x_rxn6055] ❌ 错误 | 原子数：16
  - 正确映射：[ 4  2 13 10  9 12  5  0 14 11  7  6  1  8  3 15]
  - 预测映射：[ 4  2 13 10  9 12  5 11 14  1  6  7  0  8  3 15]
[test_sample_09674] [T1x_rxn6056] ✅ 严格正确 | 原子数：16
[test_sample_09675] [T1x_rxn6057] ❌ 错误 | 原子数：16
  - 正确映射：[10 14  5  3  6  1 12 15  8 13 11  7  0  2  9  4]
  - 预测映射：[10 14  5  3  6  1 12 15  8 13 11  7  0  9  2  4]
[test_sample_09676] [T1x_rxn6058] ❌ 错误 | 原子数：16
  - 正确映射：[12  9 15  7  1 11  8  2  4  5  0 10  3  6 14 13]
  - 预测映射：[12 15  9 11  1  7  8  4  2  5 14  6 13 10  0  3]
[test_sample_09677] [T1x_rxn6059] ❌ 错误 | 原子数：16
  - 正确映射：[ 8  7  5 15 12  0 13  6 11  1  9  2  3 10  4 14]
  - 预测映射：[ 8  7  5 15 12  0 13 11  6  1  9  2  3 10  4 14]
[test_sample_09678] [T1x_rxn6466] ❌ 错误 | 原子数：16
  - 正确映射：[ 6 15 11  5 12  1  3 13 10  7  8  2 14  0  9  4]
  - 预测映射：[ 6 15  5 11 12  1  3 10 13  7 14  0  8  2  9  4]
[test_sample_09679] [T1x_rxn6467] ❌ 错误 | 原子数：16
  - 正确映射：[11  3  9  1  6 14 13 10  5  2 15 12  0  7  8  4]
  - 预测映射：[11  3  9  1  6 14 13 10  5  2 15  0 12  7  8  4]
[test_sample_09680] [T1x_rxn6468] ❌ 错误 | 原子数：16
  - 正确映射：[12  7  1  8 15  9 11 10  5 14  2  6 13  4  0  3]
  - 预测映射：[12  7  1  8 15  9 11 14  5 10  2 13  6  4  0  3]
[test_sample_09681] [T1x_rxn6469] ❌ 错误 | 原子数：16
  - 正确映射：[ 2 10  7 11  4  0  8  1  6 12  9  3 13  5 15 14]
  - 预测映射：[11  0  4  7  2 10  8  9 13  3  5 12  1  6 14 15]
[test_sample_09682] [T1x_rxn6470] ❌ 错误 | 原子数：16
  - 正确映射：[ 6  9  7  2  5  4  1 15  0 10 12 13 11  3 14  8]
  - 预测映射：[ 6  9  7  4  5  2  1  0 15 10  8  3 11 13 14 12]
[test_sample_09683] [T1x_rxn6471] ❌ 错误 | 原子数：16
  - 正确映射：[ 8 10  1 15  7 14  5  0  3 11  4 12  6  2 13  9]
  - 预测映射：[ 8 10  1 15  7 14  5 11  3  0  4 12  2  6 13  9]
[test_sample_09684] [T1x_rxn6472] ❌ 错误 | 原子数：16
  - 正确映射：[13  1 14  2 15  4  7 11  6  8 10 12  3  0  5  9]
  - 预测映射：[15  2 13 14  1  4  7  3  6  0 11  9 10  8  5 12]
[test_sample_09685] [T1x_rxn6473] ❌ 错误 | 原子数：16
  - 正确映射：[10  8 11 14  0  1  5  9 13  4  2  6  7  3 15 12]
  - 预测映射：[10  8 11 14  0  1  5  9 13  4  2  6  7  3 12 15]
[test_sample_09686] [T1x_rxn6474] ❌ 错误 | 原子数：16
  - 正确映射：[ 8  2 11  0 10  9  6  4 14 12  7  1 13 15  3  5]
  - 预测映射：[10  0 11  2  8  9  6 13 15  1  7  4 14 12  5  3]
[test_sample_09687] [T1x_rxn6475] ❌ 错误 | 原子数：16
  - 正确映射：[ 7  2  0  9  3  4  1 10  5  6 11 12 15 14  8 13]
  - 预测映射：[ 7  2  0  9  3  4  1 10  5  6 11 15  8 14 12 13]
[test_sample_09688] [T1x_rxn6476] ❌ 错误 | 原子数：16
  - 正确映射：[15  0  2 14  6  1 10 12  9  8  3  7 11  4  5 13]
  - 预测映射：[15  0  2 14  6  1 10  8  9  3 12  7 11  4  5 13]
[test_sample_09689] [T1x_rxn6477] ❌ 错误 | 原子数：16
  - 正确映射：[ 9  0  5  2  4  1 13 14  8 12 11 15 10  7  6  3]
  - 预测映射：[ 9  0  5  2  4  1 13 14  8 12 11  7 15 10  6  3]
[test_sample_09690] [T1x_rxn6478] ❌ 错误 | 原子数：16
  - 正确映射：[ 9 13  0  1 14  7  3  4 15 10 11  6  5  8  2 12]
  - 预测映射：[ 9 13  7  1 14  0  3  4 10 15  2  8  5  6 11 12]
[test_sample_09691] [T1x_rxn6479] ❌ 错误 | 原子数：16
  - 正确映射：[15  1  6 14  4 10 12  8 13  5 11  0  9  7  3  2]
  - 预测映射：[ 4 14 10  1 15  6 12  9  5  0  3 13  2  8 11  7]
[test_sample_09692] [T1x_rxn6480] ❌ 错误 | 原子数：16
  - 正确映射：[ 9  3  8 12 10  1  4 14  5  2  0  7  6 11 15 13]
  - 预测映射：[ 9  3  8 12 10  1  4  2  5 14  0  7 11  6 15 13]
[test_sample_09693] [T1x_rxn6481] ❌ 错误 | 原子数：16
  - 正确映射：[ 2  6 12  1 14 10  3  9 15  8 11  0  5  7 13  4]
  - 预测映射：[ 2  6 12  1 14 10  3  8 15  9 11  5  0  7 13  4]
[test_sample_09694] [T1x_rxn6482] ❌ 错误 | 原子数：16
  - 正确映射：[ 1  4 10 11 14  0  8  9 12  5  2  3 13 15  6  7]
  - 预测映射：[11  0 10  4 14  1  8  5  3  6  2 13 12 15  9  7]
[test_sample_09695] [T1x_rxn6483] ❌ 错误 | 原子数：16
  - 正确映射：[ 4  6 14  2  1 11  5 13 10 12  3  8  7  0 15  9]
  - 预测映射：[ 4  6 14  2  1 11  5 13 10 12  3  7  0  8 15  9]
[test_sample_09696] [T1x_rxn6484] ❌ 错误 | 原子数：16
  - 正确映射：[ 2 12  9 14 10  3  4  6 13 11 15  7  5  8  1  0]
  - 预测映射：[ 2 12  9 14 10  3  4 15 13  6 11  7  5  8  1  0]
[test_sample_09697] [T1x_rxn6485] ❌ 错误 | 原子数：16
  - 正确映射：[ 5  0  7  6 14  9  4  2 10 13  8  1 12  3 11 15]
  - 预测映射：[ 5  0  7  6  9 14  4 10 13  2  8  1  3 11 12 15]
[test_sample_09698] [T1x_rxn6486] ❌ 错误 | 原子数：16
  - 正确映射：[ 0  1  3 12  2 10  4  5 13 14  8  7 11  9 15  6]
  - 预测映射：[ 0  1  3 12  2 10  4 14 13  5  8 11 15  9  7  6]
[test_sample_09699] [T1x_rxn6487] ✅ 严格正确 | 原子数：16
[test_sample_09700] [T1x_rxn6488] ❌ 错误 | 原子数：16
  - 正确映射：[14  0  1  2 11 10  5  9 12  8 15 13  4  7  3  6]
  - 预测映射：[14  0  1 10 11  2  5  9  8 12 15  3  6  7 13  4]
[test_sample_09701] [T1x_rxn6489] ❌ 错误 | 原子数：16
  - 正确映射：[12  4  6 14  5  3  1  7 15  8 10  0 11 13  9  2]
  - 预测映射：[12  4  6  3  5 14  1 15  7  8 10  9  2 13  0 11]
[test_sample_09702] [T1x_rxn6490] ❌ 错误 | 原子数：16
  - 正确映射：[ 0  7  2 15 11 14 10 13  3  5  4  8  9 12  6  1]
  - 预测映射：[11 15 14  2  7  0 10  9 12  8  6  5  4 13  3  1]
[test_sample_09703] [T1x_rxn6491] ❌ 错误 | 原子数：16
  - 正确映射：[15  5 12  6 14  9  8 10  2 11  0  3  7  4  1 13]
  - 预测映射：[14 15  5  9  6 12  8 13  4 10 11  2  1  7  3  0]
[test_sample_09704] [T1x_rxn6492] ✅ 严格正确 | 原子数：16
[test_sample_09705] [T1x_rxn6493] ❌ 错误 | 原子数：16
  - 正确映射：[14  2 12  4 10 11 15  6  7  3  0  5  8 13  9  1]
  - 预测映射：[14 12 11  4  2 10 15  6  7  3  1  0  8  5  9 13]
[test_sample_09706] [T1x_rxn6494] ❌ 错误 | 原子数：16
  - 正确映射：[ 8  7  5 15  0 10  4  9 13 11  3  2 14 12  6  1]
  - 预测映射：[ 8  7 10  5 15  0  4 13  6  9  1 11  3  2 12 14]
[test_sample_09707] [T1x_rxn6495] ❌ 错误 | 原子数：16
  - 正确映射：[ 5  4  7  6 15  0  3 11  9 13  1 14  2 10 12  8]
  - 预测映射：[ 4  5  0 15  6  7  3 11 13  9 12 10  8 14  1  2]
[test_sample_09708] [T1x_rxn6496] ❌ 错误 | 原子数：16
  - 正确映射：[14 15  1 10  3  7  5  9  6 11  8  4 13 12  2  0]
  - 预测映射：[14 15  1 10  3  7  5  9  2 11  8  4 13 12  6  0]
[test_sample_09709] [T1x_rxn6497] ❌ 错误 | 原子数：16
  - 正确映射：[ 6  1  3  2 15 12  0  5 11 14 13  4  9 10  8  7]
  - 预测映射：[ 6 15  2  1  3 12  0  5 10  4  9 14 13 11  8  7]
[test_sample_09710] [T1x_rxn6984] ❌ 错误 | 原子数：16
  - 正确映射：[13  1  8  6 15 14 11 12 10  4  2  0  9  7  5  3]
  - 预测映射：[13  1  6 14 15 11  8 10  4 12  0  5  7  2  3  9]
[test_sample_09711] [T1x_rxn6985] ❌ 错误 | 原子数：16
  - 正确映射：[ 2 14 11  3 12 15  7  8  4  0  5  1  6 10 13  9]
  - 预测映射：[ 2 14 15  3 12 11  7  4  8  0 13  1 10  5  6  9]
[test_sample_09712] [T1x_rxn6986] ❌ 错误 | 原子数：16
  - 正确映射：[14  6 11 13  7  9  0  2  8 15 10  4 12  3  1  5]
  - 预测映射：[14  6  0  9  7 13 11  8  2 15  5  1  3 12  4 10]
[test_sample_09713] [T1x_rxn6987] ❌ 错误 | 原子数：16
  - 正确映射：[ 7 14  3  8 12  4 11  2 10 15  9  1 13  5  0  6]
  - 预测映射：[ 7 14 11  4 12  8  3 10  2 15  6  0  5 13  1  9]
[test_sample_09714] [T1x_rxn6988] ❌ 错误 | 原子数：16
  - 正确映射：[15  9 13  2 12  5 14  4  1  7  0  6 10  3  8 11]
  - 预测映射：[15  9  2  5 12 14 13  4  7 10  6  8  3  1 11  0]
[test_sample_09715] [T1x_rxn6989] ❌ 错误 | 原子数：16
  - 正确映射：[ 4  2  3  8 13  5  0  9 11 15  6 14  7  1 12 10]
  - 预测映射：[ 4  2  8  5 13  0  3 11 15  9  7  1 14 10 12  6]
[test_sample_09716] [T1x_rxn7041] ❌ 错误 | 原子数：16
  - 正确映射：[ 3 12  4  9  1  8  6 10  2 14  7 11  5 15  0 13]
  - 预测映射：[ 3 12  1  9  6  4  8 10 14  2  5 15 11 13  7  0]
[test_sample_09717] [T1x_rxn7042] ❌ 错误 | 原子数：16
  - 正确映射：[ 7 13  3  5  2  1  6 11 10  4  9  0 15  8 14 12]
  - 预测映射：[ 7 13  3  5  2  1  6 11  4 10  9  0 15  8 14 12]
[test_sample_09718] [T1x_rxn7043] ❌ 错误 | 原子数：16
  - 正确映射：[ 2  1  6 12 10 15 11  4 14  0  5  9  8  3  7 13]
  - 预测映射：[ 2  1  6 12 10 15 11  0  4 14  5  9  8  3  7 13]
[test_sample_09719] [T1x_rxn7044] ❌ 错误 | 原子数：16
  - 正确映射：[ 8 10 14  7 15 11  9  5 12  6  2  4  3  1  0 13]
  - 预测映射：[ 8 10 15  9 11 14  7 12  6  5  3  1  0 13  2  4]
[test_sample_09720] [T1x_rxn7045] ❌ 错误 | 原子数：16
  - 正确映射：[15 12  6  0  9  1 14  8  3 10  5 13  4  7  2 11]
  - 预测映射：[15 12  6 14  9  1  0 10  3  8  5 11  2  7  4 13]
[test_sample_09721] [T1x_rxn7046] ❌ 错误 | 原子数：16
  - 正确映射：[ 0 14 13 12  4 15  8  7  1 11 10  3  6  5  2  9]
  - 预测映射：[ 0 14 13 12  4 15  8  7  1 11  9 10  6  5  2  3]
[test_sample_09722] [T1x_rxn7047] ❌ 错误 | 原子数：16
  - 正确映射：[ 6 10  7 12 14  9 11  8  0  4  3 15 13  5  2  1]
  - 预测映射：[ 6 10  9 12  7 11 14  4  0  8 13 15  1  3  2  5]
[test_sample_09723] [T1x_rxn7048] ✅ 严格正确 | 原子数：16
[test_sample_09724] [T1x_rxn7049] ❌ 错误 | 原子数：16
  - 正确映射：[ 2  7  3 12  4 14 15  0 11  9 10 13  5  8  6  1]
  - 预测映射：[ 2  7  3 12  4 14 15 11  9  0 10  5  6  8  1 13]
[test_sample_09725] [T1x_rxn7050] ✅ 严格正确 | 原子数：16
[test_sample_09726] [T1x_rxn7051] ❌ 错误 | 原子数：16
  - 正确映射：[ 4  6  8 10  1 13 15 11  2  3  7 14  9 12  0  5]
  - 预测映射：[ 4  6  8 15  1 13 10  3 11  7  5 14  0 12  9  2]
[test_sample_09727] [T1x_rxn7052] ✅ 严格正确 | 原子数：16
[test_sample_09728] [T1x_rxn7507] ❌ 错误 | 原子数：16
  - 正确映射：[ 8  1  4  5  0  6 13 14 15  7  2 11 12 10  3  9]
  - 预测映射：[ 4  8  1 13  0  6  5 14  7 15  3  9 12 10  2 11]
[test_sample_09729] [T1x_rxn7508] ✅ 严格正确 | 原子数：16
[test_sample_09730] [T1x_rxn7509] ❌ 错误 | 原子数：16
  - 正确映射：[ 4  7 12  9 11  5  1  6  3  2 13 10  8  0 14 15]
  - 预测映射：[ 4  7 12  9 11  5  1  6  3  2 10 13  8  0 14 15]
[test_sample_09731] [T1x_rxn7510] ✅ 严格正确 | 原子数：16
[test_sample_09732] [T1x_rxn7511] ❌ 错误 | 原子数：16
  - 正确映射：[12  3  7  8  9 11  2 14  5  0  1  4 13 10 15  6]
  - 预测映射：[12  3  7  8  9 11  2  5 14  0  1 15  6 10  4 13]
[test_sample_09733] [T1x_rxn7512] ❌ 错误 | 原子数：16
  - 正确映射：[10  0  9  4  6  1 14  3 13 11 15 12  8  2  7  5]
  - 预测映射：[10  0  9  4  6  1 14 11  3  7 13 15  8 12  5  2]
[test_sample_09734] [T1x_rxn7513] ❌ 错误 | 原子数：16
  - 正确映射：[11 14 12  8  3  4  7  1  2 13  6 15  0  9  5 10]
  - 预测映射：[11 14 12  8  3  4  7 13  2  1  6 15  0  9  5 10]
[test_sample_09735] [T1x_rxn7514] ✅ 严格正确 | 原子数：16
[test_sample_09736] [T1x_rxn7734] ✅ 严格正确 | 原子数：16
[test_sample_09737] [T1x_rxn7735] ❌ 错误 | 原子数：16
  - 正确映射：[11  7  1 14 10 15 13  4  8  6  3  0  5  9 12  2]
  - 预测映射：[11  7  1 14 10 15 13  6  4  8  3  0  5  9 12  2]
[test_sample_09738] [T1x_rxn7736] ❌ 错误 | 原子数：16
  - 正确映射：[15  0  5  4  2  6  9 13 11  8 14  1  7 12  3 10]
  - 预测映射：[ 4  0  2 15  5  9  6  7 14  1 12  8 11 13 10  3]
[test_sample_09739] [T1x_rxn7737] ✅ 严格正确 | 原子数：16
[test_sample_09740] [T1x_rxn7738] ❌ 错误 | 原子数：16
  - 正确映射：[11  7  6  9 12  5  0  3 15  4 13 10  8  2  1 14]
  - 预测映射：[11  7  9  0  6  5 12  3  4 15 10 14  1 13  2  8]
[test_sample_09741] [T1x_rxn7739] ❌ 错误 | 原子数：16
  - 正确映射：[13  3  2 10  9  4  8  6 11  1  7 14 15  5  0 12]
  - 预测映射：[13  3  8  4  9 10  2  1 11  6  7  0 12  5 15 14]
[test_sample_09742] [T1x_rxn7740] ❌ 错误 | 原子数：16
  - 正确映射：[10  3 12 11  4 15 14  8  9  7  0  2 13  6  1  5]
  - 预测映射：[10  3 12 11  4 15 14  8  9  7  0 13  6  2  1  5]
[test_sample_09743] [T1x_rxn7741] ❌ 错误 | 原子数：16
  - 正确映射：[12  3  8 11 15 10  4  1  6  5 14  0 13  7  2  9]
  - 预测映射：[12  3 10 11 15  8  4  5  6  1  7  0  2 13 14  9]
[test_sample_09744] [T1x_rxn8349] ✅ 严格正确 | 原子数：16
[test_sample_09745] [T1x_rxn8350] ❌ 错误 | 原子数：16
  - 正确映射：[10 15  0  6  3 12 14  1  8  4 13  5  2  7 11  9]
  - 预测映射：[ 0 15  3 10 12  6 14  7  9 13 11  1  8  4  2  5]
[test_sample_09746] [T1x_rxn8351] ❌ 错误 | 原子数：16
  - 正确映射：[ 1  7  3  4  2 14 13 15  0 12  8  9 11 10  5  6]
  - 预测映射：[ 1  7  2  4  3 14 13  0 15 12  5 11 10  6  8  9]
[test_sample_09747] [T1x_rxn8352] ❌ 错误 | 原子数：16
  - 正确映射：[ 4  9  8 11  3  7  2 15  5 10 13 14  0 12  1  6]
  - 预测映射：[ 4  9  3 11  8  7  2 10 15  5  6  1  0 12 14 13]
[test_sample_09748] [T1x_rxn8353] ❌ 错误 | 原子数：16
  - 正确映射：[10  3 13  9  8  2  1 11 15  7 14  5 12  6  4  0]
  - 预测映射：[ 8  9  3 10 13  2  1 12  4  0 15 14  7 11  5  6]
[test_sample_09749] [T1x_rxn8354] ❌ 错误 | 原子数：16
  - 正确映射：[13  0 10  6  4  7  9  3 11 14  8  5 12  2 15  1]
  - 预测映射：[10  0 13  6  4  7  9  8 11  2  3  1 12 14 15  5]
[test_sample_09750] [T1x_rxn8355] ❌ 错误 | 原子数：16
  - 正确映射：[ 2  6 14  4  5 11 13  3  0  9 12 15  1  7  8 10]
  - 预测映射：[14  6  2  5  4 11 13 15  0 12  9  3 10  7  8  1]
[test_sample_09751] [T1x_rxn8356] ❌ 错误 | 原子数：16
  - 正确映射：[14  0  3  4  8 10  9 15  7 11  1  5 12  6 13  2]
  - 预测映射：[ 4  0  8 14  3 10  9  6  2  1 13 15  7 11 12  5]
[test_sample_09752] [T1x_rxn8490] ✅ 严格正确 | 原子数：16
[test_sample_09753] [T1x_rxn8491] ❌ 错误 | 原子数：16
  - 正确映射：[14  6  7 10 15 13  0 12 11  3  1  8  2  4  9  5]
  - 预测映射：[10  7 15 13  6 14  0 12  4 11  1  8  5  2  9  3]
[test_sample_09754] [T1x_rxn8492] ❌ 错误 | 原子数：16
  - 正确映射：[ 7  2  4 10  9 11  8 12 13  5  0 15  1  3  6 14]
  - 预测映射：[10  4  2  7  9 11  8  3 15  1  0  5  6 13 12 14]
[test_sample_09755] [T1x_rxn8493] ❌ 错误 | 原子数：16
  - 正确映射：[ 6  4  8 15  1  5  7  2  0 10 12 13 11  3  9 14]
  - 预测映射：[ 5 15  6  8  4  1  7 14 11  9  3  2  0 12 13 10]
[test_sample_09756] [T1x_rxn8494] ❌ 错误 | 原子数：16
  - 正确映射：[11  7  6  3  8  9 13 14  0  5  2  1  4 10 15 12]
  - 预测映射：[ 3  6  7 11  8  9 13  4 14 10  1  2  5  0 15 12]
[test_sample_09757] [T1x_rxn8495] ❌ 错误 | 原子数：16
  - 正确映射：[14  1  8  0 15 11 10 13  5  7  6  4  2 12  9  3]
  - 预测映射：[ 0  8  1 14 15 11 10  9 12  2  4  6  7  5 13  3]
[test_sample_09758] [T1x_rxn8496] ❌ 错误 | 原子数：16
  - 正确映射：[ 0 13 10  3 14  6 15  5  7 12  1  2  4  9 11  8]
  - 预测映射：[ 0 13 10  3 14  6 15  5  7 12  1  8 11  4  9  2]
[test_sample_09759] [T1x_rxn8502] ❌ 错误 | 原子数：16
  - 正确映射：[ 3 14 13  1  5  4  2  9 10 11  7 12  0 15  8  6]
  - 预测映射：[ 4 14  5  3 13  1  2 10  6  8 11  9 15  7 12  0]
[test_sample_09760] [T1x_rxn8503] ❌ 错误 | 原子数：16
  - 正确映射：[ 1 13  9 10 12  6  3 11 14  8  7  4 15  5  0  2]
  - 预测映射：[13 12  9  1 10  6  3 14  2  8  4 11 15  7  5  0]
[test_sample_09761] [T1x_rxn8504] ❌ 错误 | 原子数：16
  - 正确映射：[12 15  5  1 10 14  2  8  3  4 13  0  9  7 11  6]
  - 预测映射：[12  5 15  1 10 14  2  8  4  3 13  9  0  7 11  6]
[test_sample_09762] [T1x_rxn8505] ❌ 错误 | 原子数：16
  - 正确映射：[ 9  2  3 11 13  7  1 15 14  0 10  5  4  8  6 12]
  - 预测映射：[ 9  2  3 11 13  7  1 14 15 12 10  4  5  8  6  0]
[test_sample_09763] [T1x_rxn8506] ❌ 错误 | 原子数：16
  - 正确映射：[ 6  5  4  3  2  0 14  8  7 10 15  9 13  1 11 12]
  - 预测映射：[ 3  4  5  6  0  2 14 15 13  8  7  9 10 12 11  1]
[test_sample_09764] [T1x_rxn8507] ❌ 错误 | 原子数：16
  - 正确映射：[ 2 13  9  1  5  7  8  3 15 12 10  6 14  4 11  0]
  - 预测映射：[ 2 13  9  1  5  7  8  3 12 15 10 14  6  4 11  0]
[test_sample_09765] [T1x_rxn8508] ✅ 严格正确 | 原子数：16
[test_sample_09766] [T1x_rxn8509] ❌ 错误 | 原子数：16
  - 正确映射：[ 3  5  8  4  0 13 15  2 11 10  7  9 14  1 12  6]
  - 预测映射：[ 3  5  8  4  0 13 15  2 11 10  7  9 14  1  6 12]
[test_sample_09767] [T1x_rxn8510] ❌ 错误 | 原子数：16
  - 正确映射：[ 2  3 14  0  9  8 13  7  1 11  5 12  6 10  4 15]
  - 预测映射：[ 9  3 14  0  8  2 13  5 11  7 12  6 10  4 15  1]
[test_sample_09768] [T1x_rxn8511] ❌ 错误 | 原子数：16
  - 正确映射：[ 9  1  6 14  0  5 13  7  8  3  4 10 11 15 12  2]
  - 预测映射：[ 9  1  6 14  0  5 13  7  3  8 11 10  4 15 12  2]
[test_sample_09769] [T1x_rxn8512] ❌ 错误 | 原子数：16
  - 正确映射：[ 7  1  8  0  3 11  9  5 12 13  4  2 14 10  6 15]
  - 预测映射：[ 0  8  1  7 11  3  9 13  2  4 15 12  5  6 10 14]
[test_sample_09770] [T1x_rxn8513] ❌ 错误 | 原子数：16
  - 正确映射：[ 1  0  9  5 15  2  4 10 12  6  8  7 14 13 11  3]
  - 预测映射：[ 1  0  9  5 15  2  4  7 10 14 11 12  8 13  3  6]
[test_sample_09771] [T1x_rxn8514] ❌ 错误 | 原子数：16
  - 正确映射：[ 6  2  1  9  7 15 13  0 11 14  4 12 10  3  8  5]
  - 预测映射：[15  7  1  9  2  6 13 10  5  8  4 12  3  0 11 14]
[test_sample_09772] [T1x_rxn8515] ❌ 错误 | 原子数：16
  - 正确映射：[ 2 10 11 13 15  3  0 12  5  7  9  4  6  1 14  8]
  - 预测映射：[13 10  3 15 11  2  0  9  4  8  1  6 14 12  7  5]
[test_sample_09773] [T1x_rxn8516] ✅ 严格正确 | 原子数：16
[test_sample_09774] [T1x_rxn8517] ❌ 错误 | 原子数：16
  - 正确映射：[ 8  3  9  0  2  1  7  6 11 13 10  4  5 15 12 14]
  - 预测映射：[ 8  3  9  0  2  1  7  6 11 13 10  4  5 15 14 12]
[test_sample_09775] [T1x_rxn8518] ❌ 错误 | 原子数：16
  - 正确映射：[ 1 15 13  8 14 12  5  2  0 10  6  4  7  9 11  3]
  - 预测映射：[ 1 15 13  8 14 12  5  4 10  2  7  6  0  9 11  3]
[test_sample_09776] [T1x_rxn8519] ❌ 错误 | 原子数：16
  - 正确映射：[ 8 13  3  2  1  6  5 14  0 11 12 10  9  4  7 15]
  - 预测映射：[ 8 13  3  2  1  6  5 14 11  0  9 10 12  4 15  7]
[test_sample_09777] [T1x_rxn8520] ❌ 错误 | 原子数：16
  - 正确映射：[ 6  9 14  4 10 11 13  5 15  2  3  1 12  0  8  7]
  - 预测映射：[ 4 14  9  6 11 10 13  1 12  0 15  2  5  7  8  3]
[test_sample_09778] [T1x_rxn8521] ❌ 错误 | 原子数：16
  - 正确映射：[ 6  5  2  0  4  7  8  3 15 12  9 13 14 11  1 10]
  - 预测映射：[ 6  5  2  0  4  7  8 13 12  3 11 14  9  1 10 15]
[test_sample_09779] [T1x_rxn8755] ❌ 错误 | 原子数：16
  - 正确映射：[15 11  5  3  7  1 13  6  4  9  8 12  0  2 10 14]
  - 预测映射：[11 15  5  3  7 13  1  6  9  4 12  8 14 10  2  0]
[test_sample_09780] [T1x_rxn8756] ❌ 错误 | 原子数：16
  - 正确映射：[ 5  6 12 15  1 10 14  3  8  9  7 13  0  4 11  2]
  - 预测映射：[ 5 15 12  6  1 10 14  3  8  7  0  9 13  4  2 11]
[test_sample_09781] [T1x_rxn8757] ❌ 错误 | 原子数：16
  - 正确映射：[ 6  4  8  5  9 13  0 14 12  3 10  1  7 15 11  2]
  - 预测映射：[ 6  5  8  4  9 13  0 14 12 10  3  1  7  2 11 15]
[test_sample_09782] [T1x_rxn8758] ❌ 错误 | 原子数：16
  - 正确映射：[15  7 11  1  5  8  4  6  3  9 10 12 13  0 14  2]
  - 预测映射：[15  7 11  1  5  4  8  3  6  9 12 10  2 14  0 13]
[test_sample_09783] [T1x_rxn8759] ❌ 错误 | 原子数：16
  - 正确映射：[14  6 10  3 13  1 12  9  4  5  0 11 15  2  8  7]
  - 预测映射：[14  6 10  3 13 12  1  4  9  0  8 11  5  7  2 15]
[test_sample_09784] [T1x_rxn8760] ✅ 严格正确 | 原子数：16
[test_sample_09785] [T1x_rxn8761] ❌ 错误 | 原子数：16
  - 正确映射：[ 7  5  8  0 13  6 12 10 11  9  4  3  1 14 15  2]
  - 预测映射：[ 0  7  8  5 13 12  6  4  3 11 10  9 15 14  1  2]
[test_sample_09786] [T1x_rxn8762] ❌ 错误 | 原子数：16
  - 正确映射：[ 1  8 11  9  2 12 13  7 14 10 15  6  3  4  0  5]
  - 预测映射：[ 1  8 11  9  2 13 12 10 14  7  6 15  5  0  4  3]
[test_sample_09787] [T1x_rxn8763] ✅ 严格正确 | 原子数：16
[test_sample_09788] [T1x_rxn8764] ✅ 严格正确 | 原子数：16
[test_sample_09789] [T1x_rxn8765] ✅ 严格正确 | 原子数：16
[test_sample_09790] [T1x_rxn9558] ❌ 错误 | 原子数：16
  - 正确映射：[ 1 15  0 10  6 13  5 14 11  2 12  8  3  9  4  7]
  - 预测映射：[13 10  6 15  0  1  5  3  4  9  7 14 12 11  2  8]
[test_sample_09791] [T1x_rxn9559] ❌ 错误 | 原子数：16
  - 正确映射：[ 6  0 14  4  2  8  5 10 15 12  3  9  7 13  1 11]
  - 预测映射：[ 0 14  4  2  6  8  5 15  3 11  9 13  1  7 12 10]
[test_sample_09792] [T1x_rxn9560] ❌ 错误 | 原子数：16
  - 正确映射：[ 7  1 10 11  0  6 14  4  5 15  8  2  3 13  9 12]
  - 预测映射：[ 6  0 11 10  1  7 14  3 13  9  2  8  4  5 15 12]
[test_sample_09793] [T1x_rxn9603] ❌ 错误 | 原子数：16
  - 正确映射：[ 7  2  9  6  4  3 14 15 13 11  0  1  5  8 12 10]
  - 预测映射：[ 7  2  9  6  4  3 14 15 10 13 11  0  5  1 12  8]
[test_sample_09794] [T1x_rxn9604] ❌ 错误 | 原子数：16
  - 正确映射：[ 4  5  8 13 11  6  7  9 10 12  2 14  3 15  0  1]
  - 预测映射：[ 4  5 11 13  8  6  7  2 12  9  0  3 14 15  1 10]
[test_sample_09795] [T1x_rxn9612] ✅ 严格正确 | 原子数：16
[test_sample_09796] [T1x_rxn9642] ❌ 错误 | 原子数：16
  - 正确映射：[14  5 11  8  4  3 12 13 10  0  9  1 15  6  7  2]
  - 预测映射：[14  5 11  4  8  3 12 10 13  0 15  1  9  7  6  2]
[test_sample_09797] [T1x_rxn9643] ❌ 错误 | 原子数：16
  - 正确映射：[ 0 15 10  6 13  9  8  3 12  7 14  4 11  5  2  1]
  - 预测映射：[ 0 15 10  6 13  9  8  7 12  3  5  4 11 14  1  2]
[test_sample_09798] [T1x_rxn9644] ✅ 严格正确 | 原子数：16
[test_sample_09799] [T1x_rxn9791] ❌ 错误 | 原子数：16
  - 正确映射：[14  0  3 15  5  8  2 12  7 11 10  4  6 13  9  1]
  - 预测映射：[14  0  8  2 15  3  5 12  7 11  9  1 10  4  6 13]
[test_sample_09800] [T1x_rxn9792] ❌ 错误 | 原子数：16
  - 正确映射：[ 1 12  2 15  7  6 10  0  9 14  3 11 13  5  8  4]
  - 预测映射：[ 1 12 10 15  7  2  6 14  0  9  4 11  3  5 13  8]
[test_sample_09801] [T1x_rxn9847] ❌ 错误 | 原子数：16
  - 正确映射：[ 2  7 12  6  3  9  0 10 11  1  5  8  4 15 13 14]
  - 预测映射：[ 2  7 12  6  3  9  0 11 10  1  8  5  4 15 14 13]
[test_sample_09802] [T1x_rxn9848] ❌ 错误 | 原子数：16
  - 正确映射：[10  1  4  8  5  6 14 11  9 12  0  3 13  2 15  7]
  - 预测映射：[10  1  4  8  5  6 14 11  3  9 12  0  7 13  2 15]
[test_sample_09803] [T1x_rxn9888] ❌ 错误 | 原子数：16
  - 正确映射：[10  7 11  2  3 13  8  1  6 15 14 12  5  4  9  0]
  - 预测映射：[10  7 11  2  3 13  8  1  6 15 14  5 12  4  9  0]
[test_sample_09804] [T1x_rxn9973] ❌ 错误 | 原子数：16
  - 正确映射：[ 5  3  2 12  0  4 13  7  8 15 10  6  1  9 11 14]
  - 预测映射：[ 2 12  4  5  3  0 13  1  6 10  8 11  7 15  9 14]
[test_sample_09805] [T1x_rxn9974] ❌ 错误 | 原子数：16
  - 正确映射：[14  4  0  5  2  6 13 11 10  9  3 15  1  8 12  7]
  - 预测映射：[ 2  4 14  5  0  6 13 12  7  1  9 11  3  8 10 15]
[test_sample_09806] [T1x_rxn9995] ❌ 错误 | 原子数：16
  - 正确映射：[ 5  3  7  0  4  9 15 14  2 13 10 11  1  6 12  8]
  - 预测映射：[ 5  7  0  9  3  4 15 13 12  2  6 11  8  1 14 10]
[test_sample_09807] [T1x_rxn9996] ❌ 错误 | 原子数：16
  - 正确映射：[ 4  1  7  6  3  8 12  5  2 11 13  0 15  9 14 10]
  - 预测映射：[ 3  7  1  4  8  6 12 10 13  0  9  5 11  2 14 15]
[test_sample_09808] [T1x_rxn9999] ❌ 错误 | 原子数：16
  - 正确映射：[12  2 13  9 14 15  6  3  1 11  0  8  4  7  5 10]
  - 预测映射：[ 9 13  2 12 15 14  6  8  0  4  1  3 11 10  5  7]
[test_sample_09809] [T1x_rxn10067] ✅ 严格正确 | 原子数：17
[test_sample_09810] [T1x_rxn10068] ❌ 错误 | 原子数：17
  - 正确映射：[12 10  7  0  8  9  1  6 13 15  2  4  5 16 14  3 11]
  - 预测映射：[ 8  0  9  1 10 12  7 14  5 15 16  4  3 11  2 13  6]
[test_sample_09811] [T1x_rxn10069] ❌ 错误 | 原子数：17
  - 正确映射：[ 8 16  0 12 15  5  2  9  3 10 11  7  4  6 14  1 13]
  - 预测映射：[12 15  5  8 16  0  2  6  1  4 14 10  9  3 11  7 13]
[test_sample_09812] [T1x_rxn10070] ❌ 错误 | 原子数：17
  - 正确映射：[ 4  9 11 13  6 14  1  5 10 16  7  8  0 12 15  2  3]
  - 预测映射：[ 4  9  1 11 13  6 14  5 16  7 10  3  8 12  0 15  2]
[test_sample_09813] [T1x_rxn4902] ❌ 错误 | 原子数：17
  - 正确映射：[16  6  2  3 12 10 14  0  5  9  7  4 13 15  1 11  8]
  - 预测映射：[16  6 10 12  3  2 14  0  9  5  1 11 15 13  7  4  8]
[test_sample_09814] [T1x_rxn4903] ❌ 错误 | 原子数：17
  - 正确映射：[16  3  4 15 12 14  1  7  9  6  2 10  0  8  5 13 11]
  - 预测映射：[16  3  4 15 12 14  1  6  7  9  5  2  0 11  8 13 10]
[test_sample_09815] [T1x_rxn4904] ❌ 错误 | 原子数：17
  - 正确映射：[15  1  6  7  3  8 14  4 13  2  5  0 16 12  9 11 10]
  - 预测映射：[15  1  6  7  3  8 14  4  0 13  9  5 16 12 11  2 10]
[test_sample_09816] [T1x_rxn4905] ❌ 错误 | 原子数：17
  - 正确映射：[ 1 13  6 15  3 12  8  7 11 14  5 10  2  9  0  4 16]
  - 预测映射：[ 1 13  8 12  3 15  6 14  7 11 16  4  0  9  2 10  5]
[test_sample_09817] [T1x_rxn4906] ❌ 错误 | 原子数：17
  - 正确映射：[12  6  8  9 11  4  2 13  3 14 15  1  5 16  0 10  7]
  - 预测映射：[12  6  8 11  2  4  9 13  3 14 15  1 16  7  0 10  5]
[test_sample_09818] [T1x_rxn4907] ❌ 错误 | 原子数：17
  - 正确映射：[ 3 11 14 10  8  4 12  0  5 16  2  6  1  9  7 13 15]
  - 预测映射：[ 3 11 12 10  8  4 14 16  5  0 15  6  1  7  9 13  2]
[test_sample_09819] [T1x_rxn4908] ❌ 错误 | 原子数：17
  - 正确映射：[ 2  4  1  6  9  5  0  8  7 14 16 12 13 15 10  3 11]
  - 预测映射：[ 2  4  5  9  6  1  0  8 14  7 10  3 15 13 16 12 11]
[test_sample_09820] [T1x_rxn4909] ❌ 错误 | 原子数：17
  - 正确映射：[13 11  3 14  6  4  0  1 10  8  7 12  9  5 16  2 15]
  - 预测映射：[13  4  6 14 11  3  0  2  8  1 16  5  9 12  7 10 15]
[test_sample_09821] [T1x_rxn4910] ❌ 错误 | 原子数：17
  - 正确映射：[ 7  9 10 14  3  5 15  0 16 11  8 12  2  6  1  4 13]
  - 预测映射：[ 7 15  3  5 10 14  9 13 11 16  6  4  1  8  2 12  0]
[test_sample_09822] [T1x_rxn4911] ❌ 错误 | 原子数：17
  - 正确映射：[13  9 12 11  1 10  6 15  3 14  8 16  2  7  5  4  0]
  - 预测映射：[13  9 12  1 11  6 10  3 15 14  8  5  7  2 16  0  4]
[test_sample_09823] [T1x_rxn4912] ❌ 错误 | 原子数：17
  - 正确映射：[12 11  7  2  8  4 10  1  3 14 16  0 15  5  9  6 13]
  - 预测映射：[12 11  4  8  2  7 10  1 14  3  9  6  5 15 16  0 13]
[test_sample_09824] [T1x_rxn4913] ✅ 严格正确 | 原子数：17
[test_sample_09825] [T1x_rxn6323] ❌ 错误 | 原子数：17
  - 正确映射：[13  5 10  7  1 14  4  2 15 11  9  6  3  0  8 12 16]
  - 预测映射：[13  5  1  7 10 14  4 15  2 11  0  8  3  9  6 12 16]
[test_sample_09826] [T1x_rxn6324] ❌ 错误 | 原子数：17
  - 正确映射：[14  3  9 16 15 12  5  7 10  4  2  0  6 13  1 11  8]
  - 预测映射：[ 9 16 15 14  3  5 12  2  0  1  6 13  7 10  4  8 11]
[test_sample_09827] [T1x_rxn6325] ❌ 错误 | 原子数：17
  - 正确映射：[11  7  6  1  9  2  4  3 13 14 12  5 10  8 15  0 16]
  - 预测映射：[11  7  6  1  9  2  4  3 13 14 12  5 10  8 15 16  0]
[test_sample_09828] [T1x_rxn6326] ❌ 错误 | 原子数：17
  - 正确映射：[ 0 15  1  8 11  2  6 10  9 12 13  5  3  4  7 14 16]
  - 预测映射：[ 0 15 11  8  1  2  6 13  9 12 10  4  7  3  5 14 16]
[test_sample_09829] [T1x_rxn6327] ❌ 错误 | 原子数：17
  - 正确映射：[12 16 14  4  8  6  2  3  7  5  1 13 11 15  0  9 10]
  - 预测映射：[12 16  8  4 14  6  2  5  7  3  9 15 11  1  0 13 10]
[test_sample_09830] [T1x_rxn6328] ❌ 错误 | 原子数：17
  - 正确映射：[10  9  8  3  5  2  4 12  6 15  1 16 13 14  7 11  0]
  - 预测映射：[ 5  3  2  4 10  9  8 12  7 14 13 11  0 15  6  1 16]
[test_sample_09831] [T1x_rxn6329] ❌ 错误 | 原子数：17
  - 正确映射：[ 2 11 15 10 14  7  9 16  3  5 12  8 13  1  6  0  4]
  - 预测映射：[ 2 11 14 10  9  7 15  3  8  5 12  6 13 16  1  0  4]
[test_sample_09832] [T1x_rxn6330] ❌ 错误 | 原子数：17
  - 正确映射：[ 0 14 13 15 12 11  3  6 16  8  4  7  9  2 10  5  1]
  - 预测映射：[ 0 14 13 15 12 11  3  8 16  7  4  5  9  2 10  1  6]
[test_sample_09833] [T1x_rxn6331] ❌ 错误 | 原子数：17
  - 正确映射：[12 11  8  5 16  7 10  0  9  6  4  1 13  2 14 15  3]
  - 预测映射：[12 11 16  5  8  7 10  9  0  6  2 14 13  4  1 15  3]
[test_sample_09834] [T1x_rxn6332] ❌ 错误 | 原子数：17
  - 正确映射：[ 1  7 13 15  0  9 16 14 11 10  8 12  6  3  2  5  4]
  - 预测映射：[ 1  7 13 15  9  0 16 11 14 10  2 12  6  5  8  3  4]
[test_sample_09835] [T1x_rxn7175] ❌ 错误 | 原子数：17
  - 正确映射：[16  2 13 11  1 15  8  7  4 10  5 12  0  3  9 14  6]
  - 预测映射：[ 1 13 11 16  2 15  8  0 14  9 12  3  4  7 10  5  6]
[test_sample_09836] [T1x_rxn7176] ❌ 错误 | 原子数：17
  - 正确映射：[15  6  2  1 10 13  7 14  3  0 11  5  8 16  4  9 12]
  - 预测映射：[ 1  2  6 15 10 13  7 16  5  8 11  3 14  4  0  9 12]
[test_sample_09837] [T1x_rxn7177] ❌ 错误 | 原子数：17
  - 正确映射：[ 3  0 11 16 10  1  9  6 13  5  8 14 15  4  7  2 12]
  - 预测映射：[ 0  3 16 11 10  1  9  6 13  8  5  7 15  4 14  2 12]
[test_sample_09838] [T1x_rxn7178] ❌ 错误 | 原子数：17
  - 正确映射：[10 11  6  5 15 16 12  2 14 13  8  0  3  7  1  4  9]
  - 预测映射：[11  6  5 10 15 16 12  0  4  8  7  1 13  2 14  3  9]
[test_sample_09839] [T1x_rxn7179] ✅ 严格正确 | 原子数：17
[test_sample_09840] [T1x_rxn7180] ❌ 错误 | 原子数：17
  - 正确映射：[12 13  0  8  5 10  2  4  3  1  9 14  7 16  6 11 15]
  - 预测映射：[ 8  0 13 12  5 10  2 16  7  6 14  9  3  4  1 11 15]
[test_sample_09841] [T1x_rxn7202] ❌ 错误 | 原子数：17
  - 正确映射：[ 5  7  8 14 13  4 16 10  0  3  2  9 12 15  1  6 11]
  - 预测映射：[ 5  7  8 14 13  4 16 10  0  3  2  9 12 11 15  6  1]
[test_sample_09842] [T1x_rxn7203] ✅ 严格正确 | 原子数：17
[test_sample_09843] [T1x_rxn7204] ✅ 严格正确 | 原子数：17
[test_sample_09844] [T1x_rxn7205] ❌ 错误 | 原子数：17
  - 正确映射：[ 4  9  6  0 16 14  1 15 12 10  5  8  3 11 13  2  7]
  - 预测映射：[ 4  6  1  9 14  0 16 12  7 15  8  5 10  2  3 13 11]
[test_sample_09845] [T1x_rxn7206] ❌ 错误 | 原子数：17
  - 正确映射：[ 2  8  0  4  9 14  6 12 16  7  1 15 13  3  5 11 10]
  - 预测映射：[ 8  2  0  4  9 14  6  7  1 12 16 13 15  3 10 11  5]
[test_sample_09846] [T1x_rxn7207] ✅ 严格正确 | 原子数：17
[test_sample_09847] [T1x_rxn7208] ❌ 错误 | 原子数：17
  - 正确映射：[13 12  5  2  9 16  6  0  7 15 10  1  3  4  8 11 14]
  - 预测映射：[13 12  5  2  9 16  6  0  7 15 10  1  3  8 14 11  4]
[test_sample_09848] [T1x_rxn7209] ✅ 严格正确 | 原子数：17
[test_sample_09849] [T1x_rxn7210] ❌ 错误 | 原子数：17
  - 正确映射：[ 5  9 14  1  2  6  8 12  0  3 16 10 15  7  4 13 11]
  - 预测映射：[ 9  5 14  1  6  2  8 10  3 12  0 15  7  4 11 13 16]
[test_sample_09850] [T1x_rxn7211] ❌ 错误 | 原子数：17
  - 正确映射：[ 8 13 11  3  0 14 16 10  2  1  9  6  5  4 12  7 15]
  - 预测映射：[13  8 11 16 14  0  3  9  1  2 10  5 15 12  4  7  6]
[test_sample_09851] [T1x_rxn7212] ❌ 错误 | 原子数：17
  - 正确映射：[ 7  2  8 15 11  4 10  5  3 12 16 13  0 14  6  1  9]
  - 预测映射：[ 7  2  8 15 10 11  4  3 16  0 12  5 13  9 14  1  6]
[test_sample_09852] [T1x_rxn7213] ❌ 错误 | 原子数：17
  - 正确映射：[ 1  9 15 11  7  3 16  5  0 14  2  4 13 12 10  8  6]
  - 预测映射：[ 9  1 15  3  7 11 16 14  2  5  0  8 10 12  4 13  6]
[test_sample_09853] [T1x_rxn7214] ❌ 错误 | 原子数：17
  - 正确映射：[ 3  0 10  5 13 11 16  4  8  7  2  1  6 12  9 15 14]
  - 预测映射：[ 0 10  3  5 11 16 13  7  2  1  4  9  6 15 12 14  8]
[test_sample_09854] [T1x_rxn7215] ❌ 错误 | 原子数：17
  - 正确映射：[ 3 15  0 11 14 10 16  9  2  1 12  7 13  5  8  4  6]
  - 预测映射：[10 11 14 16  3 15  0  4  8  7 13  6  5  2  1  9 12]
[test_sample_09855] [T1x_rxn7216] ❌ 错误 | 原子数：17
  - 正确映射：[ 2  0 11  5  1 14  3  6 15  4 13  7 12 16 10  9  8]
  - 预测映射：[ 2  0 11 14  1  5  3 15  6 13  4  8  9 16 10 12  7]
[test_sample_09856] [T1x_rxn7217] ❌ 错误 | 原子数：17
  - 正确映射：[13  3  6 15  1 11  7  8  0 12  9 14 10  2  5 16  4]
  - 预测映射：[ 3 13 15  6  1  7 11 12  9  8  0 10 14  2  4 16  5]
[test_sample_09857] [T1x_rxn7218] ❌ 错误 | 原子数：17
  - 正确映射：[ 7 13 14 16  1 10 12  0  4  9  5  6  3  2 11 15  8]
  - 预测映射：[13  7 14 16  1 10 12  9  5  0  4  3  6 11  2 15  8]
[test_sample_09858] [T1x_rxn7219] ❌ 错误 | 原子数：17
  - 正确映射：[ 0 10  3 14 11  5 15  4 12  1  9  8  7  6  2 13 16]
  - 预测映射：[ 3 10  0 14 11  5 15  9  1 12  4  8  7  6  2 13 16]
[test_sample_09859] [T1x_rxn7220] ❌ 错误 | 原子数：17
  - 正确映射：[ 9 13  6  3 11  2 15  1 14 12 10  5 16  7  8  4  0]
  - 预测映射：[13  9  6 15  2  3 11 10 14 12  1  0  8  4 16  5  7]
[test_sample_09860] [T1x_rxn7221] ✅ 严格正确 | 原子数：17
[test_sample_09861] [T1x_rxn7252] ❌ 错误 | 原子数：17
  - 正确映射：[ 1 10  6  8 13  3 16  4  7 11 14  5 12  0  2 15  9]
  - 预测映射：[10  6  1 16  8 13  3  7 11 14  9 15  5 12  0  2  4]
[test_sample_09862] [T1x_rxn7253] ❌ 错误 | 原子数：17
  - 正确映射：[15 11  6 12  4 14  0  9 10  7  3 13  5 16  2  1  8]
  - 预测映射：[11 15  6 12  4 14  0  3  7 10  9  5 13 16  2  8  1]
[test_sample_09863] [T1x_rxn7254] ❌ 错误 | 原子数：17
  - 正确映射：[14 13  3 16 12  6  9 11  1  4  5  0  7  8 10  2 15]
  - 预测映射：[14 13  3 16 12  6  9 11  1  4  5  2  7  8 10  0 15]
[test_sample_09864] [T1x_rxn7255] ❌ 错误 | 原子数：17
  - 正确映射：[ 2  3 14  9  0 15  6  5  8  4  1 13  7 10 11 16 12]
  - 预测映射：[ 2  3 14  6 15  0  9  8  5  1  4 16 12 11 10 13  7]
[test_sample_09865] [T1x_rxn7654] ❌ 错误 | 原子数：17
  - 正确映射：[ 3 14 11 13  0  2  7 10 15  8 16  4 12  9  6  1  5]
  - 预测映射：[ 3 14 11 13  0  2  7 10 15  8  4  1  9 16  6 12  5]
[test_sample_09866] [T1x_rxn7655] ❌ 错误 | 原子数：17
  - 正确映射：[ 4  6  9 11  1 13 16 14 15  8  5 12  0  3  2 10  7]
  - 预测映射：[ 4  6  9  1 11 13 16 14 15  8  5 12 10  0  3  2  7]
[test_sample_09867] [T1x_rxn7656] ❌ 错误 | 原子数：17
  - 正确映射：[16  3 15  6  8  1 10  0  5  7  4 12 11 13  9 14  2]
  - 预测映射：[16  3 15  6  8  1 10  5  0  2  4 12 11  7 13  9 14]
[test_sample_09868] [T1x_rxn7657] ❌ 错误 | 原子数：17
  - 正确映射：[ 9 12  8 11 13  1  7 15  4  2  3  0 16  6 10  5 14]
  - 预测映射：[ 9 12  8 11 13  1  7 15  4  2  0 14  6  3 10  5 16]
[test_sample_09869] [T1x_rxn7658] ❌ 错误 | 原子数：17
  - 正确映射：[ 5  9  7  8  3  4 16  2 14 15 11 12  6  1 13  0 10]
  - 预测映射：[ 9  5  7  3  8  4 16 12 14 15 11  2  0 13  1  6 10]
[test_sample_09870] [T1x_rxn7931] ❌ 错误 | 原子数：17
  - 正确映射：[ 8 16  0 11 15  2 12  7  1 14  4  9  3  5 10  6 13]
  - 预测映射：[12 16  8  2 15 11  0 13  5  6  4  1 14  7 10  3  9]
[test_sample_09871] [T1x_rxn7932] ❌ 错误 | 原子数：17
  - 正确映射：[13 11 15  8  4 10  2  6  5  1 12  0 14 16  3  9  7]
  - 预测映射：[13 11 15  8  4 10  2  6  5  1 12 16 14  0  3  9  7]
[test_sample_09872] [T1x_rxn7933] ❌ 错误 | 原子数：17
  - 正确映射：[16 12  4  6  1 14  7 11  9  0  5 13  3 15  2 10  8]
  - 预测映射：[ 4 12 16  6  1 14  7 13  8  3  5 11  0  9 10  2 15]
[test_sample_09873] [T1x_rxn7934] ❌ 错误 | 原子数：17
  - 正确映射：[ 1  2  4  5 13 15  8  6  9 10  3 14 11  0  7 12 16]
  - 预测映射：[ 1  2  4  5  8 15 13  9 12 10  3 14  6  0 16 11  7]
[test_sample_09874] [T1x_rxn7935] ❌ 错误 | 原子数：17
  - 正确映射：[ 4 13  5  3  7  9  1  0 12  8  6  2 16 11 10 14 15]
  - 预测映射：[ 4 13  5  3  7  9  1 12  8  0  6  2 16 11 10 14 15]
[test_sample_09875] [T1x_rxn8161] ❌ 错误 | 原子数：17
  - 正确映射：[ 5 11 15  7 16  8  3  9 14  2 10 12  6  0 13  4  1]
  - 预测映射：[15  7 16 11  8  3  5 12 10  6  2 13  0  4 14  1  9]
[test_sample_09876] [T1x_rxn8162] ❌ 错误 | 原子数：17
  - 正确映射：[ 4  6 10  9  7  1  2 11 14  0 15  3 13 16 12  5  8]
  - 预测映射：[ 4  6 10  9  7  1  2 14  8  0 11  3 15 16 12  5 13]
[test_sample_09877] [T1x_rxn8163] ❌ 错误 | 原子数：17
  - 正确映射：[ 8  5  2  4  7  9 11 12 16 13  3 14  0 15  6 10  1]
  - 预测映射：[ 7  4  2  5  8 11  9 15  6  0 14  3 13 12 16  1 10]
[test_sample_09878] [T1x_rxn8164] ✅ 严格正确 | 原子数：17
[test_sample_09879] [T1x_rxn8165] ❌ 错误 | 原子数：17
  - 正确映射：[12  9 16  2 15  5  0 14  6  4 10  7  3  8 13  1 11]
  - 预测映射：[12  9 16  2 15  5  0  4 14  1 10  7  3  8 13  6 11]
[test_sample_09880] [T1x_rxn8166] ❌ 错误 | 原子数：17
  - 正确映射：[ 6  4  5 15  2 12  1 11 14 16  0  9 13 10  3  8  7]
  - 预测映射：[ 6  4 12  1  2  5 15 11  0 16 14  8  7 10  3  9 13]
[test_sample_09881] [T1x_rxn8167] ❌ 错误 | 原子数：17
  - 正确映射：[10 14  3  9  8  0  2  5 16  1  4 13 12  7 11 15  6]
  - 预测映射：[ 8 14  3  9  2 10  0 15  7  1 13  4 12  5  6 16 11]
[test_sample_09882] [T1x_rxn8168] ❌ 错误 | 原子数：17
  - 正确映射：[ 9  5 15  3 16 13  1 14 11  2 10  7 12  4  6  0  8]
  - 预测映射：[13 15  5  9  1  3 16  0  4  7  8  2 11 10 14 12  6]
[test_sample_09883] [T1x_rxn8169] ✅ 严格正确 | 原子数：17
[test_sample_09884] [T1x_rxn8170] ❌ 错误 | 原子数：17
  - 正确映射：[ 7  2  9  4  5 16  1  6  8 12 15 13  0 11  3 10 14]
  - 预测映射：[16  5  9  2  7  4  1  3 10 11  0 15 12  8  6 13 14]
[test_sample_09885] [T1x_rxn8370] ❌ 错误 | 原子数：17
  - 正确映射：[ 7 12 10 15  1  3  9  8  2 14 11 16  0  5  6 13  4]
  - 预测映射：[15  1 10  7 12  9  3  5 16  0 11  2 14  8 13  4  6]
[test_sample_09886] [T1x_rxn8371] ✅ 严格正确 | 原子数：17
[test_sample_09887] [T1x_rxn8372] ❌ 错误 | 原子数：17
  - 正确映射：[ 4  6  3 14 10  9  5  1 15  0 12 11 13  2 16  8  7]
  - 预测映射：[ 4  3  6  5  9 10 14  1 15 12  0  7  8 16  2 13 11]
[test_sample_09888] [T1x_rxn8373] ❌ 错误 | 原子数：17
  - 正确映射：[15  6  4 10  2 14  5  9  0 12 13 16  1 11  8  3  7]
  - 预测映射：[15  4  6  5 14  2 10  9  0 13 12  7  3  8  1 11 16]
[test_sample_09889] [T1x_rxn8374] ❌ 错误 | 原子数：17
  - 正确映射：[15 13 14  7 10  4  1 12  2  9  5 16  3  0  6  8 11]
  - 预测映射：[15 13 14  7 10  4  1 12  9  5  2 16  3  0  6  8 11]
[test_sample_09890] [T1x_rxn8375] ❌ 错误 | 原子数：17
  - 正确映射：[ 8  2 15  0  7 11  1 13  5 10 16  9  4  6 12 14  3]
  - 预测映射：[ 8 15  2  1 11  7  0 13  5 16 10  9  3 12  4 14  6]
[test_sample_09891] [T1x_rxn8376] ❌ 错误 | 原子数：17
  - 正确映射：[15  5 13  1  2  8 11  0 16  6  9  4  3 12  7 14 10]
  - 预测映射：[15  5 13  1  2  8 11  6 16  9  0  4  3 12  7 14 10]
[test_sample_09892] [T1x_rxn8377] ❌ 错误 | 原子数：17
  - 正确映射：[ 5  4  9 14  8  1  3 13  6  7  2 12 10 11 15  0 16]
  - 预测映射：[ 5  4  9 14  8  1  3  6  2  7 13 12 10 11 15  0 16]
[test_sample_09893] [T1x_rxn8378] ❌ 错误 | 原子数：17
  - 正确映射：[15  6 10  3  8  9 12  2  5 13  1  0  7  4 14 16 11]
  - 预测映射：[ 3  9  8 15 10  6 12  4  0 14  7  5  1  2 13 11 16]
[test_sample_09894] [T1x_rxn8379] ❌ 错误 | 原子数：17
  - 正确映射：[14 15  4  0  3 12 16 13  8  1 11  5 10  6  7  9  2]
  - 预测映射：[15 14  4  0  3 16 12  1  2 13 11 10  5  6  9  7  8]
[test_sample_09895] [T1x_rxn8380] ✅ 严格正确 | 原子数：17
[test_sample_09896] [T1x_rxn8381] ❌ 错误 | 原子数：17
  - 正确映射：[ 0  8 11  5 16  4  6  9 10 15  1  2  7 12 13 14  3]
  - 预测映射：[ 6  4  8  5 11  0 16 13  2 14 15  3  1  9 10 12  7]
[test_sample_09897] [T1x_rxn8900] ❌ 错误 | 原子数：17
  - 正确映射：[ 1 11 15  3 13  9 10 14  8  7 12  4  0  2  5  6 16]
  - 预测映射：[ 1 11  3 13  9 10 15 14 12  7  0  2  8  5  6 16  4]
[test_sample_09898] [T1x_rxn8901] ✅ 严格正确 | 原子数：17
[test_sample_09899] [T1x_rxn8902] ❌ 错误 | 原子数：17
  - 正确映射：[ 6  9 12  5  8 13  4  2 16 10  3  0 11  7  1 15 14]
  - 预测映射：[ 6  9  4 13  8  5 12 16  2 10  3  0 14 15  1 11  7]
[test_sample_09900] [T1x_rxn8903] ❌ 错误 | 原子数：17
  - 正确映射：[13 11  0 15 14  3  9  2  8 12 16 10  5  4  1  6  7]
  - 预测映射：[13 11  9  3 14 15  0  2 12  5 16  7  8  6  1  4 10]
[test_sample_09901] [T1x_rxn8904] ❌ 错误 | 原子数：17
  - 正确映射：[ 1  3 13  7 10  9 16 12 14  6  4 11  0 15  5  8  2]
  - 预测映射：[ 1  3 16 13  7 10  9 12 14  6  2 11  4 15  0  5  8]
[test_sample_09902] [T1x_rxn8905] ❌ 错误 | 原子数：17
  - 正确映射：[10 15  6 13 16  0 14  7 12  9  3  8  1  4 11  5  2]
  - 预测映射：[10 15  6 13 16  0 14  7 12  9  3  8  4  1 11  5  2]
[test_sample_09903] [T1x_rxn8906] ❌ 错误 | 原子数：17
  - 正确映射：[ 8 12 11 16  2  0  4  6 13  9 15  7  1  5 10  3 14]
  - 预测映射：[ 8 12  4 11 16  2  0  6  9  7 13 14 15  5  1 10  3]
[test_sample_09904] [T1x_rxn8907] ✅ 严格正确 | 原子数：17
[test_sample_09905] [T1x_rxn8908] ❌ 错误 | 原子数：17
  - 正确映射：[ 4  0  8  5  9  2 10  3 12 13  6  1 14 15 16  7 11]
  - 预测映射：[ 4  0 10  2  9  5  8 12  3 14  6 11 13  7 16 15  1]
[test_sample_09906] [T1x_rxn8909] ❌ 错误 | 原子数：17
  - 正确映射：[11 15 13 12  4  2  9  3 14 16  0  8  1  7 10  5  6]
  - 预测映射：[11 15 13  9  2  4 12 14  3 16  0  8  5  6 10  1  7]
[test_sample_09907] [T1x_rxn8910] ❌ 错误 | 原子数：17
  - 正确映射：[ 6  8  7 16 12  1 15  5  9 14  2  3 11 13  0 10  4]
  - 预测映射：[ 6  8 15  1 12 16  7  9  5 14  2  4 10  0 13 11  3]
[test_sample_09908] [T1x_rxn8911] ❌ 错误 | 原子数：17
  - 正确映射：[ 9  4  0 15  5 10 12 16 14  6  1  8 13  2 11  7  3]
  - 预测映射：[ 9  4  0 15  5 10 12 13 16  6  1  3  8  2 11  7 14]
[test_sample_09909] [T1x_rxn8912] ❌ 错误 | 原子数：17
  - 正确映射：[ 3 10  7  0  2  6  1 14 13 16 11 15  8  5  9  4 12]
  - 预测映射：[ 3 10  7  0  2  6  1 14 13 16 15 12  8  5  9  4 11]
[test_sample_09910] [T1x_rxn8913] ❌ 错误 | 原子数：17
  - 正确映射：[15  9  4 11  7  3 16 10  0  1 14 12  5  8 13  2  6]
  - 预测映射：[15  9  7 11  4 16  3  0  1 12 10 13 14  5  8  6  2]
[test_sample_09911] [T1x_rxn8914] ❌ 错误 | 原子数：17
  - 正确映射：[ 7  5  8  1 10  6 11 12  2 13  9  4 16 15  0 14  3]
  - 预测映射：[ 7  5  8  1 10  6 11 12  2 13  3  9 16 15  0 14  4]
[test_sample_09912] [T1x_rxn8915] ❌ 错误 | 原子数：17
  - 正确映射：[ 8 13  2 15  1  9 12  6  0  3 16  4 11  7 10  5 14]
  - 预测映射：[ 8 13  2 12  9  1 15  0  6  3 11  4 16 14  5 10  7]
[test_sample_09913] [T1x_rxn8916] ❌ 错误 | 原子数：17
  - 正确映射：[11 12  6 15  7  4 10  9  1  0  5  3 14  8 16  2 13]
  - 预测映射：[11 12 15  7  4 10  6  9  1  0  5  3 14  8 16  2 13]
[test_sample_09914] [T1x_rxn9487] ❌ 错误 | 原子数：17
  - 正确映射：[ 6  9 13 12 16  0 10  2  5  1 14  4  8 11  3 15  7]
  - 预测映射：[13 12 16 10  6  0  9  4  8 14 11  1  5  2 15  3  7]
[test_sample_09915] [T1x_rxn9488] ❌ 错误 | 原子数：17
  - 正确映射：[ 0  8  1  2  9 13  7 15  5  3  6 11  4 14 10 16 12]
  - 预测映射：[ 0  7  1 13  9  2  8  5 15  3 11  6 10 14  4 12 16]
[test_sample_09916] [T1x_rxn9689] ❌ 错误 | 原子数：17
  - 正确映射：[ 6 16  1  4  5  8  7 12 10 11  9  3 14  0 15  2 13]
  - 预测映射：[ 6 16  1  4  7  8  5 12 11 10 15  3 14 13  9  2  0]
[test_sample_09917] [T1x_rxn9804] ❌ 错误 | 原子数：17
  - 正确映射：[13  0 15  9  6  7 14  1  8  3 10  2  4 16 12  5 11]
  - 预测映射：[15  9 13  0  7  6 14 16  4  2 12  1  8 10  5  3 11]
[test_sample_09918] [T1x_rxn9805] ❌ 错误 | 原子数：17
  - 正确映射：[ 3 12 13  8 14  7 11  6  1  2  4  9 10 16 15  0  5]
  - 预测映射：[ 3 12  7 11 14 13  8  1  6  2  4  0  5  9 10 16 15]
[test_sample_09919] [T1x_rxn9807] ✅ 严格正确 | 原子数：17
[test_sample_09920] [T1x_rxn9808] ❌ 错误 | 原子数：17
  - 正确映射：[ 5 11  4  2  7 10 15  3  8 13  1 12  6 16  9  0 14]
  - 预测映射：[ 5 11 10  2  4 15  7  3 13  8  1  6 12 16 14  0  9]
[test_sample_09921] [T1x_rxn9809] ❌ 错误 | 原子数：17
  - 正确映射：[ 8 11  7  9  5 15  4 16 10 12  1  6  2  3 13  0 14]
  - 预测映射：[ 8 11  7  9  5 15  4 12 16 13 10  2  1  3  0 14  6]
[test_sample_09922] [T1x_rxn9810] ❌ 错误 | 原子数：17
  - 正确映射：[ 7  6  2  1 14 16 11 12  0  4  9  3 15  5 10  8 13]
  - 预测映射：[14  1  2  6  7 16 11 12  3  5 15  0  4  9 10  8 13]
[test_sample_09923] [T1x_rxn9812] ❌ 错误 | 原子数：17
  - 正确映射：[ 3  7 16 12  8 14 11 15 13  4  0  6  9  2 10  1  5]
  - 预测映射：[ 3  7 16 11 14  8 12 13 15  0  4  1  5 10  2  6  9]
[test_sample_09924] [T1x_rxn9873] ❌ 错误 | 原子数：17
  - 正确映射：[ 6  4 13 16  7 11  5  3 15 14 12  2 10  0  1  9  8]
  - 预测映射：[ 6  4 13 16  7 11  5 12 15  3  2 14 10  0  1  9  8]
[test_sample_09925] [T1x_rxn9923] ❌ 错误 | 原子数：17
  - 正确映射：[11  4  6 15  1  3  0  8 13 10 12  2 16  5  7 14  9]
  - 预测映射：[ 6 15 11  4  0  3  1  2  5 16 12  8 10 13  7  9 14]
[test_sample_09926] [T1x_rxn9924] ✅ 严格正确 | 原子数：17
[test_sample_09927] [T1x_rxn9951] ❌ 错误 | 原子数：17
  - 正确映射：[12  2  1  7 15  8  0 13  4 10 14 16 11  6  9  3  5]
  - 预测映射：[15  1  7  0 12  2  8  9  6 16 11 10 14 13  4  3  5]
[test_sample_09928] [T1x_rxn9981] ❌ 错误 | 原子数：17
  - 正确映射：[12  7 11  8  5 14  3 13 16  2  4 10 15  1  0  6  9]
  - 预测映射：[ 8 14  3  7 11 12  5  0 10  6  9  2  4 13 16  1 15]
[test_sample_09929] [T1x_rxn9982] ❌ 错误 | 原子数：17
  - 正确映射：[ 7  4 11 15  1  8 10  6 14  0  3  9 13 16  2 12  5]
  - 预测映射：[11  7  4 15  1  8 10  6 14  0  3  9 13 16  5 12  2]
[test_sample_09930] [T1x_rxn9983] ❌ 错误 | 原子数：17
  - 正确映射：[ 7 11  3 15  8 12 14  4  0 13  5  2  1  9  6 10 16]
  - 预测映射：[12  8 14 15 11  7  3 10  1  9  6  2 16 13  4  0  5]
[test_sample_09931] [T1x_rxn9984] ❌ 错误 | 原子数：17
  - 正确映射：[16 14  7  5  9  2 10  4 12 11 13  0 15  8  3  6  1]
  - 预测映射：[16 14  7  5  9  2 10  4 12 11 13  0  8 15  1  6  3]
[test_sample_09932] [T1x_rxn5639] ❌ 错误 | 原子数：19
  - 正确映射：[ 4  9 18 15  7 14  1 12  5 16  3 10  6 11 13 17  2  0  8]
  - 预测映射：[ 9 18  1 14  4  7 15 10  3 11  0  8  5  2 16 12  6 13 17]
[test_sample_09933] [T1x_rxn5640] ❌ 错误 | 原子数：19
  - 正确映射：[ 5  3 12 17  2 15  8  6  1  0 16 11  7  4 14 10 13  9 18]
  - 预测映射：[ 5  3 15 17  2  8 12  7  1 16 18  0  6  9 10 14 13  4 11]
[test_sample_09934] [T1x_rxn5641] ❌ 错误 | 原子数：19
  - 正确映射：[ 8 14  9  2 12 18  6 11  5  4 15 16  3  1  7 10  0 13 17]
  - 预测映射：[ 2 18  9 14  8 12  6 10  1 13 17 16  3 15 11  5  4  7  0]
[test_sample_09935] [T1x_rxn5642] ✅ 严格正确 | 原子数：19
[test_sample_09936] [T1x_rxn5643] ✅ 严格正确 | 原子数：19
[test_sample_09937] [T1x_rxn5644] ❌ 错误 | 原子数：19
  - 正确映射：[18  5  9 12 10 15 14  0  8 11  7  2 17  3 16  6  1  4 13]
  - 预测映射：[10 12  9  5 18 14 15 16  6  1  3  2 17  7  0  8 11 13  4]
[test_sample_09938] [T1x_rxn5645] ❌ 错误 | 原子数：19
  - 正确映射：[ 7 16 17  1 11 12 13 14  6 10  5  2  9  8 15  0  3  4 18]
  - 预测映射：[ 7 16 12 13 11 17  1  6 14  3 10  5  4 18  2  0 15  9  8]
[test_sample_09939] [T1x_rxn5646] ✅ 严格正确 | 原子数：19
[test_sample_09940] [T1x_rxn5647] ✅ 严格正确 | 原子数：19
[test_sample_09941] [T1x_rxn5648] ✅ 严格正确 | 原子数：19
[test_sample_09942] [T1x_rxn5649] ✅ 严格正确 | 原子数：19
[test_sample_09943] [T1x_rxn5650] ❌ 错误 | 原子数：19
  - 正确映射：[ 3 13  0  8 18  6  9 12  5  4  7  2 14 16 10 11 17  1 15]
  - 预测映射：[ 3 13  0  6  9 18  8  5  2 12  4 14 15  7  1 17 11 16 10]
[test_sample_09944] [T1x_rxn5651] ❌ 错误 | 原子数：19
  - 正确映射：[13 17 15  9 10  8  0  5  7 14 16  6 18 11  3  2  4 12  1]
  - 预测映射：[13 17 15  9 10  0  8  7  5 14 18  6 16  3 11  4  1  2 12]
[test_sample_09945] [T1x_rxn5652] ❌ 错误 | 原子数：19
  - 正确映射：[ 2  8  0  9  4 18 15 13  6 12 16  3  1 17  5 14 11  7 10]
  - 预测映射：[ 2  8  0  9 15  4 18 13  6 12 16  3  1 17  5 10 14  7 11]
[test_sample_09946] [T1x_rxn5653] ✅ 严格正确 | 原子数：19
[test_sample_09947] [T1x_rxn5654] ✅ 严格正确 | 原子数：19
[test_sample_09948] [T1x_rxn5655] ❌ 错误 | 原子数：19
  - 正确映射：[13 11 17  1 16  3 10  5 15  9 12 18  4  0 14  8  2  6  7]
  - 预测映射：[13 11 17  1 16  3 10  5 15  9 12 18  7  0  4 14  2  6  8]
[test_sample_09949] [T1x_rxn5656] ❌ 错误 | 原子数：19
  - 正确映射：[15 18  1 12 17  2 10  9 14 11  4 16  3  8  6  5  0  7 13]
  - 预测映射：[15 18  1 12 17  2 10  9 14 11  4 16  3  8  6 13  0  5  7]
[test_sample_09950] [T1x_rxn5657] ❌ 错误 | 原子数：19
  - 正确映射：[ 0 10  4  6  5  2 11 18 16  3  8  9 15 17 13 14  7 12  1]
  - 预测映射：[ 0 10  4 11  2  6  5  3 18  8 15 16  1 12  9  7 13 17 14]
[test_sample_09951] [T1x_rxn5658] ✅ 严格正确 | 原子数：19
[test_sample_09952] [T1x_rxn7312] ❌ 错误 | 原子数：19
  - 正确映射：[17  9 18 11  0 16  3 13  7  1  5 14 15  4  2 12  6 10  8]
  - 预测映射：[17 16  9 18 11  0  3  7  6  1 10  5 14 13 15  4 12  2  8]
[test_sample_09953] [T1x_rxn7313] ❌ 错误 | 原子数：19
  - 正确映射：[ 8 11  0 18  7  3 13  9  2  6 14  1  5 10  4 15 12 16 17]
  - 预测映射：[ 8 11  3  7 18  0 13  6  9 14  2 16  4 12 10 15  1  5 17]
[test_sample_09954] [T1x_rxn7314] ❌ 错误 | 原子数：19
  - 正确映射：[ 7  9 14 10  0  8  3 11 15  4 13  2  1 17 12 16  6  5 18]
  - 预测映射：[ 0 10  8  7  9 14  3  6 12 16  5 18 15  4 13 11 17  2  1]
[test_sample_09955] [T1x_rxn7315] ❌ 错误 | 原子数：19
  - 正确映射：[ 5  3  7 18  9 15 12  0  4  6  2 13  8  1 17 16 11 14 10]
  - 预测映射：[ 5  3 12 15  9 18  7  4  0  6  2 10 11 14 16  1  8 17 13]
[test_sample_09956] [T1x_rxn7316] ❌ 错误 | 原子数：19
  - 正确映射：[17  6  8 14  0 10  3 12  2 11  1  5  7  4 13 16 18  9 15]
  - 预测映射：[ 8 14  6  0 10  3 17  7  1  5  4 11 13 16  9 15 18  2 12]
[test_sample_09957] [T1x_rxn7317] ❌ 错误 | 原子数：19
  - 正确映射：[ 8  4  7  1  6 14 15  3  9 11  2  5 13 16 12 17  0 18 10]
  - 预测映射：[14  6  1  8  4 15  7 17 12 18 13 16  3 11  9  0 10  2  5]
[test_sample_09958] [T1x_rxn7318] ❌ 错误 | 原子数：19
  - 正确映射：[ 2 11 15  1  3 14 10  6 17 12  7  0 18  9  8 16  4 13  5]
  - 预测映射：[ 2 11  1  3 14 10 15 17  7  6  9 18  8 16  4 12  5 13  0]
[test_sample_09959] [T1x_rxn7319] ❌ 错误 | 原子数：19
  - 正确映射：[ 1 18  2 13 16  7 15  5 10 14 12  6  0 11  4 17  3  8  9]
  - 预测映射：[ 1 18 15  7 16 13  2 10  5 14 12  9  8  3  4 17 11  0  6]
[test_sample_09960] [T1x_rxn7320] ❌ 错误 | 原子数：19
  - 正确映射：[11 18  8 15  0 17  7 10  4 12 13  5  9  6 14  2  1  3 16]
  - 预测映射：[15  0  7  8 18 11 17  6  9  2  3  1 16  5 13 10 12  4 14]
[test_sample_09961] [T1x_rxn7797] ❌ 错误 | 原子数：19
  - 正确映射：[14 17  4  7 16 18 15 12 10  0  2  5  6  9  8  1  3 11 13]
  - 预测映射：[16 18 14 17  4 15  7  9  8  1  5 12  2 10  6  0 13  3 11]
[test_sample_09962] [T1x_rxn7798] ❌ 错误 | 原子数：19
  - 正确映射：[ 2 14  1  6  0  9 11 16 18 10  7 17 12  5 13  4  3  8 15]
  - 预测映射：[ 2 11 14  1  6  0  9 10 16 18  8  7 12 15 13 17  5  4  3]
[test_sample_09963] [T1x_rxn7799] ❌ 错误 | 原子数：19
  - 正确映射：[ 2  1  3  7  9  4 13 14  6 11  5  0 16 10 15 17  8 18 12]
  - 预测映射：[ 2  1 13  7  9  4  3 11  6 14  5 18 16 12 15  8 17  0 10]
[test_sample_09964] [T1x_rxn7800] ❌ 错误 | 原子数：19
  - 正确映射：[17  9  5 11  3 12 14  7  1 13  8  6 16 18  2  4 15 10  0]
  - 预测映射：[17  9 14 11  3 12  5 13  1  7  0 10 16 15  2  4 18  6  8]
[test_sample_09965] [T1x_rxn7801] ❌ 错误 | 原子数：19
  - 正确映射：[ 8 11 18 17  1 10 12 14  2  4  0  3  5  9  7 13 16 15  6]
  - 预测映射：[ 8 11 12 17 10  1 18  2  4 14  5 15  6 13  9 16  7  0  3]
[test_sample_09966] [T1x_rxn7802] ❌ 错误 | 原子数：19
  - 正确映射：[ 6  9  7 17  0  2 15  4  8  1 18 13 12 10  3  5 14 11 16]
  - 预测映射：[ 6  9 15 17  0  2  7  1 18  4  8 11 16  5 10 14  3 13 12]
[test_sample_09967] [T1x_rxn7803] ❌ 错误 | 原子数：19
  - 正确映射：[10  2  6 18 14  5  9 12  7 17 15  3  0 11  4  8 16 13  1]
  - 预测映射：[ 9  2 10 18 14  5  6 17 15  1  3  7 12 11  0 16  8  4 13]
[test_sample_09968] [T1x_rxn7804] ❌ 错误 | 原子数：19
  - 正确映射：[16  2 11 12 13  0 17 10 14  8 18  7  5  3  9  6  4 15  1]
  - 预测映射：[16  2 11 12  0 13 17 14 10  8  5  7  3  6  4  9  1 18 15]
[test_sample_09969] [T1x_rxn7805] ❌ 错误 | 原子数：19
  - 正确映射：[ 7  6 13  5  1 10  2 14  4 12 15 11 16 18  0  9  3  8 17]
  - 预测映射：[10  5  2  6 13  7  1  9  3  0 18  8 17 11 15 16  4 12 14]
[test_sample_09970] [T1x_rxn7806] ❌ 错误 | 原子数：19
  - 正确映射：[ 7  9  0  6 17  4 18 13 12  1 10  5  2 15  8 16 11  3 14]
  - 预测映射：[ 4  6  0  9 17  7 18 16 11  2  5 15 14 10 13  8  1  3 12]
[test_sample_09971] [T1x_rxn8104] ❌ 错误 | 原子数：19
  - 正确映射：[ 0  3  8  2 10  6  5 12 17  7 11 14  9 15 16  1  4 13 18]
  - 预测映射：[ 0  3  8  2 10  6  5 12 17  7 11 14  9 15 16  1 18  4 13]
[test_sample_09972] [T1x_rxn8105] ❌ 错误 | 原子数：19
  - 正确映射：[13  6 18 12 14 11  2  8  7 15 17  9  5  1 10  3  4  0 16]
  - 预测映射：[13  6 18 12 14 11  2 15  8  7  9  1 17  5  3 10  4  0 16]
[test_sample_09973] [T1x_rxn8106] ❌ 错误 | 原子数：19
  - 正确映射：[ 6 14  4  0 13 18  1 16 15  7  8 12 17  5  2  9 10  3 11]
  - 预测映射：[ 6 14  4  0 13 18  1 15 16  7 12  8  5 17  9  2 11 10  3]
[test_sample_09974] [T1x_rxn8107] ❌ 错误 | 原子数：19
  - 正确映射：[13  5  3 12 18 17 10 15  4 16  2 11  8 14  1  7  9  0  6]
  - 预测映射：[13  5  3 12 17 18 10  4 15 16 11  2 14  8  7  1  6  9  0]
[test_sample_09975] [T1x_rxn9584] ❌ 错误 | 原子数：19
  - 正确映射：[16 10  6 15 14 13 12  8 11 18  1  2  5 17  0  9  7  3  4]
  - 预测映射：[16 10  6 15 14 13 12  8 11 18  1  2  5 17  0  9  7  4  3]
[test_sample_09976] [T1x_rxn9585] ❌ 错误 | 原子数：19
  - 正确映射：[ 9 12 15 18 13  5 11  8  7 16 14 17 10  1  6  3  2  4  0]
  - 预测映射：[ 9 12 15 18 13  5 11  8  7 16 14 10  6 17  2  3  1  4  0]
[test_sample_09977] [T1x_rxn9586] ❌ 错误 | 原子数：19
  - 正确映射：[11 12 13 17 18  1  5  0  3 10  8  7  9 14  2  6  4 16 15]
  - 预测映射：[12 11 17 13  5  1 18 10  0  7 16  3 14  8  9  2 15  4  6]
[test_sample_09978] [T1x_rxn9587] ❌ 错误 | 原子数：19
  - 正确映射：[ 0 16 14  2  3  4  9  1  7 15  8 18 10 17 13 11  5 12  6]
  - 预测映射：[ 0 16 14  2  3  4  9  1 15  8 18  7 13 17 11  6  5 12 10]
[test_sample_09979] [T1x_rxn9824] ❌ 错误 | 原子数：19
  - 正确映射：[17  6  0  7 15 14 16 12 11  9 10 13  8  3 18  2  5  1  4]
  - 预测映射：[17  6 14 15  7  0 16  9 12 13 11  1 18  5  3  2 10  8  4]
[test_sample_09980] [T1x_rxn9825] ❌ 错误 | 原子数：19
  - 正确映射：[ 3 13  1 17  7  0 12  5 11  4  6  2 15  9 14  8 18 10 16]
  - 预测映射：[ 7 17  1 12  0  3 13 14  8  4  9 15 16 10 11 18  5  6  2]
[test_sample_09981] [T1x_rxn9826] ❌ 错误 | 原子数：19
  - 正确映射：[13 14 12  9  8  4 16  6  1 17 15  7  0  2 18 10 11  3  5]
  - 预测映射：[13 14  4  8  9 12 16 17  1  0  6 11 10  3 18  5  7  2 15]
[test_sample_09982] [T1x_rxn9899] ❌ 错误 | 原子数：19
  - 正确映射：[ 8  2 14 17  0  6  4 10 18 13 15  7  3  5 11 12  1 16  9]
  - 预测映射：[ 2  8 14 17  0  6  4 15 10 13  9  7  3 11  1  5 12 18 16]
[test_sample_09983] [T1x_rxn9900] ✅ 严格正确 | 原子数：19
[test_sample_09984] [T1x_rxn9941] ❌ 错误 | 原子数：19
  - 正确映射：[14 15  7 11  4 10  1  0  5  2  8 17  9  6 18 12 16 13  3]
  - 预测映射：[14 15  7 11  4 10  1  0  2  5  8 17  9  6 18 12 16 13  3]
[test_sample_09985] [T1x_rxn9942] ❌ 错误 | 原子数：19
  - 正确映射：[11  1  2  0  8  9 10  3 16  5  7 12 14 15  6 18 17 13  4]
  - 预测映射：[11  1  2  0  8  9 10 16 12  5  3  7 15 18 14  6 13  4 17]
[test_sample_09986] [T1x_rxn10021] ❌ 错误 | 原子数：21
  - 正确映射：[20  4 19  8  1  2 17  6 14  7  3 11 15 12  0  9  5 13 10 18 16]
  - 预测映射：[ 4 19 17  2  1  8 20  7 11  3 15 16 10 13  0  9 18 12 14  6  5]
[test_sample_09987] [T1x_rxn10022] ❌ 错误 | 原子数：21
  - 正确映射：[ 1 20 12 14 16  8 19  5  0  4  2 15  7  6 11  9 18  3 10 17 13]
  - 预测映射：[ 1 19 16 14 12  8 20  0 10  4 13 11 17  9 15  6 18  3  5  7  2]
[test_sample_09988] [T1x_rxn4855] ❌ 错误 | 原子数：21
  - 正确映射：[13 14 18 12  4  5 16 15 20  1  6  9 17 19  7  0  8 11  3  2 10]
  - 预测映射：[13 14 18 12  4  5 16 15 20  1  6  9 17 19  7  0 10 11  3  2  8]
[test_sample_09989] [T1x_rxn4856] ❌ 错误 | 原子数：21
  - 正确映射：[ 7  0 12 14 10 13  4 15  3  9 16  1 18 20  2  5  8  6 17 11 19]
  - 预测映射：[ 0 12  7 10  4 13 14 16  1 20 18  3  9 15 19  8 11 17  6  2  5]
[test_sample_09990] [T1x_rxn4857] ✅ 严格正确 | 原子数：21
[test_sample_09991] [T1x_rxn5889] ❌ 错误 | 原子数：21
  - 正确映射：[ 6  2 14 16 18 12  4  7 13  1 11  9 19 20  5 17 15  0 10  3  8]
  - 预测映射：[14  2 16  6 18  4 12  9 19 11  5 17 20 13  1  7 15  3  8  0 10]
[test_sample_09992] [T1x_rxn5890] ❌ 错误 | 原子数：21
  - 正确映射：[ 4  3  5 11  2  7 18 20 12  8 13  9  1 14 10 15 16 19  0  6 17]
  - 预测映射：[11  3  5  4  2 18  7 10 14 15 13  1  9 20  8 12 16 17  6  0 19]
[test_sample_09993] [T1x_rxn5891] ❌ 错误 | 原子数：21
  - 正确映射：[12  5 17  1 20  0  2  9  7 15  3  4  6 11  8 18 13 16 10 19 14]
  - 预测映射：[12  5  1 17  2 20  0  4 15  3 11  9 13  6  8 18 14  7 16 10 19]
[test_sample_09994] [T1x_rxn5892] ❌ 错误 | 原子数：21
  - 正确映射：[11 20  4  5  8  0  1  2 14 18 10  6 16  9 12 19 17 15  7  3 13]
  - 预测映射：[ 4 20 11  0  8  5  1 16 10  6  2 18 17 15 14  7 13 12 19  3  9]
[test_sample_09995] [T1x_rxn5893] ❌ 错误 | 原子数：21
  - 正确映射：[ 0 14  3 20  8  1 13  5 16 18 12 11  4  6 17  2  9 10 19 15  7]
  - 预测映射：[20 14  3  0  8 13  1  5  6 17 12  2  4 16 18 11  9  7 15 19 10]
[test_sample_09996] [T1x_rxn5894] ❌ 错误 | 原子数：21
  - 正确映射：[19 10 16  1 11  9  0 20  7  8  3 13 18  5  4  2  6 14 12 17 15]
  - 预测映射：[ 9 10 16 19 11  0  1 20 12 14 13 15 18  8  7  3  6 17  2  5  4]
[test_sample_09997] [T1x_rxn7370] ❌ 错误 | 原子数：21
  - 正确映射：[ 1  4 12  0 13 17 10 11  2  6  3  9 14 20 19  8  5 16 18 15  7]
  - 预测映射：[ 1  4 12  0 13 17 10 11  2  6  3 15 20  9 14 19  8 16 18  7  5]
[test_sample_09998] [T1x_rxn7371] ❌ 错误 | 原子数：21
  - 正确映射：[ 1  2 19 12  5 16 15  9 11 10  8 20 17  4  0  6  7 18 13  3 14]
  - 预测映射：[15  2  5 16 19 12  1  8 14 13  9 18  7  6  3  4 17 20 10  0 11]
[test_sample_09999] [T1x_rxn7372] ❌ 错误 | 原子数：21
  - 正确映射：[ 0 19 12 10 18  4  1  3  6 16 14 11  8  5  2 17 15  9  7 20 13]
  - 预测映射：[10 12 19  0 18  4  1 11  8  5 14  3  2  6 16 15 17  9  7 13 20]
[test_sample_10000] [T1x_rxn7373] ❌ 错误 | 原子数：21
  - 正确映射：[ 1  7  9 20 13 16  2 19 15 11 12 14  0 18  6  4  3 10 17  8  5]
  - 预测映射：[20  9 13  2  7 16  1  6  0 18 14 17  8  5  4  3 11 10 12 19 15]
[test_sample_10001] [T1x_rxn7374] ❌ 错误 | 原子数：21
  - 正确映射：[ 7 20  2  5 14  9  0 15  3 16 18 13  8  6 12  1 11 19  4 10 17]
  - 预测映射：[ 0  2 14  9 20  5  7  4 17 10 13 11  1 19  6 12 16  8 18 15  3]
[test_sample_10002] [T1x_rxn7375] ❌ 错误 | 原子数：21
  - 正确映射：[ 0 12 20 15  5 19 17  8  4 14  1 16 18  3 10  6  2  7 11 13  9]
  - 预测映射：[15 20 12  0 19  5 17  3 16 18  7  8  1  4 14  9  2 10 13 11  6]
[test_sample_10003] [T1x_rxn7701] ❌ 错误 | 原子数：21
  - 正确映射：[11 15 13  0 18 19  4  5  8 14 16  6 20  7 10  9  2 12 17  3  1]
  - 预测映射：[ 4 11 15 13  0 18 19  1  3  5  8 14 16 20  6 10  7  9 12 17  2]
[test_sample_10004] [T1x_rxn7702] ❌ 错误 | 原子数：21
  - 正确映射：[20  5 13 10 19  7 14  6  2 17 15  1  8  0  9  3  4 12 16 18 11]
  - 预测映射：[10 19  7 14 20  5 13  9  0  3  4 18 16 12 15 11  6  2 17  8  1]
[test_sample_10005] [T1x_rxn8108] ❌ 错误 | 原子数：21
  - 正确映射：[10  6 18 15  9  0 14  5 12  2 20  7 17 16 13  1 11  3  4  8 19]
  - 预测映射：[10  6  0  9 14 18 15 12 20  1  5  2  7 11 19  4  8  3 13 17 16]
[test_sample_10006] [T1x_rxn8109] ❌ 错误 | 原子数：21
  - 正确映射：[19 10  2  3 12 13 15 18  9 14  7 11  4  5  1  6  0 20  8 16 17]
  - 预测映射：[19 10  2  3 12 13 15 14 18  9  7 11  4  5  1  6  0 20  8 16 17]
[test_sample_10007] [T1x_rxn8110] ❌ 错误 | 原子数：21
  - 正确映射：[ 5 12 14 13 18  6  1 11  8 17  7 19 15  2  4  9 10 20  3  0 16]
  - 预测映射：[ 1  6 12  5 13 14 18 16  3 10  0 19 11 17  8  7 15  2 20  9  4]
[test_sample_10008] [T1x_rxn8111] ✅ 严格正确 | 原子数：21
[test_sample_10009] [T1x_rxn8112] ❌ 错误 | 原子数：21
  - 正确映射：[16 19 20  6  1 15  0  2 18  4 10  9  3 13  5  7 17 12 11 14  8]
  - 预测映射：[ 1 19 20  6 16 15  0  7  3 17 10  9 13  5 18  4  2 12  8 14 11]
[test_sample_10010] [T1x_rxn8113] ❌ 错误 | 原子数：21
  - 正确映射：[ 7  9  4 17  6 16  0  5  8  2 14 15 13 12  3  1 20 18 10 11 19]
  - 预测映射：[ 0 16  4  6 17  9  7 10 19 11 18  3  1 20 15 13 12 14  5  2  8]
[test_sample_10011] [T1x_rxn8114] ❌ 错误 | 原子数：21
  - 正确映射：[ 5  2  1 15  9  6 13  8 11 18 14 16 10 20 12 17  3  4 19  0  7]
  - 预测映射：[ 5  2  1 15  9  6 13  8 11 18 14 16 12 10 20 17  3  4 19  0  7]
[test_sample_10012] [T1x_rxn8115] ✅ 严格正确 | 原子数：21
[test_sample_10013] [T1x_rxn8116] ✅ 严格正确 | 原子数：21
[test_sample_10014] [T1x_rxn8117] ❌ 错误 | 原子数：21
  - 正确映射：[10  6 13  5 15 14 12 11  2  4 16  7  0  9 19 20  1  8 18 17  3]
  - 预测映射：[ 5 15 13 10  6 14 12  0  9 19 16 20 11  2  4  7  1 18  8 17  3]
[test_sample_10015] [T1x_rxn8639] ❌ 错误 | 原子数：21
  - 正确映射：[16  0 17  1  3 14  7 10 11 20  4  6 18  2 12  8 15 19  9  5 13]
  - 预测映射：[16  0  1 17  3 14  7 10 20 11  4  6  2 18  8 12 15  5  9 19 13]
[test_sample_10016] [T1x_rxn8640] ❌ 错误 | 原子数：21
  - 正确映射：[ 9  3 16 15 17  7 13 19  6 12 14  8  2  0  1  5 10 11  4 18 20]
  - 预测映射：[17 15 16  3  9  7 13  1 10  5  0  8  2 14 19 12  6 11 20 18  4]
[test_sample_10017] [T1x_rxn8641] ❌ 错误 | 原子数：21
  - 正确映射：[ 4 20  2 11 12  1  0 15  5 19  9  3  8 16 14 10 18 17  7  6 13]
  - 预测映射：[12 11  0  1  4 20  2 14 10 18 16 13  6 17 15 19  7  9  3  8  5]
[test_sample_10018] [T1x_rxn8642] ❌ 错误 | 原子数：21
  - 正确映射：[ 2 13  7 20 15  9  8 11  4 14 16  6 12 19  1 17  5 10 18  0  3]
  - 预测映射：[ 8  9  7 13  2 20 15  1  0 17  3 18 12 10  4 14 11 19  5  6 16]
[test_sample_10019] [T1x_rxn8643] ❌ 错误 | 原子数：21
  - 正确映射：[15  5 11 10 18 20  9  8 19  7  6  3  2 17 12 14  1  0 13  4 16]
  - 预测映射：[15  5  9 20 18 10 11 19  7  6  0  4  8 13 12 14 16 17  3  2  1]
[test_sample_10020] [T1x_rxn8644] ❌ 错误 | 原子数：21
  - 正确映射：[16  6  9 15  2  8  4 17 19  7 14  3 11 18  0  5  1 12 20 13 10]
  - 预测映射：[16  6  9 15  2  8  4 17 19  7  3 14 11 18  0  5  1 12 20 13 10]
[test_sample_10021] [T1x_rxn9478] ❌ 错误 | 原子数：21
  - 正确映射：[ 0  5  7  8 10 15 17  3 11 13 18  2 12 19 20  9 16  1 14  6  4]
  - 预测映射：[ 8 10 15 17  0  7  5  9 16 20  4  1 14  6 12 19 13  3  2 18 11]
[test_sample_10022] [T1x_rxn9479] ❌ 错误 | 原子数：21
  - 正确映射：[ 5  4 10 15 13 17 16  6 18  2  9 11 14  8 12  1  7 20  0  3 19]
  - 预测映射：[ 5  4 10 16 15 13 17  6  2  7  9 18 14 11  1  8 12  0  3 19 20]
[test_sample_10023] [T1x_rxn9480] ❌ 错误 | 原子数：21
  - 正确映射：[10 14 15 18  3 12  0  1 17 13  2  5 19  6  4 16 20 11  8  7  9]
  - 预测映射：[ 3 18 15 14 10  0 12 20 16  4  1 19  6  5 17  2 13  9  7 11  8]
[test_sample_10024] [T1x_rxn9481] ❌ 错误 | 原子数：21
  - 正确映射：[ 2  9  6  4 12 14 20  0  5  7  8 13 19 15 16  3 18  1 17 11 10]
  - 预测映射：[ 2  9  6  4 20 12 14  7  0  5 13 19 16 15  8  3 11 10 18  1 17]
[test_sample_10025] [T1x_rxn9832] ❌ 错误 | 原子数：21
  - 正确映射：[ 1 15  7  8 18  3  4  6 20 16 19  9  5  2  0 17 13 11 14 10 12]
  - 预测映射：[ 8  7 15  1 18  3  4 11  2  0  9 19  5 20 16  6 17 13 14 12 10]
[test_sample_10026] [T1x_rxn8742] ✅ 严格正确 | 原子数：23
[test_sample_10027] [T1x_rxn8743] ❌ 错误 | 原子数：23
  - 正确映射：[21  0 17 16  8 11  4 13 12 20 18  7 14  9  3 10  6 19 22 15  2  5  1]
  - 预测映射：[21  0 17 11  8 16  4 13 18 14 12  7 20 15 22  6  5 10  3  9  1  2 19]
[test_sample_10028] [T1x_rxn8744] ❌ 错误 | 原子数：23
  - 正确映射：[12 16  5 15  7  4  9 13 18  8 20  6  0 22  3 21 14 17  2  1 19 11 10]
  - 预测映射：[12 16  7  4  5 15  9 13 18 20  8  6 14  1 17 19  0  3  2 22 21 11 10]
[test_sample_10029] [T1x_rxn5020] ❌ 错误 | 原子数：15
  - 正确映射：[10  8  1  3  5 13  9  2  7  4  0 11 12 14  6]
  - 预测映射：[10  8  1  3  5 13  9 11  7  2  4 12  0 14  6]
[test_sample_10030] [T1x_rxn5021] ❌ 错误 | 原子数：15
  - 正确映射：[ 6  3  7  0 13 14  9  8 11 12  4  5  1  2 10]
  - 预测映射：[ 7  3 14  9  6  0 13  5 10  1  4 11  8 12  2]
[test_sample_10031] [T1x_rxn5022] ❌ 错误 | 原子数：15
  - 正确映射：[ 2  9  3 10 12 14  5 11  6  8  7  4  1  0 13]
  - 预测映射：[ 3 10  5  9  2 14 12  4  6  1 11  7 13  8  0]
[test_sample_10032] [T1x_rxn5023] ❌ 错误 | 原子数：15
  - 正确映射：[ 1  0  5 13 14  6  8  4 10  2  9  3 12 11  7]
  - 预测映射：[ 1  0  5 13 14  8  6  4 10  2  9  3 12 11  7]
[test_sample_10033] [T1x_rxn5024] ✅ 严格正确 | 原子数：15
[test_sample_10034] [T1x_rxn5025] ✅ 严格正确 | 原子数：15
[test_sample_10035] [T1x_rxn6152] ✅ 严格正确 | 原子数：15
[test_sample_10036] [T1x_rxn6153] ❌ 错误 | 原子数：15
  - 正确映射：[ 5 13 11  1 12  8  0 10  2  7  3  4  6 14  9]
  - 预测映射：[ 5 13  8  1 12  0 11  7 10  2 14  6  4  9  3]
[test_sample_10037] [T1x_rxn6154] ❌ 错误 | 原子数：15
  - 正确映射：[ 0  3 10  8 13  2 11 12  9  4  7  6 14  1  5]
  - 预测映射：[ 0  3 10  2 13 11  8 12  9  4  7  6 14  1  5]
[test_sample_10038] [T1x_rxn6155] ❌ 错误 | 原子数：15
  - 正确映射：[ 0 10  1  2 12  3  4  5  7 11  6  9 14 13  8]
  - 预测映射：[ 0 10  4 12  2  1  3  7 11  5  8 13  9  6 14]
[test_sample_10039] [T1x_rxn6156] ❌ 错误 | 原子数：15
  - 正确映射：[ 2 11  1  9  7 12 13 10  3 14  4  6  5  0  8]
  - 预测映射：[ 2 11 12  7  9 13  1 14 10  3  0  4  5  8  6]
[test_sample_10040] [T1x_rxn6157] ✅ 严格正确 | 原子数：15
[test_sample_10041] [T1x_rxn6158] ❌ 错误 | 原子数：15
  - 正确映射：[ 9 10  4 11  0 12  2  6  1 14  5  7  3  8 13]
  - 预测映射：[ 9 10  4 11  2 12  0  1  6 14  5  7 13  8  3]
[test_sample_10042] [T1x_rxn6159] ❌ 错误 | 原子数：15
  - 正确映射：[14  1  2  0  8 10  6 12  3 11  7  4  5  9 13]
  - 预测映射：[14  1  2  8  0  6 10 12 11  3  7  5  4 13  9]
[test_sample_10043] [T1x_rxn6568] ❌ 错误 | 原子数：15
  - 正确映射：[ 5  8  9 14  0 12  4  3  7  6 11 13  2  1 10]
  - 预测映射：[ 5  8  9  0 14 12  4  3  7  6 11 13  2  1 10]
[test_sample_10044] [T1x_rxn6569] ❌ 错误 | 原子数：15
  - 正确映射：[ 0  2  6  5 12  1 11  7 14  9 13  3 10  4  8]
  - 预测映射：[ 0  2  5 12  6  1 11 13 14 10  9  4  7  3  8]
[test_sample_10045] [T1x_rxn8696] ❌ 错误 | 原子数：15
  - 正确映射：[10 11  3 14  2  9  8 12  0  4 13  6  1  5  7]
  - 预测映射：[10 11  3  9  2  8 14 12  6  1 13  5  7  0  4]
[test_sample_10046] [T1x_rxn8697] ❌ 错误 | 原子数：15
  - 正确映射：[ 4  7  3  6 14 13  5  9  2 10 12  8  0  1 11]
  - 预测映射：[ 7  4  3  5 14 13  6  9 11  1 12  0  8 10  2]
[test_sample_10047] [T1x_rxn9501] ❌ 错误 | 原子数：15
  - 正确映射：[ 2 11 14  9  4  0  5 13 10  8  3 12  6  7  1]
  - 预测映射：[14  0  5 11  2  9  4 12 10  6 13  3  1  8  7]
[test_sample_10048] [T1x_rxn9659] ❌ 错误 | 原子数：15
  - 正确映射：[ 8 11 13  7 12 14 10  5  6  3  0  1  4  2  9]
  - 预测映射：[ 8 11 10  7 13 12 14  6  5  3  9  1  0  4  2]
[test_sample_10049] [T1x_rxn9722] ❌ 错误 | 原子数：15
  - 正确映射：[ 0 13 10 14  5 12  6  3  2  7  4 11  1  8  9]
  - 预测映射：[10 13  0 12  6 14  5 11  8  4  7  3  2  1  9]
[test_sample_10050] [T1x_rxn9723] ❌ 错误 | 原子数：15
  - 正确映射：[ 3 13  9 14  1 12 11  2 10  0  8  5  7  4  6]
  - 预测映射：[12 14  3 13  9  1 11  7  6 10  0  5  2  8  4]
[test_sample_10051] [T1x_rxn0486] ❌ 错误 | 原子数：8
  - 正确映射：[2 5 6 7 3 1 4 0]
  - 预测映射：[2 5 1 3 7 6 0 4]
[test_sample_10052] [T1x_rxn0487] ✅ 严格正确 | 原子数：8
[test_sample_10053] [T1x_rxn2969] ❌ 错误 | 原子数：8
  - 正确映射：[6 0 7 5 4 2 3 1]
  - 预测映射：[6 0 2 4 5 7 3 1]
[test_sample_10054] [T1x_rxn2970] ✅ 严格正确 | 原子数：8
[test_sample_10055] [T1x_rxn2971] ❌ 错误 | 原子数：8
  - 正确映射：[7 4 1 0 5 3 2 6]
  - 预测映射：[7 4 1 5 0 3 2 6]
[test_sample_10056] [T1x_rxn2972] ✅ 严格正确 | 原子数：8
[test_sample_10057] [T1x_rxn4021] ✅ 严格正确 | 原子数：8
[test_sample_10058] [T1x_rxn4022] ❌ 错误 | 原子数：8
  - 正确映射：[5 2 4 7 0 3 6 1]
  - 预测映射：[5 2 4 7 0 3 1 6]
[test_sample_10059] [T1x_rxn0739] ✅ 严格正确 | 原子数：9
[test_sample_10060] [T1x_rxn0740] ✅ 严格正确 | 原子数：9
[test_sample_10061] [T1x_rxn0741] ❌ 错误 | 原子数：9
  - 正确映射：[4 7 8 6 3 5 0 2 1]
  - 预测映射：[4 7 8 3 6 5 0 2 1]
[test_sample_10062] [T1x_rxn0742] ✅ 严格正确 | 原子数：9
[test_sample_10063] [T1x_rxn0743] ✅ 严格正确 | 原子数：9
[test_sample_10064] [T1x_rxn4427] ✅ 严格正确 | 原子数：8
[test_sample_10065] [T1x_rxn4428] ❌ 错误 | 原子数：8
  - 正确映射：[2 1 7 5 3 4 6 0]
  - 预测映射：[2 1 7 5 4 3 6 0]
[test_sample_10066] [T1x_rxn0007] ❌ 错误 | 原子数：6
  - 正确映射：[0 3 5 1 2 4]
  - 预测映射：[0 3 5 2 1 4]
[test_sample_10067] [T1x_rxn2765] ✅ 严格正确 | 原子数：6
[test_sample_10068] [T1x_rxn2766] ✅ 严格正确 | 原子数：6
[test_sample_10069] [T1x_rxn1913] ✅ 严格正确 | 原子数：7
[test_sample_10070] [T1x_rxn2322] ✅ 严格正确 | 原子数：7
[test_sample_10071] [T1x_rxn2323] ✅ 严格正确 | 原子数：7
[test_sample_10072] [T1x_rxn1929] ✅ 严格正确 | 原子数：6
======================================================================
验证结果统计：
总样本数：10073
有效样本数：10073
正确样本数：2722
严格正确率（索引完全匹配）：2722/10073 (27.02%)
平均最少交换次数：3.33
平均汉明距离：5.22
平均执行时间：0.42 ms
======================================================================

================================================================================
批量验证汇总结果
================================================================================
数据集名称                          严格正确率        平均交换次数       平均汉明距离       平均执行时间(ms)       有效样本数     
-----------------------------------------------------------------------------------------------
t1x_dataset.pkl                       27.02%         3.33         5.22             0.42      10073
===============================================================================================
总体平均                                  27.02%         3.33         5.22             0.42      10073

验证结果已保存到: ../results/inertia_hungarian_validation_results.txt
